9.1789 	DEBUG 	Fullscreen settings ignored as running in pilot mode.
9.1798 	INFO 	Loaded monitor calibration from ['2025_12_08 16:52']
9.9697 	INFO 	Using renderer 'NVIDIA GeForce GTX 1660/PCIe/SSE2' for graphics
9.9697 	INFO 	OpenGL version supported by driver is 4..
10.0131 	EXP 	Created window1 = Window(allowGUI=False, allowStencil=True, autoLog=True, backendConf=UNKNOWN, backgroundFit=<method-wrapper '__getattribute__' of attributeSetter object at 0x7410075521a0>, backgroundImage=<method-wrapper '__getattribute__' of attributeSetter object at 0x741007552140>, bitsMode=UNKNOWN, blendMode='avg', bpc=(8, 8, 8), color=array([0, 0, 0]), colorSpace='rgb', depthBits=8, fullscr=False, gamma=None, gammaErrorPolicy='raise', infoMsg=UNKNOWN, lms=UNKNOWN, monitor=<psychopy.monitors.calibTools.Monitor object at 0x740ffe484370>, multiSample=False, name='window1', numSamples=2, pos=[np.float64(560.0), np.float64(240.0)], screen=0, size=array([800, 600]), stencilBits=8, stereo=False, title='PsychoPy', units='height', useFBO=True, useRetina=False, viewOri=0.0, viewPos=None, viewScale=None, waitBlanking=True, winType='pyglet')
10.0132 	EXP 	window1: backgroundImage = ''
10.0132 	EXP 	window1: backgroundFit = 'none'
10.0491 	DEBUG 	TextBox2 loaded 1 chars with 0 blanks and 1 valid
10.0518 	DEBUG 	TextBox2 loaded 1 chars with 0 blanks and 1 valid
10.0558 	DEBUG 	TextBox2 loaded 1 chars with 0 blanks and 1 valid
10.0592 	DEBUG 	TextBox2 loaded 1 chars with 0 blanks and 1 valid
10.0623 	DEBUG 	TextBox2 loaded 1 chars with 0 blanks and 1 valid
10.0642 	DEBUG 	TextBox2 loaded 1 chars with 0 blanks and 1 valid
10.0668 	DEBUG 	TextBox2 loaded 1 chars with 0 blanks and 1 valid
10.0700 	DEBUG 	TextBox2 loaded 1 chars with 0 blanks and 1 valid
10.0715 	DEBUG 	TextBox2 loaded 1 chars with 0 blanks and 1 valid
10.0734 	DEBUG 	TextBox2 loaded 1 chars with 0 blanks and 1 valid
10.0761 	DEBUG 	TextBox2 loaded 1 chars with 0 blanks and 1 valid
10.0788 	DEBUG 	TextBox2 loaded 1 chars with 0 blanks and 1 valid
10.0813 	DEBUG 	TextBox2 loaded 1 chars with 0 blanks and 1 valid
10.0839 	DEBUG 	TextBox2 loaded 1 chars with 0 blanks and 1 valid
10.0863 	DEBUG 	TextBox2 loaded 1 chars with 0 blanks and 1 valid
10.0891 	DEBUG 	TextBox2 loaded 1 chars with 0 blanks and 1 valid
10.0918 	DEBUG 	TextBox2 loaded 1 chars with 0 blanks and 1 valid
10.0937 	DEBUG 	TextBox2 loaded 1 chars with 0 blanks and 1 valid
10.0956 	DEBUG 	TextBox2 loaded 1 chars with 0 blanks and 1 valid
10.0989 	DEBUG 	TextBox2 loaded 1 chars with 0 blanks and 1 valid
10.1009 	DEBUG 	TextBox2 loaded 1 chars with 0 blanks and 1 valid
10.1019 	DEBUG 	Uploading Texture Font fontname to graphics card
10.1126 	DEBUG 	Upload of Texture Font fontname complete
10.1301 	DEBUG 	TextBox2 loaded 1 chars with 0 blanks and 1 valid
10.1335 	DEBUG 	TextBox2 loaded 1 chars with 0 blanks and 1 valid
10.1366 	DEBUG 	TextBox2 loaded 1 chars with 0 blanks and 1 valid
10.1373 	DEBUG 	Uploading Texture Font fontname to graphics card
10.1453 	DEBUG 	Upload of Texture Font fontname complete
10.1517 	EXP 	window1: Attempting to measure frame rate of screen (0) ...
10.1518 	EXP 	window1: recordFrameIntervals = False
10.3678 	EXP 	window1: recordFrameIntervals = True
10.5513 	EXP 	Screen (0) actual frame rate measured at 60.00Hz
10.5513 	EXP 	window1: recordFrameIntervals = False
10.5602 	DEBUG 	TextBox2 loaded 1 chars with 0 blanks and 1 valid
10.5617 	DEBUG 	TextBox2 loaded 1 chars with 0 blanks and 1 valid
10.5633 	DEBUG 	TextBox2 loaded 1 chars with 0 blanks and 1 valid
10.5652 	DEBUG 	TextBox2 loaded 1 chars with 0 blanks and 1 valid
10.5671 	DEBUG 	TextBox2 loaded 1 chars with 0 blanks and 1 valid
10.5689 	DEBUG 	TextBox2 loaded 1 chars with 0 blanks and 1 valid
10.5700 	DEBUG 	TextBox2 loaded 1 chars with 0 blanks and 1 valid
10.5717 	DEBUG 	TextBox2 loaded 1 chars with 0 blanks and 1 valid
10.5735 	DEBUG 	TextBox2 loaded 1 chars with 0 blanks and 1 valid
10.5752 	DEBUG 	TextBox2 loaded 1 chars with 0 blanks and 1 valid
10.5757 	DEBUG 	Uploading Texture Font fontname to graphics card
10.5771 	DEBUG 	Upload of Texture Font fontname complete
10.6033 	INFO 	keyboard.Keyboard is using ptb backend.
10.6033 	EXP 	misty_module: status = STARTED
10.7161 	EXP 	Created text = TextStim(__class__=<class 'psychopy.visual.text.TextStim'>, alignHoriz=method-wrapper(...), alignText='center', alignVert=method-wrapper(...), anchorHoriz='center', anchorVert='center', antialias=True, autoDraw=False, autoLog=True, bold=False, color=array([1., 1., 1.]), colorSpace='rgb', contrast=1.0, depth=0.0, draggable=False, flipHoriz=False, flipVert=False, font='Arial', fontFiles=[], height=np.float64(0.05), italic=False, languageStyle='LTR', name='text', opacity=1, ori=0.0, pos=array([0., 0.]), rgb=UNKNOWN, text=str(...), units='height', win=Window(...), wrapWidth=1)
10.8441 	EXP 	Created intstructs = TextStim(__class__=<class 'psychopy.visual.text.TextStim'>, alignHoriz=method-wrapper(...), alignText='center', alignVert=method-wrapper(...), anchorHoriz='center', anchorVert='center', antialias=True, autoDraw=False, autoLog=True, bold=False, color=array([1., 1., 1.]), colorSpace='rgb', contrast=1.0, depth=0.0, draggable=False, flipHoriz=False, flipVert=False, font='Arial', fontFiles=[], height=np.float64(0.05), italic=False, languageStyle='LTR', name='intstructs', opacity=1, ori=0.0, pos=array([0., 0.]), rgb=UNKNOWN, text=str(...), units='height', win=Window(...), wrapWidth=1)
10.8531 	EXP 	Created fix = TextStim(__class__=<class 'psychopy.visual.text.TextStim'>, alignHoriz=method-wrapper(...), alignText='center', alignVert=method-wrapper(...), anchorHoriz='center', anchorVert='center', antialias=True, autoDraw=False, autoLog=True, bold=False, color=array([1., 1., 1.]), colorSpace='rgb', contrast=1.0, depth=-1.0, draggable=False, flipHoriz=False, flipVert=False, font='Open Sans', fontFiles=[], height=np.float64(0.1), italic=False, languageStyle='LTR', name='fix', opacity=1, ori=0.0, pos=array([0., 0.]), rgb=UNKNOWN, text='+', units='height', win=Window(...), wrapWidth=1)
10.8988 	EXP 	Created prog_3 = Progress(__class__=<class 'psychopy.visual.progress.Progress'>, anchor=('left', 'top'), autoDraw=False, autoLog=True, closeShape=True, color=method-wrapper(...), colorSpace='rgb', contrast=None, depth=-1, draggable=False, fillColor=array([-1.    ,  0.5373, -1.    ]), fillColorSpace='rgb', fillRGB=array([-1.    ,  0.5373, -1.    ]), interpolate=True, lineColor=array([1., 1., 1.]), lineColorSpace='rgb', lineRGB=array([1, 1, 1]), lineWidth=4.0, name='prog_3', opacity=1.0, ori=0.0, pos=array([-0.5,  0.5]), size=array([1. , 0.1]), units='norm', vertices=ndarray(...), win=Window(...), windingRule=None)
10.9040 	EXP 	Created prog_3Bar = ShapeStim(__class__=<class 'psychopy.visual.shape.ShapeStim'>, anchor=('left', 'top'), autoDraw=False, autoLog=True, closeShape=True, color=method-wrapper(...), colorSpace='rgb', contrast=None, depth=-1, draggable=False, fillColor=array([ 1., -1., -1.]), fillColorSpace='rgb', fillRGB=array([ 1., -1., -1.]), interpolate=True, lineColor=array([0., 0., 0.]), lineColorSpace='rgb', lineRGB=array([0, 0, 0]), lineWidth=1.5, name='prog_3Bar', opacity=1.0, ori=0.0, pos=array([-0.5,  0.5]), size=array([1. , 0.1]), units='norm', vertices=ndarray(...), win=Window(...), windingRule=None)
10.9076 	EXP 	Created greenbar_3 = Rect(__class__=<class 'psychopy.visual.rect.Rect'>, anchor=('left', 'center'), autoDraw=False, autoLog=True, closeShape=True, color=method-wrapper(...), colorSpace='rgb', contrast=None, depth=-2.0, draggable=False, fillColor=array([-1.    ,  0.0039, -1.    ]), fillColorSpace='rgb', fillRGB=array([-1.    ,  0.0039, -1.    ]), interpolate=True, lineColor=array([1., 1., 1.]), lineColorSpace='rgb', lineRGB=array([1, 1, 1]), lineWidth=1.0, name='greenbar_3', opacity=1, ori=0.0, pos=array([0.33333333, 0.7       ]), size=array([0.66666667, 0.1       ]), units='norm', vertices=ndarray(...), win=Window(...))
10.9103 	EXP 	Created yellowbar_3 = Rect(__class__=<class 'psychopy.visual.rect.Rect'>, anchor=('left', 'center'), autoDraw=False, autoLog=True, closeShape=True, color=method-wrapper(...), colorSpace='rgb', contrast=None, depth=-3.0, draggable=False, fillColor=array([ 1.,  1., -1.]), fillColorSpace='rgb', fillRGB=array([ 1.,  1., -1.]), interpolate=True, lineColor=array([1., 1., 1.]), lineColorSpace='rgb', lineRGB=array([1, 1, 1]), lineWidth=1.0, name='yellowbar_3', opacity=1, ori=0.0, pos=array([-0.33333333,  0.7       ]), size=array([0.66666667, 0.1       ]), units='norm', vertices=ndarray(...), win=Window(...))
10.9130 	EXP 	Created redbar_3 = Rect(__class__=<class 'psychopy.visual.rect.Rect'>, anchor=('left', 'center'), autoDraw=False, autoLog=True, closeShape=True, color=method-wrapper(...), colorSpace='rgb', contrast=None, depth=-4.0, draggable=False, fillColor=array([ 1., -1., -1.]), fillColorSpace='rgb', fillRGB=array([ 1., -1., -1.]), interpolate=True, lineColor=array([1., 1., 1.]), lineColorSpace='rgb', lineRGB=array([1, 1, 1]), lineWidth=1.0, name='redbar_3', opacity=1, ori=0.0, pos=array([-1. ,  0.7]), size=array([0.66666667, 0.1       ]), units='norm', vertices=ndarray(...), win=Window(...))
10.9162 	EXP 	Created arrow_3 = ShapeStim(__class__=<class 'psychopy.visual.shape.ShapeStim'>, anchor=('center', 'center'), autoDraw=False, autoLog=True, closeShape=True, color=method-wrapper(...), colorSpace='rgb', contrast=None, depth=-5.0, draggable=False, fillColor=array([1, 1, 1]), fillColorSpace='rgb', fillRGB=array([1, 1, 1]), interpolate=True, lineColor=array([1., 1., 1.]), lineColorSpace='rgb', lineRGB=array([1, 1, 1]), lineWidth=1.0, name='arrow_3', opacity=1, ori=0.0, pos=array([0., 0.]), size=array([0.05, 0.05]), units='norm', vertices=ndarray(...), win=Window(...), windingRule=None)
10.9192 	WARNING 	Font b'Arial' was requested. No similar font found.
10.9258 	WARNING 	Font b'Arial' was requested. No similar font found.
10.9286 	DEBUG 	TextBox2 loaded 1 chars with 0 blanks and 1 valid
10.9300 	DEBUG 	TextBox2 loaded 1 chars with 0 blanks and 1 valid
10.9314 	DEBUG 	TextBox2 loaded 1 chars with 0 blanks and 1 valid
10.9326 	DEBUG 	TextBox2 loaded 1 chars with 0 blanks and 1 valid
10.9332 	DEBUG 	TextBox2 loaded 1 chars with 0 blanks and 1 valid
10.9338 	DEBUG 	TextBox2 loaded 1 chars with 0 blanks and 1 valid
10.9352 	DEBUG 	TextBox2 loaded 1 chars with 0 blanks and 1 valid
10.9362 	DEBUG 	TextBox2 loaded 1 chars with 0 blanks and 1 valid
10.9369 	DEBUG 	TextBox2 loaded 1 chars with 0 blanks and 1 valid
10.9372 	DEBUG 	Uploading Texture Font fontname to graphics card
10.9425 	DEBUG 	Upload of Texture Font fontname complete
11.0533 	DEBUG 	TextBox2 loaded 1 chars with 0 blanks and 1 valid
11.0538 	DEBUG 	Uploading Texture Font fontname to graphics card
11.0556 	DEBUG 	Upload of Texture Font fontname complete
11.0644 	DEBUG 	TextBox2 loaded 1 chars with 0 blanks and 1 valid
11.0659 	DEBUG 	TextBox2 loaded 1 chars with 0 blanks and 1 valid
11.0671 	DEBUG 	TextBox2 loaded 1 chars with 0 blanks and 1 valid
11.0681 	DEBUG 	TextBox2 loaded 1 chars with 0 blanks and 1 valid
11.0690 	DEBUG 	TextBox2 loaded 1 chars with 0 blanks and 1 valid
11.0699 	DEBUG 	TextBox2 loaded 1 chars with 0 blanks and 1 valid
11.0710 	DEBUG 	TextBox2 loaded 1 chars with 0 blanks and 1 valid
11.0719 	DEBUG 	TextBox2 loaded 1 chars with 0 blanks and 1 valid
11.0729 	DEBUG 	TextBox2 loaded 1 chars with 0 blanks and 1 valid
11.0739 	DEBUG 	TextBox2 loaded 1 chars with 0 blanks and 1 valid
11.0742 	DEBUG 	Uploading Texture Font fontname to graphics card
11.0753 	DEBUG 	Upload of Texture Font fontname complete
11.0820 	DEBUG 	TextBox2 loaded 1 chars with 0 blanks and 1 valid
11.0822 	DEBUG 	Uploading Texture Font fontname to graphics card
11.0870 	DEBUG 	Upload of Texture Font fontname complete
11.0998 	DEBUG 	TextBox2 loaded 1 chars with 0 blanks and 1 valid
11.1000 	DEBUG 	Uploading Texture Font fontname to graphics card
11.1011 	DEBUG 	Upload of Texture Font fontname complete
11.1138 	DEBUG 	TextBox2 loaded 1 chars with 0 blanks and 1 valid
11.1140 	DEBUG 	Uploading Texture Font fontname to graphics card
11.1151 	DEBUG 	Upload of Texture Font fontname complete
11.1277 	DEBUG 	TextBox2 loaded 1 chars with 0 blanks and 1 valid
11.1280 	DEBUG 	Uploading Texture Font fontname to graphics card
11.1291 	DEBUG 	Upload of Texture Font fontname complete
11.1417 	DEBUG 	TextBox2 loaded 1 chars with 0 blanks and 1 valid
11.1420 	DEBUG 	Uploading Texture Font fontname to graphics card
11.1430 	DEBUG 	Upload of Texture Font fontname complete
11.1556 	DEBUG 	TextBox2 loaded 1 chars with 0 blanks and 1 valid
11.1559 	DEBUG 	Uploading Texture Font fontname to graphics card
11.1569 	DEBUG 	Upload of Texture Font fontname complete
11.1695 	DEBUG 	TextBox2 loaded 1 chars with 0 blanks and 1 valid
11.1698 	DEBUG 	Uploading Texture Font fontname to graphics card
11.1709 	DEBUG 	Upload of Texture Font fontname complete
11.1835 	DEBUG 	TextBox2 loaded 1 chars with 0 blanks and 1 valid
11.1837 	DEBUG 	Uploading Texture Font fontname to graphics card
11.1848 	DEBUG 	Upload of Texture Font fontname complete
11.1975 	DEBUG 	TextBox2 loaded 1 chars with 0 blanks and 1 valid
11.1978 	DEBUG 	Uploading Texture Font fontname to graphics card
11.1989 	DEBUG 	Upload of Texture Font fontname complete
11.2635 	EXP 	Created slider_3 = Slider(__class__=<class 'psychopy.visual.slider.Slider'>, autoDraw=False, autoLog=True, borderColor=None, color=None, colorSpace='rgb', depth=-7, fillColor=None, flip=False, font='Noto Sans', granularity=1, labelColor=None, labelHeight=np.float64(0.05), labelWrapWidth=None, labels=(0, 1, 2, 3, 4, 5, 6, 7, 8, 9), lineColor=None, markerColor=None, name='slider_3', opacity=None, ori=0.0, pos=array([ 0. , -0.4]), readOnly=False, self=UNKNOWN, size=array([1. , 0.1]), startValue=None, style='choice', styleTweaks=[], ticks=array([0, 1, 2, 3, 4, 5, 6, 7, 8, 9]), units='norm', win=Window(...))
11.2663 	WARNING 	Font b'Arial' was requested. No similar font found.
11.2716 	WARNING 	Font b'Arial' was requested. No similar font found.
11.2767 	EXP 	Created fix = TextStim(__class__=<class 'psychopy.visual.text.TextStim'>, alignHoriz=method-wrapper(...), alignText='center', alignVert=method-wrapper(...), anchorHoriz='center', anchorVert='center', antialias=True, autoDraw=False, autoLog=True, bold=False, color=array([1., 1., 1.]), colorSpace='rgb', contrast=1.0, depth=-1.0, draggable=False, flipHoriz=False, flipVert=False, font='Open Sans', fontFiles=[], height=np.float64(0.1), italic=False, languageStyle='LTR', name='fix', opacity=1, ori=0.0, pos=array([0., 0.]), rgb=UNKNOWN, text='+', units='height', win=Window(...), wrapWidth=1)
11.2791 	EXP 	Created prog_2 = Progress(__class__=<class 'psychopy.visual.progress.Progress'>, anchor=('left', 'top'), autoDraw=False, autoLog=True, closeShape=True, color=method-wrapper(...), colorSpace='rgb', contrast=None, depth=-1, draggable=False, fillColor=array([-1.    ,  0.5373, -1.    ]), fillColorSpace='rgb', fillRGB=array([-1.    ,  0.5373, -1.    ]), interpolate=True, lineColor=array([1., 1., 1.]), lineColorSpace='rgb', lineRGB=array([1, 1, 1]), lineWidth=4.0, name='prog_2', opacity=1.0, ori=0.0, pos=array([-0.5,  0.5]), size=array([1. , 0.1]), units='norm', vertices=ndarray(...), win=Window(...), windingRule=None)
11.2813 	EXP 	Created prog_2Bar = ShapeStim(__class__=<class 'psychopy.visual.shape.ShapeStim'>, anchor=('left', 'top'), autoDraw=False, autoLog=True, closeShape=True, color=method-wrapper(...), colorSpace='rgb', contrast=None, depth=-1, draggable=False, fillColor=array([ 1., -1., -1.]), fillColorSpace='rgb', fillRGB=array([ 1., -1., -1.]), interpolate=True, lineColor=array([0., 0., 0.]), lineColorSpace='rgb', lineRGB=array([0, 0, 0]), lineWidth=1.5, name='prog_2Bar', opacity=1.0, ori=0.0, pos=array([-0.5,  0.5]), size=array([1. , 0.1]), units='norm', vertices=ndarray(...), win=Window(...), windingRule=None)
11.2834 	EXP 	Created greenbar_2 = Rect(__class__=<class 'psychopy.visual.rect.Rect'>, anchor=('left', 'center'), autoDraw=False, autoLog=True, closeShape=True, color=method-wrapper(...), colorSpace='rgb', contrast=None, depth=-2.0, draggable=False, fillColor=array([-1.    ,  0.0039, -1.    ]), fillColorSpace='rgb', fillRGB=array([-1.    ,  0.0039, -1.    ]), interpolate=True, lineColor=array([1., 1., 1.]), lineColorSpace='rgb', lineRGB=array([1, 1, 1]), lineWidth=1.0, name='greenbar_2', opacity=1, ori=0.0, pos=array([0.33333333, 0.7       ]), size=array([0.66666667, 0.1       ]), units='norm', vertices=ndarray(...), win=Window(...))
11.2853 	EXP 	Created yellowbar_2 = Rect(__class__=<class 'psychopy.visual.rect.Rect'>, anchor=('left', 'center'), autoDraw=False, autoLog=True, closeShape=True, color=method-wrapper(...), colorSpace='rgb', contrast=None, depth=-3.0, draggable=False, fillColor=array([ 1.,  1., -1.]), fillColorSpace='rgb', fillRGB=array([ 1.,  1., -1.]), interpolate=True, lineColor=array([1., 1., 1.]), lineColorSpace='rgb', lineRGB=array([1, 1, 1]), lineWidth=1.0, name='yellowbar_2', opacity=1, ori=0.0, pos=array([-0.33333333,  0.7       ]), size=array([0.66666667, 0.1       ]), units='norm', vertices=ndarray(...), win=Window(...))
11.2874 	EXP 	Created redbar_2 = Rect(__class__=<class 'psychopy.visual.rect.Rect'>, anchor=('left', 'center'), autoDraw=False, autoLog=True, closeShape=True, color=method-wrapper(...), colorSpace='rgb', contrast=None, depth=-4.0, draggable=False, fillColor=array([ 1., -1., -1.]), fillColorSpace='rgb', fillRGB=array([ 1., -1., -1.]), interpolate=True, lineColor=array([1., 1., 1.]), lineColorSpace='rgb', lineRGB=array([1, 1, 1]), lineWidth=1.0, name='redbar_2', opacity=1, ori=0.0, pos=array([-1. ,  0.7]), size=array([0.66666667, 0.1       ]), units='norm', vertices=ndarray(...), win=Window(...))
11.2897 	EXP 	Created arrow_2 = ShapeStim(__class__=<class 'psychopy.visual.shape.ShapeStim'>, anchor=('center', 'center'), autoDraw=False, autoLog=True, closeShape=True, color=method-wrapper(...), colorSpace='rgb', contrast=None, depth=-5.0, draggable=False, fillColor=array([1, 1, 1]), fillColorSpace='rgb', fillRGB=array([1, 1, 1]), interpolate=True, lineColor=array([1., 1., 1.]), lineColorSpace='rgb', lineRGB=array([1, 1, 1]), lineWidth=1.0, name='arrow_2', opacity=1, ori=0.0, pos=array([0., 0.]), size=array([0.05, 0.05]), units='norm', vertices=ndarray(...), win=Window(...), windingRule=None)
11.2937 	WARNING 	Font b'Arial' was requested. No similar font found.
11.2990 	WARNING 	Font b'Arial' was requested. No similar font found.
11.4848 	EXP 	Created slider_2 = Slider(__class__=<class 'psychopy.visual.slider.Slider'>, autoDraw=False, autoLog=True, borderColor=None, color=None, colorSpace='rgb', depth=-7, fillColor=None, flip=False, font='Noto Sans', granularity=1, labelColor=None, labelHeight=np.float64(0.05), labelWrapWidth=None, labels=(0, 1, 2, 3, 4, 5, 6, 7, 8, 9), lineColor=None, markerColor=None, name='slider_2', opacity=None, ori=0.0, pos=array([ 0. , -0.4]), readOnly=False, self=UNKNOWN, size=array([1. , 0.1]), startValue=None, style='choice', styleTweaks=[], ticks=array([0, 1, 2, 3, 4, 5, 6, 7, 8, 9]), units='norm', win=Window(...))
11.4880 	WARNING 	Font b'Arial' was requested. No similar font found.
11.4935 	WARNING 	Font b'Arial' was requested. No similar font found.
11.4989 	EXP 	Created fix = TextStim(__class__=<class 'psychopy.visual.text.TextStim'>, alignHoriz=method-wrapper(...), alignText='center', alignVert=method-wrapper(...), anchorHoriz='center', anchorVert='center', antialias=True, autoDraw=False, autoLog=True, bold=False, color=array([1., 1., 1.]), colorSpace='rgb', contrast=1.0, depth=-1.0, draggable=False, flipHoriz=False, flipVert=False, font='Open Sans', fontFiles=[], height=np.float64(0.1), italic=False, languageStyle='LTR', name='fix', opacity=1, ori=0.0, pos=array([0., 0.]), rgb=UNKNOWN, text='+', units='height', win=Window(...), wrapWidth=1)
11.5014 	EXP 	Created prog = Progress(__class__=<class 'psychopy.visual.progress.Progress'>, anchor=('left', 'top'), autoDraw=False, autoLog=True, closeShape=True, color=method-wrapper(...), colorSpace='rgb', contrast=None, depth=-1, draggable=False, fillColor=array([-1.    ,  0.5373, -1.    ]), fillColorSpace='rgb', fillRGB=array([-1.    ,  0.5373, -1.    ]), interpolate=True, lineColor=array([1., 1., 1.]), lineColorSpace='rgb', lineRGB=array([1, 1, 1]), lineWidth=4.0, name='prog', opacity=1.0, ori=0.0, pos=array([-0.5,  0.5]), size=array([1. , 0.1]), units='norm', vertices=ndarray(...), win=Window(...), windingRule=None)
11.5036 	EXP 	Created progBar = ShapeStim(__class__=<class 'psychopy.visual.shape.ShapeStim'>, anchor=('left', 'top'), autoDraw=False, autoLog=True, closeShape=True, color=method-wrapper(...), colorSpace='rgb', contrast=None, depth=-1, draggable=False, fillColor=array([ 1., -1., -1.]), fillColorSpace='rgb', fillRGB=array([ 1., -1., -1.]), interpolate=True, lineColor=array([0., 0., 0.]), lineColorSpace='rgb', lineRGB=array([0, 0, 0]), lineWidth=1.5, name='progBar', opacity=1.0, ori=0.0, pos=array([-0.5,  0.5]), size=array([1. , 0.1]), units='norm', vertices=ndarray(...), win=Window(...), windingRule=None)
11.5056 	EXP 	Created greenbar = Rect(__class__=<class 'psychopy.visual.rect.Rect'>, anchor=('left', 'center'), autoDraw=False, autoLog=True, closeShape=True, color=method-wrapper(...), colorSpace='rgb', contrast=None, depth=-2.0, draggable=False, fillColor=array([-1.    ,  0.0039, -1.    ]), fillColorSpace='rgb', fillRGB=array([-1.    ,  0.0039, -1.    ]), interpolate=True, lineColor=array([1., 1., 1.]), lineColorSpace='rgb', lineRGB=array([1, 1, 1]), lineWidth=1.0, name='greenbar', opacity=1, ori=0.0, pos=array([0.33333333, 0.7       ]), size=array([0.66666667, 0.1       ]), units='norm', vertices=ndarray(...), win=Window(...))
11.5075 	EXP 	Created yellowbar = Rect(__class__=<class 'psychopy.visual.rect.Rect'>, anchor=('left', 'center'), autoDraw=False, autoLog=True, closeShape=True, color=method-wrapper(...), colorSpace='rgb', contrast=None, depth=-3.0, draggable=False, fillColor=array([ 1.,  1., -1.]), fillColorSpace='rgb', fillRGB=array([ 1.,  1., -1.]), interpolate=True, lineColor=array([1., 1., 1.]), lineColorSpace='rgb', lineRGB=array([1, 1, 1]), lineWidth=1.0, name='yellowbar', opacity=1, ori=0.0, pos=array([-0.33333333,  0.7       ]), size=array([0.66666667, 0.1       ]), units='norm', vertices=ndarray(...), win=Window(...))
11.5093 	EXP 	Created redbar = Rect(__class__=<class 'psychopy.visual.rect.Rect'>, anchor=('left', 'center'), autoDraw=False, autoLog=True, closeShape=True, color=method-wrapper(...), colorSpace='rgb', contrast=None, depth=-4.0, draggable=False, fillColor=array([ 1., -1., -1.]), fillColorSpace='rgb', fillRGB=array([ 1., -1., -1.]), interpolate=True, lineColor=array([1., 1., 1.]), lineColorSpace='rgb', lineRGB=array([1, 1, 1]), lineWidth=1.0, name='redbar', opacity=1, ori=0.0, pos=array([-1. ,  0.7]), size=array([0.66666667, 0.1       ]), units='norm', vertices=ndarray(...), win=Window(...))
11.5116 	EXP 	Created arrow = ShapeStim(__class__=<class 'psychopy.visual.shape.ShapeStim'>, anchor=('center', 'center'), autoDraw=False, autoLog=True, closeShape=True, color=method-wrapper(...), colorSpace='rgb', contrast=None, depth=-5.0, draggable=False, fillColor=array([1, 1, 1]), fillColorSpace='rgb', fillRGB=array([1, 1, 1]), interpolate=True, lineColor=array([1., 1., 1.]), lineColorSpace='rgb', lineRGB=array([1, 1, 1]), lineWidth=1.0, name='arrow', opacity=1, ori=0.0, pos=array([0., 0.]), size=array([0.05, 0.05]), units='norm', vertices=ndarray(...), win=Window(...), windingRule=None)
11.5143 	WARNING 	Font b'Arial' was requested. No similar font found.
11.5196 	WARNING 	Font b'Arial' was requested. No similar font found.
11.7021 	EXP 	Created slider = Slider(__class__=<class 'psychopy.visual.slider.Slider'>, autoDraw=False, autoLog=True, borderColor=None, color=None, colorSpace='rgb', depth=-7, fillColor=None, flip=False, font='Noto Sans', granularity=1, labelColor=None, labelHeight=np.float64(0.05), labelWrapWidth=None, labels=(0, 1, 2, 3, 4, 5, 6, 7, 8, 9), lineColor=None, markerColor=None, name='slider', opacity=None, ori=0.0, pos=array([ 0. , -0.4]), readOnly=False, self=UNKNOWN, size=array([1. , 0.1]), startValue=None, style='choice', styleTweaks=[], ticks=array([0, 1, 2, 3, 4, 5, 6, 7, 8, 9]), units='norm', win=Window(...))
11.7049 	WARNING 	Font b'Arial' was requested. No similar font found.
11.7105 	WARNING 	Font b'Arial' was requested. No similar font found.
0.0045 	EXP 	prog_3: direction = 'horizontal'
0.0045 	EXP 	prog_3: progress = 0.0
0.0045 	EXP 	textbox_4: autoLog = True
0.0045 	EXP 	slider_3: autoLog = True
0.0045 	EXP 	slider_3: styleTweaks = []
0.0045 	EXP 	slider_3: styleTweaks = []
0.0045 	EXP 	slider_3: styleTweaks = []
0.0045 	EXP 	slider_3: styleTweaks = []
0.0045 	EXP 	slider_3: contrast = 1.0
0.0045 	EXP 	slider_3: markerPos = None
0.0045 	EXP 	slider_3: autoLog = True
0.0045 	EXP 	textbox_2: autoLog = True
0.0045 	EXP 	prog_2: direction = 'horizontal'
0.0045 	EXP 	prog_2: progress = 0.0
0.0045 	EXP 	textbox_3: autoLog = True
0.0045 	EXP 	slider_2: autoLog = True
0.0045 	EXP 	slider_2: styleTweaks = []
0.0045 	EXP 	slider_2: styleTweaks = []
0.0045 	EXP 	slider_2: styleTweaks = []
0.0045 	EXP 	slider_2: styleTweaks = []
0.0045 	EXP 	slider_2: contrast = 1.0
0.0045 	EXP 	slider_2: markerPos = None
0.0045 	EXP 	slider_2: autoLog = True
0.0045 	EXP 	textbox_2: autoLog = True
0.0045 	EXP 	prog: direction = 'horizontal'
0.0045 	EXP 	prog: progress = 0.0
0.0045 	EXP 	textbox: autoLog = True
0.0045 	EXP 	slider: autoLog = True
0.0045 	EXP 	slider: styleTweaks = []
0.0045 	EXP 	slider: styleTweaks = []
0.0045 	EXP 	slider: styleTweaks = []
0.0045 	EXP 	slider: styleTweaks = []
0.0045 	EXP 	slider: contrast = 1.0
0.0045 	EXP 	slider: markerPos = None
0.0045 	EXP 	slider: autoLog = True
0.0045 	EXP 	textbox_2: autoLog = True
0.0212 	INFO 	Keyboard events cleared
0.0211 	EXP 	text: autoDraw = True
1.5234 	EXP 	Device response: <KeyPress from None: t=1.5080690383911133, value=space, duration=None>
1.5241 	DATA 	Keypress: space
1.6067 	EXP 	Device response: <KeyPress from None: t=1.5080690383911133, value=space, duration=0.09459614753723145>
3.9733 	EXP 	Device response: <KeyPress from None: t=3.961205244064331, value=l, duration=None>
3.9737 	DATA 	Keypress: l
3.9878 	INFO 	Keyboard events cleared
3.9877 	EXP 	text: autoDraw = False
3.9877 	EXP 	intstructs: autoDraw = True
4.0733 	EXP 	Device response: <KeyPress from None: t=3.961205244064331, value=l, duration=0.09860920906066895>
6.0734 	EXP 	Device response: <KeyPress from None: t=6.072181940078735, value=space, duration=None>
6.0737 	DATA 	Keypress: space
6.2249 	EXP 	New trial (rep=0, index=0): <Trial 0 (0 in rep 0) data={'thisN': 0, 'thisTrialN': 0, 'thisRepN': 0}>
6.2255 	EXP 	Device response: <KeyPress from None: t=6.072181940078735, value=space, duration=0.09165644645690918>
6.2366 	EXP 	intstructs: autoDraw = False
6.2366 	EXP 	fix: autoDraw = True
6.6055 	DEBUG 	Saving data for misty_module ExperimentHandler
6.6062 	INFO 	saved data to /home/hackerman/misty_py/data/pilot_misty_module_2026-01-29_17h31.30.865.psydat
6.6066 	INFO 	saved data to '/home/hackerman/misty_py/data/pilot_misty_module_2026-01-29_17h31.30.865.csv'
7.0315 	WARNING 	Stopping key buffers but this could be dangerous ifother keyboards rely on the same.
