10.4525 	WARNING 	Font Manager failed to load file /System/Library/PrivateFrameworks/FontServices.framework/Resources/Reserved/PingFangUI.ttc
10.5030 	WARNING 	Font Manager failed to load file /System/Library/PrivateFrameworks/FontServices.framework/Resources/Reserved/PingFangUI.ttc
12.0527 	DEBUG 	Fullscreen settings ignored as running in pilot mode.
12.0537 	INFO 	Loaded monitor calibration from ['2026_01_21 12:15']
12.1603 	INFO 	Using renderer 'Apple M4' for graphics
12.1603 	INFO 	OpenGL version supported by driver is 2..
12.1802 	EXP 	Created window1 = Window(allowGUI=False, allowStencil=True, autoLog=True, backendConf=UNKNOWN, backgroundFit=<method-wrapper '__getattribute__' of attributeSetter object at 0x176cfd7e0>, backgroundImage=<method-wrapper '__getattribute__' of attributeSetter object at 0x176cfd780>, bitsMode=UNKNOWN, blendMode='avg', bpc=(8, 8, 8), color=array([0, 0, 0]), colorSpace='rgb', depthBits=8, fullscr=False, gamma=None, gammaErrorPolicy='raise', infoMsg=UNKNOWN, lms=UNKNOWN, monitor=<psychopy.monitors.calibTools.Monitor object at 0x17723f910>, multiSample=False, name='window1', numSamples=2, pos=[np.float64(335.0), np.float64(178.0)], screen=0, size=array([1600, 1200]), stencilBits=8, stereo=False, title='PsychoPy', units='height', useFBO=True, useRetina=True, viewOri=0.0, viewPos=None, viewScale=None, waitBlanking=True, winType='pyglet')
12.1802 	EXP 	window1: backgroundImage = ''
12.1802 	EXP 	window1: backgroundFit = 'none'
12.1949 	DEBUG 	TextBox2 loaded 1 chars with 0 blanks and 1 valid
12.2030 	DEBUG 	TextBox2 loaded 1 chars with 0 blanks and 1 valid
12.2111 	DEBUG 	TextBox2 loaded 1 chars with 0 blanks and 1 valid
12.2194 	DEBUG 	TextBox2 loaded 1 chars with 0 blanks and 1 valid
12.2276 	DEBUG 	TextBox2 loaded 1 chars with 0 blanks and 1 valid
12.2356 	DEBUG 	TextBox2 loaded 1 chars with 0 blanks and 1 valid
12.2438 	DEBUG 	TextBox2 loaded 1 chars with 0 blanks and 1 valid
12.2520 	DEBUG 	TextBox2 loaded 1 chars with 0 blanks and 1 valid
12.2600 	DEBUG 	TextBox2 loaded 1 chars with 0 blanks and 1 valid
12.2679 	DEBUG 	TextBox2 loaded 1 chars with 0 blanks and 1 valid
12.2761 	DEBUG 	TextBox2 loaded 1 chars with 0 blanks and 1 valid
12.2842 	DEBUG 	TextBox2 loaded 1 chars with 0 blanks and 1 valid
12.2924 	DEBUG 	TextBox2 loaded 1 chars with 0 blanks and 1 valid
12.3005 	DEBUG 	TextBox2 loaded 1 chars with 0 blanks and 1 valid
12.3087 	DEBUG 	TextBox2 loaded 1 chars with 0 blanks and 1 valid
12.3169 	DEBUG 	TextBox2 loaded 1 chars with 0 blanks and 1 valid
12.3251 	DEBUG 	TextBox2 loaded 1 chars with 0 blanks and 1 valid
12.3331 	DEBUG 	TextBox2 loaded 1 chars with 0 blanks and 1 valid
12.3411 	DEBUG 	TextBox2 loaded 1 chars with 0 blanks and 1 valid
12.3494 	DEBUG 	TextBox2 loaded 1 chars with 0 blanks and 1 valid
12.3575 	DEBUG 	TextBox2 loaded 1 chars with 0 blanks and 1 valid
12.3576 	DEBUG 	Uploading Texture Font fontname to graphics card
12.3604 	DEBUG 	Upload of Texture Font fontname complete
12.3712 	DEBUG 	TextBox2 loaded 1 chars with 0 blanks and 1 valid
12.3794 	DEBUG 	TextBox2 loaded 1 chars with 0 blanks and 1 valid
12.3874 	DEBUG 	TextBox2 loaded 1 chars with 0 blanks and 1 valid
12.3875 	DEBUG 	Uploading Texture Font fontname to graphics card
12.3890 	DEBUG 	Upload of Texture Font fontname complete
12.3900 	EXP 	window1: Attempting to measure frame rate of screen (0) ...
12.3900 	EXP 	window1: recordFrameIntervals = False
12.5155 	EXP 	window1: recordFrameIntervals = True
13.3550 	WARNING 	Couldn't measure a consistent frame rate!
  - Is your graphics card set to sync to vertical blank?
  - Are you running other processes on your computer?

13.3779 	DEBUG 	TextBox2 loaded 1 chars with 0 blanks and 1 valid
13.3900 	DEBUG 	TextBox2 loaded 1 chars with 0 blanks and 1 valid
13.4006 	DEBUG 	TextBox2 loaded 1 chars with 0 blanks and 1 valid
13.4104 	DEBUG 	TextBox2 loaded 1 chars with 0 blanks and 1 valid
13.4195 	DEBUG 	TextBox2 loaded 1 chars with 0 blanks and 1 valid
13.4280 	DEBUG 	TextBox2 loaded 1 chars with 0 blanks and 1 valid
13.4360 	DEBUG 	TextBox2 loaded 1 chars with 0 blanks and 1 valid
13.4440 	DEBUG 	TextBox2 loaded 1 chars with 0 blanks and 1 valid
13.4518 	DEBUG 	TextBox2 loaded 1 chars with 0 blanks and 1 valid
13.4597 	DEBUG 	TextBox2 loaded 1 chars with 0 blanks and 1 valid
13.4598 	DEBUG 	Uploading Texture Font fontname to graphics card
13.4614 	DEBUG 	Upload of Texture Font fontname complete
14.0321 	INFO 	keyboard.Keyboard is using ptb backend.
14.0321 	EXP 	misty_module: status = STARTED
14.0665 	EXP 	Created text = TextStim(__class__=<class 'psychopy.visual.text.TextStim'>, alignHoriz=method-wrapper(...), alignText='center', alignVert=method-wrapper(...), anchorHoriz='center', anchorVert='center', antialias=True, autoDraw=False, autoLog=True, bold=False, color=array([1., 1., 1.]), colorSpace='rgb', contrast=1.0, depth=-1.0, draggable=False, flipHoriz=False, flipVert=False, font='Arial', fontFiles=[], height=np.float64(0.05), italic=False, languageStyle='LTR', name='text', opacity=1, ori=0.0, pos=array([0., 0.]), rgb=UNKNOWN, text=str(...), units='height', win=Window(...), wrapWidth=1)
14.0738 	EXP 	Created intstructs = TextStim(__class__=<class 'psychopy.visual.text.TextStim'>, alignHoriz=method-wrapper(...), alignText='center', alignVert=method-wrapper(...), anchorHoriz='center', anchorVert='center', antialias=True, autoDraw=False, autoLog=True, bold=False, color=array([1., 1., 1.]), colorSpace='rgb', contrast=1.0, depth=0.0, draggable=False, flipHoriz=False, flipVert=False, font='Arial', fontFiles=[], height=np.float64(0.05), italic=False, languageStyle='LTR', name='intstructs', opacity=1, ori=0.0, pos=array([0., 0.]), rgb=UNKNOWN, text=str(...), units='height', win=Window(...), wrapWidth=1)
14.0760 	EXP 	Created fix = TextStim(__class__=<class 'psychopy.visual.text.TextStim'>, alignHoriz=method-wrapper(...), alignText='center', alignVert=method-wrapper(...), anchorHoriz='center', anchorVert='center', antialias=True, autoDraw=False, autoLog=True, bold=False, color=array([1., 1., 1.]), colorSpace='rgb', contrast=1.0, depth=-1.0, draggable=False, flipHoriz=False, flipVert=False, font='Open Sans', fontFiles=[], height=np.float64(0.1), italic=False, languageStyle='LTR', name='fix', opacity=1, ori=0.0, pos=array([0., 0.]), rgb=UNKNOWN, text='+', units='height', win=Window(...), wrapWidth=1)
14.0818 	DEBUG 	TextBox2 loaded 1 chars with 0 blanks and 1 valid
14.0825 	DEBUG 	TextBox2 loaded 1 chars with 0 blanks and 1 valid
14.0830 	DEBUG 	TextBox2 loaded 1 chars with 0 blanks and 1 valid
14.0835 	DEBUG 	TextBox2 loaded 1 chars with 0 blanks and 1 valid
14.0837 	DEBUG 	TextBox2 loaded 1 chars with 0 blanks and 1 valid
14.0840 	DEBUG 	TextBox2 loaded 1 chars with 0 blanks and 1 valid
14.0845 	DEBUG 	TextBox2 loaded 1 chars with 0 blanks and 1 valid
14.0849 	DEBUG 	TextBox2 loaded 1 chars with 0 blanks and 1 valid
14.0851 	DEBUG 	TextBox2 loaded 1 chars with 0 blanks and 1 valid
14.0852 	DEBUG 	Uploading Texture Font fontname to graphics card
14.0874 	DEBUG 	Upload of Texture Font fontname complete
14.1078 	DEBUG 	TextBox2 loaded 1 chars with 0 blanks and 1 valid
14.1080 	DEBUG 	Uploading Texture Font fontname to graphics card
14.1101 	DEBUG 	Upload of Texture Font fontname complete
14.1205 	DEBUG 	TextBox2 loaded 1 chars with 0 blanks and 1 valid
14.1283 	DEBUG 	TextBox2 loaded 1 chars with 0 blanks and 1 valid
14.1361 	DEBUG 	TextBox2 loaded 1 chars with 0 blanks and 1 valid
14.1439 	DEBUG 	TextBox2 loaded 1 chars with 0 blanks and 1 valid
14.1516 	DEBUG 	TextBox2 loaded 1 chars with 0 blanks and 1 valid
14.1594 	DEBUG 	TextBox2 loaded 1 chars with 0 blanks and 1 valid
14.1672 	DEBUG 	TextBox2 loaded 1 chars with 0 blanks and 1 valid
14.1749 	DEBUG 	TextBox2 loaded 1 chars with 0 blanks and 1 valid
14.1827 	DEBUG 	TextBox2 loaded 1 chars with 0 blanks and 1 valid
14.1905 	DEBUG 	TextBox2 loaded 1 chars with 0 blanks and 1 valid
14.1906 	DEBUG 	Uploading Texture Font fontname to graphics card
14.1921 	DEBUG 	Upload of Texture Font fontname complete
14.2025 	DEBUG 	TextBox2 loaded 1 chars with 0 blanks and 1 valid
14.2026 	DEBUG 	Uploading Texture Font fontname to graphics card
14.2040 	DEBUG 	Upload of Texture Font fontname complete
14.2168 	DEBUG 	TextBox2 loaded 1 chars with 0 blanks and 1 valid
14.2169 	DEBUG 	Uploading Texture Font fontname to graphics card
14.2184 	DEBUG 	Upload of Texture Font fontname complete
14.2312 	DEBUG 	TextBox2 loaded 1 chars with 0 blanks and 1 valid
14.2313 	DEBUG 	Uploading Texture Font fontname to graphics card
14.2328 	DEBUG 	Upload of Texture Font fontname complete
14.2456 	DEBUG 	TextBox2 loaded 1 chars with 0 blanks and 1 valid
14.2457 	DEBUG 	Uploading Texture Font fontname to graphics card
14.2471 	DEBUG 	Upload of Texture Font fontname complete
14.2599 	DEBUG 	TextBox2 loaded 1 chars with 0 blanks and 1 valid
14.2600 	DEBUG 	Uploading Texture Font fontname to graphics card
14.2615 	DEBUG 	Upload of Texture Font fontname complete
14.2743 	DEBUG 	TextBox2 loaded 1 chars with 0 blanks and 1 valid
14.2744 	DEBUG 	Uploading Texture Font fontname to graphics card
14.2758 	DEBUG 	Upload of Texture Font fontname complete
14.2887 	DEBUG 	TextBox2 loaded 1 chars with 0 blanks and 1 valid
14.2887 	DEBUG 	Uploading Texture Font fontname to graphics card
14.2902 	DEBUG 	Upload of Texture Font fontname complete
14.3030 	DEBUG 	TextBox2 loaded 1 chars with 0 blanks and 1 valid
14.3031 	DEBUG 	Uploading Texture Font fontname to graphics card
14.3048 	DEBUG 	Upload of Texture Font fontname complete
14.3178 	DEBUG 	TextBox2 loaded 1 chars with 0 blanks and 1 valid
14.3178 	DEBUG 	Uploading Texture Font fontname to graphics card
14.3193 	DEBUG 	Upload of Texture Font fontname complete
14.3421 	EXP 	Created slider_3 = Slider(__class__=<class 'psychopy.visual.slider.Slider'>, autoDraw=False, autoLog=True, borderColor=None, color=None, colorSpace='rgb', depth=-2, fillColor=None, flip=False, font='Noto Sans', granularity=1, labelColor=None, labelHeight=np.float64(0.05), labelWrapWidth=None, labels=(0, 1, 2, 3, 4, 5, 6, 7, 8, 9), lineColor=None, markerColor=None, name='slider_3', opacity=None, ori=0.0, pos=array([ 0. , -0.4]), readOnly=False, self=UNKNOWN, size=array([1. , 0.1]), startValue=None, style='choice', styleTweaks=[], ticks=array([0, 1, 2, 3, 4, 5, 6, 7, 8, 9]), units='norm', win=Window(...))
14.3492 	EXP 	Created text_2 = TextStim(__class__=<class 'psychopy.visual.text.TextStim'>, alignHoriz=method-wrapper(...), alignText='center', alignVert=method-wrapper(...), anchorHoriz='center', anchorVert='center', antialias=True, autoDraw=False, autoLog=True, bold=False, color=array([1., 1., 1.]), colorSpace='rgb', contrast=1.0, depth=0.0, draggable=False, flipHoriz=False, flipVert=False, font='Arial', fontFiles=[], height=np.float64(0.05), italic=False, languageStyle='LTR', name='text_2', opacity=1, ori=0.0, pos=array([0., 0.]), rgb=UNKNOWN, text=str(...), units='height', win=Window(...), wrapWidth=1)
14.3500 	EXP 	Created fix = TextStim(__class__=<class 'psychopy.visual.text.TextStim'>, alignHoriz=method-wrapper(...), alignText='center', alignVert=method-wrapper(...), anchorHoriz='center', anchorVert='center', antialias=True, autoDraw=False, autoLog=True, bold=False, color=array([1., 1., 1.]), colorSpace='rgb', contrast=1.0, depth=-1.0, draggable=False, flipHoriz=False, flipVert=False, font='Open Sans', fontFiles=[], height=np.float64(0.1), italic=False, languageStyle='LTR', name='fix', opacity=1, ori=0.0, pos=array([0., 0.]), rgb=UNKNOWN, text='+', units='height', win=Window(...), wrapWidth=1)
14.3523 	EXP 	Created prog_3 = Progress(__class__=<class 'psychopy.visual.progress.Progress'>, anchor=('left', 'top'), autoDraw=False, autoLog=True, closeShape=True, color=method-wrapper(...), colorSpace='rgb', contrast=None, depth=-1, draggable=False, fillColor=array([-1.    ,  0.5373, -1.    ]), fillColorSpace='rgb', fillRGB=array([-1.    ,  0.5373, -1.    ]), interpolate=True, lineColor=array([1., 1., 1.]), lineColorSpace='rgb', lineRGB=array([1, 1, 1]), lineWidth=4.0, name='prog_3', opacity=1.0, ori=0.0, pos=array([-0.5,  0.5]), size=array([1. , 0.1]), units='norm', vertices=ndarray(...), win=Window(...), windingRule=None)
14.3531 	EXP 	Created prog_3Bar = ShapeStim(__class__=<class 'psychopy.visual.shape.ShapeStim'>, anchor=('left', 'top'), autoDraw=False, autoLog=True, closeShape=True, color=method-wrapper(...), colorSpace='rgb', contrast=None, depth=-1, draggable=False, fillColor=array([ 1., -1., -1.]), fillColorSpace='rgb', fillRGB=array([ 1., -1., -1.]), interpolate=True, lineColor=array([0., 0., 0.]), lineColorSpace='rgb', lineRGB=array([0, 0, 0]), lineWidth=1.5, name='prog_3Bar', opacity=1.0, ori=0.0, pos=array([-0.5,  0.5]), size=array([1. , 0.1]), units='norm', vertices=ndarray(...), win=Window(...), windingRule=None)
14.3537 	EXP 	Created redbar_3 = Rect(__class__=<class 'psychopy.visual.rect.Rect'>, anchor=('left', 'center'), autoDraw=False, autoLog=True, closeShape=True, color=method-wrapper(...), colorSpace='rgb', contrast=None, depth=-2.0, draggable=False, fillColor=array([ 1., -1., -1.]), fillColorSpace='rgb', fillRGB=array([ 1., -1., -1.]), interpolate=True, lineColor=array([1., 1., 1.]), lineColorSpace='rgb', lineRGB=array([1, 1, 1]), lineWidth=1.0, name='redbar_3', opacity=1, ori=0.0, pos=array([-1. ,  0.7]), size=array([2. , 0.1]), units='norm', vertices=ndarray(...), win=Window(...))
14.3542 	EXP 	Created yellowbar_3 = Rect(__class__=<class 'psychopy.visual.rect.Rect'>, anchor=('left', 'center'), autoDraw=False, autoLog=True, closeShape=True, color=method-wrapper(...), colorSpace='rgb', contrast=None, depth=-3.0, draggable=False, fillColor=array([ 1.,  1., -1.]), fillColorSpace='rgb', fillRGB=array([ 1.,  1., -1.]), interpolate=True, lineColor=array([1., 1., 1.]), lineColorSpace='rgb', lineRGB=array([1, 1, 1]), lineWidth=1.0, name='yellowbar_3', opacity=1, ori=0.0, pos=array([0. , 0.7]), size=array([1. , 0.1]), units='norm', vertices=ndarray(...), win=Window(...))
14.3548 	EXP 	Created greenbar_3 = Rect(__class__=<class 'psychopy.visual.rect.Rect'>, anchor=('left', 'center'), autoDraw=False, autoLog=True, closeShape=True, color=method-wrapper(...), colorSpace='rgb', contrast=None, depth=-4.0, draggable=False, fillColor=array([-1.    ,  0.0039, -1.    ]), fillColorSpace='rgb', fillRGB=array([-1.    ,  0.0039, -1.    ]), interpolate=True, lineColor=array([1., 1., 1.]), lineColorSpace='rgb', lineRGB=array([1, 1, 1]), lineWidth=1.0, name='greenbar_3', opacity=1, ori=0.0, pos=array([0.7, 0.7]), size=array([0.3, 0.1]), units='norm', vertices=ndarray(...), win=Window(...))
14.3555 	EXP 	Created arrow_3 = ShapeStim(__class__=<class 'psychopy.visual.shape.ShapeStim'>, anchor=('center', 'center'), autoDraw=False, autoLog=True, closeShape=True, color=method-wrapper(...), colorSpace='rgb', contrast=None, depth=-5.0, draggable=False, fillColor=array([1, 1, 1]), fillColorSpace='rgb', fillRGB=array([1, 1, 1]), interpolate=True, lineColor=array([1., 1., 1.]), lineColorSpace='rgb', lineRGB=array([1, 1, 1]), lineWidth=1.0, name='arrow_3', opacity=1, ori=0.0, pos=array([0., 0.]), size=array([0.05, 0.05]), units='norm', vertices=ndarray(...), win=Window(...), windingRule=None)
14.3563 	EXP 	Created arrow_4 = ShapeStim(__class__=<class 'psychopy.visual.shape.ShapeStim'>, anchor=('center', 'center'), autoDraw=False, autoLog=True, closeShape=True, color=method-wrapper(...), colorSpace='rgb', contrast=None, depth=-6.0, draggable=False, fillColor=array([1, 1, 1]), fillColorSpace='rgb', fillRGB=array([1, 1, 1]), interpolate=True, lineColor=array([1., 1., 1.]), lineColorSpace='rgb', lineRGB=array([1, 1, 1]), lineWidth=1.0, name='arrow_4', opacity=1, ori=0.0, pos=array([0., 0.]), size=array([0.05, 0.05]), units='norm', vertices=ndarray(...), win=Window(...), windingRule=None)
14.3596 	DEBUG 	TextBox2 loaded 1 chars with 0 blanks and 1 valid
14.3599 	DEBUG 	TextBox2 loaded 1 chars with 0 blanks and 1 valid
14.3602 	DEBUG 	TextBox2 loaded 1 chars with 0 blanks and 1 valid
14.3605 	DEBUG 	TextBox2 loaded 1 chars with 0 blanks and 1 valid
14.3607 	DEBUG 	TextBox2 loaded 1 chars with 0 blanks and 1 valid
14.3610 	DEBUG 	TextBox2 loaded 1 chars with 0 blanks and 1 valid
14.3611 	DEBUG 	Uploading Texture Font fontname to graphics card
14.3633 	DEBUG 	Upload of Texture Font fontname complete
14.3664 	DEBUG 	TextBox2 loaded 1 chars with 0 blanks and 1 valid
14.3667 	DEBUG 	TextBox2 loaded 1 chars with 0 blanks and 1 valid
14.3669 	DEBUG 	TextBox2 loaded 1 chars with 0 blanks and 1 valid
14.3672 	DEBUG 	TextBox2 loaded 1 chars with 0 blanks and 1 valid
14.3675 	DEBUG 	TextBox2 loaded 1 chars with 0 blanks and 1 valid
14.3677 	DEBUG 	TextBox2 loaded 1 chars with 0 blanks and 1 valid
14.3678 	DEBUG 	Uploading Texture Font fontname to graphics card
14.3693 	DEBUG 	Upload of Texture Font fontname complete
14.3722 	DEBUG 	TextBox2 loaded 1 chars with 0 blanks and 1 valid
14.3725 	DEBUG 	TextBox2 loaded 1 chars with 0 blanks and 1 valid
14.3727 	DEBUG 	TextBox2 loaded 1 chars with 0 blanks and 1 valid
14.3728 	DEBUG 	Uploading Texture Font fontname to graphics card
14.3743 	DEBUG 	Upload of Texture Font fontname complete
14.4468 	EXP 	Created slider_4 = Slider(__class__=<class 'psychopy.visual.slider.Slider'>, autoDraw=False, autoLog=True, borderColor=None, color=None, colorSpace='rgb', depth=-9, fillColor=None, flip=False, font='Noto Sans', granularity=1, labelColor=None, labelHeight=np.float64(0.05), labelWrapWidth=None, labels=(0, 1, 2, 3, 4, 5, 6, 7, 8, 9), lineColor=None, markerColor=None, name='slider_4', opacity=None, ori=0.0, pos=array([ 0. , -0.4]), readOnly=False, self=UNKNOWN, size=array([1. , 0.1]), startValue=None, style='choice', styleTweaks=[], ticks=array([0, 1, 2, 3, 4, 5, 6, 7, 8, 9]), units='norm', win=Window(...))
14.4572 	EXP 	Created text_3 = TextStim(__class__=<class 'psychopy.visual.text.TextStim'>, alignHoriz=method-wrapper(...), alignText='center', alignVert=method-wrapper(...), anchorHoriz='center', anchorVert='center', antialias=True, autoDraw=False, autoLog=True, bold=False, color=array([1., 1., 1.]), colorSpace='rgb', contrast=1.0, depth=0.0, draggable=False, flipHoriz=False, flipVert=False, font='Arial', fontFiles=[], height=np.float64(0.05), italic=False, languageStyle='LTR', name='text_3', opacity=1, ori=0.0, pos=array([0., 0.]), rgb=UNKNOWN, text='Training instructions here', units='height', win=Window(...), wrapWidth=1)
14.4580 	EXP 	Created fix = TextStim(__class__=<class 'psychopy.visual.text.TextStim'>, alignHoriz=method-wrapper(...), alignText='center', alignVert=method-wrapper(...), anchorHoriz='center', anchorVert='center', antialias=True, autoDraw=False, autoLog=True, bold=False, color=array([1., 1., 1.]), colorSpace='rgb', contrast=1.0, depth=-1.0, draggable=False, flipHoriz=False, flipVert=False, font='Open Sans', fontFiles=[], height=np.float64(0.1), italic=False, languageStyle='LTR', name='fix', opacity=1, ori=0.0, pos=array([0., 0.]), rgb=UNKNOWN, text='+', units='height', win=Window(...), wrapWidth=1)
14.5305 	EXP 	Created slider_training = Slider(__class__=<class 'psychopy.visual.slider.Slider'>, autoDraw=False, autoLog=True, borderColor=None, color=None, colorSpace='rgb', depth=-2, fillColor=None, flip=False, font='Noto Sans', granularity=1, labelColor=None, labelHeight=np.float64(0.05), labelWrapWidth=None, labels=(0, 1, 2, 3, 4, 5, 6, 7, 8, 9), lineColor=None, markerColor=None, name='slider_training', opacity=None, ori=0.0, pos=array([ 0. , -0.4]), readOnly=False, self=UNKNOWN, size=array([1. , 0.1]), startValue=None, style='choice', styleTweaks=[], ticks=array([0, 1, 2, 3, 4, 5, 6, 7, 8, 9]), units='norm', win=Window(...))
14.5374 	EXP 	Created text_4 = TextStim(__class__=<class 'psychopy.visual.text.TextStim'>, alignHoriz=method-wrapper(...), alignText='center', alignVert=method-wrapper(...), anchorHoriz='center', anchorVert='center', antialias=True, autoDraw=False, autoLog=True, bold=False, color=array([1., 1., 1.]), colorSpace='rgb', contrast=1.0, depth=0.0, draggable=False, flipHoriz=False, flipVert=False, font='Arial', fontFiles=[], height=np.float64(0.05), italic=False, languageStyle='LTR', name='text_4', opacity=1, ori=0.0, pos=array([0., 0.]), rgb=UNKNOWN, text='Please press space to move onto the next block', units='height', win=Window(...), wrapWidth=1)
14.5389 	EXP 	Created text_6 = TextStim(__class__=<class 'psychopy.visual.text.TextStim'>, alignHoriz=method-wrapper(...), alignText='center', alignVert=method-wrapper(...), anchorHoriz='center', anchorVert='center', antialias=True, autoDraw=False, autoLog=True, bold=False, color=array([1., 1., 1.]), colorSpace='rgb', contrast=1.0, depth=0.0, draggable=False, flipHoriz=False, flipVert=False, font='Arial', fontFiles=[], height=np.float64(0.05), italic=False, languageStyle='LTR', name='text_6', opacity=1, ori=0.0, pos=array([0., 0.]), rgb=UNKNOWN, text='Press Space to Start experiment', units='height', win=Window(...), wrapWidth=1)
14.5396 	EXP 	Created fix = TextStim(__class__=<class 'psychopy.visual.text.TextStim'>, alignHoriz=method-wrapper(...), alignText='center', alignVert=method-wrapper(...), anchorHoriz='center', anchorVert='center', antialias=True, autoDraw=False, autoLog=True, bold=False, color=array([1., 1., 1.]), colorSpace='rgb', contrast=1.0, depth=-1.0, draggable=False, flipHoriz=False, flipVert=False, font='Open Sans', fontFiles=[], height=np.float64(0.1), italic=False, languageStyle='LTR', name='fix', opacity=1, ori=0.0, pos=array([0., 0.]), rgb=UNKNOWN, text='+', units='height', win=Window(...), wrapWidth=1)
14.5404 	EXP 	Created prog = Progress(__class__=<class 'psychopy.visual.progress.Progress'>, anchor=('left', 'top'), autoDraw=False, autoLog=True, closeShape=True, color=method-wrapper(...), colorSpace='rgb', contrast=None, depth=-1, draggable=False, fillColor=array([-1.    ,  0.5373, -1.    ]), fillColorSpace='rgb', fillRGB=array([-1.    ,  0.5373, -1.    ]), interpolate=True, lineColor=array([1., 1., 1.]), lineColorSpace='rgb', lineRGB=array([1, 1, 1]), lineWidth=4.0, name='prog', opacity=1.0, ori=0.0, pos=array([-0.5,  0.5]), size=array([1. , 0.1]), units='norm', vertices=ndarray(...), win=Window(...), windingRule=None)
14.5411 	EXP 	Created progBar = ShapeStim(__class__=<class 'psychopy.visual.shape.ShapeStim'>, anchor=('left', 'top'), autoDraw=False, autoLog=True, closeShape=True, color=method-wrapper(...), colorSpace='rgb', contrast=None, depth=-1, draggable=False, fillColor=array([ 1., -1., -1.]), fillColorSpace='rgb', fillRGB=array([ 1., -1., -1.]), interpolate=True, lineColor=array([0., 0., 0.]), lineColorSpace='rgb', lineRGB=array([0, 0, 0]), lineWidth=1.5, name='progBar', opacity=1.0, ori=0.0, pos=array([-0.5,  0.5]), size=array([1. , 0.1]), units='norm', vertices=ndarray(...), win=Window(...), windingRule=None)
14.5417 	EXP 	Created redbar = Rect(__class__=<class 'psychopy.visual.rect.Rect'>, anchor=('left', 'center'), autoDraw=False, autoLog=True, closeShape=True, color=method-wrapper(...), colorSpace='rgb', contrast=None, depth=-2.0, draggable=False, fillColor=array([ 1., -1., -1.]), fillColorSpace='rgb', fillRGB=array([ 1., -1., -1.]), interpolate=True, lineColor=array([1., 1., 1.]), lineColorSpace='rgb', lineRGB=array([1, 1, 1]), lineWidth=1.0, name='redbar', opacity=1, ori=0.0, pos=array([-1. ,  0.7]), size=array([2. , 0.1]), units='norm', vertices=ndarray(...), win=Window(...))
14.5422 	EXP 	Created yellowbar = Rect(__class__=<class 'psychopy.visual.rect.Rect'>, anchor=('left', 'center'), autoDraw=False, autoLog=True, closeShape=True, color=method-wrapper(...), colorSpace='rgb', contrast=None, depth=-3.0, draggable=False, fillColor=array([ 1.,  1., -1.]), fillColorSpace='rgb', fillRGB=array([ 1.,  1., -1.]), interpolate=True, lineColor=array([1., 1., 1.]), lineColorSpace='rgb', lineRGB=array([1, 1, 1]), lineWidth=1.0, name='yellowbar', opacity=1, ori=0.0, pos=array([0. , 0.7]), size=array([1. , 0.1]), units='norm', vertices=ndarray(...), win=Window(...))
14.5428 	EXP 	Created greenbar = Rect(__class__=<class 'psychopy.visual.rect.Rect'>, anchor=('left', 'center'), autoDraw=False, autoLog=True, closeShape=True, color=method-wrapper(...), colorSpace='rgb', contrast=None, depth=-4.0, draggable=False, fillColor=array([-1.    ,  0.0039, -1.    ]), fillColorSpace='rgb', fillRGB=array([-1.    ,  0.0039, -1.    ]), interpolate=True, lineColor=array([1., 1., 1.]), lineColorSpace='rgb', lineRGB=array([1, 1, 1]), lineWidth=1.0, name='greenbar', opacity=1, ori=0.0, pos=array([0.7, 0.7]), size=array([0.3, 0.1]), units='norm', vertices=ndarray(...), win=Window(...))
14.5436 	EXP 	Created targarrow = ShapeStim(__class__=<class 'psychopy.visual.shape.ShapeStim'>, anchor=('center', 'center'), autoDraw=False, autoLog=True, closeShape=True, color=method-wrapper(...), colorSpace='rgb', contrast=None, depth=-5.0, draggable=False, fillColor=array([1, 1, 1]), fillColorSpace='rgb', fillRGB=array([1, 1, 1]), interpolate=True, lineColor=array([1., 1., 1.]), lineColorSpace='rgb', lineRGB=array([1, 1, 1]), lineWidth=1.0, name='targarrow', opacity=1, ori=0.0, pos=array([0.7, 0.6]), size=array([0.05, 0.05]), units='norm', vertices=ndarray(...), win=Window(...), windingRule=None)
14.5443 	EXP 	Created userArrow = ShapeStim(__class__=<class 'psychopy.visual.shape.ShapeStim'>, anchor=('center', 'center'), autoDraw=False, autoLog=True, closeShape=True, color=method-wrapper(...), colorSpace='rgb', contrast=None, depth=-6.0, draggable=False, fillColor=array([1, 1, 1]), fillColorSpace='rgb', fillRGB=array([1, 1, 1]), interpolate=True, lineColor=array([1., 1., 1.]), lineColorSpace='rgb', lineRGB=array([1, 1, 1]), lineWidth=1.0, name='userArrow', opacity=1, ori=0.0, pos=array([0., 0.]), size=array([0.05, 0.05]), units='norm', vertices=ndarray(...), win=Window(...), windingRule=None)
14.6293 	EXP 	Created slider = Slider(__class__=<class 'psychopy.visual.slider.Slider'>, autoDraw=False, autoLog=True, borderColor=None, color=None, colorSpace='rgb', depth=-10, fillColor=None, flip=False, font='Noto Sans', granularity=1, labelColor=None, labelHeight=np.float64(0.05), labelWrapWidth=None, labels=(0, 1, 2, 3, 4, 5, 6, 7, 8, 9), lineColor=None, markerColor=None, name='slider', opacity=None, ori=0.0, pos=array([ 0. , -0.4]), readOnly=False, self=UNKNOWN, size=array([1. , 0.1]), startValue=None, style='choice', styleTweaks=[], ticks=array([0, 1, 2, 3, 4, 5, 6, 7, 8, 9]), units='norm', win=Window(...))
14.6301 	EXP 	Created norm_arrow = ShapeStim(__class__=<class 'psychopy.visual.shape.ShapeStim'>, anchor=('center', 'center'), autoDraw=False, autoLog=True, closeShape=True, color=method-wrapper(...), colorSpace='rgb', contrast=None, depth=-12.0, draggable=False, fillColor=array([1, 1, 1]), fillColorSpace='rgb', fillRGB=array([1, 1, 1]), interpolate=True, lineColor=array([1., 1., 1.]), lineColorSpace='rgb', lineRGB=array([1, 1, 1]), lineWidth=1.0, name='norm_arrow', opacity=1, ori=0.0, pos=array([0.7, 0.6]), size=array([0.05, 0.05]), units='height', vertices=ndarray(...), win=Window(...), windingRule=None)
14.6348 	EXP 	Created text_5 = TextStim(__class__=<class 'psychopy.visual.text.TextStim'>, alignHoriz=method-wrapper(...), alignText='center', alignVert=method-wrapper(...), anchorHoriz='center', anchorVert='center', antialias=True, autoDraw=False, autoLog=True, bold=False, color=array([1., 1., 1.]), colorSpace='rgb', contrast=1.0, depth=0.0, draggable=False, flipHoriz=False, flipVert=False, font='Arial', fontFiles=[], height=0.05, italic=False, languageStyle='LTR', name='text_5', opacity=1, ori=0.0, pos=array([0., 0.]), rgb=UNKNOWN, text='', units='height', win=Window(...), wrapWidth=1)
14.6365 	EXP 	Created text_7 = TextStim(__class__=<class 'psychopy.visual.text.TextStim'>, alignHoriz=method-wrapper(...), alignText='center', alignVert=method-wrapper(...), anchorHoriz='center', anchorVert='center', antialias=True, autoDraw=False, autoLog=True, bold=False, color=array([1., 1., 1.]), colorSpace='rgb', contrast=1.0, depth=0.0, draggable=False, flipHoriz=False, flipVert=False, font='Arial', fontFiles=[], height=np.float64(0.05), italic=False, languageStyle='LTR', name='text_7', opacity=1, ori=0.0, pos=array([0., 0.]), rgb=UNKNOWN, text=str(...), units='height', win=Window(...), wrapWidth=1)
0.0045 	EXP 	equation_practice_1: autoLog = True
0.0045 	EXP 	slider_3: autoLog = True
0.0045 	EXP 	slider_3: styleTweaks = []
0.0045 	EXP 	slider_3: styleTweaks = []
0.0045 	EXP 	slider_3: styleTweaks = []
0.0045 	EXP 	slider_3: styleTweaks = []
0.0045 	EXP 	slider_3: contrast = 1.0
0.0045 	EXP 	slider_3: markerPos = None
0.0045 	EXP 	slider_3: autoLog = True
0.0045 	EXP 	feedback_practice_1: autoLog = True
0.0045 	EXP 	prog_3: direction = 'horizontal'
0.0045 	EXP 	prog_3: progress = 0.0
0.0045 	EXP 	targlab: autoLog = True
0.0045 	EXP 	yourperf: autoLog = True
0.0045 	EXP 	slider_4: autoLog = True
0.0045 	EXP 	slider_4: styleTweaks = []
0.0045 	EXP 	slider_4: styleTweaks = []
0.0045 	EXP 	slider_4: styleTweaks = []
0.0045 	EXP 	slider_4: styleTweaks = []
0.0045 	EXP 	slider_4: contrast = 1.0
0.0045 	EXP 	slider_4: markerPos = None
0.0045 	EXP 	slider_4: autoLog = True
0.0045 	EXP 	textbox_5: autoLog = True
0.0045 	EXP 	feedback_practice_1: autoLog = True
0.0045 	EXP 	textbox_3: autoLog = True
0.0045 	EXP 	slider_training: autoLog = True
0.0045 	EXP 	slider_training: styleTweaks = []
0.0045 	EXP 	slider_training: styleTweaks = []
0.0045 	EXP 	slider_training: styleTweaks = []
0.0045 	EXP 	slider_training: styleTweaks = []
0.0045 	EXP 	slider_training: contrast = 1.0
0.0045 	EXP 	slider_training: markerPos = None
0.0045 	EXP 	slider_training: autoLog = True
0.0045 	EXP 	feedback_practice_1: autoLog = True
0.0045 	EXP 	prog: direction = 'horizontal'
0.0045 	EXP 	prog: progress = 0.0
0.0045 	EXP 	yourperfexp: autoLog = True
0.0045 	EXP 	tarlabexp: autoLog = True
0.0045 	EXP 	textbox: autoLog = True
0.0045 	EXP 	slider: autoLog = True
0.0045 	EXP 	slider: styleTweaks = []
0.0045 	EXP 	slider: styleTweaks = []
0.0045 	EXP 	slider: styleTweaks = []
0.0045 	EXP 	slider: styleTweaks = []
0.0045 	EXP 	slider: contrast = 1.0
0.0045 	EXP 	slider: markerPos = None
0.0045 	EXP 	slider: autoLog = True
0.0045 	EXP 	feedback_practice_1: autoLog = True
0.0116 	DEBUG 	Read excel file with openpyxl: experiment_difficulty.xlsx
0.0118 	EXP 	Imported experiment_difficulty.xlsx as conditions, 5 conditions, 3 params
0.0120 	EXP 	New trial (rep=0, index=0): <Trial 0 (0 in rep 0) data={'exp_diff': 'easy1', 'exp_time': 120, 'diffbyt': 3.0, 'thisN': 0, 'thisTrialN': 0, 'thisRepN': 0}>
0.0146 	EXP 	New trial (rep=0, index=0): <Trial 0 (0 in rep 0) data={'thisN': 0, 'thisTrialN': 0, 'thisRepN': 0}>
0.0198 	EXP 	fix: autoDraw = True
0.5069 	DEBUG 	TextBox2 loaded 1 chars with 0 blanks and 1 valid
0.5082 	DEBUG 	TextBox2 loaded 1 chars with 0 blanks and 1 valid
0.5094 	DEBUG 	TextBox2 loaded 1 chars with 0 blanks and 1 valid
0.5101 	DEBUG 	TextBox2 loaded 1 chars with 0 blanks and 1 valid
0.5113 	DEBUG 	TextBox2 loaded 1 chars with 0 blanks and 1 valid
0.5114 	DEBUG 	Uploading Texture Font fontname to graphics card
0.5155 	DEBUG 	Upload of Texture Font fontname complete
0.5423 	INFO 	Keyboard events cleared
0.5422 	WARNING 	t of last frame was 40.68ms (=1/24)
0.5422 	EXP 	fix: autoDraw = False
0.5422 	EXP 	slider: markerPos = None
0.5422 	EXP 	slider: markerPos = None
0.5422 	EXP 	prog: autoDraw = True
0.5422 	EXP 	redbar: autoDraw = True
0.5422 	EXP 	yellowbar: autoDraw = True
0.5422 	EXP 	greenbar: autoDraw = True
0.5422 	EXP 	targarrow: autoDraw = True
0.5422 	EXP 	userArrow: autoDraw = True
0.5422 	EXP 	yourperfexp: autoDraw = True
0.5422 	EXP 	tarlabexp: autoDraw = True
0.5422 	EXP 	textbox: autoDraw = True
0.5422 	EXP 	slider: autoDraw = True
0.5422 	EXP 	norm_arrow: autoDraw = True
2.4198 	EXP 	Device response: <KeyPress from None: t=2.3435913330031326, value=8, duration=None>
2.4211 	DEBUG 	TextBox2 loaded 1 chars with 0 blanks and 1 valid
2.4216 	DEBUG 	TextBox2 loaded 1 chars with 0 blanks and 1 valid
2.4221 	DEBUG 	TextBox2 loaded 1 chars with 0 blanks and 1 valid
2.4225 	DEBUG 	TextBox2 loaded 1 chars with 0 blanks and 1 valid
2.4228 	DEBUG 	TextBox2 loaded 1 chars with 0 blanks and 1 valid
2.4229 	DEBUG 	Uploading Texture Font fontname to graphics card
2.4244 	DEBUG 	Upload of Texture Font fontname complete
2.4291 	DATA 	Keypress: 8
2.4326 	WARNING 	t of last frame was 87.58ms (=1/11)
2.4326 	EXP 	prog: autoDraw = False
2.4326 	EXP 	redbar: autoDraw = False
2.4326 	EXP 	yellowbar: autoDraw = False
2.4326 	EXP 	greenbar: autoDraw = False
2.4326 	EXP 	targarrow: autoDraw = False
2.4326 	EXP 	userArrow: autoDraw = False
2.4326 	EXP 	yourperfexp: autoDraw = False
2.4326 	EXP 	tarlabexp: autoDraw = False
2.4326 	EXP 	textbox: autoDraw = False
2.4326 	EXP 	slider: autoDraw = False
2.4326 	EXP 	norm_arrow: autoDraw = False
2.4326 	EXP 	feedback_practice_1: autoDraw = True
2.4377 	EXP 	Device response: <KeyPress from None: t=2.3435913330031326, value=8, duration=0.09226762500475161>
3.4210 	EXP 	New trial (rep=1, index=0): <Trial 1 (0 in rep 1) data={'thisN': 1, 'thisTrialN': 0, 'thisRepN': 1}>
3.4291 	EXP 	feedback_practice_1: autoDraw = False
3.4291 	EXP 	fix: autoDraw = True
3.7788 	WARNING 	t of last frame was 66.47ms (=1/15)
3.9162 	DEBUG 	TextBox2 loaded 1 chars with 0 blanks and 1 valid
3.9165 	DEBUG 	Uploading Texture Font fontname to graphics card
3.9193 	DEBUG 	Upload of Texture Font fontname complete
3.9349 	INFO 	Keyboard events cleared
3.9349 	WARNING 	t of last frame was 22.70ms (=1/44)
3.9349 	EXP 	fix: autoDraw = False
3.9349 	EXP 	fix: autoDraw = False
3.9349 	EXP 	slider: markerPos = None
3.9349 	EXP 	slider: markerPos = None
3.9349 	EXP 	prog: autoDraw = True
3.9349 	EXP 	redbar: autoDraw = True
3.9349 	EXP 	yellowbar: autoDraw = True
3.9349 	EXP 	greenbar: autoDraw = True
3.9349 	EXP 	targarrow: autoDraw = True
3.9349 	EXP 	userArrow: autoDraw = True
3.9349 	EXP 	yourperfexp: autoDraw = True
3.9349 	EXP 	tarlabexp: autoDraw = True
3.9349 	EXP 	textbox: autoDraw = True
3.9349 	EXP 	slider: autoDraw = True
3.9349 	EXP 	norm_arrow: autoDraw = True
4.0122 	WARNING 	Multiple dropped frames have occurred - I'll stop bothering you about them!
7.1732 	EXP 	Device response: <KeyPress from None: t=7.169613749996643, value=4, duration=None>
7.1750 	DATA 	Keypress: 4
7.1781 	EXP 	prog: autoDraw = False
7.1781 	EXP 	redbar: autoDraw = False
7.1781 	EXP 	yellowbar: autoDraw = False
7.1781 	EXP 	greenbar: autoDraw = False
7.1781 	EXP 	targarrow: autoDraw = False
7.1781 	EXP 	userArrow: autoDraw = False
7.1781 	EXP 	yourperfexp: autoDraw = False
7.1781 	EXP 	tarlabexp: autoDraw = False
7.1781 	EXP 	textbox: autoDraw = False
7.1781 	EXP 	slider: autoDraw = False
7.1781 	EXP 	norm_arrow: autoDraw = False
7.1781 	EXP 	feedback_practice_1: autoDraw = True
7.2631 	EXP 	Device response: <KeyPress from None: t=7.169613749996643, value=4, duration=0.08172304100298788>
8.1640 	EXP 	New trial (rep=2, index=0): <Trial 2 (0 in rep 2) data={'thisN': 2, 'thisTrialN': 0, 'thisRepN': 2}>
8.1679 	EXP 	feedback_practice_1: autoDraw = False
8.1679 	EXP 	feedback_practice_1: autoDraw = False
8.1679 	EXP 	fix: autoDraw = True
8.6713 	DEBUG 	TextBox2 loaded 1 chars with 0 blanks and 1 valid
8.6728 	DEBUG 	TextBox2 loaded 1 chars with 0 blanks and 1 valid
8.6731 	DEBUG 	Uploading Texture Font fontname to graphics card
8.6766 	DEBUG 	Upload of Texture Font fontname complete
8.6942 	INFO 	Keyboard events cleared
8.6942 	EXP 	fix: autoDraw = False
8.6942 	EXP 	fix: autoDraw = False
8.6942 	EXP 	slider: markerPos = None
8.6942 	EXP 	slider: markerPos = None
8.6942 	EXP 	prog: autoDraw = True
8.6942 	EXP 	redbar: autoDraw = True
8.6942 	EXP 	yellowbar: autoDraw = True
8.6942 	EXP 	greenbar: autoDraw = True
8.6942 	EXP 	targarrow: autoDraw = True
8.6942 	EXP 	userArrow: autoDraw = True
8.6942 	EXP 	yourperfexp: autoDraw = True
8.6942 	EXP 	tarlabexp: autoDraw = True
8.6942 	EXP 	textbox: autoDraw = True
8.6942 	EXP 	slider: autoDraw = True
8.6942 	EXP 	norm_arrow: autoDraw = True
9.5458 	EXP 	Device response: <KeyPress from None: t=9.535935708001489, value=escape, duration=None>
9.5545 	DATA 	Keypress: escape
9.6663 	EXP 	Device response: <KeyPress from None: t=9.535935708001489, value=escape, duration=0.12029270800121594>
9.6664 	EXP 	misty_module: status = STOPPED
9.6782 	EXP 	prog: autoDraw = False
9.6782 	EXP 	redbar: autoDraw = False
9.6782 	EXP 	yellowbar: autoDraw = False
9.6782 	EXP 	greenbar: autoDraw = False
9.6782 	EXP 	targarrow: autoDraw = False
9.6782 	EXP 	userArrow: autoDraw = False
9.6782 	EXP 	yourperfexp: autoDraw = False
9.6782 	EXP 	tarlabexp: autoDraw = False
9.6782 	EXP 	textbox: autoDraw = False
9.6782 	EXP 	slider: autoDraw = False
9.6782 	EXP 	norm_arrow: autoDraw = False
9.6789 	EXP 	misty_module: status = STOPPED
9.6809 	INFO 	saved data to '/Users/oliverclark/misty_py/data/pilot_misty_module_2026-02-04_14h41.01.915.csv'
9.6817 	INFO 	saved data to /Users/oliverclark/misty_py/data/pilot_misty_module_2026-02-04_14h41.01.915.psydat
9.7565 	DEBUG 	Saving data for misty_module ExperimentHandler
9.7573 	WARNING 	Stopping key buffers but this could be dangerous ifother keyboards rely on the same.
