8.5622 	WARNING 	Font Manager failed to load file /System/Library/PrivateFrameworks/FontServices.framework/Resources/Reserved/PingFangUI.ttc
8.5992 	WARNING 	Font Manager failed to load file /System/Library/PrivateFrameworks/FontServices.framework/Resources/Reserved/PingFangUI.ttc
9.9322 	DEBUG 	Fullscreen settings ignored as running in pilot mode.
9.9328 	INFO 	Loaded monitor calibration from ['2026_01_27 16:28']
10.0185 	INFO 	Using renderer 'Apple M4' for graphics
10.0185 	INFO 	OpenGL version supported by driver is 2..
10.0388 	EXP 	Created window1 = Window(allowGUI=False, allowStencil=True, autoLog=True, backendConf=UNKNOWN, backgroundFit=<method-wrapper '__getattribute__' of attributeSetter object at 0x177763f40>, backgroundImage=<method-wrapper '__getattribute__' of attributeSetter object at 0x177763ee0>, bitsMode=UNKNOWN, blendMode='avg', bpc=(8, 8, 8), color=array([0, 0, 0]), colorSpace='rgb', depthBits=8, fullscr=False, gamma=None, gammaErrorPolicy='raise', infoMsg=UNKNOWN, lms=UNKNOWN, monitor=<psychopy.monitors.calibTools.Monitor object at 0x177b78b80>, multiSample=False, name='window1', numSamples=2, pos=[np.float64(560.0), np.float64(240.0)], screen=0, size=array([800, 600]), stencilBits=8, stereo=False, title='PsychoPy', units='height', useFBO=True, useRetina=False, viewOri=0.0, viewPos=None, viewScale=None, waitBlanking=True, winType='pyglet')
10.0389 	EXP 	window1: backgroundImage = ''
10.0389 	EXP 	window1: backgroundFit = 'none'
10.0527 	DEBUG 	TextBox2 loaded 1 chars with 0 blanks and 1 valid
10.0605 	DEBUG 	TextBox2 loaded 1 chars with 0 blanks and 1 valid
10.0683 	DEBUG 	TextBox2 loaded 1 chars with 0 blanks and 1 valid
10.0762 	DEBUG 	TextBox2 loaded 1 chars with 0 blanks and 1 valid
10.0841 	DEBUG 	TextBox2 loaded 1 chars with 0 blanks and 1 valid
10.0918 	DEBUG 	TextBox2 loaded 1 chars with 0 blanks and 1 valid
10.0996 	DEBUG 	TextBox2 loaded 1 chars with 0 blanks and 1 valid
10.1075 	DEBUG 	TextBox2 loaded 1 chars with 0 blanks and 1 valid
10.1152 	DEBUG 	TextBox2 loaded 1 chars with 0 blanks and 1 valid
10.1227 	DEBUG 	TextBox2 loaded 1 chars with 0 blanks and 1 valid
10.1306 	DEBUG 	TextBox2 loaded 1 chars with 0 blanks and 1 valid
10.1384 	DEBUG 	TextBox2 loaded 1 chars with 0 blanks and 1 valid
10.1462 	DEBUG 	TextBox2 loaded 1 chars with 0 blanks and 1 valid
10.1540 	DEBUG 	TextBox2 loaded 1 chars with 0 blanks and 1 valid
10.1618 	DEBUG 	TextBox2 loaded 1 chars with 0 blanks and 1 valid
10.1697 	DEBUG 	TextBox2 loaded 1 chars with 0 blanks and 1 valid
10.1775 	DEBUG 	TextBox2 loaded 1 chars with 0 blanks and 1 valid
10.1852 	DEBUG 	TextBox2 loaded 1 chars with 0 blanks and 1 valid
10.1929 	DEBUG 	TextBox2 loaded 1 chars with 0 blanks and 1 valid
10.2008 	DEBUG 	TextBox2 loaded 1 chars with 0 blanks and 1 valid
10.2085 	DEBUG 	TextBox2 loaded 1 chars with 0 blanks and 1 valid
10.2086 	DEBUG 	Uploading Texture Font fontname to graphics card
10.2114 	DEBUG 	Upload of Texture Font fontname complete
10.2218 	DEBUG 	TextBox2 loaded 1 chars with 0 blanks and 1 valid
10.2297 	DEBUG 	TextBox2 loaded 1 chars with 0 blanks and 1 valid
10.2375 	DEBUG 	TextBox2 loaded 1 chars with 0 blanks and 1 valid
10.2376 	DEBUG 	Uploading Texture Font fontname to graphics card
10.2390 	DEBUG 	Upload of Texture Font fontname complete
10.2399 	EXP 	window1: Attempting to measure frame rate of screen (0) ...
10.2399 	EXP 	window1: recordFrameIntervals = False
10.3796 	EXP 	window1: recordFrameIntervals = True
10.5270 	EXP 	Screen (0) actual frame rate measured at 74.61Hz
10.5270 	EXP 	window1: recordFrameIntervals = False
10.5501 	DEBUG 	TextBox2 loaded 1 chars with 0 blanks and 1 valid
10.5622 	DEBUG 	TextBox2 loaded 1 chars with 0 blanks and 1 valid
10.5726 	DEBUG 	TextBox2 loaded 1 chars with 0 blanks and 1 valid
10.5823 	DEBUG 	TextBox2 loaded 1 chars with 0 blanks and 1 valid
10.5913 	DEBUG 	TextBox2 loaded 1 chars with 0 blanks and 1 valid
10.5999 	DEBUG 	TextBox2 loaded 1 chars with 0 blanks and 1 valid
10.6078 	DEBUG 	TextBox2 loaded 1 chars with 0 blanks and 1 valid
10.6157 	DEBUG 	TextBox2 loaded 1 chars with 0 blanks and 1 valid
10.6233 	DEBUG 	TextBox2 loaded 1 chars with 0 blanks and 1 valid
10.6310 	DEBUG 	TextBox2 loaded 1 chars with 0 blanks and 1 valid
10.6312 	DEBUG 	Uploading Texture Font fontname to graphics card
10.6327 	DEBUG 	Upload of Texture Font fontname complete
11.5585 	INFO 	keyboard.Keyboard is using ptb backend.
11.5585 	EXP 	misty_module: status = STARTED
11.5917 	EXP 	Created text = TextStim(__class__=<class 'psychopy.visual.text.TextStim'>, alignHoriz=method-wrapper(...), alignText='center', alignVert=method-wrapper(...), anchorHoriz='center', anchorVert='center', antialias=True, autoDraw=False, autoLog=True, bold=False, color=array([1., 1., 1.]), colorSpace='rgb', contrast=1.0, depth=-1.0, draggable=False, flipHoriz=False, flipVert=False, font='Arial', fontFiles=[], height=np.float64(0.05), italic=False, languageStyle='LTR', name='text', opacity=1, ori=0.0, pos=array([0., 0.]), rgb=UNKNOWN, text=str(...), units='height', win=Window(...), wrapWidth=1)
11.5989 	EXP 	Created intstructs = TextStim(__class__=<class 'psychopy.visual.text.TextStim'>, alignHoriz=method-wrapper(...), alignText='center', alignVert=method-wrapper(...), anchorHoriz='center', anchorVert='center', antialias=True, autoDraw=False, autoLog=True, bold=False, color=array([1., 1., 1.]), colorSpace='rgb', contrast=1.0, depth=0.0, draggable=False, flipHoriz=False, flipVert=False, font='Arial', fontFiles=[], height=np.float64(0.05), italic=False, languageStyle='LTR', name='intstructs', opacity=1, ori=0.0, pos=array([0., 0.]), rgb=UNKNOWN, text=str(...), units='height', win=Window(...), wrapWidth=1)
11.6011 	EXP 	Created fix = TextStim(__class__=<class 'psychopy.visual.text.TextStim'>, alignHoriz=method-wrapper(...), alignText='center', alignVert=method-wrapper(...), anchorHoriz='center', anchorVert='center', antialias=True, autoDraw=False, autoLog=True, bold=False, color=array([1., 1., 1.]), colorSpace='rgb', contrast=1.0, depth=-1.0, draggable=False, flipHoriz=False, flipVert=False, font='Open Sans', fontFiles=[], height=np.float64(0.1), italic=False, languageStyle='LTR', name='fix', opacity=1, ori=0.0, pos=array([0., 0.]), rgb=UNKNOWN, text='+', units='height', win=Window(...), wrapWidth=1)
11.6062 	DEBUG 	TextBox2 loaded 1 chars with 0 blanks and 1 valid
11.6068 	DEBUG 	TextBox2 loaded 1 chars with 0 blanks and 1 valid
11.6074 	DEBUG 	TextBox2 loaded 1 chars with 0 blanks and 1 valid
11.6078 	DEBUG 	TextBox2 loaded 1 chars with 0 blanks and 1 valid
11.6080 	DEBUG 	TextBox2 loaded 1 chars with 0 blanks and 1 valid
11.6082 	DEBUG 	TextBox2 loaded 1 chars with 0 blanks and 1 valid
11.6087 	DEBUG 	TextBox2 loaded 1 chars with 0 blanks and 1 valid
11.6091 	DEBUG 	TextBox2 loaded 1 chars with 0 blanks and 1 valid
11.6093 	DEBUG 	TextBox2 loaded 1 chars with 0 blanks and 1 valid
11.6094 	DEBUG 	Uploading Texture Font fontname to graphics card
11.6115 	DEBUG 	Upload of Texture Font fontname complete
11.6319 	DEBUG 	TextBox2 loaded 1 chars with 0 blanks and 1 valid
11.6319 	DEBUG 	Uploading Texture Font fontname to graphics card
11.6340 	DEBUG 	Upload of Texture Font fontname complete
11.6439 	DEBUG 	TextBox2 loaded 1 chars with 0 blanks and 1 valid
11.6515 	DEBUG 	TextBox2 loaded 1 chars with 0 blanks and 1 valid
11.6590 	DEBUG 	TextBox2 loaded 1 chars with 0 blanks and 1 valid
11.6664 	DEBUG 	TextBox2 loaded 1 chars with 0 blanks and 1 valid
11.6737 	DEBUG 	TextBox2 loaded 1 chars with 0 blanks and 1 valid
11.6811 	DEBUG 	TextBox2 loaded 1 chars with 0 blanks and 1 valid
11.6886 	DEBUG 	TextBox2 loaded 1 chars with 0 blanks and 1 valid
11.6960 	DEBUG 	TextBox2 loaded 1 chars with 0 blanks and 1 valid
11.7034 	DEBUG 	TextBox2 loaded 1 chars with 0 blanks and 1 valid
11.7108 	DEBUG 	TextBox2 loaded 1 chars with 0 blanks and 1 valid
11.7109 	DEBUG 	Uploading Texture Font fontname to graphics card
11.7124 	DEBUG 	Upload of Texture Font fontname complete
11.7223 	DEBUG 	TextBox2 loaded 1 chars with 0 blanks and 1 valid
11.7224 	DEBUG 	Uploading Texture Font fontname to graphics card
11.7239 	DEBUG 	Upload of Texture Font fontname complete
11.7360 	DEBUG 	TextBox2 loaded 1 chars with 0 blanks and 1 valid
11.7361 	DEBUG 	Uploading Texture Font fontname to graphics card
11.7375 	DEBUG 	Upload of Texture Font fontname complete
11.7496 	DEBUG 	TextBox2 loaded 1 chars with 0 blanks and 1 valid
11.7497 	DEBUG 	Uploading Texture Font fontname to graphics card
11.7511 	DEBUG 	Upload of Texture Font fontname complete
11.7632 	DEBUG 	TextBox2 loaded 1 chars with 0 blanks and 1 valid
11.7633 	DEBUG 	Uploading Texture Font fontname to graphics card
11.7647 	DEBUG 	Upload of Texture Font fontname complete
11.7767 	DEBUG 	TextBox2 loaded 1 chars with 0 blanks and 1 valid
11.7768 	DEBUG 	Uploading Texture Font fontname to graphics card
11.7782 	DEBUG 	Upload of Texture Font fontname complete
11.7903 	DEBUG 	TextBox2 loaded 1 chars with 0 blanks and 1 valid
11.7903 	DEBUG 	Uploading Texture Font fontname to graphics card
11.7922 	DEBUG 	Upload of Texture Font fontname complete
11.8042 	DEBUG 	TextBox2 loaded 1 chars with 0 blanks and 1 valid
11.8042 	DEBUG 	Uploading Texture Font fontname to graphics card
11.8057 	DEBUG 	Upload of Texture Font fontname complete
11.8177 	DEBUG 	TextBox2 loaded 1 chars with 0 blanks and 1 valid
11.8177 	DEBUG 	Uploading Texture Font fontname to graphics card
11.8192 	DEBUG 	Upload of Texture Font fontname complete
11.8312 	DEBUG 	TextBox2 loaded 1 chars with 0 blanks and 1 valid
11.8313 	DEBUG 	Uploading Texture Font fontname to graphics card
11.8327 	DEBUG 	Upload of Texture Font fontname complete
11.8539 	EXP 	Created slider_3 = Slider(__class__=<class 'psychopy.visual.slider.Slider'>, autoDraw=False, autoLog=True, borderColor=None, color=None, colorSpace='rgb', depth=-2, fillColor=None, flip=False, font='Noto Sans', granularity=1, labelColor=None, labelHeight=np.float64(0.05), labelWrapWidth=None, labels=(0, 1, 2, 3, 4, 5, 6, 7, 8, 9), lineColor=None, markerColor=None, name='slider_3', opacity=None, ori=0.0, pos=array([ 0. , -0.4]), readOnly=False, self=UNKNOWN, size=array([1. , 0.1]), startValue=None, style='choice', styleTweaks=[], ticks=array([0, 1, 2, 3, 4, 5, 6, 7, 8, 9]), units='norm', win=Window(...))
11.8606 	EXP 	Created text_2 = TextStim(__class__=<class 'psychopy.visual.text.TextStim'>, alignHoriz=method-wrapper(...), alignText='center', alignVert=method-wrapper(...), anchorHoriz='center', anchorVert='center', antialias=True, autoDraw=False, autoLog=True, bold=False, color=array([1., 1., 1.]), colorSpace='rgb', contrast=1.0, depth=0.0, draggable=False, flipHoriz=False, flipVert=False, font='Arial', fontFiles=[], height=np.float64(0.05), italic=False, languageStyle='LTR', name='text_2', opacity=1, ori=0.0, pos=array([0., 0.]), rgb=UNKNOWN, text=str(...), units='height', win=Window(...), wrapWidth=1)
11.8613 	EXP 	Created fix = TextStim(__class__=<class 'psychopy.visual.text.TextStim'>, alignHoriz=method-wrapper(...), alignText='center', alignVert=method-wrapper(...), anchorHoriz='center', anchorVert='center', antialias=True, autoDraw=False, autoLog=True, bold=False, color=array([1., 1., 1.]), colorSpace='rgb', contrast=1.0, depth=-1.0, draggable=False, flipHoriz=False, flipVert=False, font='Open Sans', fontFiles=[], height=np.float64(0.1), italic=False, languageStyle='LTR', name='fix', opacity=1, ori=0.0, pos=array([0., 0.]), rgb=UNKNOWN, text='+', units='height', win=Window(...), wrapWidth=1)
11.8631 	EXP 	Created prog_3 = Progress(__class__=<class 'psychopy.visual.progress.Progress'>, anchor=('left', 'top'), autoDraw=False, autoLog=True, closeShape=True, color=method-wrapper(...), colorSpace='rgb', contrast=None, depth=-1, draggable=False, fillColor=array([-1.    ,  0.5373, -1.    ]), fillColorSpace='rgb', fillRGB=array([-1.    ,  0.5373, -1.    ]), interpolate=True, lineColor=array([1., 1., 1.]), lineColorSpace='rgb', lineRGB=array([1, 1, 1]), lineWidth=4.0, name='prog_3', opacity=1.0, ori=0.0, pos=array([-0.5,  0.5]), size=array([1. , 0.1]), units='norm', vertices=ndarray(...), win=Window(...), windingRule=None)
11.8638 	EXP 	Created prog_3Bar = ShapeStim(__class__=<class 'psychopy.visual.shape.ShapeStim'>, anchor=('left', 'top'), autoDraw=False, autoLog=True, closeShape=True, color=method-wrapper(...), colorSpace='rgb', contrast=None, depth=-1, draggable=False, fillColor=array([ 1., -1., -1.]), fillColorSpace='rgb', fillRGB=array([ 1., -1., -1.]), interpolate=True, lineColor=array([0., 0., 0.]), lineColorSpace='rgb', lineRGB=array([0, 0, 0]), lineWidth=1.5, name='prog_3Bar', opacity=1.0, ori=0.0, pos=array([-0.5,  0.5]), size=array([1. , 0.1]), units='norm', vertices=ndarray(...), win=Window(...), windingRule=None)
11.8643 	EXP 	Created greenbar_3 = Rect(__class__=<class 'psychopy.visual.rect.Rect'>, anchor=('left', 'center'), autoDraw=False, autoLog=True, closeShape=True, color=method-wrapper(...), colorSpace='rgb', contrast=None, depth=-2.0, draggable=False, fillColor=array([-1.    ,  0.0039, -1.    ]), fillColorSpace='rgb', fillRGB=array([-1.    ,  0.0039, -1.    ]), interpolate=True, lineColor=array([1., 1., 1.]), lineColorSpace='rgb', lineRGB=array([1, 1, 1]), lineWidth=1.0, name='greenbar_3', opacity=1, ori=0.0, pos=array([0.33333333, 0.7       ]), size=array([0.66666667, 0.1       ]), units='norm', vertices=ndarray(...), win=Window(...))
11.8648 	EXP 	Created yellowbar_3 = Rect(__class__=<class 'psychopy.visual.rect.Rect'>, anchor=('left', 'center'), autoDraw=False, autoLog=True, closeShape=True, color=method-wrapper(...), colorSpace='rgb', contrast=None, depth=-3.0, draggable=False, fillColor=array([ 1.,  1., -1.]), fillColorSpace='rgb', fillRGB=array([ 1.,  1., -1.]), interpolate=True, lineColor=array([1., 1., 1.]), lineColorSpace='rgb', lineRGB=array([1, 1, 1]), lineWidth=1.0, name='yellowbar_3', opacity=1, ori=0.0, pos=array([-0.33333333,  0.7       ]), size=array([0.66666667, 0.1       ]), units='norm', vertices=ndarray(...), win=Window(...))
11.8653 	EXP 	Created redbar_3 = Rect(__class__=<class 'psychopy.visual.rect.Rect'>, anchor=('left', 'center'), autoDraw=False, autoLog=True, closeShape=True, color=method-wrapper(...), colorSpace='rgb', contrast=None, depth=-4.0, draggable=False, fillColor=array([ 1., -1., -1.]), fillColorSpace='rgb', fillRGB=array([ 1., -1., -1.]), interpolate=True, lineColor=array([1., 1., 1.]), lineColorSpace='rgb', lineRGB=array([1, 1, 1]), lineWidth=1.0, name='redbar_3', opacity=1, ori=0.0, pos=array([-1. ,  0.7]), size=array([0.66666667, 0.1       ]), units='norm', vertices=ndarray(...), win=Window(...))
11.8660 	EXP 	Created arrow_3 = ShapeStim(__class__=<class 'psychopy.visual.shape.ShapeStim'>, anchor=('center', 'center'), autoDraw=False, autoLog=True, closeShape=True, color=method-wrapper(...), colorSpace='rgb', contrast=None, depth=-5.0, draggable=False, fillColor=array([1, 1, 1]), fillColorSpace='rgb', fillRGB=array([1, 1, 1]), interpolate=True, lineColor=array([1., 1., 1.]), lineColorSpace='rgb', lineRGB=array([1, 1, 1]), lineWidth=1.0, name='arrow_3', opacity=1, ori=0.0, pos=array([0., 0.]), size=array([0.05, 0.05]), units='norm', vertices=ndarray(...), win=Window(...), windingRule=None)
11.9350 	EXP 	Created slider_4 = Slider(__class__=<class 'psychopy.visual.slider.Slider'>, autoDraw=False, autoLog=True, borderColor=None, color=None, colorSpace='rgb', depth=-7, fillColor=None, flip=False, font='Noto Sans', granularity=1, labelColor=None, labelHeight=np.float64(0.05), labelWrapWidth=None, labels=(0, 1, 2, 3, 4, 5, 6, 7, 8, 9), lineColor=None, markerColor=None, name='slider_4', opacity=None, ori=0.0, pos=array([ 0. , -0.4]), readOnly=False, self=UNKNOWN, size=array([1. , 0.1]), startValue=None, style='choice', styleTweaks=[], ticks=array([0, 1, 2, 3, 4, 5, 6, 7, 8, 9]), units='norm', win=Window(...))
11.9406 	EXP 	Created text_3 = TextStim(__class__=<class 'psychopy.visual.text.TextStim'>, alignHoriz=method-wrapper(...), alignText='center', alignVert=method-wrapper(...), anchorHoriz='center', anchorVert='center', antialias=True, autoDraw=False, autoLog=True, bold=False, color=array([1., 1., 1.]), colorSpace='rgb', contrast=1.0, depth=0.0, draggable=False, flipHoriz=False, flipVert=False, font='Arial', fontFiles=[], height=np.float64(0.05), italic=False, languageStyle='LTR', name='text_3', opacity=1, ori=0.0, pos=array([0., 0.]), rgb=UNKNOWN, text='Training instructions here', units='height', win=Window(...), wrapWidth=1)
11.9413 	EXP 	Created fix = TextStim(__class__=<class 'psychopy.visual.text.TextStim'>, alignHoriz=method-wrapper(...), alignText='center', alignVert=method-wrapper(...), anchorHoriz='center', anchorVert='center', antialias=True, autoDraw=False, autoLog=True, bold=False, color=array([1., 1., 1.]), colorSpace='rgb', contrast=1.0, depth=-1.0, draggable=False, flipHoriz=False, flipVert=False, font='Open Sans', fontFiles=[], height=np.float64(0.1), italic=False, languageStyle='LTR', name='fix', opacity=1, ori=0.0, pos=array([0., 0.]), rgb=UNKNOWN, text='+', units='height', win=Window(...), wrapWidth=1)
12.0099 	EXP 	Created slider_training = Slider(__class__=<class 'psychopy.visual.slider.Slider'>, autoDraw=False, autoLog=True, borderColor=None, color=None, colorSpace='rgb', depth=-2, fillColor=None, flip=False, font='Noto Sans', granularity=1, labelColor=None, labelHeight=np.float64(0.05), labelWrapWidth=None, labels=(0, 1, 2, 3, 4, 5, 6, 7, 8, 9), lineColor=None, markerColor=None, name='slider_training', opacity=None, ori=0.0, pos=array([ 0. , -0.4]), readOnly=False, self=UNKNOWN, size=array([1. , 0.1]), startValue=None, style='choice', styleTweaks=[], ticks=array([0, 1, 2, 3, 4, 5, 6, 7, 8, 9]), units='norm', win=Window(...))
12.0159 	EXP 	Created text_4 = TextStim(__class__=<class 'psychopy.visual.text.TextStim'>, alignHoriz=method-wrapper(...), alignText='center', alignVert=method-wrapper(...), anchorHoriz='center', anchorVert='center', antialias=True, autoDraw=False, autoLog=True, bold=False, color=array([1., 1., 1.]), colorSpace='rgb', contrast=1.0, depth=0.0, draggable=False, flipHoriz=False, flipVert=False, font='Arial', fontFiles=[], height=np.float64(0.05), italic=False, languageStyle='LTR', name='text_4', opacity=1, ori=0.0, pos=array([0., 0.]), rgb=UNKNOWN, text='Please press space to move onto the next block', units='height', win=Window(...), wrapWidth=1)
12.0172 	EXP 	Created text_6 = TextStim(__class__=<class 'psychopy.visual.text.TextStim'>, alignHoriz=method-wrapper(...), alignText='center', alignVert=method-wrapper(...), anchorHoriz='center', anchorVert='center', antialias=True, autoDraw=False, autoLog=True, bold=False, color=array([1., 1., 1.]), colorSpace='rgb', contrast=1.0, depth=0.0, draggable=False, flipHoriz=False, flipVert=False, font='Arial', fontFiles=[], height=np.float64(0.05), italic=False, languageStyle='LTR', name='text_6', opacity=1, ori=0.0, pos=array([0., 0.]), rgb=UNKNOWN, text='Start of experiment', units='height', win=Window(...), wrapWidth=1)
12.0179 	EXP 	Created fix = TextStim(__class__=<class 'psychopy.visual.text.TextStim'>, alignHoriz=method-wrapper(...), alignText='center', alignVert=method-wrapper(...), anchorHoriz='center', anchorVert='center', antialias=True, autoDraw=False, autoLog=True, bold=False, color=array([1., 1., 1.]), colorSpace='rgb', contrast=1.0, depth=-1.0, draggable=False, flipHoriz=False, flipVert=False, font='Open Sans', fontFiles=[], height=np.float64(0.1), italic=False, languageStyle='LTR', name='fix', opacity=1, ori=0.0, pos=array([0., 0.]), rgb=UNKNOWN, text='+', units='height', win=Window(...), wrapWidth=1)
12.0186 	EXP 	Created prog = Progress(__class__=<class 'psychopy.visual.progress.Progress'>, anchor=('left', 'top'), autoDraw=False, autoLog=True, closeShape=True, color=method-wrapper(...), colorSpace='rgb', contrast=None, depth=-1, draggable=False, fillColor=array([-1.    ,  0.5373, -1.    ]), fillColorSpace='rgb', fillRGB=array([-1.    ,  0.5373, -1.    ]), interpolate=True, lineColor=array([1., 1., 1.]), lineColorSpace='rgb', lineRGB=array([1, 1, 1]), lineWidth=4.0, name='prog', opacity=1.0, ori=0.0, pos=array([-0.5,  0.5]), size=array([1. , 0.1]), units='norm', vertices=ndarray(...), win=Window(...), windingRule=None)
12.0193 	EXP 	Created progBar = ShapeStim(__class__=<class 'psychopy.visual.shape.ShapeStim'>, anchor=('left', 'top'), autoDraw=False, autoLog=True, closeShape=True, color=method-wrapper(...), colorSpace='rgb', contrast=None, depth=-1, draggable=False, fillColor=array([ 1., -1., -1.]), fillColorSpace='rgb', fillRGB=array([ 1., -1., -1.]), interpolate=True, lineColor=array([0., 0., 0.]), lineColorSpace='rgb', lineRGB=array([0, 0, 0]), lineWidth=1.5, name='progBar', opacity=1.0, ori=0.0, pos=array([-0.5,  0.5]), size=array([1. , 0.1]), units='norm', vertices=ndarray(...), win=Window(...), windingRule=None)
12.0198 	EXP 	Created redbar = Rect(__class__=<class 'psychopy.visual.rect.Rect'>, anchor=('left', 'center'), autoDraw=False, autoLog=True, closeShape=True, color=method-wrapper(...), colorSpace='rgb', contrast=None, depth=-2.0, draggable=False, fillColor=array([ 1., -1., -1.]), fillColorSpace='rgb', fillRGB=array([ 1., -1., -1.]), interpolate=True, lineColor=array([1., 1., 1.]), lineColorSpace='rgb', lineRGB=array([1, 1, 1]), lineWidth=1.0, name='redbar', opacity=1, ori=0.0, pos=array([-1. ,  0.7]), size=array([2. , 0.1]), units='norm', vertices=ndarray(...), win=Window(...))
12.0203 	EXP 	Created yellowbar = Rect(__class__=<class 'psychopy.visual.rect.Rect'>, anchor=('left', 'center'), autoDraw=False, autoLog=True, closeShape=True, color=method-wrapper(...), colorSpace='rgb', contrast=None, depth=-3.0, draggable=False, fillColor=array([ 1.,  1., -1.]), fillColorSpace='rgb', fillRGB=array([ 1.,  1., -1.]), interpolate=True, lineColor=array([1., 1., 1.]), lineColorSpace='rgb', lineRGB=array([1, 1, 1]), lineWidth=1.0, name='yellowbar', opacity=1, ori=0.0, pos=array([0. , 0.7]), size=array([1. , 0.1]), units='norm', vertices=ndarray(...), win=Window(...))
12.0208 	EXP 	Created greenbar = Rect(__class__=<class 'psychopy.visual.rect.Rect'>, anchor=('left', 'center'), autoDraw=False, autoLog=True, closeShape=True, color=method-wrapper(...), colorSpace='rgb', contrast=None, depth=-4.0, draggable=False, fillColor=array([-1.    ,  0.0039, -1.    ]), fillColorSpace='rgb', fillRGB=array([-1.    ,  0.0039, -1.    ]), interpolate=True, lineColor=array([1., 1., 1.]), lineColorSpace='rgb', lineRGB=array([1, 1, 1]), lineWidth=1.0, name='greenbar', opacity=1, ori=0.0, pos=array([0.7, 0.7]), size=array([0.3, 0.1]), units='norm', vertices=ndarray(...), win=Window(...))
12.0215 	EXP 	Created arrow = ShapeStim(__class__=<class 'psychopy.visual.shape.ShapeStim'>, anchor=('center', 'center'), autoDraw=False, autoLog=True, closeShape=True, color=method-wrapper(...), colorSpace='rgb', contrast=None, depth=-5.0, draggable=False, fillColor=array([1, 1, 1]), fillColorSpace='rgb', fillRGB=array([1, 1, 1]), interpolate=True, lineColor=array([1., 1., 1.]), lineColorSpace='rgb', lineRGB=array([1, 1, 1]), lineWidth=1.0, name='arrow', opacity=1, ori=0.0, pos=array([0., 0.]), size=array([0.05, 0.05]), units='norm', vertices=ndarray(...), win=Window(...), windingRule=None)
12.0907 	EXP 	Created slider = Slider(__class__=<class 'psychopy.visual.slider.Slider'>, autoDraw=False, autoLog=True, borderColor=None, color=None, colorSpace='rgb', depth=-7, fillColor=None, flip=False, font='Noto Sans', granularity=1, labelColor=None, labelHeight=np.float64(0.05), labelWrapWidth=None, labels=(0, 1, 2, 3, 4, 5, 6, 7, 8, 9), lineColor=None, markerColor=None, name='slider', opacity=None, ori=0.0, pos=array([ 0. , -0.4]), readOnly=False, self=UNKNOWN, size=array([1. , 0.1]), startValue=None, style='choice', styleTweaks=[], ticks=array([0, 1, 2, 3, 4, 5, 6, 7, 8, 9]), units='norm', win=Window(...))
12.0916 	EXP 	Created norm_arrow = ShapeStim(__class__=<class 'psychopy.visual.shape.ShapeStim'>, anchor=('center', 'center'), autoDraw=False, autoLog=True, closeShape=True, color=method-wrapper(...), colorSpace='rgb', contrast=None, depth=-9.0, draggable=False, fillColor=array([1, 1, 1]), fillColorSpace='rgb', fillRGB=array([1, 1, 1]), interpolate=True, lineColor=array([1., 1., 1.]), lineColorSpace='rgb', lineRGB=array([1, 1, 1]), lineWidth=1.0, name='norm_arrow', opacity=1, ori=0.0, pos=array([0.7, 0.6]), size=array([0.05, 0.05]), units='height', vertices=ndarray(...), win=Window(...), windingRule=None)
12.0964 	EXP 	Created text_5 = TextStim(__class__=<class 'psychopy.visual.text.TextStim'>, alignHoriz=method-wrapper(...), alignText='center', alignVert=method-wrapper(...), anchorHoriz='center', anchorVert='center', antialias=True, autoDraw=False, autoLog=True, bold=False, color=array([1., 1., 1.]), colorSpace='rgb', contrast=1.0, depth=0.0, draggable=False, flipHoriz=False, flipVert=False, font='Arial', fontFiles=[], height=0.05, italic=False, languageStyle='LTR', name='text_5', opacity=1, ori=0.0, pos=array([0., 0.]), rgb=UNKNOWN, text='', units='height', win=Window(...), wrapWidth=1)
12.0973 	EXP 	Created text_7 = TextStim(__class__=<class 'psychopy.visual.text.TextStim'>, alignHoriz=method-wrapper(...), alignText='center', alignVert=method-wrapper(...), anchorHoriz='center', anchorVert='center', antialias=True, autoDraw=False, autoLog=True, bold=False, color=array([1., 1., 1.]), colorSpace='rgb', contrast=1.0, depth=0.0, draggable=False, flipHoriz=False, flipVert=False, font='Arial', fontFiles=[], height=np.float64(0.05), italic=False, languageStyle='LTR', name='text_7', opacity=1, ori=0.0, pos=array([0., 0.]), rgb=UNKNOWN, text='Thanks', units='height', win=Window(...), wrapWidth=1)
0.0025 	EXP 	equation_practice_1: autoLog = True
0.0025 	EXP 	slider_3: autoLog = True
0.0025 	EXP 	slider_3: styleTweaks = []
0.0025 	EXP 	slider_3: styleTweaks = []
0.0025 	EXP 	slider_3: styleTweaks = []
0.0025 	EXP 	slider_3: styleTweaks = []
0.0025 	EXP 	slider_3: contrast = 1.0
0.0025 	EXP 	slider_3: markerPos = None
0.0025 	EXP 	slider_3: autoLog = True
0.0025 	EXP 	feedback_practice_1: autoLog = True
0.0025 	EXP 	prog_3: direction = 'horizontal'
0.0025 	EXP 	prog_3: progress = 0.0
0.0025 	EXP 	textbox_5: autoLog = True
0.0025 	EXP 	slider_4: autoLog = True
0.0025 	EXP 	slider_4: styleTweaks = []
0.0025 	EXP 	slider_4: styleTweaks = []
0.0025 	EXP 	slider_4: styleTweaks = []
0.0025 	EXP 	slider_4: styleTweaks = []
0.0025 	EXP 	slider_4: contrast = 1.0
0.0025 	EXP 	slider_4: markerPos = None
0.0025 	EXP 	slider_4: autoLog = True
0.0025 	EXP 	feedback_practice_1: autoLog = True
0.0025 	EXP 	textbox_3: autoLog = True
0.0025 	EXP 	slider_training: autoLog = True
0.0025 	EXP 	slider_training: styleTweaks = []
0.0025 	EXP 	slider_training: styleTweaks = []
0.0025 	EXP 	slider_training: styleTweaks = []
0.0025 	EXP 	slider_training: styleTweaks = []
0.0025 	EXP 	slider_training: contrast = 1.0
0.0025 	EXP 	slider_training: markerPos = None
0.0025 	EXP 	slider_training: autoLog = True
0.0025 	EXP 	feedback_practice_1: autoLog = True
0.0025 	EXP 	prog: direction = 'horizontal'
0.0025 	EXP 	prog: progress = 0.0
0.0025 	EXP 	textbox: autoLog = True
0.0025 	EXP 	slider: autoLog = True
0.0025 	EXP 	slider: styleTweaks = []
0.0025 	EXP 	slider: styleTweaks = []
0.0025 	EXP 	slider: styleTweaks = []
0.0025 	EXP 	slider: styleTweaks = []
0.0025 	EXP 	slider: contrast = 1.0
0.0025 	EXP 	slider: markerPos = None
0.0025 	EXP 	slider: autoLog = True
0.0025 	EXP 	feedback_practice_1: autoLog = True
0.0122 	INFO 	Keyboard events cleared
0.0121 	EXP 	text: autoDraw = True
0.4872 	EXP 	Device response: <KeyPress from None: t=0.36845999999968626, value=l, duration=None>
0.4873 	EXP 	Device response: <KeyPress from None: t=0.36845999999968626, value=l, duration=0.11398233299951244>
0.4897 	DATA 	Keypress: l
0.4913 	INFO 	Keyboard events cleared
0.4913 	EXP 	text: autoDraw = False
0.4913 	EXP 	intstructs: autoDraw = True
0.8870 	EXP 	Device response: <KeyPress from None: t=0.8854546250004205, value=space, duration=None>
0.8893 	DATA 	Keypress: space
0.9058 	DEBUG 	Read excel file with openpyxl: practice_difficulty.xlsx
0.9060 	EXP 	Imported practice_difficulty.xlsx as conditions, 3 conditions, 1 params
0.9089 	EXP 	intstructs: autoDraw = False
0.9089 	EXP 	text_2: autoDraw = True
0.9809 	EXP 	Device response: <KeyPress from None: t=0.8854546250004205, value=space, duration=0.09398466699894925>
2.9021 	DEBUG 	Read excel file with openpyxl: practice_difficulty.xlsx
2.9022 	EXP 	Imported practice_difficulty.xlsx as conditions, 3 conditions, 1 params
2.9104 	EXP 	text_2: autoDraw = False
2.9104 	EXP 	text_2: autoDraw = False
2.9104 	EXP 	text_3: autoDraw = True
4.9149 	DEBUG 	Read csv file with pandas: training.csv
4.9192 	DEBUG 	Clearing unnamed columns from training.csv
4.9199 	EXP 	Imported training.csv as conditions, 5 conditions, 2 params
4.9205 	EXP 	New trial (rep=0, index=0): <Trial 0 (0 in rep 0) data={'train_diff': 'easy2', 'train_time': np.int64(5), 'thisN': 0, 'thisTrialN': 0, 'thisRepN': 0}>
4.9253 	EXP 	New trial (rep=0, index=0): <Trial 0 (0 in rep 0) data={'thisN': 0, 'thisTrialN': 0, 'thisRepN': 0}>
4.9300 	EXP 	text_3: autoDraw = False
4.9300 	EXP 	fix: autoDraw = True
5.4115 	DEBUG 	TextBox2 loaded 1 chars with 0 blanks and 1 valid
5.4125 	DEBUG 	TextBox2 loaded 1 chars with 0 blanks and 1 valid
5.4144 	DEBUG 	TextBox2 loaded 1 chars with 0 blanks and 1 valid
5.4158 	DEBUG 	TextBox2 loaded 1 chars with 0 blanks and 1 valid
5.4179 	DEBUG 	TextBox2 loaded 1 chars with 0 blanks and 1 valid
5.4190 	DEBUG 	TextBox2 loaded 1 chars with 0 blanks and 1 valid
5.4205 	DEBUG 	TextBox2 loaded 1 chars with 0 blanks and 1 valid
5.4209 	DEBUG 	Uploading Texture Font fontname to graphics card
5.4258 	DEBUG 	Upload of Texture Font fontname complete
5.4510 	INFO 	Keyboard events cleared
5.4509 	EXP 	fix: autoDraw = False
5.4509 	EXP 	slider_training: markerPos = None
5.4509 	EXP 	slider_training: markerPos = None
5.4509 	EXP 	textbox_3: autoDraw = True
5.4509 	EXP 	slider_training: autoDraw = True
5.7662 	EXP 	Device response: <KeyPress from None: t=5.7594425000006595, value=4, duration=None>
5.7671 	DEBUG 	TextBox2 loaded 1 chars with 0 blanks and 1 valid
5.7676 	DEBUG 	TextBox2 loaded 1 chars with 0 blanks and 1 valid
5.7681 	DEBUG 	TextBox2 loaded 1 chars with 0 blanks and 1 valid
5.7686 	DEBUG 	TextBox2 loaded 1 chars with 0 blanks and 1 valid
5.7690 	DEBUG 	TextBox2 loaded 1 chars with 0 blanks and 1 valid
5.7694 	DEBUG 	TextBox2 loaded 1 chars with 0 blanks and 1 valid
5.7695 	DEBUG 	Uploading Texture Font fontname to graphics card
5.7711 	DEBUG 	Upload of Texture Font fontname complete
5.7730 	DATA 	Keypress: 4
5.7784 	EXP 	textbox_3: autoDraw = False
5.7784 	EXP 	slider_training: autoDraw = False
5.7784 	EXP 	feedback_practice_1: autoDraw = True
5.9271 	EXP 	Device response: <KeyPress from None: t=5.921452124999632, value=6, duration=None>
5.9289 	DATA 	Keypress: 6
6.0078 	EXP 	Device response: <KeyPress from None: t=5.7594425000006595, value=4, duration=0.2429805829997349>
6.1029 	EXP 	Device response: <KeyPress from None: t=5.921452124999632, value=6, duration=0.16999558300085482>
6.7664 	EXP 	New trial (rep=1, index=0): <Trial 1 (0 in rep 1) data={'thisN': 1, 'thisTrialN': 0, 'thisRepN': 1}>
6.7788 	EXP 	feedback_practice_1: autoDraw = False
6.7788 	EXP 	feedback_practice_1: autoDraw = False
6.7788 	EXP 	fix: autoDraw = True
7.2762 	DEBUG 	TextBox2 loaded 1 chars with 0 blanks and 1 valid
7.2771 	DEBUG 	TextBox2 loaded 1 chars with 0 blanks and 1 valid
7.2779 	DEBUG 	TextBox2 loaded 1 chars with 0 blanks and 1 valid
7.2787 	DEBUG 	TextBox2 loaded 1 chars with 0 blanks and 1 valid
7.2791 	DEBUG 	TextBox2 loaded 1 chars with 0 blanks and 1 valid
7.2799 	DEBUG 	TextBox2 loaded 1 chars with 0 blanks and 1 valid
7.2800 	DEBUG 	Uploading Texture Font fontname to graphics card
7.2823 	DEBUG 	Upload of Texture Font fontname complete
7.2845 	INFO 	Keyboard events cleared
7.2844 	EXP 	fix: autoDraw = False
7.2844 	EXP 	slider_training: markerPos = None
7.2844 	EXP 	slider_training: markerPos = None
7.2844 	EXP 	textbox_3: autoDraw = True
7.2844 	EXP 	slider_training: autoDraw = True
7.2844 	EXP 	textbox_3: autoDraw = False
7.2844 	EXP 	slider_training: autoDraw = False
7.2844 	EXP 	feedback_practice_1: autoDraw = True
7.9934 	EXP 	Device response: <KeyPress from None: t=7.98342566700012, value=4, duration=None>
7.9946 	DATA 	Keypress: 4
8.2606 	EXP 	Device response: <KeyPress from None: t=8.247418500001004, value=6, duration=None>
8.2620 	DATA 	Keypress: 6
8.2861 	EXP 	feedback_practice_1: autoDraw = False
8.2861 	EXP 	feedback_practice_1: autoDraw = False
8.2861 	EXP 	text_4: autoDraw = True
8.3007 	EXP 	Device response: <KeyPress from None: t=7.98342566700012, value=4, duration=0.3120261660005781>
8.3405 	EXP 	Device response: <KeyPress from None: t=8.247418500001004, value=6, duration=0.08402804199977254>
9.2776 	EXP 	New trial (rep=0, index=1): <Trial 1 (1 in rep 0) data={'train_diff': 'med1', 'train_time': np.int64(5), 'thisN': 1, 'thisTrialN': 1, 'thisRepN': 0}>
9.2843 	EXP 	New trial (rep=0, index=0): <Trial 0 (0 in rep 0) data={'thisN': 0, 'thisTrialN': 0, 'thisRepN': 0}>
9.2879 	EXP 	text_4: autoDraw = False
9.2879 	EXP 	fix: autoDraw = True
9.7822 	DEBUG 	TextBox2 loaded 1 chars with 0 blanks and 1 valid
9.7828 	DEBUG 	TextBox2 loaded 1 chars with 0 blanks and 1 valid
9.7835 	DEBUG 	TextBox2 loaded 1 chars with 0 blanks and 1 valid
9.7837 	DEBUG 	Uploading Texture Font fontname to graphics card
9.7861 	DEBUG 	Upload of Texture Font fontname complete
9.7951 	INFO 	Keyboard events cleared
9.7951 	EXP 	fix: autoDraw = False
9.7951 	EXP 	slider_training: markerPos = None
9.7951 	EXP 	slider_training: markerPos = None
9.7951 	EXP 	textbox_3: autoDraw = True
9.7951 	EXP 	slider_training: autoDraw = True
10.2744 	EXP 	Device response: <KeyPress from None: t=10.271445917000165, value=4, duration=None>
10.2765 	DATA 	Keypress: 4
10.2867 	EXP 	textbox_3: autoDraw = False
10.2867 	EXP 	slider_training: autoDraw = False
10.2867 	EXP 	feedback_practice_1: autoDraw = True
10.3012 	EXP 	Device response: <KeyPress from None: t=10.290431167000861, value=5, duration=None>
10.3024 	DATA 	Keypress: 5
10.3681 	EXP 	Device response: <KeyPress from None: t=10.365445458000977, value=6, duration=None>
10.3695 	DATA 	Keypress: 6
10.3815 	EXP 	Device response: <KeyPress from None: t=10.290431167000861, value=5, duration=0.08898916599900986>
10.4087 	EXP 	Device response: <KeyPress from None: t=10.271445917000165, value=4, duration=0.12598808300026576>
10.5029 	EXP 	Device response: <KeyPress from None: t=10.365445458000977, value=6, duration=0.13296945899855928>
11.2779 	EXP 	New trial (rep=1, index=0): <Trial 1 (0 in rep 1) data={'thisN': 1, 'thisTrialN': 0, 'thisRepN': 1}>
11.2879 	EXP 	feedback_practice_1: autoDraw = False
11.2879 	EXP 	fix: autoDraw = True
11.7880 	DEBUG 	TextBox2 loaded 1 chars with 0 blanks and 1 valid
11.7886 	DEBUG 	Uploading Texture Font fontname to graphics card
11.7931 	DEBUG 	Upload of Texture Font fontname complete
11.8008 	INFO 	Keyboard events cleared
11.8007 	EXP 	fix: autoDraw = False
11.8007 	EXP 	slider_training: markerPos = None
11.8007 	EXP 	slider_training: markerPos = None
11.8007 	EXP 	textbox_3: autoDraw = True
11.8007 	EXP 	slider_training: autoDraw = True
11.8007 	EXP 	textbox_3: autoDraw = False
11.8007 	EXP 	slider_training: autoDraw = False
11.8007 	EXP 	feedback_practice_1: autoDraw = True
12.7841 	EXP 	Device response: <KeyPress from None: t=12.777437374999863, value=5, duration=None>
12.7873 	DATA 	Keypress: 5
12.8081 	EXP 	feedback_practice_1: autoDraw = False
12.8081 	EXP 	text_4: autoDraw = True
12.8519 	EXP 	Device response: <KeyPress from None: t=12.83950754199941, value=6, duration=None>
12.8536 	DATA 	Keypress: 6
12.9049 	EXP 	Device response: <KeyPress from None: t=12.777437374999863, value=5, duration=0.12298670800009859>
12.9581 	EXP 	Device response: <KeyPress from None: t=12.83950754199941, value=6, duration=0.11790720800127019>
13.7989 	EXP 	New trial (rep=0, index=2): <Trial 2 (2 in rep 0) data={'train_diff': 'med2', 'train_time': np.int64(5), 'thisN': 2, 'thisTrialN': 2, 'thisRepN': 0}>
13.8064 	EXP 	New trial (rep=0, index=0): <Trial 0 (0 in rep 0) data={'thisN': 0, 'thisTrialN': 0, 'thisRepN': 0}>
13.8100 	EXP 	text_4: autoDraw = False
13.8100 	EXP 	fix: autoDraw = True
14.3055 	DEBUG 	TextBox2 loaded 1 chars with 0 blanks and 1 valid
14.3057 	DEBUG 	Uploading Texture Font fontname to graphics card
14.3074 	DEBUG 	Upload of Texture Font fontname complete
14.3150 	INFO 	Keyboard events cleared
14.3149 	EXP 	fix: autoDraw = False
14.3149 	EXP 	slider_training: markerPos = None
14.3149 	EXP 	slider_training: markerPos = None
14.3149 	EXP 	textbox_3: autoDraw = True
14.3149 	EXP 	slider_training: autoDraw = True
14.5823 	EXP 	Device response: <KeyPress from None: t=14.577410792000592, value=4, duration=None>
14.5842 	DATA 	Keypress: 4
14.5949 	EXP 	textbox_3: autoDraw = False
14.5949 	EXP 	slider_training: autoDraw = False
14.5949 	EXP 	feedback_practice_1: autoDraw = True
14.7028 	EXP 	Device response: <KeyPress from None: t=14.689394791999803, value=6, duration=None>
14.7039 	DATA 	Keypress: 6
14.7295 	EXP 	Device response: <KeyPress from None: t=14.577410792000592, value=4, duration=0.1430197079989739>
14.7829 	EXP 	Device response: <KeyPress from None: t=14.689394791999803, value=6, duration=0.08902845800002979>
15.5841 	EXP 	New trial (rep=1, index=0): <Trial 1 (0 in rep 1) data={'thisN': 1, 'thisTrialN': 0, 'thisRepN': 1}>
15.5957 	EXP 	feedback_practice_1: autoDraw = False
15.5957 	EXP 	fix: autoDraw = True
16.0954 	DEBUG 	TextBox2 loaded 1 chars with 0 blanks and 1 valid
16.0959 	DEBUG 	Uploading Texture Font fontname to graphics card
16.1001 	DEBUG 	Upload of Texture Font fontname complete
16.1064 	INFO 	Keyboard events cleared
16.1063 	EXP 	fix: autoDraw = False
16.1063 	EXP 	slider_training: markerPos = None
16.1063 	EXP 	slider_training: markerPos = None
16.1063 	EXP 	textbox_3: autoDraw = True
16.1063 	EXP 	slider_training: autoDraw = True
16.1063 	EXP 	textbox_3: autoDraw = False
16.1063 	EXP 	slider_training: autoDraw = False
16.1063 	EXP 	feedback_practice_1: autoDraw = True
16.6257 	EXP 	Device response: <KeyPress from None: t=16.61442666699986, value=4, duration=None>
16.6286 	DATA 	Keypress: 4
16.7187 	EXP 	Device response: <KeyPress from None: t=16.708434792000844, value=6, duration=None>
16.7215 	DATA 	Keypress: 6
16.7225 	DATA 	Keypress: 5
16.7316 	EXP 	Device response: <KeyPress from None: t=16.71843274999992, value=5, duration=None>
16.7452 	EXP 	Device response: <KeyPress from None: t=16.61442666699986, value=4, duration=0.11897483299981104>
16.7984 	EXP 	Device response: <KeyPress from None: t=16.71843274999992, value=5, duration=0.0739971670009254>
16.8118 	EXP 	Device response: <KeyPress from None: t=16.708434792000844, value=6, duration=0.0969768329996441>
17.1036 	EXP 	feedback_practice_1: autoDraw = False
17.1036 	EXP 	feedback_practice_1: autoDraw = False
17.1036 	EXP 	text_4: autoDraw = True
18.0934 	EXP 	New trial (rep=0, index=3): <Trial 3 (3 in rep 0) data={'train_diff': 'easy1', 'train_time': np.int64(5), 'thisN': 3, 'thisTrialN': 3, 'thisRepN': 0}>
18.0993 	EXP 	New trial (rep=0, index=0): <Trial 0 (0 in rep 0) data={'thisN': 0, 'thisTrialN': 0, 'thisRepN': 0}>
18.1031 	EXP 	text_4: autoDraw = False
18.1031 	EXP 	text_4: autoDraw = False
18.1031 	EXP 	fix: autoDraw = True
18.6233 	INFO 	Keyboard events cleared
18.6233 	EXP 	fix: autoDraw = False
18.6233 	EXP 	fix: autoDraw = False
18.6233 	EXP 	slider_training: markerPos = None
18.6233 	EXP 	slider_training: markerPos = None
18.6233 	EXP 	textbox_3: autoDraw = True
18.6233 	EXP 	slider_training: autoDraw = True
19.0111 	EXP 	Device response: <KeyPress from None: t=19.00444037499983, value=4, duration=None>
19.0133 	DATA 	Keypress: 4
19.0230 	EXP 	textbox_3: autoDraw = False
19.0230 	EXP 	slider_training: autoDraw = False
19.0230 	EXP 	feedback_practice_1: autoDraw = True
19.0647 	EXP 	Device response: <KeyPress from None: t=19.060404916999687, value=5, duration=None>
19.0660 	DATA 	Keypress: 5
19.1318 	EXP 	Device response: <KeyPress from None: t=19.00444037499983, value=4, duration=0.11396274999970046>
19.1453 	EXP 	Device response: <KeyPress from None: t=19.144406458000958, value=6, duration=None>
19.1470 	DATA 	Keypress: 6
19.1723 	EXP 	Device response: <KeyPress from None: t=19.060404916999687, value=5, duration=0.10300904100040498>
19.1990 	EXP 	Device response: <KeyPress from None: t=19.144406458000958, value=6, duration=0.04200129199853109>
20.0127 	EXP 	New trial (rep=1, index=0): <Trial 1 (0 in rep 1) data={'thisN': 1, 'thisTrialN': 0, 'thisRepN': 1}>
20.0248 	EXP 	feedback_practice_1: autoDraw = False
20.0248 	EXP 	fix: autoDraw = True
20.5312 	INFO 	Keyboard events cleared
20.5311 	EXP 	fix: autoDraw = False
20.5311 	EXP 	slider_training: markerPos = None
20.5311 	EXP 	slider_training: markerPos = None
20.5311 	EXP 	textbox_3: autoDraw = True
20.5311 	EXP 	slider_training: autoDraw = True
20.5311 	EXP 	textbox_3: autoDraw = False
20.5311 	EXP 	slider_training: autoDraw = False
20.5311 	EXP 	feedback_practice_1: autoDraw = True
21.5312 	EXP 	feedback_practice_1: autoDraw = False
21.5312 	EXP 	feedback_practice_1: autoDraw = False
21.5312 	EXP 	text_4: autoDraw = True
22.3629 	EXP 	Device response: <KeyPress from None: t=22.351416375000554, value=6, duration=None>
22.3735 	DATA 	Keypress: 6
22.4827 	EXP 	Device response: <KeyPress from None: t=22.351416375000554, value=6, duration=0.11700495799959754>
22.5095 	EXP 	Device response: <KeyPress from None: t=22.501417957999365, value=5, duration=None>
22.5120 	DATA 	Keypress: 5
22.5203 	EXP 	New trial (rep=0, index=4): <Trial 4 (4 in rep 0) data={'train_diff': 'hard', 'train_time': np.int64(5), 'thisN': 4, 'thisTrialN': 4, 'thisRepN': 0}>
22.5251 	EXP 	New trial (rep=0, index=0): <Trial 0 (0 in rep 0) data={'thisN': 0, 'thisTrialN': 0, 'thisRepN': 0}>
22.5316 	EXP 	text_4: autoDraw = False
22.5316 	EXP 	text_4: autoDraw = False
22.5316 	EXP 	fix: autoDraw = True
22.6289 	EXP 	Device response: <KeyPress from None: t=22.501417957999365, value=5, duration=0.11503216700111807>
23.0531 	INFO 	Keyboard events cleared
23.0530 	EXP 	fix: autoDraw = False
23.0530 	EXP 	slider_training: markerPos = None
23.0530 	EXP 	slider_training: markerPos = None
23.0530 	EXP 	textbox_3: autoDraw = True
23.0530 	EXP 	slider_training: autoDraw = True
23.3197 	EXP 	Device response: <KeyPress from None: t=23.31541316699986, value=4, duration=None>
23.3212 	DEBUG 	TextBox2 loaded 1 chars with 0 blanks and 1 valid
23.3213 	DEBUG 	Uploading Texture Font fontname to graphics card
23.3235 	DEBUG 	Upload of Texture Font fontname complete
23.3252 	DATA 	Keypress: 4
23.3316 	EXP 	textbox_3: autoDraw = False
23.3316 	EXP 	slider_training: autoDraw = False
23.3316 	EXP 	feedback_practice_1: autoDraw = True
23.3998 	EXP 	Device response: <KeyPress from None: t=23.388394999999946, value=5, duration=None>
23.3999 	EXP 	Device response: <KeyPress from None: t=23.390391500000987, value=6, duration=None>
23.4013 	DATA 	Keypress: 5
23.4019 	DATA 	Keypress: 6
23.4401 	EXP 	Device response: <KeyPress from None: t=23.31541316699986, value=4, duration=0.11297924999962561>
23.5342 	EXP 	Device response: <KeyPress from None: t=23.390391500000987, value=6, duration=0.13903520799976832>
23.5476 	EXP 	Device response: <KeyPress from None: t=23.388394999999946, value=5, duration=0.15499295799963875>
24.3210 	EXP 	New trial (rep=1, index=0): <Trial 1 (0 in rep 1) data={'thisN': 1, 'thisTrialN': 0, 'thisRepN': 1}>
24.3328 	EXP 	feedback_practice_1: autoDraw = False
24.3328 	EXP 	fix: autoDraw = True
24.8332 	DEBUG 	TextBox2 loaded 1 chars with 0 blanks and 1 valid
24.8336 	DEBUG 	Uploading Texture Font fontname to graphics card
24.8377 	DEBUG 	Upload of Texture Font fontname complete
24.8438 	INFO 	Keyboard events cleared
24.8437 	EXP 	fix: autoDraw = False
24.8437 	EXP 	slider_training: markerPos = None
24.8437 	EXP 	slider_training: markerPos = None
24.8437 	EXP 	textbox_3: autoDraw = True
24.8437 	EXP 	slider_training: autoDraw = True
24.8437 	EXP 	textbox_3: autoDraw = False
24.8437 	EXP 	slider_training: autoDraw = False
24.8437 	EXP 	feedback_practice_1: autoDraw = True
25.8402 	EXP 	feedback_practice_1: autoDraw = False
25.8402 	EXP 	feedback_practice_1: autoDraw = False
25.8402 	EXP 	text_4: autoDraw = True
25.9636 	EXP 	Device response: <KeyPress from None: t=25.962400250000428, value=lctrl, duration=None>
25.9759 	DATA 	Keypress: lctrl
25.9887 	EXP 	Device response: <KeyPress from None: t=25.962400250000428, value=lctrl, duration=0.018004457999268197>
26.2175 	EXP 	Device response: <KeyPress from None: t=26.21540662500047, value=escape, duration=None>
26.2403 	DATA 	Keypress: escape
26.3381 	EXP 	Device response: <KeyPress from None: t=26.21540662500047, value=escape, duration=0.11898708300032013>
26.3382 	EXP 	misty_module: status = STOPPED
26.3464 	EXP 	text_4: autoDraw = False
26.3491 	EXP 	misty_module: status = STOPPED
26.3570 	INFO 	saved data to '/Users/hackerman/misty_py/data/pilot_misty_module_2026-01-31_19h43.41.982.csv'
26.3579 	INFO 	saved data to /Users/hackerman/misty_py/data/pilot_misty_module_2026-01-31_19h43.41.982.psydat
26.4524 	DEBUG 	Saving data for misty_module ExperimentHandler
26.4530 	WARNING 	Stopping key buffers but this could be dangerous ifother keyboards rely on the same.
