4.0356 	DEBUG 	Fullscreen settings ignored as running in pilot mode.
4.0368 	INFO 	Loaded monitor calibration from ['2025_12_08 16:52']
4.4579 	INFO 	Using renderer 'NVIDIA GeForce GTX 1660/PCIe/SSE2' for graphics
4.4580 	INFO 	OpenGL version supported by driver is 4..
4.4644 	EXP 	Created window1 = Window(allowGUI=False, allowStencil=True, autoLog=True, backendConf=UNKNOWN, backgroundFit=<method-wrapper '__getattribute__' of attributeSetter object at 0x79c11a581930>, backgroundImage=<method-wrapper '__getattribute__' of attributeSetter object at 0x79c11a5818d0>, bitsMode=UNKNOWN, blendMode='avg', bpc=(8, 8, 8), color=array([0, 0, 0]), colorSpace='rgb', depthBits=8, fullscr=False, gamma=None, gammaErrorPolicy='raise', infoMsg=UNKNOWN, lms=UNKNOWN, monitor=<psychopy.monitors.calibTools.Monitor object at 0x79c1154abb20>, multiSample=False, name='window1', numSamples=2, pos=[np.float64(560.0), np.float64(240.0)], screen=0, size=array([800, 600]), stencilBits=8, stereo=False, title='PsychoPy', units='height', useFBO=True, useRetina=False, viewOri=0.0, viewPos=None, viewScale=None, waitBlanking=True, winType='pyglet')
4.4645 	EXP 	window1: backgroundImage = ''
4.4646 	EXP 	window1: backgroundFit = 'none'
4.4756 	DEBUG 	TextBox2 loaded 1 chars with 0 blanks and 1 valid
4.4771 	DEBUG 	TextBox2 loaded 1 chars with 0 blanks and 1 valid
4.4786 	DEBUG 	TextBox2 loaded 1 chars with 0 blanks and 1 valid
4.4803 	DEBUG 	TextBox2 loaded 1 chars with 0 blanks and 1 valid
4.4821 	DEBUG 	TextBox2 loaded 1 chars with 0 blanks and 1 valid
4.4832 	DEBUG 	TextBox2 loaded 1 chars with 0 blanks and 1 valid
4.4846 	DEBUG 	TextBox2 loaded 1 chars with 0 blanks and 1 valid
4.4863 	DEBUG 	TextBox2 loaded 1 chars with 0 blanks and 1 valid
4.4872 	DEBUG 	TextBox2 loaded 1 chars with 0 blanks and 1 valid
4.4882 	DEBUG 	TextBox2 loaded 1 chars with 0 blanks and 1 valid
4.4896 	DEBUG 	TextBox2 loaded 1 chars with 0 blanks and 1 valid
4.4911 	DEBUG 	TextBox2 loaded 1 chars with 0 blanks and 1 valid
4.4925 	DEBUG 	TextBox2 loaded 1 chars with 0 blanks and 1 valid
4.4939 	DEBUG 	TextBox2 loaded 1 chars with 0 blanks and 1 valid
4.4952 	DEBUG 	TextBox2 loaded 1 chars with 0 blanks and 1 valid
4.4967 	DEBUG 	TextBox2 loaded 1 chars with 0 blanks and 1 valid
4.4982 	DEBUG 	TextBox2 loaded 1 chars with 0 blanks and 1 valid
4.4993 	DEBUG 	TextBox2 loaded 1 chars with 0 blanks and 1 valid
4.5004 	DEBUG 	TextBox2 loaded 1 chars with 0 blanks and 1 valid
4.5022 	DEBUG 	TextBox2 loaded 1 chars with 0 blanks and 1 valid
4.5032 	DEBUG 	TextBox2 loaded 1 chars with 0 blanks and 1 valid
4.5036 	DEBUG 	Uploading Texture Font fontname to graphics card
4.5105 	DEBUG 	Upload of Texture Font fontname complete
4.5203 	DEBUG 	TextBox2 loaded 1 chars with 0 blanks and 1 valid
4.5221 	DEBUG 	TextBox2 loaded 1 chars with 0 blanks and 1 valid
4.5238 	DEBUG 	TextBox2 loaded 1 chars with 0 blanks and 1 valid
4.5241 	DEBUG 	Uploading Texture Font fontname to graphics card
4.5283 	DEBUG 	Upload of Texture Font fontname complete
4.5308 	EXP 	window1: Attempting to measure frame rate of screen (0) ...
4.5309 	EXP 	window1: recordFrameIntervals = False
4.7006 	EXP 	window1: recordFrameIntervals = True
4.8841 	EXP 	Screen (0) actual frame rate measured at 60.00Hz
4.8841 	EXP 	window1: recordFrameIntervals = False
4.8929 	DEBUG 	TextBox2 loaded 1 chars with 0 blanks and 1 valid
4.8944 	DEBUG 	TextBox2 loaded 1 chars with 0 blanks and 1 valid
4.8959 	DEBUG 	TextBox2 loaded 1 chars with 0 blanks and 1 valid
4.8978 	DEBUG 	TextBox2 loaded 1 chars with 0 blanks and 1 valid
4.8996 	DEBUG 	TextBox2 loaded 1 chars with 0 blanks and 1 valid
4.9015 	DEBUG 	TextBox2 loaded 1 chars with 0 blanks and 1 valid
4.9027 	DEBUG 	TextBox2 loaded 1 chars with 0 blanks and 1 valid
4.9043 	DEBUG 	TextBox2 loaded 1 chars with 0 blanks and 1 valid
4.9061 	DEBUG 	TextBox2 loaded 1 chars with 0 blanks and 1 valid
4.9079 	DEBUG 	TextBox2 loaded 1 chars with 0 blanks and 1 valid
4.9083 	DEBUG 	Uploading Texture Font fontname to graphics card
4.9097 	DEBUG 	Upload of Texture Font fontname complete
4.9361 	INFO 	keyboard.Keyboard is using ptb backend.
4.9362 	EXP 	misty_module: status = STARTED
4.9966 	EXP 	Created text = TextStim(__class__=<class 'psychopy.visual.text.TextStim'>, alignHoriz=method-wrapper(...), alignText='center', alignVert=method-wrapper(...), anchorHoriz='center', anchorVert='center', antialias=True, autoDraw=False, autoLog=True, bold=False, color=array([1., 1., 1.]), colorSpace='rgb', contrast=1.0, depth=0.0, draggable=False, flipHoriz=False, flipVert=False, font='Arial', fontFiles=[], height=np.float64(0.05), italic=False, languageStyle='LTR', name='text', opacity=1, ori=0.0, pos=array([0., 0.]), rgb=UNKNOWN, text=str(...), units='height', win=Window(...), wrapWidth=1)
5.1447 	EXP 	Created intstructs = TextStim(__class__=<class 'psychopy.visual.text.TextStim'>, alignHoriz=method-wrapper(...), alignText='center', alignVert=method-wrapper(...), anchorHoriz='center', anchorVert='center', antialias=True, autoDraw=False, autoLog=True, bold=False, color=array([1., 1., 1.]), colorSpace='rgb', contrast=1.0, depth=0.0, draggable=False, flipHoriz=False, flipVert=False, font='Arial', fontFiles=[], height=np.float64(0.05), italic=False, languageStyle='LTR', name='intstructs', opacity=1, ori=0.0, pos=array([0., 0.]), rgb=UNKNOWN, text=str(...), units='height', win=Window(...), wrapWidth=1)
5.1510 	EXP 	Created fix = TextStim(__class__=<class 'psychopy.visual.text.TextStim'>, alignHoriz=method-wrapper(...), alignText='center', alignVert=method-wrapper(...), anchorHoriz='center', anchorVert='center', antialias=True, autoDraw=False, autoLog=True, bold=False, color=array([1., 1., 1.]), colorSpace='rgb', contrast=1.0, depth=-1.0, draggable=False, flipHoriz=False, flipVert=False, font='Open Sans', fontFiles=[], height=np.float64(0.1), italic=False, languageStyle='LTR', name='fix', opacity=1, ori=0.0, pos=array([0., 0.]), rgb=UNKNOWN, text='+', units='height', win=Window(...), wrapWidth=1)
5.1541 	WARNING 	Font b'Arial' was requested. No similar font found.
5.1599 	WARNING 	Font b'Arial' was requested. No similar font found.
5.1628 	DEBUG 	TextBox2 loaded 1 chars with 0 blanks and 1 valid
5.1642 	DEBUG 	TextBox2 loaded 1 chars with 0 blanks and 1 valid
5.1656 	DEBUG 	TextBox2 loaded 1 chars with 0 blanks and 1 valid
5.1668 	DEBUG 	TextBox2 loaded 1 chars with 0 blanks and 1 valid
5.1674 	DEBUG 	TextBox2 loaded 1 chars with 0 blanks and 1 valid
5.1681 	DEBUG 	TextBox2 loaded 1 chars with 0 blanks and 1 valid
5.1694 	DEBUG 	TextBox2 loaded 1 chars with 0 blanks and 1 valid
5.1706 	DEBUG 	TextBox2 loaded 1 chars with 0 blanks and 1 valid
5.1713 	DEBUG 	TextBox2 loaded 1 chars with 0 blanks and 1 valid
5.1716 	DEBUG 	Uploading Texture Font fontname to graphics card
5.1766 	DEBUG 	Upload of Texture Font fontname complete
5.1950 	DEBUG 	TextBox2 loaded 1 chars with 0 blanks and 1 valid
5.1953 	DEBUG 	Uploading Texture Font fontname to graphics card
5.1967 	DEBUG 	Upload of Texture Font fontname complete
5.2036 	DEBUG 	TextBox2 loaded 1 chars with 0 blanks and 1 valid
5.2047 	DEBUG 	TextBox2 loaded 1 chars with 0 blanks and 1 valid
5.2059 	DEBUG 	TextBox2 loaded 1 chars with 0 blanks and 1 valid
5.2069 	DEBUG 	TextBox2 loaded 1 chars with 0 blanks and 1 valid
5.2078 	DEBUG 	TextBox2 loaded 1 chars with 0 blanks and 1 valid
5.2087 	DEBUG 	TextBox2 loaded 1 chars with 0 blanks and 1 valid
5.2098 	DEBUG 	TextBox2 loaded 1 chars with 0 blanks and 1 valid
5.2107 	DEBUG 	TextBox2 loaded 1 chars with 0 blanks and 1 valid
5.2117 	DEBUG 	TextBox2 loaded 1 chars with 0 blanks and 1 valid
5.2127 	DEBUG 	TextBox2 loaded 1 chars with 0 blanks and 1 valid
5.2131 	DEBUG 	Uploading Texture Font fontname to graphics card
5.2142 	DEBUG 	Upload of Texture Font fontname complete
5.2210 	DEBUG 	TextBox2 loaded 1 chars with 0 blanks and 1 valid
5.2212 	DEBUG 	Uploading Texture Font fontname to graphics card
5.2260 	DEBUG 	Upload of Texture Font fontname complete
5.2389 	DEBUG 	TextBox2 loaded 1 chars with 0 blanks and 1 valid
5.2392 	DEBUG 	Uploading Texture Font fontname to graphics card
5.2403 	DEBUG 	Upload of Texture Font fontname complete
5.2530 	DEBUG 	TextBox2 loaded 1 chars with 0 blanks and 1 valid
5.2533 	DEBUG 	Uploading Texture Font fontname to graphics card
5.2544 	DEBUG 	Upload of Texture Font fontname complete
5.2671 	DEBUG 	TextBox2 loaded 1 chars with 0 blanks and 1 valid
5.2673 	DEBUG 	Uploading Texture Font fontname to graphics card
5.2685 	DEBUG 	Upload of Texture Font fontname complete
5.2811 	DEBUG 	TextBox2 loaded 1 chars with 0 blanks and 1 valid
5.2814 	DEBUG 	Uploading Texture Font fontname to graphics card
5.2825 	DEBUG 	Upload of Texture Font fontname complete
5.2952 	DEBUG 	TextBox2 loaded 1 chars with 0 blanks and 1 valid
5.2955 	DEBUG 	Uploading Texture Font fontname to graphics card
5.2966 	DEBUG 	Upload of Texture Font fontname complete
5.3093 	DEBUG 	TextBox2 loaded 1 chars with 0 blanks and 1 valid
5.3096 	DEBUG 	Uploading Texture Font fontname to graphics card
5.3107 	DEBUG 	Upload of Texture Font fontname complete
5.3235 	DEBUG 	TextBox2 loaded 1 chars with 0 blanks and 1 valid
5.3237 	DEBUG 	Uploading Texture Font fontname to graphics card
5.3248 	DEBUG 	Upload of Texture Font fontname complete
5.3375 	DEBUG 	TextBox2 loaded 1 chars with 0 blanks and 1 valid
5.3378 	DEBUG 	Uploading Texture Font fontname to graphics card
5.3390 	DEBUG 	Upload of Texture Font fontname complete
5.4039 	EXP 	Created slider_3 = Slider(__class__=<class 'psychopy.visual.slider.Slider'>, autoDraw=False, autoLog=True, borderColor=None, color=None, colorSpace='rgb', depth=-2, fillColor=None, flip=False, font='Noto Sans', granularity=1, labelColor=None, labelHeight=np.float64(0.05), labelWrapWidth=None, labels=(0, 1, 2, 3, 4, 5, 6, 7, 8, 9), lineColor=None, markerColor=None, name='slider_3', opacity=None, ori=0.0, pos=array([ 0. , -0.4]), readOnly=False, self=UNKNOWN, size=array([1. , 0.1]), startValue=None, style='choice', styleTweaks=[], ticks=array([0, 1, 2, 3, 4, 5, 6, 7, 8, 9]), units='norm', win=Window(...))
5.4069 	WARNING 	Font b'Arial' was requested. No similar font found.
5.4125 	WARNING 	Font b'Arial' was requested. No similar font found.
5.4205 	EXP 	Created text_2 = TextStim(__class__=<class 'psychopy.visual.text.TextStim'>, alignHoriz=method-wrapper(...), alignText='center', alignVert=method-wrapper(...), anchorHoriz='center', anchorVert='center', antialias=True, autoDraw=False, autoLog=True, bold=False, color=array([1., 1., 1.]), colorSpace='rgb', contrast=1.0, depth=0.0, draggable=False, flipHoriz=False, flipVert=False, font='Arial', fontFiles=[], height=np.float64(0.05), italic=False, languageStyle='LTR', name='text_2', opacity=1, ori=0.0, pos=array([0., 0.]), rgb=UNKNOWN, text=str(...), units='height', win=Window(...), wrapWidth=1)
5.4229 	EXP 	Created fix = TextStim(__class__=<class 'psychopy.visual.text.TextStim'>, alignHoriz=method-wrapper(...), alignText='center', alignVert=method-wrapper(...), anchorHoriz='center', anchorVert='center', antialias=True, autoDraw=False, autoLog=True, bold=False, color=array([1., 1., 1.]), colorSpace='rgb', contrast=1.0, depth=-1.0, draggable=False, flipHoriz=False, flipVert=False, font='Open Sans', fontFiles=[], height=np.float64(0.1), italic=False, languageStyle='LTR', name='fix', opacity=1, ori=0.0, pos=array([0., 0.]), rgb=UNKNOWN, text='+', units='height', win=Window(...), wrapWidth=1)
5.4264 	EXP 	Created prog_3 = Progress(__class__=<class 'psychopy.visual.progress.Progress'>, anchor=('left', 'top'), autoDraw=False, autoLog=True, closeShape=True, color=method-wrapper(...), colorSpace='rgb', contrast=None, depth=-1, draggable=False, fillColor=array([-1.    ,  0.5373, -1.    ]), fillColorSpace='rgb', fillRGB=array([-1.    ,  0.5373, -1.    ]), interpolate=True, lineColor=array([1., 1., 1.]), lineColorSpace='rgb', lineRGB=array([1, 1, 1]), lineWidth=4.0, name='prog_3', opacity=1.0, ori=0.0, pos=array([-0.5,  0.5]), size=array([1. , 0.1]), units='norm', vertices=ndarray(...), win=Window(...), windingRule=None)
5.4289 	EXP 	Created prog_3Bar = ShapeStim(__class__=<class 'psychopy.visual.shape.ShapeStim'>, anchor=('left', 'top'), autoDraw=False, autoLog=True, closeShape=True, color=method-wrapper(...), colorSpace='rgb', contrast=None, depth=-1, draggable=False, fillColor=array([ 1., -1., -1.]), fillColorSpace='rgb', fillRGB=array([ 1., -1., -1.]), interpolate=True, lineColor=array([0., 0., 0.]), lineColorSpace='rgb', lineRGB=array([0, 0, 0]), lineWidth=1.5, name='prog_3Bar', opacity=1.0, ori=0.0, pos=array([-0.5,  0.5]), size=array([1. , 0.1]), units='norm', vertices=ndarray(...), win=Window(...), windingRule=None)
5.4309 	EXP 	Created greenbar_3 = Rect(__class__=<class 'psychopy.visual.rect.Rect'>, anchor=('left', 'center'), autoDraw=False, autoLog=True, closeShape=True, color=method-wrapper(...), colorSpace='rgb', contrast=None, depth=-2.0, draggable=False, fillColor=array([-1.    ,  0.0039, -1.    ]), fillColorSpace='rgb', fillRGB=array([-1.    ,  0.0039, -1.    ]), interpolate=True, lineColor=array([1., 1., 1.]), lineColorSpace='rgb', lineRGB=array([1, 1, 1]), lineWidth=1.0, name='greenbar_3', opacity=1, ori=0.0, pos=array([0.33333333, 0.7       ]), size=array([0.66666667, 0.1       ]), units='norm', vertices=ndarray(...), win=Window(...))
5.4328 	EXP 	Created yellowbar_3 = Rect(__class__=<class 'psychopy.visual.rect.Rect'>, anchor=('left', 'center'), autoDraw=False, autoLog=True, closeShape=True, color=method-wrapper(...), colorSpace='rgb', contrast=None, depth=-3.0, draggable=False, fillColor=array([ 1.,  1., -1.]), fillColorSpace='rgb', fillRGB=array([ 1.,  1., -1.]), interpolate=True, lineColor=array([1., 1., 1.]), lineColorSpace='rgb', lineRGB=array([1, 1, 1]), lineWidth=1.0, name='yellowbar_3', opacity=1, ori=0.0, pos=array([-0.33333333,  0.7       ]), size=array([0.66666667, 0.1       ]), units='norm', vertices=ndarray(...), win=Window(...))
5.4346 	EXP 	Created redbar_3 = Rect(__class__=<class 'psychopy.visual.rect.Rect'>, anchor=('left', 'center'), autoDraw=False, autoLog=True, closeShape=True, color=method-wrapper(...), colorSpace='rgb', contrast=None, depth=-4.0, draggable=False, fillColor=array([ 1., -1., -1.]), fillColorSpace='rgb', fillRGB=array([ 1., -1., -1.]), interpolate=True, lineColor=array([1., 1., 1.]), lineColorSpace='rgb', lineRGB=array([1, 1, 1]), lineWidth=1.0, name='redbar_3', opacity=1, ori=0.0, pos=array([-1. ,  0.7]), size=array([0.66666667, 0.1       ]), units='norm', vertices=ndarray(...), win=Window(...))
5.4371 	EXP 	Created arrow_3 = ShapeStim(__class__=<class 'psychopy.visual.shape.ShapeStim'>, anchor=('center', 'center'), autoDraw=False, autoLog=True, closeShape=True, color=method-wrapper(...), colorSpace='rgb', contrast=None, depth=-5.0, draggable=False, fillColor=array([1, 1, 1]), fillColorSpace='rgb', fillRGB=array([1, 1, 1]), interpolate=True, lineColor=array([1., 1., 1.]), lineColorSpace='rgb', lineRGB=array([1, 1, 1]), lineWidth=1.0, name='arrow_3', opacity=1, ori=0.0, pos=array([0., 0.]), size=array([0.05, 0.05]), units='norm', vertices=ndarray(...), win=Window(...), windingRule=None)
5.4398 	WARNING 	Font b'Arial' was requested. No similar font found.
5.4453 	WARNING 	Font b'Arial' was requested. No similar font found.
5.6289 	EXP 	Created slider_4 = Slider(__class__=<class 'psychopy.visual.slider.Slider'>, autoDraw=False, autoLog=True, borderColor=None, color=None, colorSpace='rgb', depth=-7, fillColor=None, flip=False, font='Noto Sans', granularity=1, labelColor=None, labelHeight=np.float64(0.05), labelWrapWidth=None, labels=(0, 1, 2, 3, 4, 5, 6, 7, 8, 9), lineColor=None, markerColor=None, name='slider_4', opacity=None, ori=0.0, pos=array([ 0. , -0.4]), readOnly=False, self=UNKNOWN, size=array([1. , 0.1]), startValue=None, style='choice', styleTweaks=[], ticks=array([0, 1, 2, 3, 4, 5, 6, 7, 8, 9]), units='norm', win=Window(...))
5.6321 	WARNING 	Font b'Arial' was requested. No similar font found.
5.6384 	WARNING 	Font b'Arial' was requested. No similar font found.
5.6449 	EXP 	Created text_3 = TextStim(__class__=<class 'psychopy.visual.text.TextStim'>, alignHoriz=method-wrapper(...), alignText='center', alignVert=method-wrapper(...), anchorHoriz='center', anchorVert='center', antialias=True, autoDraw=False, autoLog=True, bold=False, color=array([1., 1., 1.]), colorSpace='rgb', contrast=1.0, depth=0.0, draggable=False, flipHoriz=False, flipVert=False, font='Arial', fontFiles=[], height=np.float64(0.05), italic=False, languageStyle='LTR', name='text_3', opacity=1, ori=0.0, pos=array([0., 0.]), rgb=UNKNOWN, text='Training instructions here', units='height', win=Window(...), wrapWidth=1)
5.6471 	EXP 	Created fix = TextStim(__class__=<class 'psychopy.visual.text.TextStim'>, alignHoriz=method-wrapper(...), alignText='center', alignVert=method-wrapper(...), anchorHoriz='center', anchorVert='center', antialias=True, autoDraw=False, autoLog=True, bold=False, color=array([1., 1., 1.]), colorSpace='rgb', contrast=1.0, depth=-1.0, draggable=False, flipHoriz=False, flipVert=False, font='Open Sans', fontFiles=[], height=np.float64(0.1), italic=False, languageStyle='LTR', name='fix', opacity=1, ori=0.0, pos=array([0., 0.]), rgb=UNKNOWN, text='+', units='height', win=Window(...), wrapWidth=1)
5.6499 	WARNING 	Font b'Arial' was requested. No similar font found.
5.6552 	WARNING 	Font b'Arial' was requested. No similar font found.
5.8414 	EXP 	Created slider_training = Slider(__class__=<class 'psychopy.visual.slider.Slider'>, autoDraw=False, autoLog=True, borderColor=None, color=None, colorSpace='rgb', depth=-2, fillColor=None, flip=False, font='Noto Sans', granularity=1, labelColor=None, labelHeight=np.float64(0.05), labelWrapWidth=None, labels=(0, 1, 2, 3, 4, 5, 6, 7, 8, 9), lineColor=None, markerColor=None, name='slider_training', opacity=None, ori=0.0, pos=array([ 0. , -0.4]), readOnly=False, self=UNKNOWN, size=array([1. , 0.1]), startValue=None, style='choice', styleTweaks=[], ticks=array([0, 1, 2, 3, 4, 5, 6, 7, 8, 9]), units='norm', win=Window(...))
5.8445 	WARNING 	Font b'Arial' was requested. No similar font found.
5.8500 	WARNING 	Font b'Arial' was requested. No similar font found.
5.8553 	EXP 	Created fix = TextStim(__class__=<class 'psychopy.visual.text.TextStim'>, alignHoriz=method-wrapper(...), alignText='center', alignVert=method-wrapper(...), anchorHoriz='center', anchorVert='center', antialias=True, autoDraw=False, autoLog=True, bold=False, color=array([1., 1., 1.]), colorSpace='rgb', contrast=1.0, depth=-1.0, draggable=False, flipHoriz=False, flipVert=False, font='Open Sans', fontFiles=[], height=np.float64(0.1), italic=False, languageStyle='LTR', name='fix', opacity=1, ori=0.0, pos=array([0., 0.]), rgb=UNKNOWN, text='+', units='height', win=Window(...), wrapWidth=1)
5.8577 	EXP 	Created prog = Progress(__class__=<class 'psychopy.visual.progress.Progress'>, anchor=('left', 'top'), autoDraw=False, autoLog=True, closeShape=True, color=method-wrapper(...), colorSpace='rgb', contrast=None, depth=-1, draggable=False, fillColor=array([-1.    ,  0.5373, -1.    ]), fillColorSpace='rgb', fillRGB=array([-1.    ,  0.5373, -1.    ]), interpolate=True, lineColor=array([1., 1., 1.]), lineColorSpace='rgb', lineRGB=array([1, 1, 1]), lineWidth=4.0, name='prog', opacity=1.0, ori=0.0, pos=array([-0.5,  0.5]), size=array([1. , 0.1]), units='norm', vertices=ndarray(...), win=Window(...), windingRule=None)
5.8606 	EXP 	Created progBar = ShapeStim(__class__=<class 'psychopy.visual.shape.ShapeStim'>, anchor=('left', 'top'), autoDraw=False, autoLog=True, closeShape=True, color=method-wrapper(...), colorSpace='rgb', contrast=None, depth=-1, draggable=False, fillColor=array([ 1., -1., -1.]), fillColorSpace='rgb', fillRGB=array([ 1., -1., -1.]), interpolate=True, lineColor=array([0., 0., 0.]), lineColorSpace='rgb', lineRGB=array([0, 0, 0]), lineWidth=1.5, name='progBar', opacity=1.0, ori=0.0, pos=array([-0.5,  0.5]), size=array([1. , 0.1]), units='norm', vertices=ndarray(...), win=Window(...), windingRule=None)
5.8626 	EXP 	Created greenbar = Rect(__class__=<class 'psychopy.visual.rect.Rect'>, anchor=('left', 'center'), autoDraw=False, autoLog=True, closeShape=True, color=method-wrapper(...), colorSpace='rgb', contrast=None, depth=-2.0, draggable=False, fillColor=array([-1.    ,  0.0039, -1.    ]), fillColorSpace='rgb', fillRGB=array([-1.    ,  0.0039, -1.    ]), interpolate=True, lineColor=array([1., 1., 1.]), lineColorSpace='rgb', lineRGB=array([1, 1, 1]), lineWidth=1.0, name='greenbar', opacity=1, ori=0.0, pos=array([0.33333333, 0.7       ]), size=array([0.66666667, 0.1       ]), units='norm', vertices=ndarray(...), win=Window(...))
5.8644 	EXP 	Created yellowbar = Rect(__class__=<class 'psychopy.visual.rect.Rect'>, anchor=('left', 'center'), autoDraw=False, autoLog=True, closeShape=True, color=method-wrapper(...), colorSpace='rgb', contrast=None, depth=-3.0, draggable=False, fillColor=array([ 1.,  1., -1.]), fillColorSpace='rgb', fillRGB=array([ 1.,  1., -1.]), interpolate=True, lineColor=array([1., 1., 1.]), lineColorSpace='rgb', lineRGB=array([1, 1, 1]), lineWidth=1.0, name='yellowbar', opacity=1, ori=0.0, pos=array([-0.33333333,  0.7       ]), size=array([0.66666667, 0.1       ]), units='norm', vertices=ndarray(...), win=Window(...))
5.8665 	EXP 	Created redbar = Rect(__class__=<class 'psychopy.visual.rect.Rect'>, anchor=('left', 'center'), autoDraw=False, autoLog=True, closeShape=True, color=method-wrapper(...), colorSpace='rgb', contrast=None, depth=-4.0, draggable=False, fillColor=array([ 1., -1., -1.]), fillColorSpace='rgb', fillRGB=array([ 1., -1., -1.]), interpolate=True, lineColor=array([1., 1., 1.]), lineColorSpace='rgb', lineRGB=array([1, 1, 1]), lineWidth=1.0, name='redbar', opacity=1, ori=0.0, pos=array([-1. ,  0.7]), size=array([0.66666667, 0.1       ]), units='norm', vertices=ndarray(...), win=Window(...))
5.8687 	EXP 	Created arrow = ShapeStim(__class__=<class 'psychopy.visual.shape.ShapeStim'>, anchor=('center', 'center'), autoDraw=False, autoLog=True, closeShape=True, color=method-wrapper(...), colorSpace='rgb', contrast=None, depth=-5.0, draggable=False, fillColor=array([1, 1, 1]), fillColorSpace='rgb', fillRGB=array([1, 1, 1]), interpolate=True, lineColor=array([1., 1., 1.]), lineColorSpace='rgb', lineRGB=array([1, 1, 1]), lineWidth=1.0, name='arrow', opacity=1, ori=0.0, pos=array([0., 0.]), size=array([0.05, 0.05]), units='norm', vertices=ndarray(...), win=Window(...), windingRule=None)
5.8714 	WARNING 	Font b'Arial' was requested. No similar font found.
5.8768 	WARNING 	Font b'Arial' was requested. No similar font found.
6.0673 	EXP 	Created slider = Slider(__class__=<class 'psychopy.visual.slider.Slider'>, autoDraw=False, autoLog=True, borderColor=None, color=None, colorSpace='rgb', depth=-7, fillColor=None, flip=False, font='Noto Sans', granularity=1, labelColor=None, labelHeight=np.float64(0.05), labelWrapWidth=None, labels=(0, 1, 2, 3, 4, 5, 6, 7, 8, 9), lineColor=None, markerColor=None, name='slider', opacity=None, ori=0.0, pos=array([ 0. , -0.4]), readOnly=False, self=UNKNOWN, size=array([1. , 0.1]), startValue=None, style='choice', styleTweaks=[], ticks=array([0, 1, 2, 3, 4, 5, 6, 7, 8, 9]), units='norm', win=Window(...))
6.0701 	WARNING 	Font b'Arial' was requested. No similar font found.
6.0756 	WARNING 	Font b'Arial' was requested. No similar font found.
0.0056 	EXP 	textbox_4: autoLog = True
0.0056 	EXP 	slider_3: autoLog = True
0.0056 	EXP 	slider_3: styleTweaks = []
0.0056 	EXP 	slider_3: styleTweaks = []
0.0056 	EXP 	slider_3: styleTweaks = []
0.0056 	EXP 	slider_3: styleTweaks = []
0.0056 	EXP 	slider_3: contrast = 1.0
0.0056 	EXP 	slider_3: markerPos = None
0.0056 	EXP 	slider_3: autoLog = True
0.0056 	EXP 	textbox_2: autoLog = True
0.0056 	EXP 	prog_3: direction = 'horizontal'
0.0056 	EXP 	prog_3: progress = 0.0
0.0056 	EXP 	textbox_5: autoLog = True
0.0056 	EXP 	slider_4: autoLog = True
0.0056 	EXP 	slider_4: styleTweaks = []
0.0056 	EXP 	slider_4: styleTweaks = []
0.0056 	EXP 	slider_4: styleTweaks = []
0.0056 	EXP 	slider_4: styleTweaks = []
0.0056 	EXP 	slider_4: contrast = 1.0
0.0056 	EXP 	slider_4: markerPos = None
0.0056 	EXP 	slider_4: autoLog = True
0.0056 	EXP 	textbox_2: autoLog = True
0.0056 	EXP 	textbox_3: autoLog = True
0.0056 	EXP 	slider_training: autoLog = True
0.0056 	EXP 	slider_training: styleTweaks = []
0.0056 	EXP 	slider_training: styleTweaks = []
0.0056 	EXP 	slider_training: styleTweaks = []
0.0056 	EXP 	slider_training: styleTweaks = []
0.0056 	EXP 	slider_training: contrast = 1.0
0.0056 	EXP 	slider_training: markerPos = None
0.0056 	EXP 	slider_training: autoLog = True
0.0056 	EXP 	textbox_2: autoLog = True
0.0056 	EXP 	prog: direction = 'horizontal'
0.0056 	EXP 	prog: progress = 0.0
0.0056 	EXP 	textbox: autoLog = True
0.0056 	EXP 	slider: autoLog = True
0.0056 	EXP 	slider: styleTweaks = []
0.0056 	EXP 	slider: styleTweaks = []
0.0056 	EXP 	slider: styleTweaks = []
0.0056 	EXP 	slider: styleTweaks = []
0.0056 	EXP 	slider: contrast = 1.0
0.0056 	EXP 	slider: markerPos = None
0.0056 	EXP 	slider: autoLog = True
0.0056 	EXP 	textbox_2: autoLog = True
0.0235 	INFO 	Keyboard events cleared
0.0233 	EXP 	text: autoDraw = True
3.0089 	EXP 	Device response: <KeyPress from None: t=2.9962801933288574, value=l, duration=None>
3.0094 	DATA 	Keypress: l
3.0234 	INFO 	Keyboard events cleared
3.0233 	EXP 	text: autoDraw = False
3.0233 	EXP 	intstructs: autoDraw = True
3.1258 	EXP 	Device response: <KeyPress from None: t=2.9962801933288574, value=l, duration=0.11517643928527832>
3.7754 	EXP 	Device response: <KeyPress from None: t=3.769730806350708, value=space, duration=None>
3.7757 	DATA 	Keypress: space
3.7898 	EXP 	intstructs: autoDraw = False
3.7898 	EXP 	text_2: autoDraw = True
3.8921 	EXP 	Device response: <KeyPress from None: t=3.769730806350708, value=space, duration=0.11671113967895508>
5.7898 	EXP 	text_2: autoDraw = False
5.7898 	EXP 	text_2: autoDraw = False
5.7898 	EXP 	text_3: autoDraw = True
7.7818 	DEBUG 	Read csv file with pandas: training.csv
7.7835 	DEBUG 	Clearing unnamed columns from training.csv
7.7839 	EXP 	Imported training.csv as conditions, 5 conditions, 1 params
7.7843 	EXP 	New trial (rep=0, index=0): <Trial 0 (0 in rep 0) data={'train_diff': '“hard”', 'thisN': 0, 'thisTrialN': 0, 'thisRepN': 0}>
7.7896 	EXP 	New trial (rep=0, index=0): <Trial 0 (0 in rep 0) data={'thisN': 0, 'thisTrialN': 0, 'thisRepN': 0}>
7.8054 	EXP 	text_3: autoDraw = False
7.8054 	EXP 	text_3: autoDraw = False
7.8054 	EXP 	fix: autoDraw = True
8.2942 	DEBUG 	TextBox2 loaded 1 chars with 0 blanks and 1 valid
8.2950 	DEBUG 	TextBox2 loaded 1 chars with 0 blanks and 1 valid
8.2964 	DEBUG 	TextBox2 loaded 1 chars with 0 blanks and 1 valid
8.2974 	DEBUG 	TextBox2 loaded 1 chars with 0 blanks and 1 valid
8.2987 	DEBUG 	TextBox2 loaded 1 chars with 0 blanks and 1 valid
8.2990 	DEBUG 	Uploading Texture Font fontname to graphics card
8.2999 	DEBUG 	Upload of Texture Font fontname complete
8.3133 	DEBUG 	Saving data for misty_module ExperimentHandler
8.3161 	INFO 	saved data to /home/hackerman/misty_py/data/pilot_misty_module_2026-01-29_18h31.35.056.psydat
8.3167 	INFO 	saved data to '/home/hackerman/misty_py/data/pilot_misty_module_2026-01-29_18h31.35.056.csv'
8.3199 	WARNING 	Stopping key buffers but this could be dangerous ifother keyboards rely on the same.
