3.4226 	DEBUG 	Fullscreen settings ignored as running in pilot mode.
3.4246 	INFO 	Loaded monitor calibration from ['2025_12_08 16:52']
3.8188 	INFO 	Using renderer 'NVIDIA GeForce GTX 1660/PCIe/SSE2' for graphics
3.8188 	INFO 	OpenGL version supported by driver is 4..
3.8258 	EXP 	Created window1 = Window(allowGUI=False, allowStencil=True, autoLog=True, backendConf=UNKNOWN, backgroundFit=<method-wrapper '__getattribute__' of attributeSetter object at 0x77c57e0461a0>, backgroundImage=<method-wrapper '__getattribute__' of attributeSetter object at 0x77c57e046140>, bitsMode=UNKNOWN, blendMode='avg', bpc=(8, 8, 8), color=array([0, 0, 0]), colorSpace='rgb', depthBits=8, fullscr=False, gamma=None, gammaErrorPolicy='raise', infoMsg=UNKNOWN, lms=UNKNOWN, monitor=<psychopy.monitors.calibTools.Monitor object at 0x77c57d924370>, multiSample=False, name='window1', numSamples=2, pos=[np.float64(560.0), np.float64(240.0)], screen=0, size=array([800, 600]), stencilBits=8, stereo=False, title='PsychoPy', units='height', useFBO=True, useRetina=False, viewOri=0.0, viewPos=None, viewScale=None, waitBlanking=True, winType='pyglet')
3.8259 	EXP 	window1: backgroundImage = ''
3.8259 	EXP 	window1: backgroundFit = 'none'
3.8372 	DEBUG 	TextBox2 loaded 1 chars with 0 blanks and 1 valid
3.8386 	DEBUG 	TextBox2 loaded 1 chars with 0 blanks and 1 valid
3.8401 	DEBUG 	TextBox2 loaded 1 chars with 0 blanks and 1 valid
3.8419 	DEBUG 	TextBox2 loaded 1 chars with 0 blanks and 1 valid
3.8436 	DEBUG 	TextBox2 loaded 1 chars with 0 blanks and 1 valid
3.8448 	DEBUG 	TextBox2 loaded 1 chars with 0 blanks and 1 valid
3.8463 	DEBUG 	TextBox2 loaded 1 chars with 0 blanks and 1 valid
3.8480 	DEBUG 	TextBox2 loaded 1 chars with 0 blanks and 1 valid
3.8489 	DEBUG 	TextBox2 loaded 1 chars with 0 blanks and 1 valid
3.8499 	DEBUG 	TextBox2 loaded 1 chars with 0 blanks and 1 valid
3.8514 	DEBUG 	TextBox2 loaded 1 chars with 0 blanks and 1 valid
3.8528 	DEBUG 	TextBox2 loaded 1 chars with 0 blanks and 1 valid
3.8542 	DEBUG 	TextBox2 loaded 1 chars with 0 blanks and 1 valid
3.8557 	DEBUG 	TextBox2 loaded 1 chars with 0 blanks and 1 valid
3.8570 	DEBUG 	TextBox2 loaded 1 chars with 0 blanks and 1 valid
3.8586 	DEBUG 	TextBox2 loaded 1 chars with 0 blanks and 1 valid
3.8600 	DEBUG 	TextBox2 loaded 1 chars with 0 blanks and 1 valid
3.8611 	DEBUG 	TextBox2 loaded 1 chars with 0 blanks and 1 valid
3.8622 	DEBUG 	TextBox2 loaded 1 chars with 0 blanks and 1 valid
3.8640 	DEBUG 	TextBox2 loaded 1 chars with 0 blanks and 1 valid
3.8651 	DEBUG 	TextBox2 loaded 1 chars with 0 blanks and 1 valid
3.8656 	DEBUG 	Uploading Texture Font fontname to graphics card
3.8724 	DEBUG 	Upload of Texture Font fontname complete
3.8828 	DEBUG 	TextBox2 loaded 1 chars with 0 blanks and 1 valid
3.8846 	DEBUG 	TextBox2 loaded 1 chars with 0 blanks and 1 valid
3.8864 	DEBUG 	TextBox2 loaded 1 chars with 0 blanks and 1 valid
3.8868 	DEBUG 	Uploading Texture Font fontname to graphics card
3.8912 	DEBUG 	Upload of Texture Font fontname complete
3.8939 	EXP 	window1: Attempting to measure frame rate of screen (0) ...
3.8939 	EXP 	window1: recordFrameIntervals = False
4.0564 	EXP 	window1: recordFrameIntervals = True
4.2399 	EXP 	Screen (0) actual frame rate measured at 60.00Hz
4.2400 	EXP 	window1: recordFrameIntervals = False
4.2492 	DEBUG 	TextBox2 loaded 1 chars with 0 blanks and 1 valid
4.2506 	DEBUG 	TextBox2 loaded 1 chars with 0 blanks and 1 valid
4.2522 	DEBUG 	TextBox2 loaded 1 chars with 0 blanks and 1 valid
4.2542 	DEBUG 	TextBox2 loaded 1 chars with 0 blanks and 1 valid
4.2560 	DEBUG 	TextBox2 loaded 1 chars with 0 blanks and 1 valid
4.2579 	DEBUG 	TextBox2 loaded 1 chars with 0 blanks and 1 valid
4.2590 	DEBUG 	TextBox2 loaded 1 chars with 0 blanks and 1 valid
4.2607 	DEBUG 	TextBox2 loaded 1 chars with 0 blanks and 1 valid
4.2626 	DEBUG 	TextBox2 loaded 1 chars with 0 blanks and 1 valid
4.2643 	DEBUG 	TextBox2 loaded 1 chars with 0 blanks and 1 valid
4.2647 	DEBUG 	Uploading Texture Font fontname to graphics card
4.2662 	DEBUG 	Upload of Texture Font fontname complete
4.2993 	INFO 	keyboard.Keyboard is using ptb backend.
4.2994 	EXP 	misty_module: status = STARTED
4.3508 	EXP 	Created text = TextStim(__class__=<class 'psychopy.visual.text.TextStim'>, alignHoriz=method-wrapper(...), alignText='center', alignVert=method-wrapper(...), anchorHoriz='center', anchorVert='center', antialias=True, autoDraw=False, autoLog=True, bold=False, color=array([1., 1., 1.]), colorSpace='rgb', contrast=1.0, depth=0.0, draggable=False, flipHoriz=False, flipVert=False, font='Arial', fontFiles=[], height=np.float64(0.05), italic=False, languageStyle='LTR', name='text', opacity=1, ori=0.0, pos=array([0., 0.]), rgb=UNKNOWN, text=str(...), units='height', win=Window(...), wrapWidth=1)
4.4854 	EXP 	Created intstructs = TextStim(__class__=<class 'psychopy.visual.text.TextStim'>, alignHoriz=method-wrapper(...), alignText='center', alignVert=method-wrapper(...), anchorHoriz='center', anchorVert='center', antialias=True, autoDraw=False, autoLog=True, bold=False, color=array([1., 1., 1.]), colorSpace='rgb', contrast=1.0, depth=0.0, draggable=False, flipHoriz=False, flipVert=False, font='Arial', fontFiles=[], height=np.float64(0.05), italic=False, languageStyle='LTR', name='intstructs', opacity=1, ori=0.0, pos=array([0., 0.]), rgb=UNKNOWN, text=str(...), units='height', win=Window(...), wrapWidth=1)
4.4917 	EXP 	Created fix = TextStim(__class__=<class 'psychopy.visual.text.TextStim'>, alignHoriz=method-wrapper(...), alignText='center', alignVert=method-wrapper(...), anchorHoriz='center', anchorVert='center', antialias=True, autoDraw=False, autoLog=True, bold=False, color=array([1., 1., 1.]), colorSpace='rgb', contrast=1.0, depth=-1.0, draggable=False, flipHoriz=False, flipVert=False, font='Open Sans', fontFiles=[], height=np.float64(0.1), italic=False, languageStyle='LTR', name='fix', opacity=1, ori=0.0, pos=array([0., 0.]), rgb=UNKNOWN, text='+', units='height', win=Window(...), wrapWidth=1)
4.4959 	EXP 	Created prog_3 = Progress(__class__=<class 'psychopy.visual.progress.Progress'>, anchor=('left', 'top'), autoDraw=False, autoLog=True, closeShape=True, color=method-wrapper(...), colorSpace='rgb', contrast=None, depth=-1, draggable=False, fillColor=array([-1.    ,  0.5373, -1.    ]), fillColorSpace='rgb', fillRGB=array([-1.    ,  0.5373, -1.    ]), interpolate=True, lineColor=array([1., 1., 1.]), lineColorSpace='rgb', lineRGB=array([1, 1, 1]), lineWidth=4.0, name='prog_3', opacity=1.0, ori=0.0, pos=array([-0.5,  0.5]), size=array([1. , 0.1]), units='norm', vertices=ndarray(...), win=Window(...), windingRule=None)
4.4982 	EXP 	Created prog_3Bar = ShapeStim(__class__=<class 'psychopy.visual.shape.ShapeStim'>, anchor=('left', 'top'), autoDraw=False, autoLog=True, closeShape=True, color=method-wrapper(...), colorSpace='rgb', contrast=None, depth=-1, draggable=False, fillColor=array([ 1., -1., -1.]), fillColorSpace='rgb', fillRGB=array([ 1., -1., -1.]), interpolate=True, lineColor=array([0., 0., 0.]), lineColorSpace='rgb', lineRGB=array([0, 0, 0]), lineWidth=1.5, name='prog_3Bar', opacity=1.0, ori=0.0, pos=array([-0.5,  0.5]), size=array([1. , 0.1]), units='norm', vertices=ndarray(...), win=Window(...), windingRule=None)
4.5003 	EXP 	Created greenbar_3 = Rect(__class__=<class 'psychopy.visual.rect.Rect'>, anchor=('left', 'center'), autoDraw=False, autoLog=True, closeShape=True, color=method-wrapper(...), colorSpace='rgb', contrast=None, depth=-2.0, draggable=False, fillColor=array([-1.    ,  0.0039, -1.    ]), fillColorSpace='rgb', fillRGB=array([-1.    ,  0.0039, -1.    ]), interpolate=True, lineColor=array([1., 1., 1.]), lineColorSpace='rgb', lineRGB=array([1, 1, 1]), lineWidth=1.0, name='greenbar_3', opacity=1, ori=0.0, pos=array([0.33333333, 0.7       ]), size=array([0.66666667, 0.1       ]), units='norm', vertices=ndarray(...), win=Window(...))
4.5022 	EXP 	Created yellowbar_3 = Rect(__class__=<class 'psychopy.visual.rect.Rect'>, anchor=('left', 'center'), autoDraw=False, autoLog=True, closeShape=True, color=method-wrapper(...), colorSpace='rgb', contrast=None, depth=-3.0, draggable=False, fillColor=array([ 1.,  1., -1.]), fillColorSpace='rgb', fillRGB=array([ 1.,  1., -1.]), interpolate=True, lineColor=array([1., 1., 1.]), lineColorSpace='rgb', lineRGB=array([1, 1, 1]), lineWidth=1.0, name='yellowbar_3', opacity=1, ori=0.0, pos=array([-0.33333333,  0.7       ]), size=array([0.66666667, 0.1       ]), units='norm', vertices=ndarray(...), win=Window(...))
4.5041 	EXP 	Created redbar_3 = Rect(__class__=<class 'psychopy.visual.rect.Rect'>, anchor=('left', 'center'), autoDraw=False, autoLog=True, closeShape=True, color=method-wrapper(...), colorSpace='rgb', contrast=None, depth=-4.0, draggable=False, fillColor=array([ 1., -1., -1.]), fillColorSpace='rgb', fillRGB=array([ 1., -1., -1.]), interpolate=True, lineColor=array([1., 1., 1.]), lineColorSpace='rgb', lineRGB=array([1, 1, 1]), lineWidth=1.0, name='redbar_3', opacity=1, ori=0.0, pos=array([-1. ,  0.7]), size=array([0.66666667, 0.1       ]), units='norm', vertices=ndarray(...), win=Window(...))
4.5063 	EXP 	Created arrow_3 = ShapeStim(__class__=<class 'psychopy.visual.shape.ShapeStim'>, anchor=('center', 'center'), autoDraw=False, autoLog=True, closeShape=True, color=method-wrapper(...), colorSpace='rgb', contrast=None, depth=-5.0, draggable=False, fillColor=array([1, 1, 1]), fillColorSpace='rgb', fillRGB=array([1, 1, 1]), interpolate=True, lineColor=array([1., 1., 1.]), lineColorSpace='rgb', lineRGB=array([1, 1, 1]), lineWidth=1.0, name='arrow_3', opacity=1, ori=0.0, pos=array([0., 0.]), size=array([0.05, 0.05]), units='norm', vertices=ndarray(...), win=Window(...), windingRule=None)
4.5091 	WARNING 	Font b'Arial' was requested. No similar font found.
4.5152 	WARNING 	Font b'Arial' was requested. No similar font found.
4.5184 	DEBUG 	TextBox2 loaded 1 chars with 0 blanks and 1 valid
4.5198 	DEBUG 	TextBox2 loaded 1 chars with 0 blanks and 1 valid
4.5212 	DEBUG 	TextBox2 loaded 1 chars with 0 blanks and 1 valid
4.5224 	DEBUG 	TextBox2 loaded 1 chars with 0 blanks and 1 valid
4.5230 	DEBUG 	TextBox2 loaded 1 chars with 0 blanks and 1 valid
4.5237 	DEBUG 	TextBox2 loaded 1 chars with 0 blanks and 1 valid
4.5250 	DEBUG 	TextBox2 loaded 1 chars with 0 blanks and 1 valid
4.5260 	DEBUG 	TextBox2 loaded 1 chars with 0 blanks and 1 valid
4.5267 	DEBUG 	TextBox2 loaded 1 chars with 0 blanks and 1 valid
4.5270 	DEBUG 	Uploading Texture Font fontname to graphics card
4.5323 	DEBUG 	Upload of Texture Font fontname complete
4.5517 	DEBUG 	TextBox2 loaded 1 chars with 0 blanks and 1 valid
4.5520 	DEBUG 	Uploading Texture Font fontname to graphics card
4.5535 	DEBUG 	Upload of Texture Font fontname complete
4.5606 	DEBUG 	TextBox2 loaded 1 chars with 0 blanks and 1 valid
4.5617 	DEBUG 	TextBox2 loaded 1 chars with 0 blanks and 1 valid
4.5628 	DEBUG 	TextBox2 loaded 1 chars with 0 blanks and 1 valid
4.5639 	DEBUG 	TextBox2 loaded 1 chars with 0 blanks and 1 valid
4.5648 	DEBUG 	TextBox2 loaded 1 chars with 0 blanks and 1 valid
4.5657 	DEBUG 	TextBox2 loaded 1 chars with 0 blanks and 1 valid
4.5668 	DEBUG 	TextBox2 loaded 1 chars with 0 blanks and 1 valid
4.5677 	DEBUG 	TextBox2 loaded 1 chars with 0 blanks and 1 valid
4.5687 	DEBUG 	TextBox2 loaded 1 chars with 0 blanks and 1 valid
4.5696 	DEBUG 	TextBox2 loaded 1 chars with 0 blanks and 1 valid
4.5700 	DEBUG 	Uploading Texture Font fontname to graphics card
4.5713 	DEBUG 	Upload of Texture Font fontname complete
4.5784 	DEBUG 	TextBox2 loaded 1 chars with 0 blanks and 1 valid
4.5786 	DEBUG 	Uploading Texture Font fontname to graphics card
4.5829 	DEBUG 	Upload of Texture Font fontname complete
4.5964 	DEBUG 	TextBox2 loaded 1 chars with 0 blanks and 1 valid
4.5966 	DEBUG 	Uploading Texture Font fontname to graphics card
4.5979 	DEBUG 	Upload of Texture Font fontname complete
4.6111 	DEBUG 	TextBox2 loaded 1 chars with 0 blanks and 1 valid
4.6114 	DEBUG 	Uploading Texture Font fontname to graphics card
4.6127 	DEBUG 	Upload of Texture Font fontname complete
4.6256 	DEBUG 	TextBox2 loaded 1 chars with 0 blanks and 1 valid
4.6259 	DEBUG 	Uploading Texture Font fontname to graphics card
4.6271 	DEBUG 	Upload of Texture Font fontname complete
4.6401 	DEBUG 	TextBox2 loaded 1 chars with 0 blanks and 1 valid
4.6404 	DEBUG 	Uploading Texture Font fontname to graphics card
4.6417 	DEBUG 	Upload of Texture Font fontname complete
4.6547 	DEBUG 	TextBox2 loaded 1 chars with 0 blanks and 1 valid
4.6549 	DEBUG 	Uploading Texture Font fontname to graphics card
4.6562 	DEBUG 	Upload of Texture Font fontname complete
4.6692 	DEBUG 	TextBox2 loaded 1 chars with 0 blanks and 1 valid
4.6694 	DEBUG 	Uploading Texture Font fontname to graphics card
4.6707 	DEBUG 	Upload of Texture Font fontname complete
4.6835 	DEBUG 	TextBox2 loaded 1 chars with 0 blanks and 1 valid
4.6838 	DEBUG 	Uploading Texture Font fontname to graphics card
4.6851 	DEBUG 	Upload of Texture Font fontname complete
4.6980 	DEBUG 	TextBox2 loaded 1 chars with 0 blanks and 1 valid
4.6983 	DEBUG 	Uploading Texture Font fontname to graphics card
4.6996 	DEBUG 	Upload of Texture Font fontname complete
4.7635 	EXP 	Created slider_3 = Slider(__class__=<class 'psychopy.visual.slider.Slider'>, autoDraw=False, autoLog=True, borderColor=None, color=None, colorSpace='rgb', depth=-7, fillColor=None, flip=False, font='Noto Sans', granularity=1, labelColor=None, labelHeight=np.float64(0.05), labelWrapWidth=None, labels=(0, 1, 2, 3, 4, 5, 6, 7, 8, 9), lineColor=None, markerColor=None, name='slider_3', opacity=None, ori=0.0, pos=array([ 0. , -0.4]), readOnly=False, self=UNKNOWN, size=array([1. , 0.1]), startValue=None, style='choice', styleTweaks=[], ticks=array([0, 1, 2, 3, 4, 5, 6, 7, 8, 9]), units='norm', win=Window(...))
4.7664 	WARNING 	Font b'Arial' was requested. No similar font found.
4.7720 	WARNING 	Font b'Arial' was requested. No similar font found.
4.7772 	EXP 	Created fix = TextStim(__class__=<class 'psychopy.visual.text.TextStim'>, alignHoriz=method-wrapper(...), alignText='center', alignVert=method-wrapper(...), anchorHoriz='center', anchorVert='center', antialias=True, autoDraw=False, autoLog=True, bold=False, color=array([1., 1., 1.]), colorSpace='rgb', contrast=1.0, depth=-1.0, draggable=False, flipHoriz=False, flipVert=False, font='Open Sans', fontFiles=[], height=np.float64(0.1), italic=False, languageStyle='LTR', name='fix', opacity=1, ori=0.0, pos=array([0., 0.]), rgb=UNKNOWN, text='+', units='height', win=Window(...), wrapWidth=1)
4.7797 	EXP 	Created prog_2 = Progress(__class__=<class 'psychopy.visual.progress.Progress'>, anchor=('left', 'top'), autoDraw=False, autoLog=True, closeShape=True, color=method-wrapper(...), colorSpace='rgb', contrast=None, depth=-1, draggable=False, fillColor=array([-1.    ,  0.5373, -1.    ]), fillColorSpace='rgb', fillRGB=array([-1.    ,  0.5373, -1.    ]), interpolate=True, lineColor=array([1., 1., 1.]), lineColorSpace='rgb', lineRGB=array([1, 1, 1]), lineWidth=4.0, name='prog_2', opacity=1.0, ori=0.0, pos=array([-0.5,  0.5]), size=array([1. , 0.1]), units='norm', vertices=ndarray(...), win=Window(...), windingRule=None)
4.7819 	EXP 	Created prog_2Bar = ShapeStim(__class__=<class 'psychopy.visual.shape.ShapeStim'>, anchor=('left', 'top'), autoDraw=False, autoLog=True, closeShape=True, color=method-wrapper(...), colorSpace='rgb', contrast=None, depth=-1, draggable=False, fillColor=array([ 1., -1., -1.]), fillColorSpace='rgb', fillRGB=array([ 1., -1., -1.]), interpolate=True, lineColor=array([0., 0., 0.]), lineColorSpace='rgb', lineRGB=array([0, 0, 0]), lineWidth=1.5, name='prog_2Bar', opacity=1.0, ori=0.0, pos=array([-0.5,  0.5]), size=array([1. , 0.1]), units='norm', vertices=ndarray(...), win=Window(...), windingRule=None)
4.7839 	EXP 	Created greenbar_2 = Rect(__class__=<class 'psychopy.visual.rect.Rect'>, anchor=('left', 'center'), autoDraw=False, autoLog=True, closeShape=True, color=method-wrapper(...), colorSpace='rgb', contrast=None, depth=-2.0, draggable=False, fillColor=array([-1.    ,  0.0039, -1.    ]), fillColorSpace='rgb', fillRGB=array([-1.    ,  0.0039, -1.    ]), interpolate=True, lineColor=array([1., 1., 1.]), lineColorSpace='rgb', lineRGB=array([1, 1, 1]), lineWidth=1.0, name='greenbar_2', opacity=1, ori=0.0, pos=array([0.33333333, 0.7       ]), size=array([0.66666667, 0.1       ]), units='norm', vertices=ndarray(...), win=Window(...))
4.7858 	EXP 	Created yellowbar_2 = Rect(__class__=<class 'psychopy.visual.rect.Rect'>, anchor=('left', 'center'), autoDraw=False, autoLog=True, closeShape=True, color=method-wrapper(...), colorSpace='rgb', contrast=None, depth=-3.0, draggable=False, fillColor=array([ 1.,  1., -1.]), fillColorSpace='rgb', fillRGB=array([ 1.,  1., -1.]), interpolate=True, lineColor=array([1., 1., 1.]), lineColorSpace='rgb', lineRGB=array([1, 1, 1]), lineWidth=1.0, name='yellowbar_2', opacity=1, ori=0.0, pos=array([-0.33333333,  0.7       ]), size=array([0.66666667, 0.1       ]), units='norm', vertices=ndarray(...), win=Window(...))
4.7879 	EXP 	Created redbar_2 = Rect(__class__=<class 'psychopy.visual.rect.Rect'>, anchor=('left', 'center'), autoDraw=False, autoLog=True, closeShape=True, color=method-wrapper(...), colorSpace='rgb', contrast=None, depth=-4.0, draggable=False, fillColor=array([ 1., -1., -1.]), fillColorSpace='rgb', fillRGB=array([ 1., -1., -1.]), interpolate=True, lineColor=array([1., 1., 1.]), lineColorSpace='rgb', lineRGB=array([1, 1, 1]), lineWidth=1.0, name='redbar_2', opacity=1, ori=0.0, pos=array([-1. ,  0.7]), size=array([0.66666667, 0.1       ]), units='norm', vertices=ndarray(...), win=Window(...))
4.7902 	EXP 	Created arrow_2 = ShapeStim(__class__=<class 'psychopy.visual.shape.ShapeStim'>, anchor=('center', 'center'), autoDraw=False, autoLog=True, closeShape=True, color=method-wrapper(...), colorSpace='rgb', contrast=None, depth=-5.0, draggable=False, fillColor=array([1, 1, 1]), fillColorSpace='rgb', fillRGB=array([1, 1, 1]), interpolate=True, lineColor=array([1., 1., 1.]), lineColorSpace='rgb', lineRGB=array([1, 1, 1]), lineWidth=1.0, name='arrow_2', opacity=1, ori=0.0, pos=array([0., 0.]), size=array([0.05, 0.05]), units='norm', vertices=ndarray(...), win=Window(...), windingRule=None)
4.7930 	WARNING 	Font b'Arial' was requested. No similar font found.
4.7985 	WARNING 	Font b'Arial' was requested. No similar font found.
4.9840 	EXP 	Created slider_2 = Slider(__class__=<class 'psychopy.visual.slider.Slider'>, autoDraw=False, autoLog=True, borderColor=None, color=None, colorSpace='rgb', depth=-7, fillColor=None, flip=False, font='Noto Sans', granularity=1, labelColor=None, labelHeight=np.float64(0.05), labelWrapWidth=None, labels=(0, 1, 2, 3, 4, 5, 6, 7, 8, 9), lineColor=None, markerColor=None, name='slider_2', opacity=None, ori=0.0, pos=array([ 0. , -0.4]), readOnly=False, self=UNKNOWN, size=array([1. , 0.1]), startValue=None, style='choice', styleTweaks=[], ticks=array([0, 1, 2, 3, 4, 5, 6, 7, 8, 9]), units='norm', win=Window(...))
4.9870 	WARNING 	Font b'Arial' was requested. No similar font found.
4.9926 	WARNING 	Font b'Arial' was requested. No similar font found.
4.9983 	EXP 	Created fix = TextStim(__class__=<class 'psychopy.visual.text.TextStim'>, alignHoriz=method-wrapper(...), alignText='center', alignVert=method-wrapper(...), anchorHoriz='center', anchorVert='center', antialias=True, autoDraw=False, autoLog=True, bold=False, color=array([1., 1., 1.]), colorSpace='rgb', contrast=1.0, depth=-1.0, draggable=False, flipHoriz=False, flipVert=False, font='Open Sans', fontFiles=[], height=np.float64(0.1), italic=False, languageStyle='LTR', name='fix', opacity=1, ori=0.0, pos=array([0., 0.]), rgb=UNKNOWN, text='+', units='height', win=Window(...), wrapWidth=1)
5.0009 	EXP 	Created prog = Progress(__class__=<class 'psychopy.visual.progress.Progress'>, anchor=('left', 'top'), autoDraw=False, autoLog=True, closeShape=True, color=method-wrapper(...), colorSpace='rgb', contrast=None, depth=-1, draggable=False, fillColor=array([-1.    ,  0.5373, -1.    ]), fillColorSpace='rgb', fillRGB=array([-1.    ,  0.5373, -1.    ]), interpolate=True, lineColor=array([1., 1., 1.]), lineColorSpace='rgb', lineRGB=array([1, 1, 1]), lineWidth=4.0, name='prog', opacity=1.0, ori=0.0, pos=array([-0.5,  0.5]), size=array([1. , 0.1]), units='norm', vertices=ndarray(...), win=Window(...), windingRule=None)
5.0031 	EXP 	Created progBar = ShapeStim(__class__=<class 'psychopy.visual.shape.ShapeStim'>, anchor=('left', 'top'), autoDraw=False, autoLog=True, closeShape=True, color=method-wrapper(...), colorSpace='rgb', contrast=None, depth=-1, draggable=False, fillColor=array([ 1., -1., -1.]), fillColorSpace='rgb', fillRGB=array([ 1., -1., -1.]), interpolate=True, lineColor=array([0., 0., 0.]), lineColorSpace='rgb', lineRGB=array([0, 0, 0]), lineWidth=1.5, name='progBar', opacity=1.0, ori=0.0, pos=array([-0.5,  0.5]), size=array([1. , 0.1]), units='norm', vertices=ndarray(...), win=Window(...), windingRule=None)
5.0051 	EXP 	Created greenbar = Rect(__class__=<class 'psychopy.visual.rect.Rect'>, anchor=('left', 'center'), autoDraw=False, autoLog=True, closeShape=True, color=method-wrapper(...), colorSpace='rgb', contrast=None, depth=-2.0, draggable=False, fillColor=array([-1.    ,  0.0039, -1.    ]), fillColorSpace='rgb', fillRGB=array([-1.    ,  0.0039, -1.    ]), interpolate=True, lineColor=array([1., 1., 1.]), lineColorSpace='rgb', lineRGB=array([1, 1, 1]), lineWidth=1.0, name='greenbar', opacity=1, ori=0.0, pos=array([0.33333333, 0.7       ]), size=array([0.66666667, 0.1       ]), units='norm', vertices=ndarray(...), win=Window(...))
5.0069 	EXP 	Created yellowbar = Rect(__class__=<class 'psychopy.visual.rect.Rect'>, anchor=('left', 'center'), autoDraw=False, autoLog=True, closeShape=True, color=method-wrapper(...), colorSpace='rgb', contrast=None, depth=-3.0, draggable=False, fillColor=array([ 1.,  1., -1.]), fillColorSpace='rgb', fillRGB=array([ 1.,  1., -1.]), interpolate=True, lineColor=array([1., 1., 1.]), lineColorSpace='rgb', lineRGB=array([1, 1, 1]), lineWidth=1.0, name='yellowbar', opacity=1, ori=0.0, pos=array([-0.33333333,  0.7       ]), size=array([0.66666667, 0.1       ]), units='norm', vertices=ndarray(...), win=Window(...))
5.0088 	EXP 	Created redbar = Rect(__class__=<class 'psychopy.visual.rect.Rect'>, anchor=('left', 'center'), autoDraw=False, autoLog=True, closeShape=True, color=method-wrapper(...), colorSpace='rgb', contrast=None, depth=-4.0, draggable=False, fillColor=array([ 1., -1., -1.]), fillColorSpace='rgb', fillRGB=array([ 1., -1., -1.]), interpolate=True, lineColor=array([1., 1., 1.]), lineColorSpace='rgb', lineRGB=array([1, 1, 1]), lineWidth=1.0, name='redbar', opacity=1, ori=0.0, pos=array([-1. ,  0.7]), size=array([0.66666667, 0.1       ]), units='norm', vertices=ndarray(...), win=Window(...))
5.0110 	EXP 	Created arrow = ShapeStim(__class__=<class 'psychopy.visual.shape.ShapeStim'>, anchor=('center', 'center'), autoDraw=False, autoLog=True, closeShape=True, color=method-wrapper(...), colorSpace='rgb', contrast=None, depth=-5.0, draggable=False, fillColor=array([1, 1, 1]), fillColorSpace='rgb', fillRGB=array([1, 1, 1]), interpolate=True, lineColor=array([1., 1., 1.]), lineColorSpace='rgb', lineRGB=array([1, 1, 1]), lineWidth=1.0, name='arrow', opacity=1, ori=0.0, pos=array([0., 0.]), size=array([0.05, 0.05]), units='norm', vertices=ndarray(...), win=Window(...), windingRule=None)
5.0138 	WARNING 	Font b'Arial' was requested. No similar font found.
5.0194 	WARNING 	Font b'Arial' was requested. No similar font found.
5.2047 	EXP 	Created slider = Slider(__class__=<class 'psychopy.visual.slider.Slider'>, autoDraw=False, autoLog=True, borderColor=None, color=None, colorSpace='rgb', depth=-7, fillColor=None, flip=False, font='Noto Sans', granularity=1, labelColor=None, labelHeight=np.float64(0.05), labelWrapWidth=None, labels=(0, 1, 2, 3, 4, 5, 6, 7, 8, 9), lineColor=None, markerColor=None, name='slider', opacity=None, ori=0.0, pos=array([ 0. , -0.4]), readOnly=False, self=UNKNOWN, size=array([1. , 0.1]), startValue=None, style='choice', styleTweaks=[], ticks=array([0, 1, 2, 3, 4, 5, 6, 7, 8, 9]), units='norm', win=Window(...))
5.2076 	WARNING 	Font b'Arial' was requested. No similar font found.
5.2137 	WARNING 	Font b'Arial' was requested. No similar font found.
0.0086 	EXP 	prog_3: direction = 'horizontal'
0.0086 	EXP 	prog_3: progress = 0.0
0.0086 	EXP 	textbox_4: autoLog = True
0.0086 	EXP 	slider_3: autoLog = True
0.0086 	EXP 	slider_3: styleTweaks = []
0.0086 	EXP 	slider_3: styleTweaks = []
0.0086 	EXP 	slider_3: styleTweaks = []
0.0086 	EXP 	slider_3: styleTweaks = []
0.0086 	EXP 	slider_3: contrast = 1.0
0.0086 	EXP 	slider_3: markerPos = None
0.0086 	EXP 	slider_3: autoLog = True
0.0086 	EXP 	textbox_2: autoLog = True
0.0086 	EXP 	prog_2: direction = 'horizontal'
0.0086 	EXP 	prog_2: progress = 0.0
0.0086 	EXP 	textbox_3: autoLog = True
0.0086 	EXP 	slider_2: autoLog = True
0.0086 	EXP 	slider_2: styleTweaks = []
0.0086 	EXP 	slider_2: styleTweaks = []
0.0086 	EXP 	slider_2: styleTweaks = []
0.0086 	EXP 	slider_2: styleTweaks = []
0.0086 	EXP 	slider_2: contrast = 1.0
0.0086 	EXP 	slider_2: markerPos = None
0.0086 	EXP 	slider_2: autoLog = True
0.0086 	EXP 	textbox_2: autoLog = True
0.0086 	EXP 	prog: direction = 'horizontal'
0.0086 	EXP 	prog: progress = 0.0
0.0086 	EXP 	textbox: autoLog = True
0.0086 	EXP 	slider: autoLog = True
0.0086 	EXP 	slider: styleTweaks = []
0.0086 	EXP 	slider: styleTweaks = []
0.0086 	EXP 	slider: styleTweaks = []
0.0086 	EXP 	slider: styleTweaks = []
0.0086 	EXP 	slider: contrast = 1.0
0.0086 	EXP 	slider: markerPos = None
0.0086 	EXP 	slider: autoLog = True
0.0086 	EXP 	textbox_2: autoLog = True
0.0246 	INFO 	Keyboard events cleared
0.0244 	EXP 	text: autoDraw = True
1.0436 	EXP 	Device response: <KeyPress from None: t=1.040349006652832, value=space, duration=None>
1.0443 	DATA 	Keypress: space
1.1606 	EXP 	Device response: <KeyPress from None: t=1.040349006652832, value=space, duration=0.1085805892944336>
1.6935 	EXP 	Device response: <KeyPress from None: t=1.6902503967285156, value=l, duration=None>
1.6939 	DATA 	Keypress: l
1.7078 	INFO 	Keyboard events cleared
1.7077 	EXP 	text: autoDraw = False
1.7077 	EXP 	intstructs: autoDraw = True
1.7767 	EXP 	Device response: <KeyPress from None: t=1.6902503967285156, value=l, duration=0.08269309997558594>
2.0768 	EXP 	Device response: <KeyPress from None: t=2.061284065246582, value=space, duration=None>
2.0771 	DATA 	Keypress: space
2.0776 	EXP 	New trial (rep=0, index=0): <Trial 0 (0 in rep 0) data={'thisN': 0, 'thisTrialN': 0, 'thisRepN': 0}>
2.0910 	EXP 	intstructs: autoDraw = False
2.0910 	EXP 	fix: autoDraw = True
2.1603 	EXP 	Device response: <KeyPress from None: t=2.061284065246582, value=space, duration=0.09072995185852051>
2.5791 	DEBUG 	TextBox2 loaded 1 chars with 0 blanks and 1 valid
2.5799 	DEBUG 	TextBox2 loaded 1 chars with 0 blanks and 1 valid
2.5809 	DEBUG 	TextBox2 loaded 1 chars with 0 blanks and 1 valid
2.5822 	DEBUG 	TextBox2 loaded 1 chars with 0 blanks and 1 valid
2.5825 	DEBUG 	Uploading Texture Font fontname to graphics card
2.5834 	DEBUG 	Upload of Texture Font fontname complete
2.6094 	DEBUG 	Saving data for misty_module ExperimentHandler
2.6100 	INFO 	saved data to /home/hackerman/misty_py/data/pilot_misty_module_2026-01-29_17h32.33.757.psydat
2.6105 	INFO 	saved data to '/home/hackerman/misty_py/data/pilot_misty_module_2026-01-29_17h32.33.757.csv'
2.6154 	WARNING 	Stopping key buffers but this could be dangerous ifother keyboards rely on the same.
