8.5074 	WARNING 	Font Manager failed to load file /System/Library/PrivateFrameworks/FontServices.framework/Resources/Reserved/PingFangUI.ttc
8.5422 	WARNING 	Font Manager failed to load file /System/Library/PrivateFrameworks/FontServices.framework/Resources/Reserved/PingFangUI.ttc
11.1248 	DEBUG 	Fullscreen settings ignored as running in pilot mode.
11.1256 	INFO 	Loaded monitor calibration from ['2026_01_27 16:28']
11.2201 	INFO 	Using renderer 'Apple M4' for graphics
11.2202 	INFO 	OpenGL version supported by driver is 2..
11.2397 	EXP 	Created window1 = Window(allowGUI=False, allowStencil=True, autoLog=True, backendConf=UNKNOWN, backgroundFit=<method-wrapper '__getattribute__' of attributeSetter object at 0x17510bf40>, backgroundImage=<method-wrapper '__getattribute__' of attributeSetter object at 0x17510bee0>, bitsMode=UNKNOWN, blendMode='avg', bpc=(8, 8, 8), color=array([0, 0, 0]), colorSpace='rgb', depthBits=8, fullscr=False, gamma=None, gammaErrorPolicy='raise', infoMsg=UNKNOWN, lms=UNKNOWN, monitor=<psychopy.monitors.calibTools.Monitor object at 0x1755bf9a0>, multiSample=False, name='window1', numSamples=2, pos=[np.float64(560.0), np.float64(240.0)], screen=0, size=array([800, 600]), stencilBits=8, stereo=False, title='PsychoPy', units='height', useFBO=True, useRetina=False, viewOri=0.0, viewPos=None, viewScale=None, waitBlanking=True, winType='pyglet')
11.2397 	EXP 	window1: backgroundImage = ''
11.2397 	EXP 	window1: backgroundFit = 'none'
11.2538 	DEBUG 	TextBox2 loaded 1 chars with 0 blanks and 1 valid
11.2614 	DEBUG 	TextBox2 loaded 1 chars with 0 blanks and 1 valid
11.2690 	DEBUG 	TextBox2 loaded 1 chars with 0 blanks and 1 valid
11.2768 	DEBUG 	TextBox2 loaded 1 chars with 0 blanks and 1 valid
11.2845 	DEBUG 	TextBox2 loaded 1 chars with 0 blanks and 1 valid
11.2921 	DEBUG 	TextBox2 loaded 1 chars with 0 blanks and 1 valid
11.2997 	DEBUG 	TextBox2 loaded 1 chars with 0 blanks and 1 valid
11.3075 	DEBUG 	TextBox2 loaded 1 chars with 0 blanks and 1 valid
11.3149 	DEBUG 	TextBox2 loaded 1 chars with 0 blanks and 1 valid
11.3224 	DEBUG 	TextBox2 loaded 1 chars with 0 blanks and 1 valid
11.3301 	DEBUG 	TextBox2 loaded 1 chars with 0 blanks and 1 valid
11.3378 	DEBUG 	TextBox2 loaded 1 chars with 0 blanks and 1 valid
11.3454 	DEBUG 	TextBox2 loaded 1 chars with 0 blanks and 1 valid
11.3532 	DEBUG 	TextBox2 loaded 1 chars with 0 blanks and 1 valid
11.3608 	DEBUG 	TextBox2 loaded 1 chars with 0 blanks and 1 valid
11.3685 	DEBUG 	TextBox2 loaded 1 chars with 0 blanks and 1 valid
11.3762 	DEBUG 	TextBox2 loaded 1 chars with 0 blanks and 1 valid
11.3838 	DEBUG 	TextBox2 loaded 1 chars with 0 blanks and 1 valid
11.3913 	DEBUG 	TextBox2 loaded 1 chars with 0 blanks and 1 valid
11.3992 	DEBUG 	TextBox2 loaded 1 chars with 0 blanks and 1 valid
11.4067 	DEBUG 	TextBox2 loaded 1 chars with 0 blanks and 1 valid
11.4068 	DEBUG 	Uploading Texture Font fontname to graphics card
11.4096 	DEBUG 	Upload of Texture Font fontname complete
11.4199 	DEBUG 	TextBox2 loaded 1 chars with 0 blanks and 1 valid
11.4276 	DEBUG 	TextBox2 loaded 1 chars with 0 blanks and 1 valid
11.4353 	DEBUG 	TextBox2 loaded 1 chars with 0 blanks and 1 valid
11.4354 	DEBUG 	Uploading Texture Font fontname to graphics card
11.4368 	DEBUG 	Upload of Texture Font fontname complete
11.4377 	EXP 	window1: Attempting to measure frame rate of screen (0) ...
11.4377 	EXP 	window1: recordFrameIntervals = False
11.5830 	EXP 	window1: recordFrameIntervals = True
11.7299 	EXP 	Screen (0) actual frame rate measured at 74.97Hz
11.7299 	EXP 	window1: recordFrameIntervals = False
11.7435 	DEBUG 	TextBox2 loaded 1 chars with 0 blanks and 1 valid
11.7527 	DEBUG 	TextBox2 loaded 1 chars with 0 blanks and 1 valid
11.7615 	DEBUG 	TextBox2 loaded 1 chars with 0 blanks and 1 valid
11.7700 	DEBUG 	TextBox2 loaded 1 chars with 0 blanks and 1 valid
11.7782 	DEBUG 	TextBox2 loaded 1 chars with 0 blanks and 1 valid
11.7860 	DEBUG 	TextBox2 loaded 1 chars with 0 blanks and 1 valid
11.7933 	DEBUG 	TextBox2 loaded 1 chars with 0 blanks and 1 valid
11.8009 	DEBUG 	TextBox2 loaded 1 chars with 0 blanks and 1 valid
11.8085 	DEBUG 	TextBox2 loaded 1 chars with 0 blanks and 1 valid
11.8161 	DEBUG 	TextBox2 loaded 1 chars with 0 blanks and 1 valid
11.8163 	DEBUG 	Uploading Texture Font fontname to graphics card
11.8178 	DEBUG 	Upload of Texture Font fontname complete
12.7295 	INFO 	keyboard.Keyboard is using ptb backend.
12.7295 	EXP 	misty_module: status = STARTED
12.7614 	EXP 	Created text = TextStim(__class__=<class 'psychopy.visual.text.TextStim'>, alignHoriz=method-wrapper(...), alignText='center', alignVert=method-wrapper(...), anchorHoriz='center', anchorVert='center', antialias=True, autoDraw=False, autoLog=True, bold=False, color=array([1., 1., 1.]), colorSpace='rgb', contrast=1.0, depth=0.0, draggable=False, flipHoriz=False, flipVert=False, font='Arial', fontFiles=[], height=np.float64(0.05), italic=False, languageStyle='LTR', name='text', opacity=1, ori=0.0, pos=array([0., 0.]), rgb=UNKNOWN, text=str(...), units='height', win=Window(...), wrapWidth=1)
12.7685 	EXP 	Created intstructs = TextStim(__class__=<class 'psychopy.visual.text.TextStim'>, alignHoriz=method-wrapper(...), alignText='center', alignVert=method-wrapper(...), anchorHoriz='center', anchorVert='center', antialias=True, autoDraw=False, autoLog=True, bold=False, color=array([1., 1., 1.]), colorSpace='rgb', contrast=1.0, depth=0.0, draggable=False, flipHoriz=False, flipVert=False, font='Arial', fontFiles=[], height=np.float64(0.05), italic=False, languageStyle='LTR', name='intstructs', opacity=1, ori=0.0, pos=array([0., 0.]), rgb=UNKNOWN, text=str(...), units='height', win=Window(...), wrapWidth=1)
12.7707 	EXP 	Created fix = TextStim(__class__=<class 'psychopy.visual.text.TextStim'>, alignHoriz=method-wrapper(...), alignText='center', alignVert=method-wrapper(...), anchorHoriz='center', anchorVert='center', antialias=True, autoDraw=False, autoLog=True, bold=False, color=array([1., 1., 1.]), colorSpace='rgb', contrast=1.0, depth=-1.0, draggable=False, flipHoriz=False, flipVert=False, font='Open Sans', fontFiles=[], height=np.float64(0.1), italic=False, languageStyle='LTR', name='fix', opacity=1, ori=0.0, pos=array([0., 0.]), rgb=UNKNOWN, text='+', units='height', win=Window(...), wrapWidth=1)
12.7763 	DEBUG 	TextBox2 loaded 1 chars with 0 blanks and 1 valid
12.7769 	DEBUG 	TextBox2 loaded 1 chars with 0 blanks and 1 valid
12.7775 	DEBUG 	TextBox2 loaded 1 chars with 0 blanks and 1 valid
12.7779 	DEBUG 	TextBox2 loaded 1 chars with 0 blanks and 1 valid
12.7781 	DEBUG 	TextBox2 loaded 1 chars with 0 blanks and 1 valid
12.7783 	DEBUG 	TextBox2 loaded 1 chars with 0 blanks and 1 valid
12.7788 	DEBUG 	TextBox2 loaded 1 chars with 0 blanks and 1 valid
12.7791 	DEBUG 	TextBox2 loaded 1 chars with 0 blanks and 1 valid
12.7794 	DEBUG 	TextBox2 loaded 1 chars with 0 blanks and 1 valid
12.7795 	DEBUG 	Uploading Texture Font fontname to graphics card
12.7815 	DEBUG 	Upload of Texture Font fontname complete
12.8014 	DEBUG 	TextBox2 loaded 1 chars with 0 blanks and 1 valid
12.8015 	DEBUG 	Uploading Texture Font fontname to graphics card
12.8035 	DEBUG 	Upload of Texture Font fontname complete
12.8132 	DEBUG 	TextBox2 loaded 1 chars with 0 blanks and 1 valid
12.8207 	DEBUG 	TextBox2 loaded 1 chars with 0 blanks and 1 valid
12.8282 	DEBUG 	TextBox2 loaded 1 chars with 0 blanks and 1 valid
12.8356 	DEBUG 	TextBox2 loaded 1 chars with 0 blanks and 1 valid
12.8429 	DEBUG 	TextBox2 loaded 1 chars with 0 blanks and 1 valid
12.8502 	DEBUG 	TextBox2 loaded 1 chars with 0 blanks and 1 valid
12.8576 	DEBUG 	TextBox2 loaded 1 chars with 0 blanks and 1 valid
12.8650 	DEBUG 	TextBox2 loaded 1 chars with 0 blanks and 1 valid
12.8724 	DEBUG 	TextBox2 loaded 1 chars with 0 blanks and 1 valid
12.8797 	DEBUG 	TextBox2 loaded 1 chars with 0 blanks and 1 valid
12.8798 	DEBUG 	Uploading Texture Font fontname to graphics card
12.8813 	DEBUG 	Upload of Texture Font fontname complete
12.8910 	DEBUG 	TextBox2 loaded 1 chars with 0 blanks and 1 valid
12.8910 	DEBUG 	Uploading Texture Font fontname to graphics card
12.8925 	DEBUG 	Upload of Texture Font fontname complete
12.9045 	DEBUG 	TextBox2 loaded 1 chars with 0 blanks and 1 valid
12.9045 	DEBUG 	Uploading Texture Font fontname to graphics card
12.9059 	DEBUG 	Upload of Texture Font fontname complete
12.9179 	DEBUG 	TextBox2 loaded 1 chars with 0 blanks and 1 valid
12.9180 	DEBUG 	Uploading Texture Font fontname to graphics card
12.9194 	DEBUG 	Upload of Texture Font fontname complete
12.9313 	DEBUG 	TextBox2 loaded 1 chars with 0 blanks and 1 valid
12.9314 	DEBUG 	Uploading Texture Font fontname to graphics card
12.9328 	DEBUG 	Upload of Texture Font fontname complete
12.9447 	DEBUG 	TextBox2 loaded 1 chars with 0 blanks and 1 valid
12.9448 	DEBUG 	Uploading Texture Font fontname to graphics card
12.9462 	DEBUG 	Upload of Texture Font fontname complete
12.9581 	DEBUG 	TextBox2 loaded 1 chars with 0 blanks and 1 valid
12.9582 	DEBUG 	Uploading Texture Font fontname to graphics card
12.9600 	DEBUG 	Upload of Texture Font fontname complete
12.9720 	DEBUG 	TextBox2 loaded 1 chars with 0 blanks and 1 valid
12.9721 	DEBUG 	Uploading Texture Font fontname to graphics card
12.9735 	DEBUG 	Upload of Texture Font fontname complete
12.9854 	DEBUG 	TextBox2 loaded 1 chars with 0 blanks and 1 valid
12.9855 	DEBUG 	Uploading Texture Font fontname to graphics card
12.9869 	DEBUG 	Upload of Texture Font fontname complete
12.9988 	DEBUG 	TextBox2 loaded 1 chars with 0 blanks and 1 valid
12.9989 	DEBUG 	Uploading Texture Font fontname to graphics card
13.0003 	DEBUG 	Upload of Texture Font fontname complete
13.0216 	EXP 	Created slider_3 = Slider(__class__=<class 'psychopy.visual.slider.Slider'>, autoDraw=False, autoLog=True, borderColor=None, color=None, colorSpace='rgb', depth=-2, fillColor=None, flip=False, font='Noto Sans', granularity=1, labelColor=None, labelHeight=np.float64(0.05), labelWrapWidth=None, labels=(0, 1, 2, 3, 4, 5, 6, 7, 8, 9), lineColor=None, markerColor=None, name='slider_3', opacity=None, ori=0.0, pos=array([ 0. , -0.4]), readOnly=False, self=UNKNOWN, size=array([1. , 0.1]), startValue=None, style='choice', styleTweaks=[], ticks=array([0, 1, 2, 3, 4, 5, 6, 7, 8, 9]), units='norm', win=Window(...))
13.0282 	EXP 	Created text_2 = TextStim(__class__=<class 'psychopy.visual.text.TextStim'>, alignHoriz=method-wrapper(...), alignText='center', alignVert=method-wrapper(...), anchorHoriz='center', anchorVert='center', antialias=True, autoDraw=False, autoLog=True, bold=False, color=array([1., 1., 1.]), colorSpace='rgb', contrast=1.0, depth=0.0, draggable=False, flipHoriz=False, flipVert=False, font='Arial', fontFiles=[], height=np.float64(0.05), italic=False, languageStyle='LTR', name='text_2', opacity=1, ori=0.0, pos=array([0., 0.]), rgb=UNKNOWN, text=str(...), units='height', win=Window(...), wrapWidth=1)
13.0289 	EXP 	Created fix = TextStim(__class__=<class 'psychopy.visual.text.TextStim'>, alignHoriz=method-wrapper(...), alignText='center', alignVert=method-wrapper(...), anchorHoriz='center', anchorVert='center', antialias=True, autoDraw=False, autoLog=True, bold=False, color=array([1., 1., 1.]), colorSpace='rgb', contrast=1.0, depth=-1.0, draggable=False, flipHoriz=False, flipVert=False, font='Open Sans', fontFiles=[], height=np.float64(0.1), italic=False, languageStyle='LTR', name='fix', opacity=1, ori=0.0, pos=array([0., 0.]), rgb=UNKNOWN, text='+', units='height', win=Window(...), wrapWidth=1)
13.0307 	EXP 	Created prog_3 = Progress(__class__=<class 'psychopy.visual.progress.Progress'>, anchor=('left', 'top'), autoDraw=False, autoLog=True, closeShape=True, color=method-wrapper(...), colorSpace='rgb', contrast=None, depth=-1, draggable=False, fillColor=array([-1.    ,  0.5373, -1.    ]), fillColorSpace='rgb', fillRGB=array([-1.    ,  0.5373, -1.    ]), interpolate=True, lineColor=array([1., 1., 1.]), lineColorSpace='rgb', lineRGB=array([1, 1, 1]), lineWidth=4.0, name='prog_3', opacity=1.0, ori=0.0, pos=array([-0.5,  0.5]), size=array([1. , 0.1]), units='norm', vertices=ndarray(...), win=Window(...), windingRule=None)
13.0313 	EXP 	Created prog_3Bar = ShapeStim(__class__=<class 'psychopy.visual.shape.ShapeStim'>, anchor=('left', 'top'), autoDraw=False, autoLog=True, closeShape=True, color=method-wrapper(...), colorSpace='rgb', contrast=None, depth=-1, draggable=False, fillColor=array([ 1., -1., -1.]), fillColorSpace='rgb', fillRGB=array([ 1., -1., -1.]), interpolate=True, lineColor=array([0., 0., 0.]), lineColorSpace='rgb', lineRGB=array([0, 0, 0]), lineWidth=1.5, name='prog_3Bar', opacity=1.0, ori=0.0, pos=array([-0.5,  0.5]), size=array([1. , 0.1]), units='norm', vertices=ndarray(...), win=Window(...), windingRule=None)
13.0319 	EXP 	Created greenbar_3 = Rect(__class__=<class 'psychopy.visual.rect.Rect'>, anchor=('left', 'center'), autoDraw=False, autoLog=True, closeShape=True, color=method-wrapper(...), colorSpace='rgb', contrast=None, depth=-2.0, draggable=False, fillColor=array([-1.    ,  0.0039, -1.    ]), fillColorSpace='rgb', fillRGB=array([-1.    ,  0.0039, -1.    ]), interpolate=True, lineColor=array([1., 1., 1.]), lineColorSpace='rgb', lineRGB=array([1, 1, 1]), lineWidth=1.0, name='greenbar_3', opacity=1, ori=0.0, pos=array([0.33333333, 0.7       ]), size=array([0.66666667, 0.1       ]), units='norm', vertices=ndarray(...), win=Window(...))
13.0324 	EXP 	Created yellowbar_3 = Rect(__class__=<class 'psychopy.visual.rect.Rect'>, anchor=('left', 'center'), autoDraw=False, autoLog=True, closeShape=True, color=method-wrapper(...), colorSpace='rgb', contrast=None, depth=-3.0, draggable=False, fillColor=array([ 1.,  1., -1.]), fillColorSpace='rgb', fillRGB=array([ 1.,  1., -1.]), interpolate=True, lineColor=array([1., 1., 1.]), lineColorSpace='rgb', lineRGB=array([1, 1, 1]), lineWidth=1.0, name='yellowbar_3', opacity=1, ori=0.0, pos=array([-0.33333333,  0.7       ]), size=array([0.66666667, 0.1       ]), units='norm', vertices=ndarray(...), win=Window(...))
13.0329 	EXP 	Created redbar_3 = Rect(__class__=<class 'psychopy.visual.rect.Rect'>, anchor=('left', 'center'), autoDraw=False, autoLog=True, closeShape=True, color=method-wrapper(...), colorSpace='rgb', contrast=None, depth=-4.0, draggable=False, fillColor=array([ 1., -1., -1.]), fillColorSpace='rgb', fillRGB=array([ 1., -1., -1.]), interpolate=True, lineColor=array([1., 1., 1.]), lineColorSpace='rgb', lineRGB=array([1, 1, 1]), lineWidth=1.0, name='redbar_3', opacity=1, ori=0.0, pos=array([-1. ,  0.7]), size=array([0.66666667, 0.1       ]), units='norm', vertices=ndarray(...), win=Window(...))
13.0336 	EXP 	Created arrow_3 = ShapeStim(__class__=<class 'psychopy.visual.shape.ShapeStim'>, anchor=('center', 'center'), autoDraw=False, autoLog=True, closeShape=True, color=method-wrapper(...), colorSpace='rgb', contrast=None, depth=-5.0, draggable=False, fillColor=array([1, 1, 1]), fillColorSpace='rgb', fillRGB=array([1, 1, 1]), interpolate=True, lineColor=array([1., 1., 1.]), lineColorSpace='rgb', lineRGB=array([1, 1, 1]), lineWidth=1.0, name='arrow_3', opacity=1, ori=0.0, pos=array([0., 0.]), size=array([0.05, 0.05]), units='norm', vertices=ndarray(...), win=Window(...), windingRule=None)
13.1020 	EXP 	Created slider_4 = Slider(__class__=<class 'psychopy.visual.slider.Slider'>, autoDraw=False, autoLog=True, borderColor=None, color=None, colorSpace='rgb', depth=-7, fillColor=None, flip=False, font='Noto Sans', granularity=1, labelColor=None, labelHeight=np.float64(0.05), labelWrapWidth=None, labels=(0, 1, 2, 3, 4, 5, 6, 7, 8, 9), lineColor=None, markerColor=None, name='slider_4', opacity=None, ori=0.0, pos=array([ 0. , -0.4]), readOnly=False, self=UNKNOWN, size=array([1. , 0.1]), startValue=None, style='choice', styleTweaks=[], ticks=array([0, 1, 2, 3, 4, 5, 6, 7, 8, 9]), units='norm', win=Window(...))
13.1075 	EXP 	Created text_3 = TextStim(__class__=<class 'psychopy.visual.text.TextStim'>, alignHoriz=method-wrapper(...), alignText='center', alignVert=method-wrapper(...), anchorHoriz='center', anchorVert='center', antialias=True, autoDraw=False, autoLog=True, bold=False, color=array([1., 1., 1.]), colorSpace='rgb', contrast=1.0, depth=0.0, draggable=False, flipHoriz=False, flipVert=False, font='Arial', fontFiles=[], height=np.float64(0.05), italic=False, languageStyle='LTR', name='text_3', opacity=1, ori=0.0, pos=array([0., 0.]), rgb=UNKNOWN, text='Training instructions here', units='height', win=Window(...), wrapWidth=1)
13.1082 	EXP 	Created fix = TextStim(__class__=<class 'psychopy.visual.text.TextStim'>, alignHoriz=method-wrapper(...), alignText='center', alignVert=method-wrapper(...), anchorHoriz='center', anchorVert='center', antialias=True, autoDraw=False, autoLog=True, bold=False, color=array([1., 1., 1.]), colorSpace='rgb', contrast=1.0, depth=-1.0, draggable=False, flipHoriz=False, flipVert=False, font='Open Sans', fontFiles=[], height=np.float64(0.1), italic=False, languageStyle='LTR', name='fix', opacity=1, ori=0.0, pos=array([0., 0.]), rgb=UNKNOWN, text='+', units='height', win=Window(...), wrapWidth=1)
13.1760 	EXP 	Created slider_training = Slider(__class__=<class 'psychopy.visual.slider.Slider'>, autoDraw=False, autoLog=True, borderColor=None, color=None, colorSpace='rgb', depth=-2, fillColor=None, flip=False, font='Noto Sans', granularity=1, labelColor=None, labelHeight=np.float64(0.05), labelWrapWidth=None, labels=(0, 1, 2, 3, 4, 5, 6, 7, 8, 9), lineColor=None, markerColor=None, name='slider_training', opacity=None, ori=0.0, pos=array([ 0. , -0.4]), readOnly=False, self=UNKNOWN, size=array([1. , 0.1]), startValue=None, style='choice', styleTweaks=[], ticks=array([0, 1, 2, 3, 4, 5, 6, 7, 8, 9]), units='norm', win=Window(...))
13.1810 	EXP 	Created fix = TextStim(__class__=<class 'psychopy.visual.text.TextStim'>, alignHoriz=method-wrapper(...), alignText='center', alignVert=method-wrapper(...), anchorHoriz='center', anchorVert='center', antialias=True, autoDraw=False, autoLog=True, bold=False, color=array([1., 1., 1.]), colorSpace='rgb', contrast=1.0, depth=-1.0, draggable=False, flipHoriz=False, flipVert=False, font='Open Sans', fontFiles=[], height=np.float64(0.1), italic=False, languageStyle='LTR', name='fix', opacity=1, ori=0.0, pos=array([0., 0.]), rgb=UNKNOWN, text='+', units='height', win=Window(...), wrapWidth=1)
13.1817 	EXP 	Created prog = Progress(__class__=<class 'psychopy.visual.progress.Progress'>, anchor=('left', 'top'), autoDraw=False, autoLog=True, closeShape=True, color=method-wrapper(...), colorSpace='rgb', contrast=None, depth=-1, draggable=False, fillColor=array([-1.    ,  0.5373, -1.    ]), fillColorSpace='rgb', fillRGB=array([-1.    ,  0.5373, -1.    ]), interpolate=True, lineColor=array([1., 1., 1.]), lineColorSpace='rgb', lineRGB=array([1, 1, 1]), lineWidth=4.0, name='prog', opacity=1.0, ori=0.0, pos=array([-0.5,  0.5]), size=array([1. , 0.1]), units='norm', vertices=ndarray(...), win=Window(...), windingRule=None)
13.1824 	EXP 	Created progBar = ShapeStim(__class__=<class 'psychopy.visual.shape.ShapeStim'>, anchor=('left', 'top'), autoDraw=False, autoLog=True, closeShape=True, color=method-wrapper(...), colorSpace='rgb', contrast=None, depth=-1, draggable=False, fillColor=array([ 1., -1., -1.]), fillColorSpace='rgb', fillRGB=array([ 1., -1., -1.]), interpolate=True, lineColor=array([0., 0., 0.]), lineColorSpace='rgb', lineRGB=array([0, 0, 0]), lineWidth=1.5, name='progBar', opacity=1.0, ori=0.0, pos=array([-0.5,  0.5]), size=array([1. , 0.1]), units='norm', vertices=ndarray(...), win=Window(...), windingRule=None)
13.1829 	EXP 	Created greenbar = Rect(__class__=<class 'psychopy.visual.rect.Rect'>, anchor=('left', 'center'), autoDraw=False, autoLog=True, closeShape=True, color=method-wrapper(...), colorSpace='rgb', contrast=None, depth=-2.0, draggable=False, fillColor=array([-1.    ,  0.0039, -1.    ]), fillColorSpace='rgb', fillRGB=array([-1.    ,  0.0039, -1.    ]), interpolate=True, lineColor=array([1., 1., 1.]), lineColorSpace='rgb', lineRGB=array([1, 1, 1]), lineWidth=1.0, name='greenbar', opacity=1, ori=0.0, pos=array([0.33333333, 0.7       ]), size=array([0.66666667, 0.1       ]), units='norm', vertices=ndarray(...), win=Window(...))
13.1834 	EXP 	Created yellowbar = Rect(__class__=<class 'psychopy.visual.rect.Rect'>, anchor=('left', 'center'), autoDraw=False, autoLog=True, closeShape=True, color=method-wrapper(...), colorSpace='rgb', contrast=None, depth=-3.0, draggable=False, fillColor=array([ 1.,  1., -1.]), fillColorSpace='rgb', fillRGB=array([ 1.,  1., -1.]), interpolate=True, lineColor=array([1., 1., 1.]), lineColorSpace='rgb', lineRGB=array([1, 1, 1]), lineWidth=1.0, name='yellowbar', opacity=1, ori=0.0, pos=array([-0.33333333,  0.7       ]), size=array([0.66666667, 0.1       ]), units='norm', vertices=ndarray(...), win=Window(...))
13.1839 	EXP 	Created redbar = Rect(__class__=<class 'psychopy.visual.rect.Rect'>, anchor=('left', 'center'), autoDraw=False, autoLog=True, closeShape=True, color=method-wrapper(...), colorSpace='rgb', contrast=None, depth=-4.0, draggable=False, fillColor=array([ 1., -1., -1.]), fillColorSpace='rgb', fillRGB=array([ 1., -1., -1.]), interpolate=True, lineColor=array([1., 1., 1.]), lineColorSpace='rgb', lineRGB=array([1, 1, 1]), lineWidth=1.0, name='redbar', opacity=1, ori=0.0, pos=array([-1. ,  0.7]), size=array([0.66666667, 0.1       ]), units='norm', vertices=ndarray(...), win=Window(...))
13.1848 	EXP 	Created arrow = ShapeStim(__class__=<class 'psychopy.visual.shape.ShapeStim'>, anchor=('center', 'center'), autoDraw=False, autoLog=True, closeShape=True, color=method-wrapper(...), colorSpace='rgb', contrast=None, depth=-5.0, draggable=False, fillColor=array([1, 1, 1]), fillColorSpace='rgb', fillRGB=array([1, 1, 1]), interpolate=True, lineColor=array([1., 1., 1.]), lineColorSpace='rgb', lineRGB=array([1, 1, 1]), lineWidth=1.0, name='arrow', opacity=1, ori=0.0, pos=array([0., 0.]), size=array([0.05, 0.05]), units='norm', vertices=ndarray(...), win=Window(...), windingRule=None)
13.2543 	EXP 	Created slider = Slider(__class__=<class 'psychopy.visual.slider.Slider'>, autoDraw=False, autoLog=True, borderColor=None, color=None, colorSpace='rgb', depth=-7, fillColor=None, flip=False, font='Noto Sans', granularity=1, labelColor=None, labelHeight=np.float64(0.05), labelWrapWidth=None, labels=(0, 1, 2, 3, 4, 5, 6, 7, 8, 9), lineColor=None, markerColor=None, name='slider', opacity=None, ori=0.0, pos=array([ 0. , -0.4]), readOnly=False, self=UNKNOWN, size=array([1. , 0.1]), startValue=None, style='choice', styleTweaks=[], ticks=array([0, 1, 2, 3, 4, 5, 6, 7, 8, 9]), units='norm', win=Window(...))
0.0027 	EXP 	equation_practice_1: autoLog = True
0.0027 	EXP 	slider_3: autoLog = True
0.0027 	EXP 	slider_3: styleTweaks = []
0.0027 	EXP 	slider_3: styleTweaks = []
0.0027 	EXP 	slider_3: styleTweaks = []
0.0027 	EXP 	slider_3: styleTweaks = []
0.0027 	EXP 	slider_3: contrast = 1.0
0.0027 	EXP 	slider_3: markerPos = None
0.0027 	EXP 	slider_3: autoLog = True
0.0027 	EXP 	feedback_practice_1: autoLog = True
0.0027 	EXP 	prog_3: direction = 'horizontal'
0.0027 	EXP 	prog_3: progress = 0.0
0.0027 	EXP 	textbox_5: autoLog = True
0.0027 	EXP 	slider_4: autoLog = True
0.0027 	EXP 	slider_4: styleTweaks = []
0.0027 	EXP 	slider_4: styleTweaks = []
0.0027 	EXP 	slider_4: styleTweaks = []
0.0027 	EXP 	slider_4: styleTweaks = []
0.0027 	EXP 	slider_4: contrast = 1.0
0.0027 	EXP 	slider_4: markerPos = None
0.0027 	EXP 	slider_4: autoLog = True
0.0027 	EXP 	feedback_practice_1: autoLog = True
0.0027 	EXP 	textbox_3: autoLog = True
0.0027 	EXP 	slider_training: autoLog = True
0.0027 	EXP 	slider_training: styleTweaks = []
0.0027 	EXP 	slider_training: styleTweaks = []
0.0027 	EXP 	slider_training: styleTweaks = []
0.0027 	EXP 	slider_training: styleTweaks = []
0.0027 	EXP 	slider_training: contrast = 1.0
0.0027 	EXP 	slider_training: markerPos = None
0.0027 	EXP 	slider_training: autoLog = True
0.0027 	EXP 	feedback_practice_1: autoLog = True
0.0027 	EXP 	prog: direction = 'horizontal'
0.0027 	EXP 	prog: progress = 0.0
0.0027 	EXP 	textbox: autoLog = True
0.0027 	EXP 	slider: autoLog = True
0.0027 	EXP 	slider: styleTweaks = []
0.0027 	EXP 	slider: styleTweaks = []
0.0027 	EXP 	slider: styleTweaks = []
0.0027 	EXP 	slider: styleTweaks = []
0.0027 	EXP 	slider: contrast = 1.0
0.0027 	EXP 	slider: markerPos = None
0.0027 	EXP 	slider: autoLog = True
0.0027 	EXP 	feedback_practice_1: autoLog = True
0.0092 	INFO 	Keyboard events cleared
0.0091 	EXP 	text: autoDraw = True
4.7585 	EXP 	Device response: <KeyPress from None: t=4.6411880829996335, value=l, duration=None>
4.7586 	EXP 	Device response: <KeyPress from None: t=4.6411880829996335, value=l, duration=0.08901658400009183>
4.7622 	DATA 	Keypress: l
4.7649 	INFO 	Keyboard events cleared
4.7649 	EXP 	text: autoDraw = False
4.7649 	EXP 	intstructs: autoDraw = True
5.3588 	EXP 	Device response: <KeyPress from None: t=5.3551977079996504, value=space, duration=None>
5.3607 	DATA 	Keypress: space
5.3680 	DEBUG 	Read excel file with openpyxl: practice_difficulty.xlsx
5.3682 	EXP 	Imported practice_difficulty.xlsx as conditions, 3 conditions, 1 params
5.3689 	EXP 	New trial (rep=0, index=0): <Trial 0 (0 in rep 0) data={'prac_diff': 'easy1', 'thisN': 0, 'thisTrialN': 0, 'thisRepN': 0}>
5.3731 	EXP 	intstructs: autoDraw = False
5.3731 	EXP 	fix: autoDraw = True
5.5186 	EXP 	Device response: <KeyPress from None: t=5.3551977079996504, value=space, duration=0.14902250000022832>
5.8668 	DEBUG 	TextBox2 loaded 1 chars with 0 blanks and 1 valid
5.8680 	DEBUG 	TextBox2 loaded 1 chars with 0 blanks and 1 valid
5.8694 	DEBUG 	TextBox2 loaded 1 chars with 0 blanks and 1 valid
5.8702 	DEBUG 	TextBox2 loaded 1 chars with 0 blanks and 1 valid
5.8715 	DEBUG 	TextBox2 loaded 1 chars with 0 blanks and 1 valid
5.8717 	DEBUG 	Uploading Texture Font fontname to graphics card
5.8762 	DEBUG 	Upload of Texture Font fontname complete
5.8990 	INFO 	Keyboard events cleared
5.8990 	EXP 	fix: autoDraw = False
5.8990 	EXP 	slider_3: markerPos = None
5.8990 	EXP 	slider_3: markerPos = None
5.8990 	EXP 	equation_practice_1: autoDraw = True
5.8990 	EXP 	slider_3: autoDraw = True
7.2693 	DATA 	Keypress: 8
7.2758 	EXP 	Device response: <KeyPress from None: t=7.264191582999956, value=8, duration=None>
7.2772 	DEBUG 	TextBox2 loaded 1 chars with 0 blanks and 1 valid
7.2778 	DEBUG 	TextBox2 loaded 1 chars with 0 blanks and 1 valid
7.2783 	DEBUG 	TextBox2 loaded 1 chars with 0 blanks and 1 valid
7.2788 	DEBUG 	TextBox2 loaded 1 chars with 0 blanks and 1 valid
7.2791 	DEBUG 	TextBox2 loaded 1 chars with 0 blanks and 1 valid
7.2792 	DEBUG 	Uploading Texture Font fontname to graphics card
7.2809 	DEBUG 	Upload of Texture Font fontname complete
7.2880 	EXP 	equation_practice_1: autoDraw = False
7.2880 	EXP 	slider_3: autoDraw = False
7.2880 	EXP 	feedback_practice_1: autoDraw = True
7.3830 	EXP 	Device response: <KeyPress from None: t=7.264191582999956, value=8, duration=0.11502608399996461>
8.2774 	EXP 	New trial (rep=0, index=1): <Trial 1 (1 in rep 0) data={'prac_diff': 'easy1', 'thisN': 1, 'thisTrialN': 1, 'thisRepN': 0}>
8.2893 	EXP 	feedback_practice_1: autoDraw = False
8.2893 	EXP 	fix: autoDraw = True
8.7872 	DEBUG 	TextBox2 loaded 1 chars with 0 blanks and 1 valid
8.7890 	DEBUG 	TextBox2 loaded 1 chars with 0 blanks and 1 valid
8.7894 	DEBUG 	Uploading Texture Font fontname to graphics card
8.7935 	DEBUG 	Upload of Texture Font fontname complete
8.8087 	INFO 	Keyboard events cleared
8.8087 	EXP 	fix: autoDraw = False
8.8087 	EXP 	slider_3: markerPos = None
8.8087 	EXP 	slider_3: markerPos = None
8.8087 	EXP 	equation_practice_1: autoDraw = True
8.8087 	EXP 	slider_3: autoDraw = True
11.3507 	DATA 	Keypress: 1
11.3574 	EXP 	Device response: <KeyPress from None: t=11.34618062499976, value=1, duration=None>
11.3696 	EXP 	equation_practice_1: autoDraw = False
11.3696 	EXP 	slider_3: autoDraw = False
11.3696 	EXP 	feedback_practice_1: autoDraw = True
11.5051 	EXP 	Device response: <KeyPress from None: t=11.34618062499976, value=1, duration=0.15302299999984825>
12.3589 	EXP 	New trial (rep=0, index=2): <Trial 2 (2 in rep 0) data={'prac_diff': 'easy1', 'thisN': 2, 'thisTrialN': 2, 'thisRepN': 0}>
12.3708 	EXP 	feedback_practice_1: autoDraw = False
12.3708 	EXP 	fix: autoDraw = True
12.8697 	DEBUG 	TextBox2 loaded 1 chars with 0 blanks and 1 valid
12.8702 	DEBUG 	Uploading Texture Font fontname to graphics card
12.8745 	DEBUG 	Upload of Texture Font fontname complete
12.8946 	INFO 	Keyboard events cleared
12.8945 	EXP 	fix: autoDraw = False
12.8945 	EXP 	slider_3: markerPos = None
12.8945 	EXP 	slider_3: markerPos = None
12.8945 	EXP 	equation_practice_1: autoDraw = True
12.8945 	EXP 	slider_3: autoDraw = True
14.6317 	DATA 	Keypress: 3
14.6386 	EXP 	Device response: <KeyPress from None: t=14.626153207999778, value=3, duration=None>
14.6508 	EXP 	equation_practice_1: autoDraw = False
14.6508 	EXP 	slider_3: autoDraw = False
14.6508 	EXP 	feedback_practice_1: autoDraw = True
14.7458 	EXP 	Device response: <KeyPress from None: t=14.626153207999778, value=3, duration=0.10902399999986301>
15.6521 	EXP 	feedback_practice_1: autoDraw = False
15.6521 	EXP 	text_2: autoDraw = True
17.6507 	DEBUG 	Read excel file with openpyxl: practice_difficulty.xlsx
17.6509 	EXP 	Imported practice_difficulty.xlsx as conditions, 3 conditions, 1 params
17.6559 	EXP 	text_2: autoDraw = False
17.6559 	EXP 	text_3: autoDraw = True
19.6546 	DEBUG 	Read csv file with pandas: training.csv
19.6579 	DEBUG 	Clearing unnamed columns from training.csv
19.6587 	EXP 	Imported training.csv as conditions, 5 conditions, 2 params
19.6590 	EXP 	New trial (rep=0, index=0): <Trial 0 (0 in rep 0) data={'train_diff': 'med1', 'train_time': np.int64(5), 'thisN': 0, 'thisTrialN': 0, 'thisRepN': 0}>
19.6638 	EXP 	New trial (rep=0, index=0): <Trial 0 (0 in rep 0) data={'thisN': 0, 'thisTrialN': 0, 'thisRepN': 0}>
19.6664 	EXP 	text_3: autoDraw = False
19.6664 	EXP 	fix: autoDraw = True
20.1526 	DEBUG 	TextBox2 loaded 1 chars with 0 blanks and 1 valid
20.1537 	DEBUG 	TextBox2 loaded 1 chars with 0 blanks and 1 valid
20.1541 	DEBUG 	Uploading Texture Font fontname to graphics card
20.1587 	DEBUG 	Upload of Texture Font fontname complete
20.1815 	INFO 	Keyboard events cleared
20.1814 	EXP 	fix: autoDraw = False
20.1814 	EXP 	slider_training: markerPos = None
20.1814 	EXP 	slider_training: markerPos = None
20.1814 	EXP 	textbox_3: autoDraw = True
20.1814 	EXP 	slider_training: autoDraw = True
25.1634 	DEBUG 	TextBox2 loaded 1 chars with 0 blanks and 1 valid
25.1640 	DEBUG 	TextBox2 loaded 1 chars with 0 blanks and 1 valid
25.1647 	DEBUG 	TextBox2 loaded 1 chars with 0 blanks and 1 valid
25.1651 	DEBUG 	TextBox2 loaded 1 chars with 0 blanks and 1 valid
25.1657 	DEBUG 	TextBox2 loaded 1 chars with 0 blanks and 1 valid
25.1658 	DEBUG 	Uploading Texture Font fontname to graphics card
25.1675 	DEBUG 	Upload of Texture Font fontname complete
25.1745 	EXP 	textbox_3: autoDraw = False
25.1745 	EXP 	slider_training: autoDraw = False
25.1745 	EXP 	feedback_practice_1: autoDraw = True
26.1671 	EXP 	New trial (rep=0, index=1): <Trial 1 (1 in rep 0) data={'train_diff': 'med2', 'train_time': np.int64(5), 'thisN': 1, 'thisTrialN': 1, 'thisRepN': 0}>
26.1720 	EXP 	New trial (rep=0, index=0): <Trial 0 (0 in rep 0) data={'thisN': 0, 'thisTrialN': 0, 'thisRepN': 0}>
26.1745 	EXP 	feedback_practice_1: autoDraw = False
26.1745 	EXP 	fix: autoDraw = True
26.6769 	DEBUG 	TextBox2 loaded 1 chars with 0 blanks and 1 valid
26.6787 	DEBUG 	TextBox2 loaded 1 chars with 0 blanks and 1 valid
26.6793 	DEBUG 	Uploading Texture Font fontname to graphics card
26.6839 	DEBUG 	Upload of Texture Font fontname complete
26.6993 	INFO 	Keyboard events cleared
26.6992 	EXP 	fix: autoDraw = False
26.6992 	EXP 	slider_training: markerPos = None
26.6992 	EXP 	slider_training: markerPos = None
26.6992 	EXP 	textbox_3: autoDraw = True
26.6992 	EXP 	slider_training: autoDraw = True
31.2847 	EXP 	Device response: <KeyPress from None: t=31.278157291999833, value=5, duration=None>
31.2869 	DATA 	Keypress: 5
31.2970 	EXP 	textbox_3: autoDraw = False
31.2970 	EXP 	slider_training: autoDraw = False
31.2970 	EXP 	feedback_practice_1: autoDraw = True
31.4325 	EXP 	Device response: <KeyPress from None: t=31.278157291999833, value=5, duration=0.1439647080001123>
32.2874 	EXP 	New trial (rep=1, index=0): <Trial 1 (0 in rep 1) data={'thisN': 1, 'thisTrialN': 0, 'thisRepN': 1}>
32.2980 	EXP 	feedback_practice_1: autoDraw = False
32.2980 	EXP 	fix: autoDraw = True
32.8021 	DEBUG 	TextBox2 loaded 1 chars with 0 blanks and 1 valid
32.8028 	DEBUG 	Uploading Texture Font fontname to graphics card
32.8066 	DEBUG 	Upload of Texture Font fontname complete
32.8139 	INFO 	Keyboard events cleared
32.8139 	EXP 	fix: autoDraw = False
32.8139 	EXP 	slider_training: markerPos = None
32.8139 	EXP 	slider_training: markerPos = None
32.8139 	EXP 	textbox_3: autoDraw = True
32.8139 	EXP 	slider_training: autoDraw = True
32.8139 	EXP 	textbox_3: autoDraw = False
32.8139 	EXP 	slider_training: autoDraw = False
32.8139 	EXP 	feedback_practice_1: autoDraw = True
33.8081 	EXP 	New trial (rep=0, index=2): <Trial 2 (2 in rep 0) data={'train_diff': 'hard', 'train_time': np.int64(5), 'thisN': 2, 'thisTrialN': 2, 'thisRepN': 0}>
33.8128 	EXP 	New trial (rep=0, index=0): <Trial 0 (0 in rep 0) data={'thisN': 0, 'thisTrialN': 0, 'thisRepN': 0}>
33.8179 	EXP 	feedback_practice_1: autoDraw = False
33.8179 	EXP 	feedback_practice_1: autoDraw = False
33.8179 	EXP 	fix: autoDraw = True
34.3330 	INFO 	Keyboard events cleared
34.3330 	EXP 	fix: autoDraw = False
34.3330 	EXP 	slider_training: markerPos = None
34.3330 	EXP 	slider_training: markerPos = None
34.3330 	EXP 	textbox_3: autoDraw = True
34.3330 	EXP 	slider_training: autoDraw = True
35.9663 	EXP 	Device response: <KeyPress from None: t=35.959185374999834, value=i, duration=None>
35.9676 	DATA 	Keypress: i
36.0996 	EXP 	Device response: <KeyPress from None: t=35.959185374999834, value=i, duration=0.1339341670000067>
36.7732 	DATA 	Keypress: y
36.7799 	EXP 	Device response: <KeyPress from None: t=36.7670778329998, value=y, duration=None>
36.9131 	EXP 	Device response: <KeyPress from None: t=36.7670778329998, value=y, duration=0.13801629199997478>
37.8267 	DATA 	Keypress: 5
37.8336 	EXP 	Device response: <KeyPress from None: t=37.824088458000006, value=5, duration=None>
37.8459 	EXP 	textbox_3: autoDraw = False
37.8459 	EXP 	slider_training: autoDraw = False
37.8459 	EXP 	feedback_practice_1: autoDraw = True
37.9276 	EXP 	Device response: <KeyPress from None: t=37.824088458000006, value=5, duration=0.10100008399967919>
38.8352 	EXP 	New trial (rep=1, index=0): <Trial 1 (0 in rep 1) data={'thisN': 1, 'thisTrialN': 0, 'thisRepN': 1}>
38.8471 	EXP 	feedback_practice_1: autoDraw = False
38.8471 	EXP 	fix: autoDraw = True
39.3468 	DEBUG 	TextBox2 loaded 1 chars with 0 blanks and 1 valid
39.3489 	DEBUG 	TextBox2 loaded 1 chars with 0 blanks and 1 valid
39.3495 	DEBUG 	Uploading Texture Font fontname to graphics card
39.3534 	DEBUG 	Upload of Texture Font fontname complete
39.3605 	INFO 	Keyboard events cleared
39.3604 	EXP 	fix: autoDraw = False
39.3604 	EXP 	slider_training: markerPos = None
39.3604 	EXP 	slider_training: markerPos = None
39.3604 	EXP 	textbox_3: autoDraw = True
39.3604 	EXP 	slider_training: autoDraw = True
39.3604 	EXP 	textbox_3: autoDraw = False
39.3604 	EXP 	slider_training: autoDraw = False
39.3604 	EXP 	feedback_practice_1: autoDraw = True
40.3586 	EXP 	New trial (rep=0, index=3): <Trial 3 (3 in rep 0) data={'train_diff': 'easy1', 'train_time': np.int64(5), 'thisN': 3, 'thisTrialN': 3, 'thisRepN': 0}>
40.3633 	EXP 	New trial (rep=0, index=0): <Trial 0 (0 in rep 0) data={'thisN': 0, 'thisTrialN': 0, 'thisRepN': 0}>
40.3660 	EXP 	feedback_practice_1: autoDraw = False
40.3660 	EXP 	fix: autoDraw = True
40.8819 	INFO 	Keyboard events cleared
40.8819 	EXP 	fix: autoDraw = False
40.8819 	EXP 	slider_training: markerPos = None
40.8819 	EXP 	slider_training: markerPos = None
40.8819 	EXP 	textbox_3: autoDraw = True
40.8819 	EXP 	slider_training: autoDraw = True
42.4887 	EXP 	Device response: <KeyPress from None: t=42.487182332999964, value=4, duration=None>
42.4909 	DATA 	Keypress: 4
42.5005 	EXP 	textbox_3: autoDraw = False
42.5005 	EXP 	slider_training: autoDraw = False
42.5005 	EXP 	feedback_practice_1: autoDraw = True
42.5959 	EXP 	Device response: <KeyPress from None: t=42.487182332999964, value=4, duration=0.09892354199973852>
43.4903 	EXP 	New trial (rep=1, index=0): <Trial 1 (0 in rep 1) data={'thisN': 1, 'thisTrialN': 0, 'thisRepN': 1}>
43.5022 	EXP 	feedback_practice_1: autoDraw = False
43.5022 	EXP 	fix: autoDraw = True
44.0198 	INFO 	Keyboard events cleared
44.0197 	EXP 	fix: autoDraw = False
44.0197 	EXP 	slider_training: markerPos = None
44.0197 	EXP 	slider_training: markerPos = None
44.0197 	EXP 	textbox_3: autoDraw = True
44.0197 	EXP 	slider_training: autoDraw = True
45.7164 	EXP 	Device response: <KeyPress from None: t=45.71208166699989, value=7, duration=None>
45.7185 	DATA 	Keypress: 7
45.7287 	EXP 	textbox_3: autoDraw = False
45.7287 	EXP 	slider_training: autoDraw = False
45.7287 	EXP 	feedback_practice_1: autoDraw = True
45.8239 	EXP 	Device response: <KeyPress from None: t=45.71208166699989, value=7, duration=0.10201016600012736>
46.7180 	EXP 	New trial (rep=2, index=0): <Trial 2 (0 in rep 2) data={'thisN': 2, 'thisTrialN': 0, 'thisRepN': 2}>
46.7301 	EXP 	feedback_practice_1: autoDraw = False
46.7301 	EXP 	fix: autoDraw = True
47.2355 	INFO 	Keyboard events cleared
47.2355 	EXP 	fix: autoDraw = False
47.2355 	EXP 	slider_training: markerPos = None
47.2355 	EXP 	slider_training: markerPos = None
47.2355 	EXP 	textbox_3: autoDraw = True
47.2355 	EXP 	slider_training: autoDraw = True
47.2355 	EXP 	textbox_3: autoDraw = False
47.2355 	EXP 	slider_training: autoDraw = False
47.2355 	EXP 	feedback_practice_1: autoDraw = True
48.2267 	EXP 	New trial (rep=0, index=4): <Trial 4 (4 in rep 0) data={'train_diff': 'easy2', 'train_time': np.int64(5), 'thisN': 4, 'thisTrialN': 4, 'thisRepN': 0}>
48.2315 	EXP 	New trial (rep=0, index=0): <Trial 0 (0 in rep 0) data={'thisN': 0, 'thisTrialN': 0, 'thisRepN': 0}>
48.2365 	EXP 	feedback_practice_1: autoDraw = False
48.2365 	EXP 	fix: autoDraw = True
48.3608 	EXP 	Device response: <KeyPress from None: t=48.358077707999655, value=4, duration=None>
48.3631 	DATA 	Keypress: 4
48.5080 	EXP 	Device response: <KeyPress from None: t=48.358077707999655, value=4, duration=0.13499816700004885>
48.7554 	INFO 	Keyboard events cleared
48.7554 	EXP 	fix: autoDraw = False
48.7554 	EXP 	slider_training: markerPos = None
48.7554 	EXP 	slider_training: markerPos = None
48.7554 	EXP 	textbox_3: autoDraw = True
48.7554 	EXP 	slider_training: autoDraw = True
51.3517 	DATA 	Keypress: 5
51.3582 	EXP 	Device response: <KeyPress from None: t=51.34705341699964, value=5, duration=None>
51.3707 	EXP 	textbox_3: autoDraw = False
51.3707 	EXP 	slider_training: autoDraw = False
51.3707 	EXP 	feedback_practice_1: autoDraw = True
51.4522 	EXP 	Device response: <KeyPress from None: t=51.34705341699964, value=5, duration=0.10202608300005522>
52.3602 	EXP 	New trial (rep=1, index=0): <Trial 1 (0 in rep 1) data={'thisN': 1, 'thisTrialN': 0, 'thisRepN': 1}>
52.3721 	EXP 	feedback_practice_1: autoDraw = False
52.3721 	EXP 	fix: autoDraw = True
52.8777 	INFO 	Keyboard events cleared
52.8776 	EXP 	fix: autoDraw = False
52.8776 	EXP 	slider_training: markerPos = None
52.8776 	EXP 	slider_training: markerPos = None
52.8776 	EXP 	textbox_3: autoDraw = True
52.8776 	EXP 	slider_training: autoDraw = True
53.7582 	EXP 	textbox_3: autoDraw = False
53.7582 	EXP 	slider_training: autoDraw = False
53.7582 	EXP 	feedback_practice_1: autoDraw = True
54.0815 	EXP 	Device response: <KeyPress from None: t=54.071069041999635, value=7, duration=None>
54.0848 	DATA 	Keypress: 7
54.1880 	EXP 	Device response: <KeyPress from None: t=54.071069041999635, value=7, duration=0.11498483300010776>
54.7567 	DEBUG 	Read excel file with openpyxl: experiment_difficulty.xlsx
54.7570 	EXP 	Imported experiment_difficulty.xlsx as conditions, 5 conditions, 3 params
54.7573 	EXP 	New trial (rep=0, index=0): <Trial 0 (0 in rep 0) data={'exp_diff': 'hard', 'exp_time': 5, 'diffbyt': 7.0, 'thisN': 0, 'thisTrialN': 0, 'thisRepN': 0}>
54.7574 	EXP 	New trial (rep=0, index=0): <Trial 0 (0 in rep 0) data={'thisN': 0, 'thisTrialN': 0, 'thisRepN': 0}>
54.7598 	EXP 	feedback_practice_1: autoDraw = False
54.7598 	EXP 	fix: autoDraw = True
55.2789 	DEBUG 	Saving data for misty_module ExperimentHandler
55.2801 	INFO 	saved data to /Users/hackerman/misty_py/data/pilot_misty_module_2026-01-31_17h37.16.048.psydat
55.2829 	INFO 	saved data to '/Users/hackerman/misty_py/data/pilot_misty_module_2026-01-31_17h37.16.048.csv'
55.2841 	WARNING 	Stopping key buffers but this could be dangerous ifother keyboards rely on the same.
