4.8146 	DEBUG 	Fullscreen settings ignored as running in pilot mode.
4.8160 	INFO 	Loaded monitor calibration from ['2025_12_08 16:52']
5.2857 	INFO 	Using renderer 'NVIDIA GeForce GTX 1660/PCIe/SSE2' for graphics
5.2858 	INFO 	OpenGL version supported by driver is 4..
5.2950 	EXP 	Created window1 = Window(allowGUI=False, allowStencil=True, autoLog=True, backendConf=UNKNOWN, backgroundFit=<method-wrapper '__getattribute__' of attributeSetter object at 0x7ab67cf64280>, backgroundImage=<method-wrapper '__getattribute__' of attributeSetter object at 0x7ab67cf64220>, bitsMode=UNKNOWN, blendMode='avg', bpc=(8, 8, 8), color=array([0, 0, 0]), colorSpace='rgb', depthBits=8, fullscr=False, gamma=None, gammaErrorPolicy='raise', infoMsg=UNKNOWN, lms=UNKNOWN, monitor=<psychopy.monitors.calibTools.Monitor object at 0x7ab663f1e440>, multiSample=False, name='window1', numSamples=2, pos=[np.float64(560.0), np.float64(240.0)], screen=0, size=array([800, 600]), stencilBits=8, stereo=False, title='PsychoPy', units='height', useFBO=True, useRetina=False, viewOri=0.0, viewPos=None, viewScale=None, waitBlanking=True, winType='pyglet')
5.2951 	EXP 	window1: backgroundImage = ''
5.2951 	EXP 	window1: backgroundFit = 'none'
5.3116 	DEBUG 	TextBox2 loaded 1 chars with 0 blanks and 1 valid
5.3140 	DEBUG 	TextBox2 loaded 1 chars with 0 blanks and 1 valid
5.3159 	DEBUG 	TextBox2 loaded 1 chars with 0 blanks and 1 valid
5.3177 	DEBUG 	TextBox2 loaded 1 chars with 0 blanks and 1 valid
5.3197 	DEBUG 	TextBox2 loaded 1 chars with 0 blanks and 1 valid
5.3216 	DEBUG 	TextBox2 loaded 1 chars with 0 blanks and 1 valid
5.3240 	DEBUG 	TextBox2 loaded 1 chars with 0 blanks and 1 valid
5.3267 	DEBUG 	TextBox2 loaded 1 chars with 0 blanks and 1 valid
5.3281 	DEBUG 	TextBox2 loaded 1 chars with 0 blanks and 1 valid
5.3296 	DEBUG 	TextBox2 loaded 1 chars with 0 blanks and 1 valid
5.3320 	DEBUG 	TextBox2 loaded 1 chars with 0 blanks and 1 valid
5.3344 	DEBUG 	TextBox2 loaded 1 chars with 0 blanks and 1 valid
5.3367 	DEBUG 	TextBox2 loaded 1 chars with 0 blanks and 1 valid
5.3391 	DEBUG 	TextBox2 loaded 1 chars with 0 blanks and 1 valid
5.3412 	DEBUG 	TextBox2 loaded 1 chars with 0 blanks and 1 valid
5.3437 	DEBUG 	TextBox2 loaded 1 chars with 0 blanks and 1 valid
5.3462 	DEBUG 	TextBox2 loaded 1 chars with 0 blanks and 1 valid
5.3479 	DEBUG 	TextBox2 loaded 1 chars with 0 blanks and 1 valid
5.3496 	DEBUG 	TextBox2 loaded 1 chars with 0 blanks and 1 valid
5.3526 	DEBUG 	TextBox2 loaded 1 chars with 0 blanks and 1 valid
5.3543 	DEBUG 	TextBox2 loaded 1 chars with 0 blanks and 1 valid
5.3550 	DEBUG 	Uploading Texture Font fontname to graphics card
5.3658 	DEBUG 	Upload of Texture Font fontname complete
5.3822 	DEBUG 	TextBox2 loaded 1 chars with 0 blanks and 1 valid
5.3854 	DEBUG 	TextBox2 loaded 1 chars with 0 blanks and 1 valid
5.3884 	DEBUG 	TextBox2 loaded 1 chars with 0 blanks and 1 valid
5.3891 	DEBUG 	Uploading Texture Font fontname to graphics card
5.3953 	DEBUG 	Upload of Texture Font fontname complete
5.3995 	EXP 	window1: Attempting to measure frame rate of screen (0) ...
5.3996 	EXP 	window1: recordFrameIntervals = False
5.5697 	EXP 	window1: recordFrameIntervals = True
5.7533 	EXP 	Screen (0) actual frame rate measured at 59.99Hz
5.7533 	EXP 	window1: recordFrameIntervals = False
5.7676 	DEBUG 	TextBox2 loaded 1 chars with 0 blanks and 1 valid
5.7701 	DEBUG 	TextBox2 loaded 1 chars with 0 blanks and 1 valid
5.7729 	DEBUG 	TextBox2 loaded 1 chars with 0 blanks and 1 valid
5.7761 	DEBUG 	TextBox2 loaded 1 chars with 0 blanks and 1 valid
5.7792 	DEBUG 	TextBox2 loaded 1 chars with 0 blanks and 1 valid
5.7822 	DEBUG 	TextBox2 loaded 1 chars with 0 blanks and 1 valid
5.7841 	DEBUG 	TextBox2 loaded 1 chars with 0 blanks and 1 valid
5.7868 	DEBUG 	TextBox2 loaded 1 chars with 0 blanks and 1 valid
5.7897 	DEBUG 	TextBox2 loaded 1 chars with 0 blanks and 1 valid
5.7925 	DEBUG 	TextBox2 loaded 1 chars with 0 blanks and 1 valid
5.7932 	DEBUG 	Uploading Texture Font fontname to graphics card
5.7950 	DEBUG 	Upload of Texture Font fontname complete
5.8280 	INFO 	keyboard.Keyboard is using ptb backend.
5.8281 	EXP 	misty_module: status = STARTED
5.8920 	EXP 	Created text = TextStim(__class__=<class 'psychopy.visual.text.TextStim'>, alignHoriz=method-wrapper(...), alignText='center', alignVert=method-wrapper(...), anchorHoriz='center', anchorVert='center', antialias=True, autoDraw=False, autoLog=True, bold=False, color=array([1., 1., 1.]), colorSpace='rgb', contrast=1.0, depth=0.0, draggable=False, flipHoriz=False, flipVert=False, font='Arial', fontFiles=[], height=np.float64(0.05), italic=False, languageStyle='LTR', name='text', opacity=1, ori=0.0, pos=array([0., 0.]), rgb=UNKNOWN, text=str(...), units='height', win=Window(...), wrapWidth=1)
6.0602 	EXP 	Created intstructs = TextStim(__class__=<class 'psychopy.visual.text.TextStim'>, alignHoriz=method-wrapper(...), alignText='center', alignVert=method-wrapper(...), anchorHoriz='center', anchorVert='center', antialias=True, autoDraw=False, autoLog=True, bold=False, color=array([1., 1., 1.]), colorSpace='rgb', contrast=1.0, depth=0.0, draggable=False, flipHoriz=False, flipVert=False, font='Arial', fontFiles=[], height=np.float64(0.05), italic=False, languageStyle='LTR', name='intstructs', opacity=1, ori=0.0, pos=array([0., 0.]), rgb=UNKNOWN, text=str(...), units='height', win=Window(...), wrapWidth=1)
6.0699 	EXP 	Created fix = TextStim(__class__=<class 'psychopy.visual.text.TextStim'>, alignHoriz=method-wrapper(...), alignText='center', alignVert=method-wrapper(...), anchorHoriz='center', anchorVert='center', antialias=True, autoDraw=False, autoLog=True, bold=False, color=array([1., 1., 1.]), colorSpace='rgb', contrast=1.0, depth=-1.0, draggable=False, flipHoriz=False, flipVert=False, font='Open Sans', fontFiles=[], height=np.float64(0.1), italic=False, languageStyle='LTR', name='fix', opacity=1, ori=0.0, pos=array([0., 0.]), rgb=UNKNOWN, text='+', units='height', win=Window(...), wrapWidth=1)
6.0743 	WARNING 	Font b'Arial' was requested. No similar font found.
6.0831 	WARNING 	Font b'Arial' was requested. No similar font found.
6.0877 	DEBUG 	TextBox2 loaded 1 chars with 0 blanks and 1 valid
6.0902 	DEBUG 	TextBox2 loaded 1 chars with 0 blanks and 1 valid
6.0925 	DEBUG 	TextBox2 loaded 1 chars with 0 blanks and 1 valid
6.0946 	DEBUG 	TextBox2 loaded 1 chars with 0 blanks and 1 valid
6.0956 	DEBUG 	TextBox2 loaded 1 chars with 0 blanks and 1 valid
6.0966 	DEBUG 	TextBox2 loaded 1 chars with 0 blanks and 1 valid
6.0988 	DEBUG 	TextBox2 loaded 1 chars with 0 blanks and 1 valid
6.1004 	DEBUG 	TextBox2 loaded 1 chars with 0 blanks and 1 valid
6.1016 	DEBUG 	TextBox2 loaded 1 chars with 0 blanks and 1 valid
6.1022 	DEBUG 	Uploading Texture Font fontname to graphics card
6.1091 	DEBUG 	Upload of Texture Font fontname complete
6.1385 	DEBUG 	TextBox2 loaded 1 chars with 0 blanks and 1 valid
6.1390 	DEBUG 	Uploading Texture Font fontname to graphics card
6.1408 	DEBUG 	Upload of Texture Font fontname complete
6.1522 	DEBUG 	TextBox2 loaded 1 chars with 0 blanks and 1 valid
6.1542 	DEBUG 	TextBox2 loaded 1 chars with 0 blanks and 1 valid
6.1561 	DEBUG 	TextBox2 loaded 1 chars with 0 blanks and 1 valid
6.1579 	DEBUG 	TextBox2 loaded 1 chars with 0 blanks and 1 valid
6.1593 	DEBUG 	TextBox2 loaded 1 chars with 0 blanks and 1 valid
6.1608 	DEBUG 	TextBox2 loaded 1 chars with 0 blanks and 1 valid
6.1626 	DEBUG 	TextBox2 loaded 1 chars with 0 blanks and 1 valid
6.1641 	DEBUG 	TextBox2 loaded 1 chars with 0 blanks and 1 valid
6.1658 	DEBUG 	TextBox2 loaded 1 chars with 0 blanks and 1 valid
6.1673 	DEBUG 	TextBox2 loaded 1 chars with 0 blanks and 1 valid
6.1679 	DEBUG 	Uploading Texture Font fontname to graphics card
6.1693 	DEBUG 	Upload of Texture Font fontname complete
6.1806 	DEBUG 	TextBox2 loaded 1 chars with 0 blanks and 1 valid
6.1810 	DEBUG 	Uploading Texture Font fontname to graphics card
6.1874 	DEBUG 	Upload of Texture Font fontname complete
6.2089 	DEBUG 	TextBox2 loaded 1 chars with 0 blanks and 1 valid
6.2093 	DEBUG 	Uploading Texture Font fontname to graphics card
6.2108 	DEBUG 	Upload of Texture Font fontname complete
6.2317 	DEBUG 	TextBox2 loaded 1 chars with 0 blanks and 1 valid
6.2321 	DEBUG 	Uploading Texture Font fontname to graphics card
6.2336 	DEBUG 	Upload of Texture Font fontname complete
6.2560 	DEBUG 	TextBox2 loaded 1 chars with 0 blanks and 1 valid
6.2569 	DEBUG 	Uploading Texture Font fontname to graphics card
6.2586 	DEBUG 	Upload of Texture Font fontname complete
6.2810 	DEBUG 	TextBox2 loaded 1 chars with 0 blanks and 1 valid
6.2815 	DEBUG 	Uploading Texture Font fontname to graphics card
6.2829 	DEBUG 	Upload of Texture Font fontname complete
6.2968 	DEBUG 	TextBox2 loaded 1 chars with 0 blanks and 1 valid
6.2971 	DEBUG 	Uploading Texture Font fontname to graphics card
6.2985 	DEBUG 	Upload of Texture Font fontname complete
6.3145 	DEBUG 	TextBox2 loaded 1 chars with 0 blanks and 1 valid
6.3150 	DEBUG 	Uploading Texture Font fontname to graphics card
6.3165 	DEBUG 	Upload of Texture Font fontname complete
6.3374 	DEBUG 	TextBox2 loaded 1 chars with 0 blanks and 1 valid
6.3378 	DEBUG 	Uploading Texture Font fontname to graphics card
6.3393 	DEBUG 	Upload of Texture Font fontname complete
6.3599 	DEBUG 	TextBox2 loaded 1 chars with 0 blanks and 1 valid
6.3603 	DEBUG 	Uploading Texture Font fontname to graphics card
6.3619 	DEBUG 	Upload of Texture Font fontname complete
6.4576 	EXP 	Created slider_3 = Slider(__class__=<class 'psychopy.visual.slider.Slider'>, autoDraw=False, autoLog=True, borderColor=None, color=None, colorSpace='rgb', depth=-2, fillColor=None, flip=False, font='Noto Sans', granularity=1, labelColor=None, labelHeight=np.float64(0.05), labelWrapWidth=None, labels=(0, 1, 2, 3, 4, 5, 6, 7, 8, 9), lineColor=None, markerColor=None, name='slider_3', opacity=None, ori=0.0, pos=array([ 0. , -0.4]), readOnly=False, self=UNKNOWN, size=array([1. , 0.1]), startValue=None, style='choice', styleTweaks=[], ticks=array([0, 1, 2, 3, 4, 5, 6, 7, 8, 9]), units='norm', win=Window(...))
6.4620 	WARNING 	Font b'Arial' was requested. No similar font found.
6.4704 	WARNING 	Font b'Arial' was requested. No similar font found.
6.4792 	EXP 	Created fix = TextStim(__class__=<class 'psychopy.visual.text.TextStim'>, alignHoriz=method-wrapper(...), alignText='center', alignVert=method-wrapper(...), anchorHoriz='center', anchorVert='center', antialias=True, autoDraw=False, autoLog=True, bold=False, color=array([1., 1., 1.]), colorSpace='rgb', contrast=1.0, depth=-1.0, draggable=False, flipHoriz=False, flipVert=False, font='Open Sans', fontFiles=[], height=np.float64(0.1), italic=False, languageStyle='LTR', name='fix', opacity=1, ori=0.0, pos=array([0., 0.]), rgb=UNKNOWN, text='+', units='height', win=Window(...), wrapWidth=1)
6.4847 	EXP 	Created prog_3 = Progress(__class__=<class 'psychopy.visual.progress.Progress'>, anchor=('left', 'top'), autoDraw=False, autoLog=True, closeShape=True, color=method-wrapper(...), colorSpace='rgb', contrast=None, depth=-1, draggable=False, fillColor=array([-1.    ,  0.5373, -1.    ]), fillColorSpace='rgb', fillRGB=array([-1.    ,  0.5373, -1.    ]), interpolate=True, lineColor=array([1., 1., 1.]), lineColorSpace='rgb', lineRGB=array([1, 1, 1]), lineWidth=4.0, name='prog_3', opacity=1.0, ori=0.0, pos=array([-0.5,  0.5]), size=array([1. , 0.1]), units='norm', vertices=ndarray(...), win=Window(...), windingRule=None)
6.4880 	EXP 	Created prog_3Bar = ShapeStim(__class__=<class 'psychopy.visual.shape.ShapeStim'>, anchor=('left', 'top'), autoDraw=False, autoLog=True, closeShape=True, color=method-wrapper(...), colorSpace='rgb', contrast=None, depth=-1, draggable=False, fillColor=array([ 1., -1., -1.]), fillColorSpace='rgb', fillRGB=array([ 1., -1., -1.]), interpolate=True, lineColor=array([0., 0., 0.]), lineColorSpace='rgb', lineRGB=array([0, 0, 0]), lineWidth=1.5, name='prog_3Bar', opacity=1.0, ori=0.0, pos=array([-0.5,  0.5]), size=array([1. , 0.1]), units='norm', vertices=ndarray(...), win=Window(...), windingRule=None)
6.4910 	EXP 	Created greenbar_3 = Rect(__class__=<class 'psychopy.visual.rect.Rect'>, anchor=('left', 'center'), autoDraw=False, autoLog=True, closeShape=True, color=method-wrapper(...), colorSpace='rgb', contrast=None, depth=-2.0, draggable=False, fillColor=array([-1.    ,  0.0039, -1.    ]), fillColorSpace='rgb', fillRGB=array([-1.    ,  0.0039, -1.    ]), interpolate=True, lineColor=array([1., 1., 1.]), lineColorSpace='rgb', lineRGB=array([1, 1, 1]), lineWidth=1.0, name='greenbar_3', opacity=1, ori=0.0, pos=array([0.33333333, 0.7       ]), size=array([0.66666667, 0.1       ]), units='norm', vertices=ndarray(...), win=Window(...))
6.4937 	EXP 	Created yellowbar_3 = Rect(__class__=<class 'psychopy.visual.rect.Rect'>, anchor=('left', 'center'), autoDraw=False, autoLog=True, closeShape=True, color=method-wrapper(...), colorSpace='rgb', contrast=None, depth=-3.0, draggable=False, fillColor=array([ 1.,  1., -1.]), fillColorSpace='rgb', fillRGB=array([ 1.,  1., -1.]), interpolate=True, lineColor=array([1., 1., 1.]), lineColorSpace='rgb', lineRGB=array([1, 1, 1]), lineWidth=1.0, name='yellowbar_3', opacity=1, ori=0.0, pos=array([-0.33333333,  0.7       ]), size=array([0.66666667, 0.1       ]), units='norm', vertices=ndarray(...), win=Window(...))
6.4965 	EXP 	Created redbar_3 = Rect(__class__=<class 'psychopy.visual.rect.Rect'>, anchor=('left', 'center'), autoDraw=False, autoLog=True, closeShape=True, color=method-wrapper(...), colorSpace='rgb', contrast=None, depth=-4.0, draggable=False, fillColor=array([ 1., -1., -1.]), fillColorSpace='rgb', fillRGB=array([ 1., -1., -1.]), interpolate=True, lineColor=array([1., 1., 1.]), lineColorSpace='rgb', lineRGB=array([1, 1, 1]), lineWidth=1.0, name='redbar_3', opacity=1, ori=0.0, pos=array([-1. ,  0.7]), size=array([0.66666667, 0.1       ]), units='norm', vertices=ndarray(...), win=Window(...))
6.4999 	EXP 	Created arrow_3 = ShapeStim(__class__=<class 'psychopy.visual.shape.ShapeStim'>, anchor=('center', 'center'), autoDraw=False, autoLog=True, closeShape=True, color=method-wrapper(...), colorSpace='rgb', contrast=None, depth=-5.0, draggable=False, fillColor=array([1, 1, 1]), fillColorSpace='rgb', fillRGB=array([1, 1, 1]), interpolate=True, lineColor=array([1., 1., 1.]), lineColorSpace='rgb', lineRGB=array([1, 1, 1]), lineWidth=1.0, name='arrow_3', opacity=1, ori=0.0, pos=array([0., 0.]), size=array([0.05, 0.05]), units='norm', vertices=ndarray(...), win=Window(...), windingRule=None)
6.5042 	WARNING 	Font b'Arial' was requested. No similar font found.
6.5129 	WARNING 	Font b'Arial' was requested. No similar font found.
6.7931 	EXP 	Created slider_4 = Slider(__class__=<class 'psychopy.visual.slider.Slider'>, autoDraw=False, autoLog=True, borderColor=None, color=None, colorSpace='rgb', depth=-7, fillColor=None, flip=False, font='Noto Sans', granularity=1, labelColor=None, labelHeight=np.float64(0.05), labelWrapWidth=None, labels=(0, 1, 2, 3, 4, 5, 6, 7, 8, 9), lineColor=None, markerColor=None, name='slider_4', opacity=None, ori=0.0, pos=array([ 0. , -0.4]), readOnly=False, self=UNKNOWN, size=array([1. , 0.1]), startValue=None, style='choice', styleTweaks=[], ticks=array([0, 1, 2, 3, 4, 5, 6, 7, 8, 9]), units='norm', win=Window(...))
6.7965 	WARNING 	Font b'Arial' was requested. No similar font found.
6.8029 	WARNING 	Font b'Arial' was requested. No similar font found.
6.8087 	EXP 	Created fix = TextStim(__class__=<class 'psychopy.visual.text.TextStim'>, alignHoriz=method-wrapper(...), alignText='center', alignVert=method-wrapper(...), anchorHoriz='center', anchorVert='center', antialias=True, autoDraw=False, autoLog=True, bold=False, color=array([1., 1., 1.]), colorSpace='rgb', contrast=1.0, depth=-1.0, draggable=False, flipHoriz=False, flipVert=False, font='Open Sans', fontFiles=[], height=np.float64(0.1), italic=False, languageStyle='LTR', name='fix', opacity=1, ori=0.0, pos=array([0., 0.]), rgb=UNKNOWN, text='+', units='height', win=Window(...), wrapWidth=1)
6.8113 	EXP 	Created prog_2 = Progress(__class__=<class 'psychopy.visual.progress.Progress'>, anchor=('left', 'top'), autoDraw=False, autoLog=True, closeShape=True, color=method-wrapper(...), colorSpace='rgb', contrast=None, depth=-1, draggable=False, fillColor=array([-1.    ,  0.5373, -1.    ]), fillColorSpace='rgb', fillRGB=array([-1.    ,  0.5373, -1.    ]), interpolate=True, lineColor=array([1., 1., 1.]), lineColorSpace='rgb', lineRGB=array([1, 1, 1]), lineWidth=4.0, name='prog_2', opacity=1.0, ori=0.0, pos=array([-0.5,  0.5]), size=array([1. , 0.1]), units='norm', vertices=ndarray(...), win=Window(...), windingRule=None)
6.8137 	EXP 	Created prog_2Bar = ShapeStim(__class__=<class 'psychopy.visual.shape.ShapeStim'>, anchor=('left', 'top'), autoDraw=False, autoLog=True, closeShape=True, color=method-wrapper(...), colorSpace='rgb', contrast=None, depth=-1, draggable=False, fillColor=array([ 1., -1., -1.]), fillColorSpace='rgb', fillRGB=array([ 1., -1., -1.]), interpolate=True, lineColor=array([0., 0., 0.]), lineColorSpace='rgb', lineRGB=array([0, 0, 0]), lineWidth=1.5, name='prog_2Bar', opacity=1.0, ori=0.0, pos=array([-0.5,  0.5]), size=array([1. , 0.1]), units='norm', vertices=ndarray(...), win=Window(...), windingRule=None)
6.8159 	EXP 	Created greenbar_2 = Rect(__class__=<class 'psychopy.visual.rect.Rect'>, anchor=('left', 'center'), autoDraw=False, autoLog=True, closeShape=True, color=method-wrapper(...), colorSpace='rgb', contrast=None, depth=-2.0, draggable=False, fillColor=array([-1.    ,  0.0039, -1.    ]), fillColorSpace='rgb', fillRGB=array([-1.    ,  0.0039, -1.    ]), interpolate=True, lineColor=array([1., 1., 1.]), lineColorSpace='rgb', lineRGB=array([1, 1, 1]), lineWidth=1.0, name='greenbar_2', opacity=1, ori=0.0, pos=array([0.33333333, 0.7       ]), size=array([0.66666667, 0.1       ]), units='norm', vertices=ndarray(...), win=Window(...))
6.8179 	EXP 	Created yellowbar_2 = Rect(__class__=<class 'psychopy.visual.rect.Rect'>, anchor=('left', 'center'), autoDraw=False, autoLog=True, closeShape=True, color=method-wrapper(...), colorSpace='rgb', contrast=None, depth=-3.0, draggable=False, fillColor=array([ 1.,  1., -1.]), fillColorSpace='rgb', fillRGB=array([ 1.,  1., -1.]), interpolate=True, lineColor=array([1., 1., 1.]), lineColorSpace='rgb', lineRGB=array([1, 1, 1]), lineWidth=1.0, name='yellowbar_2', opacity=1, ori=0.0, pos=array([-0.33333333,  0.7       ]), size=array([0.66666667, 0.1       ]), units='norm', vertices=ndarray(...), win=Window(...))
6.8199 	EXP 	Created redbar_2 = Rect(__class__=<class 'psychopy.visual.rect.Rect'>, anchor=('left', 'center'), autoDraw=False, autoLog=True, closeShape=True, color=method-wrapper(...), colorSpace='rgb', contrast=None, depth=-4.0, draggable=False, fillColor=array([ 1., -1., -1.]), fillColorSpace='rgb', fillRGB=array([ 1., -1., -1.]), interpolate=True, lineColor=array([1., 1., 1.]), lineColorSpace='rgb', lineRGB=array([1, 1, 1]), lineWidth=1.0, name='redbar_2', opacity=1, ori=0.0, pos=array([-1. ,  0.7]), size=array([0.66666667, 0.1       ]), units='norm', vertices=ndarray(...), win=Window(...))
6.8226 	EXP 	Created arrow_2 = ShapeStim(__class__=<class 'psychopy.visual.shape.ShapeStim'>, anchor=('center', 'center'), autoDraw=False, autoLog=True, closeShape=True, color=method-wrapper(...), colorSpace='rgb', contrast=None, depth=-5.0, draggable=False, fillColor=array([1, 1, 1]), fillColorSpace='rgb', fillRGB=array([1, 1, 1]), interpolate=True, lineColor=array([1., 1., 1.]), lineColorSpace='rgb', lineRGB=array([1, 1, 1]), lineWidth=1.0, name='arrow_2', opacity=1, ori=0.0, pos=array([0., 0.]), size=array([0.05, 0.05]), units='norm', vertices=ndarray(...), win=Window(...), windingRule=None)
6.8255 	WARNING 	Font b'Arial' was requested. No similar font found.
6.8314 	WARNING 	Font b'Arial' was requested. No similar font found.
7.0356 	EXP 	Created slider_2 = Slider(__class__=<class 'psychopy.visual.slider.Slider'>, autoDraw=False, autoLog=True, borderColor=None, color=None, colorSpace='rgb', depth=-7, fillColor=None, flip=False, font='Noto Sans', granularity=1, labelColor=None, labelHeight=np.float64(0.05), labelWrapWidth=None, labels=(0, 1, 2, 3, 4, 5, 6, 7, 8, 9), lineColor=None, markerColor=None, name='slider_2', opacity=None, ori=0.0, pos=array([ 0. , -0.4]), readOnly=False, self=UNKNOWN, size=array([1. , 0.1]), startValue=None, style='choice', styleTweaks=[], ticks=array([0, 1, 2, 3, 4, 5, 6, 7, 8, 9]), units='norm', win=Window(...))
7.0405 	WARNING 	Font b'Arial' was requested. No similar font found.
7.0476 	WARNING 	Font b'Arial' was requested. No similar font found.
7.0536 	EXP 	Created fix = TextStim(__class__=<class 'psychopy.visual.text.TextStim'>, alignHoriz=method-wrapper(...), alignText='center', alignVert=method-wrapper(...), anchorHoriz='center', anchorVert='center', antialias=True, autoDraw=False, autoLog=True, bold=False, color=array([1., 1., 1.]), colorSpace='rgb', contrast=1.0, depth=-1.0, draggable=False, flipHoriz=False, flipVert=False, font='Open Sans', fontFiles=[], height=np.float64(0.1), italic=False, languageStyle='LTR', name='fix', opacity=1, ori=0.0, pos=array([0., 0.]), rgb=UNKNOWN, text='+', units='height', win=Window(...), wrapWidth=1)
7.0563 	EXP 	Created prog = Progress(__class__=<class 'psychopy.visual.progress.Progress'>, anchor=('left', 'top'), autoDraw=False, autoLog=True, closeShape=True, color=method-wrapper(...), colorSpace='rgb', contrast=None, depth=-1, draggable=False, fillColor=array([-1.    ,  0.5373, -1.    ]), fillColorSpace='rgb', fillRGB=array([-1.    ,  0.5373, -1.    ]), interpolate=True, lineColor=array([1., 1., 1.]), lineColorSpace='rgb', lineRGB=array([1, 1, 1]), lineWidth=4.0, name='prog', opacity=1.0, ori=0.0, pos=array([-0.5,  0.5]), size=array([1. , 0.1]), units='norm', vertices=ndarray(...), win=Window(...), windingRule=None)
7.0587 	EXP 	Created progBar = ShapeStim(__class__=<class 'psychopy.visual.shape.ShapeStim'>, anchor=('left', 'top'), autoDraw=False, autoLog=True, closeShape=True, color=method-wrapper(...), colorSpace='rgb', contrast=None, depth=-1, draggable=False, fillColor=array([ 1., -1., -1.]), fillColorSpace='rgb', fillRGB=array([ 1., -1., -1.]), interpolate=True, lineColor=array([0., 0., 0.]), lineColorSpace='rgb', lineRGB=array([0, 0, 0]), lineWidth=1.5, name='progBar', opacity=1.0, ori=0.0, pos=array([-0.5,  0.5]), size=array([1. , 0.1]), units='norm', vertices=ndarray(...), win=Window(...), windingRule=None)
7.0608 	EXP 	Created greenbar = Rect(__class__=<class 'psychopy.visual.rect.Rect'>, anchor=('left', 'center'), autoDraw=False, autoLog=True, closeShape=True, color=method-wrapper(...), colorSpace='rgb', contrast=None, depth=-2.0, draggable=False, fillColor=array([-1.    ,  0.0039, -1.    ]), fillColorSpace='rgb', fillRGB=array([-1.    ,  0.0039, -1.    ]), interpolate=True, lineColor=array([1., 1., 1.]), lineColorSpace='rgb', lineRGB=array([1, 1, 1]), lineWidth=1.0, name='greenbar', opacity=1, ori=0.0, pos=array([0.33333333, 0.7       ]), size=array([0.66666667, 0.1       ]), units='norm', vertices=ndarray(...), win=Window(...))
7.0629 	EXP 	Created yellowbar = Rect(__class__=<class 'psychopy.visual.rect.Rect'>, anchor=('left', 'center'), autoDraw=False, autoLog=True, closeShape=True, color=method-wrapper(...), colorSpace='rgb', contrast=None, depth=-3.0, draggable=False, fillColor=array([ 1.,  1., -1.]), fillColorSpace='rgb', fillRGB=array([ 1.,  1., -1.]), interpolate=True, lineColor=array([1., 1., 1.]), lineColorSpace='rgb', lineRGB=array([1, 1, 1]), lineWidth=1.0, name='yellowbar', opacity=1, ori=0.0, pos=array([-0.33333333,  0.7       ]), size=array([0.66666667, 0.1       ]), units='norm', vertices=ndarray(...), win=Window(...))
7.0648 	EXP 	Created redbar = Rect(__class__=<class 'psychopy.visual.rect.Rect'>, anchor=('left', 'center'), autoDraw=False, autoLog=True, closeShape=True, color=method-wrapper(...), colorSpace='rgb', contrast=None, depth=-4.0, draggable=False, fillColor=array([ 1., -1., -1.]), fillColorSpace='rgb', fillRGB=array([ 1., -1., -1.]), interpolate=True, lineColor=array([1., 1., 1.]), lineColorSpace='rgb', lineRGB=array([1, 1, 1]), lineWidth=1.0, name='redbar', opacity=1, ori=0.0, pos=array([-1. ,  0.7]), size=array([0.66666667, 0.1       ]), units='norm', vertices=ndarray(...), win=Window(...))
7.0673 	EXP 	Created arrow = ShapeStim(__class__=<class 'psychopy.visual.shape.ShapeStim'>, anchor=('center', 'center'), autoDraw=False, autoLog=True, closeShape=True, color=method-wrapper(...), colorSpace='rgb', contrast=None, depth=-5.0, draggable=False, fillColor=array([1, 1, 1]), fillColorSpace='rgb', fillRGB=array([1, 1, 1]), interpolate=True, lineColor=array([1., 1., 1.]), lineColorSpace='rgb', lineRGB=array([1, 1, 1]), lineWidth=1.0, name='arrow', opacity=1, ori=0.0, pos=array([0., 0.]), size=array([0.05, 0.05]), units='norm', vertices=ndarray(...), win=Window(...), windingRule=None)
7.0702 	WARNING 	Font b'Arial' was requested. No similar font found.
7.0760 	WARNING 	Font b'Arial' was requested. No similar font found.
7.2723 	EXP 	Created slider = Slider(__class__=<class 'psychopy.visual.slider.Slider'>, autoDraw=False, autoLog=True, borderColor=None, color=None, colorSpace='rgb', depth=-7, fillColor=None, flip=False, font='Noto Sans', granularity=1, labelColor=None, labelHeight=np.float64(0.05), labelWrapWidth=None, labels=(0, 1, 2, 3, 4, 5, 6, 7, 8, 9), lineColor=None, markerColor=None, name='slider', opacity=None, ori=0.0, pos=array([ 0. , -0.4]), readOnly=False, self=UNKNOWN, size=array([1. , 0.1]), startValue=None, style='choice', styleTweaks=[], ticks=array([0, 1, 2, 3, 4, 5, 6, 7, 8, 9]), units='norm', win=Window(...))
7.2755 	WARNING 	Font b'Arial' was requested. No similar font found.
7.2816 	WARNING 	Font b'Arial' was requested. No similar font found.
0.0174 	EXP 	textbox_4: autoLog = True
0.0174 	EXP 	slider_3: autoLog = True
0.0174 	EXP 	slider_3: styleTweaks = []
0.0174 	EXP 	slider_3: styleTweaks = []
0.0174 	EXP 	slider_3: styleTweaks = []
0.0174 	EXP 	slider_3: styleTweaks = []
0.0174 	EXP 	slider_3: contrast = 1.0
0.0174 	EXP 	slider_3: markerPos = None
0.0174 	EXP 	slider_3: autoLog = True
0.0174 	EXP 	textbox_2: autoLog = True
0.0174 	EXP 	prog_3: direction = 'horizontal'
0.0174 	EXP 	prog_3: progress = 0.0
0.0174 	EXP 	textbox_5: autoLog = True
0.0174 	EXP 	slider_4: autoLog = True
0.0174 	EXP 	slider_4: styleTweaks = []
0.0174 	EXP 	slider_4: styleTweaks = []
0.0174 	EXP 	slider_4: styleTweaks = []
0.0174 	EXP 	slider_4: styleTweaks = []
0.0174 	EXP 	slider_4: contrast = 1.0
0.0174 	EXP 	slider_4: markerPos = None
0.0174 	EXP 	slider_4: autoLog = True
0.0174 	EXP 	textbox_2: autoLog = True
0.0174 	EXP 	prog_2: direction = 'horizontal'
0.0174 	EXP 	prog_2: progress = 0.0
0.0174 	EXP 	textbox_3: autoLog = True
0.0174 	EXP 	slider_2: autoLog = True
0.0174 	EXP 	slider_2: styleTweaks = []
0.0174 	EXP 	slider_2: styleTweaks = []
0.0174 	EXP 	slider_2: styleTweaks = []
0.0174 	EXP 	slider_2: styleTweaks = []
0.0174 	EXP 	slider_2: contrast = 1.0
0.0174 	EXP 	slider_2: markerPos = None
0.0174 	EXP 	slider_2: autoLog = True
0.0174 	EXP 	textbox_2: autoLog = True
0.0174 	EXP 	prog: direction = 'horizontal'
0.0174 	EXP 	prog: progress = 0.0
0.0174 	EXP 	textbox: autoLog = True
0.0174 	EXP 	slider: autoLog = True
0.0174 	EXP 	slider: styleTweaks = []
0.0174 	EXP 	slider: styleTweaks = []
0.0174 	EXP 	slider: styleTweaks = []
0.0174 	EXP 	slider: styleTweaks = []
0.0174 	EXP 	slider: contrast = 1.0
0.0174 	EXP 	slider: markerPos = None
0.0174 	EXP 	slider: autoLog = True
0.0174 	EXP 	textbox_2: autoLog = True
0.0352 	INFO 	Keyboard events cleared
0.0349 	EXP 	text: autoDraw = True
0.5553 	EXP 	Device response: <KeyPress from None: t=0.5462274551391602, value=l, duration=None>
0.5564 	DATA 	Keypress: l
0.5684 	INFO 	Keyboard events cleared
0.5682 	EXP 	text: autoDraw = False
0.5682 	EXP 	intstructs: autoDraw = True
0.6546 	EXP 	Device response: <KeyPress from None: t=0.5462274551391602, value=l, duration=0.10353493690490723>
1.0546 	EXP 	Device response: <KeyPress from None: t=1.0499382019042969, value=space, duration=None>
1.0548 	DATA 	Keypress: space
1.0558 	EXP 	New trial (rep=0, index=0): <Trial 0 (0 in rep 0) data={'thisN': 0, 'thisTrialN': 0, 'thisRepN': 0}>
1.0680 	EXP 	intstructs: autoDraw = False
1.0680 	EXP 	fix: autoDraw = True
1.1546 	EXP 	Device response: <KeyPress from None: t=1.0499382019042969, value=space, duration=0.09985017776489258>
1.5585 	DEBUG 	TextBox2 loaded 1 chars with 0 blanks and 1 valid
1.5611 	DEBUG 	TextBox2 loaded 1 chars with 0 blanks and 1 valid
1.5636 	DEBUG 	TextBox2 loaded 1 chars with 0 blanks and 1 valid
1.5654 	DEBUG 	TextBox2 loaded 1 chars with 0 blanks and 1 valid
1.5675 	DEBUG 	TextBox2 loaded 1 chars with 0 blanks and 1 valid
1.5680 	DEBUG 	Uploading Texture Font fontname to graphics card
1.5695 	DEBUG 	Upload of Texture Font fontname complete
1.6174 	INFO 	Keyboard events cleared
1.6172 	EXP 	fix: autoDraw = False
1.6172 	EXP 	fix: autoDraw = False
1.6172 	EXP 	slider_3: markerPos = None
1.6172 	EXP 	slider_3: markerPos = None
1.6172 	EXP 	textbox_4: autoDraw = True
1.6172 	EXP 	slider_3: autoDraw = True
4.7555 	DATA 	Mouse: Left button down, pos=(605,183)
4.7838 	EXP 	slider_3: markerPos = np.float64(9.112499999999999)
4.8172 	EXP 	slider_3: markerPos = np.float64(9.112499999999999)
4.8505 	EXP 	slider_3: markerPos = np.float64(9.112499999999999)
4.8838 	EXP 	slider_3: markerPos = np.float64(9.112499999999999)
4.9172 	EXP 	slider_3: markerPos = np.float64(9.112499999999999)
4.9505 	EXP 	slider_3: markerPos = np.float64(9.112499999999999)
4.9551 	DATA 	Mouse:  Left button up, pos=(605,183)
4.9838 	EXP 	slider_3: markerPos = 9
5.0016 	EXP 	textbox_4: autoDraw = False
5.0016 	EXP 	slider_3: autoDraw = False
5.0016 	EXP 	textbox_2: autoDraw = True
5.9883 	EXP 	New trial (rep=1, index=0): <Trial 1 (0 in rep 1) data={'thisN': 1, 'thisTrialN': 0, 'thisRepN': 1}>
6.0016 	EXP 	textbox_2: autoDraw = False
6.0016 	EXP 	fix: autoDraw = True
6.4902 	DEBUG 	TextBox2 loaded 1 chars with 0 blanks and 1 valid
6.4912 	DEBUG 	TextBox2 loaded 1 chars with 0 blanks and 1 valid
6.4926 	DEBUG 	TextBox2 loaded 1 chars with 0 blanks and 1 valid
6.4931 	DEBUG 	Uploading Texture Font fontname to graphics card
6.4945 	DEBUG 	Upload of Texture Font fontname complete
6.5340 	INFO 	Keyboard events cleared
6.5338 	EXP 	fix: autoDraw = False
6.5338 	EXP 	fix: autoDraw = False
6.5338 	EXP 	slider_3: markerPos = None
6.5338 	EXP 	slider_3: markerPos = None
6.5338 	EXP 	textbox_4: autoDraw = True
6.5338 	EXP 	slider_3: autoDraw = True
9.0718 	DATA 	Mouse: Left button down, pos=(243,173)
9.1338 	EXP 	slider_3: markerPos = np.float64(0.9674999999999998)
9.1671 	EXP 	slider_3: markerPos = np.float64(0.9674999999999998)
9.2004 	EXP 	slider_3: markerPos = np.float64(0.9674999999999998)
9.2049 	DATA 	Mouse:  Left button up, pos=(243,173)
9.2338 	EXP 	slider_3: markerPos = 1
9.2516 	EXP 	textbox_4: autoDraw = False
9.2516 	EXP 	slider_3: autoDraw = False
9.2516 	EXP 	textbox_2: autoDraw = True
10.2388 	EXP 	New trial (rep=2, index=0): <Trial 2 (0 in rep 2) data={'thisN': 2, 'thisTrialN': 0, 'thisRepN': 2}>
10.2516 	EXP 	textbox_2: autoDraw = False
10.2516 	EXP 	textbox_2: autoDraw = False
10.2516 	EXP 	fix: autoDraw = True
10.7416 	DEBUG 	TextBox2 loaded 1 chars with 0 blanks and 1 valid
10.7443 	DEBUG 	TextBox2 loaded 1 chars with 0 blanks and 1 valid
10.7449 	DEBUG 	Uploading Texture Font fontname to graphics card
10.7463 	DEBUG 	Upload of Texture Font fontname complete
10.7840 	INFO 	Keyboard events cleared
10.7838 	EXP 	fix: autoDraw = False
10.7838 	EXP 	fix: autoDraw = False
10.7838 	EXP 	slider_3: markerPos = None
10.7838 	EXP 	slider_3: markerPos = None
10.7838 	EXP 	textbox_4: autoDraw = True
10.7838 	EXP 	slider_3: autoDraw = True
12.1882 	DATA 	Mouse: Left button down, pos=(374,175)
12.2170 	EXP 	slider_3: markerPos = np.float64(3.915)
12.2504 	EXP 	slider_3: markerPos = np.float64(3.915)
12.2838 	EXP 	slider_3: markerPos = np.float64(3.915)
12.3170 	EXP 	slider_3: markerPos = np.float64(3.915)
12.3504 	EXP 	slider_3: markerPos = np.float64(3.915)
12.3549 	DATA 	Mouse:  Left button up, pos=(374,175)
12.3837 	EXP 	slider_3: markerPos = 4
12.4015 	EXP 	textbox_4: autoDraw = False
12.4015 	EXP 	slider_3: autoDraw = False
12.4015 	EXP 	textbox_2: autoDraw = True
13.3880 	EXP 	New trial (rep=0, index=0): <Trial 0 (0 in rep 0) data={'thisN': 0, 'thisTrialN': 0, 'thisRepN': 0}>
13.4015 	EXP 	textbox_2: autoDraw = False
13.4015 	EXP 	fix: autoDraw = True
13.9672 	INFO 	Keyboard events cleared
13.9670 	EXP 	fix: autoDraw = False
13.9670 	EXP 	fix: autoDraw = False
13.9670 	EXP 	slider_4: markerPos = None
13.9670 	EXP 	slider_4: markerPos = None
13.9670 	EXP 	prog_3: autoDraw = True
13.9670 	EXP 	greenbar_3: autoDraw = True
13.9670 	EXP 	yellowbar_3: autoDraw = True
13.9670 	EXP 	redbar_3: autoDraw = True
13.9670 	EXP 	arrow_3: autoDraw = True
13.9670 	EXP 	textbox_5: autoDraw = True
13.9670 	EXP 	slider_4: autoDraw = True
18.1570 	DATA 	Mouse: Left button down, pos=(244,178)
18.2003 	EXP 	slider_4: markerPos = np.float64(0.9899999999999999)
18.2336 	EXP 	slider_4: markerPos = np.float64(0.9899999999999999)
18.2670 	EXP 	slider_4: markerPos = np.float64(0.9899999999999999)
18.2726 	DATA 	Mouse:  Left button up, pos=(244,178)
18.3003 	EXP 	slider_4: markerPos = 1
18.3066 	DEBUG 	TextBox2 loaded 1 chars with 0 blanks and 1 valid
18.3080 	DEBUG 	TextBox2 loaded 1 chars with 0 blanks and 1 valid
18.3093 	DEBUG 	TextBox2 loaded 1 chars with 0 blanks and 1 valid
18.3114 	DEBUG 	TextBox2 loaded 1 chars with 0 blanks and 1 valid
18.3134 	DEBUG 	TextBox2 loaded 1 chars with 0 blanks and 1 valid
18.3148 	DEBUG 	TextBox2 loaded 1 chars with 0 blanks and 1 valid
18.3154 	DEBUG 	Uploading Texture Font fontname to graphics card
18.3170 	DEBUG 	Upload of Texture Font fontname complete
18.3337 	EXP 	prog_3: autoDraw = False
18.3337 	EXP 	greenbar_3: autoDraw = False
18.3337 	EXP 	yellowbar_3: autoDraw = False
18.3337 	EXP 	redbar_3: autoDraw = False
18.3337 	EXP 	arrow_3: autoDraw = False
18.3337 	EXP 	textbox_5: autoDraw = False
18.3337 	EXP 	slider_4: autoDraw = False
18.3337 	EXP 	textbox_2: autoDraw = True
19.3207 	EXP 	New trial (rep=1, index=0): <Trial 1 (0 in rep 1) data={'thisN': 1, 'thisTrialN': 0, 'thisRepN': 1}>
19.3346 	EXP 	textbox_2: autoDraw = False
19.3346 	EXP 	fix: autoDraw = True
19.8229 	DEBUG 	TextBox2 loaded 1 chars with 0 blanks and 1 valid
19.8234 	DEBUG 	Uploading Texture Font fontname to graphics card
19.8246 	DEBUG 	Upload of Texture Font fontname complete
19.8672 	INFO 	Keyboard events cleared
19.8669 	EXP 	fix: autoDraw = False
19.8669 	EXP 	slider_4: markerPos = None
19.8669 	EXP 	slider_4: markerPos = None
19.8669 	EXP 	prog_3: autoDraw = True
19.8669 	EXP 	greenbar_3: autoDraw = True
19.8669 	EXP 	yellowbar_3: autoDraw = True
19.8669 	EXP 	redbar_3: autoDraw = True
19.8669 	EXP 	arrow_3: autoDraw = True
19.8669 	EXP 	textbox_5: autoDraw = True
19.8669 	EXP 	slider_4: autoDraw = True
23.3727 	DATA 	Mouse: Left button down, pos=(335,179)
23.4003 	EXP 	slider_4: markerPos = np.float64(3.0375)
23.4503 	EXP 	slider_4: markerPos = np.float64(3.0375)
23.4745 	DATA 	Mouse:  Left button up, pos=(335,179)
23.4836 	EXP 	slider_4: markerPos = np.float64(3.0375)
23.5169 	EXP 	slider_4: markerPos = 3
23.5347 	EXP 	prog_3: autoDraw = False
23.5347 	EXP 	greenbar_3: autoDraw = False
23.5347 	EXP 	yellowbar_3: autoDraw = False
23.5347 	EXP 	redbar_3: autoDraw = False
23.5347 	EXP 	arrow_3: autoDraw = False
23.5347 	EXP 	textbox_5: autoDraw = False
23.5347 	EXP 	slider_4: autoDraw = False
23.5347 	EXP 	textbox_2: autoDraw = True
24.5213 	EXP 	New trial (rep=2, index=0): <Trial 2 (0 in rep 2) data={'thisN': 2, 'thisTrialN': 0, 'thisRepN': 2}>
24.5347 	EXP 	textbox_2: autoDraw = False
24.5347 	EXP 	fix: autoDraw = True
25.0504 	INFO 	Keyboard events cleared
25.0502 	EXP 	fix: autoDraw = False
25.0502 	EXP 	fix: autoDraw = False
25.0502 	EXP 	slider_4: markerPos = None
25.0502 	EXP 	slider_4: markerPos = None
25.0502 	EXP 	prog_3: autoDraw = True
25.0502 	EXP 	greenbar_3: autoDraw = True
25.0502 	EXP 	yellowbar_3: autoDraw = True
25.0502 	EXP 	redbar_3: autoDraw = True
25.0502 	EXP 	arrow_3: autoDraw = True
25.0502 	EXP 	textbox_5: autoDraw = True
25.0502 	EXP 	slider_4: autoDraw = True
27.9232 	DATA 	Mouse: Left button down, pos=(248,178)
27.9668 	EXP 	slider_4: markerPos = np.float64(1.08)
28.0002 	EXP 	slider_4: markerPos = np.float64(1.08)
28.0335 	EXP 	slider_4: markerPos = np.float64(1.08)
28.0580 	DATA 	Mouse:  Left button up, pos=(248,178)
28.0668 	EXP 	slider_4: markerPos = np.float64(1.08)
28.1002 	EXP 	slider_4: markerPos = 1
28.1180 	EXP 	prog_3: autoDraw = False
28.1180 	EXP 	greenbar_3: autoDraw = False
28.1180 	EXP 	yellowbar_3: autoDraw = False
28.1180 	EXP 	redbar_3: autoDraw = False
28.1180 	EXP 	arrow_3: autoDraw = False
28.1180 	EXP 	textbox_5: autoDraw = False
28.1180 	EXP 	slider_4: autoDraw = False
28.1180 	EXP 	textbox_2: autoDraw = True
29.1098 	EXP 	New trial (rep=0, index=0): <Trial 0 (0 in rep 0) data={'thisN': 0, 'thisTrialN': 0, 'thisRepN': 0}>
29.1180 	EXP 	textbox_2: autoDraw = False
29.1180 	EXP 	fix: autoDraw = True
29.6221 	DEBUG 	Saving data for misty_module ExperimentHandler
29.6248 	INFO 	saved data to /home/hackerman/misty_py/data/pilot_misty_module_2026-01-29_17h59.23.330.psydat
29.6268 	INFO 	saved data to '/home/hackerman/misty_py/data/pilot_misty_module_2026-01-29_17h59.23.330.csv'
29.6350 	WARNING 	Stopping key buffers but this could be dangerous ifother keyboards rely on the same.
