8.5162 	WARNING 	Font Manager failed to load file /System/Library/PrivateFrameworks/FontServices.framework/Resources/Reserved/PingFangUI.ttc
8.5606 	WARNING 	Font Manager failed to load file /System/Library/PrivateFrameworks/FontServices.framework/Resources/Reserved/PingFangUI.ttc
9.9882 	DEBUG 	Fullscreen settings ignored as running in pilot mode.
9.9891 	INFO 	Loaded monitor calibration from ['2026_01_27 16:28']
10.0814 	INFO 	Using renderer 'Apple M4' for graphics
10.0814 	INFO 	OpenGL version supported by driver is 2..
10.1014 	EXP 	Created window1 = Window(allowGUI=False, allowStencil=True, autoLog=True, backendConf=UNKNOWN, backgroundFit=<method-wrapper '__getattribute__' of attributeSetter object at 0x179382830>, backgroundImage=<method-wrapper '__getattribute__' of attributeSetter object at 0x1793829e0>, bitsMode=UNKNOWN, blendMode='avg', bpc=(8, 8, 8), color=array([0, 0, 0]), colorSpace='rgb', depthBits=8, fullscr=False, gamma=None, gammaErrorPolicy='raise', infoMsg=UNKNOWN, lms=UNKNOWN, monitor=<psychopy.monitors.calibTools.Monitor object at 0x1793976a0>, multiSample=False, name='window1', numSamples=2, pos=[np.float64(560.0), np.float64(240.0)], screen=0, size=array([800, 600]), stencilBits=8, stereo=False, title='PsychoPy', units='height', useFBO=True, useRetina=False, viewOri=0.0, viewPos=None, viewScale=None, waitBlanking=True, winType='pyglet')
10.1014 	EXP 	window1: backgroundImage = ''
10.1014 	EXP 	window1: backgroundFit = 'none'
10.1149 	DEBUG 	TextBox2 loaded 1 chars with 0 blanks and 1 valid
10.1224 	DEBUG 	TextBox2 loaded 1 chars with 0 blanks and 1 valid
10.1299 	DEBUG 	TextBox2 loaded 1 chars with 0 blanks and 1 valid
10.1376 	DEBUG 	TextBox2 loaded 1 chars with 0 blanks and 1 valid
10.1453 	DEBUG 	TextBox2 loaded 1 chars with 0 blanks and 1 valid
10.1527 	DEBUG 	TextBox2 loaded 1 chars with 0 blanks and 1 valid
10.1603 	DEBUG 	TextBox2 loaded 1 chars with 0 blanks and 1 valid
10.1681 	DEBUG 	TextBox2 loaded 1 chars with 0 blanks and 1 valid
10.1754 	DEBUG 	TextBox2 loaded 1 chars with 0 blanks and 1 valid
10.1827 	DEBUG 	TextBox2 loaded 1 chars with 0 blanks and 1 valid
10.1904 	DEBUG 	TextBox2 loaded 1 chars with 0 blanks and 1 valid
10.1980 	DEBUG 	TextBox2 loaded 1 chars with 0 blanks and 1 valid
10.2055 	DEBUG 	TextBox2 loaded 1 chars with 0 blanks and 1 valid
10.2131 	DEBUG 	TextBox2 loaded 1 chars with 0 blanks and 1 valid
10.2207 	DEBUG 	TextBox2 loaded 1 chars with 0 blanks and 1 valid
10.2283 	DEBUG 	TextBox2 loaded 1 chars with 0 blanks and 1 valid
10.2359 	DEBUG 	TextBox2 loaded 1 chars with 0 blanks and 1 valid
10.2433 	DEBUG 	TextBox2 loaded 1 chars with 0 blanks and 1 valid
10.2508 	DEBUG 	TextBox2 loaded 1 chars with 0 blanks and 1 valid
10.2586 	DEBUG 	TextBox2 loaded 1 chars with 0 blanks and 1 valid
10.2660 	DEBUG 	TextBox2 loaded 1 chars with 0 blanks and 1 valid
10.2662 	DEBUG 	Uploading Texture Font fontname to graphics card
10.2689 	DEBUG 	Upload of Texture Font fontname complete
10.2794 	DEBUG 	TextBox2 loaded 1 chars with 0 blanks and 1 valid
10.2875 	DEBUG 	TextBox2 loaded 1 chars with 0 blanks and 1 valid
10.2952 	DEBUG 	TextBox2 loaded 1 chars with 0 blanks and 1 valid
10.2954 	DEBUG 	Uploading Texture Font fontname to graphics card
10.2969 	DEBUG 	Upload of Texture Font fontname complete
10.2978 	EXP 	window1: Attempting to measure frame rate of screen (0) ...
10.2978 	EXP 	window1: recordFrameIntervals = False
10.4354 	EXP 	window1: recordFrameIntervals = True
10.5824 	EXP 	Screen (0) actual frame rate measured at 74.96Hz
10.5824 	EXP 	window1: recordFrameIntervals = False
10.6025 	DEBUG 	TextBox2 loaded 1 chars with 0 blanks and 1 valid
10.6141 	DEBUG 	TextBox2 loaded 1 chars with 0 blanks and 1 valid
10.6245 	DEBUG 	TextBox2 loaded 1 chars with 0 blanks and 1 valid
10.6341 	DEBUG 	TextBox2 loaded 1 chars with 0 blanks and 1 valid
10.6430 	DEBUG 	TextBox2 loaded 1 chars with 0 blanks and 1 valid
10.6515 	DEBUG 	TextBox2 loaded 1 chars with 0 blanks and 1 valid
10.6594 	DEBUG 	TextBox2 loaded 1 chars with 0 blanks and 1 valid
10.6672 	DEBUG 	TextBox2 loaded 1 chars with 0 blanks and 1 valid
10.6748 	DEBUG 	TextBox2 loaded 1 chars with 0 blanks and 1 valid
10.6824 	DEBUG 	TextBox2 loaded 1 chars with 0 blanks and 1 valid
10.6825 	DEBUG 	Uploading Texture Font fontname to graphics card
10.6841 	DEBUG 	Upload of Texture Font fontname complete
11.6164 	INFO 	keyboard.Keyboard is using ptb backend.
11.6165 	EXP 	misty_module: status = STARTED
11.6487 	EXP 	Created text = TextStim(__class__=<class 'psychopy.visual.text.TextStim'>, alignHoriz=method-wrapper(...), alignText='center', alignVert=method-wrapper(...), anchorHoriz='center', anchorVert='center', antialias=True, autoDraw=False, autoLog=True, bold=False, color=array([1., 1., 1.]), colorSpace='rgb', contrast=1.0, depth=0.0, draggable=False, flipHoriz=False, flipVert=False, font='Arial', fontFiles=[], height=np.float64(0.05), italic=False, languageStyle='LTR', name='text', opacity=1, ori=0.0, pos=array([0., 0.]), rgb=UNKNOWN, text=str(...), units='height', win=Window(...), wrapWidth=1)
11.6558 	EXP 	Created intstructs = TextStim(__class__=<class 'psychopy.visual.text.TextStim'>, alignHoriz=method-wrapper(...), alignText='center', alignVert=method-wrapper(...), anchorHoriz='center', anchorVert='center', antialias=True, autoDraw=False, autoLog=True, bold=False, color=array([1., 1., 1.]), colorSpace='rgb', contrast=1.0, depth=0.0, draggable=False, flipHoriz=False, flipVert=False, font='Arial', fontFiles=[], height=np.float64(0.05), italic=False, languageStyle='LTR', name='intstructs', opacity=1, ori=0.0, pos=array([0., 0.]), rgb=UNKNOWN, text=str(...), units='height', win=Window(...), wrapWidth=1)
11.6580 	EXP 	Created fix = TextStim(__class__=<class 'psychopy.visual.text.TextStim'>, alignHoriz=method-wrapper(...), alignText='center', alignVert=method-wrapper(...), anchorHoriz='center', anchorVert='center', antialias=True, autoDraw=False, autoLog=True, bold=False, color=array([1., 1., 1.]), colorSpace='rgb', contrast=1.0, depth=-1.0, draggable=False, flipHoriz=False, flipVert=False, font='Open Sans', fontFiles=[], height=np.float64(0.1), italic=False, languageStyle='LTR', name='fix', opacity=1, ori=0.0, pos=array([0., 0.]), rgb=UNKNOWN, text='+', units='height', win=Window(...), wrapWidth=1)
11.6638 	DEBUG 	TextBox2 loaded 1 chars with 0 blanks and 1 valid
11.6643 	DEBUG 	TextBox2 loaded 1 chars with 0 blanks and 1 valid
11.6649 	DEBUG 	TextBox2 loaded 1 chars with 0 blanks and 1 valid
11.6653 	DEBUG 	TextBox2 loaded 1 chars with 0 blanks and 1 valid
11.6655 	DEBUG 	TextBox2 loaded 1 chars with 0 blanks and 1 valid
11.6657 	DEBUG 	TextBox2 loaded 1 chars with 0 blanks and 1 valid
11.6662 	DEBUG 	TextBox2 loaded 1 chars with 0 blanks and 1 valid
11.6665 	DEBUG 	TextBox2 loaded 1 chars with 0 blanks and 1 valid
11.6668 	DEBUG 	TextBox2 loaded 1 chars with 0 blanks and 1 valid
11.6669 	DEBUG 	Uploading Texture Font fontname to graphics card
11.6689 	DEBUG 	Upload of Texture Font fontname complete
11.6892 	DEBUG 	TextBox2 loaded 1 chars with 0 blanks and 1 valid
11.6892 	DEBUG 	Uploading Texture Font fontname to graphics card
11.6913 	DEBUG 	Upload of Texture Font fontname complete
11.7010 	DEBUG 	TextBox2 loaded 1 chars with 0 blanks and 1 valid
11.7085 	DEBUG 	TextBox2 loaded 1 chars with 0 blanks and 1 valid
11.7159 	DEBUG 	TextBox2 loaded 1 chars with 0 blanks and 1 valid
11.7233 	DEBUG 	TextBox2 loaded 1 chars with 0 blanks and 1 valid
11.7307 	DEBUG 	TextBox2 loaded 1 chars with 0 blanks and 1 valid
11.7380 	DEBUG 	TextBox2 loaded 1 chars with 0 blanks and 1 valid
11.7454 	DEBUG 	TextBox2 loaded 1 chars with 0 blanks and 1 valid
11.7528 	DEBUG 	TextBox2 loaded 1 chars with 0 blanks and 1 valid
11.7602 	DEBUG 	TextBox2 loaded 1 chars with 0 blanks and 1 valid
11.7675 	DEBUG 	TextBox2 loaded 1 chars with 0 blanks and 1 valid
11.7676 	DEBUG 	Uploading Texture Font fontname to graphics card
11.7693 	DEBUG 	Upload of Texture Font fontname complete
11.7791 	DEBUG 	TextBox2 loaded 1 chars with 0 blanks and 1 valid
11.7791 	DEBUG 	Uploading Texture Font fontname to graphics card
11.7806 	DEBUG 	Upload of Texture Font fontname complete
11.7927 	DEBUG 	TextBox2 loaded 1 chars with 0 blanks and 1 valid
11.7928 	DEBUG 	Uploading Texture Font fontname to graphics card
11.7942 	DEBUG 	Upload of Texture Font fontname complete
11.8063 	DEBUG 	TextBox2 loaded 1 chars with 0 blanks and 1 valid
11.8064 	DEBUG 	Uploading Texture Font fontname to graphics card
11.8078 	DEBUG 	Upload of Texture Font fontname complete
11.8198 	DEBUG 	TextBox2 loaded 1 chars with 0 blanks and 1 valid
11.8199 	DEBUG 	Uploading Texture Font fontname to graphics card
11.8213 	DEBUG 	Upload of Texture Font fontname complete
11.8334 	DEBUG 	TextBox2 loaded 1 chars with 0 blanks and 1 valid
11.8334 	DEBUG 	Uploading Texture Font fontname to graphics card
11.8348 	DEBUG 	Upload of Texture Font fontname complete
11.8469 	DEBUG 	TextBox2 loaded 1 chars with 0 blanks and 1 valid
11.8469 	DEBUG 	Uploading Texture Font fontname to graphics card
11.8483 	DEBUG 	Upload of Texture Font fontname complete
11.8604 	DEBUG 	TextBox2 loaded 1 chars with 0 blanks and 1 valid
11.8605 	DEBUG 	Uploading Texture Font fontname to graphics card
11.8619 	DEBUG 	Upload of Texture Font fontname complete
11.8739 	DEBUG 	TextBox2 loaded 1 chars with 0 blanks and 1 valid
11.8740 	DEBUG 	Uploading Texture Font fontname to graphics card
11.8754 	DEBUG 	Upload of Texture Font fontname complete
11.8874 	DEBUG 	TextBox2 loaded 1 chars with 0 blanks and 1 valid
11.8875 	DEBUG 	Uploading Texture Font fontname to graphics card
11.8889 	DEBUG 	Upload of Texture Font fontname complete
11.9105 	EXP 	Created slider_3 = Slider(__class__=<class 'psychopy.visual.slider.Slider'>, autoDraw=False, autoLog=True, borderColor=None, color=None, colorSpace='rgb', depth=-2, fillColor=None, flip=False, font='Noto Sans', granularity=1, labelColor=None, labelHeight=np.float64(0.05), labelWrapWidth=None, labels=(0, 1, 2, 3, 4, 5, 6, 7, 8, 9), lineColor=None, markerColor=None, name='slider_3', opacity=None, ori=0.0, pos=array([ 0. , -0.4]), readOnly=False, self=UNKNOWN, size=array([1. , 0.1]), startValue=None, style='choice', styleTweaks=[], ticks=array([0, 1, 2, 3, 4, 5, 6, 7, 8, 9]), units='norm', win=Window(...))
11.9172 	EXP 	Created text_2 = TextStim(__class__=<class 'psychopy.visual.text.TextStim'>, alignHoriz=method-wrapper(...), alignText='center', alignVert=method-wrapper(...), anchorHoriz='center', anchorVert='center', antialias=True, autoDraw=False, autoLog=True, bold=False, color=array([1., 1., 1.]), colorSpace='rgb', contrast=1.0, depth=0.0, draggable=False, flipHoriz=False, flipVert=False, font='Arial', fontFiles=[], height=np.float64(0.05), italic=False, languageStyle='LTR', name='text_2', opacity=1, ori=0.0, pos=array([0., 0.]), rgb=UNKNOWN, text=str(...), units='height', win=Window(...), wrapWidth=1)
11.9179 	EXP 	Created fix = TextStim(__class__=<class 'psychopy.visual.text.TextStim'>, alignHoriz=method-wrapper(...), alignText='center', alignVert=method-wrapper(...), anchorHoriz='center', anchorVert='center', antialias=True, autoDraw=False, autoLog=True, bold=False, color=array([1., 1., 1.]), colorSpace='rgb', contrast=1.0, depth=-1.0, draggable=False, flipHoriz=False, flipVert=False, font='Open Sans', fontFiles=[], height=np.float64(0.1), italic=False, languageStyle='LTR', name='fix', opacity=1, ori=0.0, pos=array([0., 0.]), rgb=UNKNOWN, text='+', units='height', win=Window(...), wrapWidth=1)
11.9197 	EXP 	Created prog_3 = Progress(__class__=<class 'psychopy.visual.progress.Progress'>, anchor=('left', 'top'), autoDraw=False, autoLog=True, closeShape=True, color=method-wrapper(...), colorSpace='rgb', contrast=None, depth=-1, draggable=False, fillColor=array([-1.    ,  0.5373, -1.    ]), fillColorSpace='rgb', fillRGB=array([-1.    ,  0.5373, -1.    ]), interpolate=True, lineColor=array([1., 1., 1.]), lineColorSpace='rgb', lineRGB=array([1, 1, 1]), lineWidth=4.0, name='prog_3', opacity=1.0, ori=0.0, pos=array([-0.5,  0.5]), size=array([1. , 0.1]), units='norm', vertices=ndarray(...), win=Window(...), windingRule=None)
11.9204 	EXP 	Created prog_3Bar = ShapeStim(__class__=<class 'psychopy.visual.shape.ShapeStim'>, anchor=('left', 'top'), autoDraw=False, autoLog=True, closeShape=True, color=method-wrapper(...), colorSpace='rgb', contrast=None, depth=-1, draggable=False, fillColor=array([ 1., -1., -1.]), fillColorSpace='rgb', fillRGB=array([ 1., -1., -1.]), interpolate=True, lineColor=array([0., 0., 0.]), lineColorSpace='rgb', lineRGB=array([0, 0, 0]), lineWidth=1.5, name='prog_3Bar', opacity=1.0, ori=0.0, pos=array([-0.5,  0.5]), size=array([1. , 0.1]), units='norm', vertices=ndarray(...), win=Window(...), windingRule=None)
11.9210 	EXP 	Created greenbar_3 = Rect(__class__=<class 'psychopy.visual.rect.Rect'>, anchor=('left', 'center'), autoDraw=False, autoLog=True, closeShape=True, color=method-wrapper(...), colorSpace='rgb', contrast=None, depth=-2.0, draggable=False, fillColor=array([-1.    ,  0.0039, -1.    ]), fillColorSpace='rgb', fillRGB=array([-1.    ,  0.0039, -1.    ]), interpolate=True, lineColor=array([1., 1., 1.]), lineColorSpace='rgb', lineRGB=array([1, 1, 1]), lineWidth=1.0, name='greenbar_3', opacity=1, ori=0.0, pos=array([0.33333333, 0.7       ]), size=array([0.66666667, 0.1       ]), units='norm', vertices=ndarray(...), win=Window(...))
11.9215 	EXP 	Created yellowbar_3 = Rect(__class__=<class 'psychopy.visual.rect.Rect'>, anchor=('left', 'center'), autoDraw=False, autoLog=True, closeShape=True, color=method-wrapper(...), colorSpace='rgb', contrast=None, depth=-3.0, draggable=False, fillColor=array([ 1.,  1., -1.]), fillColorSpace='rgb', fillRGB=array([ 1.,  1., -1.]), interpolate=True, lineColor=array([1., 1., 1.]), lineColorSpace='rgb', lineRGB=array([1, 1, 1]), lineWidth=1.0, name='yellowbar_3', opacity=1, ori=0.0, pos=array([-0.33333333,  0.7       ]), size=array([0.66666667, 0.1       ]), units='norm', vertices=ndarray(...), win=Window(...))
11.9220 	EXP 	Created redbar_3 = Rect(__class__=<class 'psychopy.visual.rect.Rect'>, anchor=('left', 'center'), autoDraw=False, autoLog=True, closeShape=True, color=method-wrapper(...), colorSpace='rgb', contrast=None, depth=-4.0, draggable=False, fillColor=array([ 1., -1., -1.]), fillColorSpace='rgb', fillRGB=array([ 1., -1., -1.]), interpolate=True, lineColor=array([1., 1., 1.]), lineColorSpace='rgb', lineRGB=array([1, 1, 1]), lineWidth=1.0, name='redbar_3', opacity=1, ori=0.0, pos=array([-1. ,  0.7]), size=array([0.66666667, 0.1       ]), units='norm', vertices=ndarray(...), win=Window(...))
11.9227 	EXP 	Created arrow_3 = ShapeStim(__class__=<class 'psychopy.visual.shape.ShapeStim'>, anchor=('center', 'center'), autoDraw=False, autoLog=True, closeShape=True, color=method-wrapper(...), colorSpace='rgb', contrast=None, depth=-5.0, draggable=False, fillColor=array([1, 1, 1]), fillColorSpace='rgb', fillRGB=array([1, 1, 1]), interpolate=True, lineColor=array([1., 1., 1.]), lineColorSpace='rgb', lineRGB=array([1, 1, 1]), lineWidth=1.0, name='arrow_3', opacity=1, ori=0.0, pos=array([0., 0.]), size=array([0.05, 0.05]), units='norm', vertices=ndarray(...), win=Window(...), windingRule=None)
11.9920 	EXP 	Created slider_4 = Slider(__class__=<class 'psychopy.visual.slider.Slider'>, autoDraw=False, autoLog=True, borderColor=None, color=None, colorSpace='rgb', depth=-7, fillColor=None, flip=False, font='Noto Sans', granularity=1, labelColor=None, labelHeight=np.float64(0.05), labelWrapWidth=None, labels=(0, 1, 2, 3, 4, 5, 6, 7, 8, 9), lineColor=None, markerColor=None, name='slider_4', opacity=None, ori=0.0, pos=array([ 0. , -0.4]), readOnly=False, self=UNKNOWN, size=array([1. , 0.1]), startValue=None, style='choice', styleTweaks=[], ticks=array([0, 1, 2, 3, 4, 5, 6, 7, 8, 9]), units='norm', win=Window(...))
11.9976 	EXP 	Created text_3 = TextStim(__class__=<class 'psychopy.visual.text.TextStim'>, alignHoriz=method-wrapper(...), alignText='center', alignVert=method-wrapper(...), anchorHoriz='center', anchorVert='center', antialias=True, autoDraw=False, autoLog=True, bold=False, color=array([1., 1., 1.]), colorSpace='rgb', contrast=1.0, depth=0.0, draggable=False, flipHoriz=False, flipVert=False, font='Arial', fontFiles=[], height=np.float64(0.05), italic=False, languageStyle='LTR', name='text_3', opacity=1, ori=0.0, pos=array([0., 0.]), rgb=UNKNOWN, text='Training instructions here', units='height', win=Window(...), wrapWidth=1)
11.9983 	EXP 	Created fix = TextStim(__class__=<class 'psychopy.visual.text.TextStim'>, alignHoriz=method-wrapper(...), alignText='center', alignVert=method-wrapper(...), anchorHoriz='center', anchorVert='center', antialias=True, autoDraw=False, autoLog=True, bold=False, color=array([1., 1., 1.]), colorSpace='rgb', contrast=1.0, depth=-1.0, draggable=False, flipHoriz=False, flipVert=False, font='Open Sans', fontFiles=[], height=np.float64(0.1), italic=False, languageStyle='LTR', name='fix', opacity=1, ori=0.0, pos=array([0., 0.]), rgb=UNKNOWN, text='+', units='height', win=Window(...), wrapWidth=1)
12.0670 	EXP 	Created slider_training = Slider(__class__=<class 'psychopy.visual.slider.Slider'>, autoDraw=False, autoLog=True, borderColor=None, color=None, colorSpace='rgb', depth=-2, fillColor=None, flip=False, font='Noto Sans', granularity=1, labelColor=None, labelHeight=np.float64(0.05), labelWrapWidth=None, labels=(0, 1, 2, 3, 4, 5, 6, 7, 8, 9), lineColor=None, markerColor=None, name='slider_training', opacity=None, ori=0.0, pos=array([ 0. , -0.4]), readOnly=False, self=UNKNOWN, size=array([1. , 0.1]), startValue=None, style='choice', styleTweaks=[], ticks=array([0, 1, 2, 3, 4, 5, 6, 7, 8, 9]), units='norm', win=Window(...))
12.0720 	EXP 	Created fix = TextStim(__class__=<class 'psychopy.visual.text.TextStim'>, alignHoriz=method-wrapper(...), alignText='center', alignVert=method-wrapper(...), anchorHoriz='center', anchorVert='center', antialias=True, autoDraw=False, autoLog=True, bold=False, color=array([1., 1., 1.]), colorSpace='rgb', contrast=1.0, depth=-1.0, draggable=False, flipHoriz=False, flipVert=False, font='Open Sans', fontFiles=[], height=np.float64(0.1), italic=False, languageStyle='LTR', name='fix', opacity=1, ori=0.0, pos=array([0., 0.]), rgb=UNKNOWN, text='+', units='height', win=Window(...), wrapWidth=1)
12.0727 	EXP 	Created prog = Progress(__class__=<class 'psychopy.visual.progress.Progress'>, anchor=('left', 'top'), autoDraw=False, autoLog=True, closeShape=True, color=method-wrapper(...), colorSpace='rgb', contrast=None, depth=-1, draggable=False, fillColor=array([-1.    ,  0.5373, -1.    ]), fillColorSpace='rgb', fillRGB=array([-1.    ,  0.5373, -1.    ]), interpolate=True, lineColor=array([1., 1., 1.]), lineColorSpace='rgb', lineRGB=array([1, 1, 1]), lineWidth=4.0, name='prog', opacity=1.0, ori=0.0, pos=array([-0.5,  0.5]), size=array([1. , 0.1]), units='norm', vertices=ndarray(...), win=Window(...), windingRule=None)
12.0734 	EXP 	Created progBar = ShapeStim(__class__=<class 'psychopy.visual.shape.ShapeStim'>, anchor=('left', 'top'), autoDraw=False, autoLog=True, closeShape=True, color=method-wrapper(...), colorSpace='rgb', contrast=None, depth=-1, draggable=False, fillColor=array([ 1., -1., -1.]), fillColorSpace='rgb', fillRGB=array([ 1., -1., -1.]), interpolate=True, lineColor=array([0., 0., 0.]), lineColorSpace='rgb', lineRGB=array([0, 0, 0]), lineWidth=1.5, name='progBar', opacity=1.0, ori=0.0, pos=array([-0.5,  0.5]), size=array([1. , 0.1]), units='norm', vertices=ndarray(...), win=Window(...), windingRule=None)
12.0740 	EXP 	Created greenbar = Rect(__class__=<class 'psychopy.visual.rect.Rect'>, anchor=('left', 'center'), autoDraw=False, autoLog=True, closeShape=True, color=method-wrapper(...), colorSpace='rgb', contrast=None, depth=-2.0, draggable=False, fillColor=array([-1.    ,  0.0039, -1.    ]), fillColorSpace='rgb', fillRGB=array([-1.    ,  0.0039, -1.    ]), interpolate=True, lineColor=array([1., 1., 1.]), lineColorSpace='rgb', lineRGB=array([1, 1, 1]), lineWidth=1.0, name='greenbar', opacity=1, ori=0.0, pos=array([0.33333333, 0.7       ]), size=array([0.66666667, 0.1       ]), units='norm', vertices=ndarray(...), win=Window(...))
12.0745 	EXP 	Created yellowbar = Rect(__class__=<class 'psychopy.visual.rect.Rect'>, anchor=('left', 'center'), autoDraw=False, autoLog=True, closeShape=True, color=method-wrapper(...), colorSpace='rgb', contrast=None, depth=-3.0, draggable=False, fillColor=array([ 1.,  1., -1.]), fillColorSpace='rgb', fillRGB=array([ 1.,  1., -1.]), interpolate=True, lineColor=array([1., 1., 1.]), lineColorSpace='rgb', lineRGB=array([1, 1, 1]), lineWidth=1.0, name='yellowbar', opacity=1, ori=0.0, pos=array([-0.33333333,  0.7       ]), size=array([0.66666667, 0.1       ]), units='norm', vertices=ndarray(...), win=Window(...))
12.0750 	EXP 	Created redbar = Rect(__class__=<class 'psychopy.visual.rect.Rect'>, anchor=('left', 'center'), autoDraw=False, autoLog=True, closeShape=True, color=method-wrapper(...), colorSpace='rgb', contrast=None, depth=-4.0, draggable=False, fillColor=array([ 1., -1., -1.]), fillColorSpace='rgb', fillRGB=array([ 1., -1., -1.]), interpolate=True, lineColor=array([1., 1., 1.]), lineColorSpace='rgb', lineRGB=array([1, 1, 1]), lineWidth=1.0, name='redbar', opacity=1, ori=0.0, pos=array([-1. ,  0.7]), size=array([0.66666667, 0.1       ]), units='norm', vertices=ndarray(...), win=Window(...))
12.0758 	EXP 	Created arrow = ShapeStim(__class__=<class 'psychopy.visual.shape.ShapeStim'>, anchor=('center', 'center'), autoDraw=False, autoLog=True, closeShape=True, color=method-wrapper(...), colorSpace='rgb', contrast=None, depth=-5.0, draggable=False, fillColor=array([1, 1, 1]), fillColorSpace='rgb', fillRGB=array([1, 1, 1]), interpolate=True, lineColor=array([1., 1., 1.]), lineColorSpace='rgb', lineRGB=array([1, 1, 1]), lineWidth=1.0, name='arrow', opacity=1, ori=0.0, pos=array([0., 0.]), size=array([0.05, 0.05]), units='norm', vertices=ndarray(...), win=Window(...), windingRule=None)
12.1461 	EXP 	Created slider = Slider(__class__=<class 'psychopy.visual.slider.Slider'>, autoDraw=False, autoLog=True, borderColor=None, color=None, colorSpace='rgb', depth=-7, fillColor=None, flip=False, font='Noto Sans', granularity=1, labelColor=None, labelHeight=np.float64(0.05), labelWrapWidth=None, labels=(0, 1, 2, 3, 4, 5, 6, 7, 8, 9), lineColor=None, markerColor=None, name='slider', opacity=None, ori=0.0, pos=array([ 0. , -0.4]), readOnly=False, self=UNKNOWN, size=array([1. , 0.1]), startValue=None, style='choice', styleTweaks=[], ticks=array([0, 1, 2, 3, 4, 5, 6, 7, 8, 9]), units='norm', win=Window(...))
0.0029 	EXP 	textbox_4: autoLog = True
0.0029 	EXP 	slider_3: autoLog = True
0.0029 	EXP 	slider_3: styleTweaks = []
0.0029 	EXP 	slider_3: styleTweaks = []
0.0029 	EXP 	slider_3: styleTweaks = []
0.0029 	EXP 	slider_3: styleTweaks = []
0.0029 	EXP 	slider_3: contrast = 1.0
0.0029 	EXP 	slider_3: markerPos = None
0.0029 	EXP 	slider_3: autoLog = True
0.0029 	EXP 	textbox_2: autoLog = True
0.0029 	EXP 	prog_3: direction = 'horizontal'
0.0029 	EXP 	prog_3: progress = 0.0
0.0029 	EXP 	textbox_5: autoLog = True
0.0029 	EXP 	slider_4: autoLog = True
0.0029 	EXP 	slider_4: styleTweaks = []
0.0029 	EXP 	slider_4: styleTweaks = []
0.0029 	EXP 	slider_4: styleTweaks = []
0.0029 	EXP 	slider_4: styleTweaks = []
0.0029 	EXP 	slider_4: contrast = 1.0
0.0029 	EXP 	slider_4: markerPos = None
0.0029 	EXP 	slider_4: autoLog = True
0.0029 	EXP 	textbox_2: autoLog = True
0.0029 	EXP 	textbox_3: autoLog = True
0.0029 	EXP 	slider_training: autoLog = True
0.0029 	EXP 	slider_training: styleTweaks = []
0.0029 	EXP 	slider_training: styleTweaks = []
0.0029 	EXP 	slider_training: styleTweaks = []
0.0029 	EXP 	slider_training: styleTweaks = []
0.0029 	EXP 	slider_training: contrast = 1.0
0.0029 	EXP 	slider_training: markerPos = None
0.0029 	EXP 	slider_training: autoLog = True
0.0029 	EXP 	textbox_2: autoLog = True
0.0029 	EXP 	prog: direction = 'horizontal'
0.0029 	EXP 	prog: progress = 0.0
0.0029 	EXP 	textbox: autoLog = True
0.0029 	EXP 	slider: autoLog = True
0.0029 	EXP 	slider: styleTweaks = []
0.0029 	EXP 	slider: styleTweaks = []
0.0029 	EXP 	slider: styleTweaks = []
0.0029 	EXP 	slider: styleTweaks = []
0.0029 	EXP 	slider: contrast = 1.0
0.0029 	EXP 	slider: markerPos = None
0.0029 	EXP 	slider: autoLog = True
0.0029 	EXP 	textbox_2: autoLog = True
0.0114 	INFO 	Keyboard events cleared
0.0114 	EXP 	text: autoDraw = True
2.6031 	EXP 	Device response: <KeyPress from None: t=2.493861416999607, value=l, duration=None>
2.6032 	EXP 	Device response: <KeyPress from None: t=2.493861416999607, value=l, duration=0.10796325000046636>
2.6068 	DATA 	Keypress: l
2.6095 	INFO 	Keyboard events cleared
2.6094 	EXP 	text: autoDraw = False
2.6094 	EXP 	intstructs: autoDraw = True
2.9717 	EXP 	Device response: <KeyPress from None: t=2.9598536670000613, value=space, duration=None>
2.9734 	DATA 	Keypress: space
2.9805 	DEBUG 	Read excel file with openpyxl: practice_difficulty.xlsx
2.9807 	EXP 	Imported practice_difficulty.xlsx as conditions, 3 conditions, 1 params
2.9839 	EXP 	intstructs: autoDraw = False
2.9839 	EXP 	text_2: autoDraw = True
3.0918 	EXP 	Device response: <KeyPress from None: t=2.9598536670000613, value=space, duration=0.11998954099999537>
4.9762 	DEBUG 	Read excel file with openpyxl: practice_difficulty.xlsx
4.9763 	EXP 	Imported practice_difficulty.xlsx as conditions, 3 conditions, 1 params
4.9807 	EXP 	text_2: autoDraw = False
4.9807 	EXP 	text_2: autoDraw = False
4.9807 	EXP 	text_3: autoDraw = True
6.9857 	DEBUG 	Read csv file with pandas: training.csv
6.9889 	DEBUG 	Clearing unnamed columns from training.csv
6.9894 	EXP 	Imported training.csv as conditions, 5 conditions, 2 params
6.9899 	EXP 	New trial (rep=0, index=0): <Trial 0 (0 in rep 0) data={'train_diff': 'hard', 'train_time': np.int64(5), 'thisN': 0, 'thisTrialN': 0, 'thisRepN': 0}>
6.9951 	EXP 	New trial (rep=0, index=0): <Trial 0 (0 in rep 0) data={'thisN': 0, 'thisTrialN': 0, 'thisRepN': 0}>
6.9995 	EXP 	text_3: autoDraw = False
6.9995 	EXP 	text_3: autoDraw = False
6.9995 	EXP 	fix: autoDraw = True
7.4897 	DEBUG 	TextBox2 loaded 1 chars with 0 blanks and 1 valid
7.4910 	DEBUG 	TextBox2 loaded 1 chars with 0 blanks and 1 valid
7.4919 	DEBUG 	TextBox2 loaded 1 chars with 0 blanks and 1 valid
7.4929 	DEBUG 	TextBox2 loaded 1 chars with 0 blanks and 1 valid
7.4934 	DEBUG 	TextBox2 loaded 1 chars with 0 blanks and 1 valid
7.4942 	DEBUG 	TextBox2 loaded 1 chars with 0 blanks and 1 valid
7.4952 	DEBUG 	TextBox2 loaded 1 chars with 0 blanks and 1 valid
7.4958 	DEBUG 	TextBox2 loaded 1 chars with 0 blanks and 1 valid
7.4968 	DEBUG 	TextBox2 loaded 1 chars with 0 blanks and 1 valid
7.4970 	DEBUG 	Uploading Texture Font fontname to graphics card
7.5007 	DEBUG 	Upload of Texture Font fontname complete
7.5198 	INFO 	Keyboard events cleared
7.5197 	EXP 	fix: autoDraw = False
7.5197 	EXP 	slider_training: markerPos = None
7.5197 	EXP 	slider_training: markerPos = None
7.5197 	EXP 	textbox_3: autoDraw = True
7.5197 	EXP 	slider_training: autoDraw = True
9.1301 	EXP 	Device response: <KeyPress from None: t=9.122852374999638, value=7, duration=None>
9.1311 	DEBUG 	TextBox2 loaded 1 chars with 0 blanks and 1 valid
9.1316 	DEBUG 	TextBox2 loaded 1 chars with 0 blanks and 1 valid
9.1321 	DEBUG 	TextBox2 loaded 1 chars with 0 blanks and 1 valid
9.1326 	DEBUG 	TextBox2 loaded 1 chars with 0 blanks and 1 valid
9.1330 	DEBUG 	TextBox2 loaded 1 chars with 0 blanks and 1 valid
9.1334 	DEBUG 	TextBox2 loaded 1 chars with 0 blanks and 1 valid
9.1335 	DEBUG 	Uploading Texture Font fontname to graphics card
9.1351 	DEBUG 	Upload of Texture Font fontname complete
9.1370 	DATA 	Keypress: 7
9.1428 	EXP 	textbox_3: autoDraw = False
9.1428 	EXP 	slider_training: autoDraw = False
9.1428 	EXP 	textbox_2: autoDraw = True
9.2508 	EXP 	Device response: <KeyPress from None: t=9.122852374999638, value=7, duration=0.11897541700000147>
10.1330 	EXP 	New trial (rep=1, index=0): <Trial 1 (0 in rep 1) data={'thisN': 1, 'thisTrialN': 0, 'thisRepN': 1}>
10.1433 	EXP 	textbox_2: autoDraw = False
10.1433 	EXP 	fix: autoDraw = True
10.6471 	DEBUG 	TextBox2 loaded 1 chars with 0 blanks and 1 valid
10.6486 	DEBUG 	TextBox2 loaded 1 chars with 0 blanks and 1 valid
10.6498 	DEBUG 	TextBox2 loaded 1 chars with 0 blanks and 1 valid
10.6501 	DEBUG 	Uploading Texture Font fontname to graphics card
10.6533 	DEBUG 	Upload of Texture Font fontname complete
10.6658 	INFO 	Keyboard events cleared
10.6658 	EXP 	fix: autoDraw = False
10.6658 	EXP 	slider_training: markerPos = None
10.6658 	EXP 	slider_training: markerPos = None
10.6658 	EXP 	textbox_3: autoDraw = True
10.6658 	EXP 	slider_training: autoDraw = True
12.8381 	EXP 	Device response: <KeyPress from None: t=12.835800207999455, value=5, duration=None>
12.8400 	DATA 	Keypress: 5
12.8503 	EXP 	textbox_3: autoDraw = False
12.8503 	EXP 	slider_training: autoDraw = False
12.8503 	EXP 	textbox_2: autoDraw = True
12.9454 	EXP 	Device response: <KeyPress from None: t=12.835800207999455, value=5, duration=0.10201795900047728>
13.8401 	EXP 	New trial (rep=2, index=0): <Trial 2 (0 in rep 2) data={'thisN': 2, 'thisTrialN': 0, 'thisRepN': 2}>
13.8517 	EXP 	textbox_2: autoDraw = False
13.8517 	EXP 	fix: autoDraw = True
14.3516 	DEBUG 	TextBox2 loaded 1 chars with 0 blanks and 1 valid
14.3529 	DEBUG 	TextBox2 loaded 1 chars with 0 blanks and 1 valid
14.3532 	DEBUG 	Uploading Texture Font fontname to graphics card
14.3570 	DEBUG 	Upload of Texture Font fontname complete
14.3709 	INFO 	Keyboard events cleared
14.3708 	EXP 	fix: autoDraw = False
14.3708 	EXP 	slider_training: markerPos = None
14.3708 	EXP 	slider_training: markerPos = None
14.3708 	EXP 	textbox_3: autoDraw = True
14.3708 	EXP 	slider_training: autoDraw = True
16.3658 	DATA 	Keypress: 8
16.3727 	EXP 	Device response: <KeyPress from None: t=16.362769041999854, value=8, duration=None>
16.3850 	EXP 	textbox_3: autoDraw = False
16.3850 	EXP 	slider_training: autoDraw = False
16.3850 	EXP 	textbox_2: autoDraw = True
16.4666 	EXP 	Device response: <KeyPress from None: t=16.362769041999854, value=8, duration=0.09702558299977682>
17.3751 	EXP 	New trial (rep=3, index=0): <Trial 3 (0 in rep 3) data={'thisN': 3, 'thisTrialN': 0, 'thisRepN': 3}>
17.3856 	EXP 	textbox_2: autoDraw = False
17.3856 	EXP 	fix: autoDraw = True
17.8878 	DEBUG 	TextBox2 loaded 1 chars with 0 blanks and 1 valid
17.8884 	DEBUG 	Uploading Texture Font fontname to graphics card
17.8926 	DEBUG 	Upload of Texture Font fontname complete
17.9112 	INFO 	Keyboard events cleared
17.9111 	EXP 	fix: autoDraw = False
17.9111 	EXP 	slider_training: markerPos = None
17.9111 	EXP 	slider_training: markerPos = None
17.9111 	EXP 	textbox_3: autoDraw = True
17.9111 	EXP 	slider_training: autoDraw = True
20.2407 	EXP 	Device response: <KeyPress from None: t=20.23878162500023, value=5, duration=None>
20.2425 	DATA 	Keypress: 5
20.2530 	EXP 	textbox_3: autoDraw = False
20.2530 	EXP 	slider_training: autoDraw = False
20.2530 	EXP 	textbox_2: autoDraw = True
20.3749 	EXP 	Device response: <KeyPress from None: t=20.23878162500023, value=5, duration=0.12298749999990832>
21.2424 	EXP 	New trial (rep=4, index=0): <Trial 4 (0 in rep 4) data={'thisN': 4, 'thisTrialN': 0, 'thisRepN': 4}>
21.2545 	EXP 	textbox_2: autoDraw = False
21.2545 	EXP 	fix: autoDraw = True
21.7713 	INFO 	Keyboard events cleared
21.7712 	EXP 	fix: autoDraw = False
21.7712 	EXP 	slider_training: markerPos = None
21.7712 	EXP 	slider_training: markerPos = None
21.7712 	EXP 	textbox_3: autoDraw = True
21.7712 	EXP 	slider_training: autoDraw = True
24.4556 	EXP 	Device response: <KeyPress from None: t=24.447755416999826, value=7, duration=None>
24.4574 	DATA 	Keypress: 7
24.4679 	EXP 	textbox_3: autoDraw = False
24.4679 	EXP 	slider_training: autoDraw = False
24.4679 	EXP 	textbox_2: autoDraw = True
24.6437 	EXP 	Device response: <KeyPress from None: t=24.447755416999826, value=7, duration=0.1930248329999813>
25.4572 	EXP 	New trial (rep=5, index=0): <Trial 5 (0 in rep 5) data={'thisN': 5, 'thisTrialN': 0, 'thisRepN': 5}>
25.4685 	EXP 	textbox_2: autoDraw = False
25.4685 	EXP 	fix: autoDraw = True
25.9975 	INFO 	Keyboard events cleared
25.9975 	EXP 	fix: autoDraw = False
25.9975 	EXP 	slider_training: markerPos = None
25.9975 	EXP 	slider_training: markerPos = None
25.9975 	EXP 	textbox_3: autoDraw = True
25.9975 	EXP 	slider_training: autoDraw = True
28.3770 	EXP 	Device response: <KeyPress from None: t=28.367744041999686, value=9, duration=None>
28.3788 	DATA 	Keypress: 9
28.3893 	EXP 	textbox_3: autoDraw = False
28.3893 	EXP 	slider_training: autoDraw = False
28.3893 	EXP 	textbox_2: autoDraw = True
28.4710 	EXP 	Device response: <KeyPress from None: t=28.367744041999686, value=9, duration=0.10200600000007398>
29.3797 	EXP 	New trial (rep=6, index=0): <Trial 6 (0 in rep 6) data={'thisN': 6, 'thisTrialN': 0, 'thisRepN': 6}>
29.3904 	EXP 	textbox_2: autoDraw = False
29.3904 	EXP 	fix: autoDraw = True
29.9099 	INFO 	Keyboard events cleared
29.9098 	EXP 	fix: autoDraw = False
29.9098 	EXP 	slider_training: markerPos = None
29.9098 	EXP 	slider_training: markerPos = None
29.9098 	EXP 	textbox_3: autoDraw = True
29.9098 	EXP 	slider_training: autoDraw = True
32.4185 	EXP 	Device response: <KeyPress from None: t=32.41174429199964, value=4, duration=None>
32.4197 	DEBUG 	TextBox2 loaded 1 chars with 0 blanks and 1 valid
32.4199 	DEBUG 	Uploading Texture Font fontname to graphics card
32.4215 	DEBUG 	Upload of Texture Font fontname complete
32.4230 	DATA 	Keypress: 4
32.4308 	EXP 	textbox_3: autoDraw = False
32.4308 	EXP 	slider_training: autoDraw = False
32.4308 	EXP 	textbox_2: autoDraw = True
32.5527 	EXP 	Device response: <KeyPress from None: t=32.41174429199964, value=4, duration=0.13302362500053277>
33.4196 	EXP 	New trial (rep=7, index=0): <Trial 7 (0 in rep 7) data={'thisN': 7, 'thisTrialN': 0, 'thisRepN': 7}>
33.4316 	EXP 	textbox_2: autoDraw = False
33.4316 	EXP 	fix: autoDraw = True
33.9442 	INFO 	Keyboard events cleared
33.9442 	EXP 	fix: autoDraw = False
33.9442 	EXP 	slider_training: markerPos = None
33.9442 	EXP 	slider_training: markerPos = None
33.9442 	EXP 	textbox_3: autoDraw = True
33.9442 	EXP 	slider_training: autoDraw = True
34.1268 	DATA 	Mouse: wheel shift=(0,0), pos=(317,153)
34.1398 	DATA 	Mouse: wheel shift=(0,0), pos=(317,153)
34.1529 	DATA 	Mouse: wheel shift=(0,0), pos=(317,153)
34.1664 	DATA 	Mouse: wheel shift=(0,0), pos=(317,153)
34.1665 	DATA 	Mouse: wheel shift=(0,0), pos=(317,153)
34.1795 	DATA 	Mouse: wheel shift=(0,0), pos=(317,153)
34.1928 	DATA 	Mouse: wheel shift=(-1,0), pos=(317,153)
34.2061 	DATA 	Mouse: wheel shift=(0,0), pos=(317,153)
34.2200 	DATA 	Mouse: wheel shift=(0,0), pos=(317,153)
34.2333 	DATA 	Mouse: wheel shift=(0,0), pos=(317,153)
34.2468 	DATA 	Mouse: wheel shift=(0,0), pos=(317,153)
34.2600 	DATA 	Mouse: wheel shift=(0,0), pos=(317,151)
34.2734 	DATA 	Mouse: wheel shift=(-1,0), pos=(321,140)
34.2862 	DATA 	Mouse: wheel shift=(0,0), pos=(334,99)
34.2996 	DATA 	Mouse: wheel shift=(0,0), pos=(337,76)
34.3128 	DATA 	Mouse: wheel shift=(0,-1), pos=(339,26)
34.3262 	DATA 	Mouse: wheel shift=(0,0), pos=(340,3)
34.3399 	DATA 	Mouse: wheel shift=(0,0), pos=(549,-262)
34.3535 	DATA 	Mouse: wheel shift=(0,0), pos=(556,-297)
34.3666 	DATA 	Mouse: wheel shift=(0,-1), pos=(561,-313)
34.3796 	DATA 	Mouse: wheel shift=(-1,0), pos=(925,-360)
34.3930 	DATA 	Mouse: wheel shift=(0,0), pos=(933,-375)
34.4061 	DATA 	Mouse: wheel shift=(0,0), pos=(934,-377)
34.4197 	DATA 	Mouse: wheel shift=(0,0), pos=(936,-380)
34.4329 	DATA 	Mouse: wheel shift=(0,-1), pos=(937,-380)
34.4464 	DATA 	Mouse: wheel shift=(0,0), pos=(938,-380)
34.4596 	DATA 	Mouse: wheel shift=(0,0), pos=(939,-380)
34.4731 	DATA 	Mouse: wheel shift=(0,0), pos=(940,-380)
34.4862 	DATA 	Mouse: wheel shift=(0,0), pos=(942,-380)
34.4995 	DATA 	Mouse: wheel shift=(0,0), pos=(944,-380)
34.5178 	DATA 	Mouse: wheel shift=(0,-1), pos=(947,-380)
34.5394 	DATA 	Mouse: wheel shift=(0,0), pos=(949,-380)
34.5530 	DATA 	Mouse: wheel shift=(-1,0), pos=(953,-380)
34.5663 	DATA 	Mouse: wheel shift=(0,0), pos=(954,-379)
34.5845 	DATA 	Mouse: wheel shift=(0,0), pos=(955,-377)
34.6062 	DATA 	Mouse: wheel shift=(0,0), pos=(955,-374)
34.6197 	DATA 	Mouse: wheel shift=(0,-1), pos=(956,-361)
34.6329 	DATA 	Mouse: wheel shift=(0,0), pos=(600,-322)
34.6511 	DATA 	Mouse: wheel shift=(0,0), pos=(601,-315)
34.6729 	DATA 	Mouse: wheel shift=(0,0), pos=(603,-308)
34.6862 	DATA 	Mouse: wheel shift=(0,0), pos=(604,-295)
34.6996 	DATA 	Mouse: wheel shift=(0,0), pos=(604,-292)
34.7176 	DATA 	Mouse: wheel shift=(0,0), pos=(605,-287)
34.7395 	DATA 	Mouse: wheel shift=(0,0), pos=(605,-287)
34.7529 	DATA 	Mouse: wheel shift=(0,0), pos=(605,-286)
34.7663 	DATA 	Mouse: wheel shift=(0,0), pos=(605,-286)
34.7844 	DATA 	Mouse: wheel shift=(0,0), pos=(605,-286)
34.8196 	DATA 	Mouse: wheel shift=(0,0), pos=(603,-280)
34.8330 	DATA 	Mouse: wheel shift=(0,0), pos=(601,-277)
34.8510 	DATA 	Mouse: wheel shift=(0,0), pos=(597,-272)
34.8863 	DATA 	Mouse: wheel shift=(0,0), pos=(591,-265)
34.9529 	DATA 	Mouse: wheel shift=(0,0), pos=(590,-265)
34.9530 	DATA 	Mouse: wheel shift=(0,0), pos=(590,-265)
35.4730 	EXP 	Device response: <KeyPress from None: t=35.47171362500012, value=5, duration=None>
35.4750 	DATA 	Keypress: 5
35.4851 	EXP 	textbox_3: autoDraw = False
35.4851 	EXP 	slider_training: autoDraw = False
35.4851 	EXP 	textbox_2: autoDraw = True
35.5797 	EXP 	Device response: <KeyPress from None: t=35.47171362500012, value=5, duration=0.09803891699993983>
36.4739 	EXP 	New trial (rep=8, index=0): <Trial 8 (0 in rep 8) data={'thisN': 8, 'thisTrialN': 0, 'thisRepN': 8}>
36.4858 	EXP 	textbox_2: autoDraw = False
36.4858 	EXP 	fix: autoDraw = True
36.9851 	DEBUG 	TextBox2 loaded 1 chars with 0 blanks and 1 valid
36.9854 	DEBUG 	Uploading Texture Font fontname to graphics card
36.9886 	DEBUG 	Upload of Texture Font fontname complete
37.0017 	INFO 	Keyboard events cleared
37.0017 	EXP 	fix: autoDraw = False
37.0017 	EXP 	slider_training: markerPos = None
37.0017 	EXP 	slider_training: markerPos = None
37.0017 	EXP 	textbox_3: autoDraw = True
37.0017 	EXP 	slider_training: autoDraw = True
38.3996 	DATA 	Keypress: 7
38.4073 	EXP 	Device response: <KeyPress from None: t=38.39470016699943, value=7, duration=None>
38.4196 	EXP 	textbox_3: autoDraw = False
38.4196 	EXP 	slider_training: autoDraw = False
38.4196 	EXP 	textbox_2: autoDraw = True
38.5277 	EXP 	Device response: <KeyPress from None: t=38.39470016699943, value=7, duration=0.12001341600080195>
39.4089 	EXP 	New trial (rep=9, index=0): <Trial 9 (0 in rep 9) data={'thisN': 9, 'thisTrialN': 0, 'thisRepN': 9}>
39.4210 	EXP 	textbox_2: autoDraw = False
39.4210 	EXP 	fix: autoDraw = True
39.9390 	INFO 	Keyboard events cleared
39.9390 	EXP 	fix: autoDraw = False
39.9390 	EXP 	slider_training: markerPos = None
39.9390 	EXP 	slider_training: markerPos = None
39.9390 	EXP 	textbox_3: autoDraw = True
39.9390 	EXP 	slider_training: autoDraw = True
40.7015 	EXP 	Device response: <KeyPress from None: t=40.69371124999998, value=8, duration=None>
40.7033 	DATA 	Keypress: 8
40.7138 	EXP 	textbox_3: autoDraw = False
40.7138 	EXP 	slider_training: autoDraw = False
40.7138 	EXP 	textbox_2: autoDraw = True
40.8222 	EXP 	Device response: <KeyPress from None: t=40.69371124999998, value=8, duration=0.12402029199984099>
41.7036 	EXP 	New trial (rep=10, index=0): <Trial 10 (0 in rep 10) data={'thisN': 10, 'thisTrialN': 0, 'thisRepN': 10}>
41.7144 	EXP 	textbox_2: autoDraw = False
41.7144 	EXP 	fix: autoDraw = True
42.2264 	INFO 	Keyboard events cleared
42.2263 	EXP 	fix: autoDraw = False
42.2263 	EXP 	slider_training: markerPos = None
42.2263 	EXP 	slider_training: markerPos = None
42.2263 	EXP 	textbox_3: autoDraw = True
42.2263 	EXP 	slider_training: autoDraw = True
42.8488 	EXP 	Device response: <KeyPress from None: t=42.842719207999835, value=4, duration=None>
42.8507 	DATA 	Keypress: 4
42.8612 	EXP 	textbox_3: autoDraw = False
42.8612 	EXP 	slider_training: autoDraw = False
42.8612 	EXP 	textbox_2: autoDraw = True
43.0235 	EXP 	Device response: <KeyPress from None: t=42.842719207999835, value=4, duration=0.17302370899960806>
43.8506 	EXP 	New trial (rep=11, index=0): <Trial 11 (0 in rep 11) data={'thisN': 11, 'thisTrialN': 0, 'thisRepN': 11}>
43.8619 	EXP 	textbox_2: autoDraw = False
43.8619 	EXP 	fix: autoDraw = True
44.3771 	INFO 	Keyboard events cleared
44.3771 	EXP 	fix: autoDraw = False
44.3771 	EXP 	slider_training: markerPos = None
44.3771 	EXP 	slider_training: markerPos = None
44.3771 	EXP 	textbox_3: autoDraw = True
44.3771 	EXP 	slider_training: autoDraw = True
44.9226 	DATA 	Keypress: i
44.9298 	EXP 	Device response: <KeyPress from None: t=44.91970112499985, value=i, duration=None>
45.0497 	EXP 	Device response: <KeyPress from None: t=44.91970112499985, value=i, duration=0.12199574999976903>
47.8437 	DATA 	Keypress: 5
47.8508 	EXP 	Device response: <KeyPress from None: t=47.841677499999605, value=5, duration=None>
47.8631 	EXP 	textbox_3: autoDraw = False
47.8631 	EXP 	slider_training: autoDraw = False
47.8631 	EXP 	textbox_2: autoDraw = True
48.0117 	EXP 	Device response: <KeyPress from None: t=47.841677499999605, value=5, duration=0.15902812500007713>
48.8546 	EXP 	New trial (rep=12, index=0): <Trial 12 (0 in rep 12) data={'thisN': 12, 'thisTrialN': 0, 'thisRepN': 12}>
48.8641 	EXP 	textbox_2: autoDraw = False
48.8641 	EXP 	fix: autoDraw = True
49.3862 	INFO 	Keyboard events cleared
49.3861 	EXP 	fix: autoDraw = False
49.3861 	EXP 	slider_training: markerPos = None
49.3861 	EXP 	slider_training: markerPos = None
49.3861 	EXP 	textbox_3: autoDraw = True
49.3861 	EXP 	slider_training: autoDraw = True
50.8918 	EXP 	Device response: <KeyPress from None: t=50.88368870799968, value=3, duration=None>
50.8937 	DATA 	Keypress: 3
50.9042 	EXP 	textbox_3: autoDraw = False
50.9042 	EXP 	slider_training: autoDraw = False
50.9042 	EXP 	textbox_2: autoDraw = True
51.0529 	EXP 	Device response: <KeyPress from None: t=50.88368870799968, value=3, duration=0.1609995839999101>
51.8934 	EXP 	New trial (rep=13, index=0): <Trial 13 (0 in rep 13) data={'thisN': 13, 'thisTrialN': 0, 'thisRepN': 13}>
51.9056 	EXP 	textbox_2: autoDraw = False
51.9056 	EXP 	fix: autoDraw = True
52.4253 	INFO 	Keyboard events cleared
52.4253 	EXP 	fix: autoDraw = False
52.4253 	EXP 	slider_training: markerPos = None
52.4253 	EXP 	slider_training: markerPos = None
52.4253 	EXP 	textbox_3: autoDraw = True
52.4253 	EXP 	slider_training: autoDraw = True
53.9329 	EXP 	Device response: <KeyPress from None: t=53.926683624999896, value=i, duration=None>
53.9341 	DATA 	Keypress: i
54.0796 	EXP 	Device response: <KeyPress from None: t=53.926683624999896, value=i, duration=0.13997391700013395>
57.4265 	EXP 	textbox_3: autoDraw = False
57.4265 	EXP 	slider_training: autoDraw = False
57.4265 	EXP 	textbox_2: autoDraw = True
58.4179 	EXP 	New trial (rep=0, index=1): <Trial 1 (1 in rep 0) data={'train_diff': 'easy1', 'train_time': np.int64(5), 'thisN': 1, 'thisTrialN': 1, 'thisRepN': 0}>
58.4223 	EXP 	New trial (rep=0, index=0): <Trial 0 (0 in rep 0) data={'thisN': 0, 'thisTrialN': 0, 'thisRepN': 0}>
58.4273 	EXP 	textbox_2: autoDraw = False
58.4273 	EXP 	fix: autoDraw = True
58.9408 	INFO 	Keyboard events cleared
58.9408 	EXP 	fix: autoDraw = False
58.9408 	EXP 	slider_training: markerPos = None
58.9408 	EXP 	slider_training: markerPos = None
58.9408 	EXP 	textbox_3: autoDraw = True
58.9408 	EXP 	slider_training: autoDraw = True
59.9547 	DATA 	Keypress: 8
59.9620 	EXP 	Device response: <KeyPress from None: t=59.948661292, value=8, duration=None>
59.9741 	EXP 	textbox_3: autoDraw = False
59.9741 	EXP 	slider_training: autoDraw = False
59.9741 	EXP 	textbox_2: autoDraw = True
60.2171 	EXP 	Device response: <KeyPress from None: t=59.948661292, value=8, duration=0.26202429099976143>
60.9634 	EXP 	New trial (rep=1, index=0): <Trial 1 (0 in rep 1) data={'thisN': 1, 'thisTrialN': 0, 'thisRepN': 1}>
60.9751 	EXP 	textbox_2: autoDraw = False
60.9751 	EXP 	fix: autoDraw = True
61.4862 	INFO 	Keyboard events cleared
61.4862 	EXP 	fix: autoDraw = False
61.4862 	EXP 	slider_training: markerPos = None
61.4862 	EXP 	slider_training: markerPos = None
61.4862 	EXP 	textbox_3: autoDraw = True
61.4862 	EXP 	slider_training: autoDraw = True
62.3760 	EXP 	Device response: <KeyPress from None: t=62.36863770799937, value=4, duration=None>
62.3779 	DATA 	Keypress: 4
62.3884 	EXP 	textbox_3: autoDraw = False
62.3884 	EXP 	slider_training: autoDraw = False
62.3884 	EXP 	textbox_2: autoDraw = True
62.4969 	EXP 	Device response: <KeyPress from None: t=62.36863770799937, value=4, duration=0.11804470900005981>
63.3771 	EXP 	New trial (rep=2, index=0): <Trial 2 (0 in rep 2) data={'thisN': 2, 'thisTrialN': 0, 'thisRepN': 2}>
63.3889 	EXP 	textbox_2: autoDraw = False
63.3889 	EXP 	fix: autoDraw = True
63.9006 	INFO 	Keyboard events cleared
63.9006 	EXP 	fix: autoDraw = False
63.9006 	EXP 	slider_training: markerPos = None
63.9006 	EXP 	slider_training: markerPos = None
63.9006 	EXP 	textbox_3: autoDraw = True
63.9006 	EXP 	slider_training: autoDraw = True
65.3700 	DATA 	Keypress: 8
65.3772 	EXP 	Device response: <KeyPress from None: t=65.36664599999949, value=8, duration=None>
65.3895 	EXP 	textbox_3: autoDraw = False
65.3895 	EXP 	slider_training: autoDraw = False
65.3895 	EXP 	textbox_2: autoDraw = True
65.4843 	EXP 	Device response: <KeyPress from None: t=65.36664599999949, value=8, duration=0.11501475000022765>
66.3789 	EXP 	New trial (rep=3, index=0): <Trial 3 (0 in rep 3) data={'thisN': 3, 'thisTrialN': 0, 'thisRepN': 3}>
66.3901 	EXP 	textbox_2: autoDraw = False
66.3901 	EXP 	fix: autoDraw = True
66.9047 	INFO 	Keyboard events cleared
66.9047 	EXP 	fix: autoDraw = False
66.9047 	EXP 	slider_training: markerPos = None
66.9047 	EXP 	slider_training: markerPos = None
66.9047 	EXP 	textbox_3: autoDraw = True
66.9047 	EXP 	slider_training: autoDraw = True
68.5249 	EXP 	Device response: <KeyPress from None: t=68.52066479199948, value=3, duration=None>
68.5269 	DATA 	Keypress: 3
68.5373 	EXP 	textbox_3: autoDraw = False
68.5373 	EXP 	slider_training: autoDraw = False
68.5373 	EXP 	textbox_2: autoDraw = True
68.6859 	EXP 	Device response: <KeyPress from None: t=68.52066479199948, value=3, duration=0.15501075000065612>
69.5260 	EXP 	New trial (rep=4, index=0): <Trial 4 (0 in rep 4) data={'thisN': 4, 'thisTrialN': 0, 'thisRepN': 4}>
69.5379 	EXP 	textbox_2: autoDraw = False
69.5379 	EXP 	fix: autoDraw = True
70.0502 	INFO 	Keyboard events cleared
70.0501 	EXP 	fix: autoDraw = False
70.0501 	EXP 	slider_training: markerPos = None
70.0501 	EXP 	slider_training: markerPos = None
70.0501 	EXP 	textbox_3: autoDraw = True
70.0501 	EXP 	slider_training: autoDraw = True
71.3187 	DATA 	Keypress: 8
71.3260 	EXP 	Device response: <KeyPress from None: t=71.31462262500008, value=8, duration=None>
71.3383 	EXP 	textbox_3: autoDraw = False
71.3383 	EXP 	slider_training: autoDraw = False
71.3383 	EXP 	textbox_2: autoDraw = True
71.4604 	EXP 	Device response: <KeyPress from None: t=71.31462262500008, value=8, duration=0.1330185420001726>
72.3288 	EXP 	New trial (rep=5, index=0): <Trial 5 (0 in rep 5) data={'thisN': 5, 'thisTrialN': 0, 'thisRepN': 5}>
72.3393 	EXP 	textbox_2: autoDraw = False
72.3393 	EXP 	fix: autoDraw = True
72.8535 	INFO 	Keyboard events cleared
72.8534 	EXP 	fix: autoDraw = False
72.8534 	EXP 	slider_training: markerPos = None
72.8534 	EXP 	slider_training: markerPos = None
72.8534 	EXP 	textbox_3: autoDraw = True
72.8534 	EXP 	slider_training: autoDraw = True
74.6339 	EXP 	Device response: <KeyPress from None: t=74.62965354199969, value=7, duration=None>
74.6359 	DATA 	Keypress: 7
74.6462 	EXP 	textbox_3: autoDraw = False
74.6462 	EXP 	slider_training: autoDraw = False
74.6462 	EXP 	textbox_2: autoDraw = True
74.7547 	EXP 	Device response: <KeyPress from None: t=74.62965354199969, value=7, duration=0.11899575000006735>
75.6352 	EXP 	New trial (rep=6, index=0): <Trial 6 (0 in rep 6) data={'thisN': 6, 'thisTrialN': 0, 'thisRepN': 6}>
75.6468 	EXP 	textbox_2: autoDraw = False
75.6468 	EXP 	fix: autoDraw = True
76.1610 	INFO 	Keyboard events cleared
76.1610 	EXP 	fix: autoDraw = False
76.1610 	EXP 	slider_training: markerPos = None
76.1610 	EXP 	slider_training: markerPos = None
76.1610 	EXP 	textbox_3: autoDraw = True
76.1610 	EXP 	slider_training: autoDraw = True
77.5211 	DATA 	Keypress: 5
77.5283 	EXP 	Device response: <KeyPress from None: t=77.51760899999954, value=5, duration=None>
77.5406 	EXP 	textbox_3: autoDraw = False
77.5406 	EXP 	slider_training: autoDraw = False
77.5406 	EXP 	textbox_2: autoDraw = True
77.6356 	EXP 	Device response: <KeyPress from None: t=77.51760899999954, value=5, duration=0.11303241699988575>
78.5312 	EXP 	New trial (rep=7, index=0): <Trial 7 (0 in rep 7) data={'thisN': 7, 'thisTrialN': 0, 'thisRepN': 7}>
78.5416 	EXP 	textbox_2: autoDraw = False
78.5416 	EXP 	fix: autoDraw = True
79.0555 	INFO 	Keyboard events cleared
79.0555 	EXP 	fix: autoDraw = False
79.0555 	EXP 	slider_training: markerPos = None
79.0555 	EXP 	slider_training: markerPos = None
79.0555 	EXP 	textbox_3: autoDraw = True
79.0555 	EXP 	slider_training: autoDraw = True
80.6175 	DATA 	Keypress: 5
80.6230 	EXP 	Device response: <KeyPress from None: t=80.61260691699954, value=5, duration=None>
80.6350 	EXP 	textbox_3: autoDraw = False
80.6350 	EXP 	slider_training: autoDraw = False
80.6350 	EXP 	textbox_2: autoDraw = True
80.7165 	EXP 	Device response: <KeyPress from None: t=80.61260691699954, value=5, duration=0.09804329100006726>
81.6244 	EXP 	New trial (rep=8, index=0): <Trial 8 (0 in rep 8) data={'thisN': 8, 'thisTrialN': 0, 'thisRepN': 8}>
81.6356 	EXP 	textbox_2: autoDraw = False
81.6356 	EXP 	fix: autoDraw = True
82.1498 	INFO 	Keyboard events cleared
82.1498 	EXP 	fix: autoDraw = False
82.1498 	EXP 	slider_training: markerPos = None
82.1498 	EXP 	slider_training: markerPos = None
82.1498 	EXP 	textbox_3: autoDraw = True
82.1498 	EXP 	slider_training: autoDraw = True
83.6771 	EXP 	Device response: <KeyPress from None: t=83.67363208299957, value=1, duration=None>
83.6789 	DATA 	Keypress: 1
83.6894 	EXP 	textbox_3: autoDraw = False
83.6894 	EXP 	slider_training: autoDraw = False
83.6894 	EXP 	textbox_2: autoDraw = True
83.8248 	EXP 	Device response: <KeyPress from None: t=83.67363208299957, value=1, duration=0.13896416700026748>
84.6785 	EXP 	New trial (rep=9, index=0): <Trial 9 (0 in rep 9) data={'thisN': 9, 'thisTrialN': 0, 'thisRepN': 9}>
84.6900 	EXP 	textbox_2: autoDraw = False
84.6900 	EXP 	fix: autoDraw = True
85.2003 	INFO 	Keyboard events cleared
85.2002 	EXP 	fix: autoDraw = False
85.2002 	EXP 	slider_training: markerPos = None
85.2002 	EXP 	slider_training: markerPos = None
85.2002 	EXP 	textbox_3: autoDraw = True
85.2002 	EXP 	slider_training: autoDraw = True
87.0126 	EXP 	Device response: <KeyPress from None: t=87.00859408299948, value=6, duration=None>
87.0145 	DATA 	Keypress: 6
87.0240 	EXP 	textbox_3: autoDraw = False
87.0240 	EXP 	slider_training: autoDraw = False
87.0240 	EXP 	textbox_2: autoDraw = True
87.1191 	EXP 	Device response: <KeyPress from None: t=87.00859408299948, value=6, duration=0.10203491700031009>
88.0137 	EXP 	New trial (rep=10, index=0): <Trial 10 (0 in rep 10) data={'thisN': 10, 'thisTrialN': 0, 'thisRepN': 10}>
88.0253 	EXP 	textbox_2: autoDraw = False
88.0253 	EXP 	fix: autoDraw = True
88.5422 	INFO 	Keyboard events cleared
88.5422 	EXP 	fix: autoDraw = False
88.5422 	EXP 	slider_training: markerPos = None
88.5422 	EXP 	slider_training: markerPos = None
88.5422 	EXP 	textbox_3: autoDraw = True
88.5422 	EXP 	slider_training: autoDraw = True
90.5730 	EXP 	Device response: <KeyPress from None: t=90.57157337499939, value=1, duration=None>
90.5748 	DATA 	Keypress: 1
90.5853 	EXP 	textbox_3: autoDraw = False
90.5853 	EXP 	slider_training: autoDraw = False
90.5853 	EXP 	textbox_2: autoDraw = True
90.7071 	EXP 	Device response: <KeyPress from None: t=90.57157337499939, value=1, duration=0.12300425000012183>
91.5747 	EXP 	New trial (rep=11, index=0): <Trial 11 (0 in rep 11) data={'thisN': 11, 'thisTrialN': 0, 'thisRepN': 11}>
91.5860 	EXP 	textbox_2: autoDraw = False
91.5860 	EXP 	fix: autoDraw = True
92.1017 	INFO 	Keyboard events cleared
92.1016 	EXP 	fix: autoDraw = False
92.1016 	EXP 	slider_training: markerPos = None
92.1016 	EXP 	slider_training: markerPos = None
92.1016 	EXP 	textbox_3: autoDraw = True
92.1016 	EXP 	slider_training: autoDraw = True
94.2809 	EXP 	Device response: <KeyPress from None: t=94.27956545799952, value=3, duration=None>
94.2810 	EXP 	Device response: <KeyPress from None: t=94.27956545799952, value=2, duration=None>
94.2829 	DATA 	Keypress: 2
94.2834 	DATA 	Keypress: 3
94.2933 	EXP 	textbox_3: autoDraw = False
94.2933 	EXP 	slider_training: autoDraw = False
94.2933 	EXP 	textbox_2: autoDraw = True
94.4289 	EXP 	Device response: <KeyPress from None: t=94.27956545799952, value=2, duration=0.13598650000039925>
94.4555 	EXP 	Device response: <KeyPress from None: t=94.27956545799952, value=3, duration=0.16701245900003414>
95.2827 	EXP 	New trial (rep=12, index=0): <Trial 12 (0 in rep 12) data={'thisN': 12, 'thisTrialN': 0, 'thisRepN': 12}>
95.2939 	EXP 	textbox_2: autoDraw = False
95.2939 	EXP 	fix: autoDraw = True
95.8086 	INFO 	Keyboard events cleared
95.8086 	EXP 	fix: autoDraw = False
95.8086 	EXP 	slider_training: markerPos = None
95.8086 	EXP 	slider_training: markerPos = None
95.8086 	EXP 	textbox_3: autoDraw = True
95.8086 	EXP 	slider_training: autoDraw = True
96.8480 	DATA 	Keypress: 2
96.8553 	EXP 	Device response: <KeyPress from None: t=96.84154266699989, value=2, duration=None>
96.8676 	EXP 	textbox_3: autoDraw = False
96.8676 	EXP 	slider_training: autoDraw = False
96.8676 	EXP 	textbox_2: autoDraw = True
97.0030 	EXP 	Device response: <KeyPress from None: t=96.84154266699989, value=2, duration=0.15201820800029964>
97.8565 	EXP 	New trial (rep=13, index=0): <Trial 13 (0 in rep 13) data={'thisN': 13, 'thisTrialN': 0, 'thisRepN': 13}>
97.8685 	EXP 	textbox_2: autoDraw = False
97.8685 	EXP 	fix: autoDraw = True
98.3840 	INFO 	Keyboard events cleared
98.3840 	EXP 	fix: autoDraw = False
98.3840 	EXP 	slider_training: markerPos = None
98.3840 	EXP 	slider_training: markerPos = None
98.3840 	EXP 	textbox_3: autoDraw = True
98.3840 	EXP 	slider_training: autoDraw = True
99.4028 	EXP 	Device response: <KeyPress from None: t=99.39758445799998, value=5, duration=None>
99.4047 	DATA 	Keypress: 5
99.4152 	EXP 	textbox_3: autoDraw = False
99.4152 	EXP 	slider_training: autoDraw = False
99.4152 	EXP 	textbox_2: autoDraw = True
99.6046 	EXP 	Device response: <KeyPress from None: t=99.39758445799998, value=5, duration=0.19899925000026997>
100.4039 	EXP 	New trial (rep=14, index=0): <Trial 14 (0 in rep 14) data={'thisN': 14, 'thisTrialN': 0, 'thisRepN': 14}>
100.4157 	EXP 	textbox_2: autoDraw = False
100.4157 	EXP 	fix: autoDraw = True
100.9300 	INFO 	Keyboard events cleared
100.9299 	EXP 	fix: autoDraw = False
100.9299 	EXP 	slider_training: markerPos = None
100.9299 	EXP 	slider_training: markerPos = None
100.9299 	EXP 	textbox_3: autoDraw = True
100.9299 	EXP 	slider_training: autoDraw = True
101.8970 	EXP 	Device response: <KeyPress from None: t=101.89157066699954, value=5, duration=None>
101.8988 	DATA 	Keypress: 5
101.9094 	EXP 	textbox_3: autoDraw = False
101.9094 	EXP 	slider_training: autoDraw = False
101.9094 	EXP 	textbox_2: autoDraw = True
102.0312 	EXP 	Device response: <KeyPress from None: t=101.89157066699954, value=5, duration=0.1350047910000285>
102.8987 	EXP 	New trial (rep=15, index=0): <Trial 15 (0 in rep 15) data={'thisN': 15, 'thisTrialN': 0, 'thisRepN': 15}>
102.9103 	EXP 	textbox_2: autoDraw = False
102.9103 	EXP 	fix: autoDraw = True
103.4238 	INFO 	Keyboard events cleared
103.4237 	EXP 	fix: autoDraw = False
103.4237 	EXP 	slider_training: markerPos = None
103.4237 	EXP 	slider_training: markerPos = None
103.4237 	EXP 	textbox_3: autoDraw = True
103.4237 	EXP 	slider_training: autoDraw = True
104.5309 	DATA 	Keypress: 4
104.5382 	EXP 	Device response: <KeyPress from None: t=104.52551858300012, value=4, duration=None>
104.5504 	EXP 	textbox_3: autoDraw = False
104.5504 	EXP 	slider_training: autoDraw = False
104.5504 	EXP 	textbox_2: autoDraw = True
104.6454 	EXP 	Device response: <KeyPress from None: t=104.52551858300012, value=4, duration=0.11404958399998577>
105.3011 	DATA 	Mouse: wheel shift=(0,0), pos=(268,225)
105.3275 	DATA 	Mouse: wheel shift=(0,0), pos=(268,225)
105.3410 	DATA 	Mouse: wheel shift=(0,0), pos=(268,225)
105.3674 	DATA 	Mouse: wheel shift=(0,0), pos=(268,225)
105.3808 	DATA 	Mouse: wheel shift=(0,0), pos=(268,225)
105.3940 	DATA 	Mouse: wheel shift=(0,0), pos=(268,225)
105.4074 	DATA 	Mouse: wheel shift=(0,0), pos=(268,225)
105.4211 	DATA 	Mouse: wheel shift=(0,1), pos=(268,225)
105.4341 	DATA 	Mouse: wheel shift=(0,0), pos=(268,225)
105.4478 	DATA 	Mouse: wheel shift=(0,0), pos=(268,225)
105.4616 	DATA 	Mouse: wheel shift=(0,0), pos=(268,225)
105.4743 	DATA 	Mouse: wheel shift=(0,0), pos=(268,225)
105.5394 	EXP 	New trial (rep=16, index=0): <Trial 16 (0 in rep 16) data={'thisN': 16, 'thisTrialN': 0, 'thisRepN': 16}>
105.5510 	EXP 	textbox_2: autoDraw = False
105.5510 	EXP 	fix: autoDraw = True
106.0657 	INFO 	Keyboard events cleared
106.0657 	EXP 	fix: autoDraw = False
106.0657 	EXP 	slider_training: markerPos = None
106.0657 	EXP 	slider_training: markerPos = None
106.0657 	EXP 	textbox_3: autoDraw = True
106.0657 	EXP 	slider_training: autoDraw = True
107.0724 	EXP 	Device response: <KeyPress from None: t=107.06555308299994, value=4, duration=None>
107.0744 	DATA 	Keypress: 4
107.0846 	EXP 	textbox_3: autoDraw = False
107.0846 	EXP 	slider_training: autoDraw = False
107.0846 	EXP 	textbox_2: autoDraw = True
107.2339 	EXP 	Device response: <KeyPress from None: t=107.06555308299994, value=4, duration=0.15800924999985>
108.0740 	EXP 	New trial (rep=17, index=0): <Trial 17 (0 in rep 17) data={'thisN': 17, 'thisTrialN': 0, 'thisRepN': 17}>
108.0861 	EXP 	textbox_2: autoDraw = False
108.0861 	EXP 	fix: autoDraw = True
108.6032 	INFO 	Keyboard events cleared
108.6032 	EXP 	fix: autoDraw = False
108.6032 	EXP 	slider_training: markerPos = None
108.6032 	EXP 	slider_training: markerPos = None
108.6032 	EXP 	textbox_3: autoDraw = True
108.6032 	EXP 	slider_training: autoDraw = True
110.5669 	EXP 	Device response: <KeyPress from None: t=110.56552204199943, value=3, duration=None>
110.5688 	DATA 	Keypress: 3
110.5792 	EXP 	textbox_3: autoDraw = False
110.5792 	EXP 	slider_training: autoDraw = False
110.5792 	EXP 	textbox_2: autoDraw = True
110.6877 	EXP 	Device response: <KeyPress from None: t=110.56552204199943, value=3, duration=0.11701962500046648>
111.5686 	EXP 	New trial (rep=18, index=0): <Trial 18 (0 in rep 18) data={'thisN': 18, 'thisTrialN': 0, 'thisRepN': 18}>
111.5807 	EXP 	textbox_2: autoDraw = False
111.5807 	EXP 	fix: autoDraw = True
112.0938 	INFO 	Keyboard events cleared
112.0937 	EXP 	fix: autoDraw = False
112.0937 	EXP 	slider_training: markerPos = None
112.0937 	EXP 	slider_training: markerPos = None
112.0937 	EXP 	textbox_3: autoDraw = True
112.0937 	EXP 	slider_training: autoDraw = True
113.7210 	DATA 	Keypress: 3
113.7281 	EXP 	Device response: <KeyPress from None: t=113.71650783299992, value=3, duration=None>
113.7404 	EXP 	textbox_3: autoDraw = False
113.7404 	EXP 	slider_training: autoDraw = False
113.7404 	EXP 	textbox_2: autoDraw = True
113.8758 	EXP 	Device response: <KeyPress from None: t=113.71650783299992, value=3, duration=0.1569939169994541>
114.7308 	EXP 	New trial (rep=19, index=0): <Trial 19 (0 in rep 19) data={'thisN': 19, 'thisTrialN': 0, 'thisRepN': 19}>
114.7413 	EXP 	textbox_2: autoDraw = False
114.7413 	EXP 	fix: autoDraw = True
115.2569 	INFO 	Keyboard events cleared
115.2568 	EXP 	fix: autoDraw = False
115.2568 	EXP 	slider_training: markerPos = None
115.2568 	EXP 	slider_training: markerPos = None
115.2568 	EXP 	textbox_3: autoDraw = True
115.2568 	EXP 	slider_training: autoDraw = True
116.5024 	EXP 	Device response: <KeyPress from None: t=116.4955485419996, value=0, duration=None>
116.5046 	DATA 	Keypress: 0
116.5147 	EXP 	textbox_3: autoDraw = False
116.5147 	EXP 	slider_training: autoDraw = False
116.5147 	EXP 	textbox_2: autoDraw = True
116.6502 	EXP 	Device response: <KeyPress from None: t=116.4955485419996, value=0, duration=0.1529682500004128>
117.5060 	EXP 	New trial (rep=20, index=0): <Trial 20 (0 in rep 20) data={'thisN': 20, 'thisTrialN': 0, 'thisRepN': 20}>
117.5159 	EXP 	textbox_2: autoDraw = False
117.5159 	EXP 	fix: autoDraw = True
118.0299 	INFO 	Keyboard events cleared
118.0298 	EXP 	fix: autoDraw = False
118.0298 	EXP 	slider_training: markerPos = None
118.0298 	EXP 	slider_training: markerPos = None
118.0298 	EXP 	textbox_3: autoDraw = True
118.0298 	EXP 	slider_training: autoDraw = True
119.2698 	DATA 	Keypress: 8
119.2769 	EXP 	Device response: <KeyPress from None: t=119.26447712499976, value=8, duration=None>
119.2891 	EXP 	textbox_3: autoDraw = False
119.2891 	EXP 	slider_training: autoDraw = False
119.2891 	EXP 	textbox_2: autoDraw = True
119.3707 	EXP 	Device response: <KeyPress from None: t=119.26447712499976, value=8, duration=0.10205383300035464>
120.2802 	EXP 	New trial (rep=21, index=0): <Trial 21 (0 in rep 21) data={'thisN': 21, 'thisTrialN': 0, 'thisRepN': 21}>
120.2901 	EXP 	textbox_2: autoDraw = False
120.2901 	EXP 	fix: autoDraw = True
120.8037 	INFO 	Keyboard events cleared
120.8036 	EXP 	fix: autoDraw = False
120.8036 	EXP 	slider_training: markerPos = None
120.8036 	EXP 	slider_training: markerPos = None
120.8036 	EXP 	textbox_3: autoDraw = True
120.8036 	EXP 	slider_training: autoDraw = True
125.8115 	EXP 	textbox_3: autoDraw = False
125.8115 	EXP 	slider_training: autoDraw = False
125.8115 	EXP 	textbox_2: autoDraw = True
126.8047 	EXP 	New trial (rep=0, index=2): <Trial 2 (2 in rep 0) data={'train_diff': 'med2', 'train_time': np.int64(5), 'thisN': 2, 'thisTrialN': 2, 'thisRepN': 0}>
126.8097 	EXP 	New trial (rep=0, index=0): <Trial 0 (0 in rep 0) data={'thisN': 0, 'thisTrialN': 0, 'thisRepN': 0}>
126.8121 	EXP 	textbox_2: autoDraw = False
126.8121 	EXP 	fix: autoDraw = True
127.3285 	INFO 	Keyboard events cleared
127.3285 	EXP 	fix: autoDraw = False
127.3285 	EXP 	slider_training: markerPos = None
127.3285 	EXP 	slider_training: markerPos = None
127.3285 	EXP 	textbox_3: autoDraw = True
127.3285 	EXP 	slider_training: autoDraw = True
129.5133 	DATA 	Keypress: 6
129.5206 	EXP 	Device response: <KeyPress from None: t=129.51045824999983, value=6, duration=None>
129.5328 	EXP 	textbox_3: autoDraw = False
129.5328 	EXP 	slider_training: autoDraw = False
129.5328 	EXP 	textbox_2: autoDraw = True
129.6142 	EXP 	Device response: <KeyPress from None: t=129.51045824999983, value=6, duration=0.09902470799988805>
130.5215 	EXP 	New trial (rep=1, index=0): <Trial 1 (0 in rep 1) data={'thisN': 1, 'thisTrialN': 0, 'thisRepN': 1}>
130.5334 	EXP 	textbox_2: autoDraw = False
130.5334 	EXP 	fix: autoDraw = True
131.0469 	INFO 	Keyboard events cleared
131.0469 	EXP 	fix: autoDraw = False
131.0469 	EXP 	slider_training: markerPos = None
131.0469 	EXP 	slider_training: markerPos = None
131.0469 	EXP 	textbox_3: autoDraw = True
131.0469 	EXP 	slider_training: autoDraw = True
131.3886 	DATA 	Mouse: wheel shift=(0,0), pos=(440,235)
131.4023 	DATA 	Mouse: wheel shift=(0,0), pos=(440,235)
131.4153 	DATA 	Mouse: wheel shift=(0,0), pos=(440,235)
131.4286 	DATA 	Mouse: wheel shift=(0,0), pos=(440,235)
131.4417 	DATA 	Mouse: wheel shift=(0,0), pos=(440,235)
131.4552 	DATA 	Mouse: wheel shift=(0,0), pos=(440,235)
131.4683 	DATA 	Mouse: wheel shift=(0,0), pos=(440,235)
131.4819 	DATA 	Mouse: wheel shift=(0,0), pos=(440,235)
131.4951 	DATA 	Mouse: wheel shift=(0,0), pos=(440,235)
131.5085 	DATA 	Mouse: wheel shift=(0,0), pos=(440,235)
131.5218 	DATA 	Mouse: wheel shift=(0,0), pos=(440,235)
131.5352 	DATA 	Mouse: wheel shift=(0,0), pos=(440,235)
131.5485 	DATA 	Mouse: wheel shift=(0,0), pos=(440,235)
131.8546 	EXP 	Device response: <KeyPress from None: t=131.85344270799942, value=5, duration=None>
131.8567 	DATA 	Keypress: 5
131.8670 	EXP 	textbox_3: autoDraw = False
131.8670 	EXP 	slider_training: autoDraw = False
131.8670 	EXP 	textbox_2: autoDraw = True
131.8814 	EXP 	Device response: <KeyPress from None: t=131.86948879200008, value=4, duration=None>
131.8826 	DATA 	Keypress: 4
131.9350 	EXP 	Device response: <KeyPress from None: t=131.85344270799942, value=5, duration=0.07705150000037975>
131.9351 	EXP 	Device response: <KeyPress from None: t=131.86948879200008, value=4, duration=0.061005415999716206>
132.8566 	EXP 	New trial (rep=2, index=0): <Trial 2 (0 in rep 2) data={'thisN': 2, 'thisTrialN': 0, 'thisRepN': 2}>
132.8676 	EXP 	textbox_2: autoDraw = False
132.8676 	EXP 	fix: autoDraw = True
133.3828 	INFO 	Keyboard events cleared
133.3828 	EXP 	fix: autoDraw = False
133.3828 	EXP 	slider_training: markerPos = None
133.3828 	EXP 	slider_training: markerPos = None
133.3828 	EXP 	textbox_3: autoDraw = True
133.3828 	EXP 	slider_training: autoDraw = True
133.5627 	DATA 	Mouse: wheel shift=(0,0), pos=(440,235)
133.8687 	EXP 	Device response: <KeyPress from None: t=133.86649879200013, value=8, duration=None>
133.8705 	DATA 	Keypress: 8
133.8810 	EXP 	textbox_3: autoDraw = False
133.8810 	EXP 	slider_training: autoDraw = False
133.8810 	EXP 	textbox_2: autoDraw = True
133.9762 	EXP 	Device response: <KeyPress from None: t=133.86649879200013, value=8, duration=0.09696050000002288>
134.8705 	EXP 	New trial (rep=3, index=0): <Trial 3 (0 in rep 3) data={'thisN': 3, 'thisTrialN': 0, 'thisRepN': 3}>
134.8817 	EXP 	textbox_2: autoDraw = False
134.8817 	EXP 	fix: autoDraw = True
135.4058 	INFO 	Keyboard events cleared
135.4057 	EXP 	fix: autoDraw = False
135.4057 	EXP 	slider_training: markerPos = None
135.4057 	EXP 	slider_training: markerPos = None
135.4057 	EXP 	textbox_3: autoDraw = True
135.4057 	EXP 	slider_training: autoDraw = True
135.9693 	DATA 	Keypress: 5
135.9762 	EXP 	Device response: <KeyPress from None: t=135.963431958, value=5, duration=None>
135.9885 	EXP 	textbox_3: autoDraw = False
135.9885 	EXP 	slider_training: autoDraw = False
135.9885 	EXP 	textbox_2: autoDraw = True
136.1239 	EXP 	Device response: <KeyPress from None: t=135.963431958, value=5, duration=0.15903058399999281>
136.9779 	EXP 	New trial (rep=4, index=0): <Trial 4 (0 in rep 4) data={'thisN': 4, 'thisTrialN': 0, 'thisRepN': 4}>
136.9900 	EXP 	textbox_2: autoDraw = False
136.9900 	EXP 	fix: autoDraw = True
137.5043 	INFO 	Keyboard events cleared
137.5042 	EXP 	fix: autoDraw = False
137.5042 	EXP 	slider_training: markerPos = None
137.5042 	EXP 	slider_training: markerPos = None
137.5042 	EXP 	textbox_3: autoDraw = True
137.5042 	EXP 	slider_training: autoDraw = True
137.8835 	EXP 	Device response: <KeyPress from None: t=137.87544179199995, value=3, duration=None>
137.8853 	DATA 	Keypress: 3
137.8958 	EXP 	textbox_3: autoDraw = False
137.8958 	EXP 	slider_training: autoDraw = False
137.8958 	EXP 	textbox_2: autoDraw = True
137.9911 	EXP 	Device response: <KeyPress from None: t=137.87544179199995, value=3, duration=0.1130281659998218>
138.8852 	EXP 	New trial (rep=5, index=0): <Trial 5 (0 in rep 5) data={'thisN': 5, 'thisTrialN': 0, 'thisRepN': 5}>
138.8965 	EXP 	textbox_2: autoDraw = False
138.8965 	EXP 	fix: autoDraw = True
139.4111 	INFO 	Keyboard events cleared
139.4110 	EXP 	fix: autoDraw = False
139.4110 	EXP 	slider_training: markerPos = None
139.4110 	EXP 	slider_training: markerPos = None
139.4110 	EXP 	textbox_3: autoDraw = True
139.4110 	EXP 	slider_training: autoDraw = True
139.9509 	EXP 	Device response: <KeyPress from None: t=139.9464780419994, value=8, duration=None>
139.9527 	DATA 	Keypress: 8
139.9633 	EXP 	textbox_3: autoDraw = False
139.9633 	EXP 	slider_training: autoDraw = False
139.9633 	EXP 	textbox_2: autoDraw = True
140.0851 	EXP 	Device response: <KeyPress from None: t=139.9464780419994, value=8, duration=0.13598662500044156>
140.9537 	EXP 	New trial (rep=6, index=0): <Trial 6 (0 in rep 6) data={'thisN': 6, 'thisTrialN': 0, 'thisRepN': 6}>
140.9639 	EXP 	textbox_2: autoDraw = False
140.9639 	EXP 	fix: autoDraw = True
141.4792 	INFO 	Keyboard events cleared
141.4792 	EXP 	fix: autoDraw = False
141.4792 	EXP 	slider_training: markerPos = None
141.4792 	EXP 	slider_training: markerPos = None
141.4792 	EXP 	textbox_3: autoDraw = True
141.4792 	EXP 	slider_training: autoDraw = True
141.9783 	EXP 	Device response: <KeyPress from None: t=141.9704355419999, value=5, duration=None>
141.9801 	DATA 	Keypress: 5
141.9906 	EXP 	textbox_3: autoDraw = False
141.9906 	EXP 	slider_training: autoDraw = False
141.9906 	EXP 	textbox_2: autoDraw = True
142.1528 	EXP 	Device response: <KeyPress from None: t=141.9704355419999, value=5, duration=0.17503287499948783>
142.9800 	EXP 	New trial (rep=7, index=0): <Trial 7 (0 in rep 7) data={'thisN': 7, 'thisTrialN': 0, 'thisRepN': 7}>
142.9914 	EXP 	textbox_2: autoDraw = False
142.9914 	EXP 	fix: autoDraw = True
143.5045 	INFO 	Keyboard events cleared
143.5045 	EXP 	fix: autoDraw = False
143.5045 	EXP 	slider_training: markerPos = None
143.5045 	EXP 	slider_training: markerPos = None
143.5045 	EXP 	textbox_3: autoDraw = True
143.5045 	EXP 	slider_training: autoDraw = True
143.9053 	DATA 	Keypress: 9
143.9124 	EXP 	Device response: <KeyPress from None: t=143.89942141699976, value=9, duration=None>
143.9247 	EXP 	textbox_3: autoDraw = False
143.9247 	EXP 	slider_training: autoDraw = False
143.9247 	EXP 	textbox_2: autoDraw = True
144.0464 	EXP 	Device response: <KeyPress from None: t=143.89942141699976, value=9, duration=0.1350417909998214>
144.9155 	EXP 	New trial (rep=8, index=0): <Trial 8 (0 in rep 8) data={'thisN': 8, 'thisTrialN': 0, 'thisRepN': 8}>
144.9256 	EXP 	textbox_2: autoDraw = False
144.9256 	EXP 	fix: autoDraw = True
145.4413 	INFO 	Keyboard events cleared
145.4412 	EXP 	fix: autoDraw = False
145.4412 	EXP 	slider_training: markerPos = None
145.4412 	EXP 	slider_training: markerPos = None
145.4412 	EXP 	textbox_3: autoDraw = True
145.4412 	EXP 	slider_training: autoDraw = True
145.8394 	DATA 	Keypress: 4
145.8465 	EXP 	Device response: <KeyPress from None: t=145.8344093329997, value=4, duration=None>
145.8588 	EXP 	textbox_3: autoDraw = False
145.8588 	EXP 	slider_training: autoDraw = False
145.8588 	EXP 	textbox_2: autoDraw = True
145.9809 	EXP 	Device response: <KeyPress from None: t=145.8344093329997, value=4, duration=0.13805066700024327>
146.8480 	EXP 	New trial (rep=9, index=0): <Trial 9 (0 in rep 9) data={'thisN': 9, 'thisTrialN': 0, 'thisRepN': 9}>
146.8593 	EXP 	textbox_2: autoDraw = False
146.8593 	EXP 	fix: autoDraw = True
147.3736 	INFO 	Keyboard events cleared
147.3736 	EXP 	fix: autoDraw = False
147.3736 	EXP 	slider_training: markerPos = None
147.3736 	EXP 	slider_training: markerPos = None
147.3736 	EXP 	textbox_3: autoDraw = True
147.3736 	EXP 	slider_training: autoDraw = True
147.7404 	EXP 	Device response: <KeyPress from None: t=147.7364459999999, value=3, duration=None>
147.7423 	DATA 	Keypress: 3
147.7527 	EXP 	textbox_3: autoDraw = False
147.7527 	EXP 	slider_training: autoDraw = False
147.7527 	EXP 	textbox_2: autoDraw = True
147.9425 	EXP 	Device response: <KeyPress from None: t=147.7364459999999, value=3, duration=0.19800991699958104>
148.7434 	EXP 	New trial (rep=10, index=0): <Trial 10 (0 in rep 10) data={'thisN': 10, 'thisTrialN': 0, 'thisRepN': 10}>
148.7538 	EXP 	textbox_2: autoDraw = False
148.7538 	EXP 	fix: autoDraw = True
149.2689 	INFO 	Keyboard events cleared
149.2689 	EXP 	fix: autoDraw = False
149.2689 	EXP 	slider_training: markerPos = None
149.2689 	EXP 	slider_training: markerPos = None
149.2689 	EXP 	textbox_3: autoDraw = True
149.2689 	EXP 	slider_training: autoDraw = True
149.7144 	EXP 	Device response: <KeyPress from None: t=149.70640883299984, value=8, duration=None>
149.7162 	DATA 	Keypress: 8
149.7268 	EXP 	textbox_3: autoDraw = False
149.7268 	EXP 	slider_training: autoDraw = False
149.7268 	EXP 	textbox_2: autoDraw = True
149.8893 	EXP 	Device response: <KeyPress from None: t=149.70640883299984, value=8, duration=0.1820194169995375>
150.7165 	EXP 	New trial (rep=11, index=0): <Trial 11 (0 in rep 11) data={'thisN': 11, 'thisTrialN': 0, 'thisRepN': 11}>
150.7275 	EXP 	textbox_2: autoDraw = False
150.7275 	EXP 	fix: autoDraw = True
151.2457 	INFO 	Keyboard events cleared
151.2456 	EXP 	fix: autoDraw = False
151.2456 	EXP 	slider_training: markerPos = None
151.2456 	EXP 	slider_training: markerPos = None
151.2456 	EXP 	textbox_3: autoDraw = True
151.2456 	EXP 	slider_training: autoDraw = True
151.8679 	DATA 	Keypress: 9
151.8753 	EXP 	Device response: <KeyPress from None: t=151.86339070800022, value=9, duration=None>
151.8876 	EXP 	textbox_3: autoDraw = False
151.8876 	EXP 	slider_training: autoDraw = False
151.8876 	EXP 	textbox_2: autoDraw = True
152.0096 	EXP 	Device response: <KeyPress from None: t=151.86339070800022, value=9, duration=0.13405683399923873>
152.8770 	EXP 	New trial (rep=12, index=0): <Trial 12 (0 in rep 12) data={'thisN': 12, 'thisTrialN': 0, 'thisRepN': 12}>
152.8883 	EXP 	textbox_2: autoDraw = False
152.8883 	EXP 	fix: autoDraw = True
153.4075 	INFO 	Keyboard events cleared
153.4074 	EXP 	fix: autoDraw = False
153.4074 	EXP 	slider_training: markerPos = None
153.4074 	EXP 	slider_training: markerPos = None
153.4074 	EXP 	textbox_3: autoDraw = True
153.4074 	EXP 	slider_training: autoDraw = True
153.7826 	EXP 	Device response: <KeyPress from None: t=153.78139416700014, value=6, duration=None>
153.7843 	DATA 	Keypress: 6
153.7949 	EXP 	textbox_3: autoDraw = False
153.7949 	EXP 	slider_training: autoDraw = False
153.7949 	EXP 	textbox_2: autoDraw = True
153.9436 	EXP 	Device response: <KeyPress from None: t=153.78139416700014, value=6, duration=0.15603941599965765>
154.7840 	EXP 	New trial (rep=13, index=0): <Trial 13 (0 in rep 13) data={'thisN': 13, 'thisTrialN': 0, 'thisRepN': 13}>
154.7956 	EXP 	textbox_2: autoDraw = False
154.7956 	EXP 	fix: autoDraw = True
155.3141 	INFO 	Keyboard events cleared
155.3141 	EXP 	fix: autoDraw = False
155.3141 	EXP 	slider_training: markerPos = None
155.3141 	EXP 	slider_training: markerPos = None
155.3141 	EXP 	textbox_3: autoDraw = True
155.3141 	EXP 	slider_training: autoDraw = True
160.3173 	EXP 	textbox_3: autoDraw = False
160.3173 	EXP 	slider_training: autoDraw = False
160.3173 	EXP 	textbox_2: autoDraw = True
161.3087 	EXP 	New trial (rep=0, index=3): <Trial 3 (3 in rep 0) data={'train_diff': 'easy2', 'train_time': np.int64(5), 'thisN': 3, 'thisTrialN': 3, 'thisRepN': 0}>
161.3135 	EXP 	New trial (rep=0, index=0): <Trial 0 (0 in rep 0) data={'thisN': 0, 'thisTrialN': 0, 'thisRepN': 0}>
161.3171 	EXP 	textbox_2: autoDraw = False
161.3171 	EXP 	fix: autoDraw = True
161.8309 	INFO 	Keyboard events cleared
161.8309 	EXP 	fix: autoDraw = False
161.8309 	EXP 	slider_training: markerPos = None
161.8309 	EXP 	slider_training: markerPos = None
161.8309 	EXP 	textbox_3: autoDraw = True
161.8309 	EXP 	slider_training: autoDraw = True
166.8397 	EXP 	textbox_3: autoDraw = False
166.8397 	EXP 	slider_training: autoDraw = False
166.8397 	EXP 	textbox_2: autoDraw = True
167.8326 	EXP 	New trial (rep=0, index=4): <Trial 4 (4 in rep 0) data={'train_diff': 'med1', 'train_time': np.int64(5), 'thisN': 4, 'thisTrialN': 4, 'thisRepN': 0}>
167.8372 	EXP 	New trial (rep=0, index=0): <Trial 0 (0 in rep 0) data={'thisN': 0, 'thisTrialN': 0, 'thisRepN': 0}>
167.8401 	EXP 	textbox_2: autoDraw = False
167.8401 	EXP 	fix: autoDraw = True
168.3541 	INFO 	Keyboard events cleared
168.3541 	EXP 	fix: autoDraw = False
168.3541 	EXP 	slider_training: markerPos = None
168.3541 	EXP 	slider_training: markerPos = None
168.3541 	EXP 	textbox_3: autoDraw = True
168.3541 	EXP 	slider_training: autoDraw = True
173.3621 	EXP 	textbox_3: autoDraw = False
173.3621 	EXP 	slider_training: autoDraw = False
173.3621 	EXP 	textbox_2: autoDraw = True
174.3610 	DEBUG 	Read excel file with openpyxl: experiment_difficulty.xlsx
174.3613 	EXP 	Imported experiment_difficulty.xlsx as conditions, 5 conditions, 2 params
174.3616 	EXP 	New trial (rep=0, index=0): <Trial 0 (0 in rep 0) data={'exp_diff': 'easy1', 'exp_time': 5, 'thisN': 0, 'thisTrialN': 0, 'thisRepN': 0}>
174.3618 	EXP 	New trial (rep=0, index=0): <Trial 0 (0 in rep 0) data={'thisN': 0, 'thisTrialN': 0, 'thisRepN': 0}>
174.3644 	EXP 	textbox_2: autoDraw = False
174.3644 	EXP 	fix: autoDraw = True
174.8882 	DEBUG 	Saving data for misty_module ExperimentHandler
174.8899 	INFO 	saved data to /Users/hackerman/misty_py/data/pilot_misty_module_2026-01-30_18h09.12.003.psydat
174.8960 	INFO 	saved data to '/Users/hackerman/misty_py/data/pilot_misty_module_2026-01-30_18h09.12.003.csv'
174.8968 	WARNING 	Stopping key buffers but this could be dangerous ifother keyboards rely on the same.
