3.6907 	DEBUG 	Fullscreen settings ignored as running in pilot mode.
3.6923 	INFO 	Loaded monitor calibration from ['2025_12_08 16:52']
4.0328 	INFO 	Using renderer 'NVIDIA GeForce GTX 1660/PCIe/SSE2' for graphics
4.0328 	INFO 	OpenGL version supported by driver is 4..
4.0391 	EXP 	Created window1 = Window(allowGUI=False, allowStencil=True, autoLog=True, backendConf=UNKNOWN, backgroundFit=<method-wrapper '__getattribute__' of attributeSetter object at 0x79644ee34460>, backgroundImage=<method-wrapper '__getattribute__' of attributeSetter object at 0x79644ee34400>, bitsMode=UNKNOWN, blendMode='avg', bpc=(8, 8, 8), color=array([0, 0, 0]), colorSpace='rgb', depthBits=8, fullscr=False, gamma=None, gammaErrorPolicy='raise', infoMsg=UNKNOWN, lms=UNKNOWN, monitor=<psychopy.monitors.calibTools.Monitor object at 0x79644eef6620>, multiSample=False, name='window1', numSamples=2, pos=[np.float64(560.0), np.float64(240.0)], screen=0, size=array([800, 600]), stencilBits=8, stereo=False, title='PsychoPy', units='height', useFBO=True, useRetina=False, viewOri=0.0, viewPos=None, viewScale=None, waitBlanking=True, winType='pyglet')
4.0392 	EXP 	window1: backgroundImage = ''
4.0392 	EXP 	window1: backgroundFit = 'none'
4.0504 	DEBUG 	TextBox2 loaded 1 chars with 0 blanks and 1 valid
4.0519 	DEBUG 	TextBox2 loaded 1 chars with 0 blanks and 1 valid
4.0534 	DEBUG 	TextBox2 loaded 1 chars with 0 blanks and 1 valid
4.0551 	DEBUG 	TextBox2 loaded 1 chars with 0 blanks and 1 valid
4.0568 	DEBUG 	TextBox2 loaded 1 chars with 0 blanks and 1 valid
4.0579 	DEBUG 	TextBox2 loaded 1 chars with 0 blanks and 1 valid
4.0594 	DEBUG 	TextBox2 loaded 1 chars with 0 blanks and 1 valid
4.0611 	DEBUG 	TextBox2 loaded 1 chars with 0 blanks and 1 valid
4.0620 	DEBUG 	TextBox2 loaded 1 chars with 0 blanks and 1 valid
4.0630 	DEBUG 	TextBox2 loaded 1 chars with 0 blanks and 1 valid
4.0645 	DEBUG 	TextBox2 loaded 1 chars with 0 blanks and 1 valid
4.0659 	DEBUG 	TextBox2 loaded 1 chars with 0 blanks and 1 valid
4.0673 	DEBUG 	TextBox2 loaded 1 chars with 0 blanks and 1 valid
4.0688 	DEBUG 	TextBox2 loaded 1 chars with 0 blanks and 1 valid
4.0702 	DEBUG 	TextBox2 loaded 1 chars with 0 blanks and 1 valid
4.0718 	DEBUG 	TextBox2 loaded 1 chars with 0 blanks and 1 valid
4.0733 	DEBUG 	TextBox2 loaded 1 chars with 0 blanks and 1 valid
4.0744 	DEBUG 	TextBox2 loaded 1 chars with 0 blanks and 1 valid
4.0755 	DEBUG 	TextBox2 loaded 1 chars with 0 blanks and 1 valid
4.0773 	DEBUG 	TextBox2 loaded 1 chars with 0 blanks and 1 valid
4.0784 	DEBUG 	TextBox2 loaded 1 chars with 0 blanks and 1 valid
4.0787 	DEBUG 	Uploading Texture Font fontname to graphics card
4.0855 	DEBUG 	Upload of Texture Font fontname complete
4.0956 	DEBUG 	TextBox2 loaded 1 chars with 0 blanks and 1 valid
4.0974 	DEBUG 	TextBox2 loaded 1 chars with 0 blanks and 1 valid
4.0991 	DEBUG 	TextBox2 loaded 1 chars with 0 blanks and 1 valid
4.0995 	DEBUG 	Uploading Texture Font fontname to graphics card
4.1036 	DEBUG 	Upload of Texture Font fontname complete
4.1061 	EXP 	window1: Attempting to measure frame rate of screen (0) ...
4.1062 	EXP 	window1: recordFrameIntervals = False
4.2732 	EXP 	window1: recordFrameIntervals = True
4.4566 	EXP 	Screen (0) actual frame rate measured at 60.00Hz
4.4566 	EXP 	window1: recordFrameIntervals = False
4.4654 	DEBUG 	TextBox2 loaded 1 chars with 0 blanks and 1 valid
4.4669 	DEBUG 	TextBox2 loaded 1 chars with 0 blanks and 1 valid
4.4685 	DEBUG 	TextBox2 loaded 1 chars with 0 blanks and 1 valid
4.4704 	DEBUG 	TextBox2 loaded 1 chars with 0 blanks and 1 valid
4.4723 	DEBUG 	TextBox2 loaded 1 chars with 0 blanks and 1 valid
4.4742 	DEBUG 	TextBox2 loaded 1 chars with 0 blanks and 1 valid
4.4753 	DEBUG 	TextBox2 loaded 1 chars with 0 blanks and 1 valid
4.4770 	DEBUG 	TextBox2 loaded 1 chars with 0 blanks and 1 valid
4.4789 	DEBUG 	TextBox2 loaded 1 chars with 0 blanks and 1 valid
4.4807 	DEBUG 	TextBox2 loaded 1 chars with 0 blanks and 1 valid
4.4810 	DEBUG 	Uploading Texture Font fontname to graphics card
4.4825 	DEBUG 	Upload of Texture Font fontname complete
4.5176 	INFO 	keyboard.Keyboard is using ptb backend.
4.5177 	EXP 	misty_module: status = STARTED
4.5920 	EXP 	Created intstructs = TextStim(__class__=<class 'psychopy.visual.text.TextStim'>, alignHoriz=method-wrapper(...), alignText='center', alignVert=method-wrapper(...), anchorHoriz='center', anchorVert='center', antialias=True, autoDraw=False, autoLog=True, bold=False, color=array([1., 1., 1.]), colorSpace='rgb', contrast=1.0, depth=0.0, draggable=False, flipHoriz=False, flipVert=False, font='Arial', fontFiles=[], height=np.float64(0.05), italic=False, languageStyle='LTR', name='intstructs', opacity=1, ori=0.0, pos=array([0., 0.]), rgb=UNKNOWN, text=str(...), units='height', win=Window(...), wrapWidth=1)
4.7013 	EXP 	Created fix = TextStim(__class__=<class 'psychopy.visual.text.TextStim'>, alignHoriz=method-wrapper(...), alignText='center', alignVert=method-wrapper(...), anchorHoriz='center', anchorVert='center', antialias=True, autoDraw=False, autoLog=True, bold=False, color=array([1., 1., 1.]), colorSpace='rgb', contrast=1.0, depth=-1.0, draggable=False, flipHoriz=False, flipVert=False, font='Open Sans', fontFiles=[], height=np.float64(0.1), italic=False, languageStyle='LTR', name='fix', opacity=1, ori=0.0, pos=array([0., 0.]), rgb=UNKNOWN, text='+', units='height', win=Window(...), wrapWidth=1)
4.7055 	EXP 	Created prog = Progress(__class__=<class 'psychopy.visual.progress.Progress'>, anchor=('left', 'top'), autoDraw=False, autoLog=True, closeShape=True, color=method-wrapper(...), colorSpace='rgb', contrast=None, depth=-1, draggable=False, fillColor=array([-1.    ,  0.5373, -1.    ]), fillColorSpace='rgb', fillRGB=array([-1.    ,  0.5373, -1.    ]), interpolate=True, lineColor=array([1., 1., 1.]), lineColorSpace='rgb', lineRGB=array([1, 1, 1]), lineWidth=4.0, name='prog', opacity=1.0, ori=0.0, pos=array([-0.5,  0.5]), size=array([1. , 0.1]), units='norm', vertices=ndarray(...), win=Window(...), windingRule=None)
4.7078 	EXP 	Created progBar = ShapeStim(__class__=<class 'psychopy.visual.shape.ShapeStim'>, anchor=('left', 'top'), autoDraw=False, autoLog=True, closeShape=True, color=method-wrapper(...), colorSpace='rgb', contrast=None, depth=-1, draggable=False, fillColor=array([ 1., -1., -1.]), fillColorSpace='rgb', fillRGB=array([ 1., -1., -1.]), interpolate=True, lineColor=array([0., 0., 0.]), lineColorSpace='rgb', lineRGB=array([0, 0, 0]), lineWidth=1.5, name='progBar', opacity=1.0, ori=0.0, pos=array([-0.5,  0.5]), size=array([1. , 0.1]), units='norm', vertices=ndarray(...), win=Window(...), windingRule=None)
4.7099 	EXP 	Created greenbar = Rect(__class__=<class 'psychopy.visual.rect.Rect'>, anchor=('left', 'center'), autoDraw=False, autoLog=True, closeShape=True, color=method-wrapper(...), colorSpace='rgb', contrast=None, depth=-2.0, draggable=False, fillColor=array([-1.    ,  0.0039, -1.    ]), fillColorSpace='rgb', fillRGB=array([-1.    ,  0.0039, -1.    ]), interpolate=True, lineColor=array([1., 1., 1.]), lineColorSpace='rgb', lineRGB=array([1, 1, 1]), lineWidth=1.0, name='greenbar', opacity=1, ori=0.0, pos=array([0.33333333, 0.7       ]), size=array([0.66666667, 0.1       ]), units='norm', vertices=ndarray(...), win=Window(...))
4.7118 	EXP 	Created yellowbar = Rect(__class__=<class 'psychopy.visual.rect.Rect'>, anchor=('left', 'center'), autoDraw=False, autoLog=True, closeShape=True, color=method-wrapper(...), colorSpace='rgb', contrast=None, depth=-3.0, draggable=False, fillColor=array([ 1.,  1., -1.]), fillColorSpace='rgb', fillRGB=array([ 1.,  1., -1.]), interpolate=True, lineColor=array([1., 1., 1.]), lineColorSpace='rgb', lineRGB=array([1, 1, 1]), lineWidth=1.0, name='yellowbar', opacity=1, ori=0.0, pos=array([-0.33333333,  0.7       ]), size=array([0.66666667, 0.1       ]), units='norm', vertices=ndarray(...), win=Window(...))
4.7138 	EXP 	Created redbar = Rect(__class__=<class 'psychopy.visual.rect.Rect'>, anchor=('left', 'center'), autoDraw=False, autoLog=True, closeShape=True, color=method-wrapper(...), colorSpace='rgb', contrast=None, depth=-4.0, draggable=False, fillColor=array([ 1., -1., -1.]), fillColorSpace='rgb', fillRGB=array([ 1., -1., -1.]), interpolate=True, lineColor=array([1., 1., 1.]), lineColorSpace='rgb', lineRGB=array([1, 1, 1]), lineWidth=1.0, name='redbar', opacity=1, ori=0.0, pos=array([-1. ,  0.7]), size=array([0.66666667, 0.1       ]), units='norm', vertices=ndarray(...), win=Window(...))
4.7161 	EXP 	Created arrow = ShapeStim(__class__=<class 'psychopy.visual.shape.ShapeStim'>, anchor=('center', 'center'), autoDraw=False, autoLog=True, closeShape=True, color=method-wrapper(...), colorSpace='rgb', contrast=None, depth=-5.0, draggable=False, fillColor=array([1, 1, 1]), fillColorSpace='rgb', fillRGB=array([1, 1, 1]), interpolate=True, lineColor=array([1., 1., 1.]), lineColorSpace='rgb', lineRGB=array([1, 1, 1]), lineWidth=1.0, name='arrow', opacity=1, ori=0.0, pos=array([0., 0.]), size=array([0.05, 0.05]), units='norm', vertices=ndarray(...), win=Window(...), windingRule=None)
4.7189 	WARNING 	Font b'Arial' was requested. No similar font found.
4.7250 	WARNING 	Font b'Arial' was requested. No similar font found.
4.7279 	DEBUG 	TextBox2 loaded 1 chars with 0 blanks and 1 valid
4.7293 	DEBUG 	TextBox2 loaded 1 chars with 0 blanks and 1 valid
4.7307 	DEBUG 	TextBox2 loaded 1 chars with 0 blanks and 1 valid
4.7319 	DEBUG 	TextBox2 loaded 1 chars with 0 blanks and 1 valid
4.7326 	DEBUG 	TextBox2 loaded 1 chars with 0 blanks and 1 valid
4.7332 	DEBUG 	TextBox2 loaded 1 chars with 0 blanks and 1 valid
4.7346 	DEBUG 	TextBox2 loaded 1 chars with 0 blanks and 1 valid
4.7356 	DEBUG 	TextBox2 loaded 1 chars with 0 blanks and 1 valid
4.7363 	DEBUG 	TextBox2 loaded 1 chars with 0 blanks and 1 valid
4.7366 	DEBUG 	Uploading Texture Font fontname to graphics card
4.7417 	DEBUG 	Upload of Texture Font fontname complete
4.7606 	DEBUG 	TextBox2 loaded 1 chars with 0 blanks and 1 valid
4.7609 	DEBUG 	Uploading Texture Font fontname to graphics card
4.7623 	DEBUG 	Upload of Texture Font fontname complete
4.7691 	DEBUG 	TextBox2 loaded 1 chars with 0 blanks and 1 valid
4.7702 	DEBUG 	TextBox2 loaded 1 chars with 0 blanks and 1 valid
4.7714 	DEBUG 	TextBox2 loaded 1 chars with 0 blanks and 1 valid
4.7725 	DEBUG 	TextBox2 loaded 1 chars with 0 blanks and 1 valid
4.7734 	DEBUG 	TextBox2 loaded 1 chars with 0 blanks and 1 valid
4.7743 	DEBUG 	TextBox2 loaded 1 chars with 0 blanks and 1 valid
4.7754 	DEBUG 	TextBox2 loaded 1 chars with 0 blanks and 1 valid
4.7763 	DEBUG 	TextBox2 loaded 1 chars with 0 blanks and 1 valid
4.7774 	DEBUG 	TextBox2 loaded 1 chars with 0 blanks and 1 valid
4.7783 	DEBUG 	TextBox2 loaded 1 chars with 0 blanks and 1 valid
4.7786 	DEBUG 	Uploading Texture Font fontname to graphics card
4.7798 	DEBUG 	Upload of Texture Font fontname complete
4.7866 	DEBUG 	TextBox2 loaded 1 chars with 0 blanks and 1 valid
4.7868 	DEBUG 	Uploading Texture Font fontname to graphics card
4.7913 	DEBUG 	Upload of Texture Font fontname complete
4.8041 	DEBUG 	TextBox2 loaded 1 chars with 0 blanks and 1 valid
4.8044 	DEBUG 	Uploading Texture Font fontname to graphics card
4.8055 	DEBUG 	Upload of Texture Font fontname complete
4.8183 	DEBUG 	TextBox2 loaded 1 chars with 0 blanks and 1 valid
4.8186 	DEBUG 	Uploading Texture Font fontname to graphics card
4.8197 	DEBUG 	Upload of Texture Font fontname complete
4.8324 	DEBUG 	TextBox2 loaded 1 chars with 0 blanks and 1 valid
4.8327 	DEBUG 	Uploading Texture Font fontname to graphics card
4.8338 	DEBUG 	Upload of Texture Font fontname complete
4.8466 	DEBUG 	TextBox2 loaded 1 chars with 0 blanks and 1 valid
4.8469 	DEBUG 	Uploading Texture Font fontname to graphics card
4.8480 	DEBUG 	Upload of Texture Font fontname complete
4.8607 	DEBUG 	TextBox2 loaded 1 chars with 0 blanks and 1 valid
4.8610 	DEBUG 	Uploading Texture Font fontname to graphics card
4.8621 	DEBUG 	Upload of Texture Font fontname complete
4.8749 	DEBUG 	TextBox2 loaded 1 chars with 0 blanks and 1 valid
4.8752 	DEBUG 	Uploading Texture Font fontname to graphics card
4.8763 	DEBUG 	Upload of Texture Font fontname complete
4.8890 	DEBUG 	TextBox2 loaded 1 chars with 0 blanks and 1 valid
4.8892 	DEBUG 	Uploading Texture Font fontname to graphics card
4.8904 	DEBUG 	Upload of Texture Font fontname complete
4.9031 	DEBUG 	TextBox2 loaded 1 chars with 0 blanks and 1 valid
4.9033 	DEBUG 	Uploading Texture Font fontname to graphics card
4.9045 	DEBUG 	Upload of Texture Font fontname complete
4.9690 	EXP 	Created slider = Slider(__class__=<class 'psychopy.visual.slider.Slider'>, autoDraw=False, autoLog=True, borderColor=None, color=None, colorSpace='rgb', depth=-7, fillColor=None, flip=False, font='Noto Sans', granularity=1, labelColor=None, labelHeight=np.float64(0.05), labelWrapWidth=None, labels=(0, 1, 2, 3, 4, 5, 6, 7, 8, 9), lineColor=None, markerColor=None, name='slider', opacity=None, ori=0.0, pos=array([ 0. , -0.4]), readOnly=False, self=UNKNOWN, size=array([1. , 0.1]), startValue=None, style='choice', styleTweaks=[], ticks=array([0, 1, 2, 3, 4, 5, 6, 7, 8, 9]), units='norm', win=Window(...))
4.9719 	WARNING 	Font b'Arial' was requested. No similar font found.
4.9773 	WARNING 	Font b'Arial' was requested. No similar font found.
0.0116 	EXP 	prog: direction = 'horizontal'
0.0116 	EXP 	prog: progress = 0.0
0.0116 	EXP 	textbox: autoLog = True
0.0116 	EXP 	slider: autoLog = True
0.0116 	EXP 	slider: styleTweaks = []
0.0116 	EXP 	slider: styleTweaks = []
0.0116 	EXP 	slider: styleTweaks = []
0.0116 	EXP 	slider: styleTweaks = []
0.0116 	EXP 	slider: contrast = 1.0
0.0116 	EXP 	slider: markerPos = None
0.0116 	EXP 	slider: autoLog = True
0.0116 	EXP 	textbox_2: autoLog = True
0.0276 	INFO 	Keyboard events cleared
0.0275 	EXP 	intstructs: autoDraw = True
1.0300 	DATA 	Keypress: space
1.0302 	EXP 	Device response: <KeyPress from None: t=1.0295045375823975, value=space, duration=None>
1.0471 	EXP 	New trial (rep=0, index=0): <Trial 0 (0 in rep 0) data={'thisN': 0, 'thisTrialN': 0, 'thisRepN': 0}>
1.0764 	EXP 	intstructs: autoDraw = False
1.0764 	EXP 	fix: autoDraw = True
1.1465 	EXP 	Device response: <KeyPress from None: t=1.0295045375823975, value=space, duration=0.11259794235229492>
1.5652 	DEBUG 	TextBox2 loaded 1 chars with 0 blanks and 1 valid
1.5660 	DEBUG 	TextBox2 loaded 1 chars with 0 blanks and 1 valid
1.5673 	DEBUG 	TextBox2 loaded 1 chars with 0 blanks and 1 valid
1.5684 	DEBUG 	TextBox2 loaded 1 chars with 0 blanks and 1 valid
1.5696 	DEBUG 	TextBox2 loaded 1 chars with 0 blanks and 1 valid
1.5699 	DEBUG 	Uploading Texture Font fontname to graphics card
1.5711 	DEBUG 	Upload of Texture Font fontname complete
1.6098 	INFO 	Keyboard events cleared
1.6097 	EXP 	fix: autoDraw = False
1.6097 	EXP 	slider: markerPos = None
1.6097 	EXP 	slider: markerPos = None
1.6097 	EXP 	prog: autoDraw = True
1.6097 	EXP 	greenbar: autoDraw = True
1.6097 	EXP 	yellowbar: autoDraw = True
1.6097 	EXP 	redbar: autoDraw = True
1.6097 	EXP 	arrow: autoDraw = True
1.6097 	EXP 	textbox: autoDraw = True
1.6097 	EXP 	slider: autoDraw = True
4.0123 	EXP 	Device response: <KeyPress from None: t=4.011452674865723, value=1, duration=None>
4.0151 	DEBUG 	TextBox2 loaded 1 chars with 0 blanks and 1 valid
4.0164 	DEBUG 	TextBox2 loaded 1 chars with 0 blanks and 1 valid
4.0176 	DEBUG 	TextBox2 loaded 1 chars with 0 blanks and 1 valid
4.0188 	DEBUG 	TextBox2 loaded 1 chars with 0 blanks and 1 valid
4.0197 	DEBUG 	TextBox2 loaded 1 chars with 0 blanks and 1 valid
4.0200 	DEBUG 	Uploading Texture Font fontname to graphics card
4.0212 	DEBUG 	Upload of Texture Font fontname complete
4.0240 	DATA 	Keypress: 1
4.0434 	EXP 	prog: autoDraw = False
4.0434 	EXP 	greenbar: autoDraw = False
4.0434 	EXP 	yellowbar: autoDraw = False
4.0434 	EXP 	redbar: autoDraw = False
4.0434 	EXP 	arrow: autoDraw = False
4.0434 	EXP 	textbox: autoDraw = False
4.0434 	EXP 	slider: autoDraw = False
4.0434 	EXP 	textbox_2: autoDraw = True
4.1631 	EXP 	Device response: <KeyPress from None: t=4.011452674865723, value=1, duration=0.14568233489990234>
5.0297 	EXP 	New trial (rep=1, index=0): <Trial 1 (0 in rep 1) data={'thisN': 1, 'thisTrialN': 0, 'thisRepN': 1}>
5.0596 	EXP 	textbox_2: autoDraw = False
5.0596 	EXP 	fix: autoDraw = True
5.5318 	DEBUG 	TextBox2 loaded 1 chars with 0 blanks and 1 valid
5.5334 	DEBUG 	TextBox2 loaded 1 chars with 0 blanks and 1 valid
5.5349 	DEBUG 	TextBox2 loaded 1 chars with 0 blanks and 1 valid
5.5352 	DEBUG 	Uploading Texture Font fontname to graphics card
5.5364 	DEBUG 	Upload of Texture Font fontname complete
5.5764 	INFO 	Keyboard events cleared
5.5762 	EXP 	fix: autoDraw = False
5.5762 	EXP 	slider: markerPos = None
5.5762 	EXP 	slider: markerPos = None
5.5762 	EXP 	prog: autoDraw = True
5.5762 	EXP 	greenbar: autoDraw = True
5.5762 	EXP 	yellowbar: autoDraw = True
5.5762 	EXP 	redbar: autoDraw = True
5.5762 	EXP 	arrow: autoDraw = True
5.5762 	EXP 	textbox: autoDraw = True
5.5762 	EXP 	slider: autoDraw = True
9.0480 	DATA 	Keypress: 9
9.0787 	EXP 	Device response: <KeyPress from None: t=9.04749059677124, value=9, duration=None>
9.0939 	EXP 	prog: autoDraw = False
9.0939 	EXP 	greenbar: autoDraw = False
9.0939 	EXP 	yellowbar: autoDraw = False
9.0939 	EXP 	redbar: autoDraw = False
9.0939 	EXP 	arrow: autoDraw = False
9.0939 	EXP 	textbox: autoDraw = False
9.0939 	EXP 	slider: autoDraw = False
9.0939 	EXP 	textbox_2: autoDraw = True
9.2295 	EXP 	Device response: <KeyPress from None: t=9.04749059677124, value=9, duration=0.17864298820495605>
10.0796 	EXP 	New trial (rep=2, index=0): <Trial 2 (0 in rep 2) data={'thisN': 2, 'thisTrialN': 0, 'thisRepN': 2}>
10.1094 	EXP 	textbox_2: autoDraw = False
10.1094 	EXP 	textbox_2: autoDraw = False
10.1094 	EXP 	fix: autoDraw = True
10.5986 	DEBUG 	TextBox2 loaded 1 chars with 0 blanks and 1 valid
10.5990 	DEBUG 	Uploading Texture Font fontname to graphics card
10.6003 	DEBUG 	Upload of Texture Font fontname complete
10.6261 	INFO 	Keyboard events cleared
10.6260 	EXP 	fix: autoDraw = False
10.6260 	EXP 	slider: markerPos = None
10.6260 	EXP 	slider: markerPos = None
10.6260 	EXP 	prog: autoDraw = True
10.6260 	EXP 	greenbar: autoDraw = True
10.6260 	EXP 	yellowbar: autoDraw = True
10.6260 	EXP 	redbar: autoDraw = True
10.6260 	EXP 	arrow: autoDraw = True
10.6260 	EXP 	textbox: autoDraw = True
10.6260 	EXP 	slider: autoDraw = True
14.1618 	EXP 	Device response: <KeyPress from None: t=14.153448820114136, value=1, duration=None>
14.1656 	DATA 	Keypress: 1
14.1770 	EXP 	prog: autoDraw = False
14.1770 	EXP 	greenbar: autoDraw = False
14.1770 	EXP 	yellowbar: autoDraw = False
14.1770 	EXP 	redbar: autoDraw = False
14.1770 	EXP 	arrow: autoDraw = False
14.1770 	EXP 	textbox: autoDraw = False
14.1770 	EXP 	slider: autoDraw = False
14.1770 	EXP 	textbox_2: autoDraw = True
14.2293 	EXP 	Device response: <KeyPress from None: t=14.153448820114136, value=1, duration=0.06566476821899414>
15.1627 	EXP 	New trial (rep=3, index=0): <Trial 3 (0 in rep 3) data={'thisN': 3, 'thisTrialN': 0, 'thisRepN': 3}>
15.1924 	EXP 	textbox_2: autoDraw = False
15.1924 	EXP 	textbox_2: autoDraw = False
15.1924 	EXP 	fix: autoDraw = True
15.6812 	DEBUG 	TextBox2 loaded 1 chars with 0 blanks and 1 valid
15.6816 	DEBUG 	Uploading Texture Font fontname to graphics card
15.6828 	DEBUG 	Upload of Texture Font fontname complete
15.7092 	INFO 	Keyboard events cleared
15.7091 	EXP 	fix: autoDraw = False
15.7091 	EXP 	slider: markerPos = None
15.7091 	EXP 	slider: markerPos = None
15.7091 	EXP 	prog: autoDraw = True
15.7091 	EXP 	greenbar: autoDraw = True
15.7091 	EXP 	yellowbar: autoDraw = True
15.7091 	EXP 	redbar: autoDraw = True
15.7091 	EXP 	arrow: autoDraw = True
15.7091 	EXP 	textbox: autoDraw = True
15.7091 	EXP 	slider: autoDraw = True
17.8115 	EXP 	Device response: <KeyPress from None: t=17.809441804885864, value=2, duration=None>
17.8153 	DATA 	Keypress: 2
17.8268 	EXP 	prog: autoDraw = False
17.8268 	EXP 	greenbar: autoDraw = False
17.8268 	EXP 	yellowbar: autoDraw = False
17.8268 	EXP 	redbar: autoDraw = False
17.8268 	EXP 	arrow: autoDraw = False
17.8268 	EXP 	textbox: autoDraw = False
17.8268 	EXP 	slider: autoDraw = False
17.8268 	EXP 	textbox_2: autoDraw = True
17.9474 	EXP 	Device response: <KeyPress from None: t=17.809441804885864, value=2, duration=0.12872982025146484>
18.8124 	EXP 	New trial (rep=4, index=0): <Trial 4 (0 in rep 4) data={'thisN': 4, 'thisTrialN': 0, 'thisRepN': 4}>
18.8423 	EXP 	textbox_2: autoDraw = False
18.8423 	EXP 	textbox_2: autoDraw = False
18.8423 	EXP 	fix: autoDraw = True
19.3424 	INFO 	Keyboard events cleared
19.3422 	EXP 	fix: autoDraw = False
19.3422 	EXP 	slider: markerPos = None
19.3422 	EXP 	slider: markerPos = None
19.3422 	EXP 	prog: autoDraw = True
19.3422 	EXP 	greenbar: autoDraw = True
19.3422 	EXP 	yellowbar: autoDraw = True
19.3422 	EXP 	redbar: autoDraw = True
19.3422 	EXP 	arrow: autoDraw = True
19.3422 	EXP 	textbox: autoDraw = True
19.3422 	EXP 	slider: autoDraw = True
20.8779 	EXP 	Device response: <KeyPress from None: t=20.866467714309692, value=6, duration=None>
20.8819 	DATA 	Keypress: 6
20.8934 	EXP 	prog: autoDraw = False
20.8934 	EXP 	greenbar: autoDraw = False
20.8934 	EXP 	yellowbar: autoDraw = False
20.8934 	EXP 	redbar: autoDraw = False
20.8934 	EXP 	arrow: autoDraw = False
20.8934 	EXP 	textbox: autoDraw = False
20.8934 	EXP 	slider: autoDraw = False
20.8934 	EXP 	textbox_2: autoDraw = True
20.9790 	EXP 	Device response: <KeyPress from None: t=20.866467714309692, value=6, duration=0.09969401359558105>
21.8789 	EXP 	New trial (rep=5, index=0): <Trial 5 (0 in rep 5) data={'thisN': 5, 'thisTrialN': 0, 'thisRepN': 5}>
21.9088 	EXP 	textbox_2: autoDraw = False
21.9088 	EXP 	fix: autoDraw = True
22.2289 	EXP 	Device response: <KeyPress from None: t=22.224438428878784, value=escape, duration=None>
22.2294 	DATA 	Keypress: escape
22.3456 	EXP 	Device response: <KeyPress from None: t=22.224438428878784, value=escape, duration=0.11166834831237793>
22.3456 	EXP 	misty_module: status = STOPPED
22.3599 	EXP 	fix: autoDraw = False
22.3622 	EXP 	misty_module: status = STOPPED
22.3658 	INFO 	saved data to '/home/hackerman/misty_py/data/pilot_misty_module_2026-01-20_15h03.38.641.csv'
22.3664 	INFO 	saved data to /home/hackerman/misty_py/data/pilot_misty_module_2026-01-20_15h03.38.641.psydat
22.4936 	DEBUG 	Saving data for misty_module ExperimentHandler
22.4977 	WARNING 	Stopping key buffers but this could be dangerous ifother keyboards rely on the same.
