10.5373 	WARNING 	Font Manager failed to load file /System/Library/PrivateFrameworks/FontServices.framework/Resources/Reserved/PingFangUI.ttc
10.5923 	WARNING 	Font Manager failed to load file /System/Library/PrivateFrameworks/FontServices.framework/Resources/Reserved/PingFangUI.ttc
12.6792 	DEBUG 	Fullscreen settings ignored as running in pilot mode.
12.6804 	INFO 	Loaded monitor calibration from ['2026_01_21 12:15']
12.7952 	INFO 	Using renderer 'Apple M4' for graphics
12.7952 	INFO 	OpenGL version supported by driver is 2..
12.8146 	EXP 	Created window1 = Window(allowGUI=False, allowStencil=True, autoLog=True, backendConf=UNKNOWN, backgroundFit=<method-wrapper '__getattribute__' of attributeSetter object at 0x1774057e0>, backgroundImage=<method-wrapper '__getattribute__' of attributeSetter object at 0x177405780>, bitsMode=UNKNOWN, blendMode='avg', bpc=(8, 8, 8), color=array([0, 0, 0]), colorSpace='rgb', depthBits=8, fullscr=False, gamma=None, gammaErrorPolicy='raise', infoMsg=UNKNOWN, lms=UNKNOWN, monitor=<psychopy.monitors.calibTools.Monitor object at 0x1773f35b0>, multiSample=False, name='window1', numSamples=2, pos=[np.float64(335.0), np.float64(178.0)], screen=0, size=array([1600, 1200]), stencilBits=8, stereo=False, title='PsychoPy', units='height', useFBO=True, useRetina=True, viewOri=0.0, viewPos=None, viewScale=None, waitBlanking=True, winType='pyglet')
12.8147 	EXP 	window1: backgroundImage = ''
12.8147 	EXP 	window1: backgroundFit = 'none'
12.8293 	DEBUG 	TextBox2 loaded 1 chars with 0 blanks and 1 valid
12.8376 	DEBUG 	TextBox2 loaded 1 chars with 0 blanks and 1 valid
12.8458 	DEBUG 	TextBox2 loaded 1 chars with 0 blanks and 1 valid
12.8542 	DEBUG 	TextBox2 loaded 1 chars with 0 blanks and 1 valid
12.8626 	DEBUG 	TextBox2 loaded 1 chars with 0 blanks and 1 valid
12.8707 	DEBUG 	TextBox2 loaded 1 chars with 0 blanks and 1 valid
12.8790 	DEBUG 	TextBox2 loaded 1 chars with 0 blanks and 1 valid
12.8873 	DEBUG 	TextBox2 loaded 1 chars with 0 blanks and 1 valid
12.8953 	DEBUG 	TextBox2 loaded 1 chars with 0 blanks and 1 valid
12.9034 	DEBUG 	TextBox2 loaded 1 chars with 0 blanks and 1 valid
12.9116 	DEBUG 	TextBox2 loaded 1 chars with 0 blanks and 1 valid
12.9199 	DEBUG 	TextBox2 loaded 1 chars with 0 blanks and 1 valid
12.9282 	DEBUG 	TextBox2 loaded 1 chars with 0 blanks and 1 valid
12.9364 	DEBUG 	TextBox2 loaded 1 chars with 0 blanks and 1 valid
12.9447 	DEBUG 	TextBox2 loaded 1 chars with 0 blanks and 1 valid
12.9530 	DEBUG 	TextBox2 loaded 1 chars with 0 blanks and 1 valid
12.9613 	DEBUG 	TextBox2 loaded 1 chars with 0 blanks and 1 valid
12.9694 	DEBUG 	TextBox2 loaded 1 chars with 0 blanks and 1 valid
12.9775 	DEBUG 	TextBox2 loaded 1 chars with 0 blanks and 1 valid
12.9860 	DEBUG 	TextBox2 loaded 1 chars with 0 blanks and 1 valid
12.9941 	DEBUG 	TextBox2 loaded 1 chars with 0 blanks and 1 valid
12.9942 	DEBUG 	Uploading Texture Font fontname to graphics card
12.9970 	DEBUG 	Upload of Texture Font fontname complete
13.0079 	DEBUG 	TextBox2 loaded 1 chars with 0 blanks and 1 valid
13.0162 	DEBUG 	TextBox2 loaded 1 chars with 0 blanks and 1 valid
13.0243 	DEBUG 	TextBox2 loaded 1 chars with 0 blanks and 1 valid
13.0244 	DEBUG 	Uploading Texture Font fontname to graphics card
13.0259 	DEBUG 	Upload of Texture Font fontname complete
13.0269 	EXP 	window1: Attempting to measure frame rate of screen (0) ...
13.0269 	EXP 	window1: recordFrameIntervals = False
13.1264 	EXP 	window1: recordFrameIntervals = True
13.9639 	WARNING 	Couldn't measure a consistent frame rate!
  - Is your graphics card set to sync to vertical blank?
  - Are you running other processes on your computer?

13.9870 	DEBUG 	TextBox2 loaded 1 chars with 0 blanks and 1 valid
13.9990 	DEBUG 	TextBox2 loaded 1 chars with 0 blanks and 1 valid
14.0096 	DEBUG 	TextBox2 loaded 1 chars with 0 blanks and 1 valid
14.0194 	DEBUG 	TextBox2 loaded 1 chars with 0 blanks and 1 valid
14.0285 	DEBUG 	TextBox2 loaded 1 chars with 0 blanks and 1 valid
14.0370 	DEBUG 	TextBox2 loaded 1 chars with 0 blanks and 1 valid
14.0450 	DEBUG 	TextBox2 loaded 1 chars with 0 blanks and 1 valid
14.0530 	DEBUG 	TextBox2 loaded 1 chars with 0 blanks and 1 valid
14.0610 	DEBUG 	TextBox2 loaded 1 chars with 0 blanks and 1 valid
14.0690 	DEBUG 	TextBox2 loaded 1 chars with 0 blanks and 1 valid
14.0691 	DEBUG 	Uploading Texture Font fontname to graphics card
14.0707 	DEBUG 	Upload of Texture Font fontname complete
14.6401 	INFO 	keyboard.Keyboard is using ptb backend.
14.6401 	EXP 	misty_module: status = STARTED
14.6749 	EXP 	Created text = TextStim(__class__=<class 'psychopy.visual.text.TextStim'>, alignHoriz=method-wrapper(...), alignText='center', alignVert=method-wrapper(...), anchorHoriz='center', anchorVert='center', antialias=True, autoDraw=False, autoLog=True, bold=False, color=array([1., 1., 1.]), colorSpace='rgb', contrast=1.0, depth=-1.0, draggable=False, flipHoriz=False, flipVert=False, font='Arial', fontFiles=[], height=np.float64(0.05), italic=False, languageStyle='LTR', name='text', opacity=1, ori=0.0, pos=array([0., 0.]), rgb=UNKNOWN, text=str(...), units='height', win=Window(...), wrapWidth=1)
14.6824 	EXP 	Created intstructs = TextStim(__class__=<class 'psychopy.visual.text.TextStim'>, alignHoriz=method-wrapper(...), alignText='center', alignVert=method-wrapper(...), anchorHoriz='center', anchorVert='center', antialias=True, autoDraw=False, autoLog=True, bold=False, color=array([1., 1., 1.]), colorSpace='rgb', contrast=1.0, depth=0.0, draggable=False, flipHoriz=False, flipVert=False, font='Arial', fontFiles=[], height=np.float64(0.05), italic=False, languageStyle='LTR', name='intstructs', opacity=1, ori=0.0, pos=array([0., 0.]), rgb=UNKNOWN, text=str(...), units='height', win=Window(...), wrapWidth=1)
14.6846 	EXP 	Created fix = TextStim(__class__=<class 'psychopy.visual.text.TextStim'>, alignHoriz=method-wrapper(...), alignText='center', alignVert=method-wrapper(...), anchorHoriz='center', anchorVert='center', antialias=True, autoDraw=False, autoLog=True, bold=False, color=array([1., 1., 1.]), colorSpace='rgb', contrast=1.0, depth=-1.0, draggable=False, flipHoriz=False, flipVert=False, font='Open Sans', fontFiles=[], height=np.float64(0.1), italic=False, languageStyle='LTR', name='fix', opacity=1, ori=0.0, pos=array([0., 0.]), rgb=UNKNOWN, text='+', units='height', win=Window(...), wrapWidth=1)
14.6897 	DEBUG 	TextBox2 loaded 1 chars with 0 blanks and 1 valid
14.6904 	DEBUG 	TextBox2 loaded 1 chars with 0 blanks and 1 valid
14.6910 	DEBUG 	TextBox2 loaded 1 chars with 0 blanks and 1 valid
14.6914 	DEBUG 	TextBox2 loaded 1 chars with 0 blanks and 1 valid
14.6917 	DEBUG 	TextBox2 loaded 1 chars with 0 blanks and 1 valid
14.6919 	DEBUG 	TextBox2 loaded 1 chars with 0 blanks and 1 valid
14.6924 	DEBUG 	TextBox2 loaded 1 chars with 0 blanks and 1 valid
14.6928 	DEBUG 	TextBox2 loaded 1 chars with 0 blanks and 1 valid
14.6931 	DEBUG 	TextBox2 loaded 1 chars with 0 blanks and 1 valid
14.6932 	DEBUG 	Uploading Texture Font fontname to graphics card
14.6953 	DEBUG 	Upload of Texture Font fontname complete
14.7170 	DEBUG 	TextBox2 loaded 1 chars with 0 blanks and 1 valid
14.7171 	DEBUG 	Uploading Texture Font fontname to graphics card
14.7192 	DEBUG 	Upload of Texture Font fontname complete
14.7298 	DEBUG 	TextBox2 loaded 1 chars with 0 blanks and 1 valid
14.7378 	DEBUG 	TextBox2 loaded 1 chars with 0 blanks and 1 valid
14.7458 	DEBUG 	TextBox2 loaded 1 chars with 0 blanks and 1 valid
14.7537 	DEBUG 	TextBox2 loaded 1 chars with 0 blanks and 1 valid
14.7615 	DEBUG 	TextBox2 loaded 1 chars with 0 blanks and 1 valid
14.7693 	DEBUG 	TextBox2 loaded 1 chars with 0 blanks and 1 valid
14.7773 	DEBUG 	TextBox2 loaded 1 chars with 0 blanks and 1 valid
14.7851 	DEBUG 	TextBox2 loaded 1 chars with 0 blanks and 1 valid
14.7930 	DEBUG 	TextBox2 loaded 1 chars with 0 blanks and 1 valid
14.8008 	DEBUG 	TextBox2 loaded 1 chars with 0 blanks and 1 valid
14.8009 	DEBUG 	Uploading Texture Font fontname to graphics card
14.8024 	DEBUG 	Upload of Texture Font fontname complete
14.8127 	DEBUG 	TextBox2 loaded 1 chars with 0 blanks and 1 valid
14.8128 	DEBUG 	Uploading Texture Font fontname to graphics card
14.8143 	DEBUG 	Upload of Texture Font fontname complete
14.8271 	DEBUG 	TextBox2 loaded 1 chars with 0 blanks and 1 valid
14.8272 	DEBUG 	Uploading Texture Font fontname to graphics card
14.8287 	DEBUG 	Upload of Texture Font fontname complete
14.8415 	DEBUG 	TextBox2 loaded 1 chars with 0 blanks and 1 valid
14.8416 	DEBUG 	Uploading Texture Font fontname to graphics card
14.8430 	DEBUG 	Upload of Texture Font fontname complete
14.8558 	DEBUG 	TextBox2 loaded 1 chars with 0 blanks and 1 valid
14.8559 	DEBUG 	Uploading Texture Font fontname to graphics card
14.8573 	DEBUG 	Upload of Texture Font fontname complete
14.8701 	DEBUG 	TextBox2 loaded 1 chars with 0 blanks and 1 valid
14.8702 	DEBUG 	Uploading Texture Font fontname to graphics card
14.8717 	DEBUG 	Upload of Texture Font fontname complete
14.8844 	DEBUG 	TextBox2 loaded 1 chars with 0 blanks and 1 valid
14.8845 	DEBUG 	Uploading Texture Font fontname to graphics card
14.8860 	DEBUG 	Upload of Texture Font fontname complete
14.8988 	DEBUG 	TextBox2 loaded 1 chars with 0 blanks and 1 valid
14.8989 	DEBUG 	Uploading Texture Font fontname to graphics card
14.9003 	DEBUG 	Upload of Texture Font fontname complete
14.9130 	DEBUG 	TextBox2 loaded 1 chars with 0 blanks and 1 valid
14.9131 	DEBUG 	Uploading Texture Font fontname to graphics card
14.9146 	DEBUG 	Upload of Texture Font fontname complete
14.9274 	DEBUG 	TextBox2 loaded 1 chars with 0 blanks and 1 valid
14.9274 	DEBUG 	Uploading Texture Font fontname to graphics card
14.9289 	DEBUG 	Upload of Texture Font fontname complete
14.9513 	EXP 	Created slider_3 = Slider(__class__=<class 'psychopy.visual.slider.Slider'>, autoDraw=False, autoLog=True, borderColor=None, color=None, colorSpace='rgb', depth=-2, fillColor=None, flip=False, font='Noto Sans', granularity=1, labelColor=None, labelHeight=np.float64(0.05), labelWrapWidth=None, labels=(0, 1, 2, 3, 4, 5, 6, 7, 8, 9), lineColor=None, markerColor=None, name='slider_3', opacity=None, ori=0.0, pos=array([ 0. , -0.4]), readOnly=False, self=UNKNOWN, size=array([1. , 0.1]), startValue=None, style='choice', styleTweaks=[], ticks=array([0, 1, 2, 3, 4, 5, 6, 7, 8, 9]), units='norm', win=Window(...))
14.9583 	EXP 	Created text_2 = TextStim(__class__=<class 'psychopy.visual.text.TextStim'>, alignHoriz=method-wrapper(...), alignText='center', alignVert=method-wrapper(...), anchorHoriz='center', anchorVert='center', antialias=True, autoDraw=False, autoLog=True, bold=False, color=array([1., 1., 1.]), colorSpace='rgb', contrast=1.0, depth=0.0, draggable=False, flipHoriz=False, flipVert=False, font='Arial', fontFiles=[], height=np.float64(0.05), italic=False, languageStyle='LTR', name='text_2', opacity=1, ori=0.0, pos=array([0., 0.]), rgb=UNKNOWN, text=str(...), units='height', win=Window(...), wrapWidth=1)
14.9590 	EXP 	Created fix = TextStim(__class__=<class 'psychopy.visual.text.TextStim'>, alignHoriz=method-wrapper(...), alignText='center', alignVert=method-wrapper(...), anchorHoriz='center', anchorVert='center', antialias=True, autoDraw=False, autoLog=True, bold=False, color=array([1., 1., 1.]), colorSpace='rgb', contrast=1.0, depth=-1.0, draggable=False, flipHoriz=False, flipVert=False, font='Open Sans', fontFiles=[], height=np.float64(0.1), italic=False, languageStyle='LTR', name='fix', opacity=1, ori=0.0, pos=array([0., 0.]), rgb=UNKNOWN, text='+', units='height', win=Window(...), wrapWidth=1)
14.9612 	EXP 	Created prog_3 = Progress(__class__=<class 'psychopy.visual.progress.Progress'>, anchor=('left', 'top'), autoDraw=False, autoLog=True, closeShape=True, color=method-wrapper(...), colorSpace='rgb', contrast=None, depth=-1, draggable=False, fillColor=array([-1.    ,  0.5373, -1.    ]), fillColorSpace='rgb', fillRGB=array([-1.    ,  0.5373, -1.    ]), interpolate=True, lineColor=array([1., 1., 1.]), lineColorSpace='rgb', lineRGB=array([1, 1, 1]), lineWidth=4.0, name='prog_3', opacity=1.0, ori=0.0, pos=array([-0.5,  0.5]), size=array([1. , 0.1]), units='norm', vertices=ndarray(...), win=Window(...), windingRule=None)
14.9620 	EXP 	Created prog_3Bar = ShapeStim(__class__=<class 'psychopy.visual.shape.ShapeStim'>, anchor=('left', 'top'), autoDraw=False, autoLog=True, closeShape=True, color=method-wrapper(...), colorSpace='rgb', contrast=None, depth=-1, draggable=False, fillColor=array([ 1., -1., -1.]), fillColorSpace='rgb', fillRGB=array([ 1., -1., -1.]), interpolate=True, lineColor=array([0., 0., 0.]), lineColorSpace='rgb', lineRGB=array([0, 0, 0]), lineWidth=1.5, name='prog_3Bar', opacity=1.0, ori=0.0, pos=array([-0.5,  0.5]), size=array([1. , 0.1]), units='norm', vertices=ndarray(...), win=Window(...), windingRule=None)
14.9626 	EXP 	Created redbar_3 = Rect(__class__=<class 'psychopy.visual.rect.Rect'>, anchor=('left', 'center'), autoDraw=False, autoLog=True, closeShape=True, color=method-wrapper(...), colorSpace='rgb', contrast=None, depth=-2.0, draggable=False, fillColor=array([ 1., -1., -1.]), fillColorSpace='rgb', fillRGB=array([ 1., -1., -1.]), interpolate=True, lineColor=array([1., 1., 1.]), lineColorSpace='rgb', lineRGB=array([1, 1, 1]), lineWidth=1.0, name='redbar_3', opacity=1, ori=0.0, pos=array([-1. ,  0.7]), size=array([2. , 0.1]), units='norm', vertices=ndarray(...), win=Window(...))
14.9631 	EXP 	Created yellowbar_3 = Rect(__class__=<class 'psychopy.visual.rect.Rect'>, anchor=('left', 'center'), autoDraw=False, autoLog=True, closeShape=True, color=method-wrapper(...), colorSpace='rgb', contrast=None, depth=-3.0, draggable=False, fillColor=array([ 1.,  1., -1.]), fillColorSpace='rgb', fillRGB=array([ 1.,  1., -1.]), interpolate=True, lineColor=array([1., 1., 1.]), lineColorSpace='rgb', lineRGB=array([1, 1, 1]), lineWidth=1.0, name='yellowbar_3', opacity=1, ori=0.0, pos=array([0. , 0.7]), size=array([1. , 0.1]), units='norm', vertices=ndarray(...), win=Window(...))
14.9636 	EXP 	Created greenbar_3 = Rect(__class__=<class 'psychopy.visual.rect.Rect'>, anchor=('left', 'center'), autoDraw=False, autoLog=True, closeShape=True, color=method-wrapper(...), colorSpace='rgb', contrast=None, depth=-4.0, draggable=False, fillColor=array([-1.    ,  0.0039, -1.    ]), fillColorSpace='rgb', fillRGB=array([-1.    ,  0.0039, -1.    ]), interpolate=True, lineColor=array([1., 1., 1.]), lineColorSpace='rgb', lineRGB=array([1, 1, 1]), lineWidth=1.0, name='greenbar_3', opacity=1, ori=0.0, pos=array([0.7, 0.7]), size=array([0.3, 0.1]), units='norm', vertices=ndarray(...), win=Window(...))
14.9644 	EXP 	Created arrow_3 = ShapeStim(__class__=<class 'psychopy.visual.shape.ShapeStim'>, anchor=('center', 'center'), autoDraw=False, autoLog=True, closeShape=True, color=method-wrapper(...), colorSpace='rgb', contrast=None, depth=-5.0, draggable=False, fillColor=array([1, 1, 1]), fillColorSpace='rgb', fillRGB=array([1, 1, 1]), interpolate=True, lineColor=array([1., 1., 1.]), lineColorSpace='rgb', lineRGB=array([1, 1, 1]), lineWidth=1.0, name='arrow_3', opacity=1, ori=0.0, pos=array([0., 0.]), size=array([0.05, 0.05]), units='norm', vertices=ndarray(...), win=Window(...), windingRule=None)
14.9651 	EXP 	Created arrow_4 = ShapeStim(__class__=<class 'psychopy.visual.shape.ShapeStim'>, anchor=('center', 'center'), autoDraw=False, autoLog=True, closeShape=True, color=method-wrapper(...), colorSpace='rgb', contrast=None, depth=-6.0, draggable=False, fillColor=array([1, 1, 1]), fillColorSpace='rgb', fillRGB=array([1, 1, 1]), interpolate=True, lineColor=array([1., 1., 1.]), lineColorSpace='rgb', lineRGB=array([1, 1, 1]), lineWidth=1.0, name='arrow_4', opacity=1, ori=0.0, pos=array([0., 0.]), size=array([0.05, 0.05]), units='norm', vertices=ndarray(...), win=Window(...), windingRule=None)
14.9684 	DEBUG 	TextBox2 loaded 1 chars with 0 blanks and 1 valid
14.9687 	DEBUG 	TextBox2 loaded 1 chars with 0 blanks and 1 valid
14.9689 	DEBUG 	TextBox2 loaded 1 chars with 0 blanks and 1 valid
14.9692 	DEBUG 	TextBox2 loaded 1 chars with 0 blanks and 1 valid
14.9695 	DEBUG 	TextBox2 loaded 1 chars with 0 blanks and 1 valid
14.9698 	DEBUG 	TextBox2 loaded 1 chars with 0 blanks and 1 valid
14.9699 	DEBUG 	Uploading Texture Font fontname to graphics card
14.9721 	DEBUG 	Upload of Texture Font fontname complete
14.9751 	DEBUG 	TextBox2 loaded 1 chars with 0 blanks and 1 valid
14.9754 	DEBUG 	TextBox2 loaded 1 chars with 0 blanks and 1 valid
14.9756 	DEBUG 	TextBox2 loaded 1 chars with 0 blanks and 1 valid
14.9758 	DEBUG 	TextBox2 loaded 1 chars with 0 blanks and 1 valid
14.9761 	DEBUG 	TextBox2 loaded 1 chars with 0 blanks and 1 valid
14.9764 	DEBUG 	TextBox2 loaded 1 chars with 0 blanks and 1 valid
14.9765 	DEBUG 	Uploading Texture Font fontname to graphics card
14.9780 	DEBUG 	Upload of Texture Font fontname complete
14.9808 	DEBUG 	TextBox2 loaded 1 chars with 0 blanks and 1 valid
14.9811 	DEBUG 	TextBox2 loaded 1 chars with 0 blanks and 1 valid
14.9813 	DEBUG 	TextBox2 loaded 1 chars with 0 blanks and 1 valid
14.9814 	DEBUG 	Uploading Texture Font fontname to graphics card
14.9829 	DEBUG 	Upload of Texture Font fontname complete
15.0553 	EXP 	Created slider_4 = Slider(__class__=<class 'psychopy.visual.slider.Slider'>, autoDraw=False, autoLog=True, borderColor=None, color=None, colorSpace='rgb', depth=-9, fillColor=None, flip=False, font='Noto Sans', granularity=1, labelColor=None, labelHeight=np.float64(0.05), labelWrapWidth=None, labels=(0, 1, 2, 3, 4, 5, 6, 7, 8, 9), lineColor=None, markerColor=None, name='slider_4', opacity=None, ori=0.0, pos=array([ 0. , -0.4]), readOnly=False, self=UNKNOWN, size=array([1. , 0.1]), startValue=None, style='choice', styleTweaks=[], ticks=array([0, 1, 2, 3, 4, 5, 6, 7, 8, 9]), units='norm', win=Window(...))
15.0656 	EXP 	Created text_3 = TextStim(__class__=<class 'psychopy.visual.text.TextStim'>, alignHoriz=method-wrapper(...), alignText='center', alignVert=method-wrapper(...), anchorHoriz='center', anchorVert='center', antialias=True, autoDraw=False, autoLog=True, bold=False, color=array([1., 1., 1.]), colorSpace='rgb', contrast=1.0, depth=0.0, draggable=False, flipHoriz=False, flipVert=False, font='Arial', fontFiles=[], height=np.float64(0.05), italic=False, languageStyle='LTR', name='text_3', opacity=1, ori=0.0, pos=array([0., 0.]), rgb=UNKNOWN, text='Training instructions here', units='height', win=Window(...), wrapWidth=1)
15.0664 	EXP 	Created fix = TextStim(__class__=<class 'psychopy.visual.text.TextStim'>, alignHoriz=method-wrapper(...), alignText='center', alignVert=method-wrapper(...), anchorHoriz='center', anchorVert='center', antialias=True, autoDraw=False, autoLog=True, bold=False, color=array([1., 1., 1.]), colorSpace='rgb', contrast=1.0, depth=-1.0, draggable=False, flipHoriz=False, flipVert=False, font='Open Sans', fontFiles=[], height=np.float64(0.1), italic=False, languageStyle='LTR', name='fix', opacity=1, ori=0.0, pos=array([0., 0.]), rgb=UNKNOWN, text='+', units='height', win=Window(...), wrapWidth=1)
15.1402 	EXP 	Created slider_training = Slider(__class__=<class 'psychopy.visual.slider.Slider'>, autoDraw=False, autoLog=True, borderColor=None, color=None, colorSpace='rgb', depth=-2, fillColor=None, flip=False, font='Noto Sans', granularity=1, labelColor=None, labelHeight=np.float64(0.05), labelWrapWidth=None, labels=(0, 1, 2, 3, 4, 5, 6, 7, 8, 9), lineColor=None, markerColor=None, name='slider_training', opacity=None, ori=0.0, pos=array([ 0. , -0.4]), readOnly=False, self=UNKNOWN, size=array([1. , 0.1]), startValue=None, style='choice', styleTweaks=[], ticks=array([0, 1, 2, 3, 4, 5, 6, 7, 8, 9]), units='norm', win=Window(...))
15.1471 	EXP 	Created text_4 = TextStim(__class__=<class 'psychopy.visual.text.TextStim'>, alignHoriz=method-wrapper(...), alignText='center', alignVert=method-wrapper(...), anchorHoriz='center', anchorVert='center', antialias=True, autoDraw=False, autoLog=True, bold=False, color=array([1., 1., 1.]), colorSpace='rgb', contrast=1.0, depth=0.0, draggable=False, flipHoriz=False, flipVert=False, font='Arial', fontFiles=[], height=np.float64(0.05), italic=False, languageStyle='LTR', name='text_4', opacity=1, ori=0.0, pos=array([0., 0.]), rgb=UNKNOWN, text='Please press space to move onto the next block', units='height', win=Window(...), wrapWidth=1)
15.1486 	EXP 	Created text_6 = TextStim(__class__=<class 'psychopy.visual.text.TextStim'>, alignHoriz=method-wrapper(...), alignText='center', alignVert=method-wrapper(...), anchorHoriz='center', anchorVert='center', antialias=True, autoDraw=False, autoLog=True, bold=False, color=array([1., 1., 1.]), colorSpace='rgb', contrast=1.0, depth=0.0, draggable=False, flipHoriz=False, flipVert=False, font='Arial', fontFiles=[], height=np.float64(0.05), italic=False, languageStyle='LTR', name='text_6', opacity=1, ori=0.0, pos=array([0., 0.]), rgb=UNKNOWN, text='Press Space to Start experiment', units='height', win=Window(...), wrapWidth=1)
15.1494 	EXP 	Created fix = TextStim(__class__=<class 'psychopy.visual.text.TextStim'>, alignHoriz=method-wrapper(...), alignText='center', alignVert=method-wrapper(...), anchorHoriz='center', anchorVert='center', antialias=True, autoDraw=False, autoLog=True, bold=False, color=array([1., 1., 1.]), colorSpace='rgb', contrast=1.0, depth=-1.0, draggable=False, flipHoriz=False, flipVert=False, font='Open Sans', fontFiles=[], height=np.float64(0.1), italic=False, languageStyle='LTR', name='fix', opacity=1, ori=0.0, pos=array([0., 0.]), rgb=UNKNOWN, text='+', units='height', win=Window(...), wrapWidth=1)
15.1502 	EXP 	Created prog = Progress(__class__=<class 'psychopy.visual.progress.Progress'>, anchor=('left', 'top'), autoDraw=False, autoLog=True, closeShape=True, color=method-wrapper(...), colorSpace='rgb', contrast=None, depth=-1, draggable=False, fillColor=array([-1.    ,  0.5373, -1.    ]), fillColorSpace='rgb', fillRGB=array([-1.    ,  0.5373, -1.    ]), interpolate=True, lineColor=array([1., 1., 1.]), lineColorSpace='rgb', lineRGB=array([1, 1, 1]), lineWidth=4.0, name='prog', opacity=1.0, ori=0.0, pos=array([-0.5,  0.5]), size=array([1. , 0.1]), units='norm', vertices=ndarray(...), win=Window(...), windingRule=None)
15.1509 	EXP 	Created progBar = ShapeStim(__class__=<class 'psychopy.visual.shape.ShapeStim'>, anchor=('left', 'top'), autoDraw=False, autoLog=True, closeShape=True, color=method-wrapper(...), colorSpace='rgb', contrast=None, depth=-1, draggable=False, fillColor=array([ 1., -1., -1.]), fillColorSpace='rgb', fillRGB=array([ 1., -1., -1.]), interpolate=True, lineColor=array([0., 0., 0.]), lineColorSpace='rgb', lineRGB=array([0, 0, 0]), lineWidth=1.5, name='progBar', opacity=1.0, ori=0.0, pos=array([-0.5,  0.5]), size=array([1. , 0.1]), units='norm', vertices=ndarray(...), win=Window(...), windingRule=None)
15.1515 	EXP 	Created redbar = Rect(__class__=<class 'psychopy.visual.rect.Rect'>, anchor=('left', 'center'), autoDraw=False, autoLog=True, closeShape=True, color=method-wrapper(...), colorSpace='rgb', contrast=None, depth=-2.0, draggable=False, fillColor=array([ 1., -1., -1.]), fillColorSpace='rgb', fillRGB=array([ 1., -1., -1.]), interpolate=True, lineColor=array([1., 1., 1.]), lineColorSpace='rgb', lineRGB=array([1, 1, 1]), lineWidth=1.0, name='redbar', opacity=1, ori=0.0, pos=array([-1. ,  0.7]), size=array([2. , 0.1]), units='norm', vertices=ndarray(...), win=Window(...))
15.1520 	EXP 	Created yellowbar = Rect(__class__=<class 'psychopy.visual.rect.Rect'>, anchor=('left', 'center'), autoDraw=False, autoLog=True, closeShape=True, color=method-wrapper(...), colorSpace='rgb', contrast=None, depth=-3.0, draggable=False, fillColor=array([ 1.,  1., -1.]), fillColorSpace='rgb', fillRGB=array([ 1.,  1., -1.]), interpolate=True, lineColor=array([1., 1., 1.]), lineColorSpace='rgb', lineRGB=array([1, 1, 1]), lineWidth=1.0, name='yellowbar', opacity=1, ori=0.0, pos=array([0. , 0.7]), size=array([1. , 0.1]), units='norm', vertices=ndarray(...), win=Window(...))
15.1526 	EXP 	Created greenbar = Rect(__class__=<class 'psychopy.visual.rect.Rect'>, anchor=('left', 'center'), autoDraw=False, autoLog=True, closeShape=True, color=method-wrapper(...), colorSpace='rgb', contrast=None, depth=-4.0, draggable=False, fillColor=array([-1.    ,  0.0039, -1.    ]), fillColorSpace='rgb', fillRGB=array([-1.    ,  0.0039, -1.    ]), interpolate=True, lineColor=array([1., 1., 1.]), lineColorSpace='rgb', lineRGB=array([1, 1, 1]), lineWidth=1.0, name='greenbar', opacity=1, ori=0.0, pos=array([0.7, 0.7]), size=array([0.3, 0.1]), units='norm', vertices=ndarray(...), win=Window(...))
15.1534 	EXP 	Created targarrow = ShapeStim(__class__=<class 'psychopy.visual.shape.ShapeStim'>, anchor=('center', 'center'), autoDraw=False, autoLog=True, closeShape=True, color=method-wrapper(...), colorSpace='rgb', contrast=None, depth=-5.0, draggable=False, fillColor=array([1, 1, 1]), fillColorSpace='rgb', fillRGB=array([1, 1, 1]), interpolate=True, lineColor=array([1., 1., 1.]), lineColorSpace='rgb', lineRGB=array([1, 1, 1]), lineWidth=1.0, name='targarrow', opacity=1, ori=0.0, pos=array([0.7, 0.6]), size=array([0.05, 0.05]), units='norm', vertices=ndarray(...), win=Window(...), windingRule=None)
15.1541 	EXP 	Created userArrow = ShapeStim(__class__=<class 'psychopy.visual.shape.ShapeStim'>, anchor=('center', 'center'), autoDraw=False, autoLog=True, closeShape=True, color=method-wrapper(...), colorSpace='rgb', contrast=None, depth=-6.0, draggable=False, fillColor=array([1, 1, 1]), fillColorSpace='rgb', fillRGB=array([1, 1, 1]), interpolate=True, lineColor=array([1., 1., 1.]), lineColorSpace='rgb', lineRGB=array([1, 1, 1]), lineWidth=1.0, name='userArrow', opacity=1, ori=0.0, pos=array([0., 0.]), size=array([0.05, 0.05]), units='norm', vertices=ndarray(...), win=Window(...), windingRule=None)
15.2383 	EXP 	Created slider = Slider(__class__=<class 'psychopy.visual.slider.Slider'>, autoDraw=False, autoLog=True, borderColor=None, color=None, colorSpace='rgb', depth=-10, fillColor=None, flip=False, font='Noto Sans', granularity=1, labelColor=None, labelHeight=np.float64(0.05), labelWrapWidth=None, labels=(0, 1, 2, 3, 4, 5, 6, 7, 8, 9), lineColor=None, markerColor=None, name='slider', opacity=None, ori=0.0, pos=array([ 0. , -0.4]), readOnly=False, self=UNKNOWN, size=array([1. , 0.1]), startValue=None, style='choice', styleTweaks=[], ticks=array([0, 1, 2, 3, 4, 5, 6, 7, 8, 9]), units='norm', win=Window(...))
15.2390 	EXP 	Created norm_arrow = ShapeStim(__class__=<class 'psychopy.visual.shape.ShapeStim'>, anchor=('center', 'center'), autoDraw=False, autoLog=True, closeShape=True, color=method-wrapper(...), colorSpace='rgb', contrast=None, depth=-12.0, draggable=False, fillColor=array([1, 1, 1]), fillColorSpace='rgb', fillRGB=array([1, 1, 1]), interpolate=True, lineColor=array([1., 1., 1.]), lineColorSpace='rgb', lineRGB=array([1, 1, 1]), lineWidth=1.0, name='norm_arrow', opacity=1, ori=0.0, pos=array([0.7, 0.6]), size=array([0.05, 0.05]), units='height', vertices=ndarray(...), win=Window(...), windingRule=None)
15.2438 	EXP 	Created text_5 = TextStim(__class__=<class 'psychopy.visual.text.TextStim'>, alignHoriz=method-wrapper(...), alignText='center', alignVert=method-wrapper(...), anchorHoriz='center', anchorVert='center', antialias=True, autoDraw=False, autoLog=True, bold=False, color=array([1., 1., 1.]), colorSpace='rgb', contrast=1.0, depth=0.0, draggable=False, flipHoriz=False, flipVert=False, font='Arial', fontFiles=[], height=0.05, italic=False, languageStyle='LTR', name='text_5', opacity=1, ori=0.0, pos=array([0., 0.]), rgb=UNKNOWN, text='', units='height', win=Window(...), wrapWidth=1)
15.2455 	EXP 	Created text_7 = TextStim(__class__=<class 'psychopy.visual.text.TextStim'>, alignHoriz=method-wrapper(...), alignText='center', alignVert=method-wrapper(...), anchorHoriz='center', anchorVert='center', antialias=True, autoDraw=False, autoLog=True, bold=False, color=array([1., 1., 1.]), colorSpace='rgb', contrast=1.0, depth=0.0, draggable=False, flipHoriz=False, flipVert=False, font='Arial', fontFiles=[], height=np.float64(0.05), italic=False, languageStyle='LTR', name='text_7', opacity=1, ori=0.0, pos=array([0., 0.]), rgb=UNKNOWN, text=str(...), units='height', win=Window(...), wrapWidth=1)
0.0049 	EXP 	equation_practice_1: autoLog = True
0.0049 	EXP 	slider_3: autoLog = True
0.0049 	EXP 	slider_3: styleTweaks = []
0.0049 	EXP 	slider_3: styleTweaks = []
0.0049 	EXP 	slider_3: styleTweaks = []
0.0049 	EXP 	slider_3: styleTweaks = []
0.0049 	EXP 	slider_3: contrast = 1.0
0.0049 	EXP 	slider_3: markerPos = None
0.0049 	EXP 	slider_3: autoLog = True
0.0049 	EXP 	feedback_practice_1: autoLog = True
0.0049 	EXP 	prog_3: direction = 'horizontal'
0.0049 	EXP 	prog_3: progress = 0.0
0.0049 	EXP 	targlab: autoLog = True
0.0049 	EXP 	yourperf: autoLog = True
0.0049 	EXP 	slider_4: autoLog = True
0.0049 	EXP 	slider_4: styleTweaks = []
0.0049 	EXP 	slider_4: styleTweaks = []
0.0049 	EXP 	slider_4: styleTweaks = []
0.0049 	EXP 	slider_4: styleTweaks = []
0.0049 	EXP 	slider_4: contrast = 1.0
0.0049 	EXP 	slider_4: markerPos = None
0.0049 	EXP 	slider_4: autoLog = True
0.0049 	EXP 	textbox_5: autoLog = True
0.0049 	EXP 	feedback_practice_1: autoLog = True
0.0049 	EXP 	textbox_3: autoLog = True
0.0049 	EXP 	slider_training: autoLog = True
0.0049 	EXP 	slider_training: styleTweaks = []
0.0049 	EXP 	slider_training: styleTweaks = []
0.0049 	EXP 	slider_training: styleTweaks = []
0.0049 	EXP 	slider_training: styleTweaks = []
0.0049 	EXP 	slider_training: contrast = 1.0
0.0049 	EXP 	slider_training: markerPos = None
0.0049 	EXP 	slider_training: autoLog = True
0.0049 	EXP 	feedback_practice_1: autoLog = True
0.0049 	EXP 	prog: direction = 'horizontal'
0.0049 	EXP 	prog: progress = 0.0
0.0049 	EXP 	yourperfexp: autoLog = True
0.0049 	EXP 	tarlabexp: autoLog = True
0.0049 	EXP 	textbox: autoLog = True
0.0049 	EXP 	slider: autoLog = True
0.0049 	EXP 	slider: styleTweaks = []
0.0049 	EXP 	slider: styleTweaks = []
0.0049 	EXP 	slider: styleTweaks = []
0.0049 	EXP 	slider: styleTweaks = []
0.0049 	EXP 	slider: contrast = 1.0
0.0049 	EXP 	slider: markerPos = None
0.0049 	EXP 	slider: autoLog = True
0.0049 	EXP 	feedback_practice_1: autoLog = True
0.0121 	DEBUG 	Read excel file with openpyxl: experiment_difficulty.xlsx
0.0123 	EXP 	Imported experiment_difficulty.xlsx as conditions, 5 conditions, 3 params
0.0125 	EXP 	New trial (rep=0, index=0): <Trial 0 (0 in rep 0) data={'exp_diff': 'hard', 'exp_time': 120, 'diffbyt': 7.0, 'thisN': 0, 'thisTrialN': 0, 'thisRepN': 0}>
0.0152 	EXP 	New trial (rep=0, index=0): <Trial 0 (0 in rep 0) data={'thisN': 0, 'thisTrialN': 0, 'thisRepN': 0}>
0.0203 	EXP 	fix: autoDraw = True
0.5089 	DEBUG 	TextBox2 loaded 1 chars with 0 blanks and 1 valid
0.5105 	DEBUG 	TextBox2 loaded 1 chars with 0 blanks and 1 valid
0.5116 	DEBUG 	TextBox2 loaded 1 chars with 0 blanks and 1 valid
0.5129 	DEBUG 	TextBox2 loaded 1 chars with 0 blanks and 1 valid
0.5141 	DEBUG 	TextBox2 loaded 1 chars with 0 blanks and 1 valid
0.5146 	DEBUG 	TextBox2 loaded 1 chars with 0 blanks and 1 valid
0.5157 	DEBUG 	TextBox2 loaded 1 chars with 0 blanks and 1 valid
0.5164 	DEBUG 	TextBox2 loaded 1 chars with 0 blanks and 1 valid
0.5175 	DEBUG 	TextBox2 loaded 1 chars with 0 blanks and 1 valid
0.5177 	DEBUG 	Uploading Texture Font fontname to graphics card
0.5212 	DEBUG 	Upload of Texture Font fontname complete
0.5469 	INFO 	Keyboard events cleared
0.5469 	WARNING 	t of last frame was 45.12ms (=1/22)
0.5469 	EXP 	fix: autoDraw = False
0.5469 	EXP 	slider: markerPos = None
0.5469 	EXP 	slider: markerPos = None
0.5469 	EXP 	prog: autoDraw = True
0.5469 	EXP 	redbar: autoDraw = True
0.5469 	EXP 	yellowbar: autoDraw = True
0.5469 	EXP 	greenbar: autoDraw = True
0.5469 	EXP 	targarrow: autoDraw = True
0.5469 	EXP 	userArrow: autoDraw = True
0.5469 	EXP 	yourperfexp: autoDraw = True
0.5469 	EXP 	tarlabexp: autoDraw = True
0.5469 	EXP 	textbox: autoDraw = True
0.5469 	EXP 	slider: autoDraw = True
0.5469 	EXP 	norm_arrow: autoDraw = True
0.6124 	WARNING 	t of last frame was 27.07ms (=1/36)
10.5153 	DEBUG 	Saving data for misty_module ExperimentHandler
10.5162 	INFO 	saved data to /Users/oliverclark/misty_py/data/pilot_misty_module_2026-02-04_13h42.16.200.psydat
10.5165 	INFO 	saved data to '/Users/oliverclark/misty_py/data/pilot_misty_module_2026-02-04_13h42.16.200.csv'
10.5175 	WARNING 	Stopping key buffers but this could be dangerous ifother keyboards rely on the same.
