4.5987 	DEBUG 	Fullscreen settings ignored as running in pilot mode.
4.5999 	INFO 	Loaded monitor calibration from ['2025_12_08 16:52']
5.0182 	INFO 	Using renderer 'NVIDIA GeForce GTX 1660/PCIe/SSE2' for graphics
5.0182 	INFO 	OpenGL version supported by driver is 4..
5.0247 	EXP 	Created window1 = Window(allowGUI=False, allowStencil=True, autoLog=True, backendConf=UNKNOWN, backgroundFit=<method-wrapper '__getattribute__' of attributeSetter object at 0x75738e9818d0>, backgroundImage=<method-wrapper '__getattribute__' of attributeSetter object at 0x75738e981870>, bitsMode=UNKNOWN, blendMode='avg', bpc=(8, 8, 8), color=array([0, 0, 0]), colorSpace='rgb', depthBits=8, fullscr=False, gamma=None, gammaErrorPolicy='raise', infoMsg=UNKNOWN, lms=UNKNOWN, monitor=<psychopy.monitors.calibTools.Monitor object at 0x75738c11bac0>, multiSample=False, name='window1', numSamples=2, pos=[np.float64(560.0), np.float64(240.0)], screen=0, size=array([800, 600]), stencilBits=8, stereo=False, title='PsychoPy', units='height', useFBO=True, useRetina=False, viewOri=0.0, viewPos=None, viewScale=None, waitBlanking=True, winType='pyglet')
5.0248 	EXP 	window1: backgroundImage = ''
5.0248 	EXP 	window1: backgroundFit = 'none'
5.0359 	DEBUG 	TextBox2 loaded 1 chars with 0 blanks and 1 valid
5.0374 	DEBUG 	TextBox2 loaded 1 chars with 0 blanks and 1 valid
5.0388 	DEBUG 	TextBox2 loaded 1 chars with 0 blanks and 1 valid
5.0406 	DEBUG 	TextBox2 loaded 1 chars with 0 blanks and 1 valid
5.0425 	DEBUG 	TextBox2 loaded 1 chars with 0 blanks and 1 valid
5.0436 	DEBUG 	TextBox2 loaded 1 chars with 0 blanks and 1 valid
5.0450 	DEBUG 	TextBox2 loaded 1 chars with 0 blanks and 1 valid
5.0467 	DEBUG 	TextBox2 loaded 1 chars with 0 blanks and 1 valid
5.0476 	DEBUG 	TextBox2 loaded 1 chars with 0 blanks and 1 valid
5.0486 	DEBUG 	TextBox2 loaded 1 chars with 0 blanks and 1 valid
5.0501 	DEBUG 	TextBox2 loaded 1 chars with 0 blanks and 1 valid
5.0515 	DEBUG 	TextBox2 loaded 1 chars with 0 blanks and 1 valid
5.0529 	DEBUG 	TextBox2 loaded 1 chars with 0 blanks and 1 valid
5.0544 	DEBUG 	TextBox2 loaded 1 chars with 0 blanks and 1 valid
5.0557 	DEBUG 	TextBox2 loaded 1 chars with 0 blanks and 1 valid
5.0572 	DEBUG 	TextBox2 loaded 1 chars with 0 blanks and 1 valid
5.0587 	DEBUG 	TextBox2 loaded 1 chars with 0 blanks and 1 valid
5.0598 	DEBUG 	TextBox2 loaded 1 chars with 0 blanks and 1 valid
5.0609 	DEBUG 	TextBox2 loaded 1 chars with 0 blanks and 1 valid
5.0627 	DEBUG 	TextBox2 loaded 1 chars with 0 blanks and 1 valid
5.0638 	DEBUG 	TextBox2 loaded 1 chars with 0 blanks and 1 valid
5.0641 	DEBUG 	Uploading Texture Font fontname to graphics card
5.0709 	DEBUG 	Upload of Texture Font fontname complete
5.0806 	DEBUG 	TextBox2 loaded 1 chars with 0 blanks and 1 valid
5.0824 	DEBUG 	TextBox2 loaded 1 chars with 0 blanks and 1 valid
5.0841 	DEBUG 	TextBox2 loaded 1 chars with 0 blanks and 1 valid
5.0844 	DEBUG 	Uploading Texture Font fontname to graphics card
5.0893 	DEBUG 	Upload of Texture Font fontname complete
5.0938 	EXP 	window1: Attempting to measure frame rate of screen (0) ...
5.0938 	EXP 	window1: recordFrameIntervals = False
5.2600 	EXP 	window1: recordFrameIntervals = True
5.4435 	EXP 	Screen (0) actual frame rate measured at 60.00Hz
5.4435 	EXP 	window1: recordFrameIntervals = False
5.4523 	DEBUG 	TextBox2 loaded 1 chars with 0 blanks and 1 valid
5.4538 	DEBUG 	TextBox2 loaded 1 chars with 0 blanks and 1 valid
5.4553 	DEBUG 	TextBox2 loaded 1 chars with 0 blanks and 1 valid
5.4572 	DEBUG 	TextBox2 loaded 1 chars with 0 blanks and 1 valid
5.4591 	DEBUG 	TextBox2 loaded 1 chars with 0 blanks and 1 valid
5.4609 	DEBUG 	TextBox2 loaded 1 chars with 0 blanks and 1 valid
5.4620 	DEBUG 	TextBox2 loaded 1 chars with 0 blanks and 1 valid
5.4637 	DEBUG 	TextBox2 loaded 1 chars with 0 blanks and 1 valid
5.4655 	DEBUG 	TextBox2 loaded 1 chars with 0 blanks and 1 valid
5.4672 	DEBUG 	TextBox2 loaded 1 chars with 0 blanks and 1 valid
5.4676 	DEBUG 	Uploading Texture Font fontname to graphics card
5.4690 	DEBUG 	Upload of Texture Font fontname complete
5.4928 	INFO 	keyboard.Keyboard is using ptb backend.
5.4929 	EXP 	misty_module: status = STARTED
5.5346 	EXP 	Created text = TextStim(__class__=<class 'psychopy.visual.text.TextStim'>, alignHoriz=method-wrapper(...), alignText='center', alignVert=method-wrapper(...), anchorHoriz='center', anchorVert='center', antialias=True, autoDraw=False, autoLog=True, bold=False, color=array([1., 1., 1.]), colorSpace='rgb', contrast=1.0, depth=0.0, draggable=False, flipHoriz=False, flipVert=False, font='Arial', fontFiles=[], height=np.float64(0.05), italic=False, languageStyle='LTR', name='text', opacity=1, ori=0.0, pos=array([0., 0.]), rgb=UNKNOWN, text=str(...), units='height', win=Window(...), wrapWidth=1)
5.6720 	EXP 	Created intstructs = TextStim(__class__=<class 'psychopy.visual.text.TextStim'>, alignHoriz=method-wrapper(...), alignText='center', alignVert=method-wrapper(...), anchorHoriz='center', anchorVert='center', antialias=True, autoDraw=False, autoLog=True, bold=False, color=array([1., 1., 1.]), colorSpace='rgb', contrast=1.0, depth=0.0, draggable=False, flipHoriz=False, flipVert=False, font='Arial', fontFiles=[], height=np.float64(0.05), italic=False, languageStyle='LTR', name='intstructs', opacity=1, ori=0.0, pos=array([0., 0.]), rgb=UNKNOWN, text=str(...), units='height', win=Window(...), wrapWidth=1)
5.6781 	EXP 	Created fix = TextStim(__class__=<class 'psychopy.visual.text.TextStim'>, alignHoriz=method-wrapper(...), alignText='center', alignVert=method-wrapper(...), anchorHoriz='center', anchorVert='center', antialias=True, autoDraw=False, autoLog=True, bold=False, color=array([1., 1., 1.]), colorSpace='rgb', contrast=1.0, depth=-1.0, draggable=False, flipHoriz=False, flipVert=False, font='Open Sans', fontFiles=[], height=np.float64(0.1), italic=False, languageStyle='LTR', name='fix', opacity=1, ori=0.0, pos=array([0., 0.]), rgb=UNKNOWN, text='+', units='height', win=Window(...), wrapWidth=1)
5.6810 	WARNING 	Font b'Arial' was requested. No similar font found.
5.6870 	WARNING 	Font b'Arial' was requested. No similar font found.
5.6898 	DEBUG 	TextBox2 loaded 1 chars with 0 blanks and 1 valid
5.6914 	DEBUG 	TextBox2 loaded 1 chars with 0 blanks and 1 valid
5.6928 	DEBUG 	TextBox2 loaded 1 chars with 0 blanks and 1 valid
5.6941 	DEBUG 	TextBox2 loaded 1 chars with 0 blanks and 1 valid
5.6947 	DEBUG 	TextBox2 loaded 1 chars with 0 blanks and 1 valid
5.6954 	DEBUG 	TextBox2 loaded 1 chars with 0 blanks and 1 valid
5.6967 	DEBUG 	TextBox2 loaded 1 chars with 0 blanks and 1 valid
5.6980 	DEBUG 	TextBox2 loaded 1 chars with 0 blanks and 1 valid
5.6987 	DEBUG 	TextBox2 loaded 1 chars with 0 blanks and 1 valid
5.6990 	DEBUG 	Uploading Texture Font fontname to graphics card
5.7043 	DEBUG 	Upload of Texture Font fontname complete
5.7233 	DEBUG 	TextBox2 loaded 1 chars with 0 blanks and 1 valid
5.7236 	DEBUG 	Uploading Texture Font fontname to graphics card
5.7250 	DEBUG 	Upload of Texture Font fontname complete
5.7319 	DEBUG 	TextBox2 loaded 1 chars with 0 blanks and 1 valid
5.7330 	DEBUG 	TextBox2 loaded 1 chars with 0 blanks and 1 valid
5.7342 	DEBUG 	TextBox2 loaded 1 chars with 0 blanks and 1 valid
5.7352 	DEBUG 	TextBox2 loaded 1 chars with 0 blanks and 1 valid
5.7361 	DEBUG 	TextBox2 loaded 1 chars with 0 blanks and 1 valid
5.7370 	DEBUG 	TextBox2 loaded 1 chars with 0 blanks and 1 valid
5.7381 	DEBUG 	TextBox2 loaded 1 chars with 0 blanks and 1 valid
5.7390 	DEBUG 	TextBox2 loaded 1 chars with 0 blanks and 1 valid
5.7400 	DEBUG 	TextBox2 loaded 1 chars with 0 blanks and 1 valid
5.7410 	DEBUG 	TextBox2 loaded 1 chars with 0 blanks and 1 valid
5.7413 	DEBUG 	Uploading Texture Font fontname to graphics card
5.7424 	DEBUG 	Upload of Texture Font fontname complete
5.7491 	DEBUG 	TextBox2 loaded 1 chars with 0 blanks and 1 valid
5.7494 	DEBUG 	Uploading Texture Font fontname to graphics card
5.7542 	DEBUG 	Upload of Texture Font fontname complete
5.7670 	DEBUG 	TextBox2 loaded 1 chars with 0 blanks and 1 valid
5.7673 	DEBUG 	Uploading Texture Font fontname to graphics card
5.7684 	DEBUG 	Upload of Texture Font fontname complete
5.7809 	DEBUG 	TextBox2 loaded 1 chars with 0 blanks and 1 valid
5.7812 	DEBUG 	Uploading Texture Font fontname to graphics card
5.7824 	DEBUG 	Upload of Texture Font fontname complete
5.7951 	DEBUG 	TextBox2 loaded 1 chars with 0 blanks and 1 valid
5.7953 	DEBUG 	Uploading Texture Font fontname to graphics card
5.7964 	DEBUG 	Upload of Texture Font fontname complete
5.8090 	DEBUG 	TextBox2 loaded 1 chars with 0 blanks and 1 valid
5.8092 	DEBUG 	Uploading Texture Font fontname to graphics card
5.8104 	DEBUG 	Upload of Texture Font fontname complete
5.8230 	DEBUG 	TextBox2 loaded 1 chars with 0 blanks and 1 valid
5.8233 	DEBUG 	Uploading Texture Font fontname to graphics card
5.8244 	DEBUG 	Upload of Texture Font fontname complete
5.8369 	DEBUG 	TextBox2 loaded 1 chars with 0 blanks and 1 valid
5.8371 	DEBUG 	Uploading Texture Font fontname to graphics card
5.8383 	DEBUG 	Upload of Texture Font fontname complete
5.8509 	DEBUG 	TextBox2 loaded 1 chars with 0 blanks and 1 valid
5.8512 	DEBUG 	Uploading Texture Font fontname to graphics card
5.8523 	DEBUG 	Upload of Texture Font fontname complete
5.8649 	DEBUG 	TextBox2 loaded 1 chars with 0 blanks and 1 valid
5.8652 	DEBUG 	Uploading Texture Font fontname to graphics card
5.8663 	DEBUG 	Upload of Texture Font fontname complete
5.9308 	EXP 	Created slider_3 = Slider(__class__=<class 'psychopy.visual.slider.Slider'>, autoDraw=False, autoLog=True, borderColor=None, color=None, colorSpace='rgb', depth=-2, fillColor=None, flip=False, font='Noto Sans', granularity=1, labelColor=None, labelHeight=np.float64(0.05), labelWrapWidth=None, labels=(0, 1, 2, 3, 4, 5, 6, 7, 8, 9), lineColor=None, markerColor=None, name='slider_3', opacity=None, ori=0.0, pos=array([ 0. , -0.4]), readOnly=False, self=UNKNOWN, size=array([1. , 0.1]), startValue=None, style='choice', styleTweaks=[], ticks=array([0, 1, 2, 3, 4, 5, 6, 7, 8, 9]), units='norm', win=Window(...))
5.9337 	WARNING 	Font b'Arial' was requested. No similar font found.
5.9391 	WARNING 	Font b'Arial' was requested. No similar font found.
5.9467 	EXP 	Created text_2 = TextStim(__class__=<class 'psychopy.visual.text.TextStim'>, alignHoriz=method-wrapper(...), alignText='center', alignVert=method-wrapper(...), anchorHoriz='center', anchorVert='center', antialias=True, autoDraw=False, autoLog=True, bold=False, color=array([1., 1., 1.]), colorSpace='rgb', contrast=1.0, depth=0.0, draggable=False, flipHoriz=False, flipVert=False, font='Arial', fontFiles=[], height=np.float64(0.05), italic=False, languageStyle='LTR', name='text_2', opacity=1, ori=0.0, pos=array([0., 0.]), rgb=UNKNOWN, text=str(...), units='height', win=Window(...), wrapWidth=1)
5.9489 	EXP 	Created fix = TextStim(__class__=<class 'psychopy.visual.text.TextStim'>, alignHoriz=method-wrapper(...), alignText='center', alignVert=method-wrapper(...), anchorHoriz='center', anchorVert='center', antialias=True, autoDraw=False, autoLog=True, bold=False, color=array([1., 1., 1.]), colorSpace='rgb', contrast=1.0, depth=-1.0, draggable=False, flipHoriz=False, flipVert=False, font='Open Sans', fontFiles=[], height=np.float64(0.1), italic=False, languageStyle='LTR', name='fix', opacity=1, ori=0.0, pos=array([0., 0.]), rgb=UNKNOWN, text='+', units='height', win=Window(...), wrapWidth=1)
5.9522 	EXP 	Created prog_3 = Progress(__class__=<class 'psychopy.visual.progress.Progress'>, anchor=('left', 'top'), autoDraw=False, autoLog=True, closeShape=True, color=method-wrapper(...), colorSpace='rgb', contrast=None, depth=-1, draggable=False, fillColor=array([-1.    ,  0.5373, -1.    ]), fillColorSpace='rgb', fillRGB=array([-1.    ,  0.5373, -1.    ]), interpolate=True, lineColor=array([1., 1., 1.]), lineColorSpace='rgb', lineRGB=array([1, 1, 1]), lineWidth=4.0, name='prog_3', opacity=1.0, ori=0.0, pos=array([-0.5,  0.5]), size=array([1. , 0.1]), units='norm', vertices=ndarray(...), win=Window(...), windingRule=None)
5.9544 	EXP 	Created prog_3Bar = ShapeStim(__class__=<class 'psychopy.visual.shape.ShapeStim'>, anchor=('left', 'top'), autoDraw=False, autoLog=True, closeShape=True, color=method-wrapper(...), colorSpace='rgb', contrast=None, depth=-1, draggable=False, fillColor=array([ 1., -1., -1.]), fillColorSpace='rgb', fillRGB=array([ 1., -1., -1.]), interpolate=True, lineColor=array([0., 0., 0.]), lineColorSpace='rgb', lineRGB=array([0, 0, 0]), lineWidth=1.5, name='prog_3Bar', opacity=1.0, ori=0.0, pos=array([-0.5,  0.5]), size=array([1. , 0.1]), units='norm', vertices=ndarray(...), win=Window(...), windingRule=None)
5.9564 	EXP 	Created greenbar_3 = Rect(__class__=<class 'psychopy.visual.rect.Rect'>, anchor=('left', 'center'), autoDraw=False, autoLog=True, closeShape=True, color=method-wrapper(...), colorSpace='rgb', contrast=None, depth=-2.0, draggable=False, fillColor=array([-1.    ,  0.0039, -1.    ]), fillColorSpace='rgb', fillRGB=array([-1.    ,  0.0039, -1.    ]), interpolate=True, lineColor=array([1., 1., 1.]), lineColorSpace='rgb', lineRGB=array([1, 1, 1]), lineWidth=1.0, name='greenbar_3', opacity=1, ori=0.0, pos=array([0.33333333, 0.7       ]), size=array([0.66666667, 0.1       ]), units='norm', vertices=ndarray(...), win=Window(...))
5.9583 	EXP 	Created yellowbar_3 = Rect(__class__=<class 'psychopy.visual.rect.Rect'>, anchor=('left', 'center'), autoDraw=False, autoLog=True, closeShape=True, color=method-wrapper(...), colorSpace='rgb', contrast=None, depth=-3.0, draggable=False, fillColor=array([ 1.,  1., -1.]), fillColorSpace='rgb', fillRGB=array([ 1.,  1., -1.]), interpolate=True, lineColor=array([1., 1., 1.]), lineColorSpace='rgb', lineRGB=array([1, 1, 1]), lineWidth=1.0, name='yellowbar_3', opacity=1, ori=0.0, pos=array([-0.33333333,  0.7       ]), size=array([0.66666667, 0.1       ]), units='norm', vertices=ndarray(...), win=Window(...))
5.9602 	EXP 	Created redbar_3 = Rect(__class__=<class 'psychopy.visual.rect.Rect'>, anchor=('left', 'center'), autoDraw=False, autoLog=True, closeShape=True, color=method-wrapper(...), colorSpace='rgb', contrast=None, depth=-4.0, draggable=False, fillColor=array([ 1., -1., -1.]), fillColorSpace='rgb', fillRGB=array([ 1., -1., -1.]), interpolate=True, lineColor=array([1., 1., 1.]), lineColorSpace='rgb', lineRGB=array([1, 1, 1]), lineWidth=1.0, name='redbar_3', opacity=1, ori=0.0, pos=array([-1. ,  0.7]), size=array([0.66666667, 0.1       ]), units='norm', vertices=ndarray(...), win=Window(...))
5.9626 	EXP 	Created arrow_3 = ShapeStim(__class__=<class 'psychopy.visual.shape.ShapeStim'>, anchor=('center', 'center'), autoDraw=False, autoLog=True, closeShape=True, color=method-wrapper(...), colorSpace='rgb', contrast=None, depth=-5.0, draggable=False, fillColor=array([1, 1, 1]), fillColorSpace='rgb', fillRGB=array([1, 1, 1]), interpolate=True, lineColor=array([1., 1., 1.]), lineColorSpace='rgb', lineRGB=array([1, 1, 1]), lineWidth=1.0, name='arrow_3', opacity=1, ori=0.0, pos=array([0., 0.]), size=array([0.05, 0.05]), units='norm', vertices=ndarray(...), win=Window(...), windingRule=None)
5.9653 	WARNING 	Font b'Arial' was requested. No similar font found.
5.9707 	WARNING 	Font b'Arial' was requested. No similar font found.
6.1535 	EXP 	Created slider_4 = Slider(__class__=<class 'psychopy.visual.slider.Slider'>, autoDraw=False, autoLog=True, borderColor=None, color=None, colorSpace='rgb', depth=-7, fillColor=None, flip=False, font='Noto Sans', granularity=1, labelColor=None, labelHeight=np.float64(0.05), labelWrapWidth=None, labels=(0, 1, 2, 3, 4, 5, 6, 7, 8, 9), lineColor=None, markerColor=None, name='slider_4', opacity=None, ori=0.0, pos=array([ 0. , -0.4]), readOnly=False, self=UNKNOWN, size=array([1. , 0.1]), startValue=None, style='choice', styleTweaks=[], ticks=array([0, 1, 2, 3, 4, 5, 6, 7, 8, 9]), units='norm', win=Window(...))
6.1564 	WARNING 	Font b'Arial' was requested. No similar font found.
6.1618 	WARNING 	Font b'Arial' was requested. No similar font found.
6.1683 	EXP 	Created text_3 = TextStim(__class__=<class 'psychopy.visual.text.TextStim'>, alignHoriz=method-wrapper(...), alignText='center', alignVert=method-wrapper(...), anchorHoriz='center', anchorVert='center', antialias=True, autoDraw=False, autoLog=True, bold=False, color=array([1., 1., 1.]), colorSpace='rgb', contrast=1.0, depth=0.0, draggable=False, flipHoriz=False, flipVert=False, font='Arial', fontFiles=[], height=np.float64(0.05), italic=False, languageStyle='LTR', name='text_3', opacity=1, ori=0.0, pos=array([0., 0.]), rgb=UNKNOWN, text='Training instructions here', units='height', win=Window(...), wrapWidth=1)
6.1705 	EXP 	Created fix = TextStim(__class__=<class 'psychopy.visual.text.TextStim'>, alignHoriz=method-wrapper(...), alignText='center', alignVert=method-wrapper(...), anchorHoriz='center', anchorVert='center', antialias=True, autoDraw=False, autoLog=True, bold=False, color=array([1., 1., 1.]), colorSpace='rgb', contrast=1.0, depth=-1.0, draggable=False, flipHoriz=False, flipVert=False, font='Open Sans', fontFiles=[], height=np.float64(0.1), italic=False, languageStyle='LTR', name='fix', opacity=1, ori=0.0, pos=array([0., 0.]), rgb=UNKNOWN, text='+', units='height', win=Window(...), wrapWidth=1)
6.1733 	WARNING 	Font b'Arial' was requested. No similar font found.
6.1785 	WARNING 	Font b'Arial' was requested. No similar font found.
6.3589 	EXP 	Created slider_training = Slider(__class__=<class 'psychopy.visual.slider.Slider'>, autoDraw=False, autoLog=True, borderColor=None, color=None, colorSpace='rgb', depth=-2, fillColor=None, flip=False, font='Noto Sans', granularity=1, labelColor=None, labelHeight=np.float64(0.05), labelWrapWidth=None, labels=(0, 1, 2, 3, 4, 5, 6, 7, 8, 9), lineColor=None, markerColor=None, name='slider_training', opacity=None, ori=0.0, pos=array([ 0. , -0.4]), readOnly=False, self=UNKNOWN, size=array([1. , 0.1]), startValue=None, style='choice', styleTweaks=[], ticks=array([0, 1, 2, 3, 4, 5, 6, 7, 8, 9]), units='norm', win=Window(...))
6.3618 	WARNING 	Font b'Arial' was requested. No similar font found.
6.3671 	WARNING 	Font b'Arial' was requested. No similar font found.
6.3724 	EXP 	Created fix = TextStim(__class__=<class 'psychopy.visual.text.TextStim'>, alignHoriz=method-wrapper(...), alignText='center', alignVert=method-wrapper(...), anchorHoriz='center', anchorVert='center', antialias=True, autoDraw=False, autoLog=True, bold=False, color=array([1., 1., 1.]), colorSpace='rgb', contrast=1.0, depth=-1.0, draggable=False, flipHoriz=False, flipVert=False, font='Open Sans', fontFiles=[], height=np.float64(0.1), italic=False, languageStyle='LTR', name='fix', opacity=1, ori=0.0, pos=array([0., 0.]), rgb=UNKNOWN, text='+', units='height', win=Window(...), wrapWidth=1)
6.3748 	EXP 	Created prog = Progress(__class__=<class 'psychopy.visual.progress.Progress'>, anchor=('left', 'top'), autoDraw=False, autoLog=True, closeShape=True, color=method-wrapper(...), colorSpace='rgb', contrast=None, depth=-1, draggable=False, fillColor=array([-1.    ,  0.5373, -1.    ]), fillColorSpace='rgb', fillRGB=array([-1.    ,  0.5373, -1.    ]), interpolate=True, lineColor=array([1., 1., 1.]), lineColorSpace='rgb', lineRGB=array([1, 1, 1]), lineWidth=4.0, name='prog', opacity=1.0, ori=0.0, pos=array([-0.5,  0.5]), size=array([1. , 0.1]), units='norm', vertices=ndarray(...), win=Window(...), windingRule=None)
6.3770 	EXP 	Created progBar = ShapeStim(__class__=<class 'psychopy.visual.shape.ShapeStim'>, anchor=('left', 'top'), autoDraw=False, autoLog=True, closeShape=True, color=method-wrapper(...), colorSpace='rgb', contrast=None, depth=-1, draggable=False, fillColor=array([ 1., -1., -1.]), fillColorSpace='rgb', fillRGB=array([ 1., -1., -1.]), interpolate=True, lineColor=array([0., 0., 0.]), lineColorSpace='rgb', lineRGB=array([0, 0, 0]), lineWidth=1.5, name='progBar', opacity=1.0, ori=0.0, pos=array([-0.5,  0.5]), size=array([1. , 0.1]), units='norm', vertices=ndarray(...), win=Window(...), windingRule=None)
6.3790 	EXP 	Created greenbar = Rect(__class__=<class 'psychopy.visual.rect.Rect'>, anchor=('left', 'center'), autoDraw=False, autoLog=True, closeShape=True, color=method-wrapper(...), colorSpace='rgb', contrast=None, depth=-2.0, draggable=False, fillColor=array([-1.    ,  0.0039, -1.    ]), fillColorSpace='rgb', fillRGB=array([-1.    ,  0.0039, -1.    ]), interpolate=True, lineColor=array([1., 1., 1.]), lineColorSpace='rgb', lineRGB=array([1, 1, 1]), lineWidth=1.0, name='greenbar', opacity=1, ori=0.0, pos=array([0.33333333, 0.7       ]), size=array([0.66666667, 0.1       ]), units='norm', vertices=ndarray(...), win=Window(...))
6.3808 	EXP 	Created yellowbar = Rect(__class__=<class 'psychopy.visual.rect.Rect'>, anchor=('left', 'center'), autoDraw=False, autoLog=True, closeShape=True, color=method-wrapper(...), colorSpace='rgb', contrast=None, depth=-3.0, draggable=False, fillColor=array([ 1.,  1., -1.]), fillColorSpace='rgb', fillRGB=array([ 1.,  1., -1.]), interpolate=True, lineColor=array([1., 1., 1.]), lineColorSpace='rgb', lineRGB=array([1, 1, 1]), lineWidth=1.0, name='yellowbar', opacity=1, ori=0.0, pos=array([-0.33333333,  0.7       ]), size=array([0.66666667, 0.1       ]), units='norm', vertices=ndarray(...), win=Window(...))
6.3827 	EXP 	Created redbar = Rect(__class__=<class 'psychopy.visual.rect.Rect'>, anchor=('left', 'center'), autoDraw=False, autoLog=True, closeShape=True, color=method-wrapper(...), colorSpace='rgb', contrast=None, depth=-4.0, draggable=False, fillColor=array([ 1., -1., -1.]), fillColorSpace='rgb', fillRGB=array([ 1., -1., -1.]), interpolate=True, lineColor=array([1., 1., 1.]), lineColorSpace='rgb', lineRGB=array([1, 1, 1]), lineWidth=1.0, name='redbar', opacity=1, ori=0.0, pos=array([-1. ,  0.7]), size=array([0.66666667, 0.1       ]), units='norm', vertices=ndarray(...), win=Window(...))
6.3849 	EXP 	Created arrow = ShapeStim(__class__=<class 'psychopy.visual.shape.ShapeStim'>, anchor=('center', 'center'), autoDraw=False, autoLog=True, closeShape=True, color=method-wrapper(...), colorSpace='rgb', contrast=None, depth=-5.0, draggable=False, fillColor=array([1, 1, 1]), fillColorSpace='rgb', fillRGB=array([1, 1, 1]), interpolate=True, lineColor=array([1., 1., 1.]), lineColorSpace='rgb', lineRGB=array([1, 1, 1]), lineWidth=1.0, name='arrow', opacity=1, ori=0.0, pos=array([0., 0.]), size=array([0.05, 0.05]), units='norm', vertices=ndarray(...), win=Window(...), windingRule=None)
6.3876 	WARNING 	Font b'Arial' was requested. No similar font found.
6.3928 	WARNING 	Font b'Arial' was requested. No similar font found.
6.5739 	EXP 	Created slider = Slider(__class__=<class 'psychopy.visual.slider.Slider'>, autoDraw=False, autoLog=True, borderColor=None, color=None, colorSpace='rgb', depth=-7, fillColor=None, flip=False, font='Noto Sans', granularity=1, labelColor=None, labelHeight=np.float64(0.05), labelWrapWidth=None, labels=(0, 1, 2, 3, 4, 5, 6, 7, 8, 9), lineColor=None, markerColor=None, name='slider', opacity=None, ori=0.0, pos=array([ 0. , -0.4]), readOnly=False, self=UNKNOWN, size=array([1. , 0.1]), startValue=None, style='choice', styleTweaks=[], ticks=array([0, 1, 2, 3, 4, 5, 6, 7, 8, 9]), units='norm', win=Window(...))
6.5767 	WARNING 	Font b'Arial' was requested. No similar font found.
6.5822 	WARNING 	Font b'Arial' was requested. No similar font found.
0.0085 	EXP 	textbox_4: autoLog = True
0.0085 	EXP 	slider_3: autoLog = True
0.0085 	EXP 	slider_3: styleTweaks = []
0.0085 	EXP 	slider_3: styleTweaks = []
0.0085 	EXP 	slider_3: styleTweaks = []
0.0085 	EXP 	slider_3: styleTweaks = []
0.0085 	EXP 	slider_3: contrast = 1.0
0.0085 	EXP 	slider_3: markerPos = None
0.0085 	EXP 	slider_3: autoLog = True
0.0085 	EXP 	textbox_2: autoLog = True
0.0085 	EXP 	prog_3: direction = 'horizontal'
0.0085 	EXP 	prog_3: progress = 0.0
0.0085 	EXP 	textbox_5: autoLog = True
0.0085 	EXP 	slider_4: autoLog = True
0.0085 	EXP 	slider_4: styleTweaks = []
0.0085 	EXP 	slider_4: styleTweaks = []
0.0085 	EXP 	slider_4: styleTweaks = []
0.0085 	EXP 	slider_4: styleTweaks = []
0.0085 	EXP 	slider_4: contrast = 1.0
0.0085 	EXP 	slider_4: markerPos = None
0.0085 	EXP 	slider_4: autoLog = True
0.0085 	EXP 	textbox_2: autoLog = True
0.0085 	EXP 	textbox_3: autoLog = True
0.0085 	EXP 	slider_training: autoLog = True
0.0085 	EXP 	slider_training: styleTweaks = []
0.0085 	EXP 	slider_training: styleTweaks = []
0.0085 	EXP 	slider_training: styleTweaks = []
0.0085 	EXP 	slider_training: styleTweaks = []
0.0085 	EXP 	slider_training: contrast = 1.0
0.0085 	EXP 	slider_training: markerPos = None
0.0085 	EXP 	slider_training: autoLog = True
0.0085 	EXP 	textbox_2: autoLog = True
0.0085 	EXP 	prog: direction = 'horizontal'
0.0085 	EXP 	prog: progress = 0.0
0.0085 	EXP 	textbox: autoLog = True
0.0085 	EXP 	slider: autoLog = True
0.0085 	EXP 	slider: styleTweaks = []
0.0085 	EXP 	slider: styleTweaks = []
0.0085 	EXP 	slider: styleTweaks = []
0.0085 	EXP 	slider: styleTweaks = []
0.0085 	EXP 	slider: contrast = 1.0
0.0085 	EXP 	slider: markerPos = None
0.0085 	EXP 	slider: autoLog = True
0.0085 	EXP 	textbox_2: autoLog = True
0.0264 	INFO 	Keyboard events cleared
0.0262 	EXP 	text: autoDraw = True
2.8118 	EXP 	Device response: <KeyPress from None: t=2.8107407093048096, value=l, duration=None>
2.8125 	DATA 	Keypress: l
2.8263 	INFO 	Keyboard events cleared
2.8262 	EXP 	text: autoDraw = False
2.8262 	EXP 	intstructs: autoDraw = True
2.9117 	EXP 	Device response: <KeyPress from None: t=2.8107407093048096, value=l, duration=0.08658456802368164>
3.3452 	EXP 	Device response: <KeyPress from None: t=3.3436319828033447, value=space, duration=None>
3.3455 	DATA 	Keypress: space
3.3594 	EXP 	intstructs: autoDraw = False
3.3594 	EXP 	text_2: autoDraw = True
3.4618 	EXP 	Device response: <KeyPress from None: t=3.3436319828033447, value=space, duration=0.10772538185119629>
5.3594 	EXP 	text_2: autoDraw = False
5.3594 	EXP 	text_2: autoDraw = False
5.3594 	EXP 	text_3: autoDraw = True
7.3558 	DEBUG 	Read csv file with pandas: training.csv
7.3582 	DEBUG 	Clearing unnamed columns from training.csv
7.3586 	EXP 	Imported training.csv as conditions, 5 conditions, 1 params
7.3593 	EXP 	New trial (rep=0, index=0): <Trial 0 (0 in rep 0) data={'train_diff': 'med2', 'thisN': 0, 'thisTrialN': 0, 'thisRepN': 0}>
7.3646 	EXP 	New trial (rep=0, index=0): <Trial 0 (0 in rep 0) data={'thisN': 0, 'thisTrialN': 0, 'thisRepN': 0}>
7.3750 	EXP 	text_3: autoDraw = False
7.3750 	EXP 	text_3: autoDraw = False
7.3750 	EXP 	fix: autoDraw = True
7.8730 	DEBUG 	TextBox2 loaded 1 chars with 0 blanks and 1 valid
7.8761 	DEBUG 	TextBox2 loaded 1 chars with 0 blanks and 1 valid
7.8795 	DEBUG 	TextBox2 loaded 1 chars with 0 blanks and 1 valid
7.8818 	DEBUG 	TextBox2 loaded 1 chars with 0 blanks and 1 valid
7.8830 	DEBUG 	TextBox2 loaded 1 chars with 0 blanks and 1 valid
7.8854 	DEBUG 	TextBox2 loaded 1 chars with 0 blanks and 1 valid
7.8872 	DEBUG 	TextBox2 loaded 1 chars with 0 blanks and 1 valid
7.8892 	DEBUG 	TextBox2 loaded 1 chars with 0 blanks and 1 valid
7.8895 	DEBUG 	Uploading Texture Font fontname to graphics card
7.8908 	DEBUG 	Upload of Texture Font fontname complete
7.9420 	INFO 	Keyboard events cleared
7.9417 	EXP 	fix: autoDraw = False
7.9417 	EXP 	slider_training: markerPos = None
7.9417 	EXP 	slider_training: markerPos = None
7.9417 	EXP 	textbox_3: autoDraw = True
7.9417 	EXP 	slider_training: autoDraw = True
9.5609 	EXP 	Device response: <KeyPress from None: t=9.55282711982727, value=escape, duration=None>
9.5632 	DATA 	Keypress: escape
9.6606 	EXP 	Device response: <KeyPress from None: t=9.55282711982727, value=escape, duration=0.09571623802185059>
9.6608 	EXP 	misty_module: status = STOPPED
9.6763 	EXP 	textbox_3: autoDraw = False
9.6763 	EXP 	slider_training: autoDraw = False
9.6785 	EXP 	misty_module: status = STOPPED
9.6834 	INFO 	saved data to '/home/hackerman/misty_py/data/pilot_misty_module_2026-01-29_18h35.25.051.csv'
9.6858 	INFO 	saved data to /home/hackerman/misty_py/data/pilot_misty_module_2026-01-29_18h35.25.051.psydat
9.8169 	DEBUG 	Saving data for misty_module ExperimentHandler
9.8253 	WARNING 	Stopping key buffers but this could be dangerous ifother keyboards rely on the same.
