3.7051 	DEBUG 	Fullscreen settings ignored as running in pilot mode.
3.7062 	INFO 	Loaded monitor calibration from ['2025_12_08 16:52']
4.0841 	INFO 	Using renderer 'NVIDIA GeForce GTX 1660/PCIe/SSE2' for graphics
4.0841 	INFO 	OpenGL version supported by driver is 4..
4.0909 	EXP 	Created window1 = Window(allowGUI=False, allowStencil=True, autoLog=True, backendConf=UNKNOWN, backgroundFit=<method-wrapper '__getattribute__' of attributeSetter object at 0x7f742ef5e290>, backgroundImage=<method-wrapper '__getattribute__' of attributeSetter object at 0x7f742ef5e230>, bitsMode=UNKNOWN, blendMode='avg', bpc=(8, 8, 8), color=array([0, 0, 0]), colorSpace='rgb', depthBits=8, fullscr=False, gamma=None, gammaErrorPolicy='raise', infoMsg=UNKNOWN, lms=UNKNOWN, monitor=<psychopy.monitors.calibTools.Monitor object at 0x7f7425e18490>, multiSample=False, name='window1', numSamples=2, pos=[np.float64(560.0), np.float64(240.0)], screen=0, size=array([800, 600]), stencilBits=8, stereo=False, title='PsychoPy', units='height', useFBO=True, useRetina=False, viewOri=0.0, viewPos=None, viewScale=None, waitBlanking=True, winType='pyglet')
4.0910 	EXP 	window1: backgroundImage = ''
4.0911 	EXP 	window1: backgroundFit = 'none'
4.1030 	DEBUG 	TextBox2 loaded 1 chars with 0 blanks and 1 valid
4.1046 	DEBUG 	TextBox2 loaded 1 chars with 0 blanks and 1 valid
4.1061 	DEBUG 	TextBox2 loaded 1 chars with 0 blanks and 1 valid
4.1079 	DEBUG 	TextBox2 loaded 1 chars with 0 blanks and 1 valid
4.1098 	DEBUG 	TextBox2 loaded 1 chars with 0 blanks and 1 valid
4.1109 	DEBUG 	TextBox2 loaded 1 chars with 0 blanks and 1 valid
4.1124 	DEBUG 	TextBox2 loaded 1 chars with 0 blanks and 1 valid
4.1142 	DEBUG 	TextBox2 loaded 1 chars with 0 blanks and 1 valid
4.1151 	DEBUG 	TextBox2 loaded 1 chars with 0 blanks and 1 valid
4.1161 	DEBUG 	TextBox2 loaded 1 chars with 0 blanks and 1 valid
4.1176 	DEBUG 	TextBox2 loaded 1 chars with 0 blanks and 1 valid
4.1191 	DEBUG 	TextBox2 loaded 1 chars with 0 blanks and 1 valid
4.1205 	DEBUG 	TextBox2 loaded 1 chars with 0 blanks and 1 valid
4.1220 	DEBUG 	TextBox2 loaded 1 chars with 0 blanks and 1 valid
4.1234 	DEBUG 	TextBox2 loaded 1 chars with 0 blanks and 1 valid
4.1249 	DEBUG 	TextBox2 loaded 1 chars with 0 blanks and 1 valid
4.1265 	DEBUG 	TextBox2 loaded 1 chars with 0 blanks and 1 valid
4.1276 	DEBUG 	TextBox2 loaded 1 chars with 0 blanks and 1 valid
4.1287 	DEBUG 	TextBox2 loaded 1 chars with 0 blanks and 1 valid
4.1306 	DEBUG 	TextBox2 loaded 1 chars with 0 blanks and 1 valid
4.1317 	DEBUG 	TextBox2 loaded 1 chars with 0 blanks and 1 valid
4.1322 	DEBUG 	Uploading Texture Font fontname to graphics card
4.1393 	DEBUG 	Upload of Texture Font fontname complete
4.1505 	DEBUG 	TextBox2 loaded 1 chars with 0 blanks and 1 valid
4.1524 	DEBUG 	TextBox2 loaded 1 chars with 0 blanks and 1 valid
4.1541 	DEBUG 	TextBox2 loaded 1 chars with 0 blanks and 1 valid
4.1545 	DEBUG 	Uploading Texture Font fontname to graphics card
4.1590 	DEBUG 	Upload of Texture Font fontname complete
4.1618 	EXP 	window1: Attempting to measure frame rate of screen (0) ...
4.1618 	EXP 	window1: recordFrameIntervals = False
4.3257 	EXP 	window1: recordFrameIntervals = True
4.5092 	EXP 	Screen (0) actual frame rate measured at 59.99Hz
4.5092 	EXP 	window1: recordFrameIntervals = False
4.5189 	DEBUG 	TextBox2 loaded 1 chars with 0 blanks and 1 valid
4.5203 	DEBUG 	TextBox2 loaded 1 chars with 0 blanks and 1 valid
4.5220 	DEBUG 	TextBox2 loaded 1 chars with 0 blanks and 1 valid
4.5239 	DEBUG 	TextBox2 loaded 1 chars with 0 blanks and 1 valid
4.5258 	DEBUG 	TextBox2 loaded 1 chars with 0 blanks and 1 valid
4.5276 	DEBUG 	TextBox2 loaded 1 chars with 0 blanks and 1 valid
4.5288 	DEBUG 	TextBox2 loaded 1 chars with 0 blanks and 1 valid
4.5305 	DEBUG 	TextBox2 loaded 1 chars with 0 blanks and 1 valid
4.5323 	DEBUG 	TextBox2 loaded 1 chars with 0 blanks and 1 valid
4.5341 	DEBUG 	TextBox2 loaded 1 chars with 0 blanks and 1 valid
4.5345 	DEBUG 	Uploading Texture Font fontname to graphics card
4.5360 	DEBUG 	Upload of Texture Font fontname complete
4.5624 	INFO 	keyboard.Keyboard is using ptb backend.
4.5625 	EXP 	misty_module: status = STARTED
4.6125 	EXP 	Created text = TextStim(__class__=<class 'psychopy.visual.text.TextStim'>, alignHoriz=method-wrapper(...), alignText='center', alignVert=method-wrapper(...), anchorHoriz='center', anchorVert='center', antialias=True, autoDraw=False, autoLog=True, bold=False, color=array([1., 1., 1.]), colorSpace='rgb', contrast=1.0, depth=0.0, draggable=False, flipHoriz=False, flipVert=False, font='Arial', fontFiles=[], height=np.float64(0.05), italic=False, languageStyle='LTR', name='text', opacity=1, ori=0.0, pos=array([0., 0.]), rgb=UNKNOWN, text=str(...), units='height', win=Window(...), wrapWidth=1)
4.7341 	EXP 	Created intstructs = TextStim(__class__=<class 'psychopy.visual.text.TextStim'>, alignHoriz=method-wrapper(...), alignText='center', alignVert=method-wrapper(...), anchorHoriz='center', anchorVert='center', antialias=True, autoDraw=False, autoLog=True, bold=False, color=array([1., 1., 1.]), colorSpace='rgb', contrast=1.0, depth=0.0, draggable=False, flipHoriz=False, flipVert=False, font='Arial', fontFiles=[], height=np.float64(0.05), italic=False, languageStyle='LTR', name='intstructs', opacity=1, ori=0.0, pos=array([0., 0.]), rgb=UNKNOWN, text=str(...), units='height', win=Window(...), wrapWidth=1)
4.7406 	EXP 	Created fix = TextStim(__class__=<class 'psychopy.visual.text.TextStim'>, alignHoriz=method-wrapper(...), alignText='center', alignVert=method-wrapper(...), anchorHoriz='center', anchorVert='center', antialias=True, autoDraw=False, autoLog=True, bold=False, color=array([1., 1., 1.]), colorSpace='rgb', contrast=1.0, depth=-1.0, draggable=False, flipHoriz=False, flipVert=False, font='Open Sans', fontFiles=[], height=np.float64(0.1), italic=False, languageStyle='LTR', name='fix', opacity=1, ori=0.0, pos=array([0., 0.]), rgb=UNKNOWN, text='+', units='height', win=Window(...), wrapWidth=1)
4.7427 	EXP 	Created greenbar_3 = Rect(__class__=<class 'psychopy.visual.rect.Rect'>, anchor=('left', 'center'), autoDraw=False, autoLog=True, closeShape=True, color=method-wrapper(...), colorSpace='rgb', contrast=None, depth=-1.0, draggable=False, fillColor=array([-1.    ,  0.0039, -1.    ]), fillColorSpace='rgb', fillRGB=array([-1.    ,  0.0039, -1.    ]), interpolate=True, lineColor=array([1., 1., 1.]), lineColorSpace='rgb', lineRGB=array([1, 1, 1]), lineWidth=1.0, name='greenbar_3', opacity=1, ori=0.0, pos=array([0.33333333, 0.7       ]), size=array([0.66666667, 0.1       ]), units='norm', vertices=ndarray(...), win=Window(...))
4.7446 	EXP 	Created yellowbar_3 = Rect(__class__=<class 'psychopy.visual.rect.Rect'>, anchor=('left', 'center'), autoDraw=False, autoLog=True, closeShape=True, color=method-wrapper(...), colorSpace='rgb', contrast=None, depth=-2.0, draggable=False, fillColor=array([ 1.,  1., -1.]), fillColorSpace='rgb', fillRGB=array([ 1.,  1., -1.]), interpolate=True, lineColor=array([1., 1., 1.]), lineColorSpace='rgb', lineRGB=array([1, 1, 1]), lineWidth=1.0, name='yellowbar_3', opacity=1, ori=0.0, pos=array([-0.33333333,  0.7       ]), size=array([0.66666667, 0.1       ]), units='norm', vertices=ndarray(...), win=Window(...))
4.7465 	EXP 	Created redbar_3 = Rect(__class__=<class 'psychopy.visual.rect.Rect'>, anchor=('left', 'center'), autoDraw=False, autoLog=True, closeShape=True, color=method-wrapper(...), colorSpace='rgb', contrast=None, depth=-3.0, draggable=False, fillColor=array([ 1., -1., -1.]), fillColorSpace='rgb', fillRGB=array([ 1., -1., -1.]), interpolate=True, lineColor=array([1., 1., 1.]), lineColorSpace='rgb', lineRGB=array([1, 1, 1]), lineWidth=1.0, name='redbar_3', opacity=1, ori=0.0, pos=array([-1. ,  0.7]), size=array([0.66666667, 0.1       ]), units='norm', vertices=ndarray(...), win=Window(...))
4.7496 	EXP 	Created arrow_3 = ShapeStim(__class__=<class 'psychopy.visual.shape.ShapeStim'>, anchor=('center', 'center'), autoDraw=False, autoLog=True, closeShape=True, color=method-wrapper(...), colorSpace='rgb', contrast=None, depth=-4.0, draggable=False, fillColor=array([1, 1, 1]), fillColorSpace='rgb', fillRGB=array([1, 1, 1]), interpolate=True, lineColor=array([1., 1., 1.]), lineColorSpace='rgb', lineRGB=array([1, 1, 1]), lineWidth=1.0, name='arrow_3', opacity=1, ori=0.0, pos=array([0., 0.]), size=array([0.05, 0.05]), units='norm', vertices=ndarray(...), win=Window(...), windingRule=None)
4.7527 	WARNING 	Font b'Arial' was requested. No similar font found.
4.7590 	WARNING 	Font b'Arial' was requested. No similar font found.
4.7620 	DEBUG 	TextBox2 loaded 1 chars with 0 blanks and 1 valid
4.7634 	DEBUG 	TextBox2 loaded 1 chars with 0 blanks and 1 valid
4.7648 	DEBUG 	TextBox2 loaded 1 chars with 0 blanks and 1 valid
4.7660 	DEBUG 	TextBox2 loaded 1 chars with 0 blanks and 1 valid
4.7667 	DEBUG 	TextBox2 loaded 1 chars with 0 blanks and 1 valid
4.7673 	DEBUG 	TextBox2 loaded 1 chars with 0 blanks and 1 valid
4.7686 	DEBUG 	TextBox2 loaded 1 chars with 0 blanks and 1 valid
4.7697 	DEBUG 	TextBox2 loaded 1 chars with 0 blanks and 1 valid
4.7704 	DEBUG 	TextBox2 loaded 1 chars with 0 blanks and 1 valid
4.7707 	DEBUG 	Uploading Texture Font fontname to graphics card
4.7763 	DEBUG 	Upload of Texture Font fontname complete
4.7970 	DEBUG 	TextBox2 loaded 1 chars with 0 blanks and 1 valid
4.7973 	DEBUG 	Uploading Texture Font fontname to graphics card
4.7989 	DEBUG 	Upload of Texture Font fontname complete
4.8064 	DEBUG 	TextBox2 loaded 1 chars with 0 blanks and 1 valid
4.8076 	DEBUG 	TextBox2 loaded 1 chars with 0 blanks and 1 valid
4.8087 	DEBUG 	TextBox2 loaded 1 chars with 0 blanks and 1 valid
4.8098 	DEBUG 	TextBox2 loaded 1 chars with 0 blanks and 1 valid
4.8107 	DEBUG 	TextBox2 loaded 1 chars with 0 blanks and 1 valid
4.8116 	DEBUG 	TextBox2 loaded 1 chars with 0 blanks and 1 valid
4.8127 	DEBUG 	TextBox2 loaded 1 chars with 0 blanks and 1 valid
4.8136 	DEBUG 	TextBox2 loaded 1 chars with 0 blanks and 1 valid
4.8147 	DEBUG 	TextBox2 loaded 1 chars with 0 blanks and 1 valid
4.8156 	DEBUG 	TextBox2 loaded 1 chars with 0 blanks and 1 valid
4.8160 	DEBUG 	Uploading Texture Font fontname to graphics card
4.8173 	DEBUG 	Upload of Texture Font fontname complete
4.8250 	DEBUG 	TextBox2 loaded 1 chars with 0 blanks and 1 valid
4.8253 	DEBUG 	Uploading Texture Font fontname to graphics card
4.8302 	DEBUG 	Upload of Texture Font fontname complete
4.8445 	DEBUG 	TextBox2 loaded 1 chars with 0 blanks and 1 valid
4.8448 	DEBUG 	Uploading Texture Font fontname to graphics card
4.8461 	DEBUG 	Upload of Texture Font fontname complete
4.8606 	DEBUG 	TextBox2 loaded 1 chars with 0 blanks and 1 valid
4.8609 	DEBUG 	Uploading Texture Font fontname to graphics card
4.8622 	DEBUG 	Upload of Texture Font fontname complete
4.8763 	DEBUG 	TextBox2 loaded 1 chars with 0 blanks and 1 valid
4.8766 	DEBUG 	Uploading Texture Font fontname to graphics card
4.8779 	DEBUG 	Upload of Texture Font fontname complete
4.8922 	DEBUG 	TextBox2 loaded 1 chars with 0 blanks and 1 valid
4.8925 	DEBUG 	Uploading Texture Font fontname to graphics card
4.8938 	DEBUG 	Upload of Texture Font fontname complete
4.9081 	DEBUG 	TextBox2 loaded 1 chars with 0 blanks and 1 valid
4.9084 	DEBUG 	Uploading Texture Font fontname to graphics card
4.9097 	DEBUG 	Upload of Texture Font fontname complete
4.9237 	DEBUG 	TextBox2 loaded 1 chars with 0 blanks and 1 valid
4.9240 	DEBUG 	Uploading Texture Font fontname to graphics card
4.9253 	DEBUG 	Upload of Texture Font fontname complete
4.9392 	DEBUG 	TextBox2 loaded 1 chars with 0 blanks and 1 valid
4.9394 	DEBUG 	Uploading Texture Font fontname to graphics card
4.9407 	DEBUG 	Upload of Texture Font fontname complete
4.9548 	DEBUG 	TextBox2 loaded 1 chars with 0 blanks and 1 valid
4.9551 	DEBUG 	Uploading Texture Font fontname to graphics card
4.9564 	DEBUG 	Upload of Texture Font fontname complete
5.0234 	EXP 	Created slider_3 = Slider(__class__=<class 'psychopy.visual.slider.Slider'>, autoDraw=False, autoLog=True, borderColor=None, color=None, colorSpace='rgb', depth=-6, fillColor=None, flip=False, font='Noto Sans', granularity=1, labelColor=None, labelHeight=np.float64(0.05), labelWrapWidth=None, labels=(0, 1, 2, 3, 4, 5, 6, 7, 8, 9), lineColor=None, markerColor=None, name='slider_3', opacity=None, ori=0.0, pos=array([ 0. , -0.4]), readOnly=False, self=UNKNOWN, size=array([1. , 0.1]), startValue=None, style='choice', styleTweaks=[], ticks=array([0, 1, 2, 3, 4, 5, 6, 7, 8, 9]), units='norm', win=Window(...))
5.0274 	EXP 	Created prog_3 = Progress(__class__=<class 'psychopy.visual.progress.Progress'>, anchor=('left', 'top'), autoDraw=False, autoLog=True, closeShape=True, color=method-wrapper(...), colorSpace='rgb', contrast=None, depth=-8, draggable=False, fillColor=array([-1.    ,  0.5373, -1.    ]), fillColorSpace='rgb', fillRGB=array([-1.    ,  0.5373, -1.    ]), interpolate=True, lineColor=array([1., 1., 1.]), lineColorSpace='rgb', lineRGB=array([1, 1, 1]), lineWidth=4.0, name='prog_3', opacity=1.0, ori=0.0, pos=array([-0.5,  0.5]), size=array([1. , 0.1]), units='norm', vertices=ndarray(...), win=Window(...), windingRule=None)
5.0297 	EXP 	Created prog_3Bar = ShapeStim(__class__=<class 'psychopy.visual.shape.ShapeStim'>, anchor=('left', 'top'), autoDraw=False, autoLog=True, closeShape=True, color=method-wrapper(...), colorSpace='rgb', contrast=None, depth=-8, draggable=False, fillColor=array([ 1., -1., -1.]), fillColorSpace='rgb', fillRGB=array([ 1., -1., -1.]), interpolate=True, lineColor=array([0., 0., 0.]), lineColorSpace='rgb', lineRGB=array([0, 0, 0]), lineWidth=1.5, name='prog_3Bar', opacity=1.0, ori=0.0, pos=array([-0.5,  0.5]), size=array([1. , 0.1]), units='norm', vertices=ndarray(...), win=Window(...), windingRule=None)
5.0330 	WARNING 	Font b'Arial' was requested. No similar font found.
5.0388 	WARNING 	Font b'Arial' was requested. No similar font found.
5.0445 	EXP 	Created fix = TextStim(__class__=<class 'psychopy.visual.text.TextStim'>, alignHoriz=method-wrapper(...), alignText='center', alignVert=method-wrapper(...), anchorHoriz='center', anchorVert='center', antialias=True, autoDraw=False, autoLog=True, bold=False, color=array([1., 1., 1.]), colorSpace='rgb', contrast=1.0, depth=-1.0, draggable=False, flipHoriz=False, flipVert=False, font='Open Sans', fontFiles=[], height=np.float64(0.1), italic=False, languageStyle='LTR', name='fix', opacity=1, ori=0.0, pos=array([0., 0.]), rgb=UNKNOWN, text='+', units='height', win=Window(...), wrapWidth=1)
5.0470 	EXP 	Created prog_2 = Progress(__class__=<class 'psychopy.visual.progress.Progress'>, anchor=('left', 'top'), autoDraw=False, autoLog=True, closeShape=True, color=method-wrapper(...), colorSpace='rgb', contrast=None, depth=-1, draggable=False, fillColor=array([-1.    ,  0.5373, -1.    ]), fillColorSpace='rgb', fillRGB=array([-1.    ,  0.5373, -1.    ]), interpolate=True, lineColor=array([1., 1., 1.]), lineColorSpace='rgb', lineRGB=array([1, 1, 1]), lineWidth=4.0, name='prog_2', opacity=1.0, ori=0.0, pos=array([-0.5,  0.5]), size=array([1. , 0.1]), units='norm', vertices=ndarray(...), win=Window(...), windingRule=None)
5.0493 	EXP 	Created prog_2Bar = ShapeStim(__class__=<class 'psychopy.visual.shape.ShapeStim'>, anchor=('left', 'top'), autoDraw=False, autoLog=True, closeShape=True, color=method-wrapper(...), colorSpace='rgb', contrast=None, depth=-1, draggable=False, fillColor=array([ 1., -1., -1.]), fillColorSpace='rgb', fillRGB=array([ 1., -1., -1.]), interpolate=True, lineColor=array([0., 0., 0.]), lineColorSpace='rgb', lineRGB=array([0, 0, 0]), lineWidth=1.5, name='prog_2Bar', opacity=1.0, ori=0.0, pos=array([-0.5,  0.5]), size=array([1. , 0.1]), units='norm', vertices=ndarray(...), win=Window(...), windingRule=None)
5.0516 	EXP 	Created greenbar_2 = Rect(__class__=<class 'psychopy.visual.rect.Rect'>, anchor=('left', 'center'), autoDraw=False, autoLog=True, closeShape=True, color=method-wrapper(...), colorSpace='rgb', contrast=None, depth=-2.0, draggable=False, fillColor=array([-1.    ,  0.0039, -1.    ]), fillColorSpace='rgb', fillRGB=array([-1.    ,  0.0039, -1.    ]), interpolate=True, lineColor=array([1., 1., 1.]), lineColorSpace='rgb', lineRGB=array([1, 1, 1]), lineWidth=1.0, name='greenbar_2', opacity=1, ori=0.0, pos=array([0.33333333, 0.7       ]), size=array([0.66666667, 0.1       ]), units='norm', vertices=ndarray(...), win=Window(...))
5.0535 	EXP 	Created yellowbar_2 = Rect(__class__=<class 'psychopy.visual.rect.Rect'>, anchor=('left', 'center'), autoDraw=False, autoLog=True, closeShape=True, color=method-wrapper(...), colorSpace='rgb', contrast=None, depth=-3.0, draggable=False, fillColor=array([ 1.,  1., -1.]), fillColorSpace='rgb', fillRGB=array([ 1.,  1., -1.]), interpolate=True, lineColor=array([1., 1., 1.]), lineColorSpace='rgb', lineRGB=array([1, 1, 1]), lineWidth=1.0, name='yellowbar_2', opacity=1, ori=0.0, pos=array([-0.33333333,  0.7       ]), size=array([0.66666667, 0.1       ]), units='norm', vertices=ndarray(...), win=Window(...))
5.0554 	EXP 	Created redbar_2 = Rect(__class__=<class 'psychopy.visual.rect.Rect'>, anchor=('left', 'center'), autoDraw=False, autoLog=True, closeShape=True, color=method-wrapper(...), colorSpace='rgb', contrast=None, depth=-4.0, draggable=False, fillColor=array([ 1., -1., -1.]), fillColorSpace='rgb', fillRGB=array([ 1., -1., -1.]), interpolate=True, lineColor=array([1., 1., 1.]), lineColorSpace='rgb', lineRGB=array([1, 1, 1]), lineWidth=1.0, name='redbar_2', opacity=1, ori=0.0, pos=array([-1. ,  0.7]), size=array([0.66666667, 0.1       ]), units='norm', vertices=ndarray(...), win=Window(...))
5.0578 	EXP 	Created arrow_2 = ShapeStim(__class__=<class 'psychopy.visual.shape.ShapeStim'>, anchor=('center', 'center'), autoDraw=False, autoLog=True, closeShape=True, color=method-wrapper(...), colorSpace='rgb', contrast=None, depth=-5.0, draggable=False, fillColor=array([1, 1, 1]), fillColorSpace='rgb', fillRGB=array([1, 1, 1]), interpolate=True, lineColor=array([1., 1., 1.]), lineColorSpace='rgb', lineRGB=array([1, 1, 1]), lineWidth=1.0, name='arrow_2', opacity=1, ori=0.0, pos=array([0., 0.]), size=array([0.05, 0.05]), units='norm', vertices=ndarray(...), win=Window(...), windingRule=None)
5.0609 	WARNING 	Font b'Arial' was requested. No similar font found.
5.0668 	WARNING 	Font b'Arial' was requested. No similar font found.
5.2641 	EXP 	Created slider_2 = Slider(__class__=<class 'psychopy.visual.slider.Slider'>, autoDraw=False, autoLog=True, borderColor=None, color=None, colorSpace='rgb', depth=-7, fillColor=None, flip=False, font='Noto Sans', granularity=1, labelColor=None, labelHeight=np.float64(0.05), labelWrapWidth=None, labels=(0, 1, 2, 3, 4, 5, 6, 7, 8, 9), lineColor=None, markerColor=None, name='slider_2', opacity=None, ori=0.0, pos=array([ 0. , -0.4]), readOnly=False, self=UNKNOWN, size=array([1. , 0.1]), startValue=None, style='choice', styleTweaks=[], ticks=array([0, 1, 2, 3, 4, 5, 6, 7, 8, 9]), units='norm', win=Window(...))
5.2675 	WARNING 	Font b'Arial' was requested. No similar font found.
5.2741 	WARNING 	Font b'Arial' was requested. No similar font found.
5.2799 	EXP 	Created fix = TextStim(__class__=<class 'psychopy.visual.text.TextStim'>, alignHoriz=method-wrapper(...), alignText='center', alignVert=method-wrapper(...), anchorHoriz='center', anchorVert='center', antialias=True, autoDraw=False, autoLog=True, bold=False, color=array([1., 1., 1.]), colorSpace='rgb', contrast=1.0, depth=-1.0, draggable=False, flipHoriz=False, flipVert=False, font='Open Sans', fontFiles=[], height=np.float64(0.1), italic=False, languageStyle='LTR', name='fix', opacity=1, ori=0.0, pos=array([0., 0.]), rgb=UNKNOWN, text='+', units='height', win=Window(...), wrapWidth=1)
5.2825 	EXP 	Created prog = Progress(__class__=<class 'psychopy.visual.progress.Progress'>, anchor=('left', 'top'), autoDraw=False, autoLog=True, closeShape=True, color=method-wrapper(...), colorSpace='rgb', contrast=None, depth=-1, draggable=False, fillColor=array([-1.    ,  0.5373, -1.    ]), fillColorSpace='rgb', fillRGB=array([-1.    ,  0.5373, -1.    ]), interpolate=True, lineColor=array([1., 1., 1.]), lineColorSpace='rgb', lineRGB=array([1, 1, 1]), lineWidth=4.0, name='prog', opacity=1.0, ori=0.0, pos=array([-0.5,  0.5]), size=array([1. , 0.1]), units='norm', vertices=ndarray(...), win=Window(...), windingRule=None)
5.2848 	EXP 	Created progBar = ShapeStim(__class__=<class 'psychopy.visual.shape.ShapeStim'>, anchor=('left', 'top'), autoDraw=False, autoLog=True, closeShape=True, color=method-wrapper(...), colorSpace='rgb', contrast=None, depth=-1, draggable=False, fillColor=array([ 1., -1., -1.]), fillColorSpace='rgb', fillRGB=array([ 1., -1., -1.]), interpolate=True, lineColor=array([0., 0., 0.]), lineColorSpace='rgb', lineRGB=array([0, 0, 0]), lineWidth=1.5, name='progBar', opacity=1.0, ori=0.0, pos=array([-0.5,  0.5]), size=array([1. , 0.1]), units='norm', vertices=ndarray(...), win=Window(...), windingRule=None)
5.2869 	EXP 	Created greenbar = Rect(__class__=<class 'psychopy.visual.rect.Rect'>, anchor=('left', 'center'), autoDraw=False, autoLog=True, closeShape=True, color=method-wrapper(...), colorSpace='rgb', contrast=None, depth=-2.0, draggable=False, fillColor=array([-1.    ,  0.0039, -1.    ]), fillColorSpace='rgb', fillRGB=array([-1.    ,  0.0039, -1.    ]), interpolate=True, lineColor=array([1., 1., 1.]), lineColorSpace='rgb', lineRGB=array([1, 1, 1]), lineWidth=1.0, name='greenbar', opacity=1, ori=0.0, pos=array([0.33333333, 0.7       ]), size=array([0.66666667, 0.1       ]), units='norm', vertices=ndarray(...), win=Window(...))
5.2887 	EXP 	Created yellowbar = Rect(__class__=<class 'psychopy.visual.rect.Rect'>, anchor=('left', 'center'), autoDraw=False, autoLog=True, closeShape=True, color=method-wrapper(...), colorSpace='rgb', contrast=None, depth=-3.0, draggable=False, fillColor=array([ 1.,  1., -1.]), fillColorSpace='rgb', fillRGB=array([ 1.,  1., -1.]), interpolate=True, lineColor=array([1., 1., 1.]), lineColorSpace='rgb', lineRGB=array([1, 1, 1]), lineWidth=1.0, name='yellowbar', opacity=1, ori=0.0, pos=array([-0.33333333,  0.7       ]), size=array([0.66666667, 0.1       ]), units='norm', vertices=ndarray(...), win=Window(...))
5.2906 	EXP 	Created redbar = Rect(__class__=<class 'psychopy.visual.rect.Rect'>, anchor=('left', 'center'), autoDraw=False, autoLog=True, closeShape=True, color=method-wrapper(...), colorSpace='rgb', contrast=None, depth=-4.0, draggable=False, fillColor=array([ 1., -1., -1.]), fillColorSpace='rgb', fillRGB=array([ 1., -1., -1.]), interpolate=True, lineColor=array([1., 1., 1.]), lineColorSpace='rgb', lineRGB=array([1, 1, 1]), lineWidth=1.0, name='redbar', opacity=1, ori=0.0, pos=array([-1. ,  0.7]), size=array([0.66666667, 0.1       ]), units='norm', vertices=ndarray(...), win=Window(...))
5.2929 	EXP 	Created arrow = ShapeStim(__class__=<class 'psychopy.visual.shape.ShapeStim'>, anchor=('center', 'center'), autoDraw=False, autoLog=True, closeShape=True, color=method-wrapper(...), colorSpace='rgb', contrast=None, depth=-5.0, draggable=False, fillColor=array([1, 1, 1]), fillColorSpace='rgb', fillRGB=array([1, 1, 1]), interpolate=True, lineColor=array([1., 1., 1.]), lineColorSpace='rgb', lineRGB=array([1, 1, 1]), lineWidth=1.0, name='arrow', opacity=1, ori=0.0, pos=array([0., 0.]), size=array([0.05, 0.05]), units='norm', vertices=ndarray(...), win=Window(...), windingRule=None)
5.2961 	WARNING 	Font b'Arial' was requested. No similar font found.
5.3019 	WARNING 	Font b'Arial' was requested. No similar font found.
5.5004 	EXP 	Created slider = Slider(__class__=<class 'psychopy.visual.slider.Slider'>, autoDraw=False, autoLog=True, borderColor=None, color=None, colorSpace='rgb', depth=-7, fillColor=None, flip=False, font='Noto Sans', granularity=1, labelColor=None, labelHeight=np.float64(0.05), labelWrapWidth=None, labels=(0, 1, 2, 3, 4, 5, 6, 7, 8, 9), lineColor=None, markerColor=None, name='slider', opacity=None, ori=0.0, pos=array([ 0. , -0.4]), readOnly=False, self=UNKNOWN, size=array([1. , 0.1]), startValue=None, style='choice', styleTweaks=[], ticks=array([0, 1, 2, 3, 4, 5, 6, 7, 8, 9]), units='norm', win=Window(...))
5.5037 	WARNING 	Font b'Arial' was requested. No similar font found.
5.5099 	WARNING 	Font b'Arial' was requested. No similar font found.
0.0152 	EXP 	textbox_4: autoLog = True
0.0152 	EXP 	slider_3: autoLog = True
0.0152 	EXP 	slider_3: styleTweaks = []
0.0152 	EXP 	slider_3: styleTweaks = []
0.0152 	EXP 	slider_3: styleTweaks = []
0.0152 	EXP 	slider_3: styleTweaks = []
0.0152 	EXP 	slider_3: contrast = 1.0
0.0152 	EXP 	slider_3: markerPos = None
0.0152 	EXP 	slider_3: autoLog = True
0.0152 	EXP 	prog_3: direction = 'horizontal'
0.0152 	EXP 	prog_3: progress = 0.0
0.0152 	EXP 	textbox_2: autoLog = True
0.0152 	EXP 	prog_2: direction = 'horizontal'
0.0152 	EXP 	prog_2: progress = 0.0
0.0152 	EXP 	textbox_3: autoLog = True
0.0152 	EXP 	slider_2: autoLog = True
0.0152 	EXP 	slider_2: styleTweaks = []
0.0152 	EXP 	slider_2: styleTweaks = []
0.0152 	EXP 	slider_2: styleTweaks = []
0.0152 	EXP 	slider_2: styleTweaks = []
0.0152 	EXP 	slider_2: contrast = 1.0
0.0152 	EXP 	slider_2: markerPos = None
0.0152 	EXP 	slider_2: autoLog = True
0.0152 	EXP 	textbox_2: autoLog = True
0.0152 	EXP 	prog: direction = 'horizontal'
0.0152 	EXP 	prog: progress = 0.0
0.0152 	EXP 	textbox: autoLog = True
0.0152 	EXP 	slider: autoLog = True
0.0152 	EXP 	slider: styleTweaks = []
0.0152 	EXP 	slider: styleTweaks = []
0.0152 	EXP 	slider: styleTweaks = []
0.0152 	EXP 	slider: styleTweaks = []
0.0152 	EXP 	slider: contrast = 1.0
0.0152 	EXP 	slider: markerPos = None
0.0152 	EXP 	slider: autoLog = True
0.0152 	EXP 	textbox_2: autoLog = True
0.0307 	INFO 	Keyboard events cleared
0.0306 	EXP 	text: autoDraw = True
0.3499 	EXP 	Device response: <KeyPress from None: t=0.33635854721069336, value=l, duration=None>
0.3504 	DATA 	Keypress: l
0.3641 	INFO 	Keyboard events cleared
0.3639 	EXP 	text: autoDraw = False
0.3639 	EXP 	intstructs: autoDraw = True
0.4665 	EXP 	Device response: <KeyPress from None: t=0.33635854721069336, value=l, duration=0.11666107177734375>
0.7331 	EXP 	Device response: <KeyPress from None: t=0.7232406139373779, value=space, duration=None>
0.7334 	DATA 	Keypress: space
0.7339 	EXP 	New trial (rep=0, index=0): <Trial 0 (0 in rep 0) data={'thisN': 0, 'thisTrialN': 0, 'thisRepN': 0}>
0.7472 	EXP 	intstructs: autoDraw = False
0.7472 	EXP 	fix: autoDraw = True
0.7999 	EXP 	Device response: <KeyPress from None: t=0.7232406139373779, value=space, duration=0.07466244697570801>
1.2354 	DEBUG 	TextBox2 loaded 1 chars with 0 blanks and 1 valid
1.2370 	DEBUG 	TextBox2 loaded 1 chars with 0 blanks and 1 valid
1.2385 	DEBUG 	TextBox2 loaded 1 chars with 0 blanks and 1 valid
1.2395 	DEBUG 	TextBox2 loaded 1 chars with 0 blanks and 1 valid
1.2408 	DEBUG 	TextBox2 loaded 1 chars with 0 blanks and 1 valid
1.2411 	DEBUG 	Uploading Texture Font fontname to graphics card
1.2423 	DEBUG 	Upload of Texture Font fontname complete
1.2563 	DEBUG 	Saving data for misty_module ExperimentHandler
1.2568 	INFO 	saved data to /home/hackerman/misty_py/data/pilot_misty_module_2026-01-29_17h41.39.719.psydat
1.2572 	INFO 	saved data to '/home/hackerman/misty_py/data/pilot_misty_module_2026-01-29_17h41.39.719.csv'
1.2628 	WARNING 	Stopping key buffers but this could be dangerous ifother keyboards rely on the same.
