8.7076 	WARNING 	Font Manager failed to load file /System/Library/PrivateFrameworks/FontServices.framework/Resources/Reserved/PingFangUI.ttc
8.7391 	WARNING 	Font Manager failed to load file /System/Library/PrivateFrameworks/FontServices.framework/Resources/Reserved/PingFangUI.ttc
10.0346 	DEBUG 	Fullscreen settings ignored as running in pilot mode.
10.0355 	INFO 	Loaded monitor calibration from ['2026_01_27 16:28']
10.1260 	INFO 	Using renderer 'Apple M4' for graphics
10.1260 	INFO 	OpenGL version supported by driver is 2..
10.1451 	EXP 	Created window1 = Window(allowGUI=False, allowStencil=True, autoLog=True, backendConf=UNKNOWN, backgroundFit=<method-wrapper '__getattribute__' of attributeSetter object at 0x1754980d0>, backgroundImage=<method-wrapper '__getattribute__' of attributeSetter object at 0x175498130>, bitsMode=UNKNOWN, blendMode='avg', bpc=(8, 8, 8), color=array([0, 0, 0]), colorSpace='rgb', depthBits=8, fullscr=False, gamma=None, gammaErrorPolicy='raise', infoMsg=UNKNOWN, lms=UNKNOWN, monitor=<psychopy.monitors.calibTools.Monitor object at 0x17549d4b0>, multiSample=False, name='window1', numSamples=2, pos=[np.float64(560.0), np.float64(240.0)], screen=0, size=array([800, 600]), stencilBits=8, stereo=False, title='PsychoPy', units='height', useFBO=True, useRetina=False, viewOri=0.0, viewPos=None, viewScale=None, waitBlanking=True, winType='pyglet')
10.1451 	EXP 	window1: backgroundImage = ''
10.1451 	EXP 	window1: backgroundFit = 'none'
10.1594 	DEBUG 	TextBox2 loaded 1 chars with 0 blanks and 1 valid
10.1672 	DEBUG 	TextBox2 loaded 1 chars with 0 blanks and 1 valid
10.1750 	DEBUG 	TextBox2 loaded 1 chars with 0 blanks and 1 valid
10.1829 	DEBUG 	TextBox2 loaded 1 chars with 0 blanks and 1 valid
10.1908 	DEBUG 	TextBox2 loaded 1 chars with 0 blanks and 1 valid
10.1984 	DEBUG 	TextBox2 loaded 1 chars with 0 blanks and 1 valid
10.2062 	DEBUG 	TextBox2 loaded 1 chars with 0 blanks and 1 valid
10.2140 	DEBUG 	TextBox2 loaded 1 chars with 0 blanks and 1 valid
10.2216 	DEBUG 	TextBox2 loaded 1 chars with 0 blanks and 1 valid
10.2291 	DEBUG 	TextBox2 loaded 1 chars with 0 blanks and 1 valid
10.2369 	DEBUG 	TextBox2 loaded 1 chars with 0 blanks and 1 valid
10.2447 	DEBUG 	TextBox2 loaded 1 chars with 0 blanks and 1 valid
10.2524 	DEBUG 	TextBox2 loaded 1 chars with 0 blanks and 1 valid
10.2602 	DEBUG 	TextBox2 loaded 1 chars with 0 blanks and 1 valid
10.2679 	DEBUG 	TextBox2 loaded 1 chars with 0 blanks and 1 valid
10.2757 	DEBUG 	TextBox2 loaded 1 chars with 0 blanks and 1 valid
10.2835 	DEBUG 	TextBox2 loaded 1 chars with 0 blanks and 1 valid
10.2911 	DEBUG 	TextBox2 loaded 1 chars with 0 blanks and 1 valid
10.2987 	DEBUG 	TextBox2 loaded 1 chars with 0 blanks and 1 valid
10.3066 	DEBUG 	TextBox2 loaded 1 chars with 0 blanks and 1 valid
10.3142 	DEBUG 	TextBox2 loaded 1 chars with 0 blanks and 1 valid
10.3144 	DEBUG 	Uploading Texture Font fontname to graphics card
10.3171 	DEBUG 	Upload of Texture Font fontname complete
10.3275 	DEBUG 	TextBox2 loaded 1 chars with 0 blanks and 1 valid
10.3352 	DEBUG 	TextBox2 loaded 1 chars with 0 blanks and 1 valid
10.3429 	DEBUG 	TextBox2 loaded 1 chars with 0 blanks and 1 valid
10.3430 	DEBUG 	Uploading Texture Font fontname to graphics card
10.3445 	DEBUG 	Upload of Texture Font fontname complete
10.3454 	EXP 	window1: Attempting to measure frame rate of screen (0) ...
10.3454 	EXP 	window1: recordFrameIntervals = False
10.4832 	EXP 	window1: recordFrameIntervals = True
10.6299 	EXP 	Screen (0) actual frame rate measured at 74.93Hz
10.6299 	EXP 	window1: recordFrameIntervals = False
10.6419 	DEBUG 	TextBox2 loaded 1 chars with 0 blanks and 1 valid
10.6502 	DEBUG 	TextBox2 loaded 1 chars with 0 blanks and 1 valid
10.6585 	DEBUG 	TextBox2 loaded 1 chars with 0 blanks and 1 valid
10.6663 	DEBUG 	TextBox2 loaded 1 chars with 0 blanks and 1 valid
10.6742 	DEBUG 	TextBox2 loaded 1 chars with 0 blanks and 1 valid
10.6821 	DEBUG 	TextBox2 loaded 1 chars with 0 blanks and 1 valid
10.6896 	DEBUG 	TextBox2 loaded 1 chars with 0 blanks and 1 valid
10.6974 	DEBUG 	TextBox2 loaded 1 chars with 0 blanks and 1 valid
10.7053 	DEBUG 	TextBox2 loaded 1 chars with 0 blanks and 1 valid
10.7132 	DEBUG 	TextBox2 loaded 1 chars with 0 blanks and 1 valid
10.7134 	DEBUG 	Uploading Texture Font fontname to graphics card
10.7149 	DEBUG 	Upload of Texture Font fontname complete
11.6310 	INFO 	keyboard.Keyboard is using ptb backend.
11.6311 	EXP 	misty_module: status = STARTED
11.6635 	EXP 	Created text = TextStim(__class__=<class 'psychopy.visual.text.TextStim'>, alignHoriz=method-wrapper(...), alignText='center', alignVert=method-wrapper(...), anchorHoriz='center', anchorVert='center', antialias=True, autoDraw=False, autoLog=True, bold=False, color=array([1., 1., 1.]), colorSpace='rgb', contrast=1.0, depth=0.0, draggable=False, flipHoriz=False, flipVert=False, font='Arial', fontFiles=[], height=np.float64(0.05), italic=False, languageStyle='LTR', name='text', opacity=1, ori=0.0, pos=array([0., 0.]), rgb=UNKNOWN, text=str(...), units='height', win=Window(...), wrapWidth=1)
11.6711 	EXP 	Created intstructs = TextStim(__class__=<class 'psychopy.visual.text.TextStim'>, alignHoriz=method-wrapper(...), alignText='center', alignVert=method-wrapper(...), anchorHoriz='center', anchorVert='center', antialias=True, autoDraw=False, autoLog=True, bold=False, color=array([1., 1., 1.]), colorSpace='rgb', contrast=1.0, depth=0.0, draggable=False, flipHoriz=False, flipVert=False, font='Arial', fontFiles=[], height=np.float64(0.05), italic=False, languageStyle='LTR', name='intstructs', opacity=1, ori=0.0, pos=array([0., 0.]), rgb=UNKNOWN, text=str(...), units='height', win=Window(...), wrapWidth=1)
11.6734 	EXP 	Created fix = TextStim(__class__=<class 'psychopy.visual.text.TextStim'>, alignHoriz=method-wrapper(...), alignText='center', alignVert=method-wrapper(...), anchorHoriz='center', anchorVert='center', antialias=True, autoDraw=False, autoLog=True, bold=False, color=array([1., 1., 1.]), colorSpace='rgb', contrast=1.0, depth=-1.0, draggable=False, flipHoriz=False, flipVert=False, font='Open Sans', fontFiles=[], height=np.float64(0.1), italic=False, languageStyle='LTR', name='fix', opacity=1, ori=0.0, pos=array([0., 0.]), rgb=UNKNOWN, text='+', units='height', win=Window(...), wrapWidth=1)
11.6792 	DEBUG 	TextBox2 loaded 1 chars with 0 blanks and 1 valid
11.6798 	DEBUG 	TextBox2 loaded 1 chars with 0 blanks and 1 valid
11.6804 	DEBUG 	TextBox2 loaded 1 chars with 0 blanks and 1 valid
11.6809 	DEBUG 	TextBox2 loaded 1 chars with 0 blanks and 1 valid
11.6811 	DEBUG 	TextBox2 loaded 1 chars with 0 blanks and 1 valid
11.6813 	DEBUG 	TextBox2 loaded 1 chars with 0 blanks and 1 valid
11.6818 	DEBUG 	TextBox2 loaded 1 chars with 0 blanks and 1 valid
11.6822 	DEBUG 	TextBox2 loaded 1 chars with 0 blanks and 1 valid
11.6824 	DEBUG 	TextBox2 loaded 1 chars with 0 blanks and 1 valid
11.6825 	DEBUG 	Uploading Texture Font fontname to graphics card
11.6846 	DEBUG 	Upload of Texture Font fontname complete
11.7059 	DEBUG 	TextBox2 loaded 1 chars with 0 blanks and 1 valid
11.7061 	DEBUG 	Uploading Texture Font fontname to graphics card
11.7082 	DEBUG 	Upload of Texture Font fontname complete
11.7186 	DEBUG 	TextBox2 loaded 1 chars with 0 blanks and 1 valid
11.7262 	DEBUG 	TextBox2 loaded 1 chars with 0 blanks and 1 valid
11.7337 	DEBUG 	TextBox2 loaded 1 chars with 0 blanks and 1 valid
11.7411 	DEBUG 	TextBox2 loaded 1 chars with 0 blanks and 1 valid
11.7485 	DEBUG 	TextBox2 loaded 1 chars with 0 blanks and 1 valid
11.7560 	DEBUG 	TextBox2 loaded 1 chars with 0 blanks and 1 valid
11.7633 	DEBUG 	TextBox2 loaded 1 chars with 0 blanks and 1 valid
11.7707 	DEBUG 	TextBox2 loaded 1 chars with 0 blanks and 1 valid
11.7782 	DEBUG 	TextBox2 loaded 1 chars with 0 blanks and 1 valid
11.7857 	DEBUG 	TextBox2 loaded 1 chars with 0 blanks and 1 valid
11.7858 	DEBUG 	Uploading Texture Font fontname to graphics card
11.7873 	DEBUG 	Upload of Texture Font fontname complete
11.7975 	DEBUG 	TextBox2 loaded 1 chars with 0 blanks and 1 valid
11.7975 	DEBUG 	Uploading Texture Font fontname to graphics card
11.7990 	DEBUG 	Upload of Texture Font fontname complete
11.8114 	DEBUG 	TextBox2 loaded 1 chars with 0 blanks and 1 valid
11.8115 	DEBUG 	Uploading Texture Font fontname to graphics card
11.8129 	DEBUG 	Upload of Texture Font fontname complete
11.8253 	DEBUG 	TextBox2 loaded 1 chars with 0 blanks and 1 valid
11.8254 	DEBUG 	Uploading Texture Font fontname to graphics card
11.8268 	DEBUG 	Upload of Texture Font fontname complete
11.8392 	DEBUG 	TextBox2 loaded 1 chars with 0 blanks and 1 valid
11.8393 	DEBUG 	Uploading Texture Font fontname to graphics card
11.8407 	DEBUG 	Upload of Texture Font fontname complete
11.8531 	DEBUG 	TextBox2 loaded 1 chars with 0 blanks and 1 valid
11.8531 	DEBUG 	Uploading Texture Font fontname to graphics card
11.8546 	DEBUG 	Upload of Texture Font fontname complete
11.8668 	DEBUG 	TextBox2 loaded 1 chars with 0 blanks and 1 valid
11.8669 	DEBUG 	Uploading Texture Font fontname to graphics card
11.8683 	DEBUG 	Upload of Texture Font fontname complete
11.8807 	DEBUG 	TextBox2 loaded 1 chars with 0 blanks and 1 valid
11.8807 	DEBUG 	Uploading Texture Font fontname to graphics card
11.8826 	DEBUG 	Upload of Texture Font fontname complete
11.8949 	DEBUG 	TextBox2 loaded 1 chars with 0 blanks and 1 valid
11.8949 	DEBUG 	Uploading Texture Font fontname to graphics card
11.8964 	DEBUG 	Upload of Texture Font fontname complete
11.9087 	DEBUG 	TextBox2 loaded 1 chars with 0 blanks and 1 valid
11.9088 	DEBUG 	Uploading Texture Font fontname to graphics card
11.9102 	DEBUG 	Upload of Texture Font fontname complete
11.9328 	EXP 	Created slider_3 = Slider(__class__=<class 'psychopy.visual.slider.Slider'>, autoDraw=False, autoLog=True, borderColor=None, color=None, colorSpace='rgb', depth=-2, fillColor=None, flip=False, font='Noto Sans', granularity=1, labelColor=None, labelHeight=np.float64(0.05), labelWrapWidth=None, labels=(0, 1, 2, 3, 4, 5, 6, 7, 8, 9), lineColor=None, markerColor=None, name='slider_3', opacity=None, ori=0.0, pos=array([ 0. , -0.4]), readOnly=False, self=UNKNOWN, size=array([1. , 0.1]), startValue=None, style='choice', styleTweaks=[], ticks=array([0, 1, 2, 3, 4, 5, 6, 7, 8, 9]), units='norm', win=Window(...))
11.9395 	EXP 	Created text_2 = TextStim(__class__=<class 'psychopy.visual.text.TextStim'>, alignHoriz=method-wrapper(...), alignText='center', alignVert=method-wrapper(...), anchorHoriz='center', anchorVert='center', antialias=True, autoDraw=False, autoLog=True, bold=False, color=array([1., 1., 1.]), colorSpace='rgb', contrast=1.0, depth=0.0, draggable=False, flipHoriz=False, flipVert=False, font='Arial', fontFiles=[], height=np.float64(0.05), italic=False, languageStyle='LTR', name='text_2', opacity=1, ori=0.0, pos=array([0., 0.]), rgb=UNKNOWN, text=str(...), units='height', win=Window(...), wrapWidth=1)
11.9403 	EXP 	Created fix = TextStim(__class__=<class 'psychopy.visual.text.TextStim'>, alignHoriz=method-wrapper(...), alignText='center', alignVert=method-wrapper(...), anchorHoriz='center', anchorVert='center', antialias=True, autoDraw=False, autoLog=True, bold=False, color=array([1., 1., 1.]), colorSpace='rgb', contrast=1.0, depth=-1.0, draggable=False, flipHoriz=False, flipVert=False, font='Open Sans', fontFiles=[], height=np.float64(0.1), italic=False, languageStyle='LTR', name='fix', opacity=1, ori=0.0, pos=array([0., 0.]), rgb=UNKNOWN, text='+', units='height', win=Window(...), wrapWidth=1)
11.9421 	EXP 	Created prog_3 = Progress(__class__=<class 'psychopy.visual.progress.Progress'>, anchor=('left', 'top'), autoDraw=False, autoLog=True, closeShape=True, color=method-wrapper(...), colorSpace='rgb', contrast=None, depth=-1, draggable=False, fillColor=array([-1.    ,  0.5373, -1.    ]), fillColorSpace='rgb', fillRGB=array([-1.    ,  0.5373, -1.    ]), interpolate=True, lineColor=array([1., 1., 1.]), lineColorSpace='rgb', lineRGB=array([1, 1, 1]), lineWidth=4.0, name='prog_3', opacity=1.0, ori=0.0, pos=array([-0.5,  0.5]), size=array([1. , 0.1]), units='norm', vertices=ndarray(...), win=Window(...), windingRule=None)
11.9428 	EXP 	Created prog_3Bar = ShapeStim(__class__=<class 'psychopy.visual.shape.ShapeStim'>, anchor=('left', 'top'), autoDraw=False, autoLog=True, closeShape=True, color=method-wrapper(...), colorSpace='rgb', contrast=None, depth=-1, draggable=False, fillColor=array([ 1., -1., -1.]), fillColorSpace='rgb', fillRGB=array([ 1., -1., -1.]), interpolate=True, lineColor=array([0., 0., 0.]), lineColorSpace='rgb', lineRGB=array([0, 0, 0]), lineWidth=1.5, name='prog_3Bar', opacity=1.0, ori=0.0, pos=array([-0.5,  0.5]), size=array([1. , 0.1]), units='norm', vertices=ndarray(...), win=Window(...), windingRule=None)
11.9434 	EXP 	Created greenbar_3 = Rect(__class__=<class 'psychopy.visual.rect.Rect'>, anchor=('left', 'center'), autoDraw=False, autoLog=True, closeShape=True, color=method-wrapper(...), colorSpace='rgb', contrast=None, depth=-2.0, draggable=False, fillColor=array([-1.    ,  0.0039, -1.    ]), fillColorSpace='rgb', fillRGB=array([-1.    ,  0.0039, -1.    ]), interpolate=True, lineColor=array([1., 1., 1.]), lineColorSpace='rgb', lineRGB=array([1, 1, 1]), lineWidth=1.0, name='greenbar_3', opacity=1, ori=0.0, pos=array([0.33333333, 0.7       ]), size=array([0.66666667, 0.1       ]), units='norm', vertices=ndarray(...), win=Window(...))
11.9439 	EXP 	Created yellowbar_3 = Rect(__class__=<class 'psychopy.visual.rect.Rect'>, anchor=('left', 'center'), autoDraw=False, autoLog=True, closeShape=True, color=method-wrapper(...), colorSpace='rgb', contrast=None, depth=-3.0, draggable=False, fillColor=array([ 1.,  1., -1.]), fillColorSpace='rgb', fillRGB=array([ 1.,  1., -1.]), interpolate=True, lineColor=array([1., 1., 1.]), lineColorSpace='rgb', lineRGB=array([1, 1, 1]), lineWidth=1.0, name='yellowbar_3', opacity=1, ori=0.0, pos=array([-0.33333333,  0.7       ]), size=array([0.66666667, 0.1       ]), units='norm', vertices=ndarray(...), win=Window(...))
11.9444 	EXP 	Created redbar_3 = Rect(__class__=<class 'psychopy.visual.rect.Rect'>, anchor=('left', 'center'), autoDraw=False, autoLog=True, closeShape=True, color=method-wrapper(...), colorSpace='rgb', contrast=None, depth=-4.0, draggable=False, fillColor=array([ 1., -1., -1.]), fillColorSpace='rgb', fillRGB=array([ 1., -1., -1.]), interpolate=True, lineColor=array([1., 1., 1.]), lineColorSpace='rgb', lineRGB=array([1, 1, 1]), lineWidth=1.0, name='redbar_3', opacity=1, ori=0.0, pos=array([-1. ,  0.7]), size=array([0.66666667, 0.1       ]), units='norm', vertices=ndarray(...), win=Window(...))
11.9452 	EXP 	Created arrow_3 = ShapeStim(__class__=<class 'psychopy.visual.shape.ShapeStim'>, anchor=('center', 'center'), autoDraw=False, autoLog=True, closeShape=True, color=method-wrapper(...), colorSpace='rgb', contrast=None, depth=-5.0, draggable=False, fillColor=array([1, 1, 1]), fillColorSpace='rgb', fillRGB=array([1, 1, 1]), interpolate=True, lineColor=array([1., 1., 1.]), lineColorSpace='rgb', lineRGB=array([1, 1, 1]), lineWidth=1.0, name='arrow_3', opacity=1, ori=0.0, pos=array([0., 0.]), size=array([0.05, 0.05]), units='norm', vertices=ndarray(...), win=Window(...), windingRule=None)
12.0171 	EXP 	Created slider_4 = Slider(__class__=<class 'psychopy.visual.slider.Slider'>, autoDraw=False, autoLog=True, borderColor=None, color=None, colorSpace='rgb', depth=-7, fillColor=None, flip=False, font='Noto Sans', granularity=1, labelColor=None, labelHeight=np.float64(0.05), labelWrapWidth=None, labels=(0, 1, 2, 3, 4, 5, 6, 7, 8, 9), lineColor=None, markerColor=None, name='slider_4', opacity=None, ori=0.0, pos=array([ 0. , -0.4]), readOnly=False, self=UNKNOWN, size=array([1. , 0.1]), startValue=None, style='choice', styleTweaks=[], ticks=array([0, 1, 2, 3, 4, 5, 6, 7, 8, 9]), units='norm', win=Window(...))
12.0228 	EXP 	Created text_3 = TextStim(__class__=<class 'psychopy.visual.text.TextStim'>, alignHoriz=method-wrapper(...), alignText='center', alignVert=method-wrapper(...), anchorHoriz='center', anchorVert='center', antialias=True, autoDraw=False, autoLog=True, bold=False, color=array([1., 1., 1.]), colorSpace='rgb', contrast=1.0, depth=0.0, draggable=False, flipHoriz=False, flipVert=False, font='Arial', fontFiles=[], height=np.float64(0.05), italic=False, languageStyle='LTR', name='text_3', opacity=1, ori=0.0, pos=array([0., 0.]), rgb=UNKNOWN, text='Training instructions here', units='height', win=Window(...), wrapWidth=1)
12.0235 	EXP 	Created fix = TextStim(__class__=<class 'psychopy.visual.text.TextStim'>, alignHoriz=method-wrapper(...), alignText='center', alignVert=method-wrapper(...), anchorHoriz='center', anchorVert='center', antialias=True, autoDraw=False, autoLog=True, bold=False, color=array([1., 1., 1.]), colorSpace='rgb', contrast=1.0, depth=-1.0, draggable=False, flipHoriz=False, flipVert=False, font='Open Sans', fontFiles=[], height=np.float64(0.1), italic=False, languageStyle='LTR', name='fix', opacity=1, ori=0.0, pos=array([0., 0.]), rgb=UNKNOWN, text='+', units='height', win=Window(...), wrapWidth=1)
12.0943 	EXP 	Created slider_training = Slider(__class__=<class 'psychopy.visual.slider.Slider'>, autoDraw=False, autoLog=True, borderColor=None, color=None, colorSpace='rgb', depth=-2, fillColor=None, flip=False, font='Noto Sans', granularity=1, labelColor=None, labelHeight=np.float64(0.05), labelWrapWidth=None, labels=(0, 1, 2, 3, 4, 5, 6, 7, 8, 9), lineColor=None, markerColor=None, name='slider_training', opacity=None, ori=0.0, pos=array([ 0. , -0.4]), readOnly=False, self=UNKNOWN, size=array([1. , 0.1]), startValue=None, style='choice', styleTweaks=[], ticks=array([0, 1, 2, 3, 4, 5, 6, 7, 8, 9]), units='norm', win=Window(...))
12.0994 	EXP 	Created fix = TextStim(__class__=<class 'psychopy.visual.text.TextStim'>, alignHoriz=method-wrapper(...), alignText='center', alignVert=method-wrapper(...), anchorHoriz='center', anchorVert='center', antialias=True, autoDraw=False, autoLog=True, bold=False, color=array([1., 1., 1.]), colorSpace='rgb', contrast=1.0, depth=-1.0, draggable=False, flipHoriz=False, flipVert=False, font='Open Sans', fontFiles=[], height=np.float64(0.1), italic=False, languageStyle='LTR', name='fix', opacity=1, ori=0.0, pos=array([0., 0.]), rgb=UNKNOWN, text='+', units='height', win=Window(...), wrapWidth=1)
12.1002 	EXP 	Created prog = Progress(__class__=<class 'psychopy.visual.progress.Progress'>, anchor=('left', 'top'), autoDraw=False, autoLog=True, closeShape=True, color=method-wrapper(...), colorSpace='rgb', contrast=None, depth=-1, draggable=False, fillColor=array([-1.    ,  0.5373, -1.    ]), fillColorSpace='rgb', fillRGB=array([-1.    ,  0.5373, -1.    ]), interpolate=True, lineColor=array([1., 1., 1.]), lineColorSpace='rgb', lineRGB=array([1, 1, 1]), lineWidth=4.0, name='prog', opacity=1.0, ori=0.0, pos=array([-0.5,  0.5]), size=array([1. , 0.1]), units='norm', vertices=ndarray(...), win=Window(...), windingRule=None)
12.1013 	EXP 	Created progBar = ShapeStim(__class__=<class 'psychopy.visual.shape.ShapeStim'>, anchor=('left', 'top'), autoDraw=False, autoLog=True, closeShape=True, color=method-wrapper(...), colorSpace='rgb', contrast=None, depth=-1, draggable=False, fillColor=array([ 1., -1., -1.]), fillColorSpace='rgb', fillRGB=array([ 1., -1., -1.]), interpolate=True, lineColor=array([0., 0., 0.]), lineColorSpace='rgb', lineRGB=array([0, 0, 0]), lineWidth=1.5, name='progBar', opacity=1.0, ori=0.0, pos=array([-0.5,  0.5]), size=array([1. , 0.1]), units='norm', vertices=ndarray(...), win=Window(...), windingRule=None)
12.1019 	EXP 	Created greenbar = Rect(__class__=<class 'psychopy.visual.rect.Rect'>, anchor=('left', 'center'), autoDraw=False, autoLog=True, closeShape=True, color=method-wrapper(...), colorSpace='rgb', contrast=None, depth=-2.0, draggable=False, fillColor=array([-1.    ,  0.0039, -1.    ]), fillColorSpace='rgb', fillRGB=array([-1.    ,  0.0039, -1.    ]), interpolate=True, lineColor=array([1., 1., 1.]), lineColorSpace='rgb', lineRGB=array([1, 1, 1]), lineWidth=1.0, name='greenbar', opacity=1, ori=0.0, pos=array([0.33333333, 0.7       ]), size=array([0.66666667, 0.1       ]), units='norm', vertices=ndarray(...), win=Window(...))
12.1024 	EXP 	Created yellowbar = Rect(__class__=<class 'psychopy.visual.rect.Rect'>, anchor=('left', 'center'), autoDraw=False, autoLog=True, closeShape=True, color=method-wrapper(...), colorSpace='rgb', contrast=None, depth=-3.0, draggable=False, fillColor=array([ 1.,  1., -1.]), fillColorSpace='rgb', fillRGB=array([ 1.,  1., -1.]), interpolate=True, lineColor=array([1., 1., 1.]), lineColorSpace='rgb', lineRGB=array([1, 1, 1]), lineWidth=1.0, name='yellowbar', opacity=1, ori=0.0, pos=array([-0.33333333,  0.7       ]), size=array([0.66666667, 0.1       ]), units='norm', vertices=ndarray(...), win=Window(...))
12.1029 	EXP 	Created redbar = Rect(__class__=<class 'psychopy.visual.rect.Rect'>, anchor=('left', 'center'), autoDraw=False, autoLog=True, closeShape=True, color=method-wrapper(...), colorSpace='rgb', contrast=None, depth=-4.0, draggable=False, fillColor=array([ 1., -1., -1.]), fillColorSpace='rgb', fillRGB=array([ 1., -1., -1.]), interpolate=True, lineColor=array([1., 1., 1.]), lineColorSpace='rgb', lineRGB=array([1, 1, 1]), lineWidth=1.0, name='redbar', opacity=1, ori=0.0, pos=array([-1. ,  0.7]), size=array([0.66666667, 0.1       ]), units='norm', vertices=ndarray(...), win=Window(...))
12.1037 	EXP 	Created arrow = ShapeStim(__class__=<class 'psychopy.visual.shape.ShapeStim'>, anchor=('center', 'center'), autoDraw=False, autoLog=True, closeShape=True, color=method-wrapper(...), colorSpace='rgb', contrast=None, depth=-5.0, draggable=False, fillColor=array([1, 1, 1]), fillColorSpace='rgb', fillRGB=array([1, 1, 1]), interpolate=True, lineColor=array([1., 1., 1.]), lineColorSpace='rgb', lineRGB=array([1, 1, 1]), lineWidth=1.0, name='arrow', opacity=1, ori=0.0, pos=array([0., 0.]), size=array([0.05, 0.05]), units='norm', vertices=ndarray(...), win=Window(...), windingRule=None)
12.1750 	EXP 	Created slider = Slider(__class__=<class 'psychopy.visual.slider.Slider'>, autoDraw=False, autoLog=True, borderColor=None, color=None, colorSpace='rgb', depth=-7, fillColor=None, flip=False, font='Noto Sans', granularity=1, labelColor=None, labelHeight=np.float64(0.05), labelWrapWidth=None, labels=(0, 1, 2, 3, 4, 5, 6, 7, 8, 9), lineColor=None, markerColor=None, name='slider', opacity=None, ori=0.0, pos=array([ 0. , -0.4]), readOnly=False, self=UNKNOWN, size=array([1. , 0.1]), startValue=None, style='choice', styleTweaks=[], ticks=array([0, 1, 2, 3, 4, 5, 6, 7, 8, 9]), units='norm', win=Window(...))
0.0029 	EXP 	equation_practice_1: autoLog = True
0.0029 	EXP 	slider_3: autoLog = True
0.0029 	EXP 	slider_3: styleTweaks = []
0.0029 	EXP 	slider_3: styleTweaks = []
0.0029 	EXP 	slider_3: styleTweaks = []
0.0029 	EXP 	slider_3: styleTweaks = []
0.0029 	EXP 	slider_3: contrast = 1.0
0.0029 	EXP 	slider_3: markerPos = None
0.0029 	EXP 	slider_3: autoLog = True
0.0029 	EXP 	feedback_practice_1: autoLog = True
0.0029 	EXP 	prog_3: direction = 'horizontal'
0.0029 	EXP 	prog_3: progress = 0.0
0.0029 	EXP 	textbox_5: autoLog = True
0.0029 	EXP 	slider_4: autoLog = True
0.0029 	EXP 	slider_4: styleTweaks = []
0.0029 	EXP 	slider_4: styleTweaks = []
0.0029 	EXP 	slider_4: styleTweaks = []
0.0029 	EXP 	slider_4: styleTweaks = []
0.0029 	EXP 	slider_4: contrast = 1.0
0.0029 	EXP 	slider_4: markerPos = None
0.0029 	EXP 	slider_4: autoLog = True
0.0029 	EXP 	feedback_practice_1: autoLog = True
0.0029 	EXP 	textbox_3: autoLog = True
0.0029 	EXP 	slider_training: autoLog = True
0.0029 	EXP 	slider_training: styleTweaks = []
0.0029 	EXP 	slider_training: styleTweaks = []
0.0029 	EXP 	slider_training: styleTweaks = []
0.0029 	EXP 	slider_training: styleTweaks = []
0.0029 	EXP 	slider_training: contrast = 1.0
0.0029 	EXP 	slider_training: markerPos = None
0.0029 	EXP 	slider_training: autoLog = True
0.0029 	EXP 	feedback_practice_1: autoLog = True
0.0029 	EXP 	prog: direction = 'horizontal'
0.0029 	EXP 	prog: progress = 0.0
0.0029 	EXP 	textbox: autoLog = True
0.0029 	EXP 	slider: autoLog = True
0.0029 	EXP 	slider: styleTweaks = []
0.0029 	EXP 	slider: styleTweaks = []
0.0029 	EXP 	slider: styleTweaks = []
0.0029 	EXP 	slider: styleTweaks = []
0.0029 	EXP 	slider: contrast = 1.0
0.0029 	EXP 	slider: markerPos = None
0.0029 	EXP 	slider: autoLog = True
0.0029 	EXP 	feedback_practice_1: autoLog = True
0.0102 	INFO 	Keyboard events cleared
0.0101 	EXP 	text: autoDraw = True
3.1230 	EXP 	Device response: <KeyPress from None: t=3.0039859589996922, value=l, duration=None>
3.1231 	EXP 	Device response: <KeyPress from None: t=3.0039859589996922, value=l, duration=0.09397304100002657>
3.1268 	DATA 	Keypress: l
3.1304 	INFO 	Keyboard events cleared
3.1304 	EXP 	text: autoDraw = False
3.1304 	EXP 	intstructs: autoDraw = True
3.8705 	EXP 	Device response: <KeyPress from None: t=3.857975875000193, value=space, duration=None>
3.8722 	DATA 	Keypress: space
3.8795 	DEBUG 	Read excel file with openpyxl: practice_difficulty.xlsx
3.8796 	EXP 	Imported practice_difficulty.xlsx as conditions, 3 conditions, 1 params
3.8802 	EXP 	New trial (rep=0, index=0): <Trial 0 (0 in rep 0) data={'prac_diff': 'easy1', 'thisN': 0, 'thisTrialN': 0, 'thisRepN': 0}>
3.8846 	EXP 	intstructs: autoDraw = False
3.8846 	EXP 	fix: autoDraw = True
3.9907 	EXP 	Device response: <KeyPress from None: t=3.857975875000193, value=space, duration=0.12501554200025566>
4.4012 	DEBUG 	Saving data for misty_module ExperimentHandler
4.4023 	INFO 	saved data to /Users/hackerman/misty_py/data/pilot_misty_module_2026-01-31_18h29.50.025.psydat
4.4029 	INFO 	saved data to '/Users/hackerman/misty_py/data/pilot_misty_module_2026-01-31_18h29.50.025.csv'
4.4047 	WARNING 	Stopping key buffers but this could be dangerous ifother keyboards rely on the same.
