10.5407 	WARNING 	Font Manager failed to load file /System/Library/PrivateFrameworks/FontServices.framework/Resources/Reserved/PingFangUI.ttc
10.5942 	WARNING 	Font Manager failed to load file /System/Library/PrivateFrameworks/FontServices.framework/Resources/Reserved/PingFangUI.ttc
12.5069 	DEBUG 	Fullscreen settings ignored as running in pilot mode.
12.5080 	INFO 	Loaded monitor calibration from ['2026_01_21 12:15']
12.6214 	INFO 	Using renderer 'Apple M4' for graphics
12.6214 	INFO 	OpenGL version supported by driver is 2..
12.6410 	EXP 	Created window1 = Window(allowGUI=False, allowStencil=True, autoLog=True, backendConf=UNKNOWN, backgroundFit=<method-wrapper '__getattribute__' of attributeSetter object at 0x176ba83d0>, backgroundImage=<method-wrapper '__getattribute__' of attributeSetter object at 0x176babfa0>, bitsMode=UNKNOWN, blendMode='avg', bpc=(8, 8, 8), color=array([0, 0, 0]), colorSpace='rgb', depthBits=8, fullscr=False, gamma=None, gammaErrorPolicy='raise', infoMsg=UNKNOWN, lms=UNKNOWN, monitor=<psychopy.monitors.calibTools.Monitor object at 0x177129b70>, multiSample=False, name='window1', numSamples=2, pos=[np.float64(335.0), np.float64(178.0)], screen=0, size=array([1600, 1200]), stencilBits=8, stereo=False, title='PsychoPy', units='height', useFBO=True, useRetina=True, viewOri=0.0, viewPos=None, viewScale=None, waitBlanking=True, winType='pyglet')
12.6410 	EXP 	window1: backgroundImage = ''
12.6410 	EXP 	window1: backgroundFit = 'none'
12.6559 	DEBUG 	TextBox2 loaded 1 chars with 0 blanks and 1 valid
12.6639 	DEBUG 	TextBox2 loaded 1 chars with 0 blanks and 1 valid
12.6720 	DEBUG 	TextBox2 loaded 1 chars with 0 blanks and 1 valid
12.6803 	DEBUG 	TextBox2 loaded 1 chars with 0 blanks and 1 valid
12.6885 	DEBUG 	TextBox2 loaded 1 chars with 0 blanks and 1 valid
12.6965 	DEBUG 	TextBox2 loaded 1 chars with 0 blanks and 1 valid
12.7046 	DEBUG 	TextBox2 loaded 1 chars with 0 blanks and 1 valid
12.7129 	DEBUG 	TextBox2 loaded 1 chars with 0 blanks and 1 valid
12.7208 	DEBUG 	TextBox2 loaded 1 chars with 0 blanks and 1 valid
12.7287 	DEBUG 	TextBox2 loaded 1 chars with 0 blanks and 1 valid
12.7368 	DEBUG 	TextBox2 loaded 1 chars with 0 blanks and 1 valid
12.7450 	DEBUG 	TextBox2 loaded 1 chars with 0 blanks and 1 valid
12.7531 	DEBUG 	TextBox2 loaded 1 chars with 0 blanks and 1 valid
12.7613 	DEBUG 	TextBox2 loaded 1 chars with 0 blanks and 1 valid
12.7695 	DEBUG 	TextBox2 loaded 1 chars with 0 blanks and 1 valid
12.7777 	DEBUG 	TextBox2 loaded 1 chars with 0 blanks and 1 valid
12.7859 	DEBUG 	TextBox2 loaded 1 chars with 0 blanks and 1 valid
12.7939 	DEBUG 	TextBox2 loaded 1 chars with 0 blanks and 1 valid
12.8019 	DEBUG 	TextBox2 loaded 1 chars with 0 blanks and 1 valid
12.8103 	DEBUG 	TextBox2 loaded 1 chars with 0 blanks and 1 valid
12.8183 	DEBUG 	TextBox2 loaded 1 chars with 0 blanks and 1 valid
12.8185 	DEBUG 	Uploading Texture Font fontname to graphics card
12.8213 	DEBUG 	Upload of Texture Font fontname complete
12.8321 	DEBUG 	TextBox2 loaded 1 chars with 0 blanks and 1 valid
12.8402 	DEBUG 	TextBox2 loaded 1 chars with 0 blanks and 1 valid
12.8483 	DEBUG 	TextBox2 loaded 1 chars with 0 blanks and 1 valid
12.8484 	DEBUG 	Uploading Texture Font fontname to graphics card
12.8499 	DEBUG 	Upload of Texture Font fontname complete
12.8508 	EXP 	window1: Attempting to measure frame rate of screen (0) ...
12.8508 	EXP 	window1: recordFrameIntervals = False
12.9516 	EXP 	window1: recordFrameIntervals = True
13.7899 	WARNING 	Couldn't measure a consistent frame rate!
  - Is your graphics card set to sync to vertical blank?
  - Are you running other processes on your computer?

13.8131 	DEBUG 	TextBox2 loaded 1 chars with 0 blanks and 1 valid
13.8252 	DEBUG 	TextBox2 loaded 1 chars with 0 blanks and 1 valid
13.8358 	DEBUG 	TextBox2 loaded 1 chars with 0 blanks and 1 valid
13.8455 	DEBUG 	TextBox2 loaded 1 chars with 0 blanks and 1 valid
13.8546 	DEBUG 	TextBox2 loaded 1 chars with 0 blanks and 1 valid
13.8632 	DEBUG 	TextBox2 loaded 1 chars with 0 blanks and 1 valid
13.8711 	DEBUG 	TextBox2 loaded 1 chars with 0 blanks and 1 valid
13.8791 	DEBUG 	TextBox2 loaded 1 chars with 0 blanks and 1 valid
13.8870 	DEBUG 	TextBox2 loaded 1 chars with 0 blanks and 1 valid
13.8948 	DEBUG 	TextBox2 loaded 1 chars with 0 blanks and 1 valid
13.8950 	DEBUG 	Uploading Texture Font fontname to graphics card
13.8965 	DEBUG 	Upload of Texture Font fontname complete
14.4728 	INFO 	keyboard.Keyboard is using ptb backend.
14.4728 	EXP 	misty_module: status = STARTED
14.5069 	EXP 	Created text = TextStim(__class__=<class 'psychopy.visual.text.TextStim'>, alignHoriz=method-wrapper(...), alignText='center', alignVert=method-wrapper(...), anchorHoriz='center', anchorVert='center', antialias=True, autoDraw=False, autoLog=True, bold=False, color=array([1., 1., 1.]), colorSpace='rgb', contrast=1.0, depth=-1.0, draggable=False, flipHoriz=False, flipVert=False, font='Arial', fontFiles=[], height=np.float64(0.05), italic=False, languageStyle='LTR', name='text', opacity=1, ori=0.0, pos=array([0., 0.]), rgb=UNKNOWN, text=str(...), units='height', win=Window(...), wrapWidth=1)
14.5144 	EXP 	Created intstructs = TextStim(__class__=<class 'psychopy.visual.text.TextStim'>, alignHoriz=method-wrapper(...), alignText='center', alignVert=method-wrapper(...), anchorHoriz='center', anchorVert='center', antialias=True, autoDraw=False, autoLog=True, bold=False, color=array([1., 1., 1.]), colorSpace='rgb', contrast=1.0, depth=0.0, draggable=False, flipHoriz=False, flipVert=False, font='Arial', fontFiles=[], height=np.float64(0.05), italic=False, languageStyle='LTR', name='intstructs', opacity=1, ori=0.0, pos=array([0., 0.]), rgb=UNKNOWN, text=str(...), units='height', win=Window(...), wrapWidth=1)
14.5165 	EXP 	Created fix = TextStim(__class__=<class 'psychopy.visual.text.TextStim'>, alignHoriz=method-wrapper(...), alignText='center', alignVert=method-wrapper(...), anchorHoriz='center', anchorVert='center', antialias=True, autoDraw=False, autoLog=True, bold=False, color=array([1., 1., 1.]), colorSpace='rgb', contrast=1.0, depth=-1.0, draggable=False, flipHoriz=False, flipVert=False, font='Open Sans', fontFiles=[], height=np.float64(0.1), italic=False, languageStyle='LTR', name='fix', opacity=1, ori=0.0, pos=array([0., 0.]), rgb=UNKNOWN, text='+', units='height', win=Window(...), wrapWidth=1)
14.5223 	DEBUG 	TextBox2 loaded 1 chars with 0 blanks and 1 valid
14.5229 	DEBUG 	TextBox2 loaded 1 chars with 0 blanks and 1 valid
14.5235 	DEBUG 	TextBox2 loaded 1 chars with 0 blanks and 1 valid
14.5239 	DEBUG 	TextBox2 loaded 1 chars with 0 blanks and 1 valid
14.5242 	DEBUG 	TextBox2 loaded 1 chars with 0 blanks and 1 valid
14.5244 	DEBUG 	TextBox2 loaded 1 chars with 0 blanks and 1 valid
14.5249 	DEBUG 	TextBox2 loaded 1 chars with 0 blanks and 1 valid
14.5253 	DEBUG 	TextBox2 loaded 1 chars with 0 blanks and 1 valid
14.5255 	DEBUG 	TextBox2 loaded 1 chars with 0 blanks and 1 valid
14.5256 	DEBUG 	Uploading Texture Font fontname to graphics card
14.5277 	DEBUG 	Upload of Texture Font fontname complete
14.5491 	DEBUG 	TextBox2 loaded 1 chars with 0 blanks and 1 valid
14.5492 	DEBUG 	Uploading Texture Font fontname to graphics card
14.5514 	DEBUG 	Upload of Texture Font fontname complete
14.5618 	DEBUG 	TextBox2 loaded 1 chars with 0 blanks and 1 valid
14.5697 	DEBUG 	TextBox2 loaded 1 chars with 0 blanks and 1 valid
14.5776 	DEBUG 	TextBox2 loaded 1 chars with 0 blanks and 1 valid
14.5855 	DEBUG 	TextBox2 loaded 1 chars with 0 blanks and 1 valid
14.5932 	DEBUG 	TextBox2 loaded 1 chars with 0 blanks and 1 valid
14.6010 	DEBUG 	TextBox2 loaded 1 chars with 0 blanks and 1 valid
14.6089 	DEBUG 	TextBox2 loaded 1 chars with 0 blanks and 1 valid
14.6167 	DEBUG 	TextBox2 loaded 1 chars with 0 blanks and 1 valid
14.6245 	DEBUG 	TextBox2 loaded 1 chars with 0 blanks and 1 valid
14.6323 	DEBUG 	TextBox2 loaded 1 chars with 0 blanks and 1 valid
14.6324 	DEBUG 	Uploading Texture Font fontname to graphics card
14.6339 	DEBUG 	Upload of Texture Font fontname complete
14.6442 	DEBUG 	TextBox2 loaded 1 chars with 0 blanks and 1 valid
14.6443 	DEBUG 	Uploading Texture Font fontname to graphics card
14.6457 	DEBUG 	Upload of Texture Font fontname complete
14.6585 	DEBUG 	TextBox2 loaded 1 chars with 0 blanks and 1 valid
14.6586 	DEBUG 	Uploading Texture Font fontname to graphics card
14.6601 	DEBUG 	Upload of Texture Font fontname complete
14.6729 	DEBUG 	TextBox2 loaded 1 chars with 0 blanks and 1 valid
14.6730 	DEBUG 	Uploading Texture Font fontname to graphics card
14.6745 	DEBUG 	Upload of Texture Font fontname complete
14.6873 	DEBUG 	TextBox2 loaded 1 chars with 0 blanks and 1 valid
14.6874 	DEBUG 	Uploading Texture Font fontname to graphics card
14.6889 	DEBUG 	Upload of Texture Font fontname complete
14.7017 	DEBUG 	TextBox2 loaded 1 chars with 0 blanks and 1 valid
14.7018 	DEBUG 	Uploading Texture Font fontname to graphics card
14.7032 	DEBUG 	Upload of Texture Font fontname complete
14.7160 	DEBUG 	TextBox2 loaded 1 chars with 0 blanks and 1 valid
14.7161 	DEBUG 	Uploading Texture Font fontname to graphics card
14.7176 	DEBUG 	Upload of Texture Font fontname complete
14.7304 	DEBUG 	TextBox2 loaded 1 chars with 0 blanks and 1 valid
14.7304 	DEBUG 	Uploading Texture Font fontname to graphics card
14.7320 	DEBUG 	Upload of Texture Font fontname complete
14.7447 	DEBUG 	TextBox2 loaded 1 chars with 0 blanks and 1 valid
14.7448 	DEBUG 	Uploading Texture Font fontname to graphics card
14.7463 	DEBUG 	Upload of Texture Font fontname complete
14.7590 	DEBUG 	TextBox2 loaded 1 chars with 0 blanks and 1 valid
14.7591 	DEBUG 	Uploading Texture Font fontname to graphics card
14.7606 	DEBUG 	Upload of Texture Font fontname complete
14.7832 	EXP 	Created slider_3 = Slider(__class__=<class 'psychopy.visual.slider.Slider'>, autoDraw=False, autoLog=True, borderColor=None, color=None, colorSpace='rgb', depth=-2, fillColor=None, flip=False, font='Noto Sans', granularity=1, labelColor=None, labelHeight=np.float64(0.05), labelWrapWidth=None, labels=(0, 1, 2, 3, 4, 5, 6, 7, 8, 9), lineColor=None, markerColor=None, name='slider_3', opacity=None, ori=0.0, pos=array([ 0. , -0.4]), readOnly=False, self=UNKNOWN, size=array([1. , 0.1]), startValue=None, style='choice', styleTweaks=[], ticks=array([0, 1, 2, 3, 4, 5, 6, 7, 8, 9]), units='norm', win=Window(...))
14.7902 	EXP 	Created text_2 = TextStim(__class__=<class 'psychopy.visual.text.TextStim'>, alignHoriz=method-wrapper(...), alignText='center', alignVert=method-wrapper(...), anchorHoriz='center', anchorVert='center', antialias=True, autoDraw=False, autoLog=True, bold=False, color=array([1., 1., 1.]), colorSpace='rgb', contrast=1.0, depth=0.0, draggable=False, flipHoriz=False, flipVert=False, font='Arial', fontFiles=[], height=np.float64(0.05), italic=False, languageStyle='LTR', name='text_2', opacity=1, ori=0.0, pos=array([0., 0.]), rgb=UNKNOWN, text=str(...), units='height', win=Window(...), wrapWidth=1)
14.7910 	EXP 	Created fix = TextStim(__class__=<class 'psychopy.visual.text.TextStim'>, alignHoriz=method-wrapper(...), alignText='center', alignVert=method-wrapper(...), anchorHoriz='center', anchorVert='center', antialias=True, autoDraw=False, autoLog=True, bold=False, color=array([1., 1., 1.]), colorSpace='rgb', contrast=1.0, depth=-1.0, draggable=False, flipHoriz=False, flipVert=False, font='Open Sans', fontFiles=[], height=np.float64(0.1), italic=False, languageStyle='LTR', name='fix', opacity=1, ori=0.0, pos=array([0., 0.]), rgb=UNKNOWN, text='+', units='height', win=Window(...), wrapWidth=1)
14.7933 	EXP 	Created prog_3 = Progress(__class__=<class 'psychopy.visual.progress.Progress'>, anchor=('left', 'top'), autoDraw=False, autoLog=True, closeShape=True, color=method-wrapper(...), colorSpace='rgb', contrast=None, depth=-1, draggable=False, fillColor=array([-1.    ,  0.5373, -1.    ]), fillColorSpace='rgb', fillRGB=array([-1.    ,  0.5373, -1.    ]), interpolate=True, lineColor=array([1., 1., 1.]), lineColorSpace='rgb', lineRGB=array([1, 1, 1]), lineWidth=4.0, name='prog_3', opacity=1.0, ori=0.0, pos=array([-0.5,  0.5]), size=array([1. , 0.1]), units='norm', vertices=ndarray(...), win=Window(...), windingRule=None)
14.7941 	EXP 	Created prog_3Bar = ShapeStim(__class__=<class 'psychopy.visual.shape.ShapeStim'>, anchor=('left', 'top'), autoDraw=False, autoLog=True, closeShape=True, color=method-wrapper(...), colorSpace='rgb', contrast=None, depth=-1, draggable=False, fillColor=array([ 1., -1., -1.]), fillColorSpace='rgb', fillRGB=array([ 1., -1., -1.]), interpolate=True, lineColor=array([0., 0., 0.]), lineColorSpace='rgb', lineRGB=array([0, 0, 0]), lineWidth=1.5, name='prog_3Bar', opacity=1.0, ori=0.0, pos=array([-0.5,  0.5]), size=array([1. , 0.1]), units='norm', vertices=ndarray(...), win=Window(...), windingRule=None)
14.7947 	EXP 	Created redbar_3 = Rect(__class__=<class 'psychopy.visual.rect.Rect'>, anchor=('left', 'center'), autoDraw=False, autoLog=True, closeShape=True, color=method-wrapper(...), colorSpace='rgb', contrast=None, depth=-2.0, draggable=False, fillColor=array([ 1., -1., -1.]), fillColorSpace='rgb', fillRGB=array([ 1., -1., -1.]), interpolate=True, lineColor=array([1., 1., 1.]), lineColorSpace='rgb', lineRGB=array([1, 1, 1]), lineWidth=1.0, name='redbar_3', opacity=1, ori=0.0, pos=array([-1. ,  0.7]), size=array([2. , 0.1]), units='norm', vertices=ndarray(...), win=Window(...))
14.7952 	EXP 	Created yellowbar_3 = Rect(__class__=<class 'psychopy.visual.rect.Rect'>, anchor=('left', 'center'), autoDraw=False, autoLog=True, closeShape=True, color=method-wrapper(...), colorSpace='rgb', contrast=None, depth=-3.0, draggable=False, fillColor=array([ 1.,  1., -1.]), fillColorSpace='rgb', fillRGB=array([ 1.,  1., -1.]), interpolate=True, lineColor=array([1., 1., 1.]), lineColorSpace='rgb', lineRGB=array([1, 1, 1]), lineWidth=1.0, name='yellowbar_3', opacity=1, ori=0.0, pos=array([0. , 0.7]), size=array([1. , 0.1]), units='norm', vertices=ndarray(...), win=Window(...))
14.7958 	EXP 	Created greenbar_3 = Rect(__class__=<class 'psychopy.visual.rect.Rect'>, anchor=('left', 'center'), autoDraw=False, autoLog=True, closeShape=True, color=method-wrapper(...), colorSpace='rgb', contrast=None, depth=-4.0, draggable=False, fillColor=array([-1.    ,  0.0039, -1.    ]), fillColorSpace='rgb', fillRGB=array([-1.    ,  0.0039, -1.    ]), interpolate=True, lineColor=array([1., 1., 1.]), lineColorSpace='rgb', lineRGB=array([1, 1, 1]), lineWidth=1.0, name='greenbar_3', opacity=1, ori=0.0, pos=array([0.7, 0.7]), size=array([0.3, 0.1]), units='norm', vertices=ndarray(...), win=Window(...))
14.7965 	EXP 	Created arrow_3 = ShapeStim(__class__=<class 'psychopy.visual.shape.ShapeStim'>, anchor=('center', 'center'), autoDraw=False, autoLog=True, closeShape=True, color=method-wrapper(...), colorSpace='rgb', contrast=None, depth=-5.0, draggable=False, fillColor=array([1, 1, 1]), fillColorSpace='rgb', fillRGB=array([1, 1, 1]), interpolate=True, lineColor=array([1., 1., 1.]), lineColorSpace='rgb', lineRGB=array([1, 1, 1]), lineWidth=1.0, name='arrow_3', opacity=1, ori=0.0, pos=array([0., 0.]), size=array([0.05, 0.05]), units='norm', vertices=ndarray(...), win=Window(...), windingRule=None)
14.7972 	EXP 	Created arrow_4 = ShapeStim(__class__=<class 'psychopy.visual.shape.ShapeStim'>, anchor=('center', 'center'), autoDraw=False, autoLog=True, closeShape=True, color=method-wrapper(...), colorSpace='rgb', contrast=None, depth=-6.0, draggable=False, fillColor=array([1, 1, 1]), fillColorSpace='rgb', fillRGB=array([1, 1, 1]), interpolate=True, lineColor=array([1., 1., 1.]), lineColorSpace='rgb', lineRGB=array([1, 1, 1]), lineWidth=1.0, name='arrow_4', opacity=1, ori=0.0, pos=array([0., 0.]), size=array([0.05, 0.05]), units='norm', vertices=ndarray(...), win=Window(...), windingRule=None)
14.8005 	DEBUG 	TextBox2 loaded 1 chars with 0 blanks and 1 valid
14.8008 	DEBUG 	TextBox2 loaded 1 chars with 0 blanks and 1 valid
14.8011 	DEBUG 	TextBox2 loaded 1 chars with 0 blanks and 1 valid
14.8014 	DEBUG 	TextBox2 loaded 1 chars with 0 blanks and 1 valid
14.8016 	DEBUG 	TextBox2 loaded 1 chars with 0 blanks and 1 valid
14.8019 	DEBUG 	TextBox2 loaded 1 chars with 0 blanks and 1 valid
14.8020 	DEBUG 	Uploading Texture Font fontname to graphics card
14.8041 	DEBUG 	Upload of Texture Font fontname complete
14.8070 	DEBUG 	TextBox2 loaded 1 chars with 0 blanks and 1 valid
14.8073 	DEBUG 	TextBox2 loaded 1 chars with 0 blanks and 1 valid
14.8075 	DEBUG 	TextBox2 loaded 1 chars with 0 blanks and 1 valid
14.8077 	DEBUG 	TextBox2 loaded 1 chars with 0 blanks and 1 valid
14.8080 	DEBUG 	TextBox2 loaded 1 chars with 0 blanks and 1 valid
14.8083 	DEBUG 	TextBox2 loaded 1 chars with 0 blanks and 1 valid
14.8084 	DEBUG 	Uploading Texture Font fontname to graphics card
14.8098 	DEBUG 	Upload of Texture Font fontname complete
14.8126 	DEBUG 	TextBox2 loaded 1 chars with 0 blanks and 1 valid
14.8129 	DEBUG 	TextBox2 loaded 1 chars with 0 blanks and 1 valid
14.8131 	DEBUG 	TextBox2 loaded 1 chars with 0 blanks and 1 valid
14.8132 	DEBUG 	Uploading Texture Font fontname to graphics card
14.8147 	DEBUG 	Upload of Texture Font fontname complete
14.8859 	EXP 	Created slider_4 = Slider(__class__=<class 'psychopy.visual.slider.Slider'>, autoDraw=False, autoLog=True, borderColor=None, color=None, colorSpace='rgb', depth=-9, fillColor=None, flip=False, font='Noto Sans', granularity=1, labelColor=None, labelHeight=np.float64(0.05), labelWrapWidth=None, labels=(0, 1, 2, 3, 4, 5, 6, 7, 8, 9), lineColor=None, markerColor=None, name='slider_4', opacity=None, ori=0.0, pos=array([ 0. , -0.4]), readOnly=False, self=UNKNOWN, size=array([1. , 0.1]), startValue=None, style='choice', styleTweaks=[], ticks=array([0, 1, 2, 3, 4, 5, 6, 7, 8, 9]), units='norm', win=Window(...))
14.8961 	EXP 	Created text_3 = TextStim(__class__=<class 'psychopy.visual.text.TextStim'>, alignHoriz=method-wrapper(...), alignText='center', alignVert=method-wrapper(...), anchorHoriz='center', anchorVert='center', antialias=True, autoDraw=False, autoLog=True, bold=False, color=array([1., 1., 1.]), colorSpace='rgb', contrast=1.0, depth=0.0, draggable=False, flipHoriz=False, flipVert=False, font='Arial', fontFiles=[], height=np.float64(0.05), italic=False, languageStyle='LTR', name='text_3', opacity=1, ori=0.0, pos=array([0., 0.]), rgb=UNKNOWN, text='Training instructions here', units='height', win=Window(...), wrapWidth=1)
14.8969 	EXP 	Created fix = TextStim(__class__=<class 'psychopy.visual.text.TextStim'>, alignHoriz=method-wrapper(...), alignText='center', alignVert=method-wrapper(...), anchorHoriz='center', anchorVert='center', antialias=True, autoDraw=False, autoLog=True, bold=False, color=array([1., 1., 1.]), colorSpace='rgb', contrast=1.0, depth=-1.0, draggable=False, flipHoriz=False, flipVert=False, font='Open Sans', fontFiles=[], height=np.float64(0.1), italic=False, languageStyle='LTR', name='fix', opacity=1, ori=0.0, pos=array([0., 0.]), rgb=UNKNOWN, text='+', units='height', win=Window(...), wrapWidth=1)
14.9703 	EXP 	Created slider_training = Slider(__class__=<class 'psychopy.visual.slider.Slider'>, autoDraw=False, autoLog=True, borderColor=None, color=None, colorSpace='rgb', depth=-2, fillColor=None, flip=False, font='Noto Sans', granularity=1, labelColor=None, labelHeight=np.float64(0.05), labelWrapWidth=None, labels=(0, 1, 2, 3, 4, 5, 6, 7, 8, 9), lineColor=None, markerColor=None, name='slider_training', opacity=None, ori=0.0, pos=array([ 0. , -0.4]), readOnly=False, self=UNKNOWN, size=array([1. , 0.1]), startValue=None, style='choice', styleTweaks=[], ticks=array([0, 1, 2, 3, 4, 5, 6, 7, 8, 9]), units='norm', win=Window(...))
14.9772 	EXP 	Created text_4 = TextStim(__class__=<class 'psychopy.visual.text.TextStim'>, alignHoriz=method-wrapper(...), alignText='center', alignVert=method-wrapper(...), anchorHoriz='center', anchorVert='center', antialias=True, autoDraw=False, autoLog=True, bold=False, color=array([1., 1., 1.]), colorSpace='rgb', contrast=1.0, depth=0.0, draggable=False, flipHoriz=False, flipVert=False, font='Arial', fontFiles=[], height=np.float64(0.05), italic=False, languageStyle='LTR', name='text_4', opacity=1, ori=0.0, pos=array([0., 0.]), rgb=UNKNOWN, text='Please press space to move onto the next block', units='height', win=Window(...), wrapWidth=1)
14.9787 	EXP 	Created text_6 = TextStim(__class__=<class 'psychopy.visual.text.TextStim'>, alignHoriz=method-wrapper(...), alignText='center', alignVert=method-wrapper(...), anchorHoriz='center', anchorVert='center', antialias=True, autoDraw=False, autoLog=True, bold=False, color=array([1., 1., 1.]), colorSpace='rgb', contrast=1.0, depth=0.0, draggable=False, flipHoriz=False, flipVert=False, font='Arial', fontFiles=[], height=np.float64(0.05), italic=False, languageStyle='LTR', name='text_6', opacity=1, ori=0.0, pos=array([0., 0.]), rgb=UNKNOWN, text='Press Space to Start experiment', units='height', win=Window(...), wrapWidth=1)
14.9794 	EXP 	Created fix = TextStim(__class__=<class 'psychopy.visual.text.TextStim'>, alignHoriz=method-wrapper(...), alignText='center', alignVert=method-wrapper(...), anchorHoriz='center', anchorVert='center', antialias=True, autoDraw=False, autoLog=True, bold=False, color=array([1., 1., 1.]), colorSpace='rgb', contrast=1.0, depth=-1.0, draggable=False, flipHoriz=False, flipVert=False, font='Open Sans', fontFiles=[], height=np.float64(0.1), italic=False, languageStyle='LTR', name='fix', opacity=1, ori=0.0, pos=array([0., 0.]), rgb=UNKNOWN, text='+', units='height', win=Window(...), wrapWidth=1)
14.9802 	EXP 	Created prog = Progress(__class__=<class 'psychopy.visual.progress.Progress'>, anchor=('left', 'top'), autoDraw=False, autoLog=True, closeShape=True, color=method-wrapper(...), colorSpace='rgb', contrast=None, depth=-1, draggable=False, fillColor=array([-1.    ,  0.5373, -1.    ]), fillColorSpace='rgb', fillRGB=array([-1.    ,  0.5373, -1.    ]), interpolate=True, lineColor=array([1., 1., 1.]), lineColorSpace='rgb', lineRGB=array([1, 1, 1]), lineWidth=4.0, name='prog', opacity=1.0, ori=0.0, pos=array([-0.5,  0.5]), size=array([1. , 0.1]), units='norm', vertices=ndarray(...), win=Window(...), windingRule=None)
14.9809 	EXP 	Created progBar = ShapeStim(__class__=<class 'psychopy.visual.shape.ShapeStim'>, anchor=('left', 'top'), autoDraw=False, autoLog=True, closeShape=True, color=method-wrapper(...), colorSpace='rgb', contrast=None, depth=-1, draggable=False, fillColor=array([ 1., -1., -1.]), fillColorSpace='rgb', fillRGB=array([ 1., -1., -1.]), interpolate=True, lineColor=array([0., 0., 0.]), lineColorSpace='rgb', lineRGB=array([0, 0, 0]), lineWidth=1.5, name='progBar', opacity=1.0, ori=0.0, pos=array([-0.5,  0.5]), size=array([1. , 0.1]), units='norm', vertices=ndarray(...), win=Window(...), windingRule=None)
14.9815 	EXP 	Created redbar = Rect(__class__=<class 'psychopy.visual.rect.Rect'>, anchor=('left', 'center'), autoDraw=False, autoLog=True, closeShape=True, color=method-wrapper(...), colorSpace='rgb', contrast=None, depth=-2.0, draggable=False, fillColor=array([ 1., -1., -1.]), fillColorSpace='rgb', fillRGB=array([ 1., -1., -1.]), interpolate=True, lineColor=array([1., 1., 1.]), lineColorSpace='rgb', lineRGB=array([1, 1, 1]), lineWidth=1.0, name='redbar', opacity=1, ori=0.0, pos=array([-1. ,  0.7]), size=array([2. , 0.1]), units='norm', vertices=ndarray(...), win=Window(...))
14.9821 	EXP 	Created yellowbar = Rect(__class__=<class 'psychopy.visual.rect.Rect'>, anchor=('left', 'center'), autoDraw=False, autoLog=True, closeShape=True, color=method-wrapper(...), colorSpace='rgb', contrast=None, depth=-3.0, draggable=False, fillColor=array([ 1.,  1., -1.]), fillColorSpace='rgb', fillRGB=array([ 1.,  1., -1.]), interpolate=True, lineColor=array([1., 1., 1.]), lineColorSpace='rgb', lineRGB=array([1, 1, 1]), lineWidth=1.0, name='yellowbar', opacity=1, ori=0.0, pos=array([0. , 0.7]), size=array([1. , 0.1]), units='norm', vertices=ndarray(...), win=Window(...))
14.9826 	EXP 	Created greenbar = Rect(__class__=<class 'psychopy.visual.rect.Rect'>, anchor=('left', 'center'), autoDraw=False, autoLog=True, closeShape=True, color=method-wrapper(...), colorSpace='rgb', contrast=None, depth=-4.0, draggable=False, fillColor=array([-1.    ,  0.0039, -1.    ]), fillColorSpace='rgb', fillRGB=array([-1.    ,  0.0039, -1.    ]), interpolate=True, lineColor=array([1., 1., 1.]), lineColorSpace='rgb', lineRGB=array([1, 1, 1]), lineWidth=1.0, name='greenbar', opacity=1, ori=0.0, pos=array([0.7, 0.7]), size=array([0.3, 0.1]), units='norm', vertices=ndarray(...), win=Window(...))
14.9835 	EXP 	Created targarrow = ShapeStim(__class__=<class 'psychopy.visual.shape.ShapeStim'>, anchor=('center', 'center'), autoDraw=False, autoLog=True, closeShape=True, color=method-wrapper(...), colorSpace='rgb', contrast=None, depth=-5.0, draggable=False, fillColor=array([1, 1, 1]), fillColorSpace='rgb', fillRGB=array([1, 1, 1]), interpolate=True, lineColor=array([1., 1., 1.]), lineColorSpace='rgb', lineRGB=array([1, 1, 1]), lineWidth=1.0, name='targarrow', opacity=1, ori=0.0, pos=array([0.7, 0.6]), size=array([0.05, 0.05]), units='norm', vertices=ndarray(...), win=Window(...), windingRule=None)
14.9842 	EXP 	Created userArrow = ShapeStim(__class__=<class 'psychopy.visual.shape.ShapeStim'>, anchor=('center', 'center'), autoDraw=False, autoLog=True, closeShape=True, color=method-wrapper(...), colorSpace='rgb', contrast=None, depth=-6.0, draggable=False, fillColor=array([1, 1, 1]), fillColorSpace='rgb', fillRGB=array([1, 1, 1]), interpolate=True, lineColor=array([1., 1., 1.]), lineColorSpace='rgb', lineRGB=array([1, 1, 1]), lineWidth=1.0, name='userArrow', opacity=1, ori=0.0, pos=array([0., 0.]), size=array([0.05, 0.05]), units='norm', vertices=ndarray(...), win=Window(...), windingRule=None)
15.0671 	EXP 	Created slider = Slider(__class__=<class 'psychopy.visual.slider.Slider'>, autoDraw=False, autoLog=True, borderColor=None, color=None, colorSpace='rgb', depth=-10, fillColor=None, flip=False, font='Noto Sans', granularity=1, labelColor=None, labelHeight=np.float64(0.05), labelWrapWidth=None, labels=(0, 1, 2, 3, 4, 5, 6, 7, 8, 9), lineColor=None, markerColor=None, name='slider', opacity=None, ori=0.0, pos=array([ 0. , -0.4]), readOnly=False, self=UNKNOWN, size=array([1. , 0.1]), startValue=None, style='choice', styleTweaks=[], ticks=array([0, 1, 2, 3, 4, 5, 6, 7, 8, 9]), units='norm', win=Window(...))
15.0678 	EXP 	Created norm_arrow = ShapeStim(__class__=<class 'psychopy.visual.shape.ShapeStim'>, anchor=('center', 'center'), autoDraw=False, autoLog=True, closeShape=True, color=method-wrapper(...), colorSpace='rgb', contrast=None, depth=-12.0, draggable=False, fillColor=array([1, 1, 1]), fillColorSpace='rgb', fillRGB=array([1, 1, 1]), interpolate=True, lineColor=array([1., 1., 1.]), lineColorSpace='rgb', lineRGB=array([1, 1, 1]), lineWidth=1.0, name='norm_arrow', opacity=1, ori=0.0, pos=array([0.7, 0.6]), size=array([0.05, 0.05]), units='height', vertices=ndarray(...), win=Window(...), windingRule=None)
15.0725 	EXP 	Created text_5 = TextStim(__class__=<class 'psychopy.visual.text.TextStim'>, alignHoriz=method-wrapper(...), alignText='center', alignVert=method-wrapper(...), anchorHoriz='center', anchorVert='center', antialias=True, autoDraw=False, autoLog=True, bold=False, color=array([1., 1., 1.]), colorSpace='rgb', contrast=1.0, depth=0.0, draggable=False, flipHoriz=False, flipVert=False, font='Arial', fontFiles=[], height=0.05, italic=False, languageStyle='LTR', name='text_5', opacity=1, ori=0.0, pos=array([0., 0.]), rgb=UNKNOWN, text='', units='height', win=Window(...), wrapWidth=1)
15.0742 	EXP 	Created text_7 = TextStim(__class__=<class 'psychopy.visual.text.TextStim'>, alignHoriz=method-wrapper(...), alignText='center', alignVert=method-wrapper(...), anchorHoriz='center', anchorVert='center', antialias=True, autoDraw=False, autoLog=True, bold=False, color=array([1., 1., 1.]), colorSpace='rgb', contrast=1.0, depth=0.0, draggable=False, flipHoriz=False, flipVert=False, font='Arial', fontFiles=[], height=np.float64(0.05), italic=False, languageStyle='LTR', name='text_7', opacity=1, ori=0.0, pos=array([0., 0.]), rgb=UNKNOWN, text=str(...), units='height', win=Window(...), wrapWidth=1)
0.0037 	DATA 	Keypress: l
0.0078 	EXP 	equation_practice_1: autoLog = True
0.0078 	EXP 	slider_3: autoLog = True
0.0078 	EXP 	slider_3: styleTweaks = []
0.0078 	EXP 	slider_3: styleTweaks = []
0.0078 	EXP 	slider_3: styleTweaks = []
0.0078 	EXP 	slider_3: styleTweaks = []
0.0078 	EXP 	slider_3: contrast = 1.0
0.0078 	EXP 	slider_3: markerPos = None
0.0078 	EXP 	slider_3: autoLog = True
0.0078 	EXP 	feedback_practice_1: autoLog = True
0.0078 	EXP 	prog_3: direction = 'horizontal'
0.0078 	EXP 	prog_3: progress = 0.0
0.0078 	EXP 	targlab: autoLog = True
0.0078 	EXP 	yourperf: autoLog = True
0.0078 	EXP 	slider_4: autoLog = True
0.0078 	EXP 	slider_4: styleTweaks = []
0.0078 	EXP 	slider_4: styleTweaks = []
0.0078 	EXP 	slider_4: styleTweaks = []
0.0078 	EXP 	slider_4: styleTweaks = []
0.0078 	EXP 	slider_4: contrast = 1.0
0.0078 	EXP 	slider_4: markerPos = None
0.0078 	EXP 	slider_4: autoLog = True
0.0078 	EXP 	textbox_5: autoLog = True
0.0078 	EXP 	feedback_practice_1: autoLog = True
0.0078 	EXP 	textbox_3: autoLog = True
0.0078 	EXP 	slider_training: autoLog = True
0.0078 	EXP 	slider_training: styleTweaks = []
0.0078 	EXP 	slider_training: styleTweaks = []
0.0078 	EXP 	slider_training: styleTweaks = []
0.0078 	EXP 	slider_training: styleTweaks = []
0.0078 	EXP 	slider_training: contrast = 1.0
0.0078 	EXP 	slider_training: markerPos = None
0.0078 	EXP 	slider_training: autoLog = True
0.0078 	EXP 	feedback_practice_1: autoLog = True
0.0078 	EXP 	prog: direction = 'horizontal'
0.0078 	EXP 	prog: progress = 0.0
0.0078 	EXP 	yourperfexp: autoLog = True
0.0078 	EXP 	tarlabexp: autoLog = True
0.0078 	EXP 	textbox: autoLog = True
0.0078 	EXP 	slider: autoLog = True
0.0078 	EXP 	slider: styleTweaks = []
0.0078 	EXP 	slider: styleTweaks = []
0.0078 	EXP 	slider: styleTweaks = []
0.0078 	EXP 	slider: styleTweaks = []
0.0078 	EXP 	slider: contrast = 1.0
0.0078 	EXP 	slider: markerPos = None
0.0078 	EXP 	slider: autoLog = True
0.0078 	EXP 	feedback_practice_1: autoLog = True
0.0856 	EXP 	Device response: <KeyPress from None: t=-0.46983441698830575, value=l, duration=None>
0.0857 	EXP 	Device response: <KeyPress from None: t=-0.46983441698830575, value=l, duration=0.1203468749881722>
0.0908 	INFO 	Keyboard events cleared
0.0908 	WARNING 	t of last frame was 82.94ms (=1/12)
0.0908 	EXP 	text: autoDraw = True
0.2993 	EXP 	Device response: <KeyPress from None: t=0.2962027910107281, value=l, duration=None>
0.3066 	DATA 	Keypress: l
0.3107 	INFO 	Keyboard events cleared
0.3107 	EXP 	text: autoDraw = False
0.3107 	EXP 	intstructs: autoDraw = True
0.4277 	EXP 	Device response: <KeyPress from None: t=0.2962027910107281, value=l, duration=0.12828266699216329>
0.6776 	EXP 	Device response: <KeyPress from None: t=0.6711537500086706, value=space, duration=None>
0.6790 	DATA 	Keypress: space
0.6863 	DEBUG 	Read excel file with openpyxl: practice_difficulty.xlsx
0.6864 	EXP 	Imported practice_difficulty.xlsx as conditions, 3 conditions, 1 params
0.6872 	EXP 	New trial (rep=0, index=0): <Trial 0 (0 in rep 0) data={'prac_diff': 'easy1', 'thisN': 0, 'thisTrialN': 0, 'thisRepN': 0}>
0.6946 	EXP 	intstructs: autoDraw = False
0.6946 	EXP 	fix: autoDraw = True
0.8112 	EXP 	Device response: <KeyPress from None: t=0.6711537500086706, value=space, duration=0.1292329159914516>
1.1852 	DEBUG 	TextBox2 loaded 1 chars with 0 blanks and 1 valid
1.1864 	DEBUG 	TextBox2 loaded 1 chars with 0 blanks and 1 valid
1.1878 	DEBUG 	TextBox2 loaded 1 chars with 0 blanks and 1 valid
1.1886 	DEBUG 	TextBox2 loaded 1 chars with 0 blanks and 1 valid
1.1899 	DEBUG 	TextBox2 loaded 1 chars with 0 blanks and 1 valid
1.1901 	DEBUG 	Uploading Texture Font fontname to graphics card
1.1944 	DEBUG 	Upload of Texture Font fontname complete
1.2171 	INFO 	Keyboard events cleared
1.2170 	WARNING 	t of last frame was 35.83ms (=1/27)
1.2170 	EXP 	fix: autoDraw = False
1.2170 	EXP 	slider_3: markerPos = None
1.2170 	EXP 	slider_3: markerPos = None
1.2170 	EXP 	equation_practice_1: autoDraw = True
1.2170 	EXP 	slider_3: autoDraw = True
1.3747 	WARNING 	t of last frame was 24.50ms (=1/40)
1.4580 	WARNING 	t of last frame was 24.27ms (=1/41)
1.5747 	WARNING 	Multiple dropped frames have occurred - I'll stop bothering you about them!
2.2649 	DATA 	Keypress: s
2.2692 	EXP 	Device response: <KeyPress from None: t=2.2611194160126615, value=s, duration=None>
2.2700 	DEBUG 	TextBox2 loaded 1 chars with 0 blanks and 1 valid
2.2706 	DEBUG 	TextBox2 loaded 1 chars with 0 blanks and 1 valid
2.2711 	DEBUG 	TextBox2 loaded 1 chars with 0 blanks and 1 valid
2.2715 	DEBUG 	TextBox2 loaded 1 chars with 0 blanks and 1 valid
2.2720 	DEBUG 	TextBox2 loaded 1 chars with 0 blanks and 1 valid
2.2723 	DEBUG 	TextBox2 loaded 1 chars with 0 blanks and 1 valid
2.2724 	DEBUG 	Uploading Texture Font fontname to graphics card
2.2740 	DEBUG 	Upload of Texture Font fontname complete
2.2777 	EXP 	equation_practice_1: autoDraw = False
2.2777 	EXP 	slider_3: autoDraw = False
2.2777 	EXP 	feedback_practice_1: autoDraw = True
2.3978 	EXP 	Device response: <KeyPress from None: t=2.2611194160126615, value=s, duration=0.1323162089975085>
3.2751 	INFO 	Keyboard events cleared
3.2750 	EXP 	feedback_practice_1: autoDraw = False
3.2750 	EXP 	feedback_practice_1: autoDraw = False
3.2750 	EXP 	text_2: autoDraw = True
3.6447 	EXP 	Device response: <KeyPress from None: t=3.6363412080099806, value=space, duration=None>
3.6496 	DEBUG 	Read excel file with openpyxl: practice_difficulty.xlsx
3.6498 	EXP 	Imported practice_difficulty.xlsx as conditions, 3 conditions, 1 params
3.6501 	EXP 	New trial (rep=0, index=0): <Trial 0 (0 in rep 0) data={'prac_diff': 'easy1', 'thisN': 0, 'thisTrialN': 0, 'thisRepN': 0}>
3.6522 	DATA 	Keypress: space
3.6566 	EXP 	text_2: autoDraw = False
3.6566 	EXP 	fix: autoDraw = True
3.7640 	EXP 	Device response: <KeyPress from None: t=3.6363412080099806, value=space, duration=0.12030091699853074>
4.1485 	DEBUG 	TextBox2 loaded 1 chars with 0 blanks and 1 valid
4.1492 	DEBUG 	TextBox2 loaded 1 chars with 0 blanks and 1 valid
4.1506 	DEBUG 	TextBox2 loaded 1 chars with 0 blanks and 1 valid
4.1508 	DEBUG 	Uploading Texture Font fontname to graphics card
4.1541 	DEBUG 	Upload of Texture Font fontname complete
4.1802 	INFO 	Keyboard events cleared
4.1801 	EXP 	fix: autoDraw = False
4.1801 	EXP 	fix: autoDraw = False
4.1801 	EXP 	slider_4: markerPos = None
4.1801 	EXP 	slider_4: markerPos = None
4.1801 	EXP 	prog_3: autoDraw = True
4.1801 	EXP 	redbar_3: autoDraw = True
4.1801 	EXP 	yellowbar_3: autoDraw = True
4.1801 	EXP 	greenbar_3: autoDraw = True
4.1801 	EXP 	arrow_3: autoDraw = True
4.1801 	EXP 	arrow_4: autoDraw = True
4.1801 	EXP 	targlab: autoDraw = True
4.1801 	EXP 	yourperf: autoDraw = True
4.1801 	EXP 	slider_4: autoDraw = True
4.1801 	EXP 	textbox_5: autoDraw = True
4.4519 	EXP 	Device response: <KeyPress from None: t=4.447041040999466, value=s, duration=None>
4.4536 	DATA 	Keypress: s
4.4571 	EXP 	prog_3: autoDraw = False
4.4571 	EXP 	redbar_3: autoDraw = False
4.4571 	EXP 	yellowbar_3: autoDraw = False
4.4571 	EXP 	greenbar_3: autoDraw = False
4.4571 	EXP 	arrow_3: autoDraw = False
4.4571 	EXP 	arrow_4: autoDraw = False
4.4571 	EXP 	targlab: autoDraw = False
4.4571 	EXP 	yourperf: autoDraw = False
4.4571 	EXP 	slider_4: autoDraw = False
4.4571 	EXP 	textbox_5: autoDraw = False
4.4571 	EXP 	feedback_practice_1: autoDraw = True
4.5932 	EXP 	Device response: <KeyPress from None: t=4.447041040999466, value=s, duration=0.14528779200918507>
4.8501 	EXP 	Device response: <KeyPress from None: t=4.848053458001232, value=space, duration=None>
4.8523 	DATA 	Keypress: space
5.0105 	EXP 	Device response: <KeyPress from None: t=4.848053458001232, value=space, duration=0.15238345800025854>
5.4480 	INFO 	Keyboard events cleared
5.4479 	EXP 	feedback_practice_1: autoDraw = False
5.4479 	EXP 	feedback_practice_1: autoDraw = False
5.4479 	EXP 	text_3: autoDraw = True
5.7441 	EXP 	Device response: <KeyPress from None: t=5.737189500010572, value=space, duration=None>
5.7528 	DEBUG 	Read csv file with pandas: training.csv
5.7553 	DEBUG 	Clearing unnamed columns from training.csv
5.7557 	EXP 	Imported training.csv as conditions, 5 conditions, 2 params
5.7560 	EXP 	New trial (rep=0, index=0): <Trial 0 (0 in rep 0) data={'train_diff': 'easy2', 'train_time': np.int64(60), 'thisN': 0, 'thisTrialN': 0, 'thisRepN': 0}>
5.7597 	EXP 	New trial (rep=0, index=0): <Trial 0 (0 in rep 0) data={'thisN': 0, 'thisTrialN': 0, 'thisRepN': 0}>
5.7614 	DATA 	Keypress: space
5.7654 	EXP 	text_3: autoDraw = False
5.7654 	EXP 	fix: autoDraw = True
5.8663 	EXP 	Device response: <KeyPress from None: t=5.737189500010572, value=space, duration=0.12417558299785014>
6.2520 	DEBUG 	TextBox2 loaded 1 chars with 0 blanks and 1 valid
6.2524 	DEBUG 	Uploading Texture Font fontname to graphics card
6.2562 	DEBUG 	Upload of Texture Font fontname complete
6.2799 	INFO 	Keyboard events cleared
6.2799 	EXP 	fix: autoDraw = False
6.2799 	EXP 	slider_training: markerPos = None
6.2799 	EXP 	slider_training: markerPos = None
6.2799 	EXP 	textbox_3: autoDraw = True
6.2799 	EXP 	slider_training: autoDraw = True
6.5590 	EXP 	Device response: <KeyPress from None: t=6.555153541004984, value=s, duration=None>
6.5608 	DATA 	Keypress: s
6.5641 	EXP 	textbox_3: autoDraw = False
6.5641 	EXP 	slider_training: autoDraw = False
6.5641 	EXP 	feedback_practice_1: autoDraw = True
6.7098 	EXP 	Device response: <KeyPress from None: t=6.555153541004984, value=s, duration=0.1482196249999106>
7.5582 	INFO 	Keyboard events cleared
7.5581 	EXP 	feedback_practice_1: autoDraw = False
7.5581 	EXP 	feedback_practice_1: autoDraw = False
7.5581 	EXP 	text_4: autoDraw = True
8.0668 	EXP 	Device response: <KeyPress from None: t=8.062990541002364, value=space, duration=None>
8.0670 	EXP 	New trial (rep=0, index=1): <Trial 1 (1 in rep 0) data={'train_diff': 'hard', 'train_time': np.int64(60), 'thisN': 1, 'thisTrialN': 1, 'thisRepN': 0}>
8.0718 	EXP 	New trial (rep=0, index=0): <Trial 0 (0 in rep 0) data={'thisN': 0, 'thisTrialN': 0, 'thisRepN': 0}>
8.0733 	DATA 	Keypress: space
8.0775 	EXP 	text_4: autoDraw = False
8.0775 	EXP 	fix: autoDraw = True
8.2119 	EXP 	Device response: <KeyPress from None: t=8.062990541002364, value=space, duration=0.14034358400385827>
8.5712 	DEBUG 	TextBox2 loaded 1 chars with 0 blanks and 1 valid
8.5725 	DEBUG 	TextBox2 loaded 1 chars with 0 blanks and 1 valid
8.5728 	DEBUG 	Uploading Texture Font fontname to graphics card
8.5761 	DEBUG 	Upload of Texture Font fontname complete
8.5906 	INFO 	Keyboard events cleared
8.5905 	EXP 	fix: autoDraw = False
8.5905 	EXP 	fix: autoDraw = False
8.5905 	EXP 	slider_training: markerPos = None
8.5905 	EXP 	slider_training: markerPos = None
8.5905 	EXP 	textbox_3: autoDraw = True
8.5905 	EXP 	slider_training: autoDraw = True
9.2407 	DATA 	Keypress: space
9.2451 	EXP 	Device response: <KeyPress from None: t=9.236918125010561, value=space, duration=None>
9.3922 	EXP 	Device response: <KeyPress from None: t=9.236918125010561, value=space, duration=0.14060291599889752>
9.5339 	EXP 	Device response: <KeyPress from None: t=9.531980041007046, value=s, duration=None>
9.5354 	DATA 	Keypress: s
9.5408 	EXP 	textbox_3: autoDraw = False
9.5408 	EXP 	slider_training: autoDraw = False
9.5408 	EXP 	feedback_practice_1: autoDraw = True
9.6932 	EXP 	Device response: <KeyPress from None: t=9.531980041007046, value=s, duration=0.15226495900424197>
10.5317 	INFO 	Keyboard events cleared
10.5317 	EXP 	feedback_practice_1: autoDraw = False
10.5317 	EXP 	feedback_practice_1: autoDraw = False
10.5317 	EXP 	text_4: autoDraw = True
10.8639 	EXP 	Device response: <KeyPress from None: t=10.84691033299896, value=space, duration=None>
10.8642 	EXP 	New trial (rep=0, index=2): <Trial 2 (2 in rep 0) data={'train_diff': 'easy1', 'train_time': np.int64(60), 'thisN': 2, 'thisTrialN': 2, 'thisRepN': 0}>
10.8695 	EXP 	New trial (rep=0, index=0): <Trial 0 (0 in rep 0) data={'thisN': 0, 'thisTrialN': 0, 'thisRepN': 0}>
10.8711 	DATA 	Keypress: space
10.8751 	EXP 	text_4: autoDraw = False
10.8751 	EXP 	fix: autoDraw = True
10.9999 	EXP 	Device response: <KeyPress from None: t=10.84691033299896, value=space, duration=0.14879416700568981>
11.3630 	DEBUG 	TextBox2 loaded 1 chars with 0 blanks and 1 valid
11.3633 	DEBUG 	Uploading Texture Font fontname to graphics card
11.3671 	DEBUG 	Upload of Texture Font fontname complete
11.3835 	INFO 	Keyboard events cleared
11.3835 	EXP 	fix: autoDraw = False
11.3835 	EXP 	fix: autoDraw = False
11.3835 	EXP 	slider_training: markerPos = None
11.3835 	EXP 	slider_training: markerPos = None
11.3835 	EXP 	textbox_3: autoDraw = True
11.3835 	EXP 	slider_training: autoDraw = True
11.8345 	EXP 	Device response: <KeyPress from None: t=11.83187175000785, value=s, duration=None>
11.8365 	DATA 	Keypress: s
11.8406 	EXP 	textbox_3: autoDraw = False
11.8406 	EXP 	slider_training: autoDraw = False
11.8406 	EXP 	feedback_practice_1: autoDraw = True
11.9933 	EXP 	Device response: <KeyPress from None: t=11.83187175000785, value=s, duration=0.15229345799889416>
12.8320 	INFO 	Keyboard events cleared
12.8319 	EXP 	feedback_practice_1: autoDraw = False
12.8319 	EXP 	feedback_practice_1: autoDraw = False
12.8319 	EXP 	text_4: autoDraw = True
13.1110 	EXP 	Device response: <KeyPress from None: t=13.106848208000883, value=space, duration=None>
13.1112 	EXP 	New trial (rep=0, index=3): <Trial 3 (3 in rep 0) data={'train_diff': 'med2', 'train_time': np.int64(60), 'thisN': 3, 'thisTrialN': 3, 'thisRepN': 0}>
13.1162 	EXP 	New trial (rep=0, index=0): <Trial 0 (0 in rep 0) data={'thisN': 0, 'thisTrialN': 0, 'thisRepN': 0}>
13.1181 	DATA 	Keypress: space
13.1220 	EXP 	text_4: autoDraw = False
13.1220 	EXP 	fix: autoDraw = True
13.2608 	EXP 	Device response: <KeyPress from None: t=13.106848208000883, value=space, duration=0.1483526670053834>
13.6161 	DEBUG 	TextBox2 loaded 1 chars with 0 blanks and 1 valid
13.6164 	DEBUG 	Uploading Texture Font fontname to graphics card
13.6197 	DEBUG 	Upload of Texture Font fontname complete
13.6347 	INFO 	Keyboard events cleared
13.6347 	EXP 	fix: autoDraw = False
13.6347 	EXP 	fix: autoDraw = False
13.6347 	EXP 	slider_training: markerPos = None
13.6347 	EXP 	slider_training: markerPos = None
13.6347 	EXP 	textbox_3: autoDraw = True
13.6347 	EXP 	slider_training: autoDraw = True
13.9582 	EXP 	Device response: <KeyPress from None: t=13.951779250011896, value=s, duration=None>
13.9599 	DATA 	Keypress: s
13.9632 	EXP 	textbox_3: autoDraw = False
13.9632 	EXP 	slider_training: autoDraw = False
13.9632 	EXP 	feedback_practice_1: autoDraw = True
14.1167 	EXP 	Device response: <KeyPress from None: t=13.951779250011896, value=s, duration=0.16033166598936077>
14.9581 	INFO 	Keyboard events cleared
14.9581 	EXP 	feedback_practice_1: autoDraw = False
14.9581 	EXP 	feedback_practice_1: autoDraw = False
14.9581 	EXP 	text_4: autoDraw = True
15.2774 	EXP 	Device response: <KeyPress from None: t=15.269804000010481, value=space, duration=None>
15.2777 	EXP 	New trial (rep=0, index=4): <Trial 4 (4 in rep 0) data={'train_diff': 'med1', 'train_time': np.int64(60), 'thisN': 4, 'thisTrialN': 4, 'thisRepN': 0}>
15.2826 	EXP 	New trial (rep=0, index=0): <Trial 0 (0 in rep 0) data={'thisN': 0, 'thisTrialN': 0, 'thisRepN': 0}>
15.2848 	DATA 	Keypress: space
15.2888 	EXP 	text_4: autoDraw = False
15.2888 	EXP 	fix: autoDraw = True
15.4108 	EXP 	Device response: <KeyPress from None: t=15.269804000010481, value=space, duration=0.1322848330019042>
15.7791 	DEBUG 	TextBox2 loaded 1 chars with 0 blanks and 1 valid
15.7795 	DEBUG 	Uploading Texture Font fontname to graphics card
15.7834 	DEBUG 	Upload of Texture Font fontname complete
15.7997 	INFO 	Keyboard events cleared
15.7997 	EXP 	fix: autoDraw = False
15.7997 	EXP 	fix: autoDraw = False
15.7997 	EXP 	slider_training: markerPos = None
15.7997 	EXP 	slider_training: markerPos = None
15.7997 	EXP 	textbox_3: autoDraw = True
15.7997 	EXP 	slider_training: autoDraw = True
16.0757 	EXP 	Device response: <KeyPress from None: t=16.057791083003394, value=s, duration=None>
16.0777 	DATA 	Keypress: s
16.0912 	EXP 	textbox_3: autoDraw = False
16.0912 	EXP 	slider_training: autoDraw = False
16.0912 	EXP 	feedback_practice_1: autoDraw = True
16.2149 	EXP 	Device response: <KeyPress from None: t=16.057791083003394, value=s, duration=0.15225783300411422>
17.0813 	INFO 	Keyboard events cleared
17.0813 	EXP 	feedback_practice_1: autoDraw = False
17.0813 	EXP 	text_4: autoDraw = True
17.3440 	EXP 	Device response: <KeyPress from None: t=17.34076650001225, value=space, duration=None>
17.3489 	INFO 	Keyboard events cleared
17.3488 	EXP 	text_4: autoDraw = False
17.3488 	EXP 	text_6: autoDraw = True
17.3520 	DATA 	Keypress: space
17.4826 	EXP 	Device response: <KeyPress from None: t=17.34076650001225, value=space, duration=0.13630474999081343>
17.8831 	EXP 	Device response: <KeyPress from None: t=17.880665290998877, value=s, duration=None>
17.8950 	DATA 	Keypress: s
18.0120 	EXP 	Device response: <KeyPress from None: t=17.880665290998877, value=s, duration=0.12441679200856015>
18.3629 	EXP 	Device response: <KeyPress from None: t=18.348741791007342, value=space, duration=None>
18.3711 	DEBUG 	Read excel file with openpyxl: experiment_difficulty.xlsx
18.3714 	EXP 	Imported experiment_difficulty.xlsx as conditions, 5 conditions, 3 params
18.3717 	EXP 	New trial (rep=0, index=0): <Trial 0 (0 in rep 0) data={'exp_diff': 'med1', 'exp_time': 120, 'diffbyt': 5.0, 'thisN': 0, 'thisTrialN': 0, 'thisRepN': 0}>
18.3719 	EXP 	New trial (rep=0, index=0): <Trial 0 (0 in rep 0) data={'thisN': 0, 'thisTrialN': 0, 'thisRepN': 0}>
18.3733 	DATA 	Keypress: space
18.3772 	EXP 	text_6: autoDraw = False
18.3772 	EXP 	fix: autoDraw = True
18.4679 	EXP 	Device response: <KeyPress from None: t=18.348741791007342, value=space, duration=0.11626570900261868>
18.8984 	INFO 	Keyboard events cleared
18.8984 	EXP 	fix: autoDraw = False
18.8984 	EXP 	slider: markerPos = None
18.8984 	EXP 	slider: markerPos = None
18.8984 	EXP 	prog: autoDraw = True
18.8984 	EXP 	redbar: autoDraw = True
18.8984 	EXP 	yellowbar: autoDraw = True
18.8984 	EXP 	greenbar: autoDraw = True
18.8984 	EXP 	targarrow: autoDraw = True
18.8984 	EXP 	userArrow: autoDraw = True
18.8984 	EXP 	yourperfexp: autoDraw = True
18.8984 	EXP 	tarlabexp: autoDraw = True
18.8984 	EXP 	textbox: autoDraw = True
18.8984 	EXP 	slider: autoDraw = True
18.8984 	EXP 	norm_arrow: autoDraw = True
24.0014 	DEBUG 	TextBox2 loaded 1 chars with 0 blanks and 1 valid
24.0020 	DEBUG 	TextBox2 loaded 1 chars with 0 blanks and 1 valid
24.0027 	DEBUG 	TextBox2 loaded 1 chars with 0 blanks and 1 valid
24.0031 	DEBUG 	TextBox2 loaded 1 chars with 0 blanks and 1 valid
24.0032 	DEBUG 	Uploading Texture Font fontname to graphics card
24.0051 	DEBUG 	Upload of Texture Font fontname complete
24.0244 	EXP 	prog: autoDraw = False
24.0244 	EXP 	redbar: autoDraw = False
24.0244 	EXP 	yellowbar: autoDraw = False
24.0244 	EXP 	greenbar: autoDraw = False
24.0244 	EXP 	targarrow: autoDraw = False
24.0244 	EXP 	userArrow: autoDraw = False
24.0244 	EXP 	yourperfexp: autoDraw = False
24.0244 	EXP 	tarlabexp: autoDraw = False
24.0244 	EXP 	textbox: autoDraw = False
24.0244 	EXP 	slider: autoDraw = False
24.0244 	EXP 	norm_arrow: autoDraw = False
24.0244 	EXP 	feedback_practice_1: autoDraw = True
25.0097 	EXP 	New trial (rep=1, index=0): <Trial 1 (0 in rep 1) data={'thisN': 1, 'thisTrialN': 0, 'thisRepN': 1}>
25.0138 	EXP 	feedback_practice_1: autoDraw = False
25.0138 	EXP 	fix: autoDraw = True
25.5217 	INFO 	Keyboard events cleared
25.5216 	EXP 	fix: autoDraw = False
25.5216 	EXP 	fix: autoDraw = False
25.5216 	EXP 	slider: markerPos = None
25.5216 	EXP 	slider: markerPos = None
25.5216 	EXP 	prog: autoDraw = True
25.5216 	EXP 	redbar: autoDraw = True
25.5216 	EXP 	yellowbar: autoDraw = True
25.5216 	EXP 	greenbar: autoDraw = True
25.5216 	EXP 	targarrow: autoDraw = True
25.5216 	EXP 	userArrow: autoDraw = True
25.5216 	EXP 	yourperfexp: autoDraw = True
25.5216 	EXP 	tarlabexp: autoDraw = True
25.5216 	EXP 	textbox: autoDraw = True
25.5216 	EXP 	slider: autoDraw = True
25.5216 	EXP 	norm_arrow: autoDraw = True
30.6403 	EXP 	prog: autoDraw = False
30.6403 	EXP 	redbar: autoDraw = False
30.6403 	EXP 	yellowbar: autoDraw = False
30.6403 	EXP 	greenbar: autoDraw = False
30.6403 	EXP 	targarrow: autoDraw = False
30.6403 	EXP 	userArrow: autoDraw = False
30.6403 	EXP 	yourperfexp: autoDraw = False
30.6403 	EXP 	tarlabexp: autoDraw = False
30.6403 	EXP 	textbox: autoDraw = False
30.6403 	EXP 	slider: autoDraw = False
30.6403 	EXP 	norm_arrow: autoDraw = False
30.6403 	EXP 	feedback_practice_1: autoDraw = True
31.6262 	EXP 	New trial (rep=2, index=0): <Trial 2 (0 in rep 2) data={'thisN': 2, 'thisTrialN': 0, 'thisRepN': 2}>
31.6301 	EXP 	feedback_practice_1: autoDraw = False
31.6301 	EXP 	feedback_practice_1: autoDraw = False
31.6301 	EXP 	fix: autoDraw = True
32.1371 	INFO 	Keyboard events cleared
32.1370 	EXP 	fix: autoDraw = False
32.1370 	EXP 	fix: autoDraw = False
32.1370 	EXP 	slider: markerPos = None
32.1370 	EXP 	slider: markerPos = None
32.1370 	EXP 	prog: autoDraw = True
32.1370 	EXP 	redbar: autoDraw = True
32.1370 	EXP 	yellowbar: autoDraw = True
32.1370 	EXP 	greenbar: autoDraw = True
32.1370 	EXP 	targarrow: autoDraw = True
32.1370 	EXP 	userArrow: autoDraw = True
32.1370 	EXP 	yourperfexp: autoDraw = True
32.1370 	EXP 	tarlabexp: autoDraw = True
32.1370 	EXP 	textbox: autoDraw = True
32.1370 	EXP 	slider: autoDraw = True
32.1370 	EXP 	norm_arrow: autoDraw = True
37.2571 	EXP 	prog: autoDraw = False
37.2571 	EXP 	redbar: autoDraw = False
37.2571 	EXP 	yellowbar: autoDraw = False
37.2571 	EXP 	greenbar: autoDraw = False
37.2571 	EXP 	targarrow: autoDraw = False
37.2571 	EXP 	userArrow: autoDraw = False
37.2571 	EXP 	yourperfexp: autoDraw = False
37.2571 	EXP 	tarlabexp: autoDraw = False
37.2571 	EXP 	textbox: autoDraw = False
37.2571 	EXP 	slider: autoDraw = False
37.2571 	EXP 	norm_arrow: autoDraw = False
37.2571 	EXP 	feedback_practice_1: autoDraw = True
38.2426 	EXP 	New trial (rep=3, index=0): <Trial 3 (0 in rep 3) data={'thisN': 3, 'thisTrialN': 0, 'thisRepN': 3}>
38.2468 	EXP 	feedback_practice_1: autoDraw = False
38.2468 	EXP 	feedback_practice_1: autoDraw = False
38.2468 	EXP 	fix: autoDraw = True
38.7549 	INFO 	Keyboard events cleared
38.7548 	EXP 	fix: autoDraw = False
38.7548 	EXP 	fix: autoDraw = False
38.7548 	EXP 	slider: markerPos = None
38.7548 	EXP 	slider: markerPos = None
38.7548 	EXP 	prog: autoDraw = True
38.7548 	EXP 	redbar: autoDraw = True
38.7548 	EXP 	yellowbar: autoDraw = True
38.7548 	EXP 	greenbar: autoDraw = True
38.7548 	EXP 	targarrow: autoDraw = True
38.7548 	EXP 	userArrow: autoDraw = True
38.7548 	EXP 	yourperfexp: autoDraw = True
38.7548 	EXP 	tarlabexp: autoDraw = True
38.7548 	EXP 	textbox: autoDraw = True
38.7548 	EXP 	slider: autoDraw = True
38.7548 	EXP 	norm_arrow: autoDraw = True
43.8785 	EXP 	prog: autoDraw = False
43.8785 	EXP 	redbar: autoDraw = False
43.8785 	EXP 	yellowbar: autoDraw = False
43.8785 	EXP 	greenbar: autoDraw = False
43.8785 	EXP 	targarrow: autoDraw = False
43.8785 	EXP 	userArrow: autoDraw = False
43.8785 	EXP 	yourperfexp: autoDraw = False
43.8785 	EXP 	tarlabexp: autoDraw = False
43.8785 	EXP 	textbox: autoDraw = False
43.8785 	EXP 	slider: autoDraw = False
43.8785 	EXP 	norm_arrow: autoDraw = False
43.8785 	EXP 	prog: autoDraw = False
43.8785 	EXP 	redbar: autoDraw = False
43.8785 	EXP 	yellowbar: autoDraw = False
43.8785 	EXP 	greenbar: autoDraw = False
43.8785 	EXP 	targarrow: autoDraw = False
43.8785 	EXP 	userArrow: autoDraw = False
43.8785 	EXP 	yourperfexp: autoDraw = False
43.8785 	EXP 	tarlabexp: autoDraw = False
43.8785 	EXP 	textbox: autoDraw = False
43.8785 	EXP 	slider: autoDraw = False
43.8785 	EXP 	norm_arrow: autoDraw = False
43.8785 	EXP 	feedback_practice_1: autoDraw = True
44.8656 	EXP 	New trial (rep=4, index=0): <Trial 4 (0 in rep 4) data={'thisN': 4, 'thisTrialN': 0, 'thisRepN': 4}>
44.8744 	EXP 	feedback_practice_1: autoDraw = False
44.8744 	EXP 	feedback_practice_1: autoDraw = False
44.8744 	EXP 	fix: autoDraw = True
45.3661 	EXP 	fix: autoDraw = False
45.3661 	EXP 	fix: autoDraw = False
45.3661 	EXP 	slider: markerPos = None
45.3661 	EXP 	slider: markerPos = None
45.3855 	INFO 	Keyboard events cleared
45.3855 	EXP 	prog: autoDraw = True
45.3855 	EXP 	redbar: autoDraw = True
45.3855 	EXP 	yellowbar: autoDraw = True
45.3855 	EXP 	greenbar: autoDraw = True
45.3855 	EXP 	targarrow: autoDraw = True
45.3855 	EXP 	userArrow: autoDraw = True
45.3855 	EXP 	yourperfexp: autoDraw = True
45.3855 	EXP 	tarlabexp: autoDraw = True
45.3855 	EXP 	textbox: autoDraw = True
45.3855 	EXP 	slider: autoDraw = True
45.3855 	EXP 	norm_arrow: autoDraw = True
50.5072 	EXP 	prog: autoDraw = False
50.5072 	EXP 	redbar: autoDraw = False
50.5072 	EXP 	yellowbar: autoDraw = False
50.5072 	EXP 	greenbar: autoDraw = False
50.5072 	EXP 	targarrow: autoDraw = False
50.5072 	EXP 	userArrow: autoDraw = False
50.5072 	EXP 	yourperfexp: autoDraw = False
50.5072 	EXP 	tarlabexp: autoDraw = False
50.5072 	EXP 	textbox: autoDraw = False
50.5072 	EXP 	slider: autoDraw = False
50.5072 	EXP 	norm_arrow: autoDraw = False
50.5072 	EXP 	feedback_practice_1: autoDraw = True
51.4985 	INFO 	Keyboard events cleared
51.4985 	EXP 	feedback_practice_1: autoDraw = False
51.4985 	EXP 	feedback_practice_1: autoDraw = False
51.4985 	EXP 	text_5: text = ''
51.4985 	EXP 	text_5: autoDraw = True
51.4985 	EXP 	text_5: height = np.float64(0.05)
51.4985 	EXP 	text_5: height = np.float64(0.05)
51.4985 	EXP 	text_5: height = np.float64(0.05)
51.4985 	EXP 	text_5: text = ''
53.5798 	EXP 	Device response: <KeyPress from None: t=53.56916975000058, value=space, duration=None>
53.5802 	EXP 	New trial (rep=0, index=1): <Trial 1 (1 in rep 0) data={'exp_diff': 'hard', 'exp_time': 120, 'diffbyt': 7.0, 'thisN': 1, 'thisTrialN': 1, 'thisRepN': 0}>
53.5805 	EXP 	New trial (rep=0, index=0): <Trial 0 (0 in rep 0) data={'thisN': 0, 'thisTrialN': 0, 'thisRepN': 0}>
53.5830 	DATA 	Keypress: space
53.5871 	EXP 	text_5: autoDraw = False
53.5871 	EXP 	fix: autoDraw = True
53.7271 	EXP 	Device response: <KeyPress from None: t=53.56916975000058, value=space, duration=0.15424604099825956>
54.1004 	INFO 	Keyboard events cleared
54.1003 	EXP 	fix: autoDraw = False
54.1003 	EXP 	fix: autoDraw = False
54.1003 	EXP 	slider: markerPos = None
54.1003 	EXP 	slider: markerPos = None
54.1003 	EXP 	prog: autoDraw = True
54.1003 	EXP 	redbar: autoDraw = True
54.1003 	EXP 	yellowbar: autoDraw = True
54.1003 	EXP 	greenbar: autoDraw = True
54.1003 	EXP 	targarrow: autoDraw = True
54.1003 	EXP 	userArrow: autoDraw = True
54.1003 	EXP 	yourperfexp: autoDraw = True
54.1003 	EXP 	tarlabexp: autoDraw = True
54.1003 	EXP 	textbox: autoDraw = True
54.1003 	EXP 	slider: autoDraw = True
54.1003 	EXP 	norm_arrow: autoDraw = True
55.7747 	EXP 	Device response: <KeyPress from None: t=55.77104200000758, value=escape, duration=None>
55.7834 	DATA 	Keypress: escape
55.8940 	EXP 	Device response: <KeyPress from None: t=55.77104200000758, value=escape, duration=0.12029320800502319>
55.8940 	EXP 	misty_module: status = STOPPED
55.9069 	EXP 	prog: autoDraw = False
55.9069 	EXP 	redbar: autoDraw = False
55.9069 	EXP 	yellowbar: autoDraw = False
55.9069 	EXP 	greenbar: autoDraw = False
55.9069 	EXP 	targarrow: autoDraw = False
55.9069 	EXP 	userArrow: autoDraw = False
55.9069 	EXP 	yourperfexp: autoDraw = False
55.9069 	EXP 	tarlabexp: autoDraw = False
55.9069 	EXP 	textbox: autoDraw = False
55.9069 	EXP 	slider: autoDraw = False
55.9069 	EXP 	norm_arrow: autoDraw = False
55.9077 	EXP 	misty_module: status = STOPPED
55.9131 	INFO 	saved data to '/Users/oliverclark/misty_py/data/pilot_misty_module_2026-02-03_18h28.23.859.csv'
55.9136 	INFO 	saved data to /Users/oliverclark/misty_py/data/pilot_misty_module_2026-02-03_18h28.23.859.psydat
55.9896 	DEBUG 	Saving data for misty_module ExperimentHandler
55.9902 	WARNING 	Stopping key buffers but this could be dangerous ifother keyboards rely on the same.
