10.4743 	WARNING 	Font Manager failed to load file /System/Library/PrivateFrameworks/FontServices.framework/Resources/Reserved/PingFangUI.ttc
10.5242 	WARNING 	Font Manager failed to load file /System/Library/PrivateFrameworks/FontServices.framework/Resources/Reserved/PingFangUI.ttc
11.9909 	DEBUG 	Fullscreen settings ignored as running in pilot mode.
11.9919 	INFO 	Loaded monitor calibration from ['2026_01_21 12:15']
12.1062 	INFO 	Using renderer 'Apple M4' for graphics
12.1062 	INFO 	OpenGL version supported by driver is 2..
12.1259 	EXP 	Created window1 = Window(allowGUI=False, allowStencil=True, autoLog=True, backendConf=UNKNOWN, backgroundFit=<method-wrapper '__getattribute__' of attributeSetter object at 0x1769b97e0>, backgroundImage=<method-wrapper '__getattribute__' of attributeSetter object at 0x1769b9780>, bitsMode=UNKNOWN, blendMode='avg', bpc=(8, 8, 8), color=array([0, 0, 0]), colorSpace='rgb', depthBits=8, fullscr=False, gamma=None, gammaErrorPolicy='raise', infoMsg=UNKNOWN, lms=UNKNOWN, monitor=<psychopy.monitors.calibTools.Monitor object at 0x176f37a00>, multiSample=False, name='window1', numSamples=2, pos=[np.float64(335.0), np.float64(178.0)], screen=0, size=array([1600, 1200]), stencilBits=8, stereo=False, title='PsychoPy', units='height', useFBO=True, useRetina=True, viewOri=0.0, viewPos=None, viewScale=None, waitBlanking=True, winType='pyglet')
12.1259 	EXP 	window1: backgroundImage = ''
12.1259 	EXP 	window1: backgroundFit = 'none'
12.1436 	DEBUG 	TextBox2 loaded 1 chars with 0 blanks and 1 valid
12.1517 	DEBUG 	TextBox2 loaded 1 chars with 0 blanks and 1 valid
12.1598 	DEBUG 	TextBox2 loaded 1 chars with 0 blanks and 1 valid
12.1681 	DEBUG 	TextBox2 loaded 1 chars with 0 blanks and 1 valid
12.1763 	DEBUG 	TextBox2 loaded 1 chars with 0 blanks and 1 valid
12.1843 	DEBUG 	TextBox2 loaded 1 chars with 0 blanks and 1 valid
12.1925 	DEBUG 	TextBox2 loaded 1 chars with 0 blanks and 1 valid
12.2009 	DEBUG 	TextBox2 loaded 1 chars with 0 blanks and 1 valid
12.2088 	DEBUG 	TextBox2 loaded 1 chars with 0 blanks and 1 valid
12.2168 	DEBUG 	TextBox2 loaded 1 chars with 0 blanks and 1 valid
12.2250 	DEBUG 	TextBox2 loaded 1 chars with 0 blanks and 1 valid
12.2332 	DEBUG 	TextBox2 loaded 1 chars with 0 blanks and 1 valid
12.2414 	DEBUG 	TextBox2 loaded 1 chars with 0 blanks and 1 valid
12.2497 	DEBUG 	TextBox2 loaded 1 chars with 0 blanks and 1 valid
12.2579 	DEBUG 	TextBox2 loaded 1 chars with 0 blanks and 1 valid
12.2661 	DEBUG 	TextBox2 loaded 1 chars with 0 blanks and 1 valid
12.2744 	DEBUG 	TextBox2 loaded 1 chars with 0 blanks and 1 valid
12.2824 	DEBUG 	TextBox2 loaded 1 chars with 0 blanks and 1 valid
12.2905 	DEBUG 	TextBox2 loaded 1 chars with 0 blanks and 1 valid
12.2989 	DEBUG 	TextBox2 loaded 1 chars with 0 blanks and 1 valid
12.3070 	DEBUG 	TextBox2 loaded 1 chars with 0 blanks and 1 valid
12.3071 	DEBUG 	Uploading Texture Font fontname to graphics card
12.3099 	DEBUG 	Upload of Texture Font fontname complete
12.3209 	DEBUG 	TextBox2 loaded 1 chars with 0 blanks and 1 valid
12.3291 	DEBUG 	TextBox2 loaded 1 chars with 0 blanks and 1 valid
12.3372 	DEBUG 	TextBox2 loaded 1 chars with 0 blanks and 1 valid
12.3373 	DEBUG 	Uploading Texture Font fontname to graphics card
12.3389 	DEBUG 	Upload of Texture Font fontname complete
12.3398 	EXP 	window1: Attempting to measure frame rate of screen (0) ...
12.3399 	EXP 	window1: recordFrameIntervals = False
12.4598 	EXP 	window1: recordFrameIntervals = True
13.2937 	WARNING 	Couldn't measure a consistent frame rate!
  - Is your graphics card set to sync to vertical blank?
  - Are you running other processes on your computer?

13.3173 	DEBUG 	TextBox2 loaded 1 chars with 0 blanks and 1 valid
13.3294 	DEBUG 	TextBox2 loaded 1 chars with 0 blanks and 1 valid
13.3399 	DEBUG 	TextBox2 loaded 1 chars with 0 blanks and 1 valid
13.3496 	DEBUG 	TextBox2 loaded 1 chars with 0 blanks and 1 valid
13.3587 	DEBUG 	TextBox2 loaded 1 chars with 0 blanks and 1 valid
13.3674 	DEBUG 	TextBox2 loaded 1 chars with 0 blanks and 1 valid
13.3753 	DEBUG 	TextBox2 loaded 1 chars with 0 blanks and 1 valid
13.3832 	DEBUG 	TextBox2 loaded 1 chars with 0 blanks and 1 valid
13.3911 	DEBUG 	TextBox2 loaded 1 chars with 0 blanks and 1 valid
13.3990 	DEBUG 	TextBox2 loaded 1 chars with 0 blanks and 1 valid
13.3991 	DEBUG 	Uploading Texture Font fontname to graphics card
13.4013 	DEBUG 	Upload of Texture Font fontname complete
13.9960 	INFO 	keyboard.Keyboard is using ptb backend.
13.9960 	EXP 	misty_module: status = STARTED
14.0305 	EXP 	Created text = TextStim(__class__=<class 'psychopy.visual.text.TextStim'>, alignHoriz=method-wrapper(...), alignText='center', alignVert=method-wrapper(...), anchorHoriz='center', anchorVert='center', antialias=True, autoDraw=False, autoLog=True, bold=False, color=array([1., 1., 1.]), colorSpace='rgb', contrast=1.0, depth=-1.0, draggable=False, flipHoriz=False, flipVert=False, font='Arial', fontFiles=[], height=np.float64(0.05), italic=False, languageStyle='LTR', name='text', opacity=1, ori=0.0, pos=array([0., 0.]), rgb=UNKNOWN, text=str(...), units='height', win=Window(...), wrapWidth=1)
14.0380 	EXP 	Created intstructs = TextStim(__class__=<class 'psychopy.visual.text.TextStim'>, alignHoriz=method-wrapper(...), alignText='center', alignVert=method-wrapper(...), anchorHoriz='center', anchorVert='center', antialias=True, autoDraw=False, autoLog=True, bold=False, color=array([1., 1., 1.]), colorSpace='rgb', contrast=1.0, depth=0.0, draggable=False, flipHoriz=False, flipVert=False, font='Arial', fontFiles=[], height=np.float64(0.05), italic=False, languageStyle='LTR', name='intstructs', opacity=1, ori=0.0, pos=array([0., 0.]), rgb=UNKNOWN, text=str(...), units='height', win=Window(...), wrapWidth=1)
14.0402 	EXP 	Created fix = TextStim(__class__=<class 'psychopy.visual.text.TextStim'>, alignHoriz=method-wrapper(...), alignText='center', alignVert=method-wrapper(...), anchorHoriz='center', anchorVert='center', antialias=True, autoDraw=False, autoLog=True, bold=False, color=array([1., 1., 1.]), colorSpace='rgb', contrast=1.0, depth=-1.0, draggable=False, flipHoriz=False, flipVert=False, font='Open Sans', fontFiles=[], height=np.float64(0.1), italic=False, languageStyle='LTR', name='fix', opacity=1, ori=0.0, pos=array([0., 0.]), rgb=UNKNOWN, text='+', units='height', win=Window(...), wrapWidth=1)
14.0452 	DEBUG 	TextBox2 loaded 1 chars with 0 blanks and 1 valid
14.0458 	DEBUG 	TextBox2 loaded 1 chars with 0 blanks and 1 valid
14.0464 	DEBUG 	TextBox2 loaded 1 chars with 0 blanks and 1 valid
14.0469 	DEBUG 	TextBox2 loaded 1 chars with 0 blanks and 1 valid
14.0471 	DEBUG 	TextBox2 loaded 1 chars with 0 blanks and 1 valid
14.0473 	DEBUG 	TextBox2 loaded 1 chars with 0 blanks and 1 valid
14.0478 	DEBUG 	TextBox2 loaded 1 chars with 0 blanks and 1 valid
14.0482 	DEBUG 	TextBox2 loaded 1 chars with 0 blanks and 1 valid
14.0485 	DEBUG 	TextBox2 loaded 1 chars with 0 blanks and 1 valid
14.0486 	DEBUG 	Uploading Texture Font fontname to graphics card
14.0506 	DEBUG 	Upload of Texture Font fontname complete
14.0731 	DEBUG 	TextBox2 loaded 1 chars with 0 blanks and 1 valid
14.0732 	DEBUG 	Uploading Texture Font fontname to graphics card
14.0753 	DEBUG 	Upload of Texture Font fontname complete
14.0857 	DEBUG 	TextBox2 loaded 1 chars with 0 blanks and 1 valid
14.0935 	DEBUG 	TextBox2 loaded 1 chars with 0 blanks and 1 valid
14.1014 	DEBUG 	TextBox2 loaded 1 chars with 0 blanks and 1 valid
14.1092 	DEBUG 	TextBox2 loaded 1 chars with 0 blanks and 1 valid
14.1169 	DEBUG 	TextBox2 loaded 1 chars with 0 blanks and 1 valid
14.1247 	DEBUG 	TextBox2 loaded 1 chars with 0 blanks and 1 valid
14.1325 	DEBUG 	TextBox2 loaded 1 chars with 0 blanks and 1 valid
14.1402 	DEBUG 	TextBox2 loaded 1 chars with 0 blanks and 1 valid
14.1481 	DEBUG 	TextBox2 loaded 1 chars with 0 blanks and 1 valid
14.1558 	DEBUG 	TextBox2 loaded 1 chars with 0 blanks and 1 valid
14.1559 	DEBUG 	Uploading Texture Font fontname to graphics card
14.1574 	DEBUG 	Upload of Texture Font fontname complete
14.1678 	DEBUG 	TextBox2 loaded 1 chars with 0 blanks and 1 valid
14.1679 	DEBUG 	Uploading Texture Font fontname to graphics card
14.1693 	DEBUG 	Upload of Texture Font fontname complete
14.1822 	DEBUG 	TextBox2 loaded 1 chars with 0 blanks and 1 valid
14.1823 	DEBUG 	Uploading Texture Font fontname to graphics card
14.1838 	DEBUG 	Upload of Texture Font fontname complete
14.1967 	DEBUG 	TextBox2 loaded 1 chars with 0 blanks and 1 valid
14.1967 	DEBUG 	Uploading Texture Font fontname to graphics card
14.1982 	DEBUG 	Upload of Texture Font fontname complete
14.2110 	DEBUG 	TextBox2 loaded 1 chars with 0 blanks and 1 valid
14.2111 	DEBUG 	Uploading Texture Font fontname to graphics card
14.2126 	DEBUG 	Upload of Texture Font fontname complete
14.2255 	DEBUG 	TextBox2 loaded 1 chars with 0 blanks and 1 valid
14.2255 	DEBUG 	Uploading Texture Font fontname to graphics card
14.2270 	DEBUG 	Upload of Texture Font fontname complete
14.2399 	DEBUG 	TextBox2 loaded 1 chars with 0 blanks and 1 valid
14.2399 	DEBUG 	Uploading Texture Font fontname to graphics card
14.2414 	DEBUG 	Upload of Texture Font fontname complete
14.2543 	DEBUG 	TextBox2 loaded 1 chars with 0 blanks and 1 valid
14.2543 	DEBUG 	Uploading Texture Font fontname to graphics card
14.2558 	DEBUG 	Upload of Texture Font fontname complete
14.2686 	DEBUG 	TextBox2 loaded 1 chars with 0 blanks and 1 valid
14.2687 	DEBUG 	Uploading Texture Font fontname to graphics card
14.2702 	DEBUG 	Upload of Texture Font fontname complete
14.2830 	DEBUG 	TextBox2 loaded 1 chars with 0 blanks and 1 valid
14.2831 	DEBUG 	Uploading Texture Font fontname to graphics card
14.2846 	DEBUG 	Upload of Texture Font fontname complete
14.3081 	EXP 	Created slider_3 = Slider(__class__=<class 'psychopy.visual.slider.Slider'>, autoDraw=False, autoLog=True, borderColor=None, color=None, colorSpace='rgb', depth=-2, fillColor=None, flip=False, font='Noto Sans', granularity=1, labelColor=None, labelHeight=np.float64(0.05), labelWrapWidth=None, labels=(0, 1, 2, 3, 4, 5, 6, 7, 8, 9), lineColor=None, markerColor=None, name='slider_3', opacity=None, ori=0.0, pos=array([ 0. , -0.4]), readOnly=False, self=UNKNOWN, size=array([1. , 0.1]), startValue=None, style='choice', styleTweaks=[], ticks=array([0, 1, 2, 3, 4, 5, 6, 7, 8, 9]), units='norm', win=Window(...))
14.3152 	EXP 	Created text_2 = TextStim(__class__=<class 'psychopy.visual.text.TextStim'>, alignHoriz=method-wrapper(...), alignText='center', alignVert=method-wrapper(...), anchorHoriz='center', anchorVert='center', antialias=True, autoDraw=False, autoLog=True, bold=False, color=array([1., 1., 1.]), colorSpace='rgb', contrast=1.0, depth=0.0, draggable=False, flipHoriz=False, flipVert=False, font='Arial', fontFiles=[], height=np.float64(0.05), italic=False, languageStyle='LTR', name='text_2', opacity=1, ori=0.0, pos=array([0., 0.]), rgb=UNKNOWN, text=str(...), units='height', win=Window(...), wrapWidth=1)
14.3159 	EXP 	Created fix = TextStim(__class__=<class 'psychopy.visual.text.TextStim'>, alignHoriz=method-wrapper(...), alignText='center', alignVert=method-wrapper(...), anchorHoriz='center', anchorVert='center', antialias=True, autoDraw=False, autoLog=True, bold=False, color=array([1., 1., 1.]), colorSpace='rgb', contrast=1.0, depth=-1.0, draggable=False, flipHoriz=False, flipVert=False, font='Open Sans', fontFiles=[], height=np.float64(0.1), italic=False, languageStyle='LTR', name='fix', opacity=1, ori=0.0, pos=array([0., 0.]), rgb=UNKNOWN, text='+', units='height', win=Window(...), wrapWidth=1)
14.3184 	EXP 	Created prog_3 = Progress(__class__=<class 'psychopy.visual.progress.Progress'>, anchor=('left', 'top'), autoDraw=False, autoLog=True, closeShape=True, color=method-wrapper(...), colorSpace='rgb', contrast=None, depth=-1, draggable=False, fillColor=array([-1.    ,  0.5373, -1.    ]), fillColorSpace='rgb', fillRGB=array([-1.    ,  0.5373, -1.    ]), interpolate=True, lineColor=array([1., 1., 1.]), lineColorSpace='rgb', lineRGB=array([1, 1, 1]), lineWidth=4.0, name='prog_3', opacity=1.0, ori=0.0, pos=array([-0.5,  0.5]), size=array([1. , 0.1]), units='norm', vertices=ndarray(...), win=Window(...), windingRule=None)
14.3192 	EXP 	Created prog_3Bar = ShapeStim(__class__=<class 'psychopy.visual.shape.ShapeStim'>, anchor=('left', 'top'), autoDraw=False, autoLog=True, closeShape=True, color=method-wrapper(...), colorSpace='rgb', contrast=None, depth=-1, draggable=False, fillColor=array([ 1., -1., -1.]), fillColorSpace='rgb', fillRGB=array([ 1., -1., -1.]), interpolate=True, lineColor=array([0., 0., 0.]), lineColorSpace='rgb', lineRGB=array([0, 0, 0]), lineWidth=1.5, name='prog_3Bar', opacity=1.0, ori=0.0, pos=array([-0.5,  0.5]), size=array([1. , 0.1]), units='norm', vertices=ndarray(...), win=Window(...), windingRule=None)
14.3197 	EXP 	Created redbar_3 = Rect(__class__=<class 'psychopy.visual.rect.Rect'>, anchor=('left', 'center'), autoDraw=False, autoLog=True, closeShape=True, color=method-wrapper(...), colorSpace='rgb', contrast=None, depth=-2.0, draggable=False, fillColor=array([ 1., -1., -1.]), fillColorSpace='rgb', fillRGB=array([ 1., -1., -1.]), interpolate=True, lineColor=array([1., 1., 1.]), lineColorSpace='rgb', lineRGB=array([1, 1, 1]), lineWidth=1.0, name='redbar_3', opacity=1, ori=0.0, pos=array([-1. ,  0.7]), size=array([2. , 0.1]), units='norm', vertices=ndarray(...), win=Window(...))
14.3203 	EXP 	Created yellowbar_3 = Rect(__class__=<class 'psychopy.visual.rect.Rect'>, anchor=('left', 'center'), autoDraw=False, autoLog=True, closeShape=True, color=method-wrapper(...), colorSpace='rgb', contrast=None, depth=-3.0, draggable=False, fillColor=array([ 1.,  1., -1.]), fillColorSpace='rgb', fillRGB=array([ 1.,  1., -1.]), interpolate=True, lineColor=array([1., 1., 1.]), lineColorSpace='rgb', lineRGB=array([1, 1, 1]), lineWidth=1.0, name='yellowbar_3', opacity=1, ori=0.0, pos=array([0. , 0.7]), size=array([1. , 0.1]), units='norm', vertices=ndarray(...), win=Window(...))
14.3208 	EXP 	Created greenbar_3 = Rect(__class__=<class 'psychopy.visual.rect.Rect'>, anchor=('left', 'center'), autoDraw=False, autoLog=True, closeShape=True, color=method-wrapper(...), colorSpace='rgb', contrast=None, depth=-4.0, draggable=False, fillColor=array([-1.    ,  0.0039, -1.    ]), fillColorSpace='rgb', fillRGB=array([-1.    ,  0.0039, -1.    ]), interpolate=True, lineColor=array([1., 1., 1.]), lineColorSpace='rgb', lineRGB=array([1, 1, 1]), lineWidth=1.0, name='greenbar_3', opacity=1, ori=0.0, pos=array([0.7, 0.7]), size=array([0.3, 0.1]), units='norm', vertices=ndarray(...), win=Window(...))
14.3215 	EXP 	Created arrow_3 = ShapeStim(__class__=<class 'psychopy.visual.shape.ShapeStim'>, anchor=('center', 'center'), autoDraw=False, autoLog=True, closeShape=True, color=method-wrapper(...), colorSpace='rgb', contrast=None, depth=-5.0, draggable=False, fillColor=array([1, 1, 1]), fillColorSpace='rgb', fillRGB=array([1, 1, 1]), interpolate=True, lineColor=array([1., 1., 1.]), lineColorSpace='rgb', lineRGB=array([1, 1, 1]), lineWidth=1.0, name='arrow_3', opacity=1, ori=0.0, pos=array([0., 0.]), size=array([0.05, 0.05]), units='norm', vertices=ndarray(...), win=Window(...), windingRule=None)
14.3222 	EXP 	Created arrow_4 = ShapeStim(__class__=<class 'psychopy.visual.shape.ShapeStim'>, anchor=('center', 'center'), autoDraw=False, autoLog=True, closeShape=True, color=method-wrapper(...), colorSpace='rgb', contrast=None, depth=-6.0, draggable=False, fillColor=array([1, 1, 1]), fillColorSpace='rgb', fillRGB=array([1, 1, 1]), interpolate=True, lineColor=array([1., 1., 1.]), lineColorSpace='rgb', lineRGB=array([1, 1, 1]), lineWidth=1.0, name='arrow_4', opacity=1, ori=0.0, pos=array([0., 0.]), size=array([0.05, 0.05]), units='norm', vertices=ndarray(...), win=Window(...), windingRule=None)
14.3253 	DEBUG 	TextBox2 loaded 1 chars with 0 blanks and 1 valid
14.3256 	DEBUG 	TextBox2 loaded 1 chars with 0 blanks and 1 valid
14.3259 	DEBUG 	TextBox2 loaded 1 chars with 0 blanks and 1 valid
14.3261 	DEBUG 	TextBox2 loaded 1 chars with 0 blanks and 1 valid
14.3264 	DEBUG 	TextBox2 loaded 1 chars with 0 blanks and 1 valid
14.3266 	DEBUG 	TextBox2 loaded 1 chars with 0 blanks and 1 valid
14.3267 	DEBUG 	Uploading Texture Font fontname to graphics card
14.3289 	DEBUG 	Upload of Texture Font fontname complete
14.3318 	DEBUG 	TextBox2 loaded 1 chars with 0 blanks and 1 valid
14.3321 	DEBUG 	TextBox2 loaded 1 chars with 0 blanks and 1 valid
14.3323 	DEBUG 	TextBox2 loaded 1 chars with 0 blanks and 1 valid
14.3325 	DEBUG 	TextBox2 loaded 1 chars with 0 blanks and 1 valid
14.3328 	DEBUG 	TextBox2 loaded 1 chars with 0 blanks and 1 valid
14.3330 	DEBUG 	TextBox2 loaded 1 chars with 0 blanks and 1 valid
14.3331 	DEBUG 	Uploading Texture Font fontname to graphics card
14.3346 	DEBUG 	Upload of Texture Font fontname complete
14.3373 	DEBUG 	TextBox2 loaded 1 chars with 0 blanks and 1 valid
14.3376 	DEBUG 	TextBox2 loaded 1 chars with 0 blanks and 1 valid
14.3379 	DEBUG 	TextBox2 loaded 1 chars with 0 blanks and 1 valid
14.3379 	DEBUG 	Uploading Texture Font fontname to graphics card
14.3394 	DEBUG 	Upload of Texture Font fontname complete
14.4104 	EXP 	Created slider_4 = Slider(__class__=<class 'psychopy.visual.slider.Slider'>, autoDraw=False, autoLog=True, borderColor=None, color=None, colorSpace='rgb', depth=-9, fillColor=None, flip=False, font='Noto Sans', granularity=1, labelColor=None, labelHeight=np.float64(0.05), labelWrapWidth=None, labels=(0, 1, 2, 3, 4, 5, 6, 7, 8, 9), lineColor=None, markerColor=None, name='slider_4', opacity=None, ori=0.0, pos=array([ 0. , -0.4]), readOnly=False, self=UNKNOWN, size=array([1. , 0.1]), startValue=None, style='choice', styleTweaks=[], ticks=array([0, 1, 2, 3, 4, 5, 6, 7, 8, 9]), units='norm', win=Window(...))
14.4207 	EXP 	Created text_3 = TextStim(__class__=<class 'psychopy.visual.text.TextStim'>, alignHoriz=method-wrapper(...), alignText='center', alignVert=method-wrapper(...), anchorHoriz='center', anchorVert='center', antialias=True, autoDraw=False, autoLog=True, bold=False, color=array([1., 1., 1.]), colorSpace='rgb', contrast=1.0, depth=0.0, draggable=False, flipHoriz=False, flipVert=False, font='Arial', fontFiles=[], height=np.float64(0.05), italic=False, languageStyle='LTR', name='text_3', opacity=1, ori=0.0, pos=array([0., 0.]), rgb=UNKNOWN, text='Training instructions here', units='height', win=Window(...), wrapWidth=1)
14.4215 	EXP 	Created fix = TextStim(__class__=<class 'psychopy.visual.text.TextStim'>, alignHoriz=method-wrapper(...), alignText='center', alignVert=method-wrapper(...), anchorHoriz='center', anchorVert='center', antialias=True, autoDraw=False, autoLog=True, bold=False, color=array([1., 1., 1.]), colorSpace='rgb', contrast=1.0, depth=-1.0, draggable=False, flipHoriz=False, flipVert=False, font='Open Sans', fontFiles=[], height=np.float64(0.1), italic=False, languageStyle='LTR', name='fix', opacity=1, ori=0.0, pos=array([0., 0.]), rgb=UNKNOWN, text='+', units='height', win=Window(...), wrapWidth=1)
14.4967 	EXP 	Created slider_training = Slider(__class__=<class 'psychopy.visual.slider.Slider'>, autoDraw=False, autoLog=True, borderColor=None, color=None, colorSpace='rgb', depth=-2, fillColor=None, flip=False, font='Noto Sans', granularity=1, labelColor=None, labelHeight=np.float64(0.05), labelWrapWidth=None, labels=(0, 1, 2, 3, 4, 5, 6, 7, 8, 9), lineColor=None, markerColor=None, name='slider_training', opacity=None, ori=0.0, pos=array([ 0. , -0.4]), readOnly=False, self=UNKNOWN, size=array([1. , 0.1]), startValue=None, style='choice', styleTweaks=[], ticks=array([0, 1, 2, 3, 4, 5, 6, 7, 8, 9]), units='norm', win=Window(...))
14.5036 	EXP 	Created text_4 = TextStim(__class__=<class 'psychopy.visual.text.TextStim'>, alignHoriz=method-wrapper(...), alignText='center', alignVert=method-wrapper(...), anchorHoriz='center', anchorVert='center', antialias=True, autoDraw=False, autoLog=True, bold=False, color=array([1., 1., 1.]), colorSpace='rgb', contrast=1.0, depth=0.0, draggable=False, flipHoriz=False, flipVert=False, font='Arial', fontFiles=[], height=np.float64(0.05), italic=False, languageStyle='LTR', name='text_4', opacity=1, ori=0.0, pos=array([0., 0.]), rgb=UNKNOWN, text='Please press space to move onto the next block', units='height', win=Window(...), wrapWidth=1)
14.5051 	EXP 	Created text_6 = TextStim(__class__=<class 'psychopy.visual.text.TextStim'>, alignHoriz=method-wrapper(...), alignText='center', alignVert=method-wrapper(...), anchorHoriz='center', anchorVert='center', antialias=True, autoDraw=False, autoLog=True, bold=False, color=array([1., 1., 1.]), colorSpace='rgb', contrast=1.0, depth=0.0, draggable=False, flipHoriz=False, flipVert=False, font='Arial', fontFiles=[], height=np.float64(0.05), italic=False, languageStyle='LTR', name='text_6', opacity=1, ori=0.0, pos=array([0., 0.]), rgb=UNKNOWN, text='Press Space to Start experiment', units='height', win=Window(...), wrapWidth=1)
14.5058 	EXP 	Created fix = TextStim(__class__=<class 'psychopy.visual.text.TextStim'>, alignHoriz=method-wrapper(...), alignText='center', alignVert=method-wrapper(...), anchorHoriz='center', anchorVert='center', antialias=True, autoDraw=False, autoLog=True, bold=False, color=array([1., 1., 1.]), colorSpace='rgb', contrast=1.0, depth=-1.0, draggable=False, flipHoriz=False, flipVert=False, font='Open Sans', fontFiles=[], height=np.float64(0.1), italic=False, languageStyle='LTR', name='fix', opacity=1, ori=0.0, pos=array([0., 0.]), rgb=UNKNOWN, text='+', units='height', win=Window(...), wrapWidth=1)
14.5066 	EXP 	Created prog = Progress(__class__=<class 'psychopy.visual.progress.Progress'>, anchor=('left', 'top'), autoDraw=False, autoLog=True, closeShape=True, color=method-wrapper(...), colorSpace='rgb', contrast=None, depth=-1, draggable=False, fillColor=array([-1.    ,  0.5373, -1.    ]), fillColorSpace='rgb', fillRGB=array([-1.    ,  0.5373, -1.    ]), interpolate=True, lineColor=array([1., 1., 1.]), lineColorSpace='rgb', lineRGB=array([1, 1, 1]), lineWidth=4.0, name='prog', opacity=1.0, ori=0.0, pos=array([-0.5,  0.5]), size=array([1. , 0.1]), units='norm', vertices=ndarray(...), win=Window(...), windingRule=None)
14.5073 	EXP 	Created progBar = ShapeStim(__class__=<class 'psychopy.visual.shape.ShapeStim'>, anchor=('left', 'top'), autoDraw=False, autoLog=True, closeShape=True, color=method-wrapper(...), colorSpace='rgb', contrast=None, depth=-1, draggable=False, fillColor=array([ 1., -1., -1.]), fillColorSpace='rgb', fillRGB=array([ 1., -1., -1.]), interpolate=True, lineColor=array([0., 0., 0.]), lineColorSpace='rgb', lineRGB=array([0, 0, 0]), lineWidth=1.5, name='progBar', opacity=1.0, ori=0.0, pos=array([-0.5,  0.5]), size=array([1. , 0.1]), units='norm', vertices=ndarray(...), win=Window(...), windingRule=None)
14.5079 	EXP 	Created redbar = Rect(__class__=<class 'psychopy.visual.rect.Rect'>, anchor=('left', 'center'), autoDraw=False, autoLog=True, closeShape=True, color=method-wrapper(...), colorSpace='rgb', contrast=None, depth=-2.0, draggable=False, fillColor=array([ 1., -1., -1.]), fillColorSpace='rgb', fillRGB=array([ 1., -1., -1.]), interpolate=True, lineColor=array([1., 1., 1.]), lineColorSpace='rgb', lineRGB=array([1, 1, 1]), lineWidth=1.0, name='redbar', opacity=1, ori=0.0, pos=array([-1. ,  0.7]), size=array([2. , 0.1]), units='norm', vertices=ndarray(...), win=Window(...))
14.5085 	EXP 	Created yellowbar = Rect(__class__=<class 'psychopy.visual.rect.Rect'>, anchor=('left', 'center'), autoDraw=False, autoLog=True, closeShape=True, color=method-wrapper(...), colorSpace='rgb', contrast=None, depth=-3.0, draggable=False, fillColor=array([ 1.,  1., -1.]), fillColorSpace='rgb', fillRGB=array([ 1.,  1., -1.]), interpolate=True, lineColor=array([1., 1., 1.]), lineColorSpace='rgb', lineRGB=array([1, 1, 1]), lineWidth=1.0, name='yellowbar', opacity=1, ori=0.0, pos=array([0. , 0.7]), size=array([1. , 0.1]), units='norm', vertices=ndarray(...), win=Window(...))
14.5090 	EXP 	Created greenbar = Rect(__class__=<class 'psychopy.visual.rect.Rect'>, anchor=('left', 'center'), autoDraw=False, autoLog=True, closeShape=True, color=method-wrapper(...), colorSpace='rgb', contrast=None, depth=-4.0, draggable=False, fillColor=array([-1.    ,  0.0039, -1.    ]), fillColorSpace='rgb', fillRGB=array([-1.    ,  0.0039, -1.    ]), interpolate=True, lineColor=array([1., 1., 1.]), lineColorSpace='rgb', lineRGB=array([1, 1, 1]), lineWidth=1.0, name='greenbar', opacity=1, ori=0.0, pos=array([0.7, 0.7]), size=array([0.3, 0.1]), units='norm', vertices=ndarray(...), win=Window(...))
14.5098 	EXP 	Created targarrow = ShapeStim(__class__=<class 'psychopy.visual.shape.ShapeStim'>, anchor=('center', 'center'), autoDraw=False, autoLog=True, closeShape=True, color=method-wrapper(...), colorSpace='rgb', contrast=None, depth=-5.0, draggable=False, fillColor=array([1, 1, 1]), fillColorSpace='rgb', fillRGB=array([1, 1, 1]), interpolate=True, lineColor=array([1., 1., 1.]), lineColorSpace='rgb', lineRGB=array([1, 1, 1]), lineWidth=1.0, name='targarrow', opacity=1, ori=0.0, pos=array([0.7, 0.6]), size=array([0.05, 0.05]), units='norm', vertices=ndarray(...), win=Window(...), windingRule=None)
14.5105 	EXP 	Created userArrow = ShapeStim(__class__=<class 'psychopy.visual.shape.ShapeStim'>, anchor=('center', 'center'), autoDraw=False, autoLog=True, closeShape=True, color=method-wrapper(...), colorSpace='rgb', contrast=None, depth=-6.0, draggable=False, fillColor=array([1, 1, 1]), fillColorSpace='rgb', fillRGB=array([1, 1, 1]), interpolate=True, lineColor=array([1., 1., 1.]), lineColorSpace='rgb', lineRGB=array([1, 1, 1]), lineWidth=1.0, name='userArrow', opacity=1, ori=0.0, pos=array([0., 0.]), size=array([0.05, 0.05]), units='norm', vertices=ndarray(...), win=Window(...), windingRule=None)
14.5934 	EXP 	Created slider = Slider(__class__=<class 'psychopy.visual.slider.Slider'>, autoDraw=False, autoLog=True, borderColor=None, color=None, colorSpace='rgb', depth=-10, fillColor=None, flip=False, font='Noto Sans', granularity=1, labelColor=None, labelHeight=np.float64(0.05), labelWrapWidth=None, labels=(0, 1, 2, 3, 4, 5, 6, 7, 8, 9), lineColor=None, markerColor=None, name='slider', opacity=None, ori=0.0, pos=array([ 0. , -0.4]), readOnly=False, self=UNKNOWN, size=array([1. , 0.1]), startValue=None, style='choice', styleTweaks=[], ticks=array([0, 1, 2, 3, 4, 5, 6, 7, 8, 9]), units='norm', win=Window(...))
14.5941 	EXP 	Created norm_arrow = ShapeStim(__class__=<class 'psychopy.visual.shape.ShapeStim'>, anchor=('center', 'center'), autoDraw=False, autoLog=True, closeShape=True, color=method-wrapper(...), colorSpace='rgb', contrast=None, depth=-12.0, draggable=False, fillColor=array([1, 1, 1]), fillColorSpace='rgb', fillRGB=array([1, 1, 1]), interpolate=True, lineColor=array([1., 1., 1.]), lineColorSpace='rgb', lineRGB=array([1, 1, 1]), lineWidth=1.0, name='norm_arrow', opacity=1, ori=0.0, pos=array([0.7, 0.6]), size=array([0.05, 0.05]), units='height', vertices=ndarray(...), win=Window(...), windingRule=None)
14.5988 	EXP 	Created text_5 = TextStim(__class__=<class 'psychopy.visual.text.TextStim'>, alignHoriz=method-wrapper(...), alignText='center', alignVert=method-wrapper(...), anchorHoriz='center', anchorVert='center', antialias=True, autoDraw=False, autoLog=True, bold=False, color=array([1., 1., 1.]), colorSpace='rgb', contrast=1.0, depth=0.0, draggable=False, flipHoriz=False, flipVert=False, font='Arial', fontFiles=[], height=0.05, italic=False, languageStyle='LTR', name='text_5', opacity=1, ori=0.0, pos=array([0., 0.]), rgb=UNKNOWN, text='', units='height', win=Window(...), wrapWidth=1)
14.6006 	EXP 	Created text_7 = TextStim(__class__=<class 'psychopy.visual.text.TextStim'>, alignHoriz=method-wrapper(...), alignText='center', alignVert=method-wrapper(...), anchorHoriz='center', anchorVert='center', antialias=True, autoDraw=False, autoLog=True, bold=False, color=array([1., 1., 1.]), colorSpace='rgb', contrast=1.0, depth=0.0, draggable=False, flipHoriz=False, flipVert=False, font='Arial', fontFiles=[], height=np.float64(0.05), italic=False, languageStyle='LTR', name='text_7', opacity=1, ori=0.0, pos=array([0., 0.]), rgb=UNKNOWN, text=str(...), units='height', win=Window(...), wrapWidth=1)
0.0045 	EXP 	equation_practice_1: autoLog = True
0.0045 	EXP 	slider_3: autoLog = True
0.0045 	EXP 	slider_3: styleTweaks = []
0.0045 	EXP 	slider_3: styleTweaks = []
0.0045 	EXP 	slider_3: styleTweaks = []
0.0045 	EXP 	slider_3: styleTweaks = []
0.0045 	EXP 	slider_3: contrast = 1.0
0.0045 	EXP 	slider_3: markerPos = None
0.0045 	EXP 	slider_3: autoLog = True
0.0045 	EXP 	feedback_practice_1: autoLog = True
0.0045 	EXP 	prog_3: direction = 'horizontal'
0.0045 	EXP 	prog_3: progress = 0.0
0.0045 	EXP 	targlab: autoLog = True
0.0045 	EXP 	yourperf: autoLog = True
0.0045 	EXP 	slider_4: autoLog = True
0.0045 	EXP 	slider_4: styleTweaks = []
0.0045 	EXP 	slider_4: styleTweaks = []
0.0045 	EXP 	slider_4: styleTweaks = []
0.0045 	EXP 	slider_4: styleTweaks = []
0.0045 	EXP 	slider_4: contrast = 1.0
0.0045 	EXP 	slider_4: markerPos = None
0.0045 	EXP 	slider_4: autoLog = True
0.0045 	EXP 	textbox_5: autoLog = True
0.0045 	EXP 	feedback_practice_1: autoLog = True
0.0045 	EXP 	textbox_3: autoLog = True
0.0045 	EXP 	slider_training: autoLog = True
0.0045 	EXP 	slider_training: styleTweaks = []
0.0045 	EXP 	slider_training: styleTweaks = []
0.0045 	EXP 	slider_training: styleTweaks = []
0.0045 	EXP 	slider_training: styleTweaks = []
0.0045 	EXP 	slider_training: contrast = 1.0
0.0045 	EXP 	slider_training: markerPos = None
0.0045 	EXP 	slider_training: autoLog = True
0.0045 	EXP 	feedback_practice_1: autoLog = True
0.0045 	EXP 	prog: direction = 'horizontal'
0.0045 	EXP 	prog: progress = 0.0
0.0045 	EXP 	yourperfexp: autoLog = True
0.0045 	EXP 	tarlabexp: autoLog = True
0.0045 	EXP 	textbox: autoLog = True
0.0045 	EXP 	slider: autoLog = True
0.0045 	EXP 	slider: styleTweaks = []
0.0045 	EXP 	slider: styleTweaks = []
0.0045 	EXP 	slider: styleTweaks = []
0.0045 	EXP 	slider: styleTweaks = []
0.0045 	EXP 	slider: contrast = 1.0
0.0045 	EXP 	slider: markerPos = None
0.0045 	EXP 	slider: autoLog = True
0.0045 	EXP 	feedback_practice_1: autoLog = True
0.0118 	DEBUG 	Read excel file with openpyxl: experiment_difficulty.xlsx
0.0120 	EXP 	Imported experiment_difficulty.xlsx as conditions, 5 conditions, 3 params
0.0123 	EXP 	New trial (rep=0, index=0): <Trial 0 (0 in rep 0) data={'exp_diff': 'med2', 'exp_time': 120, 'diffbyt': 6.0, 'thisN': 0, 'thisTrialN': 0, 'thisRepN': 0}>
0.0149 	EXP 	New trial (rep=0, index=0): <Trial 0 (0 in rep 0) data={'thisN': 0, 'thisTrialN': 0, 'thisRepN': 0}>
0.0199 	EXP 	fix: autoDraw = True
0.5148 	DEBUG 	TextBox2 loaded 1 chars with 0 blanks and 1 valid
0.5155 	DEBUG 	TextBox2 loaded 1 chars with 0 blanks and 1 valid
0.5168 	DEBUG 	TextBox2 loaded 1 chars with 0 blanks and 1 valid
0.5180 	DEBUG 	TextBox2 loaded 1 chars with 0 blanks and 1 valid
0.5191 	DEBUG 	TextBox2 loaded 1 chars with 0 blanks and 1 valid
0.5203 	DEBUG 	TextBox2 loaded 1 chars with 0 blanks and 1 valid
0.5210 	DEBUG 	TextBox2 loaded 1 chars with 0 blanks and 1 valid
0.5221 	DEBUG 	TextBox2 loaded 1 chars with 0 blanks and 1 valid
0.5223 	DEBUG 	Uploading Texture Font fontname to graphics card
0.5262 	DEBUG 	Upload of Texture Font fontname complete
0.5517 	INFO 	Keyboard events cleared
0.5516 	WARNING 	t of last frame was 42.38ms (=1/23)
0.5516 	EXP 	fix: autoDraw = False
0.5516 	EXP 	slider: markerPos = None
0.5516 	EXP 	slider: markerPos = None
0.5516 	EXP 	prog: autoDraw = True
0.5516 	EXP 	redbar: autoDraw = True
0.5516 	EXP 	yellowbar: autoDraw = True
0.5516 	EXP 	greenbar: autoDraw = True
0.5516 	EXP 	targarrow: autoDraw = True
0.5516 	EXP 	userArrow: autoDraw = True
0.5516 	EXP 	yourperfexp: autoDraw = True
0.5516 	EXP 	tarlabexp: autoDraw = True
0.5516 	EXP 	textbox: autoDraw = True
0.5516 	EXP 	slider: autoDraw = True
0.5516 	EXP 	norm_arrow: autoDraw = True
7.2448 	EXP 	Device response: <KeyPress from None: t=7.125155374000315, value=8, duration=None>
7.2449 	EXP 	Device response: <KeyPress from None: t=7.125155374000315, value=8, duration=0.0802912499930244>
7.2461 	DEBUG 	TextBox2 loaded 1 chars with 0 blanks and 1 valid
7.2466 	DEBUG 	TextBox2 loaded 1 chars with 0 blanks and 1 valid
7.2471 	DEBUG 	TextBox2 loaded 1 chars with 0 blanks and 1 valid
7.2475 	DEBUG 	TextBox2 loaded 1 chars with 0 blanks and 1 valid
7.2479 	DEBUG 	TextBox2 loaded 1 chars with 0 blanks and 1 valid
7.2479 	DEBUG 	Uploading Texture Font fontname to graphics card
7.2495 	DEBUG 	Upload of Texture Font fontname complete
7.2549 	DATA 	Keypress: 8
7.2586 	WARNING 	t of last frame was 130.84ms (=1/7)
7.2586 	EXP 	prog: autoDraw = False
7.2586 	EXP 	redbar: autoDraw = False
7.2586 	EXP 	yellowbar: autoDraw = False
7.2586 	EXP 	greenbar: autoDraw = False
7.2586 	EXP 	targarrow: autoDraw = False
7.2586 	EXP 	userArrow: autoDraw = False
7.2586 	EXP 	yourperfexp: autoDraw = False
7.2586 	EXP 	tarlabexp: autoDraw = False
7.2586 	EXP 	textbox: autoDraw = False
7.2586 	EXP 	slider: autoDraw = False
7.2586 	EXP 	norm_arrow: autoDraw = False
7.2586 	EXP 	feedback_practice_1: autoDraw = True
7.9806 	WARNING 	t of last frame was 21.94ms (=1/45)
8.2443 	EXP 	New trial (rep=1, index=0): <Trial 1 (0 in rep 1) data={'thisN': 1, 'thisTrialN': 0, 'thisRepN': 1}>
8.2484 	EXP 	feedback_practice_1: autoDraw = False
8.2484 	EXP 	feedback_practice_1: autoDraw = False
8.2484 	EXP 	fix: autoDraw = True
8.7448 	DEBUG 	TextBox2 loaded 1 chars with 0 blanks and 1 valid
8.7457 	DEBUG 	TextBox2 loaded 1 chars with 0 blanks and 1 valid
8.7460 	DEBUG 	Uploading Texture Font fontname to graphics card
8.7489 	DEBUG 	Upload of Texture Font fontname complete
8.7654 	INFO 	Keyboard events cleared
8.7654 	WARNING 	t of last frame was 33.85ms (=1/29)
8.7654 	EXP 	fix: autoDraw = False
8.7654 	EXP 	fix: autoDraw = False
8.7654 	EXP 	slider: markerPos = None
8.7654 	EXP 	slider: markerPos = None
8.7654 	EXP 	prog: autoDraw = True
8.7654 	EXP 	redbar: autoDraw = True
8.7654 	EXP 	yellowbar: autoDraw = True
8.7654 	EXP 	greenbar: autoDraw = True
8.7654 	EXP 	targarrow: autoDraw = True
8.7654 	EXP 	userArrow: autoDraw = True
8.7654 	EXP 	yourperfexp: autoDraw = True
8.7654 	EXP 	tarlabexp: autoDraw = True
8.7654 	EXP 	textbox: autoDraw = True
8.7654 	EXP 	slider: autoDraw = True
8.7654 	EXP 	norm_arrow: autoDraw = True
15.2138 	EXP 	Device response: <KeyPress from None: t=15.2108509989921, value=5, duration=None>
15.2158 	DATA 	Keypress: 5
15.2247 	EXP 	prog: autoDraw = False
15.2247 	EXP 	redbar: autoDraw = False
15.2247 	EXP 	yellowbar: autoDraw = False
15.2247 	EXP 	greenbar: autoDraw = False
15.2247 	EXP 	targarrow: autoDraw = False
15.2247 	EXP 	userArrow: autoDraw = False
15.2247 	EXP 	yourperfexp: autoDraw = False
15.2247 	EXP 	tarlabexp: autoDraw = False
15.2247 	EXP 	textbox: autoDraw = False
15.2247 	EXP 	slider: autoDraw = False
15.2247 	EXP 	norm_arrow: autoDraw = False
15.2247 	EXP 	feedback_practice_1: autoDraw = True
15.2762 	EXP 	Device response: <KeyPress from None: t=15.2108509989921, value=5, duration=0.05839087499771267>
16.2109 	EXP 	New trial (rep=2, index=0): <Trial 2 (0 in rep 2) data={'thisN': 2, 'thisTrialN': 0, 'thisRepN': 2}>
16.2149 	EXP 	feedback_practice_1: autoDraw = False
16.2149 	EXP 	feedback_practice_1: autoDraw = False
16.2149 	EXP 	fix: autoDraw = True
16.7072 	DEBUG 	TextBox2 loaded 1 chars with 0 blanks and 1 valid
16.7082 	DEBUG 	TextBox2 loaded 1 chars with 0 blanks and 1 valid
16.7085 	DEBUG 	Uploading Texture Font fontname to graphics card
16.7118 	DEBUG 	Upload of Texture Font fontname complete
16.7286 	INFO 	Keyboard events cleared
16.7287 	WARNING 	Multiple dropped frames have occurred - I'll stop bothering you about them!
16.7286 	EXP 	fix: autoDraw = False
16.7286 	EXP 	fix: autoDraw = False
16.7286 	EXP 	slider: markerPos = None
16.7286 	EXP 	slider: markerPos = None
16.7286 	EXP 	prog: autoDraw = True
16.7286 	EXP 	redbar: autoDraw = True
16.7286 	EXP 	yellowbar: autoDraw = True
16.7286 	EXP 	greenbar: autoDraw = True
16.7286 	EXP 	targarrow: autoDraw = True
16.7286 	EXP 	userArrow: autoDraw = True
16.7286 	EXP 	yourperfexp: autoDraw = True
16.7286 	EXP 	tarlabexp: autoDraw = True
16.7286 	EXP 	textbox: autoDraw = True
16.7286 	EXP 	slider: autoDraw = True
16.7286 	EXP 	norm_arrow: autoDraw = True
22.3697 	EXP 	Device response: <KeyPress from None: t=22.364769583000452, value=1, duration=None>
22.3715 	DATA 	Keypress: 1
22.3747 	EXP 	prog: autoDraw = False
22.3747 	EXP 	redbar: autoDraw = False
22.3747 	EXP 	yellowbar: autoDraw = False
22.3747 	EXP 	greenbar: autoDraw = False
22.3747 	EXP 	targarrow: autoDraw = False
22.3747 	EXP 	userArrow: autoDraw = False
22.3747 	EXP 	yourperfexp: autoDraw = False
22.3747 	EXP 	tarlabexp: autoDraw = False
22.3747 	EXP 	textbox: autoDraw = False
22.3747 	EXP 	slider: autoDraw = False
22.3747 	EXP 	norm_arrow: autoDraw = False
22.3747 	EXP 	feedback_practice_1: autoDraw = True
22.4262 	EXP 	Device response: <KeyPress from None: t=22.364769583000452, value=1, duration=0.050263500001165085>
23.3605 	EXP 	New trial (rep=3, index=0): <Trial 3 (0 in rep 3) data={'thisN': 3, 'thisTrialN': 0, 'thisRepN': 3}>
23.3646 	EXP 	feedback_practice_1: autoDraw = False
23.3646 	EXP 	feedback_practice_1: autoDraw = False
23.3646 	EXP 	fix: autoDraw = True
23.8688 	EXP 	fix: autoDraw = False
23.8688 	EXP 	fix: autoDraw = False
23.8688 	EXP 	slider: markerPos = None
23.8688 	EXP 	slider: markerPos = None
23.8864 	INFO 	Keyboard events cleared
23.8864 	EXP 	prog: autoDraw = True
23.8864 	EXP 	redbar: autoDraw = True
23.8864 	EXP 	yellowbar: autoDraw = True
23.8864 	EXP 	greenbar: autoDraw = True
23.8864 	EXP 	targarrow: autoDraw = True
23.8864 	EXP 	userArrow: autoDraw = True
23.8864 	EXP 	yourperfexp: autoDraw = True
23.8864 	EXP 	tarlabexp: autoDraw = True
23.8864 	EXP 	textbox: autoDraw = True
23.8864 	EXP 	slider: autoDraw = True
23.8864 	EXP 	norm_arrow: autoDraw = True
28.4857 	DATA 	Keypress: 6
28.4924 	EXP 	Device response: <KeyPress from None: t=28.480453208001563, value=6, duration=None>
28.4932 	DEBUG 	TextBox2 loaded 1 chars with 0 blanks and 1 valid
28.4937 	DEBUG 	TextBox2 loaded 1 chars with 0 blanks and 1 valid
28.4938 	DEBUG 	Uploading Texture Font fontname to graphics card
28.4953 	DEBUG 	Upload of Texture Font fontname complete
28.4981 	EXP 	prog: autoDraw = False
28.4981 	EXP 	redbar: autoDraw = False
28.4981 	EXP 	yellowbar: autoDraw = False
28.4981 	EXP 	greenbar: autoDraw = False
28.4981 	EXP 	targarrow: autoDraw = False
28.4981 	EXP 	userArrow: autoDraw = False
28.4981 	EXP 	yourperfexp: autoDraw = False
28.4981 	EXP 	tarlabexp: autoDraw = False
28.4981 	EXP 	textbox: autoDraw = False
28.4981 	EXP 	slider: autoDraw = False
28.4981 	EXP 	norm_arrow: autoDraw = False
28.4981 	EXP 	feedback_practice_1: autoDraw = True
28.5594 	EXP 	Device response: <KeyPress from None: t=28.480453208001563, value=6, duration=0.07031533299596049>
29.4834 	EXP 	New trial (rep=4, index=0): <Trial 4 (0 in rep 4) data={'thisN': 4, 'thisTrialN': 0, 'thisRepN': 4}>
29.4921 	EXP 	feedback_practice_1: autoDraw = False
29.4921 	EXP 	feedback_practice_1: autoDraw = False
29.4921 	EXP 	fix: autoDraw = True
30.0034 	INFO 	Keyboard events cleared
30.0033 	EXP 	fix: autoDraw = False
30.0033 	EXP 	fix: autoDraw = False
30.0033 	EXP 	slider: markerPos = None
30.0033 	EXP 	slider: markerPos = None
30.0033 	EXP 	prog: autoDraw = True
30.0033 	EXP 	redbar: autoDraw = True
30.0033 	EXP 	yellowbar: autoDraw = True
30.0033 	EXP 	greenbar: autoDraw = True
30.0033 	EXP 	targarrow: autoDraw = True
30.0033 	EXP 	userArrow: autoDraw = True
30.0033 	EXP 	yourperfexp: autoDraw = True
30.0033 	EXP 	tarlabexp: autoDraw = True
30.0033 	EXP 	textbox: autoDraw = True
30.0033 	EXP 	slider: autoDraw = True
30.0033 	EXP 	norm_arrow: autoDraw = True
31.6682 	DATA 	Keypress: 6
31.6726 	EXP 	Device response: <KeyPress from None: t=31.65928654099116, value=6, duration=None>
31.6774 	EXP 	prog: autoDraw = False
31.6774 	EXP 	redbar: autoDraw = False
31.6774 	EXP 	yellowbar: autoDraw = False
31.6774 	EXP 	greenbar: autoDraw = False
31.6774 	EXP 	targarrow: autoDraw = False
31.6774 	EXP 	userArrow: autoDraw = False
31.6774 	EXP 	yourperfexp: autoDraw = False
31.6774 	EXP 	tarlabexp: autoDraw = False
31.6774 	EXP 	textbox: autoDraw = False
31.6774 	EXP 	slider: autoDraw = False
31.6774 	EXP 	norm_arrow: autoDraw = False
31.6774 	EXP 	feedback_practice_1: autoDraw = True
31.7422 	EXP 	Device response: <KeyPress from None: t=31.65928654099116, value=6, duration=0.07633966700814199>
32.6669 	EXP 	New trial (rep=5, index=0): <Trial 5 (0 in rep 5) data={'thisN': 5, 'thisTrialN': 0, 'thisRepN': 5}>
32.6755 	EXP 	feedback_practice_1: autoDraw = False
32.6755 	EXP 	feedback_practice_1: autoDraw = False
32.6755 	EXP 	fix: autoDraw = True
33.1849 	INFO 	Keyboard events cleared
33.1848 	EXP 	fix: autoDraw = False
33.1848 	EXP 	fix: autoDraw = False
33.1848 	EXP 	slider: markerPos = None
33.1848 	EXP 	slider: markerPos = None
33.1848 	EXP 	prog: autoDraw = True
33.1848 	EXP 	redbar: autoDraw = True
33.1848 	EXP 	yellowbar: autoDraw = True
33.1848 	EXP 	greenbar: autoDraw = True
33.1848 	EXP 	targarrow: autoDraw = True
33.1848 	EXP 	userArrow: autoDraw = True
33.1848 	EXP 	yourperfexp: autoDraw = True
33.1848 	EXP 	tarlabexp: autoDraw = True
33.1848 	EXP 	textbox: autoDraw = True
33.1848 	EXP 	slider: autoDraw = True
33.1848 	EXP 	norm_arrow: autoDraw = True
34.1193 	EXP 	Device response: <KeyPress from None: t=34.11623604099441, value=6, duration=None>
34.1210 	DATA 	Keypress: 6
34.1244 	EXP 	prog: autoDraw = False
34.1244 	EXP 	redbar: autoDraw = False
34.1244 	EXP 	yellowbar: autoDraw = False
34.1244 	EXP 	greenbar: autoDraw = False
34.1244 	EXP 	targarrow: autoDraw = False
34.1244 	EXP 	userArrow: autoDraw = False
34.1244 	EXP 	yourperfexp: autoDraw = False
34.1244 	EXP 	tarlabexp: autoDraw = False
34.1244 	EXP 	textbox: autoDraw = False
34.1244 	EXP 	slider: autoDraw = False
34.1244 	EXP 	norm_arrow: autoDraw = False
34.1244 	EXP 	feedback_practice_1: autoDraw = True
34.2097 	EXP 	Device response: <KeyPress from None: t=34.11623604099441, value=6, duration=0.08436162500584032>
35.1106 	EXP 	New trial (rep=6, index=0): <Trial 6 (0 in rep 6) data={'thisN': 6, 'thisTrialN': 0, 'thisRepN': 6}>
35.1147 	EXP 	feedback_practice_1: autoDraw = False
35.1147 	EXP 	feedback_practice_1: autoDraw = False
35.1147 	EXP 	fix: autoDraw = True
35.6113 	EXP 	fix: autoDraw = False
35.6113 	EXP 	fix: autoDraw = False
35.6113 	EXP 	slider: markerPos = None
35.6113 	EXP 	slider: markerPos = None
35.6295 	INFO 	Keyboard events cleared
35.6294 	EXP 	prog: autoDraw = True
35.6294 	EXP 	redbar: autoDraw = True
35.6294 	EXP 	yellowbar: autoDraw = True
35.6294 	EXP 	greenbar: autoDraw = True
35.6294 	EXP 	targarrow: autoDraw = True
35.6294 	EXP 	userArrow: autoDraw = True
35.6294 	EXP 	yourperfexp: autoDraw = True
35.6294 	EXP 	tarlabexp: autoDraw = True
35.6294 	EXP 	textbox: autoDraw = True
35.6294 	EXP 	slider: autoDraw = True
35.6294 	EXP 	norm_arrow: autoDraw = True
36.6025 	EXP 	Device response: <KeyPress from None: t=36.601113748998614, value=6, duration=None>
36.6079 	EXP 	prog: autoDraw = False
36.6079 	EXP 	redbar: autoDraw = False
36.6079 	EXP 	yellowbar: autoDraw = False
36.6079 	EXP 	greenbar: autoDraw = False
36.6079 	EXP 	targarrow: autoDraw = False
36.6079 	EXP 	userArrow: autoDraw = False
36.6079 	EXP 	yourperfexp: autoDraw = False
36.6079 	EXP 	tarlabexp: autoDraw = False
36.6079 	EXP 	textbox: autoDraw = False
36.6079 	EXP 	slider: autoDraw = False
36.6079 	EXP 	norm_arrow: autoDraw = False
36.6079 	EXP 	feedback_practice_1: autoDraw = True
36.6097 	DATA 	Keypress: 6
36.6800 	EXP 	Device response: <KeyPress from None: t=36.601113748998614, value=6, duration=0.0763457919965731>
37.5936 	EXP 	New trial (rep=7, index=0): <Trial 7 (0 in rep 7) data={'thisN': 7, 'thisTrialN': 0, 'thisRepN': 7}>
37.5976 	EXP 	feedback_practice_1: autoDraw = False
37.5976 	EXP 	feedback_practice_1: autoDraw = False
37.5976 	EXP 	fix: autoDraw = True
38.0912 	EXP 	fix: autoDraw = False
38.0912 	EXP 	fix: autoDraw = False
38.0912 	EXP 	slider: markerPos = None
38.0912 	EXP 	slider: markerPos = None
38.1125 	INFO 	Keyboard events cleared
38.1125 	EXP 	prog: autoDraw = True
38.1125 	EXP 	redbar: autoDraw = True
38.1125 	EXP 	yellowbar: autoDraw = True
38.1125 	EXP 	greenbar: autoDraw = True
38.1125 	EXP 	targarrow: autoDraw = True
38.1125 	EXP 	userArrow: autoDraw = True
38.1125 	EXP 	yourperfexp: autoDraw = True
38.1125 	EXP 	tarlabexp: autoDraw = True
38.1125 	EXP 	textbox: autoDraw = True
38.1125 	EXP 	slider: autoDraw = True
38.1125 	EXP 	norm_arrow: autoDraw = True
42.7286 	DATA 	Keypress: escape
42.7328 	EXP 	Device response: <KeyPress from None: t=42.712508165990585, value=escape, duration=None>
42.8425 	EXP 	Device response: <KeyPress from None: t=42.712508165990585, value=escape, duration=0.12633941700914875>
42.8425 	EXP 	misty_module: status = STOPPED
42.8454 	EXP 	prog: autoDraw = False
42.8454 	EXP 	redbar: autoDraw = False
42.8454 	EXP 	yellowbar: autoDraw = False
42.8454 	EXP 	greenbar: autoDraw = False
42.8454 	EXP 	targarrow: autoDraw = False
42.8454 	EXP 	userArrow: autoDraw = False
42.8454 	EXP 	yourperfexp: autoDraw = False
42.8454 	EXP 	tarlabexp: autoDraw = False
42.8454 	EXP 	textbox: autoDraw = False
42.8454 	EXP 	slider: autoDraw = False
42.8454 	EXP 	norm_arrow: autoDraw = False
42.8460 	EXP 	misty_module: status = STOPPED
42.8489 	INFO 	saved data to '/Users/oliverclark/misty_py/data/pilot_misty_module_2026-02-04_14h33.28.529.csv'
42.8498 	INFO 	saved data to /Users/oliverclark/misty_py/data/pilot_misty_module_2026-02-04_14h33.28.529.psydat
42.9399 	DEBUG 	Saving data for misty_module ExperimentHandler
42.9405 	WARNING 	Stopping key buffers but this could be dangerous ifother keyboards rely on the same.
