8.6291 	WARNING 	Font Manager failed to load file /System/Library/PrivateFrameworks/FontServices.framework/Resources/Reserved/PingFangUI.ttc
8.6658 	WARNING 	Font Manager failed to load file /System/Library/PrivateFrameworks/FontServices.framework/Resources/Reserved/PingFangUI.ttc
10.1804 	DEBUG 	Fullscreen settings ignored as running in pilot mode.
10.1812 	INFO 	Loaded monitor calibration from ['2026_01_27 16:28']
10.2768 	INFO 	Using renderer 'Apple M4' for graphics
10.2768 	INFO 	OpenGL version supported by driver is 2..
10.2963 	EXP 	Created window1 = Window(allowGUI=False, allowStencil=True, autoLog=True, backendConf=UNKNOWN, backgroundFit=<method-wrapper '__getattribute__' of attributeSetter object at 0x1776980d0>, backgroundImage=<method-wrapper '__getattribute__' of attributeSetter object at 0x177698130>, bitsMode=UNKNOWN, blendMode='avg', bpc=(8, 8, 8), color=array([0, 0, 0]), colorSpace='rgb', depthBits=8, fullscr=False, gamma=None, gammaErrorPolicy='raise', infoMsg=UNKNOWN, lms=UNKNOWN, monitor=<psychopy.monitors.calibTools.Monitor object at 0x177afd240>, multiSample=False, name='window1', numSamples=2, pos=[np.float64(560.0), np.float64(240.0)], screen=0, size=array([800, 600]), stencilBits=8, stereo=False, title='PsychoPy', units='height', useFBO=True, useRetina=False, viewOri=0.0, viewPos=None, viewScale=None, waitBlanking=True, winType='pyglet')
10.2963 	EXP 	window1: backgroundImage = ''
10.2964 	EXP 	window1: backgroundFit = 'none'
10.3109 	DEBUG 	TextBox2 loaded 1 chars with 0 blanks and 1 valid
10.3188 	DEBUG 	TextBox2 loaded 1 chars with 0 blanks and 1 valid
10.3267 	DEBUG 	TextBox2 loaded 1 chars with 0 blanks and 1 valid
10.3347 	DEBUG 	TextBox2 loaded 1 chars with 0 blanks and 1 valid
10.3427 	DEBUG 	TextBox2 loaded 1 chars with 0 blanks and 1 valid
10.3504 	DEBUG 	TextBox2 loaded 1 chars with 0 blanks and 1 valid
10.3583 	DEBUG 	TextBox2 loaded 1 chars with 0 blanks and 1 valid
10.3663 	DEBUG 	TextBox2 loaded 1 chars with 0 blanks and 1 valid
10.3739 	DEBUG 	TextBox2 loaded 1 chars with 0 blanks and 1 valid
10.3816 	DEBUG 	TextBox2 loaded 1 chars with 0 blanks and 1 valid
10.3895 	DEBUG 	TextBox2 loaded 1 chars with 0 blanks and 1 valid
10.3974 	DEBUG 	TextBox2 loaded 1 chars with 0 blanks and 1 valid
10.4052 	DEBUG 	TextBox2 loaded 1 chars with 0 blanks and 1 valid
10.4131 	DEBUG 	TextBox2 loaded 1 chars with 0 blanks and 1 valid
10.4210 	DEBUG 	TextBox2 loaded 1 chars with 0 blanks and 1 valid
10.4290 	DEBUG 	TextBox2 loaded 1 chars with 0 blanks and 1 valid
10.4369 	DEBUG 	TextBox2 loaded 1 chars with 0 blanks and 1 valid
10.4446 	DEBUG 	TextBox2 loaded 1 chars with 0 blanks and 1 valid
10.4524 	DEBUG 	TextBox2 loaded 1 chars with 0 blanks and 1 valid
10.4605 	DEBUG 	TextBox2 loaded 1 chars with 0 blanks and 1 valid
10.4682 	DEBUG 	TextBox2 loaded 1 chars with 0 blanks and 1 valid
10.4684 	DEBUG 	Uploading Texture Font fontname to graphics card
10.4712 	DEBUG 	Upload of Texture Font fontname complete
10.4819 	DEBUG 	TextBox2 loaded 1 chars with 0 blanks and 1 valid
10.4898 	DEBUG 	TextBox2 loaded 1 chars with 0 blanks and 1 valid
10.4977 	DEBUG 	TextBox2 loaded 1 chars with 0 blanks and 1 valid
10.4978 	DEBUG 	Uploading Texture Font fontname to graphics card
10.4993 	DEBUG 	Upload of Texture Font fontname complete
10.5003 	EXP 	window1: Attempting to measure frame rate of screen (0) ...
10.5003 	EXP 	window1: recordFrameIntervals = False
10.6401 	EXP 	window1: recordFrameIntervals = True
10.7869 	EXP 	Screen (0) actual frame rate measured at 75.09Hz
10.7870 	EXP 	window1: recordFrameIntervals = False
10.8004 	DEBUG 	TextBox2 loaded 1 chars with 0 blanks and 1 valid
10.8094 	DEBUG 	TextBox2 loaded 1 chars with 0 blanks and 1 valid
10.8178 	DEBUG 	TextBox2 loaded 1 chars with 0 blanks and 1 valid
10.8263 	DEBUG 	TextBox2 loaded 1 chars with 0 blanks and 1 valid
10.8344 	DEBUG 	TextBox2 loaded 1 chars with 0 blanks and 1 valid
10.8421 	DEBUG 	TextBox2 loaded 1 chars with 0 blanks and 1 valid
10.8495 	DEBUG 	TextBox2 loaded 1 chars with 0 blanks and 1 valid
10.8571 	DEBUG 	TextBox2 loaded 1 chars with 0 blanks and 1 valid
10.8649 	DEBUG 	TextBox2 loaded 1 chars with 0 blanks and 1 valid
10.8726 	DEBUG 	TextBox2 loaded 1 chars with 0 blanks and 1 valid
10.8728 	DEBUG 	Uploading Texture Font fontname to graphics card
10.8743 	DEBUG 	Upload of Texture Font fontname complete
11.7953 	INFO 	keyboard.Keyboard is using ptb backend.
11.7953 	EXP 	misty_module: status = STARTED
11.8283 	EXP 	Created text = TextStim(__class__=<class 'psychopy.visual.text.TextStim'>, alignHoriz=method-wrapper(...), alignText='center', alignVert=method-wrapper(...), anchorHoriz='center', anchorVert='center', antialias=True, autoDraw=False, autoLog=True, bold=False, color=array([1., 1., 1.]), colorSpace='rgb', contrast=1.0, depth=0.0, draggable=False, flipHoriz=False, flipVert=False, font='Arial', fontFiles=[], height=np.float64(0.05), italic=False, languageStyle='LTR', name='text', opacity=1, ori=0.0, pos=array([0., 0.]), rgb=UNKNOWN, text=str(...), units='height', win=Window(...), wrapWidth=1)
11.8360 	EXP 	Created intstructs = TextStim(__class__=<class 'psychopy.visual.text.TextStim'>, alignHoriz=method-wrapper(...), alignText='center', alignVert=method-wrapper(...), anchorHoriz='center', anchorVert='center', antialias=True, autoDraw=False, autoLog=True, bold=False, color=array([1., 1., 1.]), colorSpace='rgb', contrast=1.0, depth=0.0, draggable=False, flipHoriz=False, flipVert=False, font='Arial', fontFiles=[], height=np.float64(0.05), italic=False, languageStyle='LTR', name='intstructs', opacity=1, ori=0.0, pos=array([0., 0.]), rgb=UNKNOWN, text=str(...), units='height', win=Window(...), wrapWidth=1)
11.8382 	EXP 	Created fix = TextStim(__class__=<class 'psychopy.visual.text.TextStim'>, alignHoriz=method-wrapper(...), alignText='center', alignVert=method-wrapper(...), anchorHoriz='center', anchorVert='center', antialias=True, autoDraw=False, autoLog=True, bold=False, color=array([1., 1., 1.]), colorSpace='rgb', contrast=1.0, depth=-1.0, draggable=False, flipHoriz=False, flipVert=False, font='Open Sans', fontFiles=[], height=np.float64(0.1), italic=False, languageStyle='LTR', name='fix', opacity=1, ori=0.0, pos=array([0., 0.]), rgb=UNKNOWN, text='+', units='height', win=Window(...), wrapWidth=1)
11.8442 	DEBUG 	TextBox2 loaded 1 chars with 0 blanks and 1 valid
11.8448 	DEBUG 	TextBox2 loaded 1 chars with 0 blanks and 1 valid
11.8453 	DEBUG 	TextBox2 loaded 1 chars with 0 blanks and 1 valid
11.8458 	DEBUG 	TextBox2 loaded 1 chars with 0 blanks and 1 valid
11.8460 	DEBUG 	TextBox2 loaded 1 chars with 0 blanks and 1 valid
11.8462 	DEBUG 	TextBox2 loaded 1 chars with 0 blanks and 1 valid
11.8467 	DEBUG 	TextBox2 loaded 1 chars with 0 blanks and 1 valid
11.8471 	DEBUG 	TextBox2 loaded 1 chars with 0 blanks and 1 valid
11.8473 	DEBUG 	TextBox2 loaded 1 chars with 0 blanks and 1 valid
11.8474 	DEBUG 	Uploading Texture Font fontname to graphics card
11.8494 	DEBUG 	Upload of Texture Font fontname complete
11.8699 	DEBUG 	TextBox2 loaded 1 chars with 0 blanks and 1 valid
11.8700 	DEBUG 	Uploading Texture Font fontname to graphics card
11.8719 	DEBUG 	Upload of Texture Font fontname complete
11.8820 	DEBUG 	TextBox2 loaded 1 chars with 0 blanks and 1 valid
11.8896 	DEBUG 	TextBox2 loaded 1 chars with 0 blanks and 1 valid
11.8972 	DEBUG 	TextBox2 loaded 1 chars with 0 blanks and 1 valid
11.9048 	DEBUG 	TextBox2 loaded 1 chars with 0 blanks and 1 valid
11.9123 	DEBUG 	TextBox2 loaded 1 chars with 0 blanks and 1 valid
11.9199 	DEBUG 	TextBox2 loaded 1 chars with 0 blanks and 1 valid
11.9275 	DEBUG 	TextBox2 loaded 1 chars with 0 blanks and 1 valid
11.9351 	DEBUG 	TextBox2 loaded 1 chars with 0 blanks and 1 valid
11.9427 	DEBUG 	TextBox2 loaded 1 chars with 0 blanks and 1 valid
11.9503 	DEBUG 	TextBox2 loaded 1 chars with 0 blanks and 1 valid
11.9504 	DEBUG 	Uploading Texture Font fontname to graphics card
11.9520 	DEBUG 	Upload of Texture Font fontname complete
11.9622 	DEBUG 	TextBox2 loaded 1 chars with 0 blanks and 1 valid
11.9623 	DEBUG 	Uploading Texture Font fontname to graphics card
11.9637 	DEBUG 	Upload of Texture Font fontname complete
11.9761 	DEBUG 	TextBox2 loaded 1 chars with 0 blanks and 1 valid
11.9762 	DEBUG 	Uploading Texture Font fontname to graphics card
11.9776 	DEBUG 	Upload of Texture Font fontname complete
11.9900 	DEBUG 	TextBox2 loaded 1 chars with 0 blanks and 1 valid
11.9901 	DEBUG 	Uploading Texture Font fontname to graphics card
11.9915 	DEBUG 	Upload of Texture Font fontname complete
12.0038 	DEBUG 	TextBox2 loaded 1 chars with 0 blanks and 1 valid
12.0039 	DEBUG 	Uploading Texture Font fontname to graphics card
12.0053 	DEBUG 	Upload of Texture Font fontname complete
12.0176 	DEBUG 	TextBox2 loaded 1 chars with 0 blanks and 1 valid
12.0177 	DEBUG 	Uploading Texture Font fontname to graphics card
12.0191 	DEBUG 	Upload of Texture Font fontname complete
12.0318 	DEBUG 	TextBox2 loaded 1 chars with 0 blanks and 1 valid
12.0319 	DEBUG 	Uploading Texture Font fontname to graphics card
12.0337 	DEBUG 	Upload of Texture Font fontname complete
12.0460 	DEBUG 	TextBox2 loaded 1 chars with 0 blanks and 1 valid
12.0460 	DEBUG 	Uploading Texture Font fontname to graphics card
12.0475 	DEBUG 	Upload of Texture Font fontname complete
12.0598 	DEBUG 	TextBox2 loaded 1 chars with 0 blanks and 1 valid
12.0598 	DEBUG 	Uploading Texture Font fontname to graphics card
12.0613 	DEBUG 	Upload of Texture Font fontname complete
12.0736 	DEBUG 	TextBox2 loaded 1 chars with 0 blanks and 1 valid
12.0737 	DEBUG 	Uploading Texture Font fontname to graphics card
12.0751 	DEBUG 	Upload of Texture Font fontname complete
12.0977 	EXP 	Created slider_3 = Slider(__class__=<class 'psychopy.visual.slider.Slider'>, autoDraw=False, autoLog=True, borderColor=None, color=None, colorSpace='rgb', depth=-2, fillColor=None, flip=False, font='Noto Sans', granularity=1, labelColor=None, labelHeight=np.float64(0.05), labelWrapWidth=None, labels=(0, 1, 2, 3, 4, 5, 6, 7, 8, 9), lineColor=None, markerColor=None, name='slider_3', opacity=None, ori=0.0, pos=array([ 0. , -0.4]), readOnly=False, self=UNKNOWN, size=array([1. , 0.1]), startValue=None, style='choice', styleTweaks=[], ticks=array([0, 1, 2, 3, 4, 5, 6, 7, 8, 9]), units='norm', win=Window(...))
12.1043 	EXP 	Created text_2 = TextStim(__class__=<class 'psychopy.visual.text.TextStim'>, alignHoriz=method-wrapper(...), alignText='center', alignVert=method-wrapper(...), anchorHoriz='center', anchorVert='center', antialias=True, autoDraw=False, autoLog=True, bold=False, color=array([1., 1., 1.]), colorSpace='rgb', contrast=1.0, depth=0.0, draggable=False, flipHoriz=False, flipVert=False, font='Arial', fontFiles=[], height=np.float64(0.05), italic=False, languageStyle='LTR', name='text_2', opacity=1, ori=0.0, pos=array([0., 0.]), rgb=UNKNOWN, text=str(...), units='height', win=Window(...), wrapWidth=1)
12.1051 	EXP 	Created fix = TextStim(__class__=<class 'psychopy.visual.text.TextStim'>, alignHoriz=method-wrapper(...), alignText='center', alignVert=method-wrapper(...), anchorHoriz='center', anchorVert='center', antialias=True, autoDraw=False, autoLog=True, bold=False, color=array([1., 1., 1.]), colorSpace='rgb', contrast=1.0, depth=-1.0, draggable=False, flipHoriz=False, flipVert=False, font='Open Sans', fontFiles=[], height=np.float64(0.1), italic=False, languageStyle='LTR', name='fix', opacity=1, ori=0.0, pos=array([0., 0.]), rgb=UNKNOWN, text='+', units='height', win=Window(...), wrapWidth=1)
12.1069 	EXP 	Created prog_3 = Progress(__class__=<class 'psychopy.visual.progress.Progress'>, anchor=('left', 'top'), autoDraw=False, autoLog=True, closeShape=True, color=method-wrapper(...), colorSpace='rgb', contrast=None, depth=-1, draggable=False, fillColor=array([-1.    ,  0.5373, -1.    ]), fillColorSpace='rgb', fillRGB=array([-1.    ,  0.5373, -1.    ]), interpolate=True, lineColor=array([1., 1., 1.]), lineColorSpace='rgb', lineRGB=array([1, 1, 1]), lineWidth=4.0, name='prog_3', opacity=1.0, ori=0.0, pos=array([-0.5,  0.5]), size=array([1. , 0.1]), units='norm', vertices=ndarray(...), win=Window(...), windingRule=None)
12.1076 	EXP 	Created prog_3Bar = ShapeStim(__class__=<class 'psychopy.visual.shape.ShapeStim'>, anchor=('left', 'top'), autoDraw=False, autoLog=True, closeShape=True, color=method-wrapper(...), colorSpace='rgb', contrast=None, depth=-1, draggable=False, fillColor=array([ 1., -1., -1.]), fillColorSpace='rgb', fillRGB=array([ 1., -1., -1.]), interpolate=True, lineColor=array([0., 0., 0.]), lineColorSpace='rgb', lineRGB=array([0, 0, 0]), lineWidth=1.5, name='prog_3Bar', opacity=1.0, ori=0.0, pos=array([-0.5,  0.5]), size=array([1. , 0.1]), units='norm', vertices=ndarray(...), win=Window(...), windingRule=None)
12.1082 	EXP 	Created greenbar_3 = Rect(__class__=<class 'psychopy.visual.rect.Rect'>, anchor=('left', 'center'), autoDraw=False, autoLog=True, closeShape=True, color=method-wrapper(...), colorSpace='rgb', contrast=None, depth=-2.0, draggable=False, fillColor=array([-1.    ,  0.0039, -1.    ]), fillColorSpace='rgb', fillRGB=array([-1.    ,  0.0039, -1.    ]), interpolate=True, lineColor=array([1., 1., 1.]), lineColorSpace='rgb', lineRGB=array([1, 1, 1]), lineWidth=1.0, name='greenbar_3', opacity=1, ori=0.0, pos=array([0.33333333, 0.7       ]), size=array([0.66666667, 0.1       ]), units='norm', vertices=ndarray(...), win=Window(...))
12.1087 	EXP 	Created yellowbar_3 = Rect(__class__=<class 'psychopy.visual.rect.Rect'>, anchor=('left', 'center'), autoDraw=False, autoLog=True, closeShape=True, color=method-wrapper(...), colorSpace='rgb', contrast=None, depth=-3.0, draggable=False, fillColor=array([ 1.,  1., -1.]), fillColorSpace='rgb', fillRGB=array([ 1.,  1., -1.]), interpolate=True, lineColor=array([1., 1., 1.]), lineColorSpace='rgb', lineRGB=array([1, 1, 1]), lineWidth=1.0, name='yellowbar_3', opacity=1, ori=0.0, pos=array([-0.33333333,  0.7       ]), size=array([0.66666667, 0.1       ]), units='norm', vertices=ndarray(...), win=Window(...))
12.1093 	EXP 	Created redbar_3 = Rect(__class__=<class 'psychopy.visual.rect.Rect'>, anchor=('left', 'center'), autoDraw=False, autoLog=True, closeShape=True, color=method-wrapper(...), colorSpace='rgb', contrast=None, depth=-4.0, draggable=False, fillColor=array([ 1., -1., -1.]), fillColorSpace='rgb', fillRGB=array([ 1., -1., -1.]), interpolate=True, lineColor=array([1., 1., 1.]), lineColorSpace='rgb', lineRGB=array([1, 1, 1]), lineWidth=1.0, name='redbar_3', opacity=1, ori=0.0, pos=array([-1. ,  0.7]), size=array([0.66666667, 0.1       ]), units='norm', vertices=ndarray(...), win=Window(...))
12.1100 	EXP 	Created arrow_3 = ShapeStim(__class__=<class 'psychopy.visual.shape.ShapeStim'>, anchor=('center', 'center'), autoDraw=False, autoLog=True, closeShape=True, color=method-wrapper(...), colorSpace='rgb', contrast=None, depth=-5.0, draggable=False, fillColor=array([1, 1, 1]), fillColorSpace='rgb', fillRGB=array([1, 1, 1]), interpolate=True, lineColor=array([1., 1., 1.]), lineColorSpace='rgb', lineRGB=array([1, 1, 1]), lineWidth=1.0, name='arrow_3', opacity=1, ori=0.0, pos=array([0., 0.]), size=array([0.05, 0.05]), units='norm', vertices=ndarray(...), win=Window(...), windingRule=None)
12.1817 	EXP 	Created slider_4 = Slider(__class__=<class 'psychopy.visual.slider.Slider'>, autoDraw=False, autoLog=True, borderColor=None, color=None, colorSpace='rgb', depth=-7, fillColor=None, flip=False, font='Noto Sans', granularity=1, labelColor=None, labelHeight=np.float64(0.05), labelWrapWidth=None, labels=(0, 1, 2, 3, 4, 5, 6, 7, 8, 9), lineColor=None, markerColor=None, name='slider_4', opacity=None, ori=0.0, pos=array([ 0. , -0.4]), readOnly=False, self=UNKNOWN, size=array([1. , 0.1]), startValue=None, style='choice', styleTweaks=[], ticks=array([0, 1, 2, 3, 4, 5, 6, 7, 8, 9]), units='norm', win=Window(...))
12.1874 	EXP 	Created text_3 = TextStim(__class__=<class 'psychopy.visual.text.TextStim'>, alignHoriz=method-wrapper(...), alignText='center', alignVert=method-wrapper(...), anchorHoriz='center', anchorVert='center', antialias=True, autoDraw=False, autoLog=True, bold=False, color=array([1., 1., 1.]), colorSpace='rgb', contrast=1.0, depth=0.0, draggable=False, flipHoriz=False, flipVert=False, font='Arial', fontFiles=[], height=np.float64(0.05), italic=False, languageStyle='LTR', name='text_3', opacity=1, ori=0.0, pos=array([0., 0.]), rgb=UNKNOWN, text='Training instructions here', units='height', win=Window(...), wrapWidth=1)
12.1882 	EXP 	Created fix = TextStim(__class__=<class 'psychopy.visual.text.TextStim'>, alignHoriz=method-wrapper(...), alignText='center', alignVert=method-wrapper(...), anchorHoriz='center', anchorVert='center', antialias=True, autoDraw=False, autoLog=True, bold=False, color=array([1., 1., 1.]), colorSpace='rgb', contrast=1.0, depth=-1.0, draggable=False, flipHoriz=False, flipVert=False, font='Open Sans', fontFiles=[], height=np.float64(0.1), italic=False, languageStyle='LTR', name='fix', opacity=1, ori=0.0, pos=array([0., 0.]), rgb=UNKNOWN, text='+', units='height', win=Window(...), wrapWidth=1)
12.2589 	EXP 	Created slider_training = Slider(__class__=<class 'psychopy.visual.slider.Slider'>, autoDraw=False, autoLog=True, borderColor=None, color=None, colorSpace='rgb', depth=-2, fillColor=None, flip=False, font='Noto Sans', granularity=1, labelColor=None, labelHeight=np.float64(0.05), labelWrapWidth=None, labels=(0, 1, 2, 3, 4, 5, 6, 7, 8, 9), lineColor=None, markerColor=None, name='slider_training', opacity=None, ori=0.0, pos=array([ 0. , -0.4]), readOnly=False, self=UNKNOWN, size=array([1. , 0.1]), startValue=None, style='choice', styleTweaks=[], ticks=array([0, 1, 2, 3, 4, 5, 6, 7, 8, 9]), units='norm', win=Window(...))
12.2640 	EXP 	Created fix = TextStim(__class__=<class 'psychopy.visual.text.TextStim'>, alignHoriz=method-wrapper(...), alignText='center', alignVert=method-wrapper(...), anchorHoriz='center', anchorVert='center', antialias=True, autoDraw=False, autoLog=True, bold=False, color=array([1., 1., 1.]), colorSpace='rgb', contrast=1.0, depth=-1.0, draggable=False, flipHoriz=False, flipVert=False, font='Open Sans', fontFiles=[], height=np.float64(0.1), italic=False, languageStyle='LTR', name='fix', opacity=1, ori=0.0, pos=array([0., 0.]), rgb=UNKNOWN, text='+', units='height', win=Window(...), wrapWidth=1)
12.2648 	EXP 	Created prog = Progress(__class__=<class 'psychopy.visual.progress.Progress'>, anchor=('left', 'top'), autoDraw=False, autoLog=True, closeShape=True, color=method-wrapper(...), colorSpace='rgb', contrast=None, depth=-1, draggable=False, fillColor=array([-1.    ,  0.5373, -1.    ]), fillColorSpace='rgb', fillRGB=array([-1.    ,  0.5373, -1.    ]), interpolate=True, lineColor=array([1., 1., 1.]), lineColorSpace='rgb', lineRGB=array([1, 1, 1]), lineWidth=4.0, name='prog', opacity=1.0, ori=0.0, pos=array([-0.5,  0.5]), size=array([1. , 0.1]), units='norm', vertices=ndarray(...), win=Window(...), windingRule=None)
12.2659 	EXP 	Created progBar = ShapeStim(__class__=<class 'psychopy.visual.shape.ShapeStim'>, anchor=('left', 'top'), autoDraw=False, autoLog=True, closeShape=True, color=method-wrapper(...), colorSpace='rgb', contrast=None, depth=-1, draggable=False, fillColor=array([ 1., -1., -1.]), fillColorSpace='rgb', fillRGB=array([ 1., -1., -1.]), interpolate=True, lineColor=array([0., 0., 0.]), lineColorSpace='rgb', lineRGB=array([0, 0, 0]), lineWidth=1.5, name='progBar', opacity=1.0, ori=0.0, pos=array([-0.5,  0.5]), size=array([1. , 0.1]), units='norm', vertices=ndarray(...), win=Window(...), windingRule=None)
12.2664 	EXP 	Created greenbar = Rect(__class__=<class 'psychopy.visual.rect.Rect'>, anchor=('left', 'center'), autoDraw=False, autoLog=True, closeShape=True, color=method-wrapper(...), colorSpace='rgb', contrast=None, depth=-2.0, draggable=False, fillColor=array([-1.    ,  0.0039, -1.    ]), fillColorSpace='rgb', fillRGB=array([-1.    ,  0.0039, -1.    ]), interpolate=True, lineColor=array([1., 1., 1.]), lineColorSpace='rgb', lineRGB=array([1, 1, 1]), lineWidth=1.0, name='greenbar', opacity=1, ori=0.0, pos=array([0.33333333, 0.7       ]), size=array([0.66666667, 0.1       ]), units='norm', vertices=ndarray(...), win=Window(...))
12.2670 	EXP 	Created yellowbar = Rect(__class__=<class 'psychopy.visual.rect.Rect'>, anchor=('left', 'center'), autoDraw=False, autoLog=True, closeShape=True, color=method-wrapper(...), colorSpace='rgb', contrast=None, depth=-3.0, draggable=False, fillColor=array([ 1.,  1., -1.]), fillColorSpace='rgb', fillRGB=array([ 1.,  1., -1.]), interpolate=True, lineColor=array([1., 1., 1.]), lineColorSpace='rgb', lineRGB=array([1, 1, 1]), lineWidth=1.0, name='yellowbar', opacity=1, ori=0.0, pos=array([-0.33333333,  0.7       ]), size=array([0.66666667, 0.1       ]), units='norm', vertices=ndarray(...), win=Window(...))
12.2675 	EXP 	Created redbar = Rect(__class__=<class 'psychopy.visual.rect.Rect'>, anchor=('left', 'center'), autoDraw=False, autoLog=True, closeShape=True, color=method-wrapper(...), colorSpace='rgb', contrast=None, depth=-4.0, draggable=False, fillColor=array([ 1., -1., -1.]), fillColorSpace='rgb', fillRGB=array([ 1., -1., -1.]), interpolate=True, lineColor=array([1., 1., 1.]), lineColorSpace='rgb', lineRGB=array([1, 1, 1]), lineWidth=1.0, name='redbar', opacity=1, ori=0.0, pos=array([-1. ,  0.7]), size=array([0.66666667, 0.1       ]), units='norm', vertices=ndarray(...), win=Window(...))
12.2682 	EXP 	Created arrow = ShapeStim(__class__=<class 'psychopy.visual.shape.ShapeStim'>, anchor=('center', 'center'), autoDraw=False, autoLog=True, closeShape=True, color=method-wrapper(...), colorSpace='rgb', contrast=None, depth=-5.0, draggable=False, fillColor=array([1, 1, 1]), fillColorSpace='rgb', fillRGB=array([1, 1, 1]), interpolate=True, lineColor=array([1., 1., 1.]), lineColorSpace='rgb', lineRGB=array([1, 1, 1]), lineWidth=1.0, name='arrow', opacity=1, ori=0.0, pos=array([0., 0.]), size=array([0.05, 0.05]), units='norm', vertices=ndarray(...), win=Window(...), windingRule=None)
12.3387 	EXP 	Created slider = Slider(__class__=<class 'psychopy.visual.slider.Slider'>, autoDraw=False, autoLog=True, borderColor=None, color=None, colorSpace='rgb', depth=-7, fillColor=None, flip=False, font='Noto Sans', granularity=1, labelColor=None, labelHeight=np.float64(0.05), labelWrapWidth=None, labels=(0, 1, 2, 3, 4, 5, 6, 7, 8, 9), lineColor=None, markerColor=None, name='slider', opacity=None, ori=0.0, pos=array([ 0. , -0.4]), readOnly=False, self=UNKNOWN, size=array([1. , 0.1]), startValue=None, style='choice', styleTweaks=[], ticks=array([0, 1, 2, 3, 4, 5, 6, 7, 8, 9]), units='norm', win=Window(...))
0.0028 	EXP 	equation_practice_1: autoLog = True
0.0028 	EXP 	slider_3: autoLog = True
0.0028 	EXP 	slider_3: styleTweaks = []
0.0028 	EXP 	slider_3: styleTweaks = []
0.0028 	EXP 	slider_3: styleTweaks = []
0.0028 	EXP 	slider_3: styleTweaks = []
0.0028 	EXP 	slider_3: contrast = 1.0
0.0028 	EXP 	slider_3: markerPos = None
0.0028 	EXP 	slider_3: autoLog = True
0.0028 	EXP 	feedback_practice_1: autoLog = True
0.0028 	EXP 	prog_3: direction = 'horizontal'
0.0028 	EXP 	prog_3: progress = 0.0
0.0028 	EXP 	textbox_5: autoLog = True
0.0028 	EXP 	slider_4: autoLog = True
0.0028 	EXP 	slider_4: styleTweaks = []
0.0028 	EXP 	slider_4: styleTweaks = []
0.0028 	EXP 	slider_4: styleTweaks = []
0.0028 	EXP 	slider_4: styleTweaks = []
0.0028 	EXP 	slider_4: contrast = 1.0
0.0028 	EXP 	slider_4: markerPos = None
0.0028 	EXP 	slider_4: autoLog = True
0.0028 	EXP 	feedback_practice_1: autoLog = True
0.0028 	EXP 	textbox_3: autoLog = True
0.0028 	EXP 	slider_training: autoLog = True
0.0028 	EXP 	slider_training: styleTweaks = []
0.0028 	EXP 	slider_training: styleTweaks = []
0.0028 	EXP 	slider_training: styleTweaks = []
0.0028 	EXP 	slider_training: styleTweaks = []
0.0028 	EXP 	slider_training: contrast = 1.0
0.0028 	EXP 	slider_training: markerPos = None
0.0028 	EXP 	slider_training: autoLog = True
0.0028 	EXP 	feedback_practice_1: autoLog = True
0.0028 	EXP 	prog: direction = 'horizontal'
0.0028 	EXP 	prog: progress = 0.0
0.0028 	EXP 	textbox: autoLog = True
0.0028 	EXP 	slider: autoLog = True
0.0028 	EXP 	slider: styleTweaks = []
0.0028 	EXP 	slider: styleTweaks = []
0.0028 	EXP 	slider: styleTweaks = []
0.0028 	EXP 	slider: styleTweaks = []
0.0028 	EXP 	slider: contrast = 1.0
0.0028 	EXP 	slider: markerPos = None
0.0028 	EXP 	slider: autoLog = True
0.0028 	EXP 	feedback_practice_1: autoLog = True
0.0092 	INFO 	Keyboard events cleared
0.0092 	EXP 	text: autoDraw = True
0.4815 	EXP 	Device response: <KeyPress from None: t=0.36896008299981986, value=l, duration=None>
0.4853 	DATA 	Keypress: l
0.4865 	EXP 	Device response: <KeyPress from None: t=0.36896008299981986, value=l, duration=0.11395333400014351>
0.4883 	INFO 	Keyboard events cleared
0.4882 	EXP 	text: autoDraw = False
0.4882 	EXP 	intstructs: autoDraw = True
0.8494 	EXP 	Device response: <KeyPress from None: t=0.8409405829997922, value=space, duration=None>
0.8513 	DATA 	Keypress: space
0.8584 	DEBUG 	Read excel file with openpyxl: practice_difficulty.xlsx
0.8586 	EXP 	Imported practice_difficulty.xlsx as conditions, 3 conditions, 1 params
0.8592 	EXP 	New trial (rep=0, index=0): <Trial 0 (0 in rep 0) data={'prac_diff': 'easy1', 'thisN': 0, 'thisTrialN': 0, 'thisRepN': 0}>
0.8636 	EXP 	intstructs: autoDraw = False
0.8636 	EXP 	fix: autoDraw = True
0.9693 	EXP 	Device response: <KeyPress from None: t=0.8409405829997922, value=space, duration=0.12102158400011831>
1.3761 	DEBUG 	Saving data for misty_module ExperimentHandler
1.3772 	INFO 	saved data to /Users/hackerman/misty_py/data/pilot_misty_module_2026-01-31_17h56.32.600.psydat
1.3777 	INFO 	saved data to '/Users/hackerman/misty_py/data/pilot_misty_module_2026-01-31_17h56.32.600.csv'
1.3797 	WARNING 	Stopping key buffers but this could be dangerous ifother keyboards rely on the same.
