8.6750 	WARNING 	Font Manager failed to load file /System/Library/PrivateFrameworks/FontServices.framework/Resources/Reserved/PingFangUI.ttc
8.7033 	WARNING 	Font Manager failed to load file /System/Library/PrivateFrameworks/FontServices.framework/Resources/Reserved/PingFangUI.ttc
10.4475 	DEBUG 	Fullscreen settings ignored as running in pilot mode.
10.4486 	INFO 	Loaded monitor calibration from ['2026_01_27 16:28']
10.5543 	INFO 	Using renderer 'Apple M4' for graphics
10.5544 	INFO 	OpenGL version supported by driver is 2..
10.5742 	EXP 	Created window1 = Window(allowGUI=False, allowStencil=True, autoLog=True, backendConf=UNKNOWN, backgroundFit=<method-wrapper '__getattribute__' of attributeSetter object at 0x1750cd780>, backgroundImage=<method-wrapper '__getattribute__' of attributeSetter object at 0x1750cd6f0>, bitsMode=UNKNOWN, blendMode='avg', bpc=(8, 8, 8), color=array([0, 0, 0]), colorSpace='rgb', depthBits=8, fullscr=False, gamma=None, gammaErrorPolicy='raise', infoMsg=UNKNOWN, lms=UNKNOWN, monitor=<psychopy.monitors.calibTools.Monitor object at 0x1750e2dd0>, multiSample=False, name='window1', numSamples=2, pos=[np.float64(560.0), np.float64(240.0)], screen=0, size=array([800, 600]), stencilBits=8, stereo=False, title='PsychoPy', units='height', useFBO=True, useRetina=False, viewOri=0.0, viewPos=None, viewScale=None, waitBlanking=True, winType='pyglet')
10.5743 	EXP 	window1: backgroundImage = ''
10.5743 	EXP 	window1: backgroundFit = 'none'
10.5900 	DEBUG 	TextBox2 loaded 1 chars with 0 blanks and 1 valid
10.5977 	DEBUG 	TextBox2 loaded 1 chars with 0 blanks and 1 valid
10.6053 	DEBUG 	TextBox2 loaded 1 chars with 0 blanks and 1 valid
10.6131 	DEBUG 	TextBox2 loaded 1 chars with 0 blanks and 1 valid
10.6208 	DEBUG 	TextBox2 loaded 1 chars with 0 blanks and 1 valid
10.6283 	DEBUG 	TextBox2 loaded 1 chars with 0 blanks and 1 valid
10.6361 	DEBUG 	TextBox2 loaded 1 chars with 0 blanks and 1 valid
10.6438 	DEBUG 	TextBox2 loaded 1 chars with 0 blanks and 1 valid
10.6513 	DEBUG 	TextBox2 loaded 1 chars with 0 blanks and 1 valid
10.6587 	DEBUG 	TextBox2 loaded 1 chars with 0 blanks and 1 valid
10.6665 	DEBUG 	TextBox2 loaded 1 chars with 0 blanks and 1 valid
10.6742 	DEBUG 	TextBox2 loaded 1 chars with 0 blanks and 1 valid
10.6819 	DEBUG 	TextBox2 loaded 1 chars with 0 blanks and 1 valid
10.6896 	DEBUG 	TextBox2 loaded 1 chars with 0 blanks and 1 valid
10.6973 	DEBUG 	TextBox2 loaded 1 chars with 0 blanks and 1 valid
10.7051 	DEBUG 	TextBox2 loaded 1 chars with 0 blanks and 1 valid
10.7128 	DEBUG 	TextBox2 loaded 1 chars with 0 blanks and 1 valid
10.7203 	DEBUG 	TextBox2 loaded 1 chars with 0 blanks and 1 valid
10.7279 	DEBUG 	TextBox2 loaded 1 chars with 0 blanks and 1 valid
10.7359 	DEBUG 	TextBox2 loaded 1 chars with 0 blanks and 1 valid
10.7434 	DEBUG 	TextBox2 loaded 1 chars with 0 blanks and 1 valid
10.7436 	DEBUG 	Uploading Texture Font fontname to graphics card
10.7462 	DEBUG 	Upload of Texture Font fontname complete
10.7568 	DEBUG 	TextBox2 loaded 1 chars with 0 blanks and 1 valid
10.7645 	DEBUG 	TextBox2 loaded 1 chars with 0 blanks and 1 valid
10.7722 	DEBUG 	TextBox2 loaded 1 chars with 0 blanks and 1 valid
10.7723 	DEBUG 	Uploading Texture Font fontname to graphics card
10.7738 	DEBUG 	Upload of Texture Font fontname complete
10.7747 	EXP 	window1: Attempting to measure frame rate of screen (0) ...
10.7747 	EXP 	window1: recordFrameIntervals = False
10.9172 	EXP 	window1: recordFrameIntervals = True
11.0645 	EXP 	Screen (0) actual frame rate measured at 74.80Hz
11.0645 	EXP 	window1: recordFrameIntervals = False
11.0809 	DEBUG 	TextBox2 loaded 1 chars with 0 blanks and 1 valid
11.0912 	DEBUG 	TextBox2 loaded 1 chars with 0 blanks and 1 valid
11.1005 	DEBUG 	TextBox2 loaded 1 chars with 0 blanks and 1 valid
11.1095 	DEBUG 	TextBox2 loaded 1 chars with 0 blanks and 1 valid
11.1180 	DEBUG 	TextBox2 loaded 1 chars with 0 blanks and 1 valid
11.1262 	DEBUG 	TextBox2 loaded 1 chars with 0 blanks and 1 valid
11.1338 	DEBUG 	TextBox2 loaded 1 chars with 0 blanks and 1 valid
11.1413 	DEBUG 	TextBox2 loaded 1 chars with 0 blanks and 1 valid
11.1488 	DEBUG 	TextBox2 loaded 1 chars with 0 blanks and 1 valid
11.1564 	DEBUG 	TextBox2 loaded 1 chars with 0 blanks and 1 valid
11.1566 	DEBUG 	Uploading Texture Font fontname to graphics card
11.1581 	DEBUG 	Upload of Texture Font fontname complete
12.0813 	INFO 	keyboard.Keyboard is using ptb backend.
12.0813 	EXP 	misty_module: status = STARTED
12.1192 	EXP 	Created text = TextStim(__class__=<class 'psychopy.visual.text.TextStim'>, alignHoriz=method-wrapper(...), alignText='center', alignVert=method-wrapper(...), anchorHoriz='center', anchorVert='center', antialias=True, autoDraw=False, autoLog=True, bold=False, color=array([1., 1., 1.]), colorSpace='rgb', contrast=1.0, depth=0.0, draggable=False, flipHoriz=False, flipVert=False, font='Arial', fontFiles=[], height=np.float64(0.05), italic=False, languageStyle='LTR', name='text', opacity=1, ori=0.0, pos=array([0., 0.]), rgb=UNKNOWN, text=str(...), units='height', win=Window(...), wrapWidth=1)
12.1265 	EXP 	Created intstructs = TextStim(__class__=<class 'psychopy.visual.text.TextStim'>, alignHoriz=method-wrapper(...), alignText='center', alignVert=method-wrapper(...), anchorHoriz='center', anchorVert='center', antialias=True, autoDraw=False, autoLog=True, bold=False, color=array([1., 1., 1.]), colorSpace='rgb', contrast=1.0, depth=0.0, draggable=False, flipHoriz=False, flipVert=False, font='Arial', fontFiles=[], height=np.float64(0.05), italic=False, languageStyle='LTR', name='intstructs', opacity=1, ori=0.0, pos=array([0., 0.]), rgb=UNKNOWN, text=str(...), units='height', win=Window(...), wrapWidth=1)
12.1289 	EXP 	Created fix = TextStim(__class__=<class 'psychopy.visual.text.TextStim'>, alignHoriz=method-wrapper(...), alignText='center', alignVert=method-wrapper(...), anchorHoriz='center', anchorVert='center', antialias=True, autoDraw=False, autoLog=True, bold=False, color=array([1., 1., 1.]), colorSpace='rgb', contrast=1.0, depth=-1.0, draggable=False, flipHoriz=False, flipVert=False, font='Open Sans', fontFiles=[], height=np.float64(0.1), italic=False, languageStyle='LTR', name='fix', opacity=1, ori=0.0, pos=array([0., 0.]), rgb=UNKNOWN, text='+', units='height', win=Window(...), wrapWidth=1)
12.1346 	DEBUG 	TextBox2 loaded 1 chars with 0 blanks and 1 valid
12.1351 	DEBUG 	TextBox2 loaded 1 chars with 0 blanks and 1 valid
12.1357 	DEBUG 	TextBox2 loaded 1 chars with 0 blanks and 1 valid
12.1361 	DEBUG 	TextBox2 loaded 1 chars with 0 blanks and 1 valid
12.1363 	DEBUG 	TextBox2 loaded 1 chars with 0 blanks and 1 valid
12.1365 	DEBUG 	TextBox2 loaded 1 chars with 0 blanks and 1 valid
12.1370 	DEBUG 	TextBox2 loaded 1 chars with 0 blanks and 1 valid
12.1374 	DEBUG 	TextBox2 loaded 1 chars with 0 blanks and 1 valid
12.1376 	DEBUG 	TextBox2 loaded 1 chars with 0 blanks and 1 valid
12.1377 	DEBUG 	Uploading Texture Font fontname to graphics card
12.1397 	DEBUG 	Upload of Texture Font fontname complete
12.1628 	DEBUG 	TextBox2 loaded 1 chars with 0 blanks and 1 valid
12.1629 	DEBUG 	Uploading Texture Font fontname to graphics card
12.1649 	DEBUG 	Upload of Texture Font fontname complete
12.1749 	DEBUG 	TextBox2 loaded 1 chars with 0 blanks and 1 valid
12.1825 	DEBUG 	TextBox2 loaded 1 chars with 0 blanks and 1 valid
12.1901 	DEBUG 	TextBox2 loaded 1 chars with 0 blanks and 1 valid
12.1976 	DEBUG 	TextBox2 loaded 1 chars with 0 blanks and 1 valid
12.2049 	DEBUG 	TextBox2 loaded 1 chars with 0 blanks and 1 valid
12.2124 	DEBUG 	TextBox2 loaded 1 chars with 0 blanks and 1 valid
12.2199 	DEBUG 	TextBox2 loaded 1 chars with 0 blanks and 1 valid
12.2273 	DEBUG 	TextBox2 loaded 1 chars with 0 blanks and 1 valid
12.2348 	DEBUG 	TextBox2 loaded 1 chars with 0 blanks and 1 valid
12.2423 	DEBUG 	TextBox2 loaded 1 chars with 0 blanks and 1 valid
12.2424 	DEBUG 	Uploading Texture Font fontname to graphics card
12.2439 	DEBUG 	Upload of Texture Font fontname complete
12.2538 	DEBUG 	TextBox2 loaded 1 chars with 0 blanks and 1 valid
12.2539 	DEBUG 	Uploading Texture Font fontname to graphics card
12.2554 	DEBUG 	Upload of Texture Font fontname complete
12.2676 	DEBUG 	TextBox2 loaded 1 chars with 0 blanks and 1 valid
12.2677 	DEBUG 	Uploading Texture Font fontname to graphics card
12.2691 	DEBUG 	Upload of Texture Font fontname complete
12.2814 	DEBUG 	TextBox2 loaded 1 chars with 0 blanks and 1 valid
12.2815 	DEBUG 	Uploading Texture Font fontname to graphics card
12.2830 	DEBUG 	Upload of Texture Font fontname complete
12.2953 	DEBUG 	TextBox2 loaded 1 chars with 0 blanks and 1 valid
12.2953 	DEBUG 	Uploading Texture Font fontname to graphics card
12.2968 	DEBUG 	Upload of Texture Font fontname complete
12.3091 	DEBUG 	TextBox2 loaded 1 chars with 0 blanks and 1 valid
12.3092 	DEBUG 	Uploading Texture Font fontname to graphics card
12.3107 	DEBUG 	Upload of Texture Font fontname complete
12.3229 	DEBUG 	TextBox2 loaded 1 chars with 0 blanks and 1 valid
12.3230 	DEBUG 	Uploading Texture Font fontname to graphics card
12.3244 	DEBUG 	Upload of Texture Font fontname complete
12.3367 	DEBUG 	TextBox2 loaded 1 chars with 0 blanks and 1 valid
12.3367 	DEBUG 	Uploading Texture Font fontname to graphics card
12.3382 	DEBUG 	Upload of Texture Font fontname complete
12.3504 	DEBUG 	TextBox2 loaded 1 chars with 0 blanks and 1 valid
12.3504 	DEBUG 	Uploading Texture Font fontname to graphics card
12.3519 	DEBUG 	Upload of Texture Font fontname complete
12.3641 	DEBUG 	TextBox2 loaded 1 chars with 0 blanks and 1 valid
12.3642 	DEBUG 	Uploading Texture Font fontname to graphics card
12.3656 	DEBUG 	Upload of Texture Font fontname complete
12.3872 	EXP 	Created slider_3 = Slider(__class__=<class 'psychopy.visual.slider.Slider'>, autoDraw=False, autoLog=True, borderColor=None, color=None, colorSpace='rgb', depth=-2, fillColor=None, flip=False, font='Noto Sans', granularity=1, labelColor=None, labelHeight=np.float64(0.05), labelWrapWidth=None, labels=(0, 1, 2, 3, 4, 5, 6, 7, 8, 9), lineColor=None, markerColor=None, name='slider_3', opacity=None, ori=0.0, pos=array([ 0. , -0.4]), readOnly=False, self=UNKNOWN, size=array([1. , 0.1]), startValue=None, style='choice', styleTweaks=[], ticks=array([0, 1, 2, 3, 4, 5, 6, 7, 8, 9]), units='norm', win=Window(...))
12.3940 	EXP 	Created text_2 = TextStim(__class__=<class 'psychopy.visual.text.TextStim'>, alignHoriz=method-wrapper(...), alignText='center', alignVert=method-wrapper(...), anchorHoriz='center', anchorVert='center', antialias=True, autoDraw=False, autoLog=True, bold=False, color=array([1., 1., 1.]), colorSpace='rgb', contrast=1.0, depth=0.0, draggable=False, flipHoriz=False, flipVert=False, font='Arial', fontFiles=[], height=np.float64(0.05), italic=False, languageStyle='LTR', name='text_2', opacity=1, ori=0.0, pos=array([0., 0.]), rgb=UNKNOWN, text=str(...), units='height', win=Window(...), wrapWidth=1)
12.3947 	EXP 	Created fix = TextStim(__class__=<class 'psychopy.visual.text.TextStim'>, alignHoriz=method-wrapper(...), alignText='center', alignVert=method-wrapper(...), anchorHoriz='center', anchorVert='center', antialias=True, autoDraw=False, autoLog=True, bold=False, color=array([1., 1., 1.]), colorSpace='rgb', contrast=1.0, depth=-1.0, draggable=False, flipHoriz=False, flipVert=False, font='Open Sans', fontFiles=[], height=np.float64(0.1), italic=False, languageStyle='LTR', name='fix', opacity=1, ori=0.0, pos=array([0., 0.]), rgb=UNKNOWN, text='+', units='height', win=Window(...), wrapWidth=1)
12.3968 	EXP 	Created prog_3 = Progress(__class__=<class 'psychopy.visual.progress.Progress'>, anchor=('left', 'top'), autoDraw=False, autoLog=True, closeShape=True, color=method-wrapper(...), colorSpace='rgb', contrast=None, depth=-1, draggable=False, fillColor=array([-1.    ,  0.5373, -1.    ]), fillColorSpace='rgb', fillRGB=array([-1.    ,  0.5373, -1.    ]), interpolate=True, lineColor=array([1., 1., 1.]), lineColorSpace='rgb', lineRGB=array([1, 1, 1]), lineWidth=4.0, name='prog_3', opacity=1.0, ori=0.0, pos=array([-0.5,  0.5]), size=array([1. , 0.1]), units='norm', vertices=ndarray(...), win=Window(...), windingRule=None)
12.3975 	EXP 	Created prog_3Bar = ShapeStim(__class__=<class 'psychopy.visual.shape.ShapeStim'>, anchor=('left', 'top'), autoDraw=False, autoLog=True, closeShape=True, color=method-wrapper(...), colorSpace='rgb', contrast=None, depth=-1, draggable=False, fillColor=array([ 1., -1., -1.]), fillColorSpace='rgb', fillRGB=array([ 1., -1., -1.]), interpolate=True, lineColor=array([0., 0., 0.]), lineColorSpace='rgb', lineRGB=array([0, 0, 0]), lineWidth=1.5, name='prog_3Bar', opacity=1.0, ori=0.0, pos=array([-0.5,  0.5]), size=array([1. , 0.1]), units='norm', vertices=ndarray(...), win=Window(...), windingRule=None)
12.3981 	EXP 	Created greenbar_3 = Rect(__class__=<class 'psychopy.visual.rect.Rect'>, anchor=('left', 'center'), autoDraw=False, autoLog=True, closeShape=True, color=method-wrapper(...), colorSpace='rgb', contrast=None, depth=-2.0, draggable=False, fillColor=array([-1.    ,  0.0039, -1.    ]), fillColorSpace='rgb', fillRGB=array([-1.    ,  0.0039, -1.    ]), interpolate=True, lineColor=array([1., 1., 1.]), lineColorSpace='rgb', lineRGB=array([1, 1, 1]), lineWidth=1.0, name='greenbar_3', opacity=1, ori=0.0, pos=array([0.33333333, 0.7       ]), size=array([0.66666667, 0.1       ]), units='norm', vertices=ndarray(...), win=Window(...))
12.3986 	EXP 	Created yellowbar_3 = Rect(__class__=<class 'psychopy.visual.rect.Rect'>, anchor=('left', 'center'), autoDraw=False, autoLog=True, closeShape=True, color=method-wrapper(...), colorSpace='rgb', contrast=None, depth=-3.0, draggable=False, fillColor=array([ 1.,  1., -1.]), fillColorSpace='rgb', fillRGB=array([ 1.,  1., -1.]), interpolate=True, lineColor=array([1., 1., 1.]), lineColorSpace='rgb', lineRGB=array([1, 1, 1]), lineWidth=1.0, name='yellowbar_3', opacity=1, ori=0.0, pos=array([-0.33333333,  0.7       ]), size=array([0.66666667, 0.1       ]), units='norm', vertices=ndarray(...), win=Window(...))
12.3991 	EXP 	Created redbar_3 = Rect(__class__=<class 'psychopy.visual.rect.Rect'>, anchor=('left', 'center'), autoDraw=False, autoLog=True, closeShape=True, color=method-wrapper(...), colorSpace='rgb', contrast=None, depth=-4.0, draggable=False, fillColor=array([ 1., -1., -1.]), fillColorSpace='rgb', fillRGB=array([ 1., -1., -1.]), interpolate=True, lineColor=array([1., 1., 1.]), lineColorSpace='rgb', lineRGB=array([1, 1, 1]), lineWidth=1.0, name='redbar_3', opacity=1, ori=0.0, pos=array([-1. ,  0.7]), size=array([0.66666667, 0.1       ]), units='norm', vertices=ndarray(...), win=Window(...))
12.3998 	EXP 	Created arrow_3 = ShapeStim(__class__=<class 'psychopy.visual.shape.ShapeStim'>, anchor=('center', 'center'), autoDraw=False, autoLog=True, closeShape=True, color=method-wrapper(...), colorSpace='rgb', contrast=None, depth=-5.0, draggable=False, fillColor=array([1, 1, 1]), fillColorSpace='rgb', fillRGB=array([1, 1, 1]), interpolate=True, lineColor=array([1., 1., 1.]), lineColorSpace='rgb', lineRGB=array([1, 1, 1]), lineWidth=1.0, name='arrow_3', opacity=1, ori=0.0, pos=array([0., 0.]), size=array([0.05, 0.05]), units='norm', vertices=ndarray(...), win=Window(...), windingRule=None)
12.4699 	EXP 	Created slider_4 = Slider(__class__=<class 'psychopy.visual.slider.Slider'>, autoDraw=False, autoLog=True, borderColor=None, color=None, colorSpace='rgb', depth=-7, fillColor=None, flip=False, font='Noto Sans', granularity=1, labelColor=None, labelHeight=np.float64(0.05), labelWrapWidth=None, labels=(0, 1, 2, 3, 4, 5, 6, 7, 8, 9), lineColor=None, markerColor=None, name='slider_4', opacity=None, ori=0.0, pos=array([ 0. , -0.4]), readOnly=False, self=UNKNOWN, size=array([1. , 0.1]), startValue=None, style='choice', styleTweaks=[], ticks=array([0, 1, 2, 3, 4, 5, 6, 7, 8, 9]), units='norm', win=Window(...))
12.4756 	EXP 	Created text_3 = TextStim(__class__=<class 'psychopy.visual.text.TextStim'>, alignHoriz=method-wrapper(...), alignText='center', alignVert=method-wrapper(...), anchorHoriz='center', anchorVert='center', antialias=True, autoDraw=False, autoLog=True, bold=False, color=array([1., 1., 1.]), colorSpace='rgb', contrast=1.0, depth=0.0, draggable=False, flipHoriz=False, flipVert=False, font='Arial', fontFiles=[], height=np.float64(0.05), italic=False, languageStyle='LTR', name='text_3', opacity=1, ori=0.0, pos=array([0., 0.]), rgb=UNKNOWN, text='Training instructions here', units='height', win=Window(...), wrapWidth=1)
12.4763 	EXP 	Created fix = TextStim(__class__=<class 'psychopy.visual.text.TextStim'>, alignHoriz=method-wrapper(...), alignText='center', alignVert=method-wrapper(...), anchorHoriz='center', anchorVert='center', antialias=True, autoDraw=False, autoLog=True, bold=False, color=array([1., 1., 1.]), colorSpace='rgb', contrast=1.0, depth=-1.0, draggable=False, flipHoriz=False, flipVert=False, font='Open Sans', fontFiles=[], height=np.float64(0.1), italic=False, languageStyle='LTR', name='fix', opacity=1, ori=0.0, pos=array([0., 0.]), rgb=UNKNOWN, text='+', units='height', win=Window(...), wrapWidth=1)
12.5451 	EXP 	Created slider_training = Slider(__class__=<class 'psychopy.visual.slider.Slider'>, autoDraw=False, autoLog=True, borderColor=None, color=None, colorSpace='rgb', depth=-2, fillColor=None, flip=False, font='Noto Sans', granularity=1, labelColor=None, labelHeight=np.float64(0.05), labelWrapWidth=None, labels=(0, 1, 2, 3, 4, 5, 6, 7, 8, 9), lineColor=None, markerColor=None, name='slider_training', opacity=None, ori=0.0, pos=array([ 0. , -0.4]), readOnly=False, self=UNKNOWN, size=array([1. , 0.1]), startValue=None, style='choice', styleTweaks=[], ticks=array([0, 1, 2, 3, 4, 5, 6, 7, 8, 9]), units='norm', win=Window(...))
12.5502 	EXP 	Created fix = TextStim(__class__=<class 'psychopy.visual.text.TextStim'>, alignHoriz=method-wrapper(...), alignText='center', alignVert=method-wrapper(...), anchorHoriz='center', anchorVert='center', antialias=True, autoDraw=False, autoLog=True, bold=False, color=array([1., 1., 1.]), colorSpace='rgb', contrast=1.0, depth=-1.0, draggable=False, flipHoriz=False, flipVert=False, font='Open Sans', fontFiles=[], height=np.float64(0.1), italic=False, languageStyle='LTR', name='fix', opacity=1, ori=0.0, pos=array([0., 0.]), rgb=UNKNOWN, text='+', units='height', win=Window(...), wrapWidth=1)
12.5510 	EXP 	Created prog = Progress(__class__=<class 'psychopy.visual.progress.Progress'>, anchor=('left', 'top'), autoDraw=False, autoLog=True, closeShape=True, color=method-wrapper(...), colorSpace='rgb', contrast=None, depth=-1, draggable=False, fillColor=array([-1.    ,  0.5373, -1.    ]), fillColorSpace='rgb', fillRGB=array([-1.    ,  0.5373, -1.    ]), interpolate=True, lineColor=array([1., 1., 1.]), lineColorSpace='rgb', lineRGB=array([1, 1, 1]), lineWidth=4.0, name='prog', opacity=1.0, ori=0.0, pos=array([-0.5,  0.5]), size=array([1. , 0.1]), units='norm', vertices=ndarray(...), win=Window(...), windingRule=None)
12.5516 	EXP 	Created progBar = ShapeStim(__class__=<class 'psychopy.visual.shape.ShapeStim'>, anchor=('left', 'top'), autoDraw=False, autoLog=True, closeShape=True, color=method-wrapper(...), colorSpace='rgb', contrast=None, depth=-1, draggable=False, fillColor=array([ 1., -1., -1.]), fillColorSpace='rgb', fillRGB=array([ 1., -1., -1.]), interpolate=True, lineColor=array([0., 0., 0.]), lineColorSpace='rgb', lineRGB=array([0, 0, 0]), lineWidth=1.5, name='progBar', opacity=1.0, ori=0.0, pos=array([-0.5,  0.5]), size=array([1. , 0.1]), units='norm', vertices=ndarray(...), win=Window(...), windingRule=None)
12.5522 	EXP 	Created greenbar = Rect(__class__=<class 'psychopy.visual.rect.Rect'>, anchor=('left', 'center'), autoDraw=False, autoLog=True, closeShape=True, color=method-wrapper(...), colorSpace='rgb', contrast=None, depth=-2.0, draggable=False, fillColor=array([-1.    ,  0.0039, -1.    ]), fillColorSpace='rgb', fillRGB=array([-1.    ,  0.0039, -1.    ]), interpolate=True, lineColor=array([1., 1., 1.]), lineColorSpace='rgb', lineRGB=array([1, 1, 1]), lineWidth=1.0, name='greenbar', opacity=1, ori=0.0, pos=array([0.33333333, 0.7       ]), size=array([0.66666667, 0.1       ]), units='norm', vertices=ndarray(...), win=Window(...))
12.5527 	EXP 	Created yellowbar = Rect(__class__=<class 'psychopy.visual.rect.Rect'>, anchor=('left', 'center'), autoDraw=False, autoLog=True, closeShape=True, color=method-wrapper(...), colorSpace='rgb', contrast=None, depth=-3.0, draggable=False, fillColor=array([ 1.,  1., -1.]), fillColorSpace='rgb', fillRGB=array([ 1.,  1., -1.]), interpolate=True, lineColor=array([1., 1., 1.]), lineColorSpace='rgb', lineRGB=array([1, 1, 1]), lineWidth=1.0, name='yellowbar', opacity=1, ori=0.0, pos=array([-0.33333333,  0.7       ]), size=array([0.66666667, 0.1       ]), units='norm', vertices=ndarray(...), win=Window(...))
12.5531 	EXP 	Created redbar = Rect(__class__=<class 'psychopy.visual.rect.Rect'>, anchor=('left', 'center'), autoDraw=False, autoLog=True, closeShape=True, color=method-wrapper(...), colorSpace='rgb', contrast=None, depth=-4.0, draggable=False, fillColor=array([ 1., -1., -1.]), fillColorSpace='rgb', fillRGB=array([ 1., -1., -1.]), interpolate=True, lineColor=array([1., 1., 1.]), lineColorSpace='rgb', lineRGB=array([1, 1, 1]), lineWidth=1.0, name='redbar', opacity=1, ori=0.0, pos=array([-1. ,  0.7]), size=array([0.66666667, 0.1       ]), units='norm', vertices=ndarray(...), win=Window(...))
12.5540 	EXP 	Created arrow = ShapeStim(__class__=<class 'psychopy.visual.shape.ShapeStim'>, anchor=('center', 'center'), autoDraw=False, autoLog=True, closeShape=True, color=method-wrapper(...), colorSpace='rgb', contrast=None, depth=-5.0, draggable=False, fillColor=array([1, 1, 1]), fillColorSpace='rgb', fillRGB=array([1, 1, 1]), interpolate=True, lineColor=array([1., 1., 1.]), lineColorSpace='rgb', lineRGB=array([1, 1, 1]), lineWidth=1.0, name='arrow', opacity=1, ori=0.0, pos=array([0., 0.]), size=array([0.05, 0.05]), units='norm', vertices=ndarray(...), win=Window(...), windingRule=None)
12.6219 	EXP 	Created slider = Slider(__class__=<class 'psychopy.visual.slider.Slider'>, autoDraw=False, autoLog=True, borderColor=None, color=None, colorSpace='rgb', depth=-7, fillColor=None, flip=False, font='Noto Sans', granularity=1, labelColor=None, labelHeight=np.float64(0.05), labelWrapWidth=None, labels=(0, 1, 2, 3, 4, 5, 6, 7, 8, 9), lineColor=None, markerColor=None, name='slider', opacity=None, ori=0.0, pos=array([ 0. , -0.4]), readOnly=False, self=UNKNOWN, size=array([1. , 0.1]), startValue=None, style='choice', styleTweaks=[], ticks=array([0, 1, 2, 3, 4, 5, 6, 7, 8, 9]), units='norm', win=Window(...))
0.0027 	EXP 	textbox_4: autoLog = True
0.0027 	EXP 	slider_3: autoLog = True
0.0027 	EXP 	slider_3: styleTweaks = []
0.0027 	EXP 	slider_3: styleTweaks = []
0.0027 	EXP 	slider_3: styleTweaks = []
0.0027 	EXP 	slider_3: styleTweaks = []
0.0027 	EXP 	slider_3: contrast = 1.0
0.0027 	EXP 	slider_3: markerPos = None
0.0027 	EXP 	slider_3: autoLog = True
0.0027 	EXP 	textbox_2: autoLog = True
0.0027 	EXP 	prog_3: direction = 'horizontal'
0.0027 	EXP 	prog_3: progress = 0.0
0.0027 	EXP 	textbox_5: autoLog = True
0.0027 	EXP 	slider_4: autoLog = True
0.0027 	EXP 	slider_4: styleTweaks = []
0.0027 	EXP 	slider_4: styleTweaks = []
0.0027 	EXP 	slider_4: styleTweaks = []
0.0027 	EXP 	slider_4: styleTweaks = []
0.0027 	EXP 	slider_4: contrast = 1.0
0.0027 	EXP 	slider_4: markerPos = None
0.0027 	EXP 	slider_4: autoLog = True
0.0027 	EXP 	textbox_2: autoLog = True
0.0027 	EXP 	textbox_3: autoLog = True
0.0027 	EXP 	slider_training: autoLog = True
0.0027 	EXP 	slider_training: styleTweaks = []
0.0027 	EXP 	slider_training: styleTweaks = []
0.0027 	EXP 	slider_training: styleTweaks = []
0.0027 	EXP 	slider_training: styleTweaks = []
0.0027 	EXP 	slider_training: contrast = 1.0
0.0027 	EXP 	slider_training: markerPos = None
0.0027 	EXP 	slider_training: autoLog = True
0.0027 	EXP 	textbox_2: autoLog = True
0.0027 	EXP 	prog: direction = 'horizontal'
0.0027 	EXP 	prog: progress = 0.0
0.0027 	EXP 	textbox: autoLog = True
0.0027 	EXP 	slider: autoLog = True
0.0027 	EXP 	slider: styleTweaks = []
0.0027 	EXP 	slider: styleTweaks = []
0.0027 	EXP 	slider: styleTweaks = []
0.0027 	EXP 	slider: styleTweaks = []
0.0027 	EXP 	slider: contrast = 1.0
0.0027 	EXP 	slider: markerPos = None
0.0027 	EXP 	slider: autoLog = True
0.0027 	EXP 	textbox_2: autoLog = True
0.0094 	INFO 	Keyboard events cleared
0.0093 	EXP 	text: autoDraw = True
1.4531 	EXP 	Device response: <KeyPress from None: t=1.3415277499999547, value=l, duration=None>
1.4532 	EXP 	Device response: <KeyPress from None: t=1.3415277499999547, value=l, duration=0.10001516600004834>
1.4568 	DATA 	Keypress: l
1.4595 	INFO 	Keyboard events cleared
1.4595 	EXP 	text: autoDraw = False
1.4595 	EXP 	intstructs: autoDraw = True
1.9104 	EXP 	Device response: <KeyPress from None: t=1.9045694159999584, value=space, duration=None>
1.9121 	DATA 	Keypress: space
1.9192 	DEBUG 	Read excel file with openpyxl: practice_difficulty.xlsx
1.9193 	EXP 	Imported practice_difficulty.xlsx as conditions, 3 conditions, 1 params
1.9200 	EXP 	New trial (rep=0, index=0): <Trial 0 (0 in rep 0) data={'prac_diff': 'easy1', 'thisN': 0, 'thisTrialN': 0, 'thisRepN': 0}>
1.9243 	EXP 	intstructs: autoDraw = False
1.9243 	EXP 	fix: autoDraw = True
2.0439 	EXP 	Device response: <KeyPress from None: t=1.9045694159999584, value=space, duration=0.133976291999943>
2.4193 	DEBUG 	TextBox2 loaded 1 chars with 0 blanks and 1 valid
2.4206 	DEBUG 	TextBox2 loaded 1 chars with 0 blanks and 1 valid
2.4217 	DEBUG 	TextBox2 loaded 1 chars with 0 blanks and 1 valid
2.4225 	DEBUG 	TextBox2 loaded 1 chars with 0 blanks and 1 valid
2.4238 	DEBUG 	TextBox2 loaded 1 chars with 0 blanks and 1 valid
2.4240 	DEBUG 	Uploading Texture Font fontname to graphics card
2.4279 	DEBUG 	Upload of Texture Font fontname complete
2.4492 	INFO 	Keyboard events cleared
2.4491 	EXP 	fix: autoDraw = False
2.4491 	EXP 	slider_3: markerPos = None
2.4491 	EXP 	slider_3: markerPos = None
2.4491 	EXP 	textbox_4: autoDraw = True
2.4491 	EXP 	slider_3: autoDraw = True
4.3613 	EXP 	Device response: <KeyPress from None: t=4.359552082999926, value=7, duration=None>
4.3632 	DATA 	Keypress: 7
4.3734 	EXP 	textbox_4: autoDraw = False
4.3734 	EXP 	slider_3: autoDraw = False
4.3734 	EXP 	textbox_2: autoDraw = True
4.4957 	EXP 	Device response: <KeyPress from None: t=4.359552082999926, value=7, duration=0.12298358300006385>
5.3631 	EXP 	New trial (rep=0, index=1): <Trial 1 (1 in rep 0) data={'prac_diff': 'easy1', 'thisN': 1, 'thisTrialN': 1, 'thisRepN': 0}>
5.3752 	EXP 	textbox_2: autoDraw = False
5.3752 	EXP 	fix: autoDraw = True
5.8747 	DEBUG 	TextBox2 loaded 1 chars with 0 blanks and 1 valid
5.8754 	DEBUG 	TextBox2 loaded 1 chars with 0 blanks and 1 valid
5.8757 	DEBUG 	Uploading Texture Font fontname to graphics card
5.8796 	DEBUG 	Upload of Texture Font fontname complete
5.8938 	INFO 	Keyboard events cleared
5.8937 	EXP 	fix: autoDraw = False
5.8937 	EXP 	slider_3: markerPos = None
5.8937 	EXP 	slider_3: markerPos = None
5.8937 	EXP 	textbox_4: autoDraw = True
5.8937 	EXP 	slider_3: autoDraw = True
6.2288 	EXP 	Device response: <KeyPress from None: t=6.226551874999927, value=escape, duration=None>
6.2377 	DATA 	Keypress: escape
6.3488 	EXP 	Device response: <KeyPress from None: t=6.226551874999927, value=escape, duration=0.11394274999997833>
6.3488 	EXP 	misty_module: status = STOPPED
6.3610 	EXP 	textbox_4: autoDraw = False
6.3610 	EXP 	slider_3: autoDraw = False
6.3618 	EXP 	misty_module: status = STOPPED
6.3636 	INFO 	saved data to '/Users/hackerman/misty_py/data/pilot_misty_module_2026-01-31_17h17.53.992.csv'
6.3639 	INFO 	saved data to /Users/hackerman/misty_py/data/pilot_misty_module_2026-01-31_17h17.53.992.psydat
6.4573 	DEBUG 	Saving data for misty_module ExperimentHandler
6.4580 	WARNING 	Stopping key buffers but this could be dangerous ifother keyboards rely on the same.
