8.6758 	WARNING 	Font Manager failed to load file /System/Library/PrivateFrameworks/FontServices.framework/Resources/Reserved/PingFangUI.ttc
8.7085 	WARNING 	Font Manager failed to load file /System/Library/PrivateFrameworks/FontServices.framework/Resources/Reserved/PingFangUI.ttc
11.5438 	DEBUG 	Fullscreen settings ignored as running in pilot mode.
11.5445 	INFO 	Loaded monitor calibration from ['2026_01_27 16:28']
11.6453 	INFO 	Using renderer 'Apple M4' for graphics
11.6453 	INFO 	OpenGL version supported by driver is 2..
11.6648 	EXP 	Created window1 = Window(allowGUI=False, allowStencil=True, autoLog=True, backendConf=UNKNOWN, backgroundFit=<method-wrapper '__getattribute__' of attributeSetter object at 0x17904bf40>, backgroundImage=<method-wrapper '__getattribute__' of attributeSetter object at 0x179048040>, bitsMode=UNKNOWN, blendMode='avg', bpc=(8, 8, 8), color=array([0, 0, 0]), colorSpace='rgb', depthBits=8, fullscr=False, gamma=None, gammaErrorPolicy='raise', infoMsg=UNKNOWN, lms=UNKNOWN, monitor=<psychopy.monitors.calibTools.Monitor object at 0x179488c10>, multiSample=False, name='window1', numSamples=2, pos=[np.float64(560.0), np.float64(240.0)], screen=0, size=array([800, 600]), stencilBits=8, stereo=False, title='PsychoPy', units='height', useFBO=True, useRetina=False, viewOri=0.0, viewPos=None, viewScale=None, waitBlanking=True, winType='pyglet')
11.6649 	EXP 	window1: backgroundImage = ''
11.6649 	EXP 	window1: backgroundFit = 'none'
11.6799 	DEBUG 	TextBox2 loaded 1 chars with 0 blanks and 1 valid
11.6878 	DEBUG 	TextBox2 loaded 1 chars with 0 blanks and 1 valid
11.6957 	DEBUG 	TextBox2 loaded 1 chars with 0 blanks and 1 valid
11.7037 	DEBUG 	TextBox2 loaded 1 chars with 0 blanks and 1 valid
11.7117 	DEBUG 	TextBox2 loaded 1 chars with 0 blanks and 1 valid
11.7194 	DEBUG 	TextBox2 loaded 1 chars with 0 blanks and 1 valid
11.7273 	DEBUG 	TextBox2 loaded 1 chars with 0 blanks and 1 valid
11.7353 	DEBUG 	TextBox2 loaded 1 chars with 0 blanks and 1 valid
11.7428 	DEBUG 	TextBox2 loaded 1 chars with 0 blanks and 1 valid
11.7505 	DEBUG 	TextBox2 loaded 1 chars with 0 blanks and 1 valid
11.7583 	DEBUG 	TextBox2 loaded 1 chars with 0 blanks and 1 valid
11.7662 	DEBUG 	TextBox2 loaded 1 chars with 0 blanks and 1 valid
11.7740 	DEBUG 	TextBox2 loaded 1 chars with 0 blanks and 1 valid
11.7818 	DEBUG 	TextBox2 loaded 1 chars with 0 blanks and 1 valid
11.7897 	DEBUG 	TextBox2 loaded 1 chars with 0 blanks and 1 valid
11.7976 	DEBUG 	TextBox2 loaded 1 chars with 0 blanks and 1 valid
11.8055 	DEBUG 	TextBox2 loaded 1 chars with 0 blanks and 1 valid
11.8132 	DEBUG 	TextBox2 loaded 1 chars with 0 blanks and 1 valid
11.8209 	DEBUG 	TextBox2 loaded 1 chars with 0 blanks and 1 valid
11.8290 	DEBUG 	TextBox2 loaded 1 chars with 0 blanks and 1 valid
11.8367 	DEBUG 	TextBox2 loaded 1 chars with 0 blanks and 1 valid
11.8369 	DEBUG 	Uploading Texture Font fontname to graphics card
11.8398 	DEBUG 	Upload of Texture Font fontname complete
11.8505 	DEBUG 	TextBox2 loaded 1 chars with 0 blanks and 1 valid
11.8584 	DEBUG 	TextBox2 loaded 1 chars with 0 blanks and 1 valid
11.8661 	DEBUG 	TextBox2 loaded 1 chars with 0 blanks and 1 valid
11.8662 	DEBUG 	Uploading Texture Font fontname to graphics card
11.8677 	DEBUG 	Upload of Texture Font fontname complete
11.8687 	EXP 	window1: Attempting to measure frame rate of screen (0) ...
11.8687 	EXP 	window1: recordFrameIntervals = False
12.0170 	EXP 	window1: recordFrameIntervals = True
12.1648 	EXP 	Screen (0) actual frame rate measured at 74.69Hz
12.1649 	EXP 	window1: recordFrameIntervals = False
12.1895 	DEBUG 	TextBox2 loaded 1 chars with 0 blanks and 1 valid
12.2018 	DEBUG 	TextBox2 loaded 1 chars with 0 blanks and 1 valid
12.2123 	DEBUG 	TextBox2 loaded 1 chars with 0 blanks and 1 valid
12.2220 	DEBUG 	TextBox2 loaded 1 chars with 0 blanks and 1 valid
12.2311 	DEBUG 	TextBox2 loaded 1 chars with 0 blanks and 1 valid
12.2397 	DEBUG 	TextBox2 loaded 1 chars with 0 blanks and 1 valid
12.2476 	DEBUG 	TextBox2 loaded 1 chars with 0 blanks and 1 valid
12.2556 	DEBUG 	TextBox2 loaded 1 chars with 0 blanks and 1 valid
12.2633 	DEBUG 	TextBox2 loaded 1 chars with 0 blanks and 1 valid
12.2710 	DEBUG 	TextBox2 loaded 1 chars with 0 blanks and 1 valid
12.2712 	DEBUG 	Uploading Texture Font fontname to graphics card
12.2731 	DEBUG 	Upload of Texture Font fontname complete
13.2047 	INFO 	keyboard.Keyboard is using ptb backend.
13.2047 	EXP 	misty_module: status = STARTED
13.2371 	EXP 	Created text = TextStim(__class__=<class 'psychopy.visual.text.TextStim'>, alignHoriz=method-wrapper(...), alignText='center', alignVert=method-wrapper(...), anchorHoriz='center', anchorVert='center', antialias=True, autoDraw=False, autoLog=True, bold=False, color=array([1., 1., 1.]), colorSpace='rgb', contrast=1.0, depth=-1.0, draggable=False, flipHoriz=False, flipVert=False, font='Arial', fontFiles=[], height=np.float64(0.05), italic=False, languageStyle='LTR', name='text', opacity=1, ori=0.0, pos=array([0., 0.]), rgb=UNKNOWN, text=str(...), units='height', win=Window(...), wrapWidth=1)
13.2441 	EXP 	Created intstructs = TextStim(__class__=<class 'psychopy.visual.text.TextStim'>, alignHoriz=method-wrapper(...), alignText='center', alignVert=method-wrapper(...), anchorHoriz='center', anchorVert='center', antialias=True, autoDraw=False, autoLog=True, bold=False, color=array([1., 1., 1.]), colorSpace='rgb', contrast=1.0, depth=0.0, draggable=False, flipHoriz=False, flipVert=False, font='Arial', fontFiles=[], height=np.float64(0.05), italic=False, languageStyle='LTR', name='intstructs', opacity=1, ori=0.0, pos=array([0., 0.]), rgb=UNKNOWN, text=str(...), units='height', win=Window(...), wrapWidth=1)
13.2462 	EXP 	Created fix = TextStim(__class__=<class 'psychopy.visual.text.TextStim'>, alignHoriz=method-wrapper(...), alignText='center', alignVert=method-wrapper(...), anchorHoriz='center', anchorVert='center', antialias=True, autoDraw=False, autoLog=True, bold=False, color=array([1., 1., 1.]), colorSpace='rgb', contrast=1.0, depth=-1.0, draggable=False, flipHoriz=False, flipVert=False, font='Open Sans', fontFiles=[], height=np.float64(0.1), italic=False, languageStyle='LTR', name='fix', opacity=1, ori=0.0, pos=array([0., 0.]), rgb=UNKNOWN, text='+', units='height', win=Window(...), wrapWidth=1)
13.2520 	DEBUG 	TextBox2 loaded 1 chars with 0 blanks and 1 valid
13.2526 	DEBUG 	TextBox2 loaded 1 chars with 0 blanks and 1 valid
13.2532 	DEBUG 	TextBox2 loaded 1 chars with 0 blanks and 1 valid
13.2536 	DEBUG 	TextBox2 loaded 1 chars with 0 blanks and 1 valid
13.2538 	DEBUG 	TextBox2 loaded 1 chars with 0 blanks and 1 valid
13.2540 	DEBUG 	TextBox2 loaded 1 chars with 0 blanks and 1 valid
13.2545 	DEBUG 	TextBox2 loaded 1 chars with 0 blanks and 1 valid
13.2549 	DEBUG 	TextBox2 loaded 1 chars with 0 blanks and 1 valid
13.2551 	DEBUG 	TextBox2 loaded 1 chars with 0 blanks and 1 valid
13.2552 	DEBUG 	Uploading Texture Font fontname to graphics card
13.2573 	DEBUG 	Upload of Texture Font fontname complete
13.2775 	DEBUG 	TextBox2 loaded 1 chars with 0 blanks and 1 valid
13.2776 	DEBUG 	Uploading Texture Font fontname to graphics card
13.2797 	DEBUG 	Upload of Texture Font fontname complete
13.2897 	DEBUG 	TextBox2 loaded 1 chars with 0 blanks and 1 valid
13.2972 	DEBUG 	TextBox2 loaded 1 chars with 0 blanks and 1 valid
13.3047 	DEBUG 	TextBox2 loaded 1 chars with 0 blanks and 1 valid
13.3122 	DEBUG 	TextBox2 loaded 1 chars with 0 blanks and 1 valid
13.3196 	DEBUG 	TextBox2 loaded 1 chars with 0 blanks and 1 valid
13.3269 	DEBUG 	TextBox2 loaded 1 chars with 0 blanks and 1 valid
13.3344 	DEBUG 	TextBox2 loaded 1 chars with 0 blanks and 1 valid
13.3418 	DEBUG 	TextBox2 loaded 1 chars with 0 blanks and 1 valid
13.3492 	DEBUG 	TextBox2 loaded 1 chars with 0 blanks and 1 valid
13.3566 	DEBUG 	TextBox2 loaded 1 chars with 0 blanks and 1 valid
13.3567 	DEBUG 	Uploading Texture Font fontname to graphics card
13.3583 	DEBUG 	Upload of Texture Font fontname complete
13.3681 	DEBUG 	TextBox2 loaded 1 chars with 0 blanks and 1 valid
13.3682 	DEBUG 	Uploading Texture Font fontname to graphics card
13.3696 	DEBUG 	Upload of Texture Font fontname complete
13.3817 	DEBUG 	TextBox2 loaded 1 chars with 0 blanks and 1 valid
13.3817 	DEBUG 	Uploading Texture Font fontname to graphics card
13.3831 	DEBUG 	Upload of Texture Font fontname complete
13.3952 	DEBUG 	TextBox2 loaded 1 chars with 0 blanks and 1 valid
13.3953 	DEBUG 	Uploading Texture Font fontname to graphics card
13.3968 	DEBUG 	Upload of Texture Font fontname complete
13.4089 	DEBUG 	TextBox2 loaded 1 chars with 0 blanks and 1 valid
13.4089 	DEBUG 	Uploading Texture Font fontname to graphics card
13.4104 	DEBUG 	Upload of Texture Font fontname complete
13.4225 	DEBUG 	TextBox2 loaded 1 chars with 0 blanks and 1 valid
13.4226 	DEBUG 	Uploading Texture Font fontname to graphics card
13.4240 	DEBUG 	Upload of Texture Font fontname complete
13.4360 	DEBUG 	TextBox2 loaded 1 chars with 0 blanks and 1 valid
13.4361 	DEBUG 	Uploading Texture Font fontname to graphics card
13.4375 	DEBUG 	Upload of Texture Font fontname complete
13.4495 	DEBUG 	TextBox2 loaded 1 chars with 0 blanks and 1 valid
13.4495 	DEBUG 	Uploading Texture Font fontname to graphics card
13.4510 	DEBUG 	Upload of Texture Font fontname complete
13.4633 	DEBUG 	TextBox2 loaded 1 chars with 0 blanks and 1 valid
13.4634 	DEBUG 	Uploading Texture Font fontname to graphics card
13.4648 	DEBUG 	Upload of Texture Font fontname complete
13.4769 	DEBUG 	TextBox2 loaded 1 chars with 0 blanks and 1 valid
13.4770 	DEBUG 	Uploading Texture Font fontname to graphics card
13.4784 	DEBUG 	Upload of Texture Font fontname complete
13.4999 	EXP 	Created slider_3 = Slider(__class__=<class 'psychopy.visual.slider.Slider'>, autoDraw=False, autoLog=True, borderColor=None, color=None, colorSpace='rgb', depth=-2, fillColor=None, flip=False, font='Noto Sans', granularity=1, labelColor=None, labelHeight=np.float64(0.05), labelWrapWidth=None, labels=(0, 1, 2, 3, 4, 5, 6, 7, 8, 9), lineColor=None, markerColor=None, name='slider_3', opacity=None, ori=0.0, pos=array([ 0. , -0.4]), readOnly=False, self=UNKNOWN, size=array([1. , 0.1]), startValue=None, style='choice', styleTweaks=[], ticks=array([0, 1, 2, 3, 4, 5, 6, 7, 8, 9]), units='norm', win=Window(...))
13.5065 	EXP 	Created text_2 = TextStim(__class__=<class 'psychopy.visual.text.TextStim'>, alignHoriz=method-wrapper(...), alignText='center', alignVert=method-wrapper(...), anchorHoriz='center', anchorVert='center', antialias=True, autoDraw=False, autoLog=True, bold=False, color=array([1., 1., 1.]), colorSpace='rgb', contrast=1.0, depth=0.0, draggable=False, flipHoriz=False, flipVert=False, font='Arial', fontFiles=[], height=np.float64(0.05), italic=False, languageStyle='LTR', name='text_2', opacity=1, ori=0.0, pos=array([0., 0.]), rgb=UNKNOWN, text=str(...), units='height', win=Window(...), wrapWidth=1)
13.5072 	EXP 	Created fix = TextStim(__class__=<class 'psychopy.visual.text.TextStim'>, alignHoriz=method-wrapper(...), alignText='center', alignVert=method-wrapper(...), anchorHoriz='center', anchorVert='center', antialias=True, autoDraw=False, autoLog=True, bold=False, color=array([1., 1., 1.]), colorSpace='rgb', contrast=1.0, depth=-1.0, draggable=False, flipHoriz=False, flipVert=False, font='Open Sans', fontFiles=[], height=np.float64(0.1), italic=False, languageStyle='LTR', name='fix', opacity=1, ori=0.0, pos=array([0., 0.]), rgb=UNKNOWN, text='+', units='height', win=Window(...), wrapWidth=1)
13.5090 	EXP 	Created prog_3 = Progress(__class__=<class 'psychopy.visual.progress.Progress'>, anchor=('left', 'top'), autoDraw=False, autoLog=True, closeShape=True, color=method-wrapper(...), colorSpace='rgb', contrast=None, depth=-1, draggable=False, fillColor=array([-1.    ,  0.5373, -1.    ]), fillColorSpace='rgb', fillRGB=array([-1.    ,  0.5373, -1.    ]), interpolate=True, lineColor=array([1., 1., 1.]), lineColorSpace='rgb', lineRGB=array([1, 1, 1]), lineWidth=4.0, name='prog_3', opacity=1.0, ori=0.0, pos=array([-0.5,  0.5]), size=array([1. , 0.1]), units='norm', vertices=ndarray(...), win=Window(...), windingRule=None)
13.5097 	EXP 	Created prog_3Bar = ShapeStim(__class__=<class 'psychopy.visual.shape.ShapeStim'>, anchor=('left', 'top'), autoDraw=False, autoLog=True, closeShape=True, color=method-wrapper(...), colorSpace='rgb', contrast=None, depth=-1, draggable=False, fillColor=array([ 1., -1., -1.]), fillColorSpace='rgb', fillRGB=array([ 1., -1., -1.]), interpolate=True, lineColor=array([0., 0., 0.]), lineColorSpace='rgb', lineRGB=array([0, 0, 0]), lineWidth=1.5, name='prog_3Bar', opacity=1.0, ori=0.0, pos=array([-0.5,  0.5]), size=array([1. , 0.1]), units='norm', vertices=ndarray(...), win=Window(...), windingRule=None)
13.5102 	EXP 	Created greenbar_3 = Rect(__class__=<class 'psychopy.visual.rect.Rect'>, anchor=('left', 'center'), autoDraw=False, autoLog=True, closeShape=True, color=method-wrapper(...), colorSpace='rgb', contrast=None, depth=-2.0, draggable=False, fillColor=array([-1.    ,  0.0039, -1.    ]), fillColorSpace='rgb', fillRGB=array([-1.    ,  0.0039, -1.    ]), interpolate=True, lineColor=array([1., 1., 1.]), lineColorSpace='rgb', lineRGB=array([1, 1, 1]), lineWidth=1.0, name='greenbar_3', opacity=1, ori=0.0, pos=array([0.33333333, 0.7       ]), size=array([0.66666667, 0.1       ]), units='norm', vertices=ndarray(...), win=Window(...))
13.5107 	EXP 	Created yellowbar_3 = Rect(__class__=<class 'psychopy.visual.rect.Rect'>, anchor=('left', 'center'), autoDraw=False, autoLog=True, closeShape=True, color=method-wrapper(...), colorSpace='rgb', contrast=None, depth=-3.0, draggable=False, fillColor=array([ 1.,  1., -1.]), fillColorSpace='rgb', fillRGB=array([ 1.,  1., -1.]), interpolate=True, lineColor=array([1., 1., 1.]), lineColorSpace='rgb', lineRGB=array([1, 1, 1]), lineWidth=1.0, name='yellowbar_3', opacity=1, ori=0.0, pos=array([-0.33333333,  0.7       ]), size=array([0.66666667, 0.1       ]), units='norm', vertices=ndarray(...), win=Window(...))
13.5112 	EXP 	Created redbar_3 = Rect(__class__=<class 'psychopy.visual.rect.Rect'>, anchor=('left', 'center'), autoDraw=False, autoLog=True, closeShape=True, color=method-wrapper(...), colorSpace='rgb', contrast=None, depth=-4.0, draggable=False, fillColor=array([ 1., -1., -1.]), fillColorSpace='rgb', fillRGB=array([ 1., -1., -1.]), interpolate=True, lineColor=array([1., 1., 1.]), lineColorSpace='rgb', lineRGB=array([1, 1, 1]), lineWidth=1.0, name='redbar_3', opacity=1, ori=0.0, pos=array([-1. ,  0.7]), size=array([0.66666667, 0.1       ]), units='norm', vertices=ndarray(...), win=Window(...))
13.5119 	EXP 	Created arrow_3 = ShapeStim(__class__=<class 'psychopy.visual.shape.ShapeStim'>, anchor=('center', 'center'), autoDraw=False, autoLog=True, closeShape=True, color=method-wrapper(...), colorSpace='rgb', contrast=None, depth=-5.0, draggable=False, fillColor=array([1, 1, 1]), fillColorSpace='rgb', fillRGB=array([1, 1, 1]), interpolate=True, lineColor=array([1., 1., 1.]), lineColorSpace='rgb', lineRGB=array([1, 1, 1]), lineWidth=1.0, name='arrow_3', opacity=1, ori=0.0, pos=array([0., 0.]), size=array([0.05, 0.05]), units='norm', vertices=ndarray(...), win=Window(...), windingRule=None)
13.5809 	EXP 	Created slider_4 = Slider(__class__=<class 'psychopy.visual.slider.Slider'>, autoDraw=False, autoLog=True, borderColor=None, color=None, colorSpace='rgb', depth=-7, fillColor=None, flip=False, font='Noto Sans', granularity=1, labelColor=None, labelHeight=np.float64(0.05), labelWrapWidth=None, labels=(0, 1, 2, 3, 4, 5, 6, 7, 8, 9), lineColor=None, markerColor=None, name='slider_4', opacity=None, ori=0.0, pos=array([ 0. , -0.4]), readOnly=False, self=UNKNOWN, size=array([1. , 0.1]), startValue=None, style='choice', styleTweaks=[], ticks=array([0, 1, 2, 3, 4, 5, 6, 7, 8, 9]), units='norm', win=Window(...))
13.5865 	EXP 	Created text_3 = TextStim(__class__=<class 'psychopy.visual.text.TextStim'>, alignHoriz=method-wrapper(...), alignText='center', alignVert=method-wrapper(...), anchorHoriz='center', anchorVert='center', antialias=True, autoDraw=False, autoLog=True, bold=False, color=array([1., 1., 1.]), colorSpace='rgb', contrast=1.0, depth=0.0, draggable=False, flipHoriz=False, flipVert=False, font='Arial', fontFiles=[], height=np.float64(0.05), italic=False, languageStyle='LTR', name='text_3', opacity=1, ori=0.0, pos=array([0., 0.]), rgb=UNKNOWN, text='Training instructions here', units='height', win=Window(...), wrapWidth=1)
13.5871 	EXP 	Created fix = TextStim(__class__=<class 'psychopy.visual.text.TextStim'>, alignHoriz=method-wrapper(...), alignText='center', alignVert=method-wrapper(...), anchorHoriz='center', anchorVert='center', antialias=True, autoDraw=False, autoLog=True, bold=False, color=array([1., 1., 1.]), colorSpace='rgb', contrast=1.0, depth=-1.0, draggable=False, flipHoriz=False, flipVert=False, font='Open Sans', fontFiles=[], height=np.float64(0.1), italic=False, languageStyle='LTR', name='fix', opacity=1, ori=0.0, pos=array([0., 0.]), rgb=UNKNOWN, text='+', units='height', win=Window(...), wrapWidth=1)
13.6557 	EXP 	Created slider_training = Slider(__class__=<class 'psychopy.visual.slider.Slider'>, autoDraw=False, autoLog=True, borderColor=None, color=None, colorSpace='rgb', depth=-2, fillColor=None, flip=False, font='Noto Sans', granularity=1, labelColor=None, labelHeight=np.float64(0.05), labelWrapWidth=None, labels=(0, 1, 2, 3, 4, 5, 6, 7, 8, 9), lineColor=None, markerColor=None, name='slider_training', opacity=None, ori=0.0, pos=array([ 0. , -0.4]), readOnly=False, self=UNKNOWN, size=array([1. , 0.1]), startValue=None, style='choice', styleTweaks=[], ticks=array([0, 1, 2, 3, 4, 5, 6, 7, 8, 9]), units='norm', win=Window(...))
13.6616 	EXP 	Created text_4 = TextStim(__class__=<class 'psychopy.visual.text.TextStim'>, alignHoriz=method-wrapper(...), alignText='center', alignVert=method-wrapper(...), anchorHoriz='center', anchorVert='center', antialias=True, autoDraw=False, autoLog=True, bold=False, color=array([1., 1., 1.]), colorSpace='rgb', contrast=1.0, depth=0.0, draggable=False, flipHoriz=False, flipVert=False, font='Arial', fontFiles=[], height=np.float64(0.05), italic=False, languageStyle='LTR', name='text_4', opacity=1, ori=0.0, pos=array([0., 0.]), rgb=UNKNOWN, text='Please press space to move onto the next block', units='height', win=Window(...), wrapWidth=1)
13.6629 	EXP 	Created text_6 = TextStim(__class__=<class 'psychopy.visual.text.TextStim'>, alignHoriz=method-wrapper(...), alignText='center', alignVert=method-wrapper(...), anchorHoriz='center', anchorVert='center', antialias=True, autoDraw=False, autoLog=True, bold=False, color=array([1., 1., 1.]), colorSpace='rgb', contrast=1.0, depth=0.0, draggable=False, flipHoriz=False, flipVert=False, font='Arial', fontFiles=[], height=np.float64(0.05), italic=False, languageStyle='LTR', name='text_6', opacity=1, ori=0.0, pos=array([0., 0.]), rgb=UNKNOWN, text='Start of experiment', units='height', win=Window(...), wrapWidth=1)
13.6636 	EXP 	Created fix = TextStim(__class__=<class 'psychopy.visual.text.TextStim'>, alignHoriz=method-wrapper(...), alignText='center', alignVert=method-wrapper(...), anchorHoriz='center', anchorVert='center', antialias=True, autoDraw=False, autoLog=True, bold=False, color=array([1., 1., 1.]), colorSpace='rgb', contrast=1.0, depth=-1.0, draggable=False, flipHoriz=False, flipVert=False, font='Open Sans', fontFiles=[], height=np.float64(0.1), italic=False, languageStyle='LTR', name='fix', opacity=1, ori=0.0, pos=array([0., 0.]), rgb=UNKNOWN, text='+', units='height', win=Window(...), wrapWidth=1)
13.6644 	EXP 	Created prog = Progress(__class__=<class 'psychopy.visual.progress.Progress'>, anchor=('left', 'top'), autoDraw=False, autoLog=True, closeShape=True, color=method-wrapper(...), colorSpace='rgb', contrast=None, depth=-1, draggable=False, fillColor=array([-1.    ,  0.5373, -1.    ]), fillColorSpace='rgb', fillRGB=array([-1.    ,  0.5373, -1.    ]), interpolate=True, lineColor=array([1., 1., 1.]), lineColorSpace='rgb', lineRGB=array([1, 1, 1]), lineWidth=4.0, name='prog', opacity=1.0, ori=0.0, pos=array([-0.5,  0.5]), size=array([1. , 0.1]), units='norm', vertices=ndarray(...), win=Window(...), windingRule=None)
13.6650 	EXP 	Created progBar = ShapeStim(__class__=<class 'psychopy.visual.shape.ShapeStim'>, anchor=('left', 'top'), autoDraw=False, autoLog=True, closeShape=True, color=method-wrapper(...), colorSpace='rgb', contrast=None, depth=-1, draggable=False, fillColor=array([ 1., -1., -1.]), fillColorSpace='rgb', fillRGB=array([ 1., -1., -1.]), interpolate=True, lineColor=array([0., 0., 0.]), lineColorSpace='rgb', lineRGB=array([0, 0, 0]), lineWidth=1.5, name='progBar', opacity=1.0, ori=0.0, pos=array([-0.5,  0.5]), size=array([1. , 0.1]), units='norm', vertices=ndarray(...), win=Window(...), windingRule=None)
13.6656 	EXP 	Created redbar = Rect(__class__=<class 'psychopy.visual.rect.Rect'>, anchor=('left', 'center'), autoDraw=False, autoLog=True, closeShape=True, color=method-wrapper(...), colorSpace='rgb', contrast=None, depth=-2.0, draggable=False, fillColor=array([ 1., -1., -1.]), fillColorSpace='rgb', fillRGB=array([ 1., -1., -1.]), interpolate=True, lineColor=array([1., 1., 1.]), lineColorSpace='rgb', lineRGB=array([1, 1, 1]), lineWidth=1.0, name='redbar', opacity=1, ori=0.0, pos=array([-1. ,  0.7]), size=array([2. , 0.1]), units='norm', vertices=ndarray(...), win=Window(...))
13.6661 	EXP 	Created yellowbar = Rect(__class__=<class 'psychopy.visual.rect.Rect'>, anchor=('left', 'center'), autoDraw=False, autoLog=True, closeShape=True, color=method-wrapper(...), colorSpace='rgb', contrast=None, depth=-3.0, draggable=False, fillColor=array([ 1.,  1., -1.]), fillColorSpace='rgb', fillRGB=array([ 1.,  1., -1.]), interpolate=True, lineColor=array([1., 1., 1.]), lineColorSpace='rgb', lineRGB=array([1, 1, 1]), lineWidth=1.0, name='yellowbar', opacity=1, ori=0.0, pos=array([0. , 0.7]), size=array([1. , 0.1]), units='norm', vertices=ndarray(...), win=Window(...))
13.6666 	EXP 	Created greenbar = Rect(__class__=<class 'psychopy.visual.rect.Rect'>, anchor=('left', 'center'), autoDraw=False, autoLog=True, closeShape=True, color=method-wrapper(...), colorSpace='rgb', contrast=None, depth=-4.0, draggable=False, fillColor=array([-1.    ,  0.0039, -1.    ]), fillColorSpace='rgb', fillRGB=array([-1.    ,  0.0039, -1.    ]), interpolate=True, lineColor=array([1., 1., 1.]), lineColorSpace='rgb', lineRGB=array([1, 1, 1]), lineWidth=1.0, name='greenbar', opacity=1, ori=0.0, pos=array([0.7, 0.7]), size=array([0.3, 0.1]), units='norm', vertices=ndarray(...), win=Window(...))
13.6673 	EXP 	Created arrow = ShapeStim(__class__=<class 'psychopy.visual.shape.ShapeStim'>, anchor=('center', 'center'), autoDraw=False, autoLog=True, closeShape=True, color=method-wrapper(...), colorSpace='rgb', contrast=None, depth=-5.0, draggable=False, fillColor=array([1, 1, 1]), fillColorSpace='rgb', fillRGB=array([1, 1, 1]), interpolate=True, lineColor=array([1., 1., 1.]), lineColorSpace='rgb', lineRGB=array([1, 1, 1]), lineWidth=1.0, name='arrow', opacity=1, ori=0.0, pos=array([0., 0.]), size=array([0.05, 0.05]), units='norm', vertices=ndarray(...), win=Window(...), windingRule=None)
13.7366 	EXP 	Created slider = Slider(__class__=<class 'psychopy.visual.slider.Slider'>, autoDraw=False, autoLog=True, borderColor=None, color=None, colorSpace='rgb', depth=-7, fillColor=None, flip=False, font='Noto Sans', granularity=1, labelColor=None, labelHeight=np.float64(0.05), labelWrapWidth=None, labels=(0, 1, 2, 3, 4, 5, 6, 7, 8, 9), lineColor=None, markerColor=None, name='slider', opacity=None, ori=0.0, pos=array([ 0. , -0.4]), readOnly=False, self=UNKNOWN, size=array([1. , 0.1]), startValue=None, style='choice', styleTweaks=[], ticks=array([0, 1, 2, 3, 4, 5, 6, 7, 8, 9]), units='norm', win=Window(...))
13.7374 	EXP 	Created norm_arrow = ShapeStim(__class__=<class 'psychopy.visual.shape.ShapeStim'>, anchor=('center', 'center'), autoDraw=False, autoLog=True, closeShape=True, color=method-wrapper(...), colorSpace='rgb', contrast=None, depth=-9.0, draggable=False, fillColor=array([1, 1, 1]), fillColorSpace='rgb', fillRGB=array([1, 1, 1]), interpolate=True, lineColor=array([1., 1., 1.]), lineColorSpace='rgb', lineRGB=array([1, 1, 1]), lineWidth=1.0, name='norm_arrow', opacity=1, ori=0.0, pos=array([0.7, 0.6]), size=array([0.05, 0.05]), units='height', vertices=ndarray(...), win=Window(...), windingRule=None)
13.7419 	EXP 	Created text_5 = TextStim(__class__=<class 'psychopy.visual.text.TextStim'>, alignHoriz=method-wrapper(...), alignText='center', alignVert=method-wrapper(...), anchorHoriz='center', anchorVert='center', antialias=True, autoDraw=False, autoLog=True, bold=False, color=array([1., 1., 1.]), colorSpace='rgb', contrast=1.0, depth=0.0, draggable=False, flipHoriz=False, flipVert=False, font='Arial', fontFiles=[], height=0.05, italic=False, languageStyle='LTR', name='text_5', opacity=1, ori=0.0, pos=array([0., 0.]), rgb=UNKNOWN, text='', units='height', win=Window(...), wrapWidth=1)
13.7428 	EXP 	Created text_7 = TextStim(__class__=<class 'psychopy.visual.text.TextStim'>, alignHoriz=method-wrapper(...), alignText='center', alignVert=method-wrapper(...), anchorHoriz='center', anchorVert='center', antialias=True, autoDraw=False, autoLog=True, bold=False, color=array([1., 1., 1.]), colorSpace='rgb', contrast=1.0, depth=0.0, draggable=False, flipHoriz=False, flipVert=False, font='Arial', fontFiles=[], height=np.float64(0.05), italic=False, languageStyle='LTR', name='text_7', opacity=1, ori=0.0, pos=array([0., 0.]), rgb=UNKNOWN, text='Thanks', units='height', win=Window(...), wrapWidth=1)
0.0028 	EXP 	equation_practice_1: autoLog = True
0.0028 	EXP 	slider_3: autoLog = True
0.0028 	EXP 	slider_3: styleTweaks = []
0.0028 	EXP 	slider_3: styleTweaks = []
0.0028 	EXP 	slider_3: styleTweaks = []
0.0028 	EXP 	slider_3: styleTweaks = []
0.0028 	EXP 	slider_3: contrast = 1.0
0.0028 	EXP 	slider_3: markerPos = None
0.0028 	EXP 	slider_3: autoLog = True
0.0028 	EXP 	feedback_practice_1: autoLog = True
0.0028 	EXP 	prog_3: direction = 'horizontal'
0.0028 	EXP 	prog_3: progress = 0.0
0.0028 	EXP 	textbox_5: autoLog = True
0.0028 	EXP 	slider_4: autoLog = True
0.0028 	EXP 	slider_4: styleTweaks = []
0.0028 	EXP 	slider_4: styleTweaks = []
0.0028 	EXP 	slider_4: styleTweaks = []
0.0028 	EXP 	slider_4: styleTweaks = []
0.0028 	EXP 	slider_4: contrast = 1.0
0.0028 	EXP 	slider_4: markerPos = None
0.0028 	EXP 	slider_4: autoLog = True
0.0028 	EXP 	feedback_practice_1: autoLog = True
0.0028 	EXP 	textbox_3: autoLog = True
0.0028 	EXP 	slider_training: autoLog = True
0.0028 	EXP 	slider_training: styleTweaks = []
0.0028 	EXP 	slider_training: styleTweaks = []
0.0028 	EXP 	slider_training: styleTweaks = []
0.0028 	EXP 	slider_training: styleTweaks = []
0.0028 	EXP 	slider_training: contrast = 1.0
0.0028 	EXP 	slider_training: markerPos = None
0.0028 	EXP 	slider_training: autoLog = True
0.0028 	EXP 	feedback_practice_1: autoLog = True
0.0028 	EXP 	prog: direction = 'horizontal'
0.0028 	EXP 	prog: progress = 0.0
0.0028 	EXP 	textbox: autoLog = True
0.0028 	EXP 	slider: autoLog = True
0.0028 	EXP 	slider: styleTweaks = []
0.0028 	EXP 	slider: styleTweaks = []
0.0028 	EXP 	slider: styleTweaks = []
0.0028 	EXP 	slider: styleTweaks = []
0.0028 	EXP 	slider: contrast = 1.0
0.0028 	EXP 	slider: markerPos = None
0.0028 	EXP 	slider: autoLog = True
0.0028 	EXP 	feedback_practice_1: autoLog = True
0.0091 	INFO 	Keyboard events cleared
0.0090 	EXP 	text: autoDraw = True
0.5563 	EXP 	Device response: <KeyPress from None: t=0.44443929199951526, value=l, duration=None>
0.5607 	DATA 	Keypress: l
0.5625 	INFO 	Keyboard events cleared
0.5624 	EXP 	text: autoDraw = False
0.5624 	EXP 	intstructs: autoDraw = True
0.5955 	EXP 	Device response: <KeyPress from None: t=0.44443929199951526, value=l, duration=0.14400399999976798>
0.8793 	EXP 	Device response: <KeyPress from None: t=0.8664447499995731, value=space, duration=None>
0.8862 	DEBUG 	Read excel file with openpyxl: practice_difficulty.xlsx
0.8864 	EXP 	Imported practice_difficulty.xlsx as conditions, 3 conditions, 1 params
0.8894 	DATA 	Keypress: space
0.8916 	EXP 	intstructs: autoDraw = False
0.8916 	EXP 	text_2: autoDraw = True
0.9727 	EXP 	Device response: <KeyPress from None: t=0.8664447499995731, value=space, duration=0.10097220799980278>
2.8856 	DEBUG 	Read excel file with openpyxl: practice_difficulty.xlsx
2.8858 	EXP 	Imported practice_difficulty.xlsx as conditions, 3 conditions, 1 params
2.8906 	EXP 	text_2: autoDraw = False
2.8906 	EXP 	text_2: autoDraw = False
2.8906 	EXP 	text_3: autoDraw = True
4.8809 	DEBUG 	Read csv file with pandas: training.csv
4.8819 	DEBUG 	Clearing unnamed columns from training.csv
4.8821 	EXP 	Imported training.csv as conditions, 5 conditions, 2 params
4.8823 	EXP 	New trial (rep=0, index=0): <Trial 0 (0 in rep 0) data={'train_diff': 'easy1', 'train_time': np.int64(5), 'thisN': 0, 'thisTrialN': 0, 'thisRepN': 0}>
4.8841 	EXP 	New trial (rep=0, index=0): <Trial 0 (0 in rep 0) data={'thisN': 0, 'thisTrialN': 0, 'thisRepN': 0}>
4.8894 	EXP 	text_3: autoDraw = False
4.8894 	EXP 	text_3: autoDraw = False
4.8894 	EXP 	fix: autoDraw = True
5.3712 	EXP 	Device response: <KeyPress from None: t=5.3703839579993655, value=3, duration=None>
5.3727 	DATA 	Keypress: 3
5.3924 	DEBUG 	Saving data for misty_module ExperimentHandler
5.3935 	INFO 	saved data to /Users/hackerman/misty_py/data/pilot_misty_module_2026-01-31_19h40.57.606.psydat
5.3939 	INFO 	saved data to '/Users/hackerman/misty_py/data/pilot_misty_module_2026-01-31_19h40.57.606.csv'
5.3947 	WARNING 	Stopping key buffers but this could be dangerous ifother keyboards rely on the same.
