8.6518 	WARNING 	Font Manager failed to load file /System/Library/PrivateFrameworks/FontServices.framework/Resources/Reserved/PingFangUI.ttc
8.6818 	WARNING 	Font Manager failed to load file /System/Library/PrivateFrameworks/FontServices.framework/Resources/Reserved/PingFangUI.ttc
9.3519 	DEBUG 	Fullscreen settings ignored as running in pilot mode.
9.3527 	INFO 	Loaded monitor calibration from ['2026_01_27 16:28']
9.4460 	INFO 	Using renderer 'Apple M4' for graphics
9.4460 	INFO 	OpenGL version supported by driver is 2..
9.4650 	EXP 	Created window1 = Window(allowGUI=False, allowStencil=True, autoLog=True, backendConf=UNKNOWN, backgroundFit=<method-wrapper '__getattribute__' of attributeSetter object at 0x17563c0d0>, backgroundImage=<method-wrapper '__getattribute__' of attributeSetter object at 0x17563c130>, bitsMode=UNKNOWN, blendMode='avg', bpc=(8, 8, 8), color=array([0, 0, 0]), colorSpace='rgb', depthBits=8, fullscr=False, gamma=None, gammaErrorPolicy='raise', infoMsg=UNKNOWN, lms=UNKNOWN, monitor=<psychopy.monitors.calibTools.Monitor object at 0x1756413f0>, multiSample=False, name='window1', numSamples=2, pos=[np.float64(560.0), np.float64(240.0)], screen=0, size=array([800, 600]), stencilBits=8, stereo=False, title='PsychoPy', units='height', useFBO=True, useRetina=False, viewOri=0.0, viewPos=None, viewScale=None, waitBlanking=True, winType='pyglet')
9.4651 	EXP 	window1: backgroundImage = ''
9.4651 	EXP 	window1: backgroundFit = 'none'
9.4792 	DEBUG 	TextBox2 loaded 1 chars with 0 blanks and 1 valid
9.4870 	DEBUG 	TextBox2 loaded 1 chars with 0 blanks and 1 valid
9.4948 	DEBUG 	TextBox2 loaded 1 chars with 0 blanks and 1 valid
9.5027 	DEBUG 	TextBox2 loaded 1 chars with 0 blanks and 1 valid
9.5107 	DEBUG 	TextBox2 loaded 1 chars with 0 blanks and 1 valid
9.5184 	DEBUG 	TextBox2 loaded 1 chars with 0 blanks and 1 valid
9.5262 	DEBUG 	TextBox2 loaded 1 chars with 0 blanks and 1 valid
9.5342 	DEBUG 	TextBox2 loaded 1 chars with 0 blanks and 1 valid
9.5418 	DEBUG 	TextBox2 loaded 1 chars with 0 blanks and 1 valid
9.5494 	DEBUG 	TextBox2 loaded 1 chars with 0 blanks and 1 valid
9.5573 	DEBUG 	TextBox2 loaded 1 chars with 0 blanks and 1 valid
9.5651 	DEBUG 	TextBox2 loaded 1 chars with 0 blanks and 1 valid
9.5729 	DEBUG 	TextBox2 loaded 1 chars with 0 blanks and 1 valid
9.5808 	DEBUG 	TextBox2 loaded 1 chars with 0 blanks and 1 valid
9.5885 	DEBUG 	TextBox2 loaded 1 chars with 0 blanks and 1 valid
9.5964 	DEBUG 	TextBox2 loaded 1 chars with 0 blanks and 1 valid
9.6043 	DEBUG 	TextBox2 loaded 1 chars with 0 blanks and 1 valid
9.6120 	DEBUG 	TextBox2 loaded 1 chars with 0 blanks and 1 valid
9.6196 	DEBUG 	TextBox2 loaded 1 chars with 0 blanks and 1 valid
9.6277 	DEBUG 	TextBox2 loaded 1 chars with 0 blanks and 1 valid
9.6354 	DEBUG 	TextBox2 loaded 1 chars with 0 blanks and 1 valid
9.6355 	DEBUG 	Uploading Texture Font fontname to graphics card
9.6383 	DEBUG 	Upload of Texture Font fontname complete
9.6488 	DEBUG 	TextBox2 loaded 1 chars with 0 blanks and 1 valid
9.6567 	DEBUG 	TextBox2 loaded 1 chars with 0 blanks and 1 valid
9.6645 	DEBUG 	TextBox2 loaded 1 chars with 0 blanks and 1 valid
9.6647 	DEBUG 	Uploading Texture Font fontname to graphics card
9.6661 	DEBUG 	Upload of Texture Font fontname complete
9.6670 	EXP 	window1: Attempting to measure frame rate of screen (0) ...
9.6670 	EXP 	window1: recordFrameIntervals = False
9.8063 	EXP 	window1: recordFrameIntervals = True
9.9532 	EXP 	Screen (0) actual frame rate measured at 74.97Hz
9.9533 	EXP 	window1: recordFrameIntervals = False
9.9706 	DEBUG 	TextBox2 loaded 1 chars with 0 blanks and 1 valid
9.9811 	DEBUG 	TextBox2 loaded 1 chars with 0 blanks and 1 valid
9.9908 	DEBUG 	TextBox2 loaded 1 chars with 0 blanks and 1 valid
9.9999 	DEBUG 	TextBox2 loaded 1 chars with 0 blanks and 1 valid
10.0085 	DEBUG 	TextBox2 loaded 1 chars with 0 blanks and 1 valid
10.0168 	DEBUG 	TextBox2 loaded 1 chars with 0 blanks and 1 valid
10.0246 	DEBUG 	TextBox2 loaded 1 chars with 0 blanks and 1 valid
10.0321 	DEBUG 	TextBox2 loaded 1 chars with 0 blanks and 1 valid
10.0399 	DEBUG 	TextBox2 loaded 1 chars with 0 blanks and 1 valid
10.0477 	DEBUG 	TextBox2 loaded 1 chars with 0 blanks and 1 valid
10.0478 	DEBUG 	Uploading Texture Font fontname to graphics card
10.0493 	DEBUG 	Upload of Texture Font fontname complete
10.9660 	INFO 	keyboard.Keyboard is using ptb backend.
10.9660 	EXP 	misty_module: status = STARTED
10.9991 	EXP 	Created text = TextStim(__class__=<class 'psychopy.visual.text.TextStim'>, alignHoriz=method-wrapper(...), alignText='center', alignVert=method-wrapper(...), anchorHoriz='center', anchorVert='center', antialias=True, autoDraw=False, autoLog=True, bold=False, color=array([1., 1., 1.]), colorSpace='rgb', contrast=1.0, depth=0.0, draggable=False, flipHoriz=False, flipVert=False, font='Arial', fontFiles=[], height=np.float64(0.05), italic=False, languageStyle='LTR', name='text', opacity=1, ori=0.0, pos=array([0., 0.]), rgb=UNKNOWN, text=str(...), units='height', win=Window(...), wrapWidth=1)
11.0067 	EXP 	Created intstructs = TextStim(__class__=<class 'psychopy.visual.text.TextStim'>, alignHoriz=method-wrapper(...), alignText='center', alignVert=method-wrapper(...), anchorHoriz='center', anchorVert='center', antialias=True, autoDraw=False, autoLog=True, bold=False, color=array([1., 1., 1.]), colorSpace='rgb', contrast=1.0, depth=0.0, draggable=False, flipHoriz=False, flipVert=False, font='Arial', fontFiles=[], height=np.float64(0.05), italic=False, languageStyle='LTR', name='intstructs', opacity=1, ori=0.0, pos=array([0., 0.]), rgb=UNKNOWN, text=str(...), units='height', win=Window(...), wrapWidth=1)
11.0090 	EXP 	Created fix = TextStim(__class__=<class 'psychopy.visual.text.TextStim'>, alignHoriz=method-wrapper(...), alignText='center', alignVert=method-wrapper(...), anchorHoriz='center', anchorVert='center', antialias=True, autoDraw=False, autoLog=True, bold=False, color=array([1., 1., 1.]), colorSpace='rgb', contrast=1.0, depth=-1.0, draggable=False, flipHoriz=False, flipVert=False, font='Open Sans', fontFiles=[], height=np.float64(0.1), italic=False, languageStyle='LTR', name='fix', opacity=1, ori=0.0, pos=array([0., 0.]), rgb=UNKNOWN, text='+', units='height', win=Window(...), wrapWidth=1)
11.0149 	DEBUG 	TextBox2 loaded 1 chars with 0 blanks and 1 valid
11.0155 	DEBUG 	TextBox2 loaded 1 chars with 0 blanks and 1 valid
11.0161 	DEBUG 	TextBox2 loaded 1 chars with 0 blanks and 1 valid
11.0166 	DEBUG 	TextBox2 loaded 1 chars with 0 blanks and 1 valid
11.0168 	DEBUG 	TextBox2 loaded 1 chars with 0 blanks and 1 valid
11.0170 	DEBUG 	TextBox2 loaded 1 chars with 0 blanks and 1 valid
11.0175 	DEBUG 	TextBox2 loaded 1 chars with 0 blanks and 1 valid
11.0179 	DEBUG 	TextBox2 loaded 1 chars with 0 blanks and 1 valid
11.0181 	DEBUG 	TextBox2 loaded 1 chars with 0 blanks and 1 valid
11.0182 	DEBUG 	Uploading Texture Font fontname to graphics card
11.0204 	DEBUG 	Upload of Texture Font fontname complete
11.0407 	DEBUG 	TextBox2 loaded 1 chars with 0 blanks and 1 valid
11.0408 	DEBUG 	Uploading Texture Font fontname to graphics card
11.0428 	DEBUG 	Upload of Texture Font fontname complete
11.0528 	DEBUG 	TextBox2 loaded 1 chars with 0 blanks and 1 valid
11.0603 	DEBUG 	TextBox2 loaded 1 chars with 0 blanks and 1 valid
11.0678 	DEBUG 	TextBox2 loaded 1 chars with 0 blanks and 1 valid
11.0752 	DEBUG 	TextBox2 loaded 1 chars with 0 blanks and 1 valid
11.0825 	DEBUG 	TextBox2 loaded 1 chars with 0 blanks and 1 valid
11.0899 	DEBUG 	TextBox2 loaded 1 chars with 0 blanks and 1 valid
11.0974 	DEBUG 	TextBox2 loaded 1 chars with 0 blanks and 1 valid
11.1047 	DEBUG 	TextBox2 loaded 1 chars with 0 blanks and 1 valid
11.1121 	DEBUG 	TextBox2 loaded 1 chars with 0 blanks and 1 valid
11.1195 	DEBUG 	TextBox2 loaded 1 chars with 0 blanks and 1 valid
11.1196 	DEBUG 	Uploading Texture Font fontname to graphics card
11.1215 	DEBUG 	Upload of Texture Font fontname complete
11.1314 	DEBUG 	TextBox2 loaded 1 chars with 0 blanks and 1 valid
11.1314 	DEBUG 	Uploading Texture Font fontname to graphics card
11.1329 	DEBUG 	Upload of Texture Font fontname complete
11.1450 	DEBUG 	TextBox2 loaded 1 chars with 0 blanks and 1 valid
11.1451 	DEBUG 	Uploading Texture Font fontname to graphics card
11.1465 	DEBUG 	Upload of Texture Font fontname complete
11.1586 	DEBUG 	TextBox2 loaded 1 chars with 0 blanks and 1 valid
11.1587 	DEBUG 	Uploading Texture Font fontname to graphics card
11.1601 	DEBUG 	Upload of Texture Font fontname complete
11.1721 	DEBUG 	TextBox2 loaded 1 chars with 0 blanks and 1 valid
11.1722 	DEBUG 	Uploading Texture Font fontname to graphics card
11.1736 	DEBUG 	Upload of Texture Font fontname complete
11.1857 	DEBUG 	TextBox2 loaded 1 chars with 0 blanks and 1 valid
11.1858 	DEBUG 	Uploading Texture Font fontname to graphics card
11.1872 	DEBUG 	Upload of Texture Font fontname complete
11.1992 	DEBUG 	TextBox2 loaded 1 chars with 0 blanks and 1 valid
11.1993 	DEBUG 	Uploading Texture Font fontname to graphics card
11.2007 	DEBUG 	Upload of Texture Font fontname complete
11.2128 	DEBUG 	TextBox2 loaded 1 chars with 0 blanks and 1 valid
11.2128 	DEBUG 	Uploading Texture Font fontname to graphics card
11.2143 	DEBUG 	Upload of Texture Font fontname complete
11.2262 	DEBUG 	TextBox2 loaded 1 chars with 0 blanks and 1 valid
11.2263 	DEBUG 	Uploading Texture Font fontname to graphics card
11.2278 	DEBUG 	Upload of Texture Font fontname complete
11.2398 	DEBUG 	TextBox2 loaded 1 chars with 0 blanks and 1 valid
11.2399 	DEBUG 	Uploading Texture Font fontname to graphics card
11.2413 	DEBUG 	Upload of Texture Font fontname complete
11.2633 	EXP 	Created slider_3 = Slider(__class__=<class 'psychopy.visual.slider.Slider'>, autoDraw=False, autoLog=True, borderColor=None, color=None, colorSpace='rgb', depth=-2, fillColor=None, flip=False, font='Noto Sans', granularity=1, labelColor=None, labelHeight=np.float64(0.05), labelWrapWidth=None, labels=(0, 1, 2, 3, 4, 5, 6, 7, 8, 9), lineColor=None, markerColor=None, name='slider_3', opacity=None, ori=0.0, pos=array([ 0. , -0.4]), readOnly=False, self=UNKNOWN, size=array([1. , 0.1]), startValue=None, style='choice', styleTweaks=[], ticks=array([0, 1, 2, 3, 4, 5, 6, 7, 8, 9]), units='norm', win=Window(...))
11.2698 	EXP 	Created text_2 = TextStim(__class__=<class 'psychopy.visual.text.TextStim'>, alignHoriz=method-wrapper(...), alignText='center', alignVert=method-wrapper(...), anchorHoriz='center', anchorVert='center', antialias=True, autoDraw=False, autoLog=True, bold=False, color=array([1., 1., 1.]), colorSpace='rgb', contrast=1.0, depth=0.0, draggable=False, flipHoriz=False, flipVert=False, font='Arial', fontFiles=[], height=np.float64(0.05), italic=False, languageStyle='LTR', name='text_2', opacity=1, ori=0.0, pos=array([0., 0.]), rgb=UNKNOWN, text=str(...), units='height', win=Window(...), wrapWidth=1)
11.2706 	EXP 	Created fix = TextStim(__class__=<class 'psychopy.visual.text.TextStim'>, alignHoriz=method-wrapper(...), alignText='center', alignVert=method-wrapper(...), anchorHoriz='center', anchorVert='center', antialias=True, autoDraw=False, autoLog=True, bold=False, color=array([1., 1., 1.]), colorSpace='rgb', contrast=1.0, depth=-1.0, draggable=False, flipHoriz=False, flipVert=False, font='Open Sans', fontFiles=[], height=np.float64(0.1), italic=False, languageStyle='LTR', name='fix', opacity=1, ori=0.0, pos=array([0., 0.]), rgb=UNKNOWN, text='+', units='height', win=Window(...), wrapWidth=1)
11.2724 	EXP 	Created prog_3 = Progress(__class__=<class 'psychopy.visual.progress.Progress'>, anchor=('left', 'top'), autoDraw=False, autoLog=True, closeShape=True, color=method-wrapper(...), colorSpace='rgb', contrast=None, depth=-1, draggable=False, fillColor=array([-1.    ,  0.5373, -1.    ]), fillColorSpace='rgb', fillRGB=array([-1.    ,  0.5373, -1.    ]), interpolate=True, lineColor=array([1., 1., 1.]), lineColorSpace='rgb', lineRGB=array([1, 1, 1]), lineWidth=4.0, name='prog_3', opacity=1.0, ori=0.0, pos=array([-0.5,  0.5]), size=array([1. , 0.1]), units='norm', vertices=ndarray(...), win=Window(...), windingRule=None)
11.2731 	EXP 	Created prog_3Bar = ShapeStim(__class__=<class 'psychopy.visual.shape.ShapeStim'>, anchor=('left', 'top'), autoDraw=False, autoLog=True, closeShape=True, color=method-wrapper(...), colorSpace='rgb', contrast=None, depth=-1, draggable=False, fillColor=array([ 1., -1., -1.]), fillColorSpace='rgb', fillRGB=array([ 1., -1., -1.]), interpolate=True, lineColor=array([0., 0., 0.]), lineColorSpace='rgb', lineRGB=array([0, 0, 0]), lineWidth=1.5, name='prog_3Bar', opacity=1.0, ori=0.0, pos=array([-0.5,  0.5]), size=array([1. , 0.1]), units='norm', vertices=ndarray(...), win=Window(...), windingRule=None)
11.2737 	EXP 	Created greenbar_3 = Rect(__class__=<class 'psychopy.visual.rect.Rect'>, anchor=('left', 'center'), autoDraw=False, autoLog=True, closeShape=True, color=method-wrapper(...), colorSpace='rgb', contrast=None, depth=-2.0, draggable=False, fillColor=array([-1.    ,  0.0039, -1.    ]), fillColorSpace='rgb', fillRGB=array([-1.    ,  0.0039, -1.    ]), interpolate=True, lineColor=array([1., 1., 1.]), lineColorSpace='rgb', lineRGB=array([1, 1, 1]), lineWidth=1.0, name='greenbar_3', opacity=1, ori=0.0, pos=array([0.33333333, 0.7       ]), size=array([0.66666667, 0.1       ]), units='norm', vertices=ndarray(...), win=Window(...))
11.2742 	EXP 	Created yellowbar_3 = Rect(__class__=<class 'psychopy.visual.rect.Rect'>, anchor=('left', 'center'), autoDraw=False, autoLog=True, closeShape=True, color=method-wrapper(...), colorSpace='rgb', contrast=None, depth=-3.0, draggable=False, fillColor=array([ 1.,  1., -1.]), fillColorSpace='rgb', fillRGB=array([ 1.,  1., -1.]), interpolate=True, lineColor=array([1., 1., 1.]), lineColorSpace='rgb', lineRGB=array([1, 1, 1]), lineWidth=1.0, name='yellowbar_3', opacity=1, ori=0.0, pos=array([-0.33333333,  0.7       ]), size=array([0.66666667, 0.1       ]), units='norm', vertices=ndarray(...), win=Window(...))
11.2747 	EXP 	Created redbar_3 = Rect(__class__=<class 'psychopy.visual.rect.Rect'>, anchor=('left', 'center'), autoDraw=False, autoLog=True, closeShape=True, color=method-wrapper(...), colorSpace='rgb', contrast=None, depth=-4.0, draggable=False, fillColor=array([ 1., -1., -1.]), fillColorSpace='rgb', fillRGB=array([ 1., -1., -1.]), interpolate=True, lineColor=array([1., 1., 1.]), lineColorSpace='rgb', lineRGB=array([1, 1, 1]), lineWidth=1.0, name='redbar_3', opacity=1, ori=0.0, pos=array([-1. ,  0.7]), size=array([0.66666667, 0.1       ]), units='norm', vertices=ndarray(...), win=Window(...))
11.2754 	EXP 	Created arrow_3 = ShapeStim(__class__=<class 'psychopy.visual.shape.ShapeStim'>, anchor=('center', 'center'), autoDraw=False, autoLog=True, closeShape=True, color=method-wrapper(...), colorSpace='rgb', contrast=None, depth=-5.0, draggable=False, fillColor=array([1, 1, 1]), fillColorSpace='rgb', fillRGB=array([1, 1, 1]), interpolate=True, lineColor=array([1., 1., 1.]), lineColorSpace='rgb', lineRGB=array([1, 1, 1]), lineWidth=1.0, name='arrow_3', opacity=1, ori=0.0, pos=array([0., 0.]), size=array([0.05, 0.05]), units='norm', vertices=ndarray(...), win=Window(...), windingRule=None)
11.3458 	EXP 	Created slider_4 = Slider(__class__=<class 'psychopy.visual.slider.Slider'>, autoDraw=False, autoLog=True, borderColor=None, color=None, colorSpace='rgb', depth=-7, fillColor=None, flip=False, font='Noto Sans', granularity=1, labelColor=None, labelHeight=np.float64(0.05), labelWrapWidth=None, labels=(0, 1, 2, 3, 4, 5, 6, 7, 8, 9), lineColor=None, markerColor=None, name='slider_4', opacity=None, ori=0.0, pos=array([ 0. , -0.4]), readOnly=False, self=UNKNOWN, size=array([1. , 0.1]), startValue=None, style='choice', styleTweaks=[], ticks=array([0, 1, 2, 3, 4, 5, 6, 7, 8, 9]), units='norm', win=Window(...))
11.3512 	EXP 	Created text_3 = TextStim(__class__=<class 'psychopy.visual.text.TextStim'>, alignHoriz=method-wrapper(...), alignText='center', alignVert=method-wrapper(...), anchorHoriz='center', anchorVert='center', antialias=True, autoDraw=False, autoLog=True, bold=False, color=array([1., 1., 1.]), colorSpace='rgb', contrast=1.0, depth=0.0, draggable=False, flipHoriz=False, flipVert=False, font='Arial', fontFiles=[], height=np.float64(0.05), italic=False, languageStyle='LTR', name='text_3', opacity=1, ori=0.0, pos=array([0., 0.]), rgb=UNKNOWN, text='Training instructions here', units='height', win=Window(...), wrapWidth=1)
11.3520 	EXP 	Created fix = TextStim(__class__=<class 'psychopy.visual.text.TextStim'>, alignHoriz=method-wrapper(...), alignText='center', alignVert=method-wrapper(...), anchorHoriz='center', anchorVert='center', antialias=True, autoDraw=False, autoLog=True, bold=False, color=array([1., 1., 1.]), colorSpace='rgb', contrast=1.0, depth=-1.0, draggable=False, flipHoriz=False, flipVert=False, font='Open Sans', fontFiles=[], height=np.float64(0.1), italic=False, languageStyle='LTR', name='fix', opacity=1, ori=0.0, pos=array([0., 0.]), rgb=UNKNOWN, text='+', units='height', win=Window(...), wrapWidth=1)
11.4215 	EXP 	Created slider_training = Slider(__class__=<class 'psychopy.visual.slider.Slider'>, autoDraw=False, autoLog=True, borderColor=None, color=None, colorSpace='rgb', depth=-2, fillColor=None, flip=False, font='Noto Sans', granularity=1, labelColor=None, labelHeight=np.float64(0.05), labelWrapWidth=None, labels=(0, 1, 2, 3, 4, 5, 6, 7, 8, 9), lineColor=None, markerColor=None, name='slider_training', opacity=None, ori=0.0, pos=array([ 0. , -0.4]), readOnly=False, self=UNKNOWN, size=array([1. , 0.1]), startValue=None, style='choice', styleTweaks=[], ticks=array([0, 1, 2, 3, 4, 5, 6, 7, 8, 9]), units='norm', win=Window(...))
11.4265 	EXP 	Created fix = TextStim(__class__=<class 'psychopy.visual.text.TextStim'>, alignHoriz=method-wrapper(...), alignText='center', alignVert=method-wrapper(...), anchorHoriz='center', anchorVert='center', antialias=True, autoDraw=False, autoLog=True, bold=False, color=array([1., 1., 1.]), colorSpace='rgb', contrast=1.0, depth=-1.0, draggable=False, flipHoriz=False, flipVert=False, font='Open Sans', fontFiles=[], height=np.float64(0.1), italic=False, languageStyle='LTR', name='fix', opacity=1, ori=0.0, pos=array([0., 0.]), rgb=UNKNOWN, text='+', units='height', win=Window(...), wrapWidth=1)
11.4273 	EXP 	Created prog = Progress(__class__=<class 'psychopy.visual.progress.Progress'>, anchor=('left', 'top'), autoDraw=False, autoLog=True, closeShape=True, color=method-wrapper(...), colorSpace='rgb', contrast=None, depth=-1, draggable=False, fillColor=array([-1.    ,  0.5373, -1.    ]), fillColorSpace='rgb', fillRGB=array([-1.    ,  0.5373, -1.    ]), interpolate=True, lineColor=array([1., 1., 1.]), lineColorSpace='rgb', lineRGB=array([1, 1, 1]), lineWidth=4.0, name='prog', opacity=1.0, ori=0.0, pos=array([-0.5,  0.5]), size=array([1. , 0.1]), units='norm', vertices=ndarray(...), win=Window(...), windingRule=None)
11.4284 	EXP 	Created progBar = ShapeStim(__class__=<class 'psychopy.visual.shape.ShapeStim'>, anchor=('left', 'top'), autoDraw=False, autoLog=True, closeShape=True, color=method-wrapper(...), colorSpace='rgb', contrast=None, depth=-1, draggable=False, fillColor=array([ 1., -1., -1.]), fillColorSpace='rgb', fillRGB=array([ 1., -1., -1.]), interpolate=True, lineColor=array([0., 0., 0.]), lineColorSpace='rgb', lineRGB=array([0, 0, 0]), lineWidth=1.5, name='progBar', opacity=1.0, ori=0.0, pos=array([-0.5,  0.5]), size=array([1. , 0.1]), units='norm', vertices=ndarray(...), win=Window(...), windingRule=None)
11.4290 	EXP 	Created greenbar = Rect(__class__=<class 'psychopy.visual.rect.Rect'>, anchor=('left', 'center'), autoDraw=False, autoLog=True, closeShape=True, color=method-wrapper(...), colorSpace='rgb', contrast=None, depth=-2.0, draggable=False, fillColor=array([-1.    ,  0.0039, -1.    ]), fillColorSpace='rgb', fillRGB=array([-1.    ,  0.0039, -1.    ]), interpolate=True, lineColor=array([1., 1., 1.]), lineColorSpace='rgb', lineRGB=array([1, 1, 1]), lineWidth=1.0, name='greenbar', opacity=1, ori=0.0, pos=array([0.33333333, 0.7       ]), size=array([0.66666667, 0.1       ]), units='norm', vertices=ndarray(...), win=Window(...))
11.4295 	EXP 	Created yellowbar = Rect(__class__=<class 'psychopy.visual.rect.Rect'>, anchor=('left', 'center'), autoDraw=False, autoLog=True, closeShape=True, color=method-wrapper(...), colorSpace='rgb', contrast=None, depth=-3.0, draggable=False, fillColor=array([ 1.,  1., -1.]), fillColorSpace='rgb', fillRGB=array([ 1.,  1., -1.]), interpolate=True, lineColor=array([1., 1., 1.]), lineColorSpace='rgb', lineRGB=array([1, 1, 1]), lineWidth=1.0, name='yellowbar', opacity=1, ori=0.0, pos=array([-0.33333333,  0.7       ]), size=array([0.66666667, 0.1       ]), units='norm', vertices=ndarray(...), win=Window(...))
11.4300 	EXP 	Created redbar = Rect(__class__=<class 'psychopy.visual.rect.Rect'>, anchor=('left', 'center'), autoDraw=False, autoLog=True, closeShape=True, color=method-wrapper(...), colorSpace='rgb', contrast=None, depth=-4.0, draggable=False, fillColor=array([ 1., -1., -1.]), fillColorSpace='rgb', fillRGB=array([ 1., -1., -1.]), interpolate=True, lineColor=array([1., 1., 1.]), lineColorSpace='rgb', lineRGB=array([1, 1, 1]), lineWidth=1.0, name='redbar', opacity=1, ori=0.0, pos=array([-1. ,  0.7]), size=array([0.66666667, 0.1       ]), units='norm', vertices=ndarray(...), win=Window(...))
11.4307 	EXP 	Created arrow = ShapeStim(__class__=<class 'psychopy.visual.shape.ShapeStim'>, anchor=('center', 'center'), autoDraw=False, autoLog=True, closeShape=True, color=method-wrapper(...), colorSpace='rgb', contrast=None, depth=-5.0, draggable=False, fillColor=array([1, 1, 1]), fillColorSpace='rgb', fillRGB=array([1, 1, 1]), interpolate=True, lineColor=array([1., 1., 1.]), lineColorSpace='rgb', lineRGB=array([1, 1, 1]), lineWidth=1.0, name='arrow', opacity=1, ori=0.0, pos=array([0., 0.]), size=array([0.05, 0.05]), units='norm', vertices=ndarray(...), win=Window(...), windingRule=None)
11.5013 	EXP 	Created slider = Slider(__class__=<class 'psychopy.visual.slider.Slider'>, autoDraw=False, autoLog=True, borderColor=None, color=None, colorSpace='rgb', depth=-7, fillColor=None, flip=False, font='Noto Sans', granularity=1, labelColor=None, labelHeight=np.float64(0.05), labelWrapWidth=None, labels=(0, 1, 2, 3, 4, 5, 6, 7, 8, 9), lineColor=None, markerColor=None, name='slider', opacity=None, ori=0.0, pos=array([ 0. , -0.4]), readOnly=False, self=UNKNOWN, size=array([1. , 0.1]), startValue=None, style='choice', styleTweaks=[], ticks=array([0, 1, 2, 3, 4, 5, 6, 7, 8, 9]), units='norm', win=Window(...))
0.0027 	EXP 	equation_practice_1: autoLog = True
0.0027 	EXP 	slider_3: autoLog = True
0.0027 	EXP 	slider_3: styleTweaks = []
0.0027 	EXP 	slider_3: styleTweaks = []
0.0027 	EXP 	slider_3: styleTweaks = []
0.0027 	EXP 	slider_3: styleTweaks = []
0.0027 	EXP 	slider_3: contrast = 1.0
0.0027 	EXP 	slider_3: markerPos = None
0.0027 	EXP 	slider_3: autoLog = True
0.0027 	EXP 	feedback_practice_1: autoLog = True
0.0027 	EXP 	prog_3: direction = 'horizontal'
0.0027 	EXP 	prog_3: progress = 0.0
0.0027 	EXP 	textbox_5: autoLog = True
0.0027 	EXP 	slider_4: autoLog = True
0.0027 	EXP 	slider_4: styleTweaks = []
0.0027 	EXP 	slider_4: styleTweaks = []
0.0027 	EXP 	slider_4: styleTweaks = []
0.0027 	EXP 	slider_4: styleTweaks = []
0.0027 	EXP 	slider_4: contrast = 1.0
0.0027 	EXP 	slider_4: markerPos = None
0.0027 	EXP 	slider_4: autoLog = True
0.0027 	EXP 	feedback_practice_1: autoLog = True
0.0027 	EXP 	textbox_3: autoLog = True
0.0027 	EXP 	slider_training: autoLog = True
0.0027 	EXP 	slider_training: styleTweaks = []
0.0027 	EXP 	slider_training: styleTweaks = []
0.0027 	EXP 	slider_training: styleTweaks = []
0.0027 	EXP 	slider_training: styleTweaks = []
0.0027 	EXP 	slider_training: contrast = 1.0
0.0027 	EXP 	slider_training: markerPos = None
0.0027 	EXP 	slider_training: autoLog = True
0.0027 	EXP 	feedback_practice_1: autoLog = True
0.0027 	EXP 	prog: direction = 'horizontal'
0.0027 	EXP 	prog: progress = 0.0
0.0027 	EXP 	textbox: autoLog = True
0.0027 	EXP 	slider: autoLog = True
0.0027 	EXP 	slider: styleTweaks = []
0.0027 	EXP 	slider: styleTweaks = []
0.0027 	EXP 	slider: styleTweaks = []
0.0027 	EXP 	slider: styleTweaks = []
0.0027 	EXP 	slider: contrast = 1.0
0.0027 	EXP 	slider: markerPos = None
0.0027 	EXP 	slider: autoLog = True
0.0027 	EXP 	feedback_practice_1: autoLog = True
0.0096 	INFO 	Keyboard events cleared
0.0096 	EXP 	text: autoDraw = True
3.0523 	EXP 	Device response: <KeyPress from None: t=2.939909790999991, value=l, duration=None>
3.0541 	DATA 	Keypress: l
3.0563 	INFO 	Keyboard events cleared
3.0563 	EXP 	text: autoDraw = False
3.0563 	EXP 	intstructs: autoDraw = True
3.0617 	EXP 	Device response: <KeyPress from None: t=2.939909790999991, value=l, duration=0.12094249999972817>
4.0815 	EXP 	Device response: <KeyPress from None: t=4.077896666000015, value=space, duration=None>
4.0842 	DATA 	Keypress: space
4.0940 	DEBUG 	Read excel file with openpyxl: practice_difficulty.xlsx
4.0943 	EXP 	Imported practice_difficulty.xlsx as conditions, 3 conditions, 1 params
4.0951 	EXP 	New trial (rep=0, index=0): <Trial 0 (0 in rep 0) data={'prac_diff': 'easy1', 'thisN': 0, 'thisTrialN': 0, 'thisRepN': 0}>
4.0997 	EXP 	intstructs: autoDraw = False
4.0997 	EXP 	fix: autoDraw = True
4.2543 	EXP 	Device response: <KeyPress from None: t=4.077896666000015, value=space, duration=0.1630013340000005>
4.6073 	DEBUG 	Saving data for misty_module ExperimentHandler
4.6086 	INFO 	saved data to /Users/hackerman/misty_py/data/pilot_misty_module_2026-01-31_18h28.07.139.psydat
4.6092 	INFO 	saved data to '/Users/hackerman/misty_py/data/pilot_misty_module_2026-01-31_18h28.07.139.csv'
4.6110 	WARNING 	Stopping key buffers but this could be dangerous ifother keyboards rely on the same.
