8.6165 	WARNING 	Font Manager failed to load file /System/Library/PrivateFrameworks/FontServices.framework/Resources/Reserved/PingFangUI.ttc
8.6458 	WARNING 	Font Manager failed to load file /System/Library/PrivateFrameworks/FontServices.framework/Resources/Reserved/PingFangUI.ttc
10.1144 	DEBUG 	Fullscreen settings ignored as running in pilot mode.
10.1152 	INFO 	Loaded monitor calibration from ['2026_01_27 16:28']
10.2128 	INFO 	Using renderer 'Apple M4' for graphics
10.2129 	INFO 	OpenGL version supported by driver is 2..
10.2319 	EXP 	Created window1 = Window(allowGUI=False, allowStencil=True, autoLog=True, backendConf=UNKNOWN, backgroundFit=<method-wrapper '__getattribute__' of attributeSetter object at 0x1750ac0d0>, backgroundImage=<method-wrapper '__getattribute__' of attributeSetter object at 0x1750ac130>, bitsMode=UNKNOWN, blendMode='avg', bpc=(8, 8, 8), color=array([0, 0, 0]), colorSpace='rgb', depthBits=8, fullscr=False, gamma=None, gammaErrorPolicy='raise', infoMsg=UNKNOWN, lms=UNKNOWN, monitor=<psychopy.monitors.calibTools.Monitor object at 0x175079450>, multiSample=False, name='window1', numSamples=2, pos=[np.float64(560.0), np.float64(240.0)], screen=0, size=array([800, 600]), stencilBits=8, stereo=False, title='PsychoPy', units='height', useFBO=True, useRetina=False, viewOri=0.0, viewPos=None, viewScale=None, waitBlanking=True, winType='pyglet')
10.2320 	EXP 	window1: backgroundImage = ''
10.2320 	EXP 	window1: backgroundFit = 'none'
10.2467 	DEBUG 	TextBox2 loaded 1 chars with 0 blanks and 1 valid
10.2544 	DEBUG 	TextBox2 loaded 1 chars with 0 blanks and 1 valid
10.2621 	DEBUG 	TextBox2 loaded 1 chars with 0 blanks and 1 valid
10.2700 	DEBUG 	TextBox2 loaded 1 chars with 0 blanks and 1 valid
10.2778 	DEBUG 	TextBox2 loaded 1 chars with 0 blanks and 1 valid
10.2855 	DEBUG 	TextBox2 loaded 1 chars with 0 blanks and 1 valid
10.2933 	DEBUG 	TextBox2 loaded 1 chars with 0 blanks and 1 valid
10.3012 	DEBUG 	TextBox2 loaded 1 chars with 0 blanks and 1 valid
10.3087 	DEBUG 	TextBox2 loaded 1 chars with 0 blanks and 1 valid
10.3162 	DEBUG 	TextBox2 loaded 1 chars with 0 blanks and 1 valid
10.3240 	DEBUG 	TextBox2 loaded 1 chars with 0 blanks and 1 valid
10.3318 	DEBUG 	TextBox2 loaded 1 chars with 0 blanks and 1 valid
10.3395 	DEBUG 	TextBox2 loaded 1 chars with 0 blanks and 1 valid
10.3474 	DEBUG 	TextBox2 loaded 1 chars with 0 blanks and 1 valid
10.3551 	DEBUG 	TextBox2 loaded 1 chars with 0 blanks and 1 valid
10.3630 	DEBUG 	TextBox2 loaded 1 chars with 0 blanks and 1 valid
10.3708 	DEBUG 	TextBox2 loaded 1 chars with 0 blanks and 1 valid
10.3784 	DEBUG 	TextBox2 loaded 1 chars with 0 blanks and 1 valid
10.3860 	DEBUG 	TextBox2 loaded 1 chars with 0 blanks and 1 valid
10.3940 	DEBUG 	TextBox2 loaded 1 chars with 0 blanks and 1 valid
10.4016 	DEBUG 	TextBox2 loaded 1 chars with 0 blanks and 1 valid
10.4018 	DEBUG 	Uploading Texture Font fontname to graphics card
10.4045 	DEBUG 	Upload of Texture Font fontname complete
10.4150 	DEBUG 	TextBox2 loaded 1 chars with 0 blanks and 1 valid
10.4228 	DEBUG 	TextBox2 loaded 1 chars with 0 blanks and 1 valid
10.4305 	DEBUG 	TextBox2 loaded 1 chars with 0 blanks and 1 valid
10.4306 	DEBUG 	Uploading Texture Font fontname to graphics card
10.4321 	DEBUG 	Upload of Texture Font fontname complete
10.4330 	EXP 	window1: Attempting to measure frame rate of screen (0) ...
10.4330 	EXP 	window1: recordFrameIntervals = False
10.5769 	EXP 	window1: recordFrameIntervals = True
10.7241 	EXP 	Screen (0) actual frame rate measured at 74.57Hz
10.7242 	EXP 	window1: recordFrameIntervals = False
10.7502 	DEBUG 	TextBox2 loaded 1 chars with 0 blanks and 1 valid
10.7629 	DEBUG 	TextBox2 loaded 1 chars with 0 blanks and 1 valid
10.7740 	DEBUG 	TextBox2 loaded 1 chars with 0 blanks and 1 valid
10.7841 	DEBUG 	TextBox2 loaded 1 chars with 0 blanks and 1 valid
10.7933 	DEBUG 	TextBox2 loaded 1 chars with 0 blanks and 1 valid
10.8021 	DEBUG 	TextBox2 loaded 1 chars with 0 blanks and 1 valid
10.8100 	DEBUG 	TextBox2 loaded 1 chars with 0 blanks and 1 valid
10.8182 	DEBUG 	TextBox2 loaded 1 chars with 0 blanks and 1 valid
10.8259 	DEBUG 	TextBox2 loaded 1 chars with 0 blanks and 1 valid
10.8336 	DEBUG 	TextBox2 loaded 1 chars with 0 blanks and 1 valid
10.8338 	DEBUG 	Uploading Texture Font fontname to graphics card
10.8355 	DEBUG 	Upload of Texture Font fontname complete
11.7899 	INFO 	keyboard.Keyboard is using ptb backend.
11.7900 	EXP 	misty_module: status = STARTED
11.8222 	EXP 	Created text = TextStim(__class__=<class 'psychopy.visual.text.TextStim'>, alignHoriz=method-wrapper(...), alignText='center', alignVert=method-wrapper(...), anchorHoriz='center', anchorVert='center', antialias=True, autoDraw=False, autoLog=True, bold=False, color=array([1., 1., 1.]), colorSpace='rgb', contrast=1.0, depth=0.0, draggable=False, flipHoriz=False, flipVert=False, font='Arial', fontFiles=[], height=np.float64(0.05), italic=False, languageStyle='LTR', name='text', opacity=1, ori=0.0, pos=array([0., 0.]), rgb=UNKNOWN, text=str(...), units='height', win=Window(...), wrapWidth=1)
11.8276 	DEBUG 	Saving data for misty_module ExperimentHandler
11.8278 	INFO 	saved data to /Users/hackerman/misty_py/data/pilot_misty_module_2026-01-31_18h24.58.115.psydat
11.8279 	INFO 	saved data to '/Users/hackerman/misty_py/data/pilot_misty_module_2026-01-31_18h24.58.115.csv'
11.8287 	WARNING 	Stopping key buffers but this could be dangerous ifother keyboards rely on the same.
