10.7236 	WARNING 	Font Manager failed to load file /System/Library/PrivateFrameworks/FontServices.framework/Resources/Reserved/PingFangUI.ttc
10.7721 	WARNING 	Font Manager failed to load file /System/Library/PrivateFrameworks/FontServices.framework/Resources/Reserved/PingFangUI.ttc
12.2390 	DEBUG 	Fullscreen settings ignored as running in pilot mode.
12.2399 	INFO 	Loaded monitor calibration from ['2026_01_21 12:15']
12.3456 	INFO 	Using renderer 'Apple M4' for graphics
12.3456 	INFO 	OpenGL version supported by driver is 2..
12.3651 	EXP 	Created window1 = Window(allowGUI=False, allowStencil=True, autoLog=True, backendConf=UNKNOWN, backgroundFit=<method-wrapper '__getattribute__' of attributeSetter object at 0x17922d7e0>, backgroundImage=<method-wrapper '__getattribute__' of attributeSetter object at 0x17922d780>, bitsMode=UNKNOWN, blendMode='avg', bpc=(8, 8, 8), color=array([0, 0, 0]), colorSpace='rgb', depthBits=8, fullscr=False, gamma=None, gammaErrorPolicy='raise', infoMsg=UNKNOWN, lms=UNKNOWN, monitor=<psychopy.monitors.calibTools.Monitor object at 0x1797a3790>, multiSample=False, name='window1', numSamples=2, pos=[np.float64(335.0), np.float64(178.0)], screen=0, size=array([1600, 1200]), stencilBits=8, stereo=False, title='PsychoPy', units='height', useFBO=True, useRetina=True, viewOri=0.0, viewPos=None, viewScale=None, waitBlanking=True, winType='pyglet')
12.3651 	EXP 	window1: backgroundImage = ''
12.3651 	EXP 	window1: backgroundFit = 'none'
12.3790 	DEBUG 	TextBox2 loaded 1 chars with 0 blanks and 1 valid
12.3873 	DEBUG 	TextBox2 loaded 1 chars with 0 blanks and 1 valid
12.3956 	DEBUG 	TextBox2 loaded 1 chars with 0 blanks and 1 valid
12.4041 	DEBUG 	TextBox2 loaded 1 chars with 0 blanks and 1 valid
12.4125 	DEBUG 	TextBox2 loaded 1 chars with 0 blanks and 1 valid
12.4206 	DEBUG 	TextBox2 loaded 1 chars with 0 blanks and 1 valid
12.4290 	DEBUG 	TextBox2 loaded 1 chars with 0 blanks and 1 valid
12.4374 	DEBUG 	TextBox2 loaded 1 chars with 0 blanks and 1 valid
12.4455 	DEBUG 	TextBox2 loaded 1 chars with 0 blanks and 1 valid
12.4536 	DEBUG 	TextBox2 loaded 1 chars with 0 blanks and 1 valid
12.4619 	DEBUG 	TextBox2 loaded 1 chars with 0 blanks and 1 valid
12.4702 	DEBUG 	TextBox2 loaded 1 chars with 0 blanks and 1 valid
12.4785 	DEBUG 	TextBox2 loaded 1 chars with 0 blanks and 1 valid
12.4868 	DEBUG 	TextBox2 loaded 1 chars with 0 blanks and 1 valid
12.4951 	DEBUG 	TextBox2 loaded 1 chars with 0 blanks and 1 valid
12.5034 	DEBUG 	TextBox2 loaded 1 chars with 0 blanks and 1 valid
12.5118 	DEBUG 	TextBox2 loaded 1 chars with 0 blanks and 1 valid
12.5199 	DEBUG 	TextBox2 loaded 1 chars with 0 blanks and 1 valid
12.5281 	DEBUG 	TextBox2 loaded 1 chars with 0 blanks and 1 valid
12.5366 	DEBUG 	TextBox2 loaded 1 chars with 0 blanks and 1 valid
12.5448 	DEBUG 	TextBox2 loaded 1 chars with 0 blanks and 1 valid
12.5449 	DEBUG 	Uploading Texture Font fontname to graphics card
12.5479 	DEBUG 	Upload of Texture Font fontname complete
12.5589 	DEBUG 	TextBox2 loaded 1 chars with 0 blanks and 1 valid
12.5672 	DEBUG 	TextBox2 loaded 1 chars with 0 blanks and 1 valid
12.5754 	DEBUG 	TextBox2 loaded 1 chars with 0 blanks and 1 valid
12.5755 	DEBUG 	Uploading Texture Font fontname to graphics card
12.5770 	DEBUG 	Upload of Texture Font fontname complete
12.5780 	EXP 	window1: Attempting to measure frame rate of screen (0) ...
12.5780 	EXP 	window1: recordFrameIntervals = False
12.6972 	EXP 	window1: recordFrameIntervals = True
13.5442 	WARNING 	Couldn't measure a consistent frame rate!
  - Is your graphics card set to sync to vertical blank?
  - Are you running other processes on your computer?

13.5675 	DEBUG 	TextBox2 loaded 1 chars with 0 blanks and 1 valid
13.5796 	DEBUG 	TextBox2 loaded 1 chars with 0 blanks and 1 valid
13.5901 	DEBUG 	TextBox2 loaded 1 chars with 0 blanks and 1 valid
13.5998 	DEBUG 	TextBox2 loaded 1 chars with 0 blanks and 1 valid
13.6089 	DEBUG 	TextBox2 loaded 1 chars with 0 blanks and 1 valid
13.6175 	DEBUG 	TextBox2 loaded 1 chars with 0 blanks and 1 valid
13.6255 	DEBUG 	TextBox2 loaded 1 chars with 0 blanks and 1 valid
13.6335 	DEBUG 	TextBox2 loaded 1 chars with 0 blanks and 1 valid
13.6415 	DEBUG 	TextBox2 loaded 1 chars with 0 blanks and 1 valid
13.6495 	DEBUG 	TextBox2 loaded 1 chars with 0 blanks and 1 valid
13.6497 	DEBUG 	Uploading Texture Font fontname to graphics card
13.6513 	DEBUG 	Upload of Texture Font fontname complete
14.1950 	INFO 	keyboard.Keyboard is using ptb backend.
14.1950 	EXP 	misty_module: status = STARTED
14.2287 	EXP 	Created text = TextStim(__class__=<class 'psychopy.visual.text.TextStim'>, alignHoriz=method-wrapper(...), alignText='center', alignVert=method-wrapper(...), anchorHoriz='center', anchorVert='center', antialias=True, autoDraw=False, autoLog=True, bold=False, color=array([1., 1., 1.]), colorSpace='rgb', contrast=1.0, depth=-1.0, draggable=False, flipHoriz=False, flipVert=False, font='Arial', fontFiles=[], height=np.float64(0.05), italic=False, languageStyle='LTR', name='text', opacity=1, ori=0.0, pos=array([0., 0.]), rgb=UNKNOWN, text=str(...), units='height', win=Window(...), wrapWidth=1)
14.2362 	EXP 	Created intstructs = TextStim(__class__=<class 'psychopy.visual.text.TextStim'>, alignHoriz=method-wrapper(...), alignText='center', alignVert=method-wrapper(...), anchorHoriz='center', anchorVert='center', antialias=True, autoDraw=False, autoLog=True, bold=False, color=array([1., 1., 1.]), colorSpace='rgb', contrast=1.0, depth=0.0, draggable=False, flipHoriz=False, flipVert=False, font='Arial', fontFiles=[], height=np.float64(0.05), italic=False, languageStyle='LTR', name='intstructs', opacity=1, ori=0.0, pos=array([0., 0.]), rgb=UNKNOWN, text=str(...), units='height', win=Window(...), wrapWidth=1)
14.2384 	EXP 	Created fix = TextStim(__class__=<class 'psychopy.visual.text.TextStim'>, alignHoriz=method-wrapper(...), alignText='center', alignVert=method-wrapper(...), anchorHoriz='center', anchorVert='center', antialias=True, autoDraw=False, autoLog=True, bold=False, color=array([1., 1., 1.]), colorSpace='rgb', contrast=1.0, depth=-1.0, draggable=False, flipHoriz=False, flipVert=False, font='Open Sans', fontFiles=[], height=np.float64(0.1), italic=False, languageStyle='LTR', name='fix', opacity=1, ori=0.0, pos=array([0., 0.]), rgb=UNKNOWN, text='+', units='height', win=Window(...), wrapWidth=1)
14.2442 	DEBUG 	TextBox2 loaded 1 chars with 0 blanks and 1 valid
14.2448 	DEBUG 	TextBox2 loaded 1 chars with 0 blanks and 1 valid
14.2454 	DEBUG 	TextBox2 loaded 1 chars with 0 blanks and 1 valid
14.2459 	DEBUG 	TextBox2 loaded 1 chars with 0 blanks and 1 valid
14.2462 	DEBUG 	TextBox2 loaded 1 chars with 0 blanks and 1 valid
14.2464 	DEBUG 	TextBox2 loaded 1 chars with 0 blanks and 1 valid
14.2469 	DEBUG 	TextBox2 loaded 1 chars with 0 blanks and 1 valid
14.2474 	DEBUG 	TextBox2 loaded 1 chars with 0 blanks and 1 valid
14.2476 	DEBUG 	TextBox2 loaded 1 chars with 0 blanks and 1 valid
14.2477 	DEBUG 	Uploading Texture Font fontname to graphics card
14.2498 	DEBUG 	Upload of Texture Font fontname complete
14.2714 	DEBUG 	TextBox2 loaded 1 chars with 0 blanks and 1 valid
14.2715 	DEBUG 	Uploading Texture Font fontname to graphics card
14.2736 	DEBUG 	Upload of Texture Font fontname complete
14.2842 	DEBUG 	TextBox2 loaded 1 chars with 0 blanks and 1 valid
14.2922 	DEBUG 	TextBox2 loaded 1 chars with 0 blanks and 1 valid
14.3002 	DEBUG 	TextBox2 loaded 1 chars with 0 blanks and 1 valid
14.3081 	DEBUG 	TextBox2 loaded 1 chars with 0 blanks and 1 valid
14.3160 	DEBUG 	TextBox2 loaded 1 chars with 0 blanks and 1 valid
14.3238 	DEBUG 	TextBox2 loaded 1 chars with 0 blanks and 1 valid
14.3317 	DEBUG 	TextBox2 loaded 1 chars with 0 blanks and 1 valid
14.3396 	DEBUG 	TextBox2 loaded 1 chars with 0 blanks and 1 valid
14.3476 	DEBUG 	TextBox2 loaded 1 chars with 0 blanks and 1 valid
14.3554 	DEBUG 	TextBox2 loaded 1 chars with 0 blanks and 1 valid
14.3555 	DEBUG 	Uploading Texture Font fontname to graphics card
14.3570 	DEBUG 	Upload of Texture Font fontname complete
14.3674 	DEBUG 	TextBox2 loaded 1 chars with 0 blanks and 1 valid
14.3675 	DEBUG 	Uploading Texture Font fontname to graphics card
14.3690 	DEBUG 	Upload of Texture Font fontname complete
14.3819 	DEBUG 	TextBox2 loaded 1 chars with 0 blanks and 1 valid
14.3820 	DEBUG 	Uploading Texture Font fontname to graphics card
14.3835 	DEBUG 	Upload of Texture Font fontname complete
14.3963 	DEBUG 	TextBox2 loaded 1 chars with 0 blanks and 1 valid
14.3964 	DEBUG 	Uploading Texture Font fontname to graphics card
14.3979 	DEBUG 	Upload of Texture Font fontname complete
14.4107 	DEBUG 	TextBox2 loaded 1 chars with 0 blanks and 1 valid
14.4108 	DEBUG 	Uploading Texture Font fontname to graphics card
14.4122 	DEBUG 	Upload of Texture Font fontname complete
14.4250 	DEBUG 	TextBox2 loaded 1 chars with 0 blanks and 1 valid
14.4251 	DEBUG 	Uploading Texture Font fontname to graphics card
14.4266 	DEBUG 	Upload of Texture Font fontname complete
14.4394 	DEBUG 	TextBox2 loaded 1 chars with 0 blanks and 1 valid
14.4394 	DEBUG 	Uploading Texture Font fontname to graphics card
14.4409 	DEBUG 	Upload of Texture Font fontname complete
14.4537 	DEBUG 	TextBox2 loaded 1 chars with 0 blanks and 1 valid
14.4538 	DEBUG 	Uploading Texture Font fontname to graphics card
14.4552 	DEBUG 	Upload of Texture Font fontname complete
14.4680 	DEBUG 	TextBox2 loaded 1 chars with 0 blanks and 1 valid
14.4681 	DEBUG 	Uploading Texture Font fontname to graphics card
14.4696 	DEBUG 	Upload of Texture Font fontname complete
14.4824 	DEBUG 	TextBox2 loaded 1 chars with 0 blanks and 1 valid
14.4825 	DEBUG 	Uploading Texture Font fontname to graphics card
14.4840 	DEBUG 	Upload of Texture Font fontname complete
14.5062 	EXP 	Created slider_3 = Slider(__class__=<class 'psychopy.visual.slider.Slider'>, autoDraw=False, autoLog=True, borderColor=None, color=None, colorSpace='rgb', depth=-2, fillColor=None, flip=False, font='Noto Sans', granularity=1, labelColor=None, labelHeight=np.float64(0.05), labelWrapWidth=None, labels=(0, 1, 2, 3, 4, 5, 6, 7, 8, 9), lineColor=None, markerColor=None, name='slider_3', opacity=None, ori=0.0, pos=array([ 0. , -0.4]), readOnly=False, self=UNKNOWN, size=array([1. , 0.1]), startValue=None, style='choice', styleTweaks=[], ticks=array([0, 1, 2, 3, 4, 5, 6, 7, 8, 9]), units='norm', win=Window(...))
14.5132 	EXP 	Created text_2 = TextStim(__class__=<class 'psychopy.visual.text.TextStim'>, alignHoriz=method-wrapper(...), alignText='center', alignVert=method-wrapper(...), anchorHoriz='center', anchorVert='center', antialias=True, autoDraw=False, autoLog=True, bold=False, color=array([1., 1., 1.]), colorSpace='rgb', contrast=1.0, depth=0.0, draggable=False, flipHoriz=False, flipVert=False, font='Arial', fontFiles=[], height=np.float64(0.05), italic=False, languageStyle='LTR', name='text_2', opacity=1, ori=0.0, pos=array([0., 0.]), rgb=UNKNOWN, text=str(...), units='height', win=Window(...), wrapWidth=1)
14.5140 	EXP 	Created fix = TextStim(__class__=<class 'psychopy.visual.text.TextStim'>, alignHoriz=method-wrapper(...), alignText='center', alignVert=method-wrapper(...), anchorHoriz='center', anchorVert='center', antialias=True, autoDraw=False, autoLog=True, bold=False, color=array([1., 1., 1.]), colorSpace='rgb', contrast=1.0, depth=-1.0, draggable=False, flipHoriz=False, flipVert=False, font='Open Sans', fontFiles=[], height=np.float64(0.1), italic=False, languageStyle='LTR', name='fix', opacity=1, ori=0.0, pos=array([0., 0.]), rgb=UNKNOWN, text='+', units='height', win=Window(...), wrapWidth=1)
14.5162 	EXP 	Created prog_3 = Progress(__class__=<class 'psychopy.visual.progress.Progress'>, anchor=('left', 'top'), autoDraw=False, autoLog=True, closeShape=True, color=method-wrapper(...), colorSpace='rgb', contrast=None, depth=-1, draggable=False, fillColor=array([-1.    ,  0.5373, -1.    ]), fillColorSpace='rgb', fillRGB=array([-1.    ,  0.5373, -1.    ]), interpolate=True, lineColor=array([1., 1., 1.]), lineColorSpace='rgb', lineRGB=array([1, 1, 1]), lineWidth=4.0, name='prog_3', opacity=1.0, ori=0.0, pos=array([-0.5,  0.5]), size=array([1. , 0.1]), units='norm', vertices=ndarray(...), win=Window(...), windingRule=None)
14.5170 	EXP 	Created prog_3Bar = ShapeStim(__class__=<class 'psychopy.visual.shape.ShapeStim'>, anchor=('left', 'top'), autoDraw=False, autoLog=True, closeShape=True, color=method-wrapper(...), colorSpace='rgb', contrast=None, depth=-1, draggable=False, fillColor=array([ 1., -1., -1.]), fillColorSpace='rgb', fillRGB=array([ 1., -1., -1.]), interpolate=True, lineColor=array([0., 0., 0.]), lineColorSpace='rgb', lineRGB=array([0, 0, 0]), lineWidth=1.5, name='prog_3Bar', opacity=1.0, ori=0.0, pos=array([-0.5,  0.5]), size=array([1. , 0.1]), units='norm', vertices=ndarray(...), win=Window(...), windingRule=None)
14.5176 	EXP 	Created redbar_3 = Rect(__class__=<class 'psychopy.visual.rect.Rect'>, anchor=('left', 'center'), autoDraw=False, autoLog=True, closeShape=True, color=method-wrapper(...), colorSpace='rgb', contrast=None, depth=-2.0, draggable=False, fillColor=array([ 1., -1., -1.]), fillColorSpace='rgb', fillRGB=array([ 1., -1., -1.]), interpolate=True, lineColor=array([1., 1., 1.]), lineColorSpace='rgb', lineRGB=array([1, 1, 1]), lineWidth=1.0, name='redbar_3', opacity=1, ori=0.0, pos=array([-1. ,  0.7]), size=array([2. , 0.1]), units='norm', vertices=ndarray(...), win=Window(...))
14.5181 	EXP 	Created yellowbar_3 = Rect(__class__=<class 'psychopy.visual.rect.Rect'>, anchor=('left', 'center'), autoDraw=False, autoLog=True, closeShape=True, color=method-wrapper(...), colorSpace='rgb', contrast=None, depth=-3.0, draggable=False, fillColor=array([ 1.,  1., -1.]), fillColorSpace='rgb', fillRGB=array([ 1.,  1., -1.]), interpolate=True, lineColor=array([1., 1., 1.]), lineColorSpace='rgb', lineRGB=array([1, 1, 1]), lineWidth=1.0, name='yellowbar_3', opacity=1, ori=0.0, pos=array([0. , 0.7]), size=array([1. , 0.1]), units='norm', vertices=ndarray(...), win=Window(...))
14.5186 	EXP 	Created greenbar_3 = Rect(__class__=<class 'psychopy.visual.rect.Rect'>, anchor=('left', 'center'), autoDraw=False, autoLog=True, closeShape=True, color=method-wrapper(...), colorSpace='rgb', contrast=None, depth=-4.0, draggable=False, fillColor=array([-1.    ,  0.0039, -1.    ]), fillColorSpace='rgb', fillRGB=array([-1.    ,  0.0039, -1.    ]), interpolate=True, lineColor=array([1., 1., 1.]), lineColorSpace='rgb', lineRGB=array([1, 1, 1]), lineWidth=1.0, name='greenbar_3', opacity=1, ori=0.0, pos=array([0.7, 0.7]), size=array([0.3, 0.1]), units='norm', vertices=ndarray(...), win=Window(...))
14.5194 	EXP 	Created arrow_3 = ShapeStim(__class__=<class 'psychopy.visual.shape.ShapeStim'>, anchor=('center', 'center'), autoDraw=False, autoLog=True, closeShape=True, color=method-wrapper(...), colorSpace='rgb', contrast=None, depth=-5.0, draggable=False, fillColor=array([1, 1, 1]), fillColorSpace='rgb', fillRGB=array([1, 1, 1]), interpolate=True, lineColor=array([1., 1., 1.]), lineColorSpace='rgb', lineRGB=array([1, 1, 1]), lineWidth=1.0, name='arrow_3', opacity=1, ori=0.0, pos=array([0., 0.]), size=array([0.05, 0.05]), units='norm', vertices=ndarray(...), win=Window(...), windingRule=None)
14.5203 	EXP 	Created arrow_4 = ShapeStim(__class__=<class 'psychopy.visual.shape.ShapeStim'>, anchor=('center', 'center'), autoDraw=False, autoLog=True, closeShape=True, color=method-wrapper(...), colorSpace='rgb', contrast=None, depth=-6.0, draggable=False, fillColor=array([1, 1, 1]), fillColorSpace='rgb', fillRGB=array([1, 1, 1]), interpolate=True, lineColor=array([1., 1., 1.]), lineColorSpace='rgb', lineRGB=array([1, 1, 1]), lineWidth=1.0, name='arrow_4', opacity=1, ori=0.0, pos=array([0., 0.]), size=array([0.05, 0.05]), units='norm', vertices=ndarray(...), win=Window(...), windingRule=None)
14.5235 	DEBUG 	TextBox2 loaded 1 chars with 0 blanks and 1 valid
14.5239 	DEBUG 	TextBox2 loaded 1 chars with 0 blanks and 1 valid
14.5241 	DEBUG 	TextBox2 loaded 1 chars with 0 blanks and 1 valid
14.5245 	DEBUG 	TextBox2 loaded 1 chars with 0 blanks and 1 valid
14.5247 	DEBUG 	TextBox2 loaded 1 chars with 0 blanks and 1 valid
14.5250 	DEBUG 	TextBox2 loaded 1 chars with 0 blanks and 1 valid
14.5251 	DEBUG 	Uploading Texture Font fontname to graphics card
14.5273 	DEBUG 	Upload of Texture Font fontname complete
14.5303 	DEBUG 	TextBox2 loaded 1 chars with 0 blanks and 1 valid
14.5306 	DEBUG 	TextBox2 loaded 1 chars with 0 blanks and 1 valid
14.5309 	DEBUG 	TextBox2 loaded 1 chars with 0 blanks and 1 valid
14.5311 	DEBUG 	TextBox2 loaded 1 chars with 0 blanks and 1 valid
14.5314 	DEBUG 	TextBox2 loaded 1 chars with 0 blanks and 1 valid
14.5317 	DEBUG 	TextBox2 loaded 1 chars with 0 blanks and 1 valid
14.5317 	DEBUG 	Uploading Texture Font fontname to graphics card
14.5333 	DEBUG 	Upload of Texture Font fontname complete
14.5361 	DEBUG 	TextBox2 loaded 1 chars with 0 blanks and 1 valid
14.5364 	DEBUG 	TextBox2 loaded 1 chars with 0 blanks and 1 valid
14.5367 	DEBUG 	TextBox2 loaded 1 chars with 0 blanks and 1 valid
14.5368 	DEBUG 	Uploading Texture Font fontname to graphics card
14.5383 	DEBUG 	Upload of Texture Font fontname complete
14.6124 	EXP 	Created slider_4 = Slider(__class__=<class 'psychopy.visual.slider.Slider'>, autoDraw=False, autoLog=True, borderColor=None, color=None, colorSpace='rgb', depth=-9, fillColor=None, flip=False, font='Noto Sans', granularity=1, labelColor=None, labelHeight=np.float64(0.05), labelWrapWidth=None, labels=(0, 1, 2, 3, 4, 5, 6, 7, 8, 9), lineColor=None, markerColor=None, name='slider_4', opacity=None, ori=0.0, pos=array([ 0. , -0.4]), readOnly=False, self=UNKNOWN, size=array([1. , 0.1]), startValue=None, style='choice', styleTweaks=[], ticks=array([0, 1, 2, 3, 4, 5, 6, 7, 8, 9]), units='norm', win=Window(...))
14.6228 	EXP 	Created text_3 = TextStim(__class__=<class 'psychopy.visual.text.TextStim'>, alignHoriz=method-wrapper(...), alignText='center', alignVert=method-wrapper(...), anchorHoriz='center', anchorVert='center', antialias=True, autoDraw=False, autoLog=True, bold=False, color=array([1., 1., 1.]), colorSpace='rgb', contrast=1.0, depth=0.0, draggable=False, flipHoriz=False, flipVert=False, font='Arial', fontFiles=[], height=np.float64(0.05), italic=False, languageStyle='LTR', name='text_3', opacity=1, ori=0.0, pos=array([0., 0.]), rgb=UNKNOWN, text='Training instructions here', units='height', win=Window(...), wrapWidth=1)
14.6236 	EXP 	Created fix = TextStim(__class__=<class 'psychopy.visual.text.TextStim'>, alignHoriz=method-wrapper(...), alignText='center', alignVert=method-wrapper(...), anchorHoriz='center', anchorVert='center', antialias=True, autoDraw=False, autoLog=True, bold=False, color=array([1., 1., 1.]), colorSpace='rgb', contrast=1.0, depth=-1.0, draggable=False, flipHoriz=False, flipVert=False, font='Open Sans', fontFiles=[], height=np.float64(0.1), italic=False, languageStyle='LTR', name='fix', opacity=1, ori=0.0, pos=array([0., 0.]), rgb=UNKNOWN, text='+', units='height', win=Window(...), wrapWidth=1)
14.6970 	EXP 	Created slider_training = Slider(__class__=<class 'psychopy.visual.slider.Slider'>, autoDraw=False, autoLog=True, borderColor=None, color=None, colorSpace='rgb', depth=-2, fillColor=None, flip=False, font='Noto Sans', granularity=1, labelColor=None, labelHeight=np.float64(0.05), labelWrapWidth=None, labels=(0, 1, 2, 3, 4, 5, 6, 7, 8, 9), lineColor=None, markerColor=None, name='slider_training', opacity=None, ori=0.0, pos=array([ 0. , -0.4]), readOnly=False, self=UNKNOWN, size=array([1. , 0.1]), startValue=None, style='choice', styleTweaks=[], ticks=array([0, 1, 2, 3, 4, 5, 6, 7, 8, 9]), units='norm', win=Window(...))
14.7039 	EXP 	Created text_4 = TextStim(__class__=<class 'psychopy.visual.text.TextStim'>, alignHoriz=method-wrapper(...), alignText='center', alignVert=method-wrapper(...), anchorHoriz='center', anchorVert='center', antialias=True, autoDraw=False, autoLog=True, bold=False, color=array([1., 1., 1.]), colorSpace='rgb', contrast=1.0, depth=0.0, draggable=False, flipHoriz=False, flipVert=False, font='Arial', fontFiles=[], height=np.float64(0.05), italic=False, languageStyle='LTR', name='text_4', opacity=1, ori=0.0, pos=array([0., 0.]), rgb=UNKNOWN, text='Please press space to move onto the next block', units='height', win=Window(...), wrapWidth=1)
14.7055 	EXP 	Created text_6 = TextStim(__class__=<class 'psychopy.visual.text.TextStim'>, alignHoriz=method-wrapper(...), alignText='center', alignVert=method-wrapper(...), anchorHoriz='center', anchorVert='center', antialias=True, autoDraw=False, autoLog=True, bold=False, color=array([1., 1., 1.]), colorSpace='rgb', contrast=1.0, depth=0.0, draggable=False, flipHoriz=False, flipVert=False, font='Arial', fontFiles=[], height=np.float64(0.05), italic=False, languageStyle='LTR', name='text_6', opacity=1, ori=0.0, pos=array([0., 0.]), rgb=UNKNOWN, text='Press Space to Start experiment', units='height', win=Window(...), wrapWidth=1)
14.7062 	EXP 	Created fix = TextStim(__class__=<class 'psychopy.visual.text.TextStim'>, alignHoriz=method-wrapper(...), alignText='center', alignVert=method-wrapper(...), anchorHoriz='center', anchorVert='center', antialias=True, autoDraw=False, autoLog=True, bold=False, color=array([1., 1., 1.]), colorSpace='rgb', contrast=1.0, depth=-1.0, draggable=False, flipHoriz=False, flipVert=False, font='Open Sans', fontFiles=[], height=np.float64(0.1), italic=False, languageStyle='LTR', name='fix', opacity=1, ori=0.0, pos=array([0., 0.]), rgb=UNKNOWN, text='+', units='height', win=Window(...), wrapWidth=1)
14.7070 	EXP 	Created prog = Progress(__class__=<class 'psychopy.visual.progress.Progress'>, anchor=('left', 'top'), autoDraw=False, autoLog=True, closeShape=True, color=method-wrapper(...), colorSpace='rgb', contrast=None, depth=-1, draggable=False, fillColor=array([-1.    ,  0.5373, -1.    ]), fillColorSpace='rgb', fillRGB=array([-1.    ,  0.5373, -1.    ]), interpolate=True, lineColor=array([1., 1., 1.]), lineColorSpace='rgb', lineRGB=array([1, 1, 1]), lineWidth=4.0, name='prog', opacity=1.0, ori=0.0, pos=array([-0.5,  0.5]), size=array([1. , 0.1]), units='norm', vertices=ndarray(...), win=Window(...), windingRule=None)
14.7077 	EXP 	Created progBar = ShapeStim(__class__=<class 'psychopy.visual.shape.ShapeStim'>, anchor=('left', 'top'), autoDraw=False, autoLog=True, closeShape=True, color=method-wrapper(...), colorSpace='rgb', contrast=None, depth=-1, draggable=False, fillColor=array([ 1., -1., -1.]), fillColorSpace='rgb', fillRGB=array([ 1., -1., -1.]), interpolate=True, lineColor=array([0., 0., 0.]), lineColorSpace='rgb', lineRGB=array([0, 0, 0]), lineWidth=1.5, name='progBar', opacity=1.0, ori=0.0, pos=array([-0.5,  0.5]), size=array([1. , 0.1]), units='norm', vertices=ndarray(...), win=Window(...), windingRule=None)
14.7083 	EXP 	Created redbar = Rect(__class__=<class 'psychopy.visual.rect.Rect'>, anchor=('left', 'center'), autoDraw=False, autoLog=True, closeShape=True, color=method-wrapper(...), colorSpace='rgb', contrast=None, depth=-2.0, draggable=False, fillColor=array([ 1., -1., -1.]), fillColorSpace='rgb', fillRGB=array([ 1., -1., -1.]), interpolate=True, lineColor=array([1., 1., 1.]), lineColorSpace='rgb', lineRGB=array([1, 1, 1]), lineWidth=1.0, name='redbar', opacity=1, ori=0.0, pos=array([-1. ,  0.7]), size=array([2. , 0.1]), units='norm', vertices=ndarray(...), win=Window(...))
14.7088 	EXP 	Created yellowbar = Rect(__class__=<class 'psychopy.visual.rect.Rect'>, anchor=('left', 'center'), autoDraw=False, autoLog=True, closeShape=True, color=method-wrapper(...), colorSpace='rgb', contrast=None, depth=-3.0, draggable=False, fillColor=array([ 1.,  1., -1.]), fillColorSpace='rgb', fillRGB=array([ 1.,  1., -1.]), interpolate=True, lineColor=array([1., 1., 1.]), lineColorSpace='rgb', lineRGB=array([1, 1, 1]), lineWidth=1.0, name='yellowbar', opacity=1, ori=0.0, pos=array([0. , 0.7]), size=array([1. , 0.1]), units='norm', vertices=ndarray(...), win=Window(...))
14.7094 	EXP 	Created greenbar = Rect(__class__=<class 'psychopy.visual.rect.Rect'>, anchor=('left', 'center'), autoDraw=False, autoLog=True, closeShape=True, color=method-wrapper(...), colorSpace='rgb', contrast=None, depth=-4.0, draggable=False, fillColor=array([-1.    ,  0.0039, -1.    ]), fillColorSpace='rgb', fillRGB=array([-1.    ,  0.0039, -1.    ]), interpolate=True, lineColor=array([1., 1., 1.]), lineColorSpace='rgb', lineRGB=array([1, 1, 1]), lineWidth=1.0, name='greenbar', opacity=1, ori=0.0, pos=array([0.7, 0.7]), size=array([0.3, 0.1]), units='norm', vertices=ndarray(...), win=Window(...))
14.7102 	EXP 	Created targarrow = ShapeStim(__class__=<class 'psychopy.visual.shape.ShapeStim'>, anchor=('center', 'center'), autoDraw=False, autoLog=True, closeShape=True, color=method-wrapper(...), colorSpace='rgb', contrast=None, depth=-5.0, draggable=False, fillColor=array([1, 1, 1]), fillColorSpace='rgb', fillRGB=array([1, 1, 1]), interpolate=True, lineColor=array([1., 1., 1.]), lineColorSpace='rgb', lineRGB=array([1, 1, 1]), lineWidth=1.0, name='targarrow', opacity=1, ori=0.0, pos=array([0.7, 0.6]), size=array([0.05, 0.05]), units='norm', vertices=ndarray(...), win=Window(...), windingRule=None)
14.7109 	EXP 	Created userArrow = ShapeStim(__class__=<class 'psychopy.visual.shape.ShapeStim'>, anchor=('center', 'center'), autoDraw=False, autoLog=True, closeShape=True, color=method-wrapper(...), colorSpace='rgb', contrast=None, depth=-6.0, draggable=False, fillColor=array([1, 1, 1]), fillColorSpace='rgb', fillRGB=array([1, 1, 1]), interpolate=True, lineColor=array([1., 1., 1.]), lineColorSpace='rgb', lineRGB=array([1, 1, 1]), lineWidth=1.0, name='userArrow', opacity=1, ori=0.0, pos=array([0., 0.]), size=array([0.05, 0.05]), units='norm', vertices=ndarray(...), win=Window(...), windingRule=None)
14.7943 	EXP 	Created slider = Slider(__class__=<class 'psychopy.visual.slider.Slider'>, autoDraw=False, autoLog=True, borderColor=None, color=None, colorSpace='rgb', depth=-10, fillColor=None, flip=False, font='Noto Sans', granularity=1, labelColor=None, labelHeight=np.float64(0.05), labelWrapWidth=None, labels=(0, 1, 2, 3, 4, 5, 6, 7, 8, 9), lineColor=None, markerColor=None, name='slider', opacity=None, ori=0.0, pos=array([ 0. , -0.4]), readOnly=False, self=UNKNOWN, size=array([1. , 0.1]), startValue=None, style='choice', styleTweaks=[], ticks=array([0, 1, 2, 3, 4, 5, 6, 7, 8, 9]), units='norm', win=Window(...))
14.7951 	EXP 	Created norm_arrow = ShapeStim(__class__=<class 'psychopy.visual.shape.ShapeStim'>, anchor=('center', 'center'), autoDraw=False, autoLog=True, closeShape=True, color=method-wrapper(...), colorSpace='rgb', contrast=None, depth=-12.0, draggable=False, fillColor=array([1, 1, 1]), fillColorSpace='rgb', fillRGB=array([1, 1, 1]), interpolate=True, lineColor=array([1., 1., 1.]), lineColorSpace='rgb', lineRGB=array([1, 1, 1]), lineWidth=1.0, name='norm_arrow', opacity=1, ori=0.0, pos=array([0.7, 0.6]), size=array([0.05, 0.05]), units='height', vertices=ndarray(...), win=Window(...), windingRule=None)
14.7998 	EXP 	Created text_5 = TextStim(__class__=<class 'psychopy.visual.text.TextStim'>, alignHoriz=method-wrapper(...), alignText='center', alignVert=method-wrapper(...), anchorHoriz='center', anchorVert='center', antialias=True, autoDraw=False, autoLog=True, bold=False, color=array([1., 1., 1.]), colorSpace='rgb', contrast=1.0, depth=0.0, draggable=False, flipHoriz=False, flipVert=False, font='Arial', fontFiles=[], height=0.05, italic=False, languageStyle='LTR', name='text_5', opacity=1, ori=0.0, pos=array([0., 0.]), rgb=UNKNOWN, text='', units='height', win=Window(...), wrapWidth=1)
14.8016 	EXP 	Created text_7 = TextStim(__class__=<class 'psychopy.visual.text.TextStim'>, alignHoriz=method-wrapper(...), alignText='center', alignVert=method-wrapper(...), anchorHoriz='center', anchorVert='center', antialias=True, autoDraw=False, autoLog=True, bold=False, color=array([1., 1., 1.]), colorSpace='rgb', contrast=1.0, depth=0.0, draggable=False, flipHoriz=False, flipVert=False, font='Arial', fontFiles=[], height=np.float64(0.05), italic=False, languageStyle='LTR', name='text_7', opacity=1, ori=0.0, pos=array([0., 0.]), rgb=UNKNOWN, text=str(...), units='height', win=Window(...), wrapWidth=1)
0.0039 	EXP 	equation_practice_1: autoLog = True
0.0039 	EXP 	slider_3: autoLog = True
0.0039 	EXP 	slider_3: styleTweaks = []
0.0039 	EXP 	slider_3: styleTweaks = []
0.0039 	EXP 	slider_3: styleTweaks = []
0.0039 	EXP 	slider_3: styleTweaks = []
0.0039 	EXP 	slider_3: contrast = 1.0
0.0039 	EXP 	slider_3: markerPos = None
0.0039 	EXP 	slider_3: autoLog = True
0.0039 	EXP 	feedback_practice_1: autoLog = True
0.0039 	EXP 	prog_3: direction = 'horizontal'
0.0039 	EXP 	prog_3: progress = 0.0
0.0039 	EXP 	targlab: autoLog = True
0.0039 	EXP 	yourperf: autoLog = True
0.0039 	EXP 	slider_4: autoLog = True
0.0039 	EXP 	slider_4: styleTweaks = []
0.0039 	EXP 	slider_4: styleTweaks = []
0.0039 	EXP 	slider_4: styleTweaks = []
0.0039 	EXP 	slider_4: styleTweaks = []
0.0039 	EXP 	slider_4: contrast = 1.0
0.0039 	EXP 	slider_4: markerPos = None
0.0039 	EXP 	slider_4: autoLog = True
0.0039 	EXP 	textbox_5: autoLog = True
0.0039 	EXP 	feedback_practice_1: autoLog = True
0.0039 	EXP 	textbox_3: autoLog = True
0.0039 	EXP 	slider_training: autoLog = True
0.0039 	EXP 	slider_training: styleTweaks = []
0.0039 	EXP 	slider_training: styleTweaks = []
0.0039 	EXP 	slider_training: styleTweaks = []
0.0039 	EXP 	slider_training: styleTweaks = []
0.0039 	EXP 	slider_training: contrast = 1.0
0.0039 	EXP 	slider_training: markerPos = None
0.0039 	EXP 	slider_training: autoLog = True
0.0039 	EXP 	feedback_practice_1: autoLog = True
0.0039 	EXP 	prog: direction = 'horizontal'
0.0039 	EXP 	prog: progress = 0.0
0.0039 	EXP 	yourperfexp: autoLog = True
0.0039 	EXP 	tarlabexp: autoLog = True
0.0039 	EXP 	textbox: autoLog = True
0.0039 	EXP 	slider: autoLog = True
0.0039 	EXP 	slider: styleTweaks = []
0.0039 	EXP 	slider: styleTweaks = []
0.0039 	EXP 	slider: styleTweaks = []
0.0039 	EXP 	slider: styleTweaks = []
0.0039 	EXP 	slider: contrast = 1.0
0.0039 	EXP 	slider: markerPos = None
0.0039 	EXP 	slider: autoLog = True
0.0039 	EXP 	feedback_practice_1: autoLog = True
0.0110 	DEBUG 	Read excel file with openpyxl: experiment_difficulty.xlsx
0.0112 	EXP 	Imported experiment_difficulty.xlsx as conditions, 5 conditions, 3 params
0.0114 	EXP 	New trial (rep=0, index=0): <Trial 0 (0 in rep 0) data={'exp_diff': 'med1', 'exp_time': 120, 'diffbyt': 5.0, 'thisN': 0, 'thisTrialN': 0, 'thisRepN': 0}>
0.0140 	EXP 	New trial (rep=0, index=0): <Trial 0 (0 in rep 0) data={'thisN': 0, 'thisTrialN': 0, 'thisRepN': 0}>
0.0192 	EXP 	fix: autoDraw = True
0.5049 	DEBUG 	TextBox2 loaded 1 chars with 0 blanks and 1 valid
0.5056 	DEBUG 	TextBox2 loaded 1 chars with 0 blanks and 1 valid
0.5067 	DEBUG 	TextBox2 loaded 1 chars with 0 blanks and 1 valid
0.5077 	DEBUG 	TextBox2 loaded 1 chars with 0 blanks and 1 valid
0.5089 	DEBUG 	TextBox2 loaded 1 chars with 0 blanks and 1 valid
0.5096 	DEBUG 	TextBox2 loaded 1 chars with 0 blanks and 1 valid
0.5108 	DEBUG 	TextBox2 loaded 1 chars with 0 blanks and 1 valid
0.5109 	DEBUG 	Uploading Texture Font fontname to graphics card
0.5155 	DEBUG 	Upload of Texture Font fontname complete
0.5422 	INFO 	Keyboard events cleared
0.5421 	WARNING 	t of last frame was 43.67ms (=1/22)
0.5421 	EXP 	fix: autoDraw = False
0.5421 	EXP 	slider: markerPos = None
0.5421 	EXP 	slider: markerPos = None
0.5421 	EXP 	prog: autoDraw = True
0.5421 	EXP 	redbar: autoDraw = True
0.5421 	EXP 	yellowbar: autoDraw = True
0.5421 	EXP 	greenbar: autoDraw = True
0.5421 	EXP 	targarrow: autoDraw = True
0.5421 	EXP 	userArrow: autoDraw = True
0.5421 	EXP 	yourperfexp: autoDraw = True
0.5421 	EXP 	tarlabexp: autoDraw = True
0.5421 	EXP 	textbox: autoDraw = True
0.5421 	EXP 	slider: autoDraw = True
0.5421 	EXP 	norm_arrow: autoDraw = True
4.5869 	DATA 	Keypress: 6
4.7085 	EXP 	Device response: <KeyPress from None: t=4.58092762499291, value=6, duration=None>
4.7087 	EXP 	Device response: <KeyPress from None: t=4.58092762499291, value=6, duration=0.05825008300598711>
4.7100 	DEBUG 	TextBox2 loaded 1 chars with 0 blanks and 1 valid
4.7105 	DEBUG 	TextBox2 loaded 1 chars with 0 blanks and 1 valid
4.7110 	DEBUG 	TextBox2 loaded 1 chars with 0 blanks and 1 valid
4.7115 	DEBUG 	TextBox2 loaded 1 chars with 0 blanks and 1 valid
4.7118 	DEBUG 	TextBox2 loaded 1 chars with 0 blanks and 1 valid
4.7119 	DEBUG 	Uploading Texture Font fontname to graphics card
4.7135 	DEBUG 	Upload of Texture Font fontname complete
4.7184 	WARNING 	t of last frame was 126.70ms (=1/7)
4.7184 	EXP 	prog: autoDraw = False
4.7184 	EXP 	redbar: autoDraw = False
4.7184 	EXP 	yellowbar: autoDraw = False
4.7184 	EXP 	greenbar: autoDraw = False
4.7184 	EXP 	targarrow: autoDraw = False
4.7184 	EXP 	userArrow: autoDraw = False
4.7184 	EXP 	yourperfexp: autoDraw = False
4.7184 	EXP 	tarlabexp: autoDraw = False
4.7184 	EXP 	textbox: autoDraw = False
4.7184 	EXP 	slider: autoDraw = False
4.7184 	EXP 	norm_arrow: autoDraw = False
4.7184 	EXP 	feedback_practice_1: autoDraw = True
5.7109 	EXP 	New trial (rep=1, index=0): <Trial 1 (0 in rep 1) data={'thisN': 1, 'thisTrialN': 0, 'thisRepN': 1}>
5.7151 	EXP 	feedback_practice_1: autoDraw = False
5.7151 	EXP 	fix: autoDraw = True
6.2029 	DEBUG 	TextBox2 loaded 1 chars with 0 blanks and 1 valid
6.2032 	DEBUG 	Uploading Texture Font fontname to graphics card
6.2065 	DEBUG 	Upload of Texture Font fontname complete
6.2239 	INFO 	Keyboard events cleared
6.2239 	WARNING 	t of last frame was 26.13ms (=1/38)
6.2239 	EXP 	fix: autoDraw = False
6.2239 	EXP 	fix: autoDraw = False
6.2239 	EXP 	slider: markerPos = None
6.2239 	EXP 	slider: markerPos = None
6.2239 	EXP 	prog: autoDraw = True
6.2239 	EXP 	redbar: autoDraw = True
6.2239 	EXP 	yellowbar: autoDraw = True
6.2239 	EXP 	greenbar: autoDraw = True
6.2239 	EXP 	targarrow: autoDraw = True
6.2239 	EXP 	userArrow: autoDraw = True
6.2239 	EXP 	yourperfexp: autoDraw = True
6.2239 	EXP 	tarlabexp: autoDraw = True
6.2239 	EXP 	textbox: autoDraw = True
6.2239 	EXP 	slider: autoDraw = True
6.2239 	EXP 	norm_arrow: autoDraw = True
13.7170 	DATA 	Keypress: 1
13.7209 	EXP 	Device response: <KeyPress from None: t=13.712241540997638, value=1, duration=None>
13.7251 	EXP 	prog: autoDraw = False
13.7251 	EXP 	redbar: autoDraw = False
13.7251 	EXP 	yellowbar: autoDraw = False
13.7251 	EXP 	greenbar: autoDraw = False
13.7251 	EXP 	targarrow: autoDraw = False
13.7251 	EXP 	userArrow: autoDraw = False
13.7251 	EXP 	yourperfexp: autoDraw = False
13.7251 	EXP 	tarlabexp: autoDraw = False
13.7251 	EXP 	textbox: autoDraw = False
13.7251 	EXP 	slider: autoDraw = False
13.7251 	EXP 	norm_arrow: autoDraw = False
13.7251 	EXP 	feedback_practice_1: autoDraw = True
13.8099 	EXP 	Device response: <KeyPress from None: t=13.712241540997638, value=1, duration=0.0863110840000445>
14.7106 	EXP 	New trial (rep=2, index=0): <Trial 2 (0 in rep 2) data={'thisN': 2, 'thisTrialN': 0, 'thisRepN': 2}>
14.7146 	EXP 	feedback_practice_1: autoDraw = False
14.7146 	EXP 	feedback_practice_1: autoDraw = False
14.7146 	EXP 	fix: autoDraw = True
15.2059 	DEBUG 	TextBox2 loaded 1 chars with 0 blanks and 1 valid
15.2063 	DEBUG 	Uploading Texture Font fontname to graphics card
15.2097 	DEBUG 	Upload of Texture Font fontname complete
15.2142 	EXP 	fix: autoDraw = False
15.2142 	EXP 	fix: autoDraw = False
15.2142 	EXP 	slider: markerPos = None
15.2142 	EXP 	slider: markerPos = None
15.2330 	INFO 	Keyboard events cleared
15.2329 	EXP 	prog: autoDraw = True
15.2329 	EXP 	redbar: autoDraw = True
15.2329 	EXP 	yellowbar: autoDraw = True
15.2329 	EXP 	greenbar: autoDraw = True
15.2329 	EXP 	targarrow: autoDraw = True
15.2329 	EXP 	userArrow: autoDraw = True
15.2329 	EXP 	yourperfexp: autoDraw = True
15.2329 	EXP 	tarlabexp: autoDraw = True
15.2329 	EXP 	textbox: autoDraw = True
15.2329 	EXP 	slider: autoDraw = True
15.2329 	EXP 	norm_arrow: autoDraw = True
15.7629 	EXP 	Device response: <KeyPress from None: t=15.762119416001951, value=escape, duration=None>
15.7807 	DATA 	Keypress: escape
15.7837 	WARNING 	t of last frame was 21.81ms (=1/45)
15.8956 	EXP 	Device response: <KeyPress from None: t=15.762119416001951, value=escape, duration=0.12429991699173115>
15.8956 	EXP 	misty_module: status = STOPPED
15.9085 	EXP 	prog: autoDraw = False
15.9085 	EXP 	redbar: autoDraw = False
15.9085 	EXP 	yellowbar: autoDraw = False
15.9085 	EXP 	greenbar: autoDraw = False
15.9085 	EXP 	targarrow: autoDraw = False
15.9085 	EXP 	userArrow: autoDraw = False
15.9085 	EXP 	yourperfexp: autoDraw = False
15.9085 	EXP 	tarlabexp: autoDraw = False
15.9085 	EXP 	textbox: autoDraw = False
15.9085 	EXP 	slider: autoDraw = False
15.9085 	EXP 	norm_arrow: autoDraw = False
15.9092 	EXP 	misty_module: status = STOPPED
15.9113 	INFO 	saved data to '/Users/oliverclark/misty_py/data/pilot_misty_module_2026-02-04_15h00.33.578.csv'
15.9121 	INFO 	saved data to /Users/oliverclark/misty_py/data/pilot_misty_module_2026-02-04_15h00.33.578.psydat
15.9950 	DEBUG 	Saving data for misty_module ExperimentHandler
15.9958 	WARNING 	Stopping key buffers but this could be dangerous ifother keyboards rely on the same.
