8.5771 	WARNING 	Font Manager failed to load file /System/Library/PrivateFrameworks/FontServices.framework/Resources/Reserved/PingFangUI.ttc
8.6168 	WARNING 	Font Manager failed to load file /System/Library/PrivateFrameworks/FontServices.framework/Resources/Reserved/PingFangUI.ttc
10.4848 	DEBUG 	Fullscreen settings ignored as running in pilot mode.
10.4858 	INFO 	Loaded monitor calibration from ['2026_01_27 16:28']
10.5833 	INFO 	Using renderer 'Apple M4' for graphics
10.5834 	INFO 	OpenGL version supported by driver is 2..
10.6028 	EXP 	Created window1 = Window(allowGUI=False, allowStencil=True, autoLog=True, backendConf=UNKNOWN, backgroundFit=<method-wrapper '__getattribute__' of attributeSetter object at 0x1775f2980>, backgroundImage=<method-wrapper '__getattribute__' of attributeSetter object at 0x1775f2ec0>, bitsMode=UNKNOWN, blendMode='avg', bpc=(8, 8, 8), color=array([0, 0, 0]), colorSpace='rgb', depthBits=8, fullscr=False, gamma=None, gammaErrorPolicy='raise', infoMsg=UNKNOWN, lms=UNKNOWN, monitor=<psychopy.monitors.calibTools.Monitor object at 0x177623640>, multiSample=False, name='window1', numSamples=2, pos=[np.float64(560.0), np.float64(240.0)], screen=0, size=array([800, 600]), stencilBits=8, stereo=False, title='PsychoPy', units='height', useFBO=True, useRetina=False, viewOri=0.0, viewPos=None, viewScale=None, waitBlanking=True, winType='pyglet')
10.6028 	EXP 	window1: backgroundImage = ''
10.6028 	EXP 	window1: backgroundFit = 'none'
10.6162 	DEBUG 	TextBox2 loaded 1 chars with 0 blanks and 1 valid
10.6238 	DEBUG 	TextBox2 loaded 1 chars with 0 blanks and 1 valid
10.6314 	DEBUG 	TextBox2 loaded 1 chars with 0 blanks and 1 valid
10.6391 	DEBUG 	TextBox2 loaded 1 chars with 0 blanks and 1 valid
10.6469 	DEBUG 	TextBox2 loaded 1 chars with 0 blanks and 1 valid
10.6543 	DEBUG 	TextBox2 loaded 1 chars with 0 blanks and 1 valid
10.6619 	DEBUG 	TextBox2 loaded 1 chars with 0 blanks and 1 valid
10.6697 	DEBUG 	TextBox2 loaded 1 chars with 0 blanks and 1 valid
10.6771 	DEBUG 	TextBox2 loaded 1 chars with 0 blanks and 1 valid
10.6845 	DEBUG 	TextBox2 loaded 1 chars with 0 blanks and 1 valid
10.6921 	DEBUG 	TextBox2 loaded 1 chars with 0 blanks and 1 valid
10.6997 	DEBUG 	TextBox2 loaded 1 chars with 0 blanks and 1 valid
10.7073 	DEBUG 	TextBox2 loaded 1 chars with 0 blanks and 1 valid
10.7149 	DEBUG 	TextBox2 loaded 1 chars with 0 blanks and 1 valid
10.7225 	DEBUG 	TextBox2 loaded 1 chars with 0 blanks and 1 valid
10.7301 	DEBUG 	TextBox2 loaded 1 chars with 0 blanks and 1 valid
10.7378 	DEBUG 	TextBox2 loaded 1 chars with 0 blanks and 1 valid
10.7452 	DEBUG 	TextBox2 loaded 1 chars with 0 blanks and 1 valid
10.7527 	DEBUG 	TextBox2 loaded 1 chars with 0 blanks and 1 valid
10.7605 	DEBUG 	TextBox2 loaded 1 chars with 0 blanks and 1 valid
10.7680 	DEBUG 	TextBox2 loaded 1 chars with 0 blanks and 1 valid
10.7681 	DEBUG 	Uploading Texture Font fontname to graphics card
10.7708 	DEBUG 	Upload of Texture Font fontname complete
10.7813 	DEBUG 	TextBox2 loaded 1 chars with 0 blanks and 1 valid
10.7891 	DEBUG 	TextBox2 loaded 1 chars with 0 blanks and 1 valid
10.7968 	DEBUG 	TextBox2 loaded 1 chars with 0 blanks and 1 valid
10.7969 	DEBUG 	Uploading Texture Font fontname to graphics card
10.7984 	DEBUG 	Upload of Texture Font fontname complete
10.7992 	EXP 	window1: Attempting to measure frame rate of screen (0) ...
10.7992 	EXP 	window1: recordFrameIntervals = False
10.9445 	EXP 	window1: recordFrameIntervals = True
11.0924 	EXP 	Screen (0) actual frame rate measured at 74.64Hz
11.0924 	EXP 	window1: recordFrameIntervals = False
11.1157 	DEBUG 	TextBox2 loaded 1 chars with 0 blanks and 1 valid
11.1277 	DEBUG 	TextBox2 loaded 1 chars with 0 blanks and 1 valid
11.1383 	DEBUG 	TextBox2 loaded 1 chars with 0 blanks and 1 valid
11.1481 	DEBUG 	TextBox2 loaded 1 chars with 0 blanks and 1 valid
11.1572 	DEBUG 	TextBox2 loaded 1 chars with 0 blanks and 1 valid
11.1658 	DEBUG 	TextBox2 loaded 1 chars with 0 blanks and 1 valid
11.1737 	DEBUG 	TextBox2 loaded 1 chars with 0 blanks and 1 valid
11.1817 	DEBUG 	TextBox2 loaded 1 chars with 0 blanks and 1 valid
11.1894 	DEBUG 	TextBox2 loaded 1 chars with 0 blanks and 1 valid
11.1971 	DEBUG 	TextBox2 loaded 1 chars with 0 blanks and 1 valid
11.1973 	DEBUG 	Uploading Texture Font fontname to graphics card
11.1990 	DEBUG 	Upload of Texture Font fontname complete
12.1375 	INFO 	keyboard.Keyboard is using ptb backend.
12.1375 	EXP 	misty_module: status = STARTED
12.1693 	EXP 	Created text = TextStim(__class__=<class 'psychopy.visual.text.TextStim'>, alignHoriz=method-wrapper(...), alignText='center', alignVert=method-wrapper(...), anchorHoriz='center', anchorVert='center', antialias=True, autoDraw=False, autoLog=True, bold=False, color=array([1., 1., 1.]), colorSpace='rgb', contrast=1.0, depth=0.0, draggable=False, flipHoriz=False, flipVert=False, font='Arial', fontFiles=[], height=np.float64(0.05), italic=False, languageStyle='LTR', name='text', opacity=1, ori=0.0, pos=array([0., 0.]), rgb=UNKNOWN, text=str(...), units='height', win=Window(...), wrapWidth=1)
12.1766 	EXP 	Created intstructs = TextStim(__class__=<class 'psychopy.visual.text.TextStim'>, alignHoriz=method-wrapper(...), alignText='center', alignVert=method-wrapper(...), anchorHoriz='center', anchorVert='center', antialias=True, autoDraw=False, autoLog=True, bold=False, color=array([1., 1., 1.]), colorSpace='rgb', contrast=1.0, depth=0.0, draggable=False, flipHoriz=False, flipVert=False, font='Arial', fontFiles=[], height=np.float64(0.05), italic=False, languageStyle='LTR', name='intstructs', opacity=1, ori=0.0, pos=array([0., 0.]), rgb=UNKNOWN, text=str(...), units='height', win=Window(...), wrapWidth=1)
12.1787 	EXP 	Created fix = TextStim(__class__=<class 'psychopy.visual.text.TextStim'>, alignHoriz=method-wrapper(...), alignText='center', alignVert=method-wrapper(...), anchorHoriz='center', anchorVert='center', antialias=True, autoDraw=False, autoLog=True, bold=False, color=array([1., 1., 1.]), colorSpace='rgb', contrast=1.0, depth=-1.0, draggable=False, flipHoriz=False, flipVert=False, font='Open Sans', fontFiles=[], height=np.float64(0.1), italic=False, languageStyle='LTR', name='fix', opacity=1, ori=0.0, pos=array([0., 0.]), rgb=UNKNOWN, text='+', units='height', win=Window(...), wrapWidth=1)
12.1846 	DEBUG 	TextBox2 loaded 1 chars with 0 blanks and 1 valid
12.1852 	DEBUG 	TextBox2 loaded 1 chars with 0 blanks and 1 valid
12.1857 	DEBUG 	TextBox2 loaded 1 chars with 0 blanks and 1 valid
12.1862 	DEBUG 	TextBox2 loaded 1 chars with 0 blanks and 1 valid
12.1863 	DEBUG 	TextBox2 loaded 1 chars with 0 blanks and 1 valid
12.1865 	DEBUG 	TextBox2 loaded 1 chars with 0 blanks and 1 valid
12.1870 	DEBUG 	TextBox2 loaded 1 chars with 0 blanks and 1 valid
12.1874 	DEBUG 	TextBox2 loaded 1 chars with 0 blanks and 1 valid
12.1876 	DEBUG 	TextBox2 loaded 1 chars with 0 blanks and 1 valid
12.1877 	DEBUG 	Uploading Texture Font fontname to graphics card
12.1899 	DEBUG 	Upload of Texture Font fontname complete
12.2104 	DEBUG 	TextBox2 loaded 1 chars with 0 blanks and 1 valid
12.2105 	DEBUG 	Uploading Texture Font fontname to graphics card
12.2126 	DEBUG 	Upload of Texture Font fontname complete
12.2226 	DEBUG 	TextBox2 loaded 1 chars with 0 blanks and 1 valid
12.2301 	DEBUG 	TextBox2 loaded 1 chars with 0 blanks and 1 valid
12.2376 	DEBUG 	TextBox2 loaded 1 chars with 0 blanks and 1 valid
12.2450 	DEBUG 	TextBox2 loaded 1 chars with 0 blanks and 1 valid
12.2524 	DEBUG 	TextBox2 loaded 1 chars with 0 blanks and 1 valid
12.2597 	DEBUG 	TextBox2 loaded 1 chars with 0 blanks and 1 valid
12.2672 	DEBUG 	TextBox2 loaded 1 chars with 0 blanks and 1 valid
12.2746 	DEBUG 	TextBox2 loaded 1 chars with 0 blanks and 1 valid
12.2820 	DEBUG 	TextBox2 loaded 1 chars with 0 blanks and 1 valid
12.2894 	DEBUG 	TextBox2 loaded 1 chars with 0 blanks and 1 valid
12.2895 	DEBUG 	Uploading Texture Font fontname to graphics card
12.2910 	DEBUG 	Upload of Texture Font fontname complete
12.3009 	DEBUG 	TextBox2 loaded 1 chars with 0 blanks and 1 valid
12.3010 	DEBUG 	Uploading Texture Font fontname to graphics card
12.3024 	DEBUG 	Upload of Texture Font fontname complete
12.3147 	DEBUG 	TextBox2 loaded 1 chars with 0 blanks and 1 valid
12.3147 	DEBUG 	Uploading Texture Font fontname to graphics card
12.3162 	DEBUG 	Upload of Texture Font fontname complete
12.3283 	DEBUG 	TextBox2 loaded 1 chars with 0 blanks and 1 valid
12.3284 	DEBUG 	Uploading Texture Font fontname to graphics card
12.3298 	DEBUG 	Upload of Texture Font fontname complete
12.3420 	DEBUG 	TextBox2 loaded 1 chars with 0 blanks and 1 valid
12.3420 	DEBUG 	Uploading Texture Font fontname to graphics card
12.3434 	DEBUG 	Upload of Texture Font fontname complete
12.3556 	DEBUG 	TextBox2 loaded 1 chars with 0 blanks and 1 valid
12.3557 	DEBUG 	Uploading Texture Font fontname to graphics card
12.3571 	DEBUG 	Upload of Texture Font fontname complete
12.3692 	DEBUG 	TextBox2 loaded 1 chars with 0 blanks and 1 valid
12.3692 	DEBUG 	Uploading Texture Font fontname to graphics card
12.3707 	DEBUG 	Upload of Texture Font fontname complete
12.3828 	DEBUG 	TextBox2 loaded 1 chars with 0 blanks and 1 valid
12.3829 	DEBUG 	Uploading Texture Font fontname to graphics card
12.3843 	DEBUG 	Upload of Texture Font fontname complete
12.3964 	DEBUG 	TextBox2 loaded 1 chars with 0 blanks and 1 valid
12.3964 	DEBUG 	Uploading Texture Font fontname to graphics card
12.3978 	DEBUG 	Upload of Texture Font fontname complete
12.4099 	DEBUG 	TextBox2 loaded 1 chars with 0 blanks and 1 valid
12.4100 	DEBUG 	Uploading Texture Font fontname to graphics card
12.4114 	DEBUG 	Upload of Texture Font fontname complete
12.4334 	EXP 	Created slider_3 = Slider(__class__=<class 'psychopy.visual.slider.Slider'>, autoDraw=False, autoLog=True, borderColor=None, color=None, colorSpace='rgb', depth=-2, fillColor=None, flip=False, font='Noto Sans', granularity=1, labelColor=None, labelHeight=np.float64(0.05), labelWrapWidth=None, labels=(0, 1, 2, 3, 4, 5, 6, 7, 8, 9), lineColor=None, markerColor=None, name='slider_3', opacity=None, ori=0.0, pos=array([ 0. , -0.4]), readOnly=False, self=UNKNOWN, size=array([1. , 0.1]), startValue=None, style='choice', styleTweaks=[], ticks=array([0, 1, 2, 3, 4, 5, 6, 7, 8, 9]), units='norm', win=Window(...))
12.4402 	EXP 	Created text_2 = TextStim(__class__=<class 'psychopy.visual.text.TextStim'>, alignHoriz=method-wrapper(...), alignText='center', alignVert=method-wrapper(...), anchorHoriz='center', anchorVert='center', antialias=True, autoDraw=False, autoLog=True, bold=False, color=array([1., 1., 1.]), colorSpace='rgb', contrast=1.0, depth=0.0, draggable=False, flipHoriz=False, flipVert=False, font='Arial', fontFiles=[], height=np.float64(0.05), italic=False, languageStyle='LTR', name='text_2', opacity=1, ori=0.0, pos=array([0., 0.]), rgb=UNKNOWN, text=str(...), units='height', win=Window(...), wrapWidth=1)
12.4409 	EXP 	Created fix = TextStim(__class__=<class 'psychopy.visual.text.TextStim'>, alignHoriz=method-wrapper(...), alignText='center', alignVert=method-wrapper(...), anchorHoriz='center', anchorVert='center', antialias=True, autoDraw=False, autoLog=True, bold=False, color=array([1., 1., 1.]), colorSpace='rgb', contrast=1.0, depth=-1.0, draggable=False, flipHoriz=False, flipVert=False, font='Open Sans', fontFiles=[], height=np.float64(0.1), italic=False, languageStyle='LTR', name='fix', opacity=1, ori=0.0, pos=array([0., 0.]), rgb=UNKNOWN, text='+', units='height', win=Window(...), wrapWidth=1)
12.4428 	EXP 	Created prog_3 = Progress(__class__=<class 'psychopy.visual.progress.Progress'>, anchor=('left', 'top'), autoDraw=False, autoLog=True, closeShape=True, color=method-wrapper(...), colorSpace='rgb', contrast=None, depth=-1, draggable=False, fillColor=array([-1.    ,  0.5373, -1.    ]), fillColorSpace='rgb', fillRGB=array([-1.    ,  0.5373, -1.    ]), interpolate=True, lineColor=array([1., 1., 1.]), lineColorSpace='rgb', lineRGB=array([1, 1, 1]), lineWidth=4.0, name='prog_3', opacity=1.0, ori=0.0, pos=array([-0.5,  0.5]), size=array([1. , 0.1]), units='norm', vertices=ndarray(...), win=Window(...), windingRule=None)
12.4435 	EXP 	Created prog_3Bar = ShapeStim(__class__=<class 'psychopy.visual.shape.ShapeStim'>, anchor=('left', 'top'), autoDraw=False, autoLog=True, closeShape=True, color=method-wrapper(...), colorSpace='rgb', contrast=None, depth=-1, draggable=False, fillColor=array([ 1., -1., -1.]), fillColorSpace='rgb', fillRGB=array([ 1., -1., -1.]), interpolate=True, lineColor=array([0., 0., 0.]), lineColorSpace='rgb', lineRGB=array([0, 0, 0]), lineWidth=1.5, name='prog_3Bar', opacity=1.0, ori=0.0, pos=array([-0.5,  0.5]), size=array([1. , 0.1]), units='norm', vertices=ndarray(...), win=Window(...), windingRule=None)
12.4441 	EXP 	Created greenbar_3 = Rect(__class__=<class 'psychopy.visual.rect.Rect'>, anchor=('left', 'center'), autoDraw=False, autoLog=True, closeShape=True, color=method-wrapper(...), colorSpace='rgb', contrast=None, depth=-2.0, draggable=False, fillColor=array([-1.    ,  0.0039, -1.    ]), fillColorSpace='rgb', fillRGB=array([-1.    ,  0.0039, -1.    ]), interpolate=True, lineColor=array([1., 1., 1.]), lineColorSpace='rgb', lineRGB=array([1, 1, 1]), lineWidth=1.0, name='greenbar_3', opacity=1, ori=0.0, pos=array([0.33333333, 0.7       ]), size=array([0.66666667, 0.1       ]), units='norm', vertices=ndarray(...), win=Window(...))
12.4446 	EXP 	Created yellowbar_3 = Rect(__class__=<class 'psychopy.visual.rect.Rect'>, anchor=('left', 'center'), autoDraw=False, autoLog=True, closeShape=True, color=method-wrapper(...), colorSpace='rgb', contrast=None, depth=-3.0, draggable=False, fillColor=array([ 1.,  1., -1.]), fillColorSpace='rgb', fillRGB=array([ 1.,  1., -1.]), interpolate=True, lineColor=array([1., 1., 1.]), lineColorSpace='rgb', lineRGB=array([1, 1, 1]), lineWidth=1.0, name='yellowbar_3', opacity=1, ori=0.0, pos=array([-0.33333333,  0.7       ]), size=array([0.66666667, 0.1       ]), units='norm', vertices=ndarray(...), win=Window(...))
12.4451 	EXP 	Created redbar_3 = Rect(__class__=<class 'psychopy.visual.rect.Rect'>, anchor=('left', 'center'), autoDraw=False, autoLog=True, closeShape=True, color=method-wrapper(...), colorSpace='rgb', contrast=None, depth=-4.0, draggable=False, fillColor=array([ 1., -1., -1.]), fillColorSpace='rgb', fillRGB=array([ 1., -1., -1.]), interpolate=True, lineColor=array([1., 1., 1.]), lineColorSpace='rgb', lineRGB=array([1, 1, 1]), lineWidth=1.0, name='redbar_3', opacity=1, ori=0.0, pos=array([-1. ,  0.7]), size=array([0.66666667, 0.1       ]), units='norm', vertices=ndarray(...), win=Window(...))
12.4459 	EXP 	Created arrow_3 = ShapeStim(__class__=<class 'psychopy.visual.shape.ShapeStim'>, anchor=('center', 'center'), autoDraw=False, autoLog=True, closeShape=True, color=method-wrapper(...), colorSpace='rgb', contrast=None, depth=-5.0, draggable=False, fillColor=array([1, 1, 1]), fillColorSpace='rgb', fillRGB=array([1, 1, 1]), interpolate=True, lineColor=array([1., 1., 1.]), lineColorSpace='rgb', lineRGB=array([1, 1, 1]), lineWidth=1.0, name='arrow_3', opacity=1, ori=0.0, pos=array([0., 0.]), size=array([0.05, 0.05]), units='norm', vertices=ndarray(...), win=Window(...), windingRule=None)
12.5169 	EXP 	Created slider_4 = Slider(__class__=<class 'psychopy.visual.slider.Slider'>, autoDraw=False, autoLog=True, borderColor=None, color=None, colorSpace='rgb', depth=-7, fillColor=None, flip=False, font='Noto Sans', granularity=1, labelColor=None, labelHeight=np.float64(0.05), labelWrapWidth=None, labels=(0, 1, 2, 3, 4, 5, 6, 7, 8, 9), lineColor=None, markerColor=None, name='slider_4', opacity=None, ori=0.0, pos=array([ 0. , -0.4]), readOnly=False, self=UNKNOWN, size=array([1. , 0.1]), startValue=None, style='choice', styleTweaks=[], ticks=array([0, 1, 2, 3, 4, 5, 6, 7, 8, 9]), units='norm', win=Window(...))
12.5225 	EXP 	Created text_3 = TextStim(__class__=<class 'psychopy.visual.text.TextStim'>, alignHoriz=method-wrapper(...), alignText='center', alignVert=method-wrapper(...), anchorHoriz='center', anchorVert='center', antialias=True, autoDraw=False, autoLog=True, bold=False, color=array([1., 1., 1.]), colorSpace='rgb', contrast=1.0, depth=0.0, draggable=False, flipHoriz=False, flipVert=False, font='Arial', fontFiles=[], height=np.float64(0.05), italic=False, languageStyle='LTR', name='text_3', opacity=1, ori=0.0, pos=array([0., 0.]), rgb=UNKNOWN, text='Training instructions here', units='height', win=Window(...), wrapWidth=1)
12.5232 	EXP 	Created fix = TextStim(__class__=<class 'psychopy.visual.text.TextStim'>, alignHoriz=method-wrapper(...), alignText='center', alignVert=method-wrapper(...), anchorHoriz='center', anchorVert='center', antialias=True, autoDraw=False, autoLog=True, bold=False, color=array([1., 1., 1.]), colorSpace='rgb', contrast=1.0, depth=-1.0, draggable=False, flipHoriz=False, flipVert=False, font='Open Sans', fontFiles=[], height=np.float64(0.1), italic=False, languageStyle='LTR', name='fix', opacity=1, ori=0.0, pos=array([0., 0.]), rgb=UNKNOWN, text='+', units='height', win=Window(...), wrapWidth=1)
12.5938 	EXP 	Created slider_training = Slider(__class__=<class 'psychopy.visual.slider.Slider'>, autoDraw=False, autoLog=True, borderColor=None, color=None, colorSpace='rgb', depth=-2, fillColor=None, flip=False, font='Noto Sans', granularity=1, labelColor=None, labelHeight=np.float64(0.05), labelWrapWidth=None, labels=(0, 1, 2, 3, 4, 5, 6, 7, 8, 9), lineColor=None, markerColor=None, name='slider_training', opacity=None, ori=0.0, pos=array([ 0. , -0.4]), readOnly=False, self=UNKNOWN, size=array([1. , 0.1]), startValue=None, style='choice', styleTweaks=[], ticks=array([0, 1, 2, 3, 4, 5, 6, 7, 8, 9]), units='norm', win=Window(...))
12.5989 	EXP 	Created fix = TextStim(__class__=<class 'psychopy.visual.text.TextStim'>, alignHoriz=method-wrapper(...), alignText='center', alignVert=method-wrapper(...), anchorHoriz='center', anchorVert='center', antialias=True, autoDraw=False, autoLog=True, bold=False, color=array([1., 1., 1.]), colorSpace='rgb', contrast=1.0, depth=-1.0, draggable=False, flipHoriz=False, flipVert=False, font='Open Sans', fontFiles=[], height=np.float64(0.1), italic=False, languageStyle='LTR', name='fix', opacity=1, ori=0.0, pos=array([0., 0.]), rgb=UNKNOWN, text='+', units='height', win=Window(...), wrapWidth=1)
12.5997 	EXP 	Created prog = Progress(__class__=<class 'psychopy.visual.progress.Progress'>, anchor=('left', 'top'), autoDraw=False, autoLog=True, closeShape=True, color=method-wrapper(...), colorSpace='rgb', contrast=None, depth=-1, draggable=False, fillColor=array([-1.    ,  0.5373, -1.    ]), fillColorSpace='rgb', fillRGB=array([-1.    ,  0.5373, -1.    ]), interpolate=True, lineColor=array([1., 1., 1.]), lineColorSpace='rgb', lineRGB=array([1, 1, 1]), lineWidth=4.0, name='prog', opacity=1.0, ori=0.0, pos=array([-0.5,  0.5]), size=array([1. , 0.1]), units='norm', vertices=ndarray(...), win=Window(...), windingRule=None)
12.6004 	EXP 	Created progBar = ShapeStim(__class__=<class 'psychopy.visual.shape.ShapeStim'>, anchor=('left', 'top'), autoDraw=False, autoLog=True, closeShape=True, color=method-wrapper(...), colorSpace='rgb', contrast=None, depth=-1, draggable=False, fillColor=array([ 1., -1., -1.]), fillColorSpace='rgb', fillRGB=array([ 1., -1., -1.]), interpolate=True, lineColor=array([0., 0., 0.]), lineColorSpace='rgb', lineRGB=array([0, 0, 0]), lineWidth=1.5, name='progBar', opacity=1.0, ori=0.0, pos=array([-0.5,  0.5]), size=array([1. , 0.1]), units='norm', vertices=ndarray(...), win=Window(...), windingRule=None)
12.6009 	EXP 	Created greenbar = Rect(__class__=<class 'psychopy.visual.rect.Rect'>, anchor=('left', 'center'), autoDraw=False, autoLog=True, closeShape=True, color=method-wrapper(...), colorSpace='rgb', contrast=None, depth=-2.0, draggable=False, fillColor=array([-1.    ,  0.0039, -1.    ]), fillColorSpace='rgb', fillRGB=array([-1.    ,  0.0039, -1.    ]), interpolate=True, lineColor=array([1., 1., 1.]), lineColorSpace='rgb', lineRGB=array([1, 1, 1]), lineWidth=1.0, name='greenbar', opacity=1, ori=0.0, pos=array([0.33333333, 0.7       ]), size=array([0.66666667, 0.1       ]), units='norm', vertices=ndarray(...), win=Window(...))
12.6015 	EXP 	Created yellowbar = Rect(__class__=<class 'psychopy.visual.rect.Rect'>, anchor=('left', 'center'), autoDraw=False, autoLog=True, closeShape=True, color=method-wrapper(...), colorSpace='rgb', contrast=None, depth=-3.0, draggable=False, fillColor=array([ 1.,  1., -1.]), fillColorSpace='rgb', fillRGB=array([ 1.,  1., -1.]), interpolate=True, lineColor=array([1., 1., 1.]), lineColorSpace='rgb', lineRGB=array([1, 1, 1]), lineWidth=1.0, name='yellowbar', opacity=1, ori=0.0, pos=array([-0.33333333,  0.7       ]), size=array([0.66666667, 0.1       ]), units='norm', vertices=ndarray(...), win=Window(...))
12.6020 	EXP 	Created redbar = Rect(__class__=<class 'psychopy.visual.rect.Rect'>, anchor=('left', 'center'), autoDraw=False, autoLog=True, closeShape=True, color=method-wrapper(...), colorSpace='rgb', contrast=None, depth=-4.0, draggable=False, fillColor=array([ 1., -1., -1.]), fillColorSpace='rgb', fillRGB=array([ 1., -1., -1.]), interpolate=True, lineColor=array([1., 1., 1.]), lineColorSpace='rgb', lineRGB=array([1, 1, 1]), lineWidth=1.0, name='redbar', opacity=1, ori=0.0, pos=array([-1. ,  0.7]), size=array([0.66666667, 0.1       ]), units='norm', vertices=ndarray(...), win=Window(...))
12.6028 	EXP 	Created arrow = ShapeStim(__class__=<class 'psychopy.visual.shape.ShapeStim'>, anchor=('center', 'center'), autoDraw=False, autoLog=True, closeShape=True, color=method-wrapper(...), colorSpace='rgb', contrast=None, depth=-5.0, draggable=False, fillColor=array([1, 1, 1]), fillColorSpace='rgb', fillRGB=array([1, 1, 1]), interpolate=True, lineColor=array([1., 1., 1.]), lineColorSpace='rgb', lineRGB=array([1, 1, 1]), lineWidth=1.0, name='arrow', opacity=1, ori=0.0, pos=array([0., 0.]), size=array([0.05, 0.05]), units='norm', vertices=ndarray(...), win=Window(...), windingRule=None)
12.6719 	EXP 	Created slider = Slider(__class__=<class 'psychopy.visual.slider.Slider'>, autoDraw=False, autoLog=True, borderColor=None, color=None, colorSpace='rgb', depth=-7, fillColor=None, flip=False, font='Noto Sans', granularity=1, labelColor=None, labelHeight=np.float64(0.05), labelWrapWidth=None, labels=(0, 1, 2, 3, 4, 5, 6, 7, 8, 9), lineColor=None, markerColor=None, name='slider', opacity=None, ori=0.0, pos=array([ 0. , -0.4]), readOnly=False, self=UNKNOWN, size=array([1. , 0.1]), startValue=None, style='choice', styleTweaks=[], ticks=array([0, 1, 2, 3, 4, 5, 6, 7, 8, 9]), units='norm', win=Window(...))
0.0029 	EXP 	textbox_4: autoLog = True
0.0029 	EXP 	slider_3: autoLog = True
0.0029 	EXP 	slider_3: styleTweaks = []
0.0029 	EXP 	slider_3: styleTweaks = []
0.0029 	EXP 	slider_3: styleTweaks = []
0.0029 	EXP 	slider_3: styleTweaks = []
0.0029 	EXP 	slider_3: contrast = 1.0
0.0029 	EXP 	slider_3: markerPos = None
0.0029 	EXP 	slider_3: autoLog = True
0.0029 	EXP 	textbox_2: autoLog = True
0.0029 	EXP 	prog_3: direction = 'horizontal'
0.0029 	EXP 	prog_3: progress = 0.0
0.0029 	EXP 	textbox_5: autoLog = True
0.0029 	EXP 	slider_4: autoLog = True
0.0029 	EXP 	slider_4: styleTweaks = []
0.0029 	EXP 	slider_4: styleTweaks = []
0.0029 	EXP 	slider_4: styleTweaks = []
0.0029 	EXP 	slider_4: styleTweaks = []
0.0029 	EXP 	slider_4: contrast = 1.0
0.0029 	EXP 	slider_4: markerPos = None
0.0029 	EXP 	slider_4: autoLog = True
0.0029 	EXP 	textbox_2: autoLog = True
0.0029 	EXP 	textbox_3: autoLog = True
0.0029 	EXP 	slider_training: autoLog = True
0.0029 	EXP 	slider_training: styleTweaks = []
0.0029 	EXP 	slider_training: styleTweaks = []
0.0029 	EXP 	slider_training: styleTweaks = []
0.0029 	EXP 	slider_training: styleTweaks = []
0.0029 	EXP 	slider_training: contrast = 1.0
0.0029 	EXP 	slider_training: markerPos = None
0.0029 	EXP 	slider_training: autoLog = True
0.0029 	EXP 	textbox_2: autoLog = True
0.0029 	EXP 	prog: direction = 'horizontal'
0.0029 	EXP 	prog: progress = 0.0
0.0029 	EXP 	textbox: autoLog = True
0.0029 	EXP 	slider: autoLog = True
0.0029 	EXP 	slider: styleTweaks = []
0.0029 	EXP 	slider: styleTweaks = []
0.0029 	EXP 	slider: styleTweaks = []
0.0029 	EXP 	slider: styleTweaks = []
0.0029 	EXP 	slider: contrast = 1.0
0.0029 	EXP 	slider: markerPos = None
0.0029 	EXP 	slider: autoLog = True
0.0029 	EXP 	textbox_2: autoLog = True
0.0126 	INFO 	Keyboard events cleared
0.0126 	EXP 	text: autoDraw = True
3.0485 	EXP 	Device response: <KeyPress from None: t=2.9392522919997646, value=l, duration=None>
3.0523 	DATA 	Keypress: l
3.0532 	EXP 	Device response: <KeyPress from None: t=2.9392522919997646, value=l, duration=0.11298516599981667>
3.0553 	INFO 	Keyboard events cleared
3.0552 	EXP 	text: autoDraw = False
3.0552 	EXP 	intstructs: autoDraw = True
3.8617 	EXP 	Device response: <KeyPress from None: t=3.8492804999996224, value=space, duration=None>
3.8634 	DATA 	Keypress: space
3.8706 	DEBUG 	Read excel file with openpyxl: practice_difficulty.xlsx
3.8708 	EXP 	Imported practice_difficulty.xlsx as conditions, 3 conditions, 1 params
3.8741 	EXP 	intstructs: autoDraw = False
3.8741 	EXP 	text_2: autoDraw = True
4.0082 	EXP 	Device response: <KeyPress from None: t=3.8492804999996224, value=space, duration=0.15194554200024868>
5.8658 	DEBUG 	Read excel file with openpyxl: practice_difficulty.xlsx
5.8659 	EXP 	Imported practice_difficulty.xlsx as conditions, 3 conditions, 1 params
5.8715 	EXP 	text_2: autoDraw = False
5.8715 	EXP 	text_2: autoDraw = False
5.8715 	EXP 	text_3: autoDraw = True
7.8727 	DEBUG 	Read csv file with pandas: training.csv
7.8748 	DEBUG 	Clearing unnamed columns from training.csv
7.8752 	EXP 	Imported training.csv as conditions, 5 conditions, 2 params
7.8756 	EXP 	New trial (rep=0, index=0): <Trial 0 (0 in rep 0) data={'train_diff': 'hard', 'train_time': np.int64(5), 'thisN': 0, 'thisTrialN': 0, 'thisRepN': 0}>
7.8800 	EXP 	New trial (rep=0, index=0): <Trial 0 (0 in rep 0) data={'thisN': 0, 'thisTrialN': 0, 'thisRepN': 0}>
7.8839 	EXP 	text_3: autoDraw = False
7.8839 	EXP 	text_3: autoDraw = False
7.8839 	EXP 	fix: autoDraw = True
8.3747 	DEBUG 	TextBox2 loaded 1 chars with 0 blanks and 1 valid
8.3762 	DEBUG 	TextBox2 loaded 1 chars with 0 blanks and 1 valid
8.3768 	DEBUG 	TextBox2 loaded 1 chars with 0 blanks and 1 valid
8.3781 	DEBUG 	TextBox2 loaded 1 chars with 0 blanks and 1 valid
8.3789 	DEBUG 	TextBox2 loaded 1 chars with 0 blanks and 1 valid
8.3800 	DEBUG 	TextBox2 loaded 1 chars with 0 blanks and 1 valid
8.3811 	DEBUG 	TextBox2 loaded 1 chars with 0 blanks and 1 valid
8.3820 	DEBUG 	TextBox2 loaded 1 chars with 0 blanks and 1 valid
8.3827 	DEBUG 	TextBox2 loaded 1 chars with 0 blanks and 1 valid
8.3838 	DEBUG 	TextBox2 loaded 1 chars with 0 blanks and 1 valid
8.3840 	DEBUG 	Uploading Texture Font fontname to graphics card
8.3877 	DEBUG 	Upload of Texture Font fontname complete
8.4075 	INFO 	Keyboard events cleared
8.4074 	EXP 	fix: autoDraw = False
8.4074 	EXP 	slider_training: markerPos = None
8.4074 	EXP 	slider_training: markerPos = None
8.4074 	EXP 	textbox_3: autoDraw = True
8.4074 	EXP 	slider_training: autoDraw = True
13.3821 	DEBUG 	TextBox2 loaded 1 chars with 0 blanks and 1 valid
13.3826 	DEBUG 	TextBox2 loaded 1 chars with 0 blanks and 1 valid
13.3831 	DEBUG 	TextBox2 loaded 1 chars with 0 blanks and 1 valid
13.3836 	DEBUG 	TextBox2 loaded 1 chars with 0 blanks and 1 valid
13.3841 	DEBUG 	TextBox2 loaded 1 chars with 0 blanks and 1 valid
13.3844 	DEBUG 	TextBox2 loaded 1 chars with 0 blanks and 1 valid
13.3845 	DEBUG 	Uploading Texture Font fontname to graphics card
13.3862 	DEBUG 	Upload of Texture Font fontname complete
13.3940 	EXP 	textbox_3: autoDraw = False
13.3940 	EXP 	slider_training: autoDraw = False
13.3940 	EXP 	textbox_2: autoDraw = True
14.3848 	EXP 	New trial (rep=0, index=1): <Trial 1 (1 in rep 0) data={'train_diff': 'easy1', 'train_time': np.int64(5), 'thisN': 1, 'thisTrialN': 1, 'thisRepN': 0}>
14.3894 	EXP 	New trial (rep=0, index=0): <Trial 0 (0 in rep 0) data={'thisN': 0, 'thisTrialN': 0, 'thisRepN': 0}>
14.3945 	EXP 	textbox_2: autoDraw = False
14.3945 	EXP 	fix: autoDraw = True
14.9128 	INFO 	Keyboard events cleared
14.9128 	EXP 	fix: autoDraw = False
14.9128 	EXP 	slider_training: markerPos = None
14.9128 	EXP 	slider_training: markerPos = None
14.9128 	EXP 	textbox_3: autoDraw = True
14.9128 	EXP 	slider_training: autoDraw = True
19.9161 	EXP 	textbox_3: autoDraw = False
19.9161 	EXP 	slider_training: autoDraw = False
19.9161 	EXP 	textbox_2: autoDraw = True
20.9066 	EXP 	New trial (rep=0, index=2): <Trial 2 (2 in rep 0) data={'train_diff': 'easy2', 'train_time': np.int64(5), 'thisN': 2, 'thisTrialN': 2, 'thisRepN': 0}>
20.9113 	EXP 	New trial (rep=0, index=0): <Trial 0 (0 in rep 0) data={'thisN': 0, 'thisTrialN': 0, 'thisRepN': 0}>
20.9172 	EXP 	textbox_2: autoDraw = False
20.9172 	EXP 	fix: autoDraw = True
21.4312 	INFO 	Keyboard events cleared
21.4311 	EXP 	fix: autoDraw = False
21.4311 	EXP 	slider_training: markerPos = None
21.4311 	EXP 	slider_training: markerPos = None
21.4311 	EXP 	textbox_3: autoDraw = True
21.4311 	EXP 	slider_training: autoDraw = True
26.4384 	EXP 	textbox_3: autoDraw = False
26.4384 	EXP 	slider_training: autoDraw = False
26.4384 	EXP 	textbox_2: autoDraw = True
27.4288 	EXP 	New trial (rep=0, index=3): <Trial 3 (3 in rep 0) data={'train_diff': 'med1', 'train_time': np.int64(5), 'thisN': 3, 'thisTrialN': 3, 'thisRepN': 0}>
27.4333 	EXP 	New trial (rep=0, index=0): <Trial 0 (0 in rep 0) data={'thisN': 0, 'thisTrialN': 0, 'thisRepN': 0}>
27.4395 	EXP 	textbox_2: autoDraw = False
27.4395 	EXP 	fix: autoDraw = True
27.9534 	INFO 	Keyboard events cleared
27.9534 	EXP 	fix: autoDraw = False
27.9534 	EXP 	slider_training: markerPos = None
27.9534 	EXP 	slider_training: markerPos = None
27.9534 	EXP 	textbox_3: autoDraw = True
27.9534 	EXP 	slider_training: autoDraw = True
32.9608 	EXP 	textbox_3: autoDraw = False
32.9608 	EXP 	slider_training: autoDraw = False
32.9608 	EXP 	textbox_2: autoDraw = True
33.9514 	EXP 	New trial (rep=0, index=4): <Trial 4 (4 in rep 0) data={'train_diff': 'med2', 'train_time': np.int64(5), 'thisN': 4, 'thisTrialN': 4, 'thisRepN': 0}>
33.9560 	EXP 	New trial (rep=0, index=0): <Trial 0 (0 in rep 0) data={'thisN': 0, 'thisTrialN': 0, 'thisRepN': 0}>
33.9619 	EXP 	textbox_2: autoDraw = False
33.9619 	EXP 	fix: autoDraw = True
34.4637 	DEBUG 	TextBox2 loaded 1 chars with 0 blanks and 1 valid
34.4653 	DEBUG 	TextBox2 loaded 1 chars with 0 blanks and 1 valid
34.4656 	DEBUG 	Uploading Texture Font fontname to graphics card
34.4693 	DEBUG 	Upload of Texture Font fontname complete
34.4832 	INFO 	Keyboard events cleared
34.4831 	EXP 	fix: autoDraw = False
34.4831 	EXP 	slider_training: markerPos = None
34.4831 	EXP 	slider_training: markerPos = None
34.4831 	EXP 	textbox_3: autoDraw = True
34.4831 	EXP 	slider_training: autoDraw = True
39.4832 	EXP 	textbox_3: autoDraw = False
39.4832 	EXP 	slider_training: autoDraw = False
39.4832 	EXP 	textbox_2: autoDraw = True
40.4793 	DEBUG 	Read excel file with openpyxl: experiment_difficulty.xlsx
40.4796 	EXP 	Imported experiment_difficulty.xlsx as conditions, 5 conditions, 2 params
40.4798 	EXP 	New trial (rep=0, index=0): <Trial 0 (0 in rep 0) data={'exp_diff': 'medium1', 'exp_time': 5, 'thisN': 0, 'thisTrialN': 0, 'thisRepN': 0}>
40.4800 	EXP 	New trial (rep=0, index=0): <Trial 0 (0 in rep 0) data={'thisN': 0, 'thisTrialN': 0, 'thisRepN': 0}>
40.4832 	EXP 	textbox_2: autoDraw = False
40.4832 	EXP 	fix: autoDraw = True
41.0028 	DEBUG 	Saving data for misty_module ExperimentHandler
41.0039 	INFO 	saved data to /Users/hackerman/misty_py/data/pilot_misty_module_2026-01-30_18h00.47.148.psydat
41.0055 	INFO 	saved data to '/Users/hackerman/misty_py/data/pilot_misty_module_2026-01-30_18h00.47.148.csv'
41.0067 	WARNING 	Stopping key buffers but this could be dangerous ifother keyboards rely on the same.
