8.6001 	WARNING 	Font Manager failed to load file /System/Library/PrivateFrameworks/FontServices.framework/Resources/Reserved/PingFangUI.ttc
8.6449 	WARNING 	Font Manager failed to load file /System/Library/PrivateFrameworks/FontServices.framework/Resources/Reserved/PingFangUI.ttc
10.5072 	DEBUG 	Fullscreen settings ignored as running in pilot mode.
10.5081 	INFO 	Loaded monitor calibration from ['2026_01_27 16:28']
10.6004 	INFO 	Using renderer 'Apple M4' for graphics
10.6004 	INFO 	OpenGL version supported by driver is 2..
10.6192 	EXP 	Created window1 = Window(allowGUI=False, allowStencil=True, autoLog=True, backendConf=UNKNOWN, backgroundFit=<method-wrapper '__getattribute__' of attributeSetter object at 0x1799000d0>, backgroundImage=<method-wrapper '__getattribute__' of attributeSetter object at 0x179900130>, bitsMode=UNKNOWN, blendMode='avg', bpc=(8, 8, 8), color=array([0, 0, 0]), colorSpace='rgb', depthBits=8, fullscr=False, gamma=None, gammaErrorPolicy='raise', infoMsg=UNKNOWN, lms=UNKNOWN, monitor=<psychopy.monitors.calibTools.Monitor object at 0x179921300>, multiSample=False, name='window1', numSamples=2, pos=[np.float64(560.0), np.float64(240.0)], screen=0, size=array([800, 600]), stencilBits=8, stereo=False, title='PsychoPy', units='height', useFBO=True, useRetina=False, viewOri=0.0, viewPos=None, viewScale=None, waitBlanking=True, winType='pyglet')
10.6193 	EXP 	window1: backgroundImage = ''
10.6193 	EXP 	window1: backgroundFit = 'none'
10.6334 	DEBUG 	TextBox2 loaded 1 chars with 0 blanks and 1 valid
10.6412 	DEBUG 	TextBox2 loaded 1 chars with 0 blanks and 1 valid
10.6490 	DEBUG 	TextBox2 loaded 1 chars with 0 blanks and 1 valid
10.6569 	DEBUG 	TextBox2 loaded 1 chars with 0 blanks and 1 valid
10.6647 	DEBUG 	TextBox2 loaded 1 chars with 0 blanks and 1 valid
10.6723 	DEBUG 	TextBox2 loaded 1 chars with 0 blanks and 1 valid
10.6801 	DEBUG 	TextBox2 loaded 1 chars with 0 blanks and 1 valid
10.6880 	DEBUG 	TextBox2 loaded 1 chars with 0 blanks and 1 valid
10.6955 	DEBUG 	TextBox2 loaded 1 chars with 0 blanks and 1 valid
10.7031 	DEBUG 	TextBox2 loaded 1 chars with 0 blanks and 1 valid
10.7108 	DEBUG 	TextBox2 loaded 1 chars with 0 blanks and 1 valid
10.7186 	DEBUG 	TextBox2 loaded 1 chars with 0 blanks and 1 valid
10.7264 	DEBUG 	TextBox2 loaded 1 chars with 0 blanks and 1 valid
10.7341 	DEBUG 	TextBox2 loaded 1 chars with 0 blanks and 1 valid
10.7418 	DEBUG 	TextBox2 loaded 1 chars with 0 blanks and 1 valid
10.7497 	DEBUG 	TextBox2 loaded 1 chars with 0 blanks and 1 valid
10.7575 	DEBUG 	TextBox2 loaded 1 chars with 0 blanks and 1 valid
10.7652 	DEBUG 	TextBox2 loaded 1 chars with 0 blanks and 1 valid
10.7729 	DEBUG 	TextBox2 loaded 1 chars with 0 blanks and 1 valid
10.7809 	DEBUG 	TextBox2 loaded 1 chars with 0 blanks and 1 valid
10.7886 	DEBUG 	TextBox2 loaded 1 chars with 0 blanks and 1 valid
10.7887 	DEBUG 	Uploading Texture Font fontname to graphics card
10.7917 	DEBUG 	Upload of Texture Font fontname complete
10.8023 	DEBUG 	TextBox2 loaded 1 chars with 0 blanks and 1 valid
10.8101 	DEBUG 	TextBox2 loaded 1 chars with 0 blanks and 1 valid
10.8179 	DEBUG 	TextBox2 loaded 1 chars with 0 blanks and 1 valid
10.8180 	DEBUG 	Uploading Texture Font fontname to graphics card
10.8195 	DEBUG 	Upload of Texture Font fontname complete
10.8205 	EXP 	window1: Attempting to measure frame rate of screen (0) ...
10.8205 	EXP 	window1: recordFrameIntervals = False
10.9627 	EXP 	window1: recordFrameIntervals = True
11.1097 	EXP 	Screen (0) actual frame rate measured at 74.99Hz
11.1097 	EXP 	window1: recordFrameIntervals = False
11.1218 	DEBUG 	TextBox2 loaded 1 chars with 0 blanks and 1 valid
11.1302 	DEBUG 	TextBox2 loaded 1 chars with 0 blanks and 1 valid
11.1384 	DEBUG 	TextBox2 loaded 1 chars with 0 blanks and 1 valid
11.1463 	DEBUG 	TextBox2 loaded 1 chars with 0 blanks and 1 valid
11.1540 	DEBUG 	TextBox2 loaded 1 chars with 0 blanks and 1 valid
11.1618 	DEBUG 	TextBox2 loaded 1 chars with 0 blanks and 1 valid
11.1692 	DEBUG 	TextBox2 loaded 1 chars with 0 blanks and 1 valid
11.1769 	DEBUG 	TextBox2 loaded 1 chars with 0 blanks and 1 valid
11.1847 	DEBUG 	TextBox2 loaded 1 chars with 0 blanks and 1 valid
11.1924 	DEBUG 	TextBox2 loaded 1 chars with 0 blanks and 1 valid
11.1926 	DEBUG 	Uploading Texture Font fontname to graphics card
11.1943 	DEBUG 	Upload of Texture Font fontname complete
12.1264 	INFO 	keyboard.Keyboard is using ptb backend.
12.1264 	EXP 	misty_module: status = STARTED
12.1591 	EXP 	Created text = TextStim(__class__=<class 'psychopy.visual.text.TextStim'>, alignHoriz=method-wrapper(...), alignText='center', alignVert=method-wrapper(...), anchorHoriz='center', anchorVert='center', antialias=True, autoDraw=False, autoLog=True, bold=False, color=array([1., 1., 1.]), colorSpace='rgb', contrast=1.0, depth=0.0, draggable=False, flipHoriz=False, flipVert=False, font='Arial', fontFiles=[], height=np.float64(0.05), italic=False, languageStyle='LTR', name='text', opacity=1, ori=0.0, pos=array([0., 0.]), rgb=UNKNOWN, text=str(...), units='height', win=Window(...), wrapWidth=1)
12.1673 	EXP 	Created intstructs = TextStim(__class__=<class 'psychopy.visual.text.TextStim'>, alignHoriz=method-wrapper(...), alignText='center', alignVert=method-wrapper(...), anchorHoriz='center', anchorVert='center', antialias=True, autoDraw=False, autoLog=True, bold=False, color=array([1., 1., 1.]), colorSpace='rgb', contrast=1.0, depth=0.0, draggable=False, flipHoriz=False, flipVert=False, font='Arial', fontFiles=[], height=np.float64(0.05), italic=False, languageStyle='LTR', name='intstructs', opacity=1, ori=0.0, pos=array([0., 0.]), rgb=UNKNOWN, text=str(...), units='height', win=Window(...), wrapWidth=1)
12.1700 	EXP 	Created fix = TextStim(__class__=<class 'psychopy.visual.text.TextStim'>, alignHoriz=method-wrapper(...), alignText='center', alignVert=method-wrapper(...), anchorHoriz='center', anchorVert='center', antialias=True, autoDraw=False, autoLog=True, bold=False, color=array([1., 1., 1.]), colorSpace='rgb', contrast=1.0, depth=-1.0, draggable=False, flipHoriz=False, flipVert=False, font='Open Sans', fontFiles=[], height=np.float64(0.1), italic=False, languageStyle='LTR', name='fix', opacity=1, ori=0.0, pos=array([0., 0.]), rgb=UNKNOWN, text='+', units='height', win=Window(...), wrapWidth=1)
12.1760 	DEBUG 	TextBox2 loaded 1 chars with 0 blanks and 1 valid
12.1766 	DEBUG 	TextBox2 loaded 1 chars with 0 blanks and 1 valid
12.1772 	DEBUG 	TextBox2 loaded 1 chars with 0 blanks and 1 valid
12.1777 	DEBUG 	TextBox2 loaded 1 chars with 0 blanks and 1 valid
12.1779 	DEBUG 	TextBox2 loaded 1 chars with 0 blanks and 1 valid
12.1781 	DEBUG 	TextBox2 loaded 1 chars with 0 blanks and 1 valid
12.1786 	DEBUG 	TextBox2 loaded 1 chars with 0 blanks and 1 valid
12.1790 	DEBUG 	TextBox2 loaded 1 chars with 0 blanks and 1 valid
12.1792 	DEBUG 	TextBox2 loaded 1 chars with 0 blanks and 1 valid
12.1793 	DEBUG 	Uploading Texture Font fontname to graphics card
12.1814 	DEBUG 	Upload of Texture Font fontname complete
12.2026 	DEBUG 	TextBox2 loaded 1 chars with 0 blanks and 1 valid
12.2027 	DEBUG 	Uploading Texture Font fontname to graphics card
12.2048 	DEBUG 	Upload of Texture Font fontname complete
12.2151 	DEBUG 	TextBox2 loaded 1 chars with 0 blanks and 1 valid
12.2229 	DEBUG 	TextBox2 loaded 1 chars with 0 blanks and 1 valid
12.2306 	DEBUG 	TextBox2 loaded 1 chars with 0 blanks and 1 valid
12.2382 	DEBUG 	TextBox2 loaded 1 chars with 0 blanks and 1 valid
12.2459 	DEBUG 	TextBox2 loaded 1 chars with 0 blanks and 1 valid
12.2535 	DEBUG 	TextBox2 loaded 1 chars with 0 blanks and 1 valid
12.2612 	DEBUG 	TextBox2 loaded 1 chars with 0 blanks and 1 valid
12.2689 	DEBUG 	TextBox2 loaded 1 chars with 0 blanks and 1 valid
12.2765 	DEBUG 	TextBox2 loaded 1 chars with 0 blanks and 1 valid
12.2841 	DEBUG 	TextBox2 loaded 1 chars with 0 blanks and 1 valid
12.2842 	DEBUG 	Uploading Texture Font fontname to graphics card
12.2861 	DEBUG 	Upload of Texture Font fontname complete
12.2964 	DEBUG 	TextBox2 loaded 1 chars with 0 blanks and 1 valid
12.2965 	DEBUG 	Uploading Texture Font fontname to graphics card
12.2980 	DEBUG 	Upload of Texture Font fontname complete
12.3106 	DEBUG 	TextBox2 loaded 1 chars with 0 blanks and 1 valid
12.3107 	DEBUG 	Uploading Texture Font fontname to graphics card
12.3122 	DEBUG 	Upload of Texture Font fontname complete
12.3247 	DEBUG 	TextBox2 loaded 1 chars with 0 blanks and 1 valid
12.3248 	DEBUG 	Uploading Texture Font fontname to graphics card
12.3262 	DEBUG 	Upload of Texture Font fontname complete
12.3387 	DEBUG 	TextBox2 loaded 1 chars with 0 blanks and 1 valid
12.3388 	DEBUG 	Uploading Texture Font fontname to graphics card
12.3403 	DEBUG 	Upload of Texture Font fontname complete
12.3528 	DEBUG 	TextBox2 loaded 1 chars with 0 blanks and 1 valid
12.3529 	DEBUG 	Uploading Texture Font fontname to graphics card
12.3543 	DEBUG 	Upload of Texture Font fontname complete
12.3668 	DEBUG 	TextBox2 loaded 1 chars with 0 blanks and 1 valid
12.3669 	DEBUG 	Uploading Texture Font fontname to graphics card
12.3683 	DEBUG 	Upload of Texture Font fontname complete
12.3808 	DEBUG 	TextBox2 loaded 1 chars with 0 blanks and 1 valid
12.3808 	DEBUG 	Uploading Texture Font fontname to graphics card
12.3823 	DEBUG 	Upload of Texture Font fontname complete
12.3949 	DEBUG 	TextBox2 loaded 1 chars with 0 blanks and 1 valid
12.3949 	DEBUG 	Uploading Texture Font fontname to graphics card
12.3964 	DEBUG 	Upload of Texture Font fontname complete
12.4089 	DEBUG 	TextBox2 loaded 1 chars with 0 blanks and 1 valid
12.4090 	DEBUG 	Uploading Texture Font fontname to graphics card
12.4104 	DEBUG 	Upload of Texture Font fontname complete
12.4332 	EXP 	Created slider_3 = Slider(__class__=<class 'psychopy.visual.slider.Slider'>, autoDraw=False, autoLog=True, borderColor=None, color=None, colorSpace='rgb', depth=-2, fillColor=None, flip=False, font='Noto Sans', granularity=1, labelColor=None, labelHeight=np.float64(0.05), labelWrapWidth=None, labels=(0, 1, 2, 3, 4, 5, 6, 7, 8, 9), lineColor=None, markerColor=None, name='slider_3', opacity=None, ori=0.0, pos=array([ 0. , -0.4]), readOnly=False, self=UNKNOWN, size=array([1. , 0.1]), startValue=None, style='choice', styleTweaks=[], ticks=array([0, 1, 2, 3, 4, 5, 6, 7, 8, 9]), units='norm', win=Window(...))
12.4399 	EXP 	Created text_2 = TextStim(__class__=<class 'psychopy.visual.text.TextStim'>, alignHoriz=method-wrapper(...), alignText='center', alignVert=method-wrapper(...), anchorHoriz='center', anchorVert='center', antialias=True, autoDraw=False, autoLog=True, bold=False, color=array([1., 1., 1.]), colorSpace='rgb', contrast=1.0, depth=0.0, draggable=False, flipHoriz=False, flipVert=False, font='Arial', fontFiles=[], height=np.float64(0.05), italic=False, languageStyle='LTR', name='text_2', opacity=1, ori=0.0, pos=array([0., 0.]), rgb=UNKNOWN, text=str(...), units='height', win=Window(...), wrapWidth=1)
12.4407 	EXP 	Created fix = TextStim(__class__=<class 'psychopy.visual.text.TextStim'>, alignHoriz=method-wrapper(...), alignText='center', alignVert=method-wrapper(...), anchorHoriz='center', anchorVert='center', antialias=True, autoDraw=False, autoLog=True, bold=False, color=array([1., 1., 1.]), colorSpace='rgb', contrast=1.0, depth=-1.0, draggable=False, flipHoriz=False, flipVert=False, font='Open Sans', fontFiles=[], height=np.float64(0.1), italic=False, languageStyle='LTR', name='fix', opacity=1, ori=0.0, pos=array([0., 0.]), rgb=UNKNOWN, text='+', units='height', win=Window(...), wrapWidth=1)
12.4426 	EXP 	Created prog_3 = Progress(__class__=<class 'psychopy.visual.progress.Progress'>, anchor=('left', 'top'), autoDraw=False, autoLog=True, closeShape=True, color=method-wrapper(...), colorSpace='rgb', contrast=None, depth=-1, draggable=False, fillColor=array([-1.    ,  0.5373, -1.    ]), fillColorSpace='rgb', fillRGB=array([-1.    ,  0.5373, -1.    ]), interpolate=True, lineColor=array([1., 1., 1.]), lineColorSpace='rgb', lineRGB=array([1, 1, 1]), lineWidth=4.0, name='prog_3', opacity=1.0, ori=0.0, pos=array([-0.5,  0.5]), size=array([1. , 0.1]), units='norm', vertices=ndarray(...), win=Window(...), windingRule=None)
12.4433 	EXP 	Created prog_3Bar = ShapeStim(__class__=<class 'psychopy.visual.shape.ShapeStim'>, anchor=('left', 'top'), autoDraw=False, autoLog=True, closeShape=True, color=method-wrapper(...), colorSpace='rgb', contrast=None, depth=-1, draggable=False, fillColor=array([ 1., -1., -1.]), fillColorSpace='rgb', fillRGB=array([ 1., -1., -1.]), interpolate=True, lineColor=array([0., 0., 0.]), lineColorSpace='rgb', lineRGB=array([0, 0, 0]), lineWidth=1.5, name='prog_3Bar', opacity=1.0, ori=0.0, pos=array([-0.5,  0.5]), size=array([1. , 0.1]), units='norm', vertices=ndarray(...), win=Window(...), windingRule=None)
12.4439 	EXP 	Created greenbar_3 = Rect(__class__=<class 'psychopy.visual.rect.Rect'>, anchor=('left', 'center'), autoDraw=False, autoLog=True, closeShape=True, color=method-wrapper(...), colorSpace='rgb', contrast=None, depth=-2.0, draggable=False, fillColor=array([-1.    ,  0.0039, -1.    ]), fillColorSpace='rgb', fillRGB=array([-1.    ,  0.0039, -1.    ]), interpolate=True, lineColor=array([1., 1., 1.]), lineColorSpace='rgb', lineRGB=array([1, 1, 1]), lineWidth=1.0, name='greenbar_3', opacity=1, ori=0.0, pos=array([0.33333333, 0.7       ]), size=array([0.66666667, 0.1       ]), units='norm', vertices=ndarray(...), win=Window(...))
12.4444 	EXP 	Created yellowbar_3 = Rect(__class__=<class 'psychopy.visual.rect.Rect'>, anchor=('left', 'center'), autoDraw=False, autoLog=True, closeShape=True, color=method-wrapper(...), colorSpace='rgb', contrast=None, depth=-3.0, draggable=False, fillColor=array([ 1.,  1., -1.]), fillColorSpace='rgb', fillRGB=array([ 1.,  1., -1.]), interpolate=True, lineColor=array([1., 1., 1.]), lineColorSpace='rgb', lineRGB=array([1, 1, 1]), lineWidth=1.0, name='yellowbar_3', opacity=1, ori=0.0, pos=array([-0.33333333,  0.7       ]), size=array([0.66666667, 0.1       ]), units='norm', vertices=ndarray(...), win=Window(...))
12.4449 	EXP 	Created redbar_3 = Rect(__class__=<class 'psychopy.visual.rect.Rect'>, anchor=('left', 'center'), autoDraw=False, autoLog=True, closeShape=True, color=method-wrapper(...), colorSpace='rgb', contrast=None, depth=-4.0, draggable=False, fillColor=array([ 1., -1., -1.]), fillColorSpace='rgb', fillRGB=array([ 1., -1., -1.]), interpolate=True, lineColor=array([1., 1., 1.]), lineColorSpace='rgb', lineRGB=array([1, 1, 1]), lineWidth=1.0, name='redbar_3', opacity=1, ori=0.0, pos=array([-1. ,  0.7]), size=array([0.66666667, 0.1       ]), units='norm', vertices=ndarray(...), win=Window(...))
12.4457 	EXP 	Created arrow_3 = ShapeStim(__class__=<class 'psychopy.visual.shape.ShapeStim'>, anchor=('center', 'center'), autoDraw=False, autoLog=True, closeShape=True, color=method-wrapper(...), colorSpace='rgb', contrast=None, depth=-5.0, draggable=False, fillColor=array([1, 1, 1]), fillColorSpace='rgb', fillRGB=array([1, 1, 1]), interpolate=True, lineColor=array([1., 1., 1.]), lineColorSpace='rgb', lineRGB=array([1, 1, 1]), lineWidth=1.0, name='arrow_3', opacity=1, ori=0.0, pos=array([0., 0.]), size=array([0.05, 0.05]), units='norm', vertices=ndarray(...), win=Window(...), windingRule=None)
12.5181 	EXP 	Created slider_4 = Slider(__class__=<class 'psychopy.visual.slider.Slider'>, autoDraw=False, autoLog=True, borderColor=None, color=None, colorSpace='rgb', depth=-7, fillColor=None, flip=False, font='Noto Sans', granularity=1, labelColor=None, labelHeight=np.float64(0.05), labelWrapWidth=None, labels=(0, 1, 2, 3, 4, 5, 6, 7, 8, 9), lineColor=None, markerColor=None, name='slider_4', opacity=None, ori=0.0, pos=array([ 0. , -0.4]), readOnly=False, self=UNKNOWN, size=array([1. , 0.1]), startValue=None, style='choice', styleTweaks=[], ticks=array([0, 1, 2, 3, 4, 5, 6, 7, 8, 9]), units='norm', win=Window(...))
12.5240 	EXP 	Created text_3 = TextStim(__class__=<class 'psychopy.visual.text.TextStim'>, alignHoriz=method-wrapper(...), alignText='center', alignVert=method-wrapper(...), anchorHoriz='center', anchorVert='center', antialias=True, autoDraw=False, autoLog=True, bold=False, color=array([1., 1., 1.]), colorSpace='rgb', contrast=1.0, depth=0.0, draggable=False, flipHoriz=False, flipVert=False, font='Arial', fontFiles=[], height=np.float64(0.05), italic=False, languageStyle='LTR', name='text_3', opacity=1, ori=0.0, pos=array([0., 0.]), rgb=UNKNOWN, text='Training instructions here', units='height', win=Window(...), wrapWidth=1)
12.5248 	EXP 	Created fix = TextStim(__class__=<class 'psychopy.visual.text.TextStim'>, alignHoriz=method-wrapper(...), alignText='center', alignVert=method-wrapper(...), anchorHoriz='center', anchorVert='center', antialias=True, autoDraw=False, autoLog=True, bold=False, color=array([1., 1., 1.]), colorSpace='rgb', contrast=1.0, depth=-1.0, draggable=False, flipHoriz=False, flipVert=False, font='Open Sans', fontFiles=[], height=np.float64(0.1), italic=False, languageStyle='LTR', name='fix', opacity=1, ori=0.0, pos=array([0., 0.]), rgb=UNKNOWN, text='+', units='height', win=Window(...), wrapWidth=1)
12.5956 	EXP 	Created slider_training = Slider(__class__=<class 'psychopy.visual.slider.Slider'>, autoDraw=False, autoLog=True, borderColor=None, color=None, colorSpace='rgb', depth=-2, fillColor=None, flip=False, font='Noto Sans', granularity=1, labelColor=None, labelHeight=np.float64(0.05), labelWrapWidth=None, labels=(0, 1, 2, 3, 4, 5, 6, 7, 8, 9), lineColor=None, markerColor=None, name='slider_training', opacity=None, ori=0.0, pos=array([ 0. , -0.4]), readOnly=False, self=UNKNOWN, size=array([1. , 0.1]), startValue=None, style='choice', styleTweaks=[], ticks=array([0, 1, 2, 3, 4, 5, 6, 7, 8, 9]), units='norm', win=Window(...))
12.6009 	EXP 	Created fix = TextStim(__class__=<class 'psychopy.visual.text.TextStim'>, alignHoriz=method-wrapper(...), alignText='center', alignVert=method-wrapper(...), anchorHoriz='center', anchorVert='center', antialias=True, autoDraw=False, autoLog=True, bold=False, color=array([1., 1., 1.]), colorSpace='rgb', contrast=1.0, depth=-1.0, draggable=False, flipHoriz=False, flipVert=False, font='Open Sans', fontFiles=[], height=np.float64(0.1), italic=False, languageStyle='LTR', name='fix', opacity=1, ori=0.0, pos=array([0., 0.]), rgb=UNKNOWN, text='+', units='height', win=Window(...), wrapWidth=1)
12.6017 	EXP 	Created prog = Progress(__class__=<class 'psychopy.visual.progress.Progress'>, anchor=('left', 'top'), autoDraw=False, autoLog=True, closeShape=True, color=method-wrapper(...), colorSpace='rgb', contrast=None, depth=-1, draggable=False, fillColor=array([-1.    ,  0.5373, -1.    ]), fillColorSpace='rgb', fillRGB=array([-1.    ,  0.5373, -1.    ]), interpolate=True, lineColor=array([1., 1., 1.]), lineColorSpace='rgb', lineRGB=array([1, 1, 1]), lineWidth=4.0, name='prog', opacity=1.0, ori=0.0, pos=array([-0.5,  0.5]), size=array([1. , 0.1]), units='norm', vertices=ndarray(...), win=Window(...), windingRule=None)
12.6028 	EXP 	Created progBar = ShapeStim(__class__=<class 'psychopy.visual.shape.ShapeStim'>, anchor=('left', 'top'), autoDraw=False, autoLog=True, closeShape=True, color=method-wrapper(...), colorSpace='rgb', contrast=None, depth=-1, draggable=False, fillColor=array([ 1., -1., -1.]), fillColorSpace='rgb', fillRGB=array([ 1., -1., -1.]), interpolate=True, lineColor=array([0., 0., 0.]), lineColorSpace='rgb', lineRGB=array([0, 0, 0]), lineWidth=1.5, name='progBar', opacity=1.0, ori=0.0, pos=array([-0.5,  0.5]), size=array([1. , 0.1]), units='norm', vertices=ndarray(...), win=Window(...), windingRule=None)
12.6034 	EXP 	Created greenbar = Rect(__class__=<class 'psychopy.visual.rect.Rect'>, anchor=('left', 'center'), autoDraw=False, autoLog=True, closeShape=True, color=method-wrapper(...), colorSpace='rgb', contrast=None, depth=-2.0, draggable=False, fillColor=array([-1.    ,  0.0039, -1.    ]), fillColorSpace='rgb', fillRGB=array([-1.    ,  0.0039, -1.    ]), interpolate=True, lineColor=array([1., 1., 1.]), lineColorSpace='rgb', lineRGB=array([1, 1, 1]), lineWidth=1.0, name='greenbar', opacity=1, ori=0.0, pos=array([0.33333333, 0.7       ]), size=array([0.66666667, 0.1       ]), units='norm', vertices=ndarray(...), win=Window(...))
12.6039 	EXP 	Created yellowbar = Rect(__class__=<class 'psychopy.visual.rect.Rect'>, anchor=('left', 'center'), autoDraw=False, autoLog=True, closeShape=True, color=method-wrapper(...), colorSpace='rgb', contrast=None, depth=-3.0, draggable=False, fillColor=array([ 1.,  1., -1.]), fillColorSpace='rgb', fillRGB=array([ 1.,  1., -1.]), interpolate=True, lineColor=array([1., 1., 1.]), lineColorSpace='rgb', lineRGB=array([1, 1, 1]), lineWidth=1.0, name='yellowbar', opacity=1, ori=0.0, pos=array([-0.33333333,  0.7       ]), size=array([0.66666667, 0.1       ]), units='norm', vertices=ndarray(...), win=Window(...))
12.6044 	EXP 	Created redbar = Rect(__class__=<class 'psychopy.visual.rect.Rect'>, anchor=('left', 'center'), autoDraw=False, autoLog=True, closeShape=True, color=method-wrapper(...), colorSpace='rgb', contrast=None, depth=-4.0, draggable=False, fillColor=array([ 1., -1., -1.]), fillColorSpace='rgb', fillRGB=array([ 1., -1., -1.]), interpolate=True, lineColor=array([1., 1., 1.]), lineColorSpace='rgb', lineRGB=array([1, 1, 1]), lineWidth=1.0, name='redbar', opacity=1, ori=0.0, pos=array([-1. ,  0.7]), size=array([0.66666667, 0.1       ]), units='norm', vertices=ndarray(...), win=Window(...))
12.6051 	EXP 	Created arrow = ShapeStim(__class__=<class 'psychopy.visual.shape.ShapeStim'>, anchor=('center', 'center'), autoDraw=False, autoLog=True, closeShape=True, color=method-wrapper(...), colorSpace='rgb', contrast=None, depth=-5.0, draggable=False, fillColor=array([1, 1, 1]), fillColorSpace='rgb', fillRGB=array([1, 1, 1]), interpolate=True, lineColor=array([1., 1., 1.]), lineColorSpace='rgb', lineRGB=array([1, 1, 1]), lineWidth=1.0, name='arrow', opacity=1, ori=0.0, pos=array([0., 0.]), size=array([0.05, 0.05]), units='norm', vertices=ndarray(...), win=Window(...), windingRule=None)
12.6748 	EXP 	Created slider = Slider(__class__=<class 'psychopy.visual.slider.Slider'>, autoDraw=False, autoLog=True, borderColor=None, color=None, colorSpace='rgb', depth=-7, fillColor=None, flip=False, font='Noto Sans', granularity=1, labelColor=None, labelHeight=np.float64(0.05), labelWrapWidth=None, labels=(0, 1, 2, 3, 4, 5, 6, 7, 8, 9), lineColor=None, markerColor=None, name='slider', opacity=None, ori=0.0, pos=array([ 0. , -0.4]), readOnly=False, self=UNKNOWN, size=array([1. , 0.1]), startValue=None, style='choice', styleTweaks=[], ticks=array([0, 1, 2, 3, 4, 5, 6, 7, 8, 9]), units='norm', win=Window(...))
0.0048 	EXP 	equation_practice_1: autoLog = True
0.0048 	EXP 	slider_3: autoLog = True
0.0048 	EXP 	slider_3: styleTweaks = []
0.0048 	EXP 	slider_3: styleTweaks = []
0.0048 	EXP 	slider_3: styleTweaks = []
0.0048 	EXP 	slider_3: styleTweaks = []
0.0048 	EXP 	slider_3: contrast = 1.0
0.0048 	EXP 	slider_3: markerPos = None
0.0048 	EXP 	slider_3: autoLog = True
0.0048 	EXP 	feedback_practice_1: autoLog = True
0.0048 	EXP 	prog_3: direction = 'horizontal'
0.0048 	EXP 	prog_3: progress = 0.0
0.0048 	EXP 	textbox_5: autoLog = True
0.0048 	EXP 	slider_4: autoLog = True
0.0048 	EXP 	slider_4: styleTweaks = []
0.0048 	EXP 	slider_4: styleTweaks = []
0.0048 	EXP 	slider_4: styleTweaks = []
0.0048 	EXP 	slider_4: styleTweaks = []
0.0048 	EXP 	slider_4: contrast = 1.0
0.0048 	EXP 	slider_4: markerPos = None
0.0048 	EXP 	slider_4: autoLog = True
0.0048 	EXP 	feedback_practice_1: autoLog = True
0.0048 	EXP 	textbox_3: autoLog = True
0.0048 	EXP 	slider_training: autoLog = True
0.0048 	EXP 	slider_training: styleTweaks = []
0.0048 	EXP 	slider_training: styleTweaks = []
0.0048 	EXP 	slider_training: styleTweaks = []
0.0048 	EXP 	slider_training: styleTweaks = []
0.0048 	EXP 	slider_training: contrast = 1.0
0.0048 	EXP 	slider_training: markerPos = None
0.0048 	EXP 	slider_training: autoLog = True
0.0048 	EXP 	feedback_practice_1: autoLog = True
0.0048 	EXP 	prog: direction = 'horizontal'
0.0048 	EXP 	prog: progress = 0.0
0.0048 	EXP 	textbox: autoLog = True
0.0048 	EXP 	slider: autoLog = True
0.0048 	EXP 	slider: styleTweaks = []
0.0048 	EXP 	slider: styleTweaks = []
0.0048 	EXP 	slider: styleTweaks = []
0.0048 	EXP 	slider: styleTweaks = []
0.0048 	EXP 	slider: contrast = 1.0
0.0048 	EXP 	slider: markerPos = None
0.0048 	EXP 	slider: autoLog = True
0.0048 	EXP 	feedback_practice_1: autoLog = True
0.0120 	INFO 	Keyboard events cleared
0.0120 	EXP 	text: autoDraw = True
3.6253 	EXP 	Device response: <KeyPress from None: t=3.521522708000248, value=l, duration=None>
3.6289 	DATA 	Keypress: l
3.6300 	EXP 	Device response: <KeyPress from None: t=3.521522708000248, value=l, duration=0.10600037499989412>
3.6317 	INFO 	Keyboard events cleared
3.6317 	EXP 	text: autoDraw = False
3.6317 	EXP 	intstructs: autoDraw = True
4.9313 	EXP 	Device response: <KeyPress from None: t=4.926580958000159, value=space, duration=None>
4.9342 	DATA 	Keypress: space
4.9440 	DEBUG 	Read excel file with openpyxl: practice_difficulty.xlsx
4.9443 	EXP 	Imported practice_difficulty.xlsx as conditions, 3 conditions, 1 params
4.9463 	EXP 	New trial (rep=0, index=0): <Trial 0 (0 in rep 0) data={'prac_diff': 'easy1', 'thisN': 0, 'thisTrialN': 0, 'thisRepN': 0}>
4.9510 	EXP 	intstructs: autoDraw = False
4.9510 	EXP 	fix: autoDraw = True
5.0493 	EXP 	Device response: <KeyPress from None: t=4.926580958000159, value=space, duration=0.1139671669998279>
5.4585 	DEBUG 	Saving data for misty_module ExperimentHandler
5.4598 	INFO 	saved data to /Users/hackerman/misty_py/data/pilot_misty_module_2026-01-31_17h58.06.664.psydat
5.4605 	INFO 	saved data to '/Users/hackerman/misty_py/data/pilot_misty_module_2026-01-31_17h58.06.664.csv'
5.4623 	WARNING 	Stopping key buffers but this could be dangerous ifother keyboards rely on the same.
