10.5907 	WARNING 	Font Manager failed to load file /System/Library/PrivateFrameworks/FontServices.framework/Resources/Reserved/PingFangUI.ttc
10.6306 	WARNING 	Font Manager failed to load file /System/Library/PrivateFrameworks/FontServices.framework/Resources/Reserved/PingFangUI.ttc
12.4497 	DEBUG 	Fullscreen settings ignored as running in pilot mode.
12.4507 	INFO 	Loaded monitor calibration from ['2026_01_21 12:15']
12.5616 	INFO 	Using renderer 'Apple M4' for graphics
12.5616 	INFO 	OpenGL version supported by driver is 2..
12.5810 	EXP 	Created window1 = Window(allowGUI=False, allowStencil=True, autoLog=True, backendConf=UNKNOWN, backgroundFit=<method-wrapper '__getattribute__' of attributeSetter object at 0x17509d7e0>, backgroundImage=<method-wrapper '__getattribute__' of attributeSetter object at 0x17509d780>, bitsMode=UNKNOWN, blendMode='avg', bpc=(8, 8, 8), color=array([0, 0, 0]), colorSpace='rgb', depthBits=8, fullscr=False, gamma=None, gammaErrorPolicy='raise', infoMsg=UNKNOWN, lms=UNKNOWN, monitor=<psychopy.monitors.calibTools.Monitor object at 0x1750b3850>, multiSample=False, name='window1', numSamples=2, pos=[np.float64(335.0), np.float64(178.0)], screen=0, size=array([1600, 1200]), stencilBits=8, stereo=False, title='PsychoPy', units='height', useFBO=True, useRetina=True, viewOri=0.0, viewPos=None, viewScale=None, waitBlanking=True, winType='pyglet')
12.5810 	EXP 	window1: backgroundImage = ''
12.5810 	EXP 	window1: backgroundFit = 'none'
12.5965 	DEBUG 	TextBox2 loaded 1 chars with 0 blanks and 1 valid
12.6046 	DEBUG 	TextBox2 loaded 1 chars with 0 blanks and 1 valid
12.6128 	DEBUG 	TextBox2 loaded 1 chars with 0 blanks and 1 valid
12.6210 	DEBUG 	TextBox2 loaded 1 chars with 0 blanks and 1 valid
12.6293 	DEBUG 	TextBox2 loaded 1 chars with 0 blanks and 1 valid
12.6373 	DEBUG 	TextBox2 loaded 1 chars with 0 blanks and 1 valid
12.6455 	DEBUG 	TextBox2 loaded 1 chars with 0 blanks and 1 valid
12.6538 	DEBUG 	TextBox2 loaded 1 chars with 0 blanks and 1 valid
12.6617 	DEBUG 	TextBox2 loaded 1 chars with 0 blanks and 1 valid
12.6696 	DEBUG 	TextBox2 loaded 1 chars with 0 blanks and 1 valid
12.6778 	DEBUG 	TextBox2 loaded 1 chars with 0 blanks and 1 valid
12.6860 	DEBUG 	TextBox2 loaded 1 chars with 0 blanks and 1 valid
12.6942 	DEBUG 	TextBox2 loaded 1 chars with 0 blanks and 1 valid
12.7023 	DEBUG 	TextBox2 loaded 1 chars with 0 blanks and 1 valid
12.7105 	DEBUG 	TextBox2 loaded 1 chars with 0 blanks and 1 valid
12.7187 	DEBUG 	TextBox2 loaded 1 chars with 0 blanks and 1 valid
12.7269 	DEBUG 	TextBox2 loaded 1 chars with 0 blanks and 1 valid
12.7349 	DEBUG 	TextBox2 loaded 1 chars with 0 blanks and 1 valid
12.7429 	DEBUG 	TextBox2 loaded 1 chars with 0 blanks and 1 valid
12.7513 	DEBUG 	TextBox2 loaded 1 chars with 0 blanks and 1 valid
12.7593 	DEBUG 	TextBox2 loaded 1 chars with 0 blanks and 1 valid
12.7594 	DEBUG 	Uploading Texture Font fontname to graphics card
12.7622 	DEBUG 	Upload of Texture Font fontname complete
12.7731 	DEBUG 	TextBox2 loaded 1 chars with 0 blanks and 1 valid
12.7812 	DEBUG 	TextBox2 loaded 1 chars with 0 blanks and 1 valid
12.7893 	DEBUG 	TextBox2 loaded 1 chars with 0 blanks and 1 valid
12.7894 	DEBUG 	Uploading Texture Font fontname to graphics card
12.7909 	DEBUG 	Upload of Texture Font fontname complete
12.7918 	EXP 	window1: Attempting to measure frame rate of screen (0) ...
12.7918 	EXP 	window1: recordFrameIntervals = False
12.9134 	EXP 	window1: recordFrameIntervals = True
13.7476 	WARNING 	Couldn't measure a consistent frame rate!
  - Is your graphics card set to sync to vertical blank?
  - Are you running other processes on your computer?

13.7715 	DEBUG 	TextBox2 loaded 1 chars with 0 blanks and 1 valid
13.7836 	DEBUG 	TextBox2 loaded 1 chars with 0 blanks and 1 valid
13.7942 	DEBUG 	TextBox2 loaded 1 chars with 0 blanks and 1 valid
13.8041 	DEBUG 	TextBox2 loaded 1 chars with 0 blanks and 1 valid
13.8132 	DEBUG 	TextBox2 loaded 1 chars with 0 blanks and 1 valid
13.8218 	DEBUG 	TextBox2 loaded 1 chars with 0 blanks and 1 valid
13.8298 	DEBUG 	TextBox2 loaded 1 chars with 0 blanks and 1 valid
13.8378 	DEBUG 	TextBox2 loaded 1 chars with 0 blanks and 1 valid
13.8457 	DEBUG 	TextBox2 loaded 1 chars with 0 blanks and 1 valid
13.8536 	DEBUG 	TextBox2 loaded 1 chars with 0 blanks and 1 valid
13.8537 	DEBUG 	Uploading Texture Font fontname to graphics card
13.8554 	DEBUG 	Upload of Texture Font fontname complete
14.4471 	INFO 	keyboard.Keyboard is using ptb backend.
14.4471 	EXP 	misty_module: status = STARTED
14.4846 	EXP 	Created text = TextStim(__class__=<class 'psychopy.visual.text.TextStim'>, alignHoriz=method-wrapper(...), alignText='center', alignVert=method-wrapper(...), anchorHoriz='center', anchorVert='center', antialias=True, autoDraw=False, autoLog=True, bold=False, color=array([1., 1., 1.]), colorSpace='rgb', contrast=1.0, depth=-1.0, draggable=False, flipHoriz=False, flipVert=False, font='Arial', fontFiles=[], height=np.float64(0.05), italic=False, languageStyle='LTR', name='text', opacity=1, ori=0.0, pos=array([0., 0.]), rgb=UNKNOWN, text=str(...), units='height', win=Window(...), wrapWidth=1)
14.4920 	EXP 	Created intstructs = TextStim(__class__=<class 'psychopy.visual.text.TextStim'>, alignHoriz=method-wrapper(...), alignText='center', alignVert=method-wrapper(...), anchorHoriz='center', anchorVert='center', antialias=True, autoDraw=False, autoLog=True, bold=False, color=array([1., 1., 1.]), colorSpace='rgb', contrast=1.0, depth=0.0, draggable=False, flipHoriz=False, flipVert=False, font='Arial', fontFiles=[], height=np.float64(0.05), italic=False, languageStyle='LTR', name='intstructs', opacity=1, ori=0.0, pos=array([0., 0.]), rgb=UNKNOWN, text=str(...), units='height', win=Window(...), wrapWidth=1)
14.4942 	EXP 	Created fix = TextStim(__class__=<class 'psychopy.visual.text.TextStim'>, alignHoriz=method-wrapper(...), alignText='center', alignVert=method-wrapper(...), anchorHoriz='center', anchorVert='center', antialias=True, autoDraw=False, autoLog=True, bold=False, color=array([1., 1., 1.]), colorSpace='rgb', contrast=1.0, depth=-1.0, draggable=False, flipHoriz=False, flipVert=False, font='Open Sans', fontFiles=[], height=np.float64(0.1), italic=False, languageStyle='LTR', name='fix', opacity=1, ori=0.0, pos=array([0., 0.]), rgb=UNKNOWN, text='+', units='height', win=Window(...), wrapWidth=1)
14.4996 	DEBUG 	TextBox2 loaded 1 chars with 0 blanks and 1 valid
14.5002 	DEBUG 	TextBox2 loaded 1 chars with 0 blanks and 1 valid
14.5008 	DEBUG 	TextBox2 loaded 1 chars with 0 blanks and 1 valid
14.5013 	DEBUG 	TextBox2 loaded 1 chars with 0 blanks and 1 valid
14.5015 	DEBUG 	TextBox2 loaded 1 chars with 0 blanks and 1 valid
14.5018 	DEBUG 	TextBox2 loaded 1 chars with 0 blanks and 1 valid
14.5023 	DEBUG 	TextBox2 loaded 1 chars with 0 blanks and 1 valid
14.5027 	DEBUG 	TextBox2 loaded 1 chars with 0 blanks and 1 valid
14.5030 	DEBUG 	TextBox2 loaded 1 chars with 0 blanks and 1 valid
14.5031 	DEBUG 	Uploading Texture Font fontname to graphics card
14.5052 	DEBUG 	Upload of Texture Font fontname complete
14.5275 	DEBUG 	TextBox2 loaded 1 chars with 0 blanks and 1 valid
14.5276 	DEBUG 	Uploading Texture Font fontname to graphics card
14.5299 	DEBUG 	Upload of Texture Font fontname complete
14.5405 	DEBUG 	TextBox2 loaded 1 chars with 0 blanks and 1 valid
14.5485 	DEBUG 	TextBox2 loaded 1 chars with 0 blanks and 1 valid
14.5564 	DEBUG 	TextBox2 loaded 1 chars with 0 blanks and 1 valid
14.5642 	DEBUG 	TextBox2 loaded 1 chars with 0 blanks and 1 valid
14.5720 	DEBUG 	TextBox2 loaded 1 chars with 0 blanks and 1 valid
14.5798 	DEBUG 	TextBox2 loaded 1 chars with 0 blanks and 1 valid
14.5877 	DEBUG 	TextBox2 loaded 1 chars with 0 blanks and 1 valid
14.5954 	DEBUG 	TextBox2 loaded 1 chars with 0 blanks and 1 valid
14.6033 	DEBUG 	TextBox2 loaded 1 chars with 0 blanks and 1 valid
14.6110 	DEBUG 	TextBox2 loaded 1 chars with 0 blanks and 1 valid
14.6111 	DEBUG 	Uploading Texture Font fontname to graphics card
14.6127 	DEBUG 	Upload of Texture Font fontname complete
14.6230 	DEBUG 	TextBox2 loaded 1 chars with 0 blanks and 1 valid
14.6231 	DEBUG 	Uploading Texture Font fontname to graphics card
14.6246 	DEBUG 	Upload of Texture Font fontname complete
14.6373 	DEBUG 	TextBox2 loaded 1 chars with 0 blanks and 1 valid
14.6374 	DEBUG 	Uploading Texture Font fontname to graphics card
14.6389 	DEBUG 	Upload of Texture Font fontname complete
14.6516 	DEBUG 	TextBox2 loaded 1 chars with 0 blanks and 1 valid
14.6517 	DEBUG 	Uploading Texture Font fontname to graphics card
14.6532 	DEBUG 	Upload of Texture Font fontname complete
14.6659 	DEBUG 	TextBox2 loaded 1 chars with 0 blanks and 1 valid
14.6660 	DEBUG 	Uploading Texture Font fontname to graphics card
14.6674 	DEBUG 	Upload of Texture Font fontname complete
14.6801 	DEBUG 	TextBox2 loaded 1 chars with 0 blanks and 1 valid
14.6802 	DEBUG 	Uploading Texture Font fontname to graphics card
14.6817 	DEBUG 	Upload of Texture Font fontname complete
14.6943 	DEBUG 	TextBox2 loaded 1 chars with 0 blanks and 1 valid
14.6944 	DEBUG 	Uploading Texture Font fontname to graphics card
14.6959 	DEBUG 	Upload of Texture Font fontname complete
14.7086 	DEBUG 	TextBox2 loaded 1 chars with 0 blanks and 1 valid
14.7086 	DEBUG 	Uploading Texture Font fontname to graphics card
14.7101 	DEBUG 	Upload of Texture Font fontname complete
14.7228 	DEBUG 	TextBox2 loaded 1 chars with 0 blanks and 1 valid
14.7229 	DEBUG 	Uploading Texture Font fontname to graphics card
14.7243 	DEBUG 	Upload of Texture Font fontname complete
14.7370 	DEBUG 	TextBox2 loaded 1 chars with 0 blanks and 1 valid
14.7371 	DEBUG 	Uploading Texture Font fontname to graphics card
14.7386 	DEBUG 	Upload of Texture Font fontname complete
14.7617 	EXP 	Created slider_3 = Slider(__class__=<class 'psychopy.visual.slider.Slider'>, autoDraw=False, autoLog=True, borderColor=None, color=None, colorSpace='rgb', depth=-2, fillColor=None, flip=False, font='Noto Sans', granularity=1, labelColor=None, labelHeight=np.float64(0.05), labelWrapWidth=None, labels=(0, 1, 2, 3, 4, 5, 6, 7, 8, 9), lineColor=None, markerColor=None, name='slider_3', opacity=None, ori=0.0, pos=array([ 0. , -0.4]), readOnly=False, self=UNKNOWN, size=array([1. , 0.1]), startValue=None, style='choice', styleTweaks=[], ticks=array([0, 1, 2, 3, 4, 5, 6, 7, 8, 9]), units='norm', win=Window(...))
14.7685 	EXP 	Created text_2 = TextStim(__class__=<class 'psychopy.visual.text.TextStim'>, alignHoriz=method-wrapper(...), alignText='center', alignVert=method-wrapper(...), anchorHoriz='center', anchorVert='center', antialias=True, autoDraw=False, autoLog=True, bold=False, color=array([1., 1., 1.]), colorSpace='rgb', contrast=1.0, depth=0.0, draggable=False, flipHoriz=False, flipVert=False, font='Arial', fontFiles=[], height=np.float64(0.05), italic=False, languageStyle='LTR', name='text_2', opacity=1, ori=0.0, pos=array([0., 0.]), rgb=UNKNOWN, text=str(...), units='height', win=Window(...), wrapWidth=1)
14.7693 	EXP 	Created fix = TextStim(__class__=<class 'psychopy.visual.text.TextStim'>, alignHoriz=method-wrapper(...), alignText='center', alignVert=method-wrapper(...), anchorHoriz='center', anchorVert='center', antialias=True, autoDraw=False, autoLog=True, bold=False, color=array([1., 1., 1.]), colorSpace='rgb', contrast=1.0, depth=-1.0, draggable=False, flipHoriz=False, flipVert=False, font='Open Sans', fontFiles=[], height=np.float64(0.1), italic=False, languageStyle='LTR', name='fix', opacity=1, ori=0.0, pos=array([0., 0.]), rgb=UNKNOWN, text='+', units='height', win=Window(...), wrapWidth=1)
14.7717 	EXP 	Created prog_3 = Progress(__class__=<class 'psychopy.visual.progress.Progress'>, anchor=('left', 'top'), autoDraw=False, autoLog=True, closeShape=True, color=method-wrapper(...), colorSpace='rgb', contrast=None, depth=-1, draggable=False, fillColor=array([-1.    ,  0.5373, -1.    ]), fillColorSpace='rgb', fillRGB=array([-1.    ,  0.5373, -1.    ]), interpolate=True, lineColor=array([1., 1., 1.]), lineColorSpace='rgb', lineRGB=array([1, 1, 1]), lineWidth=4.0, name='prog_3', opacity=1.0, ori=0.0, pos=array([-0.5,  0.5]), size=array([1. , 0.1]), units='norm', vertices=ndarray(...), win=Window(...), windingRule=None)
14.7725 	EXP 	Created prog_3Bar = ShapeStim(__class__=<class 'psychopy.visual.shape.ShapeStim'>, anchor=('left', 'top'), autoDraw=False, autoLog=True, closeShape=True, color=method-wrapper(...), colorSpace='rgb', contrast=None, depth=-1, draggable=False, fillColor=array([ 1., -1., -1.]), fillColorSpace='rgb', fillRGB=array([ 1., -1., -1.]), interpolate=True, lineColor=array([0., 0., 0.]), lineColorSpace='rgb', lineRGB=array([0, 0, 0]), lineWidth=1.5, name='prog_3Bar', opacity=1.0, ori=0.0, pos=array([-0.5,  0.5]), size=array([1. , 0.1]), units='norm', vertices=ndarray(...), win=Window(...), windingRule=None)
14.7731 	EXP 	Created redbar_3 = Rect(__class__=<class 'psychopy.visual.rect.Rect'>, anchor=('left', 'center'), autoDraw=False, autoLog=True, closeShape=True, color=method-wrapper(...), colorSpace='rgb', contrast=None, depth=-2.0, draggable=False, fillColor=array([ 1., -1., -1.]), fillColorSpace='rgb', fillRGB=array([ 1., -1., -1.]), interpolate=True, lineColor=array([1., 1., 1.]), lineColorSpace='rgb', lineRGB=array([1, 1, 1]), lineWidth=1.0, name='redbar_3', opacity=1, ori=0.0, pos=array([-1. ,  0.7]), size=array([2. , 0.1]), units='norm', vertices=ndarray(...), win=Window(...))
14.7737 	EXP 	Created yellowbar_3 = Rect(__class__=<class 'psychopy.visual.rect.Rect'>, anchor=('left', 'center'), autoDraw=False, autoLog=True, closeShape=True, color=method-wrapper(...), colorSpace='rgb', contrast=None, depth=-3.0, draggable=False, fillColor=array([ 1.,  1., -1.]), fillColorSpace='rgb', fillRGB=array([ 1.,  1., -1.]), interpolate=True, lineColor=array([1., 1., 1.]), lineColorSpace='rgb', lineRGB=array([1, 1, 1]), lineWidth=1.0, name='yellowbar_3', opacity=1, ori=0.0, pos=array([0. , 0.7]), size=array([1. , 0.1]), units='norm', vertices=ndarray(...), win=Window(...))
14.7742 	EXP 	Created greenbar_3 = Rect(__class__=<class 'psychopy.visual.rect.Rect'>, anchor=('left', 'center'), autoDraw=False, autoLog=True, closeShape=True, color=method-wrapper(...), colorSpace='rgb', contrast=None, depth=-4.0, draggable=False, fillColor=array([-1.    ,  0.0039, -1.    ]), fillColorSpace='rgb', fillRGB=array([-1.    ,  0.0039, -1.    ]), interpolate=True, lineColor=array([1., 1., 1.]), lineColorSpace='rgb', lineRGB=array([1, 1, 1]), lineWidth=1.0, name='greenbar_3', opacity=1, ori=0.0, pos=array([0.7, 0.7]), size=array([0.3, 0.1]), units='norm', vertices=ndarray(...), win=Window(...))
14.7749 	EXP 	Created arrow_3 = ShapeStim(__class__=<class 'psychopy.visual.shape.ShapeStim'>, anchor=('center', 'center'), autoDraw=False, autoLog=True, closeShape=True, color=method-wrapper(...), colorSpace='rgb', contrast=None, depth=-5.0, draggable=False, fillColor=array([1, 1, 1]), fillColorSpace='rgb', fillRGB=array([1, 1, 1]), interpolate=True, lineColor=array([1., 1., 1.]), lineColorSpace='rgb', lineRGB=array([1, 1, 1]), lineWidth=1.0, name='arrow_3', opacity=1, ori=0.0, pos=array([0., 0.]), size=array([0.05, 0.05]), units='norm', vertices=ndarray(...), win=Window(...), windingRule=None)
14.7756 	EXP 	Created arrow_4 = ShapeStim(__class__=<class 'psychopy.visual.shape.ShapeStim'>, anchor=('center', 'center'), autoDraw=False, autoLog=True, closeShape=True, color=method-wrapper(...), colorSpace='rgb', contrast=None, depth=-6.0, draggable=False, fillColor=array([1, 1, 1]), fillColorSpace='rgb', fillRGB=array([1, 1, 1]), interpolate=True, lineColor=array([1., 1., 1.]), lineColorSpace='rgb', lineRGB=array([1, 1, 1]), lineWidth=1.0, name='arrow_4', opacity=1, ori=0.0, pos=array([0., 0.]), size=array([0.05, 0.05]), units='norm', vertices=ndarray(...), win=Window(...), windingRule=None)
14.7787 	DEBUG 	TextBox2 loaded 1 chars with 0 blanks and 1 valid
14.7790 	DEBUG 	TextBox2 loaded 1 chars with 0 blanks and 1 valid
14.7793 	DEBUG 	TextBox2 loaded 1 chars with 0 blanks and 1 valid
14.7796 	DEBUG 	TextBox2 loaded 1 chars with 0 blanks and 1 valid
14.7799 	DEBUG 	TextBox2 loaded 1 chars with 0 blanks and 1 valid
14.7801 	DEBUG 	TextBox2 loaded 1 chars with 0 blanks and 1 valid
14.7802 	DEBUG 	Uploading Texture Font fontname to graphics card
14.7826 	DEBUG 	Upload of Texture Font fontname complete
14.7856 	DEBUG 	TextBox2 loaded 1 chars with 0 blanks and 1 valid
14.7860 	DEBUG 	TextBox2 loaded 1 chars with 0 blanks and 1 valid
14.7862 	DEBUG 	TextBox2 loaded 1 chars with 0 blanks and 1 valid
14.7864 	DEBUG 	TextBox2 loaded 1 chars with 0 blanks and 1 valid
14.7867 	DEBUG 	TextBox2 loaded 1 chars with 0 blanks and 1 valid
14.7869 	DEBUG 	TextBox2 loaded 1 chars with 0 blanks and 1 valid
14.7870 	DEBUG 	Uploading Texture Font fontname to graphics card
14.7886 	DEBUG 	Upload of Texture Font fontname complete
14.7914 	DEBUG 	TextBox2 loaded 1 chars with 0 blanks and 1 valid
14.7917 	DEBUG 	TextBox2 loaded 1 chars with 0 blanks and 1 valid
14.7919 	DEBUG 	TextBox2 loaded 1 chars with 0 blanks and 1 valid
14.7920 	DEBUG 	Uploading Texture Font fontname to graphics card
14.7935 	DEBUG 	Upload of Texture Font fontname complete
14.8653 	EXP 	Created slider_4 = Slider(__class__=<class 'psychopy.visual.slider.Slider'>, autoDraw=False, autoLog=True, borderColor=None, color=None, colorSpace='rgb', depth=-9, fillColor=None, flip=False, font='Noto Sans', granularity=1, labelColor=None, labelHeight=np.float64(0.05), labelWrapWidth=None, labels=(0, 1, 2, 3, 4, 5, 6, 7, 8, 9), lineColor=None, markerColor=None, name='slider_4', opacity=None, ori=0.0, pos=array([ 0. , -0.4]), readOnly=False, self=UNKNOWN, size=array([1. , 0.1]), startValue=None, style='choice', styleTweaks=[], ticks=array([0, 1, 2, 3, 4, 5, 6, 7, 8, 9]), units='norm', win=Window(...))
14.8756 	EXP 	Created text_3 = TextStim(__class__=<class 'psychopy.visual.text.TextStim'>, alignHoriz=method-wrapper(...), alignText='center', alignVert=method-wrapper(...), anchorHoriz='center', anchorVert='center', antialias=True, autoDraw=False, autoLog=True, bold=False, color=array([1., 1., 1.]), colorSpace='rgb', contrast=1.0, depth=0.0, draggable=False, flipHoriz=False, flipVert=False, font='Arial', fontFiles=[], height=np.float64(0.05), italic=False, languageStyle='LTR', name='text_3', opacity=1, ori=0.0, pos=array([0., 0.]), rgb=UNKNOWN, text='Training instructions here', units='height', win=Window(...), wrapWidth=1)
14.8764 	EXP 	Created fix = TextStim(__class__=<class 'psychopy.visual.text.TextStim'>, alignHoriz=method-wrapper(...), alignText='center', alignVert=method-wrapper(...), anchorHoriz='center', anchorVert='center', antialias=True, autoDraw=False, autoLog=True, bold=False, color=array([1., 1., 1.]), colorSpace='rgb', contrast=1.0, depth=-1.0, draggable=False, flipHoriz=False, flipVert=False, font='Open Sans', fontFiles=[], height=np.float64(0.1), italic=False, languageStyle='LTR', name='fix', opacity=1, ori=0.0, pos=array([0., 0.]), rgb=UNKNOWN, text='+', units='height', win=Window(...), wrapWidth=1)
14.9498 	EXP 	Created slider_training = Slider(__class__=<class 'psychopy.visual.slider.Slider'>, autoDraw=False, autoLog=True, borderColor=None, color=None, colorSpace='rgb', depth=-2, fillColor=None, flip=False, font='Noto Sans', granularity=1, labelColor=None, labelHeight=np.float64(0.05), labelWrapWidth=None, labels=(0, 1, 2, 3, 4, 5, 6, 7, 8, 9), lineColor=None, markerColor=None, name='slider_training', opacity=None, ori=0.0, pos=array([ 0. , -0.4]), readOnly=False, self=UNKNOWN, size=array([1. , 0.1]), startValue=None, style='choice', styleTweaks=[], ticks=array([0, 1, 2, 3, 4, 5, 6, 7, 8, 9]), units='norm', win=Window(...))
14.9567 	EXP 	Created text_4 = TextStim(__class__=<class 'psychopy.visual.text.TextStim'>, alignHoriz=method-wrapper(...), alignText='center', alignVert=method-wrapper(...), anchorHoriz='center', anchorVert='center', antialias=True, autoDraw=False, autoLog=True, bold=False, color=array([1., 1., 1.]), colorSpace='rgb', contrast=1.0, depth=0.0, draggable=False, flipHoriz=False, flipVert=False, font='Arial', fontFiles=[], height=np.float64(0.05), italic=False, languageStyle='LTR', name='text_4', opacity=1, ori=0.0, pos=array([0., 0.]), rgb=UNKNOWN, text='Please press space to move onto the next block', units='height', win=Window(...), wrapWidth=1)
14.9582 	EXP 	Created text_6 = TextStim(__class__=<class 'psychopy.visual.text.TextStim'>, alignHoriz=method-wrapper(...), alignText='center', alignVert=method-wrapper(...), anchorHoriz='center', anchorVert='center', antialias=True, autoDraw=False, autoLog=True, bold=False, color=array([1., 1., 1.]), colorSpace='rgb', contrast=1.0, depth=0.0, draggable=False, flipHoriz=False, flipVert=False, font='Arial', fontFiles=[], height=np.float64(0.05), italic=False, languageStyle='LTR', name='text_6', opacity=1, ori=0.0, pos=array([0., 0.]), rgb=UNKNOWN, text='Press Space to Start experiment', units='height', win=Window(...), wrapWidth=1)
14.9589 	EXP 	Created fix = TextStim(__class__=<class 'psychopy.visual.text.TextStim'>, alignHoriz=method-wrapper(...), alignText='center', alignVert=method-wrapper(...), anchorHoriz='center', anchorVert='center', antialias=True, autoDraw=False, autoLog=True, bold=False, color=array([1., 1., 1.]), colorSpace='rgb', contrast=1.0, depth=-1.0, draggable=False, flipHoriz=False, flipVert=False, font='Open Sans', fontFiles=[], height=np.float64(0.1), italic=False, languageStyle='LTR', name='fix', opacity=1, ori=0.0, pos=array([0., 0.]), rgb=UNKNOWN, text='+', units='height', win=Window(...), wrapWidth=1)
14.9597 	EXP 	Created prog = Progress(__class__=<class 'psychopy.visual.progress.Progress'>, anchor=('left', 'top'), autoDraw=False, autoLog=True, closeShape=True, color=method-wrapper(...), colorSpace='rgb', contrast=None, depth=-1, draggable=False, fillColor=array([-1.    ,  0.5373, -1.    ]), fillColorSpace='rgb', fillRGB=array([-1.    ,  0.5373, -1.    ]), interpolate=True, lineColor=array([1., 1., 1.]), lineColorSpace='rgb', lineRGB=array([1, 1, 1]), lineWidth=4.0, name='prog', opacity=1.0, ori=0.0, pos=array([-0.5,  0.5]), size=array([1. , 0.1]), units='norm', vertices=ndarray(...), win=Window(...), windingRule=None)
14.9604 	EXP 	Created progBar = ShapeStim(__class__=<class 'psychopy.visual.shape.ShapeStim'>, anchor=('left', 'top'), autoDraw=False, autoLog=True, closeShape=True, color=method-wrapper(...), colorSpace='rgb', contrast=None, depth=-1, draggable=False, fillColor=array([ 1., -1., -1.]), fillColorSpace='rgb', fillRGB=array([ 1., -1., -1.]), interpolate=True, lineColor=array([0., 0., 0.]), lineColorSpace='rgb', lineRGB=array([0, 0, 0]), lineWidth=1.5, name='progBar', opacity=1.0, ori=0.0, pos=array([-0.5,  0.5]), size=array([1. , 0.1]), units='norm', vertices=ndarray(...), win=Window(...), windingRule=None)
14.9610 	EXP 	Created redbar = Rect(__class__=<class 'psychopy.visual.rect.Rect'>, anchor=('left', 'center'), autoDraw=False, autoLog=True, closeShape=True, color=method-wrapper(...), colorSpace='rgb', contrast=None, depth=-2.0, draggable=False, fillColor=array([ 1., -1., -1.]), fillColorSpace='rgb', fillRGB=array([ 1., -1., -1.]), interpolate=True, lineColor=array([1., 1., 1.]), lineColorSpace='rgb', lineRGB=array([1, 1, 1]), lineWidth=1.0, name='redbar', opacity=1, ori=0.0, pos=array([-1. ,  0.7]), size=array([2. , 0.1]), units='norm', vertices=ndarray(...), win=Window(...))
14.9616 	EXP 	Created yellowbar = Rect(__class__=<class 'psychopy.visual.rect.Rect'>, anchor=('left', 'center'), autoDraw=False, autoLog=True, closeShape=True, color=method-wrapper(...), colorSpace='rgb', contrast=None, depth=-3.0, draggable=False, fillColor=array([ 1.,  1., -1.]), fillColorSpace='rgb', fillRGB=array([ 1.,  1., -1.]), interpolate=True, lineColor=array([1., 1., 1.]), lineColorSpace='rgb', lineRGB=array([1, 1, 1]), lineWidth=1.0, name='yellowbar', opacity=1, ori=0.0, pos=array([0. , 0.7]), size=array([1. , 0.1]), units='norm', vertices=ndarray(...), win=Window(...))
14.9621 	EXP 	Created greenbar = Rect(__class__=<class 'psychopy.visual.rect.Rect'>, anchor=('left', 'center'), autoDraw=False, autoLog=True, closeShape=True, color=method-wrapper(...), colorSpace='rgb', contrast=None, depth=-4.0, draggable=False, fillColor=array([-1.    ,  0.0039, -1.    ]), fillColorSpace='rgb', fillRGB=array([-1.    ,  0.0039, -1.    ]), interpolate=True, lineColor=array([1., 1., 1.]), lineColorSpace='rgb', lineRGB=array([1, 1, 1]), lineWidth=1.0, name='greenbar', opacity=1, ori=0.0, pos=array([0.7, 0.7]), size=array([0.3, 0.1]), units='norm', vertices=ndarray(...), win=Window(...))
14.9629 	EXP 	Created targarrow = ShapeStim(__class__=<class 'psychopy.visual.shape.ShapeStim'>, anchor=('center', 'center'), autoDraw=False, autoLog=True, closeShape=True, color=method-wrapper(...), colorSpace='rgb', contrast=None, depth=-5.0, draggable=False, fillColor=array([1, 1, 1]), fillColorSpace='rgb', fillRGB=array([1, 1, 1]), interpolate=True, lineColor=array([1., 1., 1.]), lineColorSpace='rgb', lineRGB=array([1, 1, 1]), lineWidth=1.0, name='targarrow', opacity=1, ori=0.0, pos=array([0.7, 0.6]), size=array([0.05, 0.05]), units='norm', vertices=ndarray(...), win=Window(...), windingRule=None)
14.9636 	EXP 	Created userArrow = ShapeStim(__class__=<class 'psychopy.visual.shape.ShapeStim'>, anchor=('center', 'center'), autoDraw=False, autoLog=True, closeShape=True, color=method-wrapper(...), colorSpace='rgb', contrast=None, depth=-6.0, draggable=False, fillColor=array([1, 1, 1]), fillColorSpace='rgb', fillRGB=array([1, 1, 1]), interpolate=True, lineColor=array([1., 1., 1.]), lineColorSpace='rgb', lineRGB=array([1, 1, 1]), lineWidth=1.0, name='userArrow', opacity=1, ori=0.0, pos=array([0., 0.]), size=array([0.05, 0.05]), units='norm', vertices=ndarray(...), win=Window(...), windingRule=None)
15.0470 	EXP 	Created slider = Slider(__class__=<class 'psychopy.visual.slider.Slider'>, autoDraw=False, autoLog=True, borderColor=None, color=None, colorSpace='rgb', depth=-10, fillColor=None, flip=False, font='Noto Sans', granularity=1, labelColor=None, labelHeight=np.float64(0.05), labelWrapWidth=None, labels=(0, 1, 2, 3, 4, 5, 6, 7, 8, 9), lineColor=None, markerColor=None, name='slider', opacity=None, ori=0.0, pos=array([ 0. , -0.4]), readOnly=False, self=UNKNOWN, size=array([1. , 0.1]), startValue=None, style='choice', styleTweaks=[], ticks=array([0, 1, 2, 3, 4, 5, 6, 7, 8, 9]), units='norm', win=Window(...))
15.0477 	EXP 	Created norm_arrow = ShapeStim(__class__=<class 'psychopy.visual.shape.ShapeStim'>, anchor=('center', 'center'), autoDraw=False, autoLog=True, closeShape=True, color=method-wrapper(...), colorSpace='rgb', contrast=None, depth=-12.0, draggable=False, fillColor=array([1, 1, 1]), fillColorSpace='rgb', fillRGB=array([1, 1, 1]), interpolate=True, lineColor=array([1., 1., 1.]), lineColorSpace='rgb', lineRGB=array([1, 1, 1]), lineWidth=1.0, name='norm_arrow', opacity=1, ori=0.0, pos=array([0.7, 0.6]), size=array([0.05, 0.05]), units='height', vertices=ndarray(...), win=Window(...), windingRule=None)
15.0525 	EXP 	Created text_5 = TextStim(__class__=<class 'psychopy.visual.text.TextStim'>, alignHoriz=method-wrapper(...), alignText='center', alignVert=method-wrapper(...), anchorHoriz='center', anchorVert='center', antialias=True, autoDraw=False, autoLog=True, bold=False, color=array([1., 1., 1.]), colorSpace='rgb', contrast=1.0, depth=0.0, draggable=False, flipHoriz=False, flipVert=False, font='Arial', fontFiles=[], height=0.05, italic=False, languageStyle='LTR', name='text_5', opacity=1, ori=0.0, pos=array([0., 0.]), rgb=UNKNOWN, text='', units='height', win=Window(...), wrapWidth=1)
15.0543 	EXP 	Created text_7 = TextStim(__class__=<class 'psychopy.visual.text.TextStim'>, alignHoriz=method-wrapper(...), alignText='center', alignVert=method-wrapper(...), anchorHoriz='center', anchorVert='center', antialias=True, autoDraw=False, autoLog=True, bold=False, color=array([1., 1., 1.]), colorSpace='rgb', contrast=1.0, depth=0.0, draggable=False, flipHoriz=False, flipVert=False, font='Arial', fontFiles=[], height=np.float64(0.05), italic=False, languageStyle='LTR', name='text_7', opacity=1, ori=0.0, pos=array([0., 0.]), rgb=UNKNOWN, text=str(...), units='height', win=Window(...), wrapWidth=1)
0.0044 	EXP 	equation_practice_1: autoLog = True
0.0044 	EXP 	slider_3: autoLog = True
0.0044 	EXP 	slider_3: styleTweaks = []
0.0044 	EXP 	slider_3: styleTweaks = []
0.0044 	EXP 	slider_3: styleTweaks = []
0.0044 	EXP 	slider_3: styleTweaks = []
0.0044 	EXP 	slider_3: contrast = 1.0
0.0044 	EXP 	slider_3: markerPos = None
0.0044 	EXP 	slider_3: autoLog = True
0.0044 	EXP 	feedback_practice_1: autoLog = True
0.0044 	EXP 	prog_3: direction = 'horizontal'
0.0044 	EXP 	prog_3: progress = 0.0
0.0044 	EXP 	targlab: autoLog = True
0.0044 	EXP 	yourperf: autoLog = True
0.0044 	EXP 	slider_4: autoLog = True
0.0044 	EXP 	slider_4: styleTweaks = []
0.0044 	EXP 	slider_4: styleTweaks = []
0.0044 	EXP 	slider_4: styleTweaks = []
0.0044 	EXP 	slider_4: styleTweaks = []
0.0044 	EXP 	slider_4: contrast = 1.0
0.0044 	EXP 	slider_4: markerPos = None
0.0044 	EXP 	slider_4: autoLog = True
0.0044 	EXP 	textbox_5: autoLog = True
0.0044 	EXP 	feedback_practice_1: autoLog = True
0.0044 	EXP 	textbox_3: autoLog = True
0.0044 	EXP 	slider_training: autoLog = True
0.0044 	EXP 	slider_training: styleTweaks = []
0.0044 	EXP 	slider_training: styleTweaks = []
0.0044 	EXP 	slider_training: styleTweaks = []
0.0044 	EXP 	slider_training: styleTweaks = []
0.0044 	EXP 	slider_training: contrast = 1.0
0.0044 	EXP 	slider_training: markerPos = None
0.0044 	EXP 	slider_training: autoLog = True
0.0044 	EXP 	feedback_practice_1: autoLog = True
0.0044 	EXP 	prog: direction = 'horizontal'
0.0044 	EXP 	prog: progress = 0.0
0.0044 	EXP 	yourperfexp: autoLog = True
0.0044 	EXP 	tarlabexp: autoLog = True
0.0044 	EXP 	textbox: autoLog = True
0.0044 	EXP 	slider: autoLog = True
0.0044 	EXP 	slider: styleTweaks = []
0.0044 	EXP 	slider: styleTweaks = []
0.0044 	EXP 	slider: styleTweaks = []
0.0044 	EXP 	slider: styleTweaks = []
0.0044 	EXP 	slider: contrast = 1.0
0.0044 	EXP 	slider: markerPos = None
0.0044 	EXP 	slider: autoLog = True
0.0044 	EXP 	feedback_practice_1: autoLog = True
0.0116 	DEBUG 	Read excel file with openpyxl: experiment_difficulty.xlsx
0.0118 	EXP 	Imported experiment_difficulty.xlsx as conditions, 5 conditions, 3 params
0.0121 	EXP 	New trial (rep=0, index=0): <Trial 0 (0 in rep 0) data={'exp_diff': 'hard', 'exp_time': 120, 'diffbyt': 7.0, 'thisN': 0, 'thisTrialN': 0, 'thisRepN': 0}>
0.0147 	EXP 	New trial (rep=0, index=0): <Trial 0 (0 in rep 0) data={'thisN': 0, 'thisTrialN': 0, 'thisRepN': 0}>
0.0200 	EXP 	fix: autoDraw = True
0.5064 	DEBUG 	TextBox2 loaded 1 chars with 0 blanks and 1 valid
0.5078 	DEBUG 	TextBox2 loaded 1 chars with 0 blanks and 1 valid
0.5084 	DEBUG 	TextBox2 loaded 1 chars with 0 blanks and 1 valid
0.5097 	DEBUG 	TextBox2 loaded 1 chars with 0 blanks and 1 valid
0.5109 	DEBUG 	TextBox2 loaded 1 chars with 0 blanks and 1 valid
0.5120 	DEBUG 	TextBox2 loaded 1 chars with 0 blanks and 1 valid
0.5129 	DEBUG 	TextBox2 loaded 1 chars with 0 blanks and 1 valid
0.5140 	DEBUG 	TextBox2 loaded 1 chars with 0 blanks and 1 valid
0.5147 	DEBUG 	TextBox2 loaded 1 chars with 0 blanks and 1 valid
0.5157 	DEBUG 	TextBox2 loaded 1 chars with 0 blanks and 1 valid
0.5158 	DEBUG 	Uploading Texture Font fontname to graphics card
0.5198 	DEBUG 	Upload of Texture Font fontname complete
0.5456 	INFO 	Keyboard events cleared
0.5456 	WARNING 	t of last frame was 45.78ms (=1/21)
0.5456 	EXP 	fix: autoDraw = False
0.5456 	EXP 	slider: markerPos = None
0.5456 	EXP 	slider: markerPos = None
0.5456 	EXP 	prog: autoDraw = True
0.5456 	EXP 	redbar: autoDraw = True
0.5456 	EXP 	yellowbar: autoDraw = True
0.5456 	EXP 	greenbar: autoDraw = True
0.5456 	EXP 	targarrow: autoDraw = True
0.5456 	EXP 	userArrow: autoDraw = True
0.5456 	EXP 	yourperfexp: autoDraw = True
0.5456 	EXP 	tarlabexp: autoDraw = True
0.5456 	EXP 	textbox: autoDraw = True
0.5456 	EXP 	slider: autoDraw = True
0.5456 	EXP 	norm_arrow: autoDraw = True
5.3458 	EXP 	Device response: <KeyPress from None: t=5.222285207986715, value=3, duration=None>
5.3459 	EXP 	Device response: <KeyPress from None: t=5.222285207986715, value=3, duration=0.07428866700502113>
5.3473 	DEBUG 	TextBox2 loaded 1 chars with 0 blanks and 1 valid
5.3478 	DEBUG 	TextBox2 loaded 1 chars with 0 blanks and 1 valid
5.3483 	DEBUG 	TextBox2 loaded 1 chars with 0 blanks and 1 valid
5.3487 	DEBUG 	TextBox2 loaded 1 chars with 0 blanks and 1 valid
5.3490 	DEBUG 	TextBox2 loaded 1 chars with 0 blanks and 1 valid
5.3491 	DEBUG 	Uploading Texture Font fontname to graphics card
5.3507 	DEBUG 	Upload of Texture Font fontname complete
5.3565 	DATA 	Keypress: 3
5.3609 	WARNING 	t of last frame was 133.17ms (=1/7)
5.3609 	EXP 	prog: autoDraw = False
5.3609 	EXP 	redbar: autoDraw = False
5.3609 	EXP 	yellowbar: autoDraw = False
5.3609 	EXP 	greenbar: autoDraw = False
5.3609 	EXP 	targarrow: autoDraw = False
5.3609 	EXP 	userArrow: autoDraw = False
5.3609 	EXP 	yourperfexp: autoDraw = False
5.3609 	EXP 	tarlabexp: autoDraw = False
5.3609 	EXP 	textbox: autoDraw = False
5.3609 	EXP 	slider: autoDraw = False
5.3609 	EXP 	norm_arrow: autoDraw = False
5.3609 	EXP 	feedback_practice_1: autoDraw = True
6.3492 	EXP 	New trial (rep=1, index=0): <Trial 1 (0 in rep 1) data={'thisN': 1, 'thisTrialN': 0, 'thisRepN': 1}>
6.3587 	EXP 	feedback_practice_1: autoDraw = False
6.3587 	EXP 	fix: autoDraw = True
6.8515 	DEBUG 	TextBox2 loaded 1 chars with 0 blanks and 1 valid
6.8526 	DEBUG 	TextBox2 loaded 1 chars with 0 blanks and 1 valid
6.8539 	DEBUG 	TextBox2 loaded 1 chars with 0 blanks and 1 valid
6.8546 	DEBUG 	TextBox2 loaded 1 chars with 0 blanks and 1 valid
6.8548 	DEBUG 	Uploading Texture Font fontname to graphics card
6.8580 	DEBUG 	Upload of Texture Font fontname complete
6.8747 	INFO 	Keyboard events cleared
6.8747 	WARNING 	t of last frame was 32.50ms (=1/30)
6.8747 	EXP 	fix: autoDraw = False
6.8747 	EXP 	fix: autoDraw = False
6.8747 	EXP 	slider: markerPos = None
6.8747 	EXP 	slider: markerPos = None
6.8747 	EXP 	prog: autoDraw = True
6.8747 	EXP 	redbar: autoDraw = True
6.8747 	EXP 	yellowbar: autoDraw = True
6.8747 	EXP 	greenbar: autoDraw = True
6.8747 	EXP 	targarrow: autoDraw = True
6.8747 	EXP 	userArrow: autoDraw = True
6.8747 	EXP 	yourperfexp: autoDraw = True
6.8747 	EXP 	tarlabexp: autoDraw = True
6.8747 	EXP 	textbox: autoDraw = True
6.8747 	EXP 	slider: autoDraw = True
6.8747 	EXP 	norm_arrow: autoDraw = True
14.8460 	EXP 	Device response: <KeyPress from None: t=14.84110479199444, value=5, duration=None>
14.8469 	DEBUG 	TextBox2 loaded 1 chars with 0 blanks and 1 valid
14.8473 	DEBUG 	TextBox2 loaded 1 chars with 0 blanks and 1 valid
14.8475 	DEBUG 	Uploading Texture Font fontname to graphics card
14.8489 	DEBUG 	Upload of Texture Font fontname complete
14.8504 	DATA 	Keypress: 5
14.8584 	EXP 	prog: autoDraw = False
14.8584 	EXP 	redbar: autoDraw = False
14.8584 	EXP 	yellowbar: autoDraw = False
14.8584 	EXP 	greenbar: autoDraw = False
14.8584 	EXP 	targarrow: autoDraw = False
14.8584 	EXP 	userArrow: autoDraw = False
14.8584 	EXP 	yourperfexp: autoDraw = False
14.8584 	EXP 	tarlabexp: autoDraw = False
14.8584 	EXP 	textbox: autoDraw = False
14.8584 	EXP 	slider: autoDraw = False
14.8584 	EXP 	norm_arrow: autoDraw = False
14.8584 	EXP 	feedback_practice_1: autoDraw = True
14.9098 	EXP 	Device response: <KeyPress from None: t=14.84110479199444, value=5, duration=0.062355707996175624>
15.8440 	EXP 	New trial (rep=2, index=0): <Trial 2 (0 in rep 2) data={'thisN': 2, 'thisTrialN': 0, 'thisRepN': 2}>
15.8480 	EXP 	feedback_practice_1: autoDraw = False
15.8480 	EXP 	feedback_practice_1: autoDraw = False
15.8480 	EXP 	fix: autoDraw = True
16.3718 	INFO 	Keyboard events cleared
16.3718 	WARNING 	t of last frame was 28.81ms (=1/34)
16.3718 	EXP 	fix: autoDraw = False
16.3718 	EXP 	fix: autoDraw = False
16.3718 	EXP 	slider: markerPos = None
16.3718 	EXP 	slider: markerPos = None
16.3718 	EXP 	prog: autoDraw = True
16.3718 	EXP 	redbar: autoDraw = True
16.3718 	EXP 	yellowbar: autoDraw = True
16.3718 	EXP 	greenbar: autoDraw = True
16.3718 	EXP 	targarrow: autoDraw = True
16.3718 	EXP 	userArrow: autoDraw = True
16.3718 	EXP 	yourperfexp: autoDraw = True
16.3718 	EXP 	tarlabexp: autoDraw = True
16.3718 	EXP 	textbox: autoDraw = True
16.3718 	EXP 	slider: autoDraw = True
16.3718 	EXP 	norm_arrow: autoDraw = True
18.8784 	EXP 	Device response: <KeyPress from None: t=18.87527154199779, value=5, duration=None>
18.8821 	DATA 	Keypress: 5
18.8918 	EXP 	prog: autoDraw = False
18.8918 	EXP 	redbar: autoDraw = False
18.8918 	EXP 	yellowbar: autoDraw = False
18.8918 	EXP 	greenbar: autoDraw = False
18.8918 	EXP 	targarrow: autoDraw = False
18.8918 	EXP 	userArrow: autoDraw = False
18.8918 	EXP 	yourperfexp: autoDraw = False
18.8918 	EXP 	tarlabexp: autoDraw = False
18.8918 	EXP 	textbox: autoDraw = False
18.8918 	EXP 	slider: autoDraw = False
18.8918 	EXP 	norm_arrow: autoDraw = False
18.8918 	EXP 	feedback_practice_1: autoDraw = True
18.9462 	EXP 	Device response: <KeyPress from None: t=18.87527154199779, value=5, duration=0.06798125000204891>
19.8772 	EXP 	New trial (rep=3, index=0): <Trial 3 (0 in rep 3) data={'thisN': 3, 'thisTrialN': 0, 'thisRepN': 3}>
19.8812 	EXP 	feedback_practice_1: autoDraw = False
19.8812 	EXP 	feedback_practice_1: autoDraw = False
19.8812 	EXP 	fix: autoDraw = True
20.3904 	INFO 	Keyboard events cleared
20.3904 	WARNING 	Multiple dropped frames have occurred - I'll stop bothering you about them!
20.3903 	EXP 	fix: autoDraw = False
20.3903 	EXP 	fix: autoDraw = False
20.3903 	EXP 	slider: markerPos = None
20.3903 	EXP 	slider: markerPos = None
20.3903 	EXP 	prog: autoDraw = True
20.3903 	EXP 	redbar: autoDraw = True
20.3903 	EXP 	yellowbar: autoDraw = True
20.3903 	EXP 	greenbar: autoDraw = True
20.3903 	EXP 	targarrow: autoDraw = True
20.3903 	EXP 	userArrow: autoDraw = True
20.3903 	EXP 	yourperfexp: autoDraw = True
20.3903 	EXP 	tarlabexp: autoDraw = True
20.3903 	EXP 	textbox: autoDraw = True
20.3903 	EXP 	slider: autoDraw = True
20.3903 	EXP 	norm_arrow: autoDraw = True
21.1761 	EXP 	Device response: <KeyPress from None: t=21.167868249991443, value=3, duration=None>
21.1762 	EXP 	Device response: <KeyPress from None: t=21.167868249991443, value=4, duration=None>
21.1778 	DATA 	Keypress: 3
21.1783 	DATA 	Keypress: 4
21.1815 	EXP 	prog: autoDraw = False
21.1815 	EXP 	redbar: autoDraw = False
21.1815 	EXP 	yellowbar: autoDraw = False
21.1815 	EXP 	greenbar: autoDraw = False
21.1815 	EXP 	targarrow: autoDraw = False
21.1815 	EXP 	userArrow: autoDraw = False
21.1815 	EXP 	yourperfexp: autoDraw = False
21.1815 	EXP 	tarlabexp: autoDraw = False
21.1815 	EXP 	textbox: autoDraw = False
21.1815 	EXP 	slider: autoDraw = False
21.1815 	EXP 	norm_arrow: autoDraw = False
21.1815 	EXP 	feedback_practice_1: autoDraw = True
21.2426 	EXP 	Device response: <KeyPress from None: t=21.167868249991443, value=3, duration=0.07207537500653416>
21.2766 	EXP 	Device response: <KeyPress from None: t=21.167868249991443, value=4, duration=0.09631991700734943>
22.1670 	EXP 	New trial (rep=4, index=0): <Trial 4 (0 in rep 4) data={'thisN': 4, 'thisTrialN': 0, 'thisRepN': 4}>
22.1756 	EXP 	feedback_practice_1: autoDraw = False
22.1756 	EXP 	feedback_practice_1: autoDraw = False
22.1756 	EXP 	fix: autoDraw = True
22.6654 	DEBUG 	TextBox2 loaded 1 chars with 0 blanks and 1 valid
22.6656 	DEBUG 	Uploading Texture Font fontname to graphics card
22.6692 	DEBUG 	Upload of Texture Font fontname complete
22.6873 	INFO 	Keyboard events cleared
22.6872 	EXP 	fix: autoDraw = False
22.6872 	EXP 	fix: autoDraw = False
22.6872 	EXP 	slider: markerPos = None
22.6872 	EXP 	slider: markerPos = None
22.6872 	EXP 	prog: autoDraw = True
22.6872 	EXP 	redbar: autoDraw = True
22.6872 	EXP 	yellowbar: autoDraw = True
22.6872 	EXP 	greenbar: autoDraw = True
22.6872 	EXP 	targarrow: autoDraw = True
22.6872 	EXP 	userArrow: autoDraw = True
22.6872 	EXP 	yourperfexp: autoDraw = True
22.6872 	EXP 	tarlabexp: autoDraw = True
22.6872 	EXP 	textbox: autoDraw = True
22.6872 	EXP 	slider: autoDraw = True
22.6872 	EXP 	norm_arrow: autoDraw = True
23.6625 	EXP 	Device response: <KeyPress from None: t=23.65779895799642, value=escape, duration=None>
23.6720 	DATA 	Keypress: escape
23.7695 	EXP 	Device response: <KeyPress from None: t=23.65779895799642, value=escape, duration=0.10831004199280869>
23.7695 	EXP 	misty_module: status = STOPPED
23.7748 	EXP 	prog: autoDraw = False
23.7748 	EXP 	redbar: autoDraw = False
23.7748 	EXP 	yellowbar: autoDraw = False
23.7748 	EXP 	greenbar: autoDraw = False
23.7748 	EXP 	targarrow: autoDraw = False
23.7748 	EXP 	userArrow: autoDraw = False
23.7748 	EXP 	yourperfexp: autoDraw = False
23.7748 	EXP 	tarlabexp: autoDraw = False
23.7748 	EXP 	textbox: autoDraw = False
23.7748 	EXP 	slider: autoDraw = False
23.7748 	EXP 	norm_arrow: autoDraw = False
23.7755 	EXP 	misty_module: status = STOPPED
23.7780 	INFO 	saved data to '/Users/oliverclark/misty_py/data/pilot_misty_module_2026-02-04_14h58.41.063.csv'
23.7790 	INFO 	saved data to /Users/oliverclark/misty_py/data/pilot_misty_module_2026-02-04_14h58.41.063.psydat
23.8619 	DEBUG 	Saving data for misty_module ExperimentHandler
23.8626 	WARNING 	Stopping key buffers but this could be dangerous ifother keyboards rely on the same.
