8.5627 	WARNING 	Font Manager failed to load file /System/Library/PrivateFrameworks/FontServices.framework/Resources/Reserved/PingFangUI.ttc
8.5935 	WARNING 	Font Manager failed to load file /System/Library/PrivateFrameworks/FontServices.framework/Resources/Reserved/PingFangUI.ttc
10.6316 	DEBUG 	Fullscreen settings ignored as running in pilot mode.
10.6323 	INFO 	Loaded monitor calibration from ['2026_01_27 16:28']
10.7247 	INFO 	Using renderer 'Apple M4' for graphics
10.7247 	INFO 	OpenGL version supported by driver is 2..
10.7435 	EXP 	Created window1 = Window(allowGUI=False, allowStencil=True, autoLog=True, backendConf=UNKNOWN, backgroundFit=<method-wrapper '__getattribute__' of attributeSetter object at 0x17749ae60>, backgroundImage=<method-wrapper '__getattribute__' of attributeSetter object at 0x17749aec0>, bitsMode=UNKNOWN, blendMode='avg', bpc=(8, 8, 8), color=array([0, 0, 0]), colorSpace='rgb', depthBits=8, fullscr=False, gamma=None, gammaErrorPolicy='raise', infoMsg=UNKNOWN, lms=UNKNOWN, monitor=<psychopy.monitors.calibTools.Monitor object at 0x1774a8ee0>, multiSample=False, name='window1', numSamples=2, pos=[np.float64(560.0), np.float64(240.0)], screen=0, size=array([800, 600]), stencilBits=8, stereo=False, title='PsychoPy', units='height', useFBO=True, useRetina=False, viewOri=0.0, viewPos=None, viewScale=None, waitBlanking=True, winType='pyglet')
10.7435 	EXP 	window1: backgroundImage = ''
10.7435 	EXP 	window1: backgroundFit = 'none'
10.7567 	DEBUG 	TextBox2 loaded 1 chars with 0 blanks and 1 valid
10.7644 	DEBUG 	TextBox2 loaded 1 chars with 0 blanks and 1 valid
10.7722 	DEBUG 	TextBox2 loaded 1 chars with 0 blanks and 1 valid
10.7801 	DEBUG 	TextBox2 loaded 1 chars with 0 blanks and 1 valid
10.7879 	DEBUG 	TextBox2 loaded 1 chars with 0 blanks and 1 valid
10.7955 	DEBUG 	TextBox2 loaded 1 chars with 0 blanks and 1 valid
10.8032 	DEBUG 	TextBox2 loaded 1 chars with 0 blanks and 1 valid
10.8111 	DEBUG 	TextBox2 loaded 1 chars with 0 blanks and 1 valid
10.8186 	DEBUG 	TextBox2 loaded 1 chars with 0 blanks and 1 valid
10.8261 	DEBUG 	TextBox2 loaded 1 chars with 0 blanks and 1 valid
10.8338 	DEBUG 	TextBox2 loaded 1 chars with 0 blanks and 1 valid
10.8416 	DEBUG 	TextBox2 loaded 1 chars with 0 blanks and 1 valid
10.8493 	DEBUG 	TextBox2 loaded 1 chars with 0 blanks and 1 valid
10.8570 	DEBUG 	TextBox2 loaded 1 chars with 0 blanks and 1 valid
10.8647 	DEBUG 	TextBox2 loaded 1 chars with 0 blanks and 1 valid
10.8725 	DEBUG 	TextBox2 loaded 1 chars with 0 blanks and 1 valid
10.8802 	DEBUG 	TextBox2 loaded 1 chars with 0 blanks and 1 valid
10.8878 	DEBUG 	TextBox2 loaded 1 chars with 0 blanks and 1 valid
10.8954 	DEBUG 	TextBox2 loaded 1 chars with 0 blanks and 1 valid
10.9033 	DEBUG 	TextBox2 loaded 1 chars with 0 blanks and 1 valid
10.9109 	DEBUG 	TextBox2 loaded 1 chars with 0 blanks and 1 valid
10.9110 	DEBUG 	Uploading Texture Font fontname to graphics card
10.9138 	DEBUG 	Upload of Texture Font fontname complete
10.9241 	DEBUG 	TextBox2 loaded 1 chars with 0 blanks and 1 valid
10.9319 	DEBUG 	TextBox2 loaded 1 chars with 0 blanks and 1 valid
10.9397 	DEBUG 	TextBox2 loaded 1 chars with 0 blanks and 1 valid
10.9398 	DEBUG 	Uploading Texture Font fontname to graphics card
10.9412 	DEBUG 	Upload of Texture Font fontname complete
10.9421 	EXP 	window1: Attempting to measure frame rate of screen (0) ...
10.9421 	EXP 	window1: recordFrameIntervals = False
11.0947 	EXP 	window1: recordFrameIntervals = True
11.2423 	EXP 	Screen (0) actual frame rate measured at 75.08Hz
11.2424 	EXP 	window1: recordFrameIntervals = False
11.2684 	DEBUG 	TextBox2 loaded 1 chars with 0 blanks and 1 valid
11.2811 	DEBUG 	TextBox2 loaded 1 chars with 0 blanks and 1 valid
11.2920 	DEBUG 	TextBox2 loaded 1 chars with 0 blanks and 1 valid
11.3020 	DEBUG 	TextBox2 loaded 1 chars with 0 blanks and 1 valid
11.3112 	DEBUG 	TextBox2 loaded 1 chars with 0 blanks and 1 valid
11.3200 	DEBUG 	TextBox2 loaded 1 chars with 0 blanks and 1 valid
11.3279 	DEBUG 	TextBox2 loaded 1 chars with 0 blanks and 1 valid
11.3360 	DEBUG 	TextBox2 loaded 1 chars with 0 blanks and 1 valid
11.3437 	DEBUG 	TextBox2 loaded 1 chars with 0 blanks and 1 valid
11.3512 	DEBUG 	TextBox2 loaded 1 chars with 0 blanks and 1 valid
11.3514 	DEBUG 	Uploading Texture Font fontname to graphics card
11.3531 	DEBUG 	Upload of Texture Font fontname complete
12.2621 	INFO 	keyboard.Keyboard is using ptb backend.
12.2622 	EXP 	misty_module: status = STARTED
12.2951 	EXP 	Created text = TextStim(__class__=<class 'psychopy.visual.text.TextStim'>, alignHoriz=method-wrapper(...), alignText='center', alignVert=method-wrapper(...), anchorHoriz='center', anchorVert='center', antialias=True, autoDraw=False, autoLog=True, bold=False, color=array([1., 1., 1.]), colorSpace='rgb', contrast=1.0, depth=-1.0, draggable=False, flipHoriz=False, flipVert=False, font='Arial', fontFiles=[], height=np.float64(0.05), italic=False, languageStyle='LTR', name='text', opacity=1, ori=0.0, pos=array([0., 0.]), rgb=UNKNOWN, text=str(...), units='height', win=Window(...), wrapWidth=1)
12.3023 	EXP 	Created intstructs = TextStim(__class__=<class 'psychopy.visual.text.TextStim'>, alignHoriz=method-wrapper(...), alignText='center', alignVert=method-wrapper(...), anchorHoriz='center', anchorVert='center', antialias=True, autoDraw=False, autoLog=True, bold=False, color=array([1., 1., 1.]), colorSpace='rgb', contrast=1.0, depth=0.0, draggable=False, flipHoriz=False, flipVert=False, font='Arial', fontFiles=[], height=np.float64(0.05), italic=False, languageStyle='LTR', name='intstructs', opacity=1, ori=0.0, pos=array([0., 0.]), rgb=UNKNOWN, text=str(...), units='height', win=Window(...), wrapWidth=1)
12.3045 	EXP 	Created fix = TextStim(__class__=<class 'psychopy.visual.text.TextStim'>, alignHoriz=method-wrapper(...), alignText='center', alignVert=method-wrapper(...), anchorHoriz='center', anchorVert='center', antialias=True, autoDraw=False, autoLog=True, bold=False, color=array([1., 1., 1.]), colorSpace='rgb', contrast=1.0, depth=-1.0, draggable=False, flipHoriz=False, flipVert=False, font='Open Sans', fontFiles=[], height=np.float64(0.1), italic=False, languageStyle='LTR', name='fix', opacity=1, ori=0.0, pos=array([0., 0.]), rgb=UNKNOWN, text='+', units='height', win=Window(...), wrapWidth=1)
12.3105 	DEBUG 	TextBox2 loaded 1 chars with 0 blanks and 1 valid
12.3111 	DEBUG 	TextBox2 loaded 1 chars with 0 blanks and 1 valid
12.3117 	DEBUG 	TextBox2 loaded 1 chars with 0 blanks and 1 valid
12.3121 	DEBUG 	TextBox2 loaded 1 chars with 0 blanks and 1 valid
12.3123 	DEBUG 	TextBox2 loaded 1 chars with 0 blanks and 1 valid
12.3126 	DEBUG 	TextBox2 loaded 1 chars with 0 blanks and 1 valid
12.3131 	DEBUG 	TextBox2 loaded 1 chars with 0 blanks and 1 valid
12.3134 	DEBUG 	TextBox2 loaded 1 chars with 0 blanks and 1 valid
12.3137 	DEBUG 	TextBox2 loaded 1 chars with 0 blanks and 1 valid
12.3138 	DEBUG 	Uploading Texture Font fontname to graphics card
12.3159 	DEBUG 	Upload of Texture Font fontname complete
12.3364 	DEBUG 	TextBox2 loaded 1 chars with 0 blanks and 1 valid
12.3365 	DEBUG 	Uploading Texture Font fontname to graphics card
12.3386 	DEBUG 	Upload of Texture Font fontname complete
12.3485 	DEBUG 	TextBox2 loaded 1 chars with 0 blanks and 1 valid
12.3560 	DEBUG 	TextBox2 loaded 1 chars with 0 blanks and 1 valid
12.3635 	DEBUG 	TextBox2 loaded 1 chars with 0 blanks and 1 valid
12.3709 	DEBUG 	TextBox2 loaded 1 chars with 0 blanks and 1 valid
12.3783 	DEBUG 	TextBox2 loaded 1 chars with 0 blanks and 1 valid
12.3857 	DEBUG 	TextBox2 loaded 1 chars with 0 blanks and 1 valid
12.3930 	DEBUG 	TextBox2 loaded 1 chars with 0 blanks and 1 valid
12.4002 	DEBUG 	TextBox2 loaded 1 chars with 0 blanks and 1 valid
12.4076 	DEBUG 	TextBox2 loaded 1 chars with 0 blanks and 1 valid
12.4149 	DEBUG 	TextBox2 loaded 1 chars with 0 blanks and 1 valid
12.4151 	DEBUG 	Uploading Texture Font fontname to graphics card
12.4165 	DEBUG 	Upload of Texture Font fontname complete
12.4264 	DEBUG 	TextBox2 loaded 1 chars with 0 blanks and 1 valid
12.4264 	DEBUG 	Uploading Texture Font fontname to graphics card
12.4278 	DEBUG 	Upload of Texture Font fontname complete
12.4400 	DEBUG 	TextBox2 loaded 1 chars with 0 blanks and 1 valid
12.4401 	DEBUG 	Uploading Texture Font fontname to graphics card
12.4415 	DEBUG 	Upload of Texture Font fontname complete
12.4537 	DEBUG 	TextBox2 loaded 1 chars with 0 blanks and 1 valid
12.4537 	DEBUG 	Uploading Texture Font fontname to graphics card
12.4552 	DEBUG 	Upload of Texture Font fontname complete
12.4672 	DEBUG 	TextBox2 loaded 1 chars with 0 blanks and 1 valid
12.4673 	DEBUG 	Uploading Texture Font fontname to graphics card
12.4687 	DEBUG 	Upload of Texture Font fontname complete
12.4808 	DEBUG 	TextBox2 loaded 1 chars with 0 blanks and 1 valid
12.4809 	DEBUG 	Uploading Texture Font fontname to graphics card
12.4823 	DEBUG 	Upload of Texture Font fontname complete
12.4943 	DEBUG 	TextBox2 loaded 1 chars with 0 blanks and 1 valid
12.4944 	DEBUG 	Uploading Texture Font fontname to graphics card
12.4958 	DEBUG 	Upload of Texture Font fontname complete
12.5078 	DEBUG 	TextBox2 loaded 1 chars with 0 blanks and 1 valid
12.5078 	DEBUG 	Uploading Texture Font fontname to graphics card
12.5092 	DEBUG 	Upload of Texture Font fontname complete
12.5213 	DEBUG 	TextBox2 loaded 1 chars with 0 blanks and 1 valid
12.5214 	DEBUG 	Uploading Texture Font fontname to graphics card
12.5228 	DEBUG 	Upload of Texture Font fontname complete
12.5348 	DEBUG 	TextBox2 loaded 1 chars with 0 blanks and 1 valid
12.5349 	DEBUG 	Uploading Texture Font fontname to graphics card
12.5363 	DEBUG 	Upload of Texture Font fontname complete
12.5580 	EXP 	Created slider_3 = Slider(__class__=<class 'psychopy.visual.slider.Slider'>, autoDraw=False, autoLog=True, borderColor=None, color=None, colorSpace='rgb', depth=-2, fillColor=None, flip=False, font='Noto Sans', granularity=1, labelColor=None, labelHeight=np.float64(0.05), labelWrapWidth=None, labels=(0, 1, 2, 3, 4, 5, 6, 7, 8, 9), lineColor=None, markerColor=None, name='slider_3', opacity=None, ori=0.0, pos=array([ 0. , -0.4]), readOnly=False, self=UNKNOWN, size=array([1. , 0.1]), startValue=None, style='choice', styleTweaks=[], ticks=array([0, 1, 2, 3, 4, 5, 6, 7, 8, 9]), units='norm', win=Window(...))
12.5648 	EXP 	Created text_2 = TextStim(__class__=<class 'psychopy.visual.text.TextStim'>, alignHoriz=method-wrapper(...), alignText='center', alignVert=method-wrapper(...), anchorHoriz='center', anchorVert='center', antialias=True, autoDraw=False, autoLog=True, bold=False, color=array([1., 1., 1.]), colorSpace='rgb', contrast=1.0, depth=0.0, draggable=False, flipHoriz=False, flipVert=False, font='Arial', fontFiles=[], height=np.float64(0.05), italic=False, languageStyle='LTR', name='text_2', opacity=1, ori=0.0, pos=array([0., 0.]), rgb=UNKNOWN, text=str(...), units='height', win=Window(...), wrapWidth=1)
12.5655 	EXP 	Created fix = TextStim(__class__=<class 'psychopy.visual.text.TextStim'>, alignHoriz=method-wrapper(...), alignText='center', alignVert=method-wrapper(...), anchorHoriz='center', anchorVert='center', antialias=True, autoDraw=False, autoLog=True, bold=False, color=array([1., 1., 1.]), colorSpace='rgb', contrast=1.0, depth=-1.0, draggable=False, flipHoriz=False, flipVert=False, font='Open Sans', fontFiles=[], height=np.float64(0.1), italic=False, languageStyle='LTR', name='fix', opacity=1, ori=0.0, pos=array([0., 0.]), rgb=UNKNOWN, text='+', units='height', win=Window(...), wrapWidth=1)
12.5673 	EXP 	Created prog_3 = Progress(__class__=<class 'psychopy.visual.progress.Progress'>, anchor=('left', 'top'), autoDraw=False, autoLog=True, closeShape=True, color=method-wrapper(...), colorSpace='rgb', contrast=None, depth=-1, draggable=False, fillColor=array([-1.    ,  0.5373, -1.    ]), fillColorSpace='rgb', fillRGB=array([-1.    ,  0.5373, -1.    ]), interpolate=True, lineColor=array([1., 1., 1.]), lineColorSpace='rgb', lineRGB=array([1, 1, 1]), lineWidth=4.0, name='prog_3', opacity=1.0, ori=0.0, pos=array([-0.5,  0.5]), size=array([1. , 0.1]), units='norm', vertices=ndarray(...), win=Window(...), windingRule=None)
12.5680 	EXP 	Created prog_3Bar = ShapeStim(__class__=<class 'psychopy.visual.shape.ShapeStim'>, anchor=('left', 'top'), autoDraw=False, autoLog=True, closeShape=True, color=method-wrapper(...), colorSpace='rgb', contrast=None, depth=-1, draggable=False, fillColor=array([ 1., -1., -1.]), fillColorSpace='rgb', fillRGB=array([ 1., -1., -1.]), interpolate=True, lineColor=array([0., 0., 0.]), lineColorSpace='rgb', lineRGB=array([0, 0, 0]), lineWidth=1.5, name='prog_3Bar', opacity=1.0, ori=0.0, pos=array([-0.5,  0.5]), size=array([1. , 0.1]), units='norm', vertices=ndarray(...), win=Window(...), windingRule=None)
12.5686 	EXP 	Created greenbar_3 = Rect(__class__=<class 'psychopy.visual.rect.Rect'>, anchor=('left', 'center'), autoDraw=False, autoLog=True, closeShape=True, color=method-wrapper(...), colorSpace='rgb', contrast=None, depth=-2.0, draggable=False, fillColor=array([-1.    ,  0.0039, -1.    ]), fillColorSpace='rgb', fillRGB=array([-1.    ,  0.0039, -1.    ]), interpolate=True, lineColor=array([1., 1., 1.]), lineColorSpace='rgb', lineRGB=array([1, 1, 1]), lineWidth=1.0, name='greenbar_3', opacity=1, ori=0.0, pos=array([0.33333333, 0.7       ]), size=array([0.66666667, 0.1       ]), units='norm', vertices=ndarray(...), win=Window(...))
12.5691 	EXP 	Created yellowbar_3 = Rect(__class__=<class 'psychopy.visual.rect.Rect'>, anchor=('left', 'center'), autoDraw=False, autoLog=True, closeShape=True, color=method-wrapper(...), colorSpace='rgb', contrast=None, depth=-3.0, draggable=False, fillColor=array([ 1.,  1., -1.]), fillColorSpace='rgb', fillRGB=array([ 1.,  1., -1.]), interpolate=True, lineColor=array([1., 1., 1.]), lineColorSpace='rgb', lineRGB=array([1, 1, 1]), lineWidth=1.0, name='yellowbar_3', opacity=1, ori=0.0, pos=array([-0.33333333,  0.7       ]), size=array([0.66666667, 0.1       ]), units='norm', vertices=ndarray(...), win=Window(...))
12.5697 	EXP 	Created redbar_3 = Rect(__class__=<class 'psychopy.visual.rect.Rect'>, anchor=('left', 'center'), autoDraw=False, autoLog=True, closeShape=True, color=method-wrapper(...), colorSpace='rgb', contrast=None, depth=-4.0, draggable=False, fillColor=array([ 1., -1., -1.]), fillColorSpace='rgb', fillRGB=array([ 1., -1., -1.]), interpolate=True, lineColor=array([1., 1., 1.]), lineColorSpace='rgb', lineRGB=array([1, 1, 1]), lineWidth=1.0, name='redbar_3', opacity=1, ori=0.0, pos=array([-1. ,  0.7]), size=array([0.66666667, 0.1       ]), units='norm', vertices=ndarray(...), win=Window(...))
12.5704 	EXP 	Created arrow_3 = ShapeStim(__class__=<class 'psychopy.visual.shape.ShapeStim'>, anchor=('center', 'center'), autoDraw=False, autoLog=True, closeShape=True, color=method-wrapper(...), colorSpace='rgb', contrast=None, depth=-5.0, draggable=False, fillColor=array([1, 1, 1]), fillColorSpace='rgb', fillRGB=array([1, 1, 1]), interpolate=True, lineColor=array([1., 1., 1.]), lineColorSpace='rgb', lineRGB=array([1, 1, 1]), lineWidth=1.0, name='arrow_3', opacity=1, ori=0.0, pos=array([0., 0.]), size=array([0.05, 0.05]), units='norm', vertices=ndarray(...), win=Window(...), windingRule=None)
12.6408 	EXP 	Created slider_4 = Slider(__class__=<class 'psychopy.visual.slider.Slider'>, autoDraw=False, autoLog=True, borderColor=None, color=None, colorSpace='rgb', depth=-7, fillColor=None, flip=False, font='Noto Sans', granularity=1, labelColor=None, labelHeight=np.float64(0.05), labelWrapWidth=None, labels=(0, 1, 2, 3, 4, 5, 6, 7, 8, 9), lineColor=None, markerColor=None, name='slider_4', opacity=None, ori=0.0, pos=array([ 0. , -0.4]), readOnly=False, self=UNKNOWN, size=array([1. , 0.1]), startValue=None, style='choice', styleTweaks=[], ticks=array([0, 1, 2, 3, 4, 5, 6, 7, 8, 9]), units='norm', win=Window(...))
12.6465 	EXP 	Created text_3 = TextStim(__class__=<class 'psychopy.visual.text.TextStim'>, alignHoriz=method-wrapper(...), alignText='center', alignVert=method-wrapper(...), anchorHoriz='center', anchorVert='center', antialias=True, autoDraw=False, autoLog=True, bold=False, color=array([1., 1., 1.]), colorSpace='rgb', contrast=1.0, depth=0.0, draggable=False, flipHoriz=False, flipVert=False, font='Arial', fontFiles=[], height=np.float64(0.05), italic=False, languageStyle='LTR', name='text_3', opacity=1, ori=0.0, pos=array([0., 0.]), rgb=UNKNOWN, text='Training instructions here', units='height', win=Window(...), wrapWidth=1)
12.6472 	EXP 	Created fix = TextStim(__class__=<class 'psychopy.visual.text.TextStim'>, alignHoriz=method-wrapper(...), alignText='center', alignVert=method-wrapper(...), anchorHoriz='center', anchorVert='center', antialias=True, autoDraw=False, autoLog=True, bold=False, color=array([1., 1., 1.]), colorSpace='rgb', contrast=1.0, depth=-1.0, draggable=False, flipHoriz=False, flipVert=False, font='Open Sans', fontFiles=[], height=np.float64(0.1), italic=False, languageStyle='LTR', name='fix', opacity=1, ori=0.0, pos=array([0., 0.]), rgb=UNKNOWN, text='+', units='height', win=Window(...), wrapWidth=1)
12.7169 	EXP 	Created slider_training = Slider(__class__=<class 'psychopy.visual.slider.Slider'>, autoDraw=False, autoLog=True, borderColor=None, color=None, colorSpace='rgb', depth=-2, fillColor=None, flip=False, font='Noto Sans', granularity=1, labelColor=None, labelHeight=np.float64(0.05), labelWrapWidth=None, labels=(0, 1, 2, 3, 4, 5, 6, 7, 8, 9), lineColor=None, markerColor=None, name='slider_training', opacity=None, ori=0.0, pos=array([ 0. , -0.4]), readOnly=False, self=UNKNOWN, size=array([1. , 0.1]), startValue=None, style='choice', styleTweaks=[], ticks=array([0, 1, 2, 3, 4, 5, 6, 7, 8, 9]), units='norm', win=Window(...))
12.7230 	EXP 	Created text_4 = TextStim(__class__=<class 'psychopy.visual.text.TextStim'>, alignHoriz=method-wrapper(...), alignText='center', alignVert=method-wrapper(...), anchorHoriz='center', anchorVert='center', antialias=True, autoDraw=False, autoLog=True, bold=False, color=array([1., 1., 1.]), colorSpace='rgb', contrast=1.0, depth=0.0, draggable=False, flipHoriz=False, flipVert=False, font='Arial', fontFiles=[], height=np.float64(0.05), italic=False, languageStyle='LTR', name='text_4', opacity=1, ori=0.0, pos=array([0., 0.]), rgb=UNKNOWN, text='Please press space to move onto the next block', units='height', win=Window(...), wrapWidth=1)
12.7238 	EXP 	Created fix = TextStim(__class__=<class 'psychopy.visual.text.TextStim'>, alignHoriz=method-wrapper(...), alignText='center', alignVert=method-wrapper(...), anchorHoriz='center', anchorVert='center', antialias=True, autoDraw=False, autoLog=True, bold=False, color=array([1., 1., 1.]), colorSpace='rgb', contrast=1.0, depth=-1.0, draggable=False, flipHoriz=False, flipVert=False, font='Open Sans', fontFiles=[], height=np.float64(0.1), italic=False, languageStyle='LTR', name='fix', opacity=1, ori=0.0, pos=array([0., 0.]), rgb=UNKNOWN, text='+', units='height', win=Window(...), wrapWidth=1)
12.7245 	EXP 	Created prog = Progress(__class__=<class 'psychopy.visual.progress.Progress'>, anchor=('left', 'top'), autoDraw=False, autoLog=True, closeShape=True, color=method-wrapper(...), colorSpace='rgb', contrast=None, depth=-1, draggable=False, fillColor=array([-1.    ,  0.5373, -1.    ]), fillColorSpace='rgb', fillRGB=array([-1.    ,  0.5373, -1.    ]), interpolate=True, lineColor=array([1., 1., 1.]), lineColorSpace='rgb', lineRGB=array([1, 1, 1]), lineWidth=4.0, name='prog', opacity=1.0, ori=0.0, pos=array([-0.5,  0.5]), size=array([1. , 0.1]), units='norm', vertices=ndarray(...), win=Window(...), windingRule=None)
12.7252 	EXP 	Created progBar = ShapeStim(__class__=<class 'psychopy.visual.shape.ShapeStim'>, anchor=('left', 'top'), autoDraw=False, autoLog=True, closeShape=True, color=method-wrapper(...), colorSpace='rgb', contrast=None, depth=-1, draggable=False, fillColor=array([ 1., -1., -1.]), fillColorSpace='rgb', fillRGB=array([ 1., -1., -1.]), interpolate=True, lineColor=array([0., 0., 0.]), lineColorSpace='rgb', lineRGB=array([0, 0, 0]), lineWidth=1.5, name='progBar', opacity=1.0, ori=0.0, pos=array([-0.5,  0.5]), size=array([1. , 0.1]), units='norm', vertices=ndarray(...), win=Window(...), windingRule=None)
12.7258 	EXP 	Created greenbar = Rect(__class__=<class 'psychopy.visual.rect.Rect'>, anchor=('left', 'center'), autoDraw=False, autoLog=True, closeShape=True, color=method-wrapper(...), colorSpace='rgb', contrast=None, depth=-2.0, draggable=False, fillColor=array([-1.    ,  0.0039, -1.    ]), fillColorSpace='rgb', fillRGB=array([-1.    ,  0.0039, -1.    ]), interpolate=True, lineColor=array([1., 1., 1.]), lineColorSpace='rgb', lineRGB=array([1, 1, 1]), lineWidth=1.0, name='greenbar', opacity=1, ori=0.0, pos=array([0.33333333, 0.7       ]), size=array([0.66666667, 0.1       ]), units='norm', vertices=ndarray(...), win=Window(...))
12.7263 	EXP 	Created yellowbar = Rect(__class__=<class 'psychopy.visual.rect.Rect'>, anchor=('left', 'center'), autoDraw=False, autoLog=True, closeShape=True, color=method-wrapper(...), colorSpace='rgb', contrast=None, depth=-3.0, draggable=False, fillColor=array([ 1.,  1., -1.]), fillColorSpace='rgb', fillRGB=array([ 1.,  1., -1.]), interpolate=True, lineColor=array([1., 1., 1.]), lineColorSpace='rgb', lineRGB=array([1, 1, 1]), lineWidth=1.0, name='yellowbar', opacity=1, ori=0.0, pos=array([-0.33333333,  0.7       ]), size=array([0.66666667, 0.1       ]), units='norm', vertices=ndarray(...), win=Window(...))
12.7268 	EXP 	Created redbar = Rect(__class__=<class 'psychopy.visual.rect.Rect'>, anchor=('left', 'center'), autoDraw=False, autoLog=True, closeShape=True, color=method-wrapper(...), colorSpace='rgb', contrast=None, depth=-4.0, draggable=False, fillColor=array([ 1., -1., -1.]), fillColorSpace='rgb', fillRGB=array([ 1., -1., -1.]), interpolate=True, lineColor=array([1., 1., 1.]), lineColorSpace='rgb', lineRGB=array([1, 1, 1]), lineWidth=1.0, name='redbar', opacity=1, ori=0.0, pos=array([-1. ,  0.7]), size=array([0.66666667, 0.1       ]), units='norm', vertices=ndarray(...), win=Window(...))
12.7275 	EXP 	Created arrow = ShapeStim(__class__=<class 'psychopy.visual.shape.ShapeStim'>, anchor=('center', 'center'), autoDraw=False, autoLog=True, closeShape=True, color=method-wrapper(...), colorSpace='rgb', contrast=None, depth=-5.0, draggable=False, fillColor=array([1, 1, 1]), fillColorSpace='rgb', fillRGB=array([1, 1, 1]), interpolate=True, lineColor=array([1., 1., 1.]), lineColorSpace='rgb', lineRGB=array([1, 1, 1]), lineWidth=1.0, name='arrow', opacity=1, ori=0.0, pos=array([0., 0.]), size=array([0.05, 0.05]), units='norm', vertices=ndarray(...), win=Window(...), windingRule=None)
12.7974 	EXP 	Created slider = Slider(__class__=<class 'psychopy.visual.slider.Slider'>, autoDraw=False, autoLog=True, borderColor=None, color=None, colorSpace='rgb', depth=-7, fillColor=None, flip=False, font='Noto Sans', granularity=1, labelColor=None, labelHeight=np.float64(0.05), labelWrapWidth=None, labels=(0, 1, 2, 3, 4, 5, 6, 7, 8, 9), lineColor=None, markerColor=None, name='slider', opacity=None, ori=0.0, pos=array([ 0. , -0.4]), readOnly=False, self=UNKNOWN, size=array([1. , 0.1]), startValue=None, style='choice', styleTweaks=[], ticks=array([0, 1, 2, 3, 4, 5, 6, 7, 8, 9]), units='norm', win=Window(...))
12.8021 	EXP 	Created text_5 = TextStim(__class__=<class 'psychopy.visual.text.TextStim'>, alignHoriz=method-wrapper(...), alignText='center', alignVert=method-wrapper(...), anchorHoriz='center', anchorVert='center', antialias=True, autoDraw=False, autoLog=True, bold=False, color=array([1., 1., 1.]), colorSpace='rgb', contrast=1.0, depth=0.0, draggable=False, flipHoriz=False, flipVert=False, font='Arial', fontFiles=[], height=0.05, italic=False, languageStyle='LTR', name='text_5', opacity=1, ori=0.0, pos=array([0., 0.]), rgb=UNKNOWN, text='', units='height', win=Window(...), wrapWidth=1)
0.0027 	EXP 	equation_practice_1: autoLog = True
0.0027 	EXP 	slider_3: autoLog = True
0.0027 	EXP 	slider_3: styleTweaks = []
0.0027 	EXP 	slider_3: styleTweaks = []
0.0027 	EXP 	slider_3: styleTweaks = []
0.0027 	EXP 	slider_3: styleTweaks = []
0.0027 	EXP 	slider_3: contrast = 1.0
0.0027 	EXP 	slider_3: markerPos = None
0.0027 	EXP 	slider_3: autoLog = True
0.0027 	EXP 	feedback_practice_1: autoLog = True
0.0027 	EXP 	prog_3: direction = 'horizontal'
0.0027 	EXP 	prog_3: progress = 0.0
0.0027 	EXP 	textbox_5: autoLog = True
0.0027 	EXP 	slider_4: autoLog = True
0.0027 	EXP 	slider_4: styleTweaks = []
0.0027 	EXP 	slider_4: styleTweaks = []
0.0027 	EXP 	slider_4: styleTweaks = []
0.0027 	EXP 	slider_4: styleTweaks = []
0.0027 	EXP 	slider_4: contrast = 1.0
0.0027 	EXP 	slider_4: markerPos = None
0.0027 	EXP 	slider_4: autoLog = True
0.0027 	EXP 	feedback_practice_1: autoLog = True
0.0027 	EXP 	textbox_3: autoLog = True
0.0027 	EXP 	slider_training: autoLog = True
0.0027 	EXP 	slider_training: styleTweaks = []
0.0027 	EXP 	slider_training: styleTweaks = []
0.0027 	EXP 	slider_training: styleTweaks = []
0.0027 	EXP 	slider_training: styleTweaks = []
0.0027 	EXP 	slider_training: contrast = 1.0
0.0027 	EXP 	slider_training: markerPos = None
0.0027 	EXP 	slider_training: autoLog = True
0.0027 	EXP 	feedback_practice_1: autoLog = True
0.0027 	EXP 	prog: direction = 'horizontal'
0.0027 	EXP 	prog: progress = 0.0
0.0027 	EXP 	textbox: autoLog = True
0.0027 	EXP 	slider: autoLog = True
0.0027 	EXP 	slider: styleTweaks = []
0.0027 	EXP 	slider: styleTweaks = []
0.0027 	EXP 	slider: styleTweaks = []
0.0027 	EXP 	slider: styleTweaks = []
0.0027 	EXP 	slider: contrast = 1.0
0.0027 	EXP 	slider: markerPos = None
0.0027 	EXP 	slider: autoLog = True
0.0027 	EXP 	feedback_practice_1: autoLog = True
0.0121 	INFO 	Keyboard events cleared
0.0120 	EXP 	text: autoDraw = True
1.2321 	EXP 	Device response: <KeyPress from None: t=1.117497999999614, value=l, duration=None>
1.2322 	EXP 	Device response: <KeyPress from None: t=1.117497999999614, value=l, duration=0.07597737500054791>
1.2339 	DATA 	Keypress: l
1.2367 	INFO 	Keyboard events cleared
1.2367 	EXP 	text: autoDraw = False
1.2367 	EXP 	intstructs: autoDraw = True
1.6449 	EXP 	Device response: <KeyPress from None: t=1.6345044999998208, value=space, duration=None>
1.6465 	DATA 	Keypress: space
1.6537 	DEBUG 	Read excel file with openpyxl: practice_difficulty.xlsx
1.6539 	EXP 	Imported practice_difficulty.xlsx as conditions, 3 conditions, 1 params
1.6545 	EXP 	New trial (rep=0, index=0): <Trial 0 (0 in rep 0) data={'prac_diff': 'easy1', 'thisN': 0, 'thisTrialN': 0, 'thisRepN': 0}>
1.6587 	EXP 	intstructs: autoDraw = False
1.6587 	EXP 	fix: autoDraw = True
1.7247 	EXP 	Device response: <KeyPress from None: t=1.6345044999998208, value=space, duration=0.07604520800032333>
2.1531 	DEBUG 	TextBox2 loaded 1 chars with 0 blanks and 1 valid
2.1545 	DEBUG 	TextBox2 loaded 1 chars with 0 blanks and 1 valid
2.1559 	DEBUG 	TextBox2 loaded 1 chars with 0 blanks and 1 valid
2.1568 	DEBUG 	TextBox2 loaded 1 chars with 0 blanks and 1 valid
2.1582 	DEBUG 	TextBox2 loaded 1 chars with 0 blanks and 1 valid
2.1585 	DEBUG 	Uploading Texture Font fontname to graphics card
2.1626 	DEBUG 	Upload of Texture Font fontname complete
2.1840 	INFO 	Keyboard events cleared
2.1840 	EXP 	fix: autoDraw = False
2.1840 	EXP 	slider_3: markerPos = None
2.1840 	EXP 	slider_3: markerPos = None
2.1840 	EXP 	equation_practice_1: autoDraw = True
2.1840 	EXP 	slider_3: autoDraw = True
3.7945 	DATA 	Keypress: 9
3.8020 	EXP 	Device response: <KeyPress from None: t=3.7914559999999256, value=9, duration=None>
3.8033 	DEBUG 	TextBox2 loaded 1 chars with 0 blanks and 1 valid
3.8039 	DEBUG 	TextBox2 loaded 1 chars with 0 blanks and 1 valid
3.8045 	DEBUG 	TextBox2 loaded 1 chars with 0 blanks and 1 valid
3.8049 	DEBUG 	TextBox2 loaded 1 chars with 0 blanks and 1 valid
3.8053 	DEBUG 	TextBox2 loaded 1 chars with 0 blanks and 1 valid
3.8054 	DEBUG 	Uploading Texture Font fontname to graphics card
3.8071 	DEBUG 	Upload of Texture Font fontname complete
3.8142 	EXP 	equation_practice_1: autoDraw = False
3.8142 	EXP 	slider_3: autoDraw = False
3.8142 	EXP 	feedback_practice_1: autoDraw = True
3.8823 	EXP 	Device response: <KeyPress from None: t=3.7914559999999256, value=9, duration=0.07699870800024655>
4.8036 	EXP 	New trial (rep=0, index=1): <Trial 1 (1 in rep 0) data={'prac_diff': 'easy1', 'thisN': 1, 'thisTrialN': 1, 'thisRepN': 0}>
4.8149 	EXP 	feedback_practice_1: autoDraw = False
4.8149 	EXP 	fix: autoDraw = True
5.3151 	DEBUG 	TextBox2 loaded 1 chars with 0 blanks and 1 valid
5.3155 	DEBUG 	Uploading Texture Font fontname to graphics card
5.3200 	DEBUG 	Upload of Texture Font fontname complete
5.3389 	INFO 	Keyboard events cleared
5.3388 	EXP 	fix: autoDraw = False
5.3388 	EXP 	slider_3: markerPos = None
5.3388 	EXP 	slider_3: markerPos = None
5.3388 	EXP 	equation_practice_1: autoDraw = True
5.3388 	EXP 	slider_3: autoDraw = True
6.5758 	EXP 	Device response: <KeyPress from None: t=6.570478792000358, value=6, duration=None>
6.5778 	DATA 	Keypress: 6
6.5882 	EXP 	equation_practice_1: autoDraw = False
6.5882 	EXP 	slider_3: autoDraw = False
6.5882 	EXP 	feedback_practice_1: autoDraw = True
6.6836 	EXP 	Device response: <KeyPress from None: t=6.570478792000358, value=6, duration=0.10104679100004432>
7.5774 	EXP 	New trial (rep=0, index=2): <Trial 2 (2 in rep 0) data={'prac_diff': 'easy1', 'thisN': 2, 'thisTrialN': 2, 'thisRepN': 0}>
7.5897 	EXP 	feedback_practice_1: autoDraw = False
7.5897 	EXP 	fix: autoDraw = True
8.0871 	DEBUG 	TextBox2 loaded 1 chars with 0 blanks and 1 valid
8.0878 	DEBUG 	TextBox2 loaded 1 chars with 0 blanks and 1 valid
8.0881 	DEBUG 	Uploading Texture Font fontname to graphics card
8.0918 	DEBUG 	Upload of Texture Font fontname complete
8.1057 	INFO 	Keyboard events cleared
8.1057 	EXP 	fix: autoDraw = False
8.1057 	EXP 	slider_3: markerPos = None
8.1057 	EXP 	slider_3: markerPos = None
8.1057 	EXP 	equation_practice_1: autoDraw = True
8.1057 	EXP 	slider_3: autoDraw = True
9.1368 	EXP 	Device response: <KeyPress from None: t=9.131455917000494, value=0, duration=None>
9.1388 	DATA 	Keypress: 0
9.1496 	EXP 	equation_practice_1: autoDraw = False
9.1496 	EXP 	slider_3: autoDraw = False
9.1496 	EXP 	feedback_practice_1: autoDraw = True
9.2177 	EXP 	Device response: <KeyPress from None: t=9.131455917000494, value=0, duration=0.07298858299964195>
10.1502 	EXP 	feedback_practice_1: autoDraw = False
10.1502 	EXP 	text_2: autoDraw = True
12.1477 	DEBUG 	Read excel file with openpyxl: practice_difficulty.xlsx
12.1479 	EXP 	Imported practice_difficulty.xlsx as conditions, 3 conditions, 1 params
12.1529 	EXP 	text_2: autoDraw = False
12.1529 	EXP 	text_3: autoDraw = True
14.1551 	DEBUG 	Read csv file with pandas: training.csv
14.1581 	DEBUG 	Clearing unnamed columns from training.csv
14.1586 	EXP 	Imported training.csv as conditions, 5 conditions, 2 params
14.1590 	EXP 	New trial (rep=0, index=0): <Trial 0 (0 in rep 0) data={'train_diff': 'hard', 'train_time': np.int64(5), 'thisN': 0, 'thisTrialN': 0, 'thisRepN': 0}>
14.2182 	EXP 	New trial (rep=0, index=0): <Trial 0 (0 in rep 0) data={'thisN': 0, 'thisTrialN': 0, 'thisRepN': 0}>
14.2199 	EXP 	text_3: autoDraw = False
14.2199 	EXP 	fix: autoDraw = True
14.6647 	DEBUG 	TextBox2 loaded 1 chars with 0 blanks and 1 valid
14.6656 	DEBUG 	TextBox2 loaded 1 chars with 0 blanks and 1 valid
14.6667 	DEBUG 	TextBox2 loaded 1 chars with 0 blanks and 1 valid
14.6681 	DEBUG 	TextBox2 loaded 1 chars with 0 blanks and 1 valid
14.6695 	DEBUG 	TextBox2 loaded 1 chars with 0 blanks and 1 valid
14.6697 	DEBUG 	Uploading Texture Font fontname to graphics card
14.6736 	DEBUG 	Upload of Texture Font fontname complete
14.6938 	INFO 	Keyboard events cleared
14.6938 	EXP 	fix: autoDraw = False
14.6938 	EXP 	slider_training: markerPos = None
14.6938 	EXP 	slider_training: markerPos = None
14.6938 	EXP 	textbox_3: autoDraw = True
14.6938 	EXP 	slider_training: autoDraw = True
15.4657 	DATA 	Keypress: 7
15.4730 	EXP 	Device response: <KeyPress from None: t=15.460424582999622, value=7, duration=None>
15.4738 	DEBUG 	TextBox2 loaded 1 chars with 0 blanks and 1 valid
15.4744 	DEBUG 	TextBox2 loaded 1 chars with 0 blanks and 1 valid
15.4745 	DEBUG 	Uploading Texture Font fontname to graphics card
15.4762 	DEBUG 	Upload of Texture Font fontname complete
15.4851 	EXP 	textbox_3: autoDraw = False
15.4851 	EXP 	slider_training: autoDraw = False
15.4851 	EXP 	feedback_practice_1: autoDraw = True
15.5802 	EXP 	Device response: <KeyPress from None: t=15.460424582999622, value=7, duration=0.11702075000084733>
16.4761 	EXP 	New trial (rep=1, index=0): <Trial 1 (0 in rep 1) data={'thisN': 1, 'thisTrialN': 0, 'thisRepN': 1}>
16.4859 	EXP 	feedback_practice_1: autoDraw = False
16.4859 	EXP 	fix: autoDraw = True
16.9876 	DEBUG 	TextBox2 loaded 1 chars with 0 blanks and 1 valid
16.9881 	DEBUG 	Uploading Texture Font fontname to graphics card
16.9922 	DEBUG 	Upload of Texture Font fontname complete
17.0109 	INFO 	Keyboard events cleared
17.0109 	EXP 	fix: autoDraw = False
17.0109 	EXP 	slider_training: markerPos = None
17.0109 	EXP 	slider_training: markerPos = None
17.0109 	EXP 	textbox_3: autoDraw = True
17.0109 	EXP 	slider_training: autoDraw = True
17.3268 	EXP 	Device response: <KeyPress from None: t=17.319422833000317, value=4, duration=None>
17.3289 	DATA 	Keypress: 4
17.3391 	EXP 	textbox_3: autoDraw = False
17.3391 	EXP 	slider_training: autoDraw = False
17.3391 	EXP 	feedback_practice_1: autoDraw = True
17.4209 	EXP 	Device response: <KeyPress from None: t=17.319422833000317, value=4, duration=0.09801474999949278>
18.3286 	EXP 	New trial (rep=2, index=0): <Trial 2 (0 in rep 2) data={'thisN': 2, 'thisTrialN': 0, 'thisRepN': 2}>
18.3405 	EXP 	feedback_practice_1: autoDraw = False
18.3405 	EXP 	fix: autoDraw = True
18.8581 	INFO 	Keyboard events cleared
18.8580 	EXP 	fix: autoDraw = False
18.8580 	EXP 	slider_training: markerPos = None
18.8580 	EXP 	slider_training: markerPos = None
18.8580 	EXP 	textbox_3: autoDraw = True
18.8580 	EXP 	slider_training: autoDraw = True
19.6622 	DEBUG 	TextBox2 loaded 1 chars with 0 blanks and 1 valid
19.6628 	DEBUG 	TextBox2 loaded 1 chars with 0 blanks and 1 valid
19.6636 	DEBUG 	TextBox2 loaded 1 chars with 0 blanks and 1 valid
19.6639 	DEBUG 	TextBox2 loaded 1 chars with 0 blanks and 1 valid
19.6646 	DEBUG 	TextBox2 loaded 1 chars with 0 blanks and 1 valid
19.6647 	DEBUG 	Uploading Texture Font fontname to graphics card
19.6664 	DEBUG 	Upload of Texture Font fontname complete
19.6734 	EXP 	textbox_3: autoDraw = False
19.6734 	EXP 	slider_training: autoDraw = False
19.6734 	EXP 	feedback_practice_1: autoDraw = True
19.9827 	EXP 	Device response: <KeyPress from None: t=19.97444254200036, value=8, duration=None>
19.9856 	DATA 	Keypress: 8
20.0776 	EXP 	Device response: <KeyPress from None: t=19.97444254200036, value=8, duration=0.09399891599969123>
20.6741 	INFO 	Keyboard events cleared
20.6741 	EXP 	feedback_practice_1: autoDraw = False
20.6741 	EXP 	text_4: autoDraw = True
21.6746 	EXP 	text_4: autoDraw = False
23.5596 	EXP 	Device response: <KeyPress from None: t=23.55239391699979, value=space, duration=None>
23.5599 	EXP 	New trial (rep=0, index=1): <Trial 1 (1 in rep 0) data={'train_diff': 'easy2', 'train_time': np.int64(5), 'thisN': 1, 'thisTrialN': 1, 'thisRepN': 0}>
23.5650 	EXP 	New trial (rep=0, index=0): <Trial 0 (0 in rep 0) data={'thisN': 0, 'thisTrialN': 0, 'thisRepN': 0}>
23.5674 	DATA 	Keypress: space
23.5697 	EXP 	text_4: autoDraw = False
23.5697 	EXP 	fix: autoDraw = True
23.7060 	EXP 	Device response: <KeyPress from None: t=23.55239391699979, value=space, duration=0.13902820800012705>
24.0838 	INFO 	Keyboard events cleared
24.0838 	EXP 	fix: autoDraw = False
24.0838 	EXP 	slider_training: markerPos = None
24.0838 	EXP 	slider_training: markerPos = None
24.0838 	EXP 	textbox_3: autoDraw = True
24.0838 	EXP 	slider_training: autoDraw = True
24.7627 	DATA 	Keypress: 8
24.7696 	EXP 	Device response: <KeyPress from None: t=24.759398166999745, value=8, duration=None>
24.7819 	EXP 	textbox_3: autoDraw = False
24.7819 	EXP 	slider_training: autoDraw = False
24.7819 	EXP 	feedback_practice_1: autoDraw = True
24.8635 	EXP 	Device response: <KeyPress from None: t=24.759398166999745, value=8, duration=0.09902608300035354>
25.7714 	EXP 	New trial (rep=1, index=0): <Trial 1 (0 in rep 1) data={'thisN': 1, 'thisTrialN': 0, 'thisRepN': 1}>
25.7827 	EXP 	feedback_practice_1: autoDraw = False
25.7827 	EXP 	fix: autoDraw = True
26.3011 	INFO 	Keyboard events cleared
26.3010 	EXP 	fix: autoDraw = False
26.3010 	EXP 	slider_training: markerPos = None
26.3010 	EXP 	slider_training: markerPos = None
26.3010 	EXP 	textbox_3: autoDraw = True
26.3010 	EXP 	slider_training: autoDraw = True
26.6722 	DATA 	Keypress: 8
26.6752 	EXP 	Device response: <KeyPress from None: t=26.66539762499997, value=8, duration=None>
26.6892 	EXP 	textbox_3: autoDraw = False
26.6892 	EXP 	slider_training: autoDraw = False
26.6892 	EXP 	feedback_practice_1: autoDraw = True
26.7840 	EXP 	Device response: <KeyPress from None: t=26.66539762499997, value=8, duration=0.11505437499999971>
27.6788 	EXP 	New trial (rep=2, index=0): <Trial 2 (0 in rep 2) data={'thisN': 2, 'thisTrialN': 0, 'thisRepN': 2}>
27.6905 	EXP 	feedback_practice_1: autoDraw = False
27.6905 	EXP 	fix: autoDraw = True
28.2098 	INFO 	Keyboard events cleared
28.2098 	EXP 	fix: autoDraw = False
28.2098 	EXP 	slider_training: markerPos = None
28.2098 	EXP 	slider_training: markerPos = None
28.2098 	EXP 	textbox_3: autoDraw = True
28.2098 	EXP 	slider_training: autoDraw = True
28.5843 	EXP 	Device response: <KeyPress from None: t=28.57940595800028, value=5, duration=None>
28.5862 	DATA 	Keypress: 5
28.5962 	EXP 	textbox_3: autoDraw = False
28.5962 	EXP 	slider_training: autoDraw = False
28.5962 	EXP 	feedback_practice_1: autoDraw = True
28.7052 	EXP 	Device response: <KeyPress from None: t=28.57940595800028, value=5, duration=0.11499420899963297>
29.5873 	EXP 	New trial (rep=3, index=0): <Trial 3 (0 in rep 3) data={'thisN': 3, 'thisTrialN': 0, 'thisRepN': 3}>
29.5973 	EXP 	feedback_practice_1: autoDraw = False
29.5973 	EXP 	fix: autoDraw = True
30.1038 	INFO 	Keyboard events cleared
30.1036 	EXP 	fix: autoDraw = False
30.1036 	EXP 	slider_training: markerPos = None
30.1036 	EXP 	slider_training: markerPos = None
30.1036 	EXP 	textbox_3: autoDraw = True
30.1036 	EXP 	slider_training: autoDraw = True
30.1036 	EXP 	textbox_3: autoDraw = False
30.1036 	EXP 	slider_training: autoDraw = False
30.1036 	EXP 	feedback_practice_1: autoDraw = True
31.1041 	INFO 	Keyboard events cleared
31.1041 	EXP 	feedback_practice_1: autoDraw = False
31.1041 	EXP 	feedback_practice_1: autoDraw = False
31.1041 	EXP 	text_4: autoDraw = True
31.1758 	EXP 	Device response: <KeyPress from None: t=31.16241079199972, value=9, duration=None>
31.1782 	DATA 	Keypress: 9
31.3087 	EXP 	Device response: <KeyPress from None: t=31.16241079199972, value=9, duration=0.1409807500003808>
31.9498 	EXP 	Device response: <KeyPress from None: t=31.946380250000402, value=space, duration=None>
31.9502 	EXP 	New trial (rep=0, index=2): <Trial 2 (2 in rep 0) data={'train_diff': 'easy1', 'train_time': np.int64(5), 'thisN': 2, 'thisTrialN': 2, 'thisRepN': 0}>
31.9566 	EXP 	New trial (rep=0, index=0): <Trial 0 (0 in rep 0) data={'thisN': 0, 'thisTrialN': 0, 'thisRepN': 0}>
31.9584 	DATA 	Keypress: space
31.9605 	EXP 	text_4: autoDraw = False
31.9605 	EXP 	fix: autoDraw = True
32.1230 	EXP 	Device response: <KeyPress from None: t=31.946380250000402, value=space, duration=0.16601954199995816>
32.4755 	INFO 	Keyboard events cleared
32.4755 	EXP 	fix: autoDraw = False
32.4755 	EXP 	slider_training: markerPos = None
32.4755 	EXP 	slider_training: markerPos = None
32.4755 	EXP 	textbox_3: autoDraw = True
32.4755 	EXP 	slider_training: autoDraw = True
32.8922 	EXP 	Device response: <KeyPress from None: t=32.89039312499972, value=7, duration=None>
32.8943 	DATA 	Keypress: 7
32.9049 	EXP 	textbox_3: autoDraw = False
32.9049 	EXP 	slider_training: autoDraw = False
32.9049 	EXP 	feedback_practice_1: autoDraw = True
32.9060 	EXP 	Device response: <KeyPress from None: t=32.90240212499975, value=8, duration=None>
32.9070 	DATA 	Keypress: 8
32.9460 	EXP 	Device response: <KeyPress from None: t=32.90240212499975, value=8, duration=0.0379981250007404>
32.9861 	EXP 	Device response: <KeyPress from None: t=32.89039312499972, value=7, duration=0.08701700000074197>
33.8944 	EXP 	New trial (rep=1, index=0): <Trial 1 (0 in rep 1) data={'thisN': 1, 'thisTrialN': 0, 'thisRepN': 1}>
33.9056 	EXP 	feedback_practice_1: autoDraw = False
33.9056 	EXP 	fix: autoDraw = True
34.4243 	INFO 	Keyboard events cleared
34.4242 	EXP 	fix: autoDraw = False
34.4242 	EXP 	slider_training: markerPos = None
34.4242 	EXP 	slider_training: markerPos = None
34.4242 	EXP 	textbox_3: autoDraw = True
34.4242 	EXP 	slider_training: autoDraw = True
34.7265 	DATA 	Keypress: 5
34.7334 	EXP 	Device response: <KeyPress from None: t=34.721369083000354, value=5, duration=None>
34.7455 	EXP 	textbox_3: autoDraw = False
34.7455 	EXP 	slider_training: autoDraw = False
34.7455 	EXP 	feedback_practice_1: autoDraw = True
34.8542 	EXP 	Device response: <KeyPress from None: t=34.721369083000354, value=5, duration=0.12401641699943866>
35.7349 	EXP 	New trial (rep=2, index=0): <Trial 2 (0 in rep 2) data={'thisN': 2, 'thisTrialN': 0, 'thisRepN': 2}>
35.7469 	EXP 	feedback_practice_1: autoDraw = False
35.7469 	EXP 	fix: autoDraw = True
36.2662 	INFO 	Keyboard events cleared
36.2661 	EXP 	fix: autoDraw = False
36.2661 	EXP 	slider_training: markerPos = None
36.2661 	EXP 	slider_training: markerPos = None
36.2661 	EXP 	textbox_3: autoDraw = True
36.2661 	EXP 	slider_training: autoDraw = True
36.2703 	DATA 	Keypress: 8
37.4798 	EXP 	textbox_3: autoDraw = False
37.4798 	EXP 	slider_training: autoDraw = False
37.4798 	EXP 	feedback_practice_1: autoDraw = True
37.8435 	EXP 	Device response: <KeyPress from None: t=37.8423794170003, value=4, duration=None>
37.8460 	DATA 	Keypress: 4
37.9761 	EXP 	Device response: <KeyPress from None: t=37.8423794170003, value=4, duration=0.1320025409995651>
38.4806 	INFO 	Keyboard events cleared
38.4805 	EXP 	feedback_practice_1: autoDraw = False
38.4805 	EXP 	text_4: autoDraw = True
38.9392 	EXP 	Device response: <KeyPress from None: t=38.93536329200015, value=space, duration=None>
38.9396 	EXP 	New trial (rep=0, index=3): <Trial 3 (3 in rep 0) data={'train_diff': 'med2', 'train_time': np.int64(5), 'thisN': 3, 'thisTrialN': 3, 'thisRepN': 0}>
38.9462 	EXP 	New trial (rep=0, index=0): <Trial 0 (0 in rep 0) data={'thisN': 0, 'thisTrialN': 0, 'thisRepN': 0}>
38.9497 	DATA 	Keypress: space
38.9524 	EXP 	text_4: autoDraw = False
38.9524 	EXP 	fix: autoDraw = True
39.0716 	EXP 	Device response: <KeyPress from None: t=38.93536329200015, value=space, duration=0.13401020800029073>
39.4657 	INFO 	Keyboard events cleared
39.4656 	EXP 	fix: autoDraw = False
39.4656 	EXP 	slider_training: markerPos = None
39.4656 	EXP 	slider_training: markerPos = None
39.4656 	EXP 	textbox_3: autoDraw = True
39.4656 	EXP 	slider_training: autoDraw = True
39.8881 	DATA 	Keypress: 8
39.8952 	EXP 	Device response: <KeyPress from None: t=39.88235566700041, value=8, duration=None>
39.9074 	EXP 	textbox_3: autoDraw = False
39.9074 	EXP 	slider_training: autoDraw = False
39.9074 	EXP 	feedback_practice_1: autoDraw = True
40.0025 	EXP 	Device response: <KeyPress from None: t=39.88235566700041, value=8, duration=0.11901674999990064>
40.8968 	EXP 	New trial (rep=1, index=0): <Trial 1 (0 in rep 1) data={'thisN': 1, 'thisTrialN': 0, 'thisRepN': 1}>
40.9087 	EXP 	feedback_practice_1: autoDraw = False
40.9087 	EXP 	fix: autoDraw = True
41.4286 	INFO 	Keyboard events cleared
41.4286 	EXP 	fix: autoDraw = False
41.4286 	EXP 	slider_training: markerPos = None
41.4286 	EXP 	slider_training: markerPos = None
41.4286 	EXP 	textbox_3: autoDraw = True
41.4286 	EXP 	slider_training: autoDraw = True
41.6621 	DATA 	Keypress: 5
41.6693 	EXP 	Device response: <KeyPress from None: t=41.657354457999645, value=5, duration=None>
41.6814 	EXP 	textbox_3: autoDraw = False
41.6814 	EXP 	slider_training: autoDraw = False
41.6814 	EXP 	feedback_practice_1: autoDraw = True
41.7900 	EXP 	Device response: <KeyPress from None: t=41.657354457999645, value=5, duration=0.11897683400002279>
42.6707 	EXP 	New trial (rep=2, index=0): <Trial 2 (0 in rep 2) data={'thisN': 2, 'thisTrialN': 0, 'thisRepN': 2}>
42.6820 	EXP 	feedback_practice_1: autoDraw = False
42.6820 	EXP 	fix: autoDraw = True
43.1971 	INFO 	Keyboard events cleared
43.1970 	EXP 	fix: autoDraw = False
43.1970 	EXP 	slider_training: markerPos = None
43.1970 	EXP 	slider_training: markerPos = None
43.1970 	EXP 	textbox_3: autoDraw = True
43.1970 	EXP 	slider_training: autoDraw = True
43.4161 	EXP 	Device response: <KeyPress from None: t=43.41337687499981, value=8, duration=None>
43.4181 	DATA 	Keypress: 8
43.4286 	EXP 	textbox_3: autoDraw = False
43.4286 	EXP 	slider_training: autoDraw = False
43.4286 	EXP 	feedback_practice_1: autoDraw = True
43.5912 	EXP 	Device response: <KeyPress from None: t=43.41337687499981, value=8, duration=0.16494033300023148>
44.4180 	EXP 	New trial (rep=3, index=0): <Trial 3 (0 in rep 3) data={'thisN': 3, 'thisTrialN': 0, 'thisRepN': 3}>
44.4297 	EXP 	feedback_practice_1: autoDraw = False
44.4297 	EXP 	fix: autoDraw = True
44.9393 	DEBUG 	TextBox2 loaded 1 chars with 0 blanks and 1 valid
44.9395 	DEBUG 	Uploading Texture Font fontname to graphics card
44.9436 	DEBUG 	Upload of Texture Font fontname complete
44.9489 	INFO 	Keyboard events cleared
44.9488 	EXP 	fix: autoDraw = False
44.9488 	EXP 	slider_training: markerPos = None
44.9488 	EXP 	slider_training: markerPos = None
44.9488 	EXP 	textbox_3: autoDraw = True
44.9488 	EXP 	slider_training: autoDraw = True
44.9488 	EXP 	textbox_3: autoDraw = False
44.9488 	EXP 	slider_training: autoDraw = False
44.9488 	EXP 	feedback_practice_1: autoDraw = True
45.9500 	INFO 	Keyboard events cleared
45.9499 	EXP 	feedback_practice_1: autoDraw = False
45.9499 	EXP 	feedback_practice_1: autoDraw = False
45.9499 	EXP 	text_4: autoDraw = True
46.9501 	EXP 	text_4: autoDraw = False
47.1279 	EXP 	Device response: <KeyPress from None: t=47.117332707999594, value=space, duration=None>
47.1283 	EXP 	New trial (rep=0, index=4): <Trial 4 (4 in rep 0) data={'train_diff': 'med1', 'train_time': np.int64(5), 'thisN': 4, 'thisTrialN': 4, 'thisRepN': 0}>
47.1341 	EXP 	New trial (rep=0, index=0): <Trial 0 (0 in rep 0) data={'thisN': 0, 'thisTrialN': 0, 'thisRepN': 0}>
47.1363 	DATA 	Keypress: space
47.1385 	EXP 	text_4: autoDraw = False
47.1385 	EXP 	fix: autoDraw = True
47.2606 	EXP 	Device response: <KeyPress from None: t=47.117332707999594, value=space, duration=0.13304145900019648>
47.6560 	INFO 	Keyboard events cleared
47.6560 	EXP 	fix: autoDraw = False
47.6560 	EXP 	slider_training: markerPos = None
47.6560 	EXP 	slider_training: markerPos = None
47.6560 	EXP 	textbox_3: autoDraw = True
47.6560 	EXP 	slider_training: autoDraw = True
48.0180 	EXP 	Device response: <KeyPress from None: t=48.009337208000034, value=8, duration=None>
48.0198 	DATA 	Keypress: 8
48.0303 	EXP 	textbox_3: autoDraw = False
48.0303 	EXP 	slider_training: autoDraw = False
48.0303 	EXP 	feedback_practice_1: autoDraw = True
48.1655 	EXP 	Device response: <KeyPress from None: t=48.009337208000034, value=8, duration=0.1550074169999789>
49.0198 	EXP 	New trial (rep=1, index=0): <Trial 1 (0 in rep 1) data={'thisN': 1, 'thisTrialN': 0, 'thisRepN': 1}>
49.0310 	EXP 	feedback_practice_1: autoDraw = False
49.0310 	EXP 	fix: autoDraw = True
49.3689 	EXP 	Device response: <KeyPress from None: t=49.35732279199965, value=5, duration=None>
49.3710 	DATA 	Keypress: 5
49.5025 	EXP 	Device response: <KeyPress from None: t=49.35732279199965, value=5, duration=0.14200804100073583>
49.5449 	INFO 	Keyboard events cleared
49.5449 	EXP 	fix: autoDraw = False
49.5449 	EXP 	slider_training: markerPos = None
49.5449 	EXP 	slider_training: markerPos = None
49.5449 	EXP 	textbox_3: autoDraw = True
49.5449 	EXP 	slider_training: autoDraw = True
51.0192 	EXP 	Device response: <KeyPress from None: t=51.015348124999946, value=8, duration=None>
51.0211 	DATA 	Keypress: 8
51.0314 	EXP 	textbox_3: autoDraw = False
51.0314 	EXP 	slider_training: autoDraw = False
51.0314 	EXP 	feedback_practice_1: autoDraw = True
51.1534 	EXP 	Device response: <KeyPress from None: t=51.015348124999946, value=8, duration=0.13300058300046658>
52.0209 	EXP 	New trial (rep=2, index=0): <Trial 2 (0 in rep 2) data={'thisN': 2, 'thisTrialN': 0, 'thisRepN': 2}>
52.0328 	EXP 	feedback_practice_1: autoDraw = False
52.0328 	EXP 	fix: autoDraw = True
52.3568 	EXP 	Device response: <KeyPress from None: t=52.35134108300008, value=4, duration=None>
52.3602 	DATA 	Keypress: 4
52.4904 	EXP 	Device response: <KeyPress from None: t=52.35134108300008, value=4, duration=0.13599770899963914>
52.5514 	INFO 	Keyboard events cleared
52.5514 	EXP 	fix: autoDraw = False
52.5514 	EXP 	slider_training: markerPos = None
52.5514 	EXP 	slider_training: markerPos = None
52.5514 	EXP 	textbox_3: autoDraw = True
52.5514 	EXP 	slider_training: autoDraw = True
52.6587 	EXP 	textbox_3: autoDraw = False
52.6587 	EXP 	slider_training: autoDraw = False
52.6587 	EXP 	feedback_practice_1: autoDraw = True
53.6594 	INFO 	Keyboard events cleared
53.6594 	EXP 	feedback_practice_1: autoDraw = False
53.6594 	EXP 	text_4: autoDraw = True
54.3312 	EXP 	Device response: <KeyPress from None: t=54.322316333000344, value=space, duration=None>
54.3387 	DEBUG 	Read excel file with openpyxl: experiment_difficulty.xlsx
54.3392 	EXP 	Imported experiment_difficulty.xlsx as conditions, 5 conditions, 3 params
54.3395 	EXP 	New trial (rep=0, index=0): <Trial 0 (0 in rep 0) data={'exp_diff': 'hard', 'exp_time': 5, 'diffbyt': 7.0, 'thisN': 0, 'thisTrialN': 0, 'thisRepN': 0}>
54.3397 	EXP 	New trial (rep=0, index=0): <Trial 0 (0 in rep 0) data={'thisN': 0, 'thisTrialN': 0, 'thisRepN': 0}>
54.3422 	DATA 	Keypress: space
54.3445 	EXP 	text_4: autoDraw = False
54.3445 	EXP 	fix: autoDraw = True
54.4508 	EXP 	Device response: <KeyPress from None: t=54.322316333000344, value=space, duration=0.12204708399985975>
54.8714 	INFO 	Keyboard events cleared
54.8714 	EXP 	fix: autoDraw = False
54.8714 	EXP 	slider: markerPos = None
54.8714 	EXP 	slider: markerPos = None
54.8714 	EXP 	prog: autoDraw = True
54.8714 	EXP 	greenbar: autoDraw = True
54.8714 	EXP 	yellowbar: autoDraw = True
54.8714 	EXP 	redbar: autoDraw = True
54.8714 	EXP 	arrow: autoDraw = True
54.8714 	EXP 	textbox: autoDraw = True
54.8714 	EXP 	slider: autoDraw = True
55.3818 	DEBUG 	TextBox2 loaded 1 chars with 0 blanks and 1 valid
55.3825 	DEBUG 	TextBox2 loaded 1 chars with 0 blanks and 1 valid
55.3831 	DEBUG 	TextBox2 loaded 1 chars with 0 blanks and 1 valid
55.3838 	DEBUG 	TextBox2 loaded 1 chars with 0 blanks and 1 valid
55.3839 	DEBUG 	Uploading Texture Font fontname to graphics card
55.3856 	DEBUG 	Upload of Texture Font fontname complete
55.3930 	EXP 	prog: autoDraw = False
55.3930 	EXP 	greenbar: autoDraw = False
55.3930 	EXP 	yellowbar: autoDraw = False
55.3930 	EXP 	redbar: autoDraw = False
55.3930 	EXP 	arrow: autoDraw = False
55.3930 	EXP 	textbox: autoDraw = False
55.3930 	EXP 	slider: autoDraw = False
55.3930 	EXP 	feedback_practice_1: autoDraw = True
56.3824 	EXP 	New trial (rep=1, index=0): <Trial 1 (0 in rep 1) data={'thisN': 1, 'thisTrialN': 0, 'thisRepN': 1}>
56.3938 	EXP 	feedback_practice_1: autoDraw = False
56.3938 	EXP 	fix: autoDraw = True
56.9096 	INFO 	Keyboard events cleared
56.9095 	EXP 	fix: autoDraw = False
56.9095 	EXP 	slider: markerPos = None
56.9095 	EXP 	slider: markerPos = None
56.9095 	EXP 	prog: autoDraw = True
56.9095 	EXP 	greenbar: autoDraw = True
56.9095 	EXP 	yellowbar: autoDraw = True
56.9095 	EXP 	redbar: autoDraw = True
56.9095 	EXP 	arrow: autoDraw = True
56.9095 	EXP 	textbox: autoDraw = True
56.9095 	EXP 	slider: autoDraw = True
57.4471 	EXP 	prog: autoDraw = False
57.4471 	EXP 	greenbar: autoDraw = False
57.4471 	EXP 	yellowbar: autoDraw = False
57.4471 	EXP 	redbar: autoDraw = False
57.4471 	EXP 	arrow: autoDraw = False
57.4471 	EXP 	textbox: autoDraw = False
57.4471 	EXP 	slider: autoDraw = False
57.4471 	EXP 	prog: autoDraw = False
57.4471 	EXP 	greenbar: autoDraw = False
57.4471 	EXP 	yellowbar: autoDraw = False
57.4471 	EXP 	redbar: autoDraw = False
57.4471 	EXP 	arrow: autoDraw = False
57.4471 	EXP 	textbox: autoDraw = False
57.4471 	EXP 	slider: autoDraw = False
57.4471 	EXP 	feedback_practice_1: autoDraw = True
58.4366 	EXP 	New trial (rep=2, index=0): <Trial 2 (0 in rep 2) data={'thisN': 2, 'thisTrialN': 0, 'thisRepN': 2}>
58.4485 	EXP 	feedback_practice_1: autoDraw = False
58.4485 	EXP 	fix: autoDraw = True
58.9658 	INFO 	Keyboard events cleared
58.9657 	EXP 	fix: autoDraw = False
58.9657 	EXP 	slider: markerPos = None
58.9657 	EXP 	slider: markerPos = None
58.9657 	EXP 	prog: autoDraw = True
58.9657 	EXP 	greenbar: autoDraw = True
58.9657 	EXP 	yellowbar: autoDraw = True
58.9657 	EXP 	redbar: autoDraw = True
58.9657 	EXP 	arrow: autoDraw = True
58.9657 	EXP 	textbox: autoDraw = True
58.9657 	EXP 	slider: autoDraw = True
59.5012 	EXP 	prog: autoDraw = False
59.5012 	EXP 	greenbar: autoDraw = False
59.5012 	EXP 	yellowbar: autoDraw = False
59.5012 	EXP 	redbar: autoDraw = False
59.5012 	EXP 	arrow: autoDraw = False
59.5012 	EXP 	textbox: autoDraw = False
59.5012 	EXP 	slider: autoDraw = False
59.5012 	EXP 	prog: autoDraw = False
59.5012 	EXP 	greenbar: autoDraw = False
59.5012 	EXP 	yellowbar: autoDraw = False
59.5012 	EXP 	redbar: autoDraw = False
59.5012 	EXP 	arrow: autoDraw = False
59.5012 	EXP 	textbox: autoDraw = False
59.5012 	EXP 	slider: autoDraw = False
59.5012 	EXP 	feedback_practice_1: autoDraw = True
60.4906 	EXP 	New trial (rep=3, index=0): <Trial 3 (0 in rep 3) data={'thisN': 3, 'thisTrialN': 0, 'thisRepN': 3}>
60.5019 	EXP 	feedback_practice_1: autoDraw = False
60.5019 	EXP 	fix: autoDraw = True
61.0102 	DEBUG 	TextBox2 loaded 1 chars with 0 blanks and 1 valid
61.0107 	DEBUG 	Uploading Texture Font fontname to graphics card
61.0149 	DEBUG 	Upload of Texture Font fontname complete
61.0213 	INFO 	Keyboard events cleared
61.0213 	EXP 	fix: autoDraw = False
61.0213 	EXP 	slider: markerPos = None
61.0213 	EXP 	slider: markerPos = None
61.0213 	EXP 	prog: autoDraw = True
61.0213 	EXP 	greenbar: autoDraw = True
61.0213 	EXP 	yellowbar: autoDraw = True
61.0213 	EXP 	redbar: autoDraw = True
61.0213 	EXP 	arrow: autoDraw = True
61.0213 	EXP 	textbox: autoDraw = True
61.0213 	EXP 	slider: autoDraw = True
61.0213 	EXP 	prog: autoDraw = False
61.0213 	EXP 	greenbar: autoDraw = False
61.0213 	EXP 	yellowbar: autoDraw = False
61.0213 	EXP 	redbar: autoDraw = False
61.0213 	EXP 	arrow: autoDraw = False
61.0213 	EXP 	textbox: autoDraw = False
61.0213 	EXP 	slider: autoDraw = False
61.0213 	EXP 	feedback_practice_1: autoDraw = True
62.0215 	INFO 	Keyboard events cleared
62.0215 	EXP 	feedback_practice_1: autoDraw = False
62.0215 	EXP 	feedback_practice_1: autoDraw = False
62.0215 	EXP 	text_5: height = np.float64(0.05)
62.0215 	EXP 	text_5: height = np.float64(0.05)
62.0215 	EXP 	text_5: height = np.float64(0.05)
62.0215 	EXP 	text_5: text = 'You scored 0 out of 0 on this block \n\n Please press space to continue.'
62.0215 	EXP 	text_5: autoDraw = True
63.0227 	EXP 	text_5: autoDraw = False
65.3219 	EXP 	Device response: <KeyPress from None: t=65.31131637500039, value=escape, duration=None>
65.3445 	DATA 	Keypress: escape
65.4151 	EXP 	Device response: <KeyPress from None: t=65.31131637500039, value=escape, duration=0.0919956669995372>
65.4152 	EXP 	misty_module: status = STOPPED
65.4267 	EXP 	misty_module: status = STOPPED
65.4403 	INFO 	saved data to '/Users/hackerman/misty_py/data/pilot_misty_module_2026-01-31_18h51.33.103.csv'
65.4413 	INFO 	saved data to /Users/hackerman/misty_py/data/pilot_misty_module_2026-01-31_18h51.33.103.psydat
65.5349 	DEBUG 	Saving data for misty_module ExperimentHandler
65.5355 	WARNING 	Stopping key buffers but this could be dangerous ifother keyboards rely on the same.
