10.4607 	WARNING 	Font Manager failed to load file /System/Library/PrivateFrameworks/FontServices.framework/Resources/Reserved/PingFangUI.ttc
10.4997 	WARNING 	Font Manager failed to load file /System/Library/PrivateFrameworks/FontServices.framework/Resources/Reserved/PingFangUI.ttc
12.1044 	DEBUG 	Fullscreen settings ignored as running in pilot mode.
12.1056 	INFO 	Loaded monitor calibration from ['2026_01_21 12:15']
12.2208 	INFO 	Using renderer 'Apple M4' for graphics
12.2208 	INFO 	OpenGL version supported by driver is 2..
12.2404 	EXP 	Created window1 = Window(allowGUI=False, allowStencil=True, autoLog=True, backendConf=UNKNOWN, backgroundFit=<method-wrapper '__getattribute__' of attributeSetter object at 0x1790a97e0>, backgroundImage=<method-wrapper '__getattribute__' of attributeSetter object at 0x1790a9780>, bitsMode=UNKNOWN, blendMode='avg', bpc=(8, 8, 8), color=array([0, 0, 0]), colorSpace='rgb', depthBits=8, fullscr=False, gamma=None, gammaErrorPolicy='raise', infoMsg=UNKNOWN, lms=UNKNOWN, monitor=<psychopy.monitors.calibTools.Monitor object at 0x179633970>, multiSample=False, name='window1', numSamples=2, pos=[np.float64(335.0), np.float64(178.0)], screen=0, size=array([1600, 1200]), stencilBits=8, stereo=False, title='PsychoPy', units='height', useFBO=True, useRetina=True, viewOri=0.0, viewPos=None, viewScale=None, waitBlanking=True, winType='pyglet')
12.2405 	EXP 	window1: backgroundImage = ''
12.2405 	EXP 	window1: backgroundFit = 'none'
12.2554 	DEBUG 	TextBox2 loaded 1 chars with 0 blanks and 1 valid
12.2635 	DEBUG 	TextBox2 loaded 1 chars with 0 blanks and 1 valid
12.2716 	DEBUG 	TextBox2 loaded 1 chars with 0 blanks and 1 valid
12.2799 	DEBUG 	TextBox2 loaded 1 chars with 0 blanks and 1 valid
12.2882 	DEBUG 	TextBox2 loaded 1 chars with 0 blanks and 1 valid
12.2961 	DEBUG 	TextBox2 loaded 1 chars with 0 blanks and 1 valid
12.3044 	DEBUG 	TextBox2 loaded 1 chars with 0 blanks and 1 valid
12.3126 	DEBUG 	TextBox2 loaded 1 chars with 0 blanks and 1 valid
12.3206 	DEBUG 	TextBox2 loaded 1 chars with 0 blanks and 1 valid
12.3285 	DEBUG 	TextBox2 loaded 1 chars with 0 blanks and 1 valid
12.3367 	DEBUG 	TextBox2 loaded 1 chars with 0 blanks and 1 valid
12.3449 	DEBUG 	TextBox2 loaded 1 chars with 0 blanks and 1 valid
12.3530 	DEBUG 	TextBox2 loaded 1 chars with 0 blanks and 1 valid
12.3613 	DEBUG 	TextBox2 loaded 1 chars with 0 blanks and 1 valid
12.3694 	DEBUG 	TextBox2 loaded 1 chars with 0 blanks and 1 valid
12.3777 	DEBUG 	TextBox2 loaded 1 chars with 0 blanks and 1 valid
12.3859 	DEBUG 	TextBox2 loaded 1 chars with 0 blanks and 1 valid
12.3939 	DEBUG 	TextBox2 loaded 1 chars with 0 blanks and 1 valid
12.4020 	DEBUG 	TextBox2 loaded 1 chars with 0 blanks and 1 valid
12.4103 	DEBUG 	TextBox2 loaded 1 chars with 0 blanks and 1 valid
12.4184 	DEBUG 	TextBox2 loaded 1 chars with 0 blanks and 1 valid
12.4185 	DEBUG 	Uploading Texture Font fontname to graphics card
12.4214 	DEBUG 	Upload of Texture Font fontname complete
12.4323 	DEBUG 	TextBox2 loaded 1 chars with 0 blanks and 1 valid
12.4404 	DEBUG 	TextBox2 loaded 1 chars with 0 blanks and 1 valid
12.4485 	DEBUG 	TextBox2 loaded 1 chars with 0 blanks and 1 valid
12.4486 	DEBUG 	Uploading Texture Font fontname to graphics card
12.4501 	DEBUG 	Upload of Texture Font fontname complete
12.4510 	EXP 	window1: Attempting to measure frame rate of screen (0) ...
12.4511 	EXP 	window1: recordFrameIntervals = False
12.5536 	EXP 	window1: recordFrameIntervals = True
13.3890 	WARNING 	Couldn't measure a consistent frame rate!
  - Is your graphics card set to sync to vertical blank?
  - Are you running other processes on your computer?

13.4111 	DEBUG 	TextBox2 loaded 1 chars with 0 blanks and 1 valid
13.4230 	DEBUG 	TextBox2 loaded 1 chars with 0 blanks and 1 valid
13.4334 	DEBUG 	TextBox2 loaded 1 chars with 0 blanks and 1 valid
13.4431 	DEBUG 	TextBox2 loaded 1 chars with 0 blanks and 1 valid
13.4522 	DEBUG 	TextBox2 loaded 1 chars with 0 blanks and 1 valid
13.4608 	DEBUG 	TextBox2 loaded 1 chars with 0 blanks and 1 valid
13.4687 	DEBUG 	TextBox2 loaded 1 chars with 0 blanks and 1 valid
13.4767 	DEBUG 	TextBox2 loaded 1 chars with 0 blanks and 1 valid
13.4846 	DEBUG 	TextBox2 loaded 1 chars with 0 blanks and 1 valid
13.4925 	DEBUG 	TextBox2 loaded 1 chars with 0 blanks and 1 valid
13.4926 	DEBUG 	Uploading Texture Font fontname to graphics card
13.4941 	DEBUG 	Upload of Texture Font fontname complete
14.0559 	INFO 	keyboard.Keyboard is using ptb backend.
14.0559 	EXP 	misty_module: status = STARTED
14.0903 	EXP 	Created text = TextStim(__class__=<class 'psychopy.visual.text.TextStim'>, alignHoriz=method-wrapper(...), alignText='center', alignVert=method-wrapper(...), anchorHoriz='center', anchorVert='center', antialias=True, autoDraw=False, autoLog=True, bold=False, color=array([1., 1., 1.]), colorSpace='rgb', contrast=1.0, depth=-1.0, draggable=False, flipHoriz=False, flipVert=False, font='Arial', fontFiles=[], height=np.float64(0.05), italic=False, languageStyle='LTR', name='text', opacity=1, ori=0.0, pos=array([0., 0.]), rgb=UNKNOWN, text=str(...), units='height', win=Window(...), wrapWidth=1)
14.0977 	EXP 	Created intstructs = TextStim(__class__=<class 'psychopy.visual.text.TextStim'>, alignHoriz=method-wrapper(...), alignText='center', alignVert=method-wrapper(...), anchorHoriz='center', anchorVert='center', antialias=True, autoDraw=False, autoLog=True, bold=False, color=array([1., 1., 1.]), colorSpace='rgb', contrast=1.0, depth=0.0, draggable=False, flipHoriz=False, flipVert=False, font='Arial', fontFiles=[], height=np.float64(0.05), italic=False, languageStyle='LTR', name='intstructs', opacity=1, ori=0.0, pos=array([0., 0.]), rgb=UNKNOWN, text=str(...), units='height', win=Window(...), wrapWidth=1)
14.0998 	EXP 	Created fix = TextStim(__class__=<class 'psychopy.visual.text.TextStim'>, alignHoriz=method-wrapper(...), alignText='center', alignVert=method-wrapper(...), anchorHoriz='center', anchorVert='center', antialias=True, autoDraw=False, autoLog=True, bold=False, color=array([1., 1., 1.]), colorSpace='rgb', contrast=1.0, depth=-1.0, draggable=False, flipHoriz=False, flipVert=False, font='Open Sans', fontFiles=[], height=np.float64(0.1), italic=False, languageStyle='LTR', name='fix', opacity=1, ori=0.0, pos=array([0., 0.]), rgb=UNKNOWN, text='+', units='height', win=Window(...), wrapWidth=1)
14.1049 	DEBUG 	TextBox2 loaded 1 chars with 0 blanks and 1 valid
14.1055 	DEBUG 	TextBox2 loaded 1 chars with 0 blanks and 1 valid
14.1061 	DEBUG 	TextBox2 loaded 1 chars with 0 blanks and 1 valid
14.1066 	DEBUG 	TextBox2 loaded 1 chars with 0 blanks and 1 valid
14.1068 	DEBUG 	TextBox2 loaded 1 chars with 0 blanks and 1 valid
14.1071 	DEBUG 	TextBox2 loaded 1 chars with 0 blanks and 1 valid
14.1076 	DEBUG 	TextBox2 loaded 1 chars with 0 blanks and 1 valid
14.1080 	DEBUG 	TextBox2 loaded 1 chars with 0 blanks and 1 valid
14.1082 	DEBUG 	TextBox2 loaded 1 chars with 0 blanks and 1 valid
14.1083 	DEBUG 	Uploading Texture Font fontname to graphics card
14.1104 	DEBUG 	Upload of Texture Font fontname complete
14.1314 	DEBUG 	TextBox2 loaded 1 chars with 0 blanks and 1 valid
14.1315 	DEBUG 	Uploading Texture Font fontname to graphics card
14.1335 	DEBUG 	Upload of Texture Font fontname complete
14.1439 	DEBUG 	TextBox2 loaded 1 chars with 0 blanks and 1 valid
14.1517 	DEBUG 	TextBox2 loaded 1 chars with 0 blanks and 1 valid
14.1595 	DEBUG 	TextBox2 loaded 1 chars with 0 blanks and 1 valid
14.1673 	DEBUG 	TextBox2 loaded 1 chars with 0 blanks and 1 valid
14.1750 	DEBUG 	TextBox2 loaded 1 chars with 0 blanks and 1 valid
14.1827 	DEBUG 	TextBox2 loaded 1 chars with 0 blanks and 1 valid
14.1905 	DEBUG 	TextBox2 loaded 1 chars with 0 blanks and 1 valid
14.1982 	DEBUG 	TextBox2 loaded 1 chars with 0 blanks and 1 valid
14.2060 	DEBUG 	TextBox2 loaded 1 chars with 0 blanks and 1 valid
14.2137 	DEBUG 	TextBox2 loaded 1 chars with 0 blanks and 1 valid
14.2138 	DEBUG 	Uploading Texture Font fontname to graphics card
14.2154 	DEBUG 	Upload of Texture Font fontname complete
14.2256 	DEBUG 	TextBox2 loaded 1 chars with 0 blanks and 1 valid
14.2257 	DEBUG 	Uploading Texture Font fontname to graphics card
14.2272 	DEBUG 	Upload of Texture Font fontname complete
14.2400 	DEBUG 	TextBox2 loaded 1 chars with 0 blanks and 1 valid
14.2400 	DEBUG 	Uploading Texture Font fontname to graphics card
14.2415 	DEBUG 	Upload of Texture Font fontname complete
14.2543 	DEBUG 	TextBox2 loaded 1 chars with 0 blanks and 1 valid
14.2544 	DEBUG 	Uploading Texture Font fontname to graphics card
14.2558 	DEBUG 	Upload of Texture Font fontname complete
14.2686 	DEBUG 	TextBox2 loaded 1 chars with 0 blanks and 1 valid
14.2686 	DEBUG 	Uploading Texture Font fontname to graphics card
14.2701 	DEBUG 	Upload of Texture Font fontname complete
14.2828 	DEBUG 	TextBox2 loaded 1 chars with 0 blanks and 1 valid
14.2829 	DEBUG 	Uploading Texture Font fontname to graphics card
14.2844 	DEBUG 	Upload of Texture Font fontname complete
14.2971 	DEBUG 	TextBox2 loaded 1 chars with 0 blanks and 1 valid
14.2972 	DEBUG 	Uploading Texture Font fontname to graphics card
14.2987 	DEBUG 	Upload of Texture Font fontname complete
14.3114 	DEBUG 	TextBox2 loaded 1 chars with 0 blanks and 1 valid
14.3115 	DEBUG 	Uploading Texture Font fontname to graphics card
14.3129 	DEBUG 	Upload of Texture Font fontname complete
14.3257 	DEBUG 	TextBox2 loaded 1 chars with 0 blanks and 1 valid
14.3257 	DEBUG 	Uploading Texture Font fontname to graphics card
14.3272 	DEBUG 	Upload of Texture Font fontname complete
14.3399 	DEBUG 	TextBox2 loaded 1 chars with 0 blanks and 1 valid
14.3400 	DEBUG 	Uploading Texture Font fontname to graphics card
14.3415 	DEBUG 	Upload of Texture Font fontname complete
14.3641 	EXP 	Created slider_3 = Slider(__class__=<class 'psychopy.visual.slider.Slider'>, autoDraw=False, autoLog=True, borderColor=None, color=None, colorSpace='rgb', depth=-2, fillColor=None, flip=False, font='Noto Sans', granularity=1, labelColor=None, labelHeight=np.float64(0.05), labelWrapWidth=None, labels=(0, 1, 2, 3, 4, 5, 6, 7, 8, 9), lineColor=None, markerColor=None, name='slider_3', opacity=None, ori=0.0, pos=array([ 0. , -0.4]), readOnly=False, self=UNKNOWN, size=array([1. , 0.1]), startValue=None, style='choice', styleTweaks=[], ticks=array([0, 1, 2, 3, 4, 5, 6, 7, 8, 9]), units='norm', win=Window(...))
14.3711 	EXP 	Created text_2 = TextStim(__class__=<class 'psychopy.visual.text.TextStim'>, alignHoriz=method-wrapper(...), alignText='center', alignVert=method-wrapper(...), anchorHoriz='center', anchorVert='center', antialias=True, autoDraw=False, autoLog=True, bold=False, color=array([1., 1., 1.]), colorSpace='rgb', contrast=1.0, depth=0.0, draggable=False, flipHoriz=False, flipVert=False, font='Arial', fontFiles=[], height=np.float64(0.05), italic=False, languageStyle='LTR', name='text_2', opacity=1, ori=0.0, pos=array([0., 0.]), rgb=UNKNOWN, text=str(...), units='height', win=Window(...), wrapWidth=1)
14.3718 	EXP 	Created fix = TextStim(__class__=<class 'psychopy.visual.text.TextStim'>, alignHoriz=method-wrapper(...), alignText='center', alignVert=method-wrapper(...), anchorHoriz='center', anchorVert='center', antialias=True, autoDraw=False, autoLog=True, bold=False, color=array([1., 1., 1.]), colorSpace='rgb', contrast=1.0, depth=-1.0, draggable=False, flipHoriz=False, flipVert=False, font='Open Sans', fontFiles=[], height=np.float64(0.1), italic=False, languageStyle='LTR', name='fix', opacity=1, ori=0.0, pos=array([0., 0.]), rgb=UNKNOWN, text='+', units='height', win=Window(...), wrapWidth=1)
14.3741 	EXP 	Created prog_3 = Progress(__class__=<class 'psychopy.visual.progress.Progress'>, anchor=('left', 'top'), autoDraw=False, autoLog=True, closeShape=True, color=method-wrapper(...), colorSpace='rgb', contrast=None, depth=-1, draggable=False, fillColor=array([-1.    ,  0.5373, -1.    ]), fillColorSpace='rgb', fillRGB=array([-1.    ,  0.5373, -1.    ]), interpolate=True, lineColor=array([1., 1., 1.]), lineColorSpace='rgb', lineRGB=array([1, 1, 1]), lineWidth=4.0, name='prog_3', opacity=1.0, ori=0.0, pos=array([-0.5,  0.5]), size=array([1. , 0.1]), units='norm', vertices=ndarray(...), win=Window(...), windingRule=None)
14.3749 	EXP 	Created prog_3Bar = ShapeStim(__class__=<class 'psychopy.visual.shape.ShapeStim'>, anchor=('left', 'top'), autoDraw=False, autoLog=True, closeShape=True, color=method-wrapper(...), colorSpace='rgb', contrast=None, depth=-1, draggable=False, fillColor=array([ 1., -1., -1.]), fillColorSpace='rgb', fillRGB=array([ 1., -1., -1.]), interpolate=True, lineColor=array([0., 0., 0.]), lineColorSpace='rgb', lineRGB=array([0, 0, 0]), lineWidth=1.5, name='prog_3Bar', opacity=1.0, ori=0.0, pos=array([-0.5,  0.5]), size=array([1. , 0.1]), units='norm', vertices=ndarray(...), win=Window(...), windingRule=None)
14.3755 	EXP 	Created redbar_3 = Rect(__class__=<class 'psychopy.visual.rect.Rect'>, anchor=('left', 'center'), autoDraw=False, autoLog=True, closeShape=True, color=method-wrapper(...), colorSpace='rgb', contrast=None, depth=-2.0, draggable=False, fillColor=array([ 1., -1., -1.]), fillColorSpace='rgb', fillRGB=array([ 1., -1., -1.]), interpolate=True, lineColor=array([1., 1., 1.]), lineColorSpace='rgb', lineRGB=array([1, 1, 1]), lineWidth=1.0, name='redbar_3', opacity=1, ori=0.0, pos=array([-1. ,  0.7]), size=array([2. , 0.1]), units='norm', vertices=ndarray(...), win=Window(...))
14.3760 	EXP 	Created yellowbar_3 = Rect(__class__=<class 'psychopy.visual.rect.Rect'>, anchor=('left', 'center'), autoDraw=False, autoLog=True, closeShape=True, color=method-wrapper(...), colorSpace='rgb', contrast=None, depth=-3.0, draggable=False, fillColor=array([ 1.,  1., -1.]), fillColorSpace='rgb', fillRGB=array([ 1.,  1., -1.]), interpolate=True, lineColor=array([1., 1., 1.]), lineColorSpace='rgb', lineRGB=array([1, 1, 1]), lineWidth=1.0, name='yellowbar_3', opacity=1, ori=0.0, pos=array([0. , 0.7]), size=array([1. , 0.1]), units='norm', vertices=ndarray(...), win=Window(...))
14.3765 	EXP 	Created greenbar_3 = Rect(__class__=<class 'psychopy.visual.rect.Rect'>, anchor=('left', 'center'), autoDraw=False, autoLog=True, closeShape=True, color=method-wrapper(...), colorSpace='rgb', contrast=None, depth=-4.0, draggable=False, fillColor=array([-1.    ,  0.0039, -1.    ]), fillColorSpace='rgb', fillRGB=array([-1.    ,  0.0039, -1.    ]), interpolate=True, lineColor=array([1., 1., 1.]), lineColorSpace='rgb', lineRGB=array([1, 1, 1]), lineWidth=1.0, name='greenbar_3', opacity=1, ori=0.0, pos=array([0.7, 0.7]), size=array([0.3, 0.1]), units='norm', vertices=ndarray(...), win=Window(...))
14.3773 	EXP 	Created arrow_3 = ShapeStim(__class__=<class 'psychopy.visual.shape.ShapeStim'>, anchor=('center', 'center'), autoDraw=False, autoLog=True, closeShape=True, color=method-wrapper(...), colorSpace='rgb', contrast=None, depth=-5.0, draggable=False, fillColor=array([1, 1, 1]), fillColorSpace='rgb', fillRGB=array([1, 1, 1]), interpolate=True, lineColor=array([1., 1., 1.]), lineColorSpace='rgb', lineRGB=array([1, 1, 1]), lineWidth=1.0, name='arrow_3', opacity=1, ori=0.0, pos=array([0., 0.]), size=array([0.05, 0.05]), units='norm', vertices=ndarray(...), win=Window(...), windingRule=None)
14.3780 	EXP 	Created arrow_4 = ShapeStim(__class__=<class 'psychopy.visual.shape.ShapeStim'>, anchor=('center', 'center'), autoDraw=False, autoLog=True, closeShape=True, color=method-wrapper(...), colorSpace='rgb', contrast=None, depth=-6.0, draggable=False, fillColor=array([1, 1, 1]), fillColorSpace='rgb', fillRGB=array([1, 1, 1]), interpolate=True, lineColor=array([1., 1., 1.]), lineColorSpace='rgb', lineRGB=array([1, 1, 1]), lineWidth=1.0, name='arrow_4', opacity=1, ori=0.0, pos=array([0., 0.]), size=array([0.05, 0.05]), units='norm', vertices=ndarray(...), win=Window(...), windingRule=None)
14.3813 	DEBUG 	TextBox2 loaded 1 chars with 0 blanks and 1 valid
14.3816 	DEBUG 	TextBox2 loaded 1 chars with 0 blanks and 1 valid
14.3819 	DEBUG 	TextBox2 loaded 1 chars with 0 blanks and 1 valid
14.3822 	DEBUG 	TextBox2 loaded 1 chars with 0 blanks and 1 valid
14.3825 	DEBUG 	TextBox2 loaded 1 chars with 0 blanks and 1 valid
14.3828 	DEBUG 	TextBox2 loaded 1 chars with 0 blanks and 1 valid
14.3829 	DEBUG 	Uploading Texture Font fontname to graphics card
14.3850 	DEBUG 	Upload of Texture Font fontname complete
14.3881 	DEBUG 	TextBox2 loaded 1 chars with 0 blanks and 1 valid
14.3884 	DEBUG 	TextBox2 loaded 1 chars with 0 blanks and 1 valid
14.3886 	DEBUG 	TextBox2 loaded 1 chars with 0 blanks and 1 valid
14.3888 	DEBUG 	TextBox2 loaded 1 chars with 0 blanks and 1 valid
14.3892 	DEBUG 	TextBox2 loaded 1 chars with 0 blanks and 1 valid
14.3894 	DEBUG 	TextBox2 loaded 1 chars with 0 blanks and 1 valid
14.3895 	DEBUG 	Uploading Texture Font fontname to graphics card
14.3910 	DEBUG 	Upload of Texture Font fontname complete
14.3938 	DEBUG 	TextBox2 loaded 1 chars with 0 blanks and 1 valid
14.3941 	DEBUG 	TextBox2 loaded 1 chars with 0 blanks and 1 valid
14.3944 	DEBUG 	TextBox2 loaded 1 chars with 0 blanks and 1 valid
14.3945 	DEBUG 	Uploading Texture Font fontname to graphics card
14.3959 	DEBUG 	Upload of Texture Font fontname complete
14.4712 	EXP 	Created slider_4 = Slider(__class__=<class 'psychopy.visual.slider.Slider'>, autoDraw=False, autoLog=True, borderColor=None, color=None, colorSpace='rgb', depth=-9, fillColor=None, flip=False, font='Noto Sans', granularity=1, labelColor=None, labelHeight=np.float64(0.05), labelWrapWidth=None, labels=(0, 1, 2, 3, 4, 5, 6, 7, 8, 9), lineColor=None, markerColor=None, name='slider_4', opacity=None, ori=0.0, pos=array([ 0. , -0.4]), readOnly=False, self=UNKNOWN, size=array([1. , 0.1]), startValue=None, style='choice', styleTweaks=[], ticks=array([0, 1, 2, 3, 4, 5, 6, 7, 8, 9]), units='norm', win=Window(...))
14.4818 	EXP 	Created text_3 = TextStim(__class__=<class 'psychopy.visual.text.TextStim'>, alignHoriz=method-wrapper(...), alignText='center', alignVert=method-wrapper(...), anchorHoriz='center', anchorVert='center', antialias=True, autoDraw=False, autoLog=True, bold=False, color=array([1., 1., 1.]), colorSpace='rgb', contrast=1.0, depth=0.0, draggable=False, flipHoriz=False, flipVert=False, font='Arial', fontFiles=[], height=np.float64(0.05), italic=False, languageStyle='LTR', name='text_3', opacity=1, ori=0.0, pos=array([0., 0.]), rgb=UNKNOWN, text='Training instructions here', units='height', win=Window(...), wrapWidth=1)
14.4827 	EXP 	Created fix = TextStim(__class__=<class 'psychopy.visual.text.TextStim'>, alignHoriz=method-wrapper(...), alignText='center', alignVert=method-wrapper(...), anchorHoriz='center', anchorVert='center', antialias=True, autoDraw=False, autoLog=True, bold=False, color=array([1., 1., 1.]), colorSpace='rgb', contrast=1.0, depth=-1.0, draggable=False, flipHoriz=False, flipVert=False, font='Open Sans', fontFiles=[], height=np.float64(0.1), italic=False, languageStyle='LTR', name='fix', opacity=1, ori=0.0, pos=array([0., 0.]), rgb=UNKNOWN, text='+', units='height', win=Window(...), wrapWidth=1)
14.5574 	EXP 	Created slider_training = Slider(__class__=<class 'psychopy.visual.slider.Slider'>, autoDraw=False, autoLog=True, borderColor=None, color=None, colorSpace='rgb', depth=-2, fillColor=None, flip=False, font='Noto Sans', granularity=1, labelColor=None, labelHeight=np.float64(0.05), labelWrapWidth=None, labels=(0, 1, 2, 3, 4, 5, 6, 7, 8, 9), lineColor=None, markerColor=None, name='slider_training', opacity=None, ori=0.0, pos=array([ 0. , -0.4]), readOnly=False, self=UNKNOWN, size=array([1. , 0.1]), startValue=None, style='choice', styleTweaks=[], ticks=array([0, 1, 2, 3, 4, 5, 6, 7, 8, 9]), units='norm', win=Window(...))
14.5645 	EXP 	Created text_4 = TextStim(__class__=<class 'psychopy.visual.text.TextStim'>, alignHoriz=method-wrapper(...), alignText='center', alignVert=method-wrapper(...), anchorHoriz='center', anchorVert='center', antialias=True, autoDraw=False, autoLog=True, bold=False, color=array([1., 1., 1.]), colorSpace='rgb', contrast=1.0, depth=0.0, draggable=False, flipHoriz=False, flipVert=False, font='Arial', fontFiles=[], height=np.float64(0.05), italic=False, languageStyle='LTR', name='text_4', opacity=1, ori=0.0, pos=array([0., 0.]), rgb=UNKNOWN, text='Please press space to move onto the next block', units='height', win=Window(...), wrapWidth=1)
14.5661 	EXP 	Created text_6 = TextStim(__class__=<class 'psychopy.visual.text.TextStim'>, alignHoriz=method-wrapper(...), alignText='center', alignVert=method-wrapper(...), anchorHoriz='center', anchorVert='center', antialias=True, autoDraw=False, autoLog=True, bold=False, color=array([1., 1., 1.]), colorSpace='rgb', contrast=1.0, depth=0.0, draggable=False, flipHoriz=False, flipVert=False, font='Arial', fontFiles=[], height=np.float64(0.05), italic=False, languageStyle='LTR', name='text_6', opacity=1, ori=0.0, pos=array([0., 0.]), rgb=UNKNOWN, text='Press Space to Start experiment', units='height', win=Window(...), wrapWidth=1)
14.5668 	EXP 	Created fix = TextStim(__class__=<class 'psychopy.visual.text.TextStim'>, alignHoriz=method-wrapper(...), alignText='center', alignVert=method-wrapper(...), anchorHoriz='center', anchorVert='center', antialias=True, autoDraw=False, autoLog=True, bold=False, color=array([1., 1., 1.]), colorSpace='rgb', contrast=1.0, depth=-1.0, draggable=False, flipHoriz=False, flipVert=False, font='Open Sans', fontFiles=[], height=np.float64(0.1), italic=False, languageStyle='LTR', name='fix', opacity=1, ori=0.0, pos=array([0., 0.]), rgb=UNKNOWN, text='+', units='height', win=Window(...), wrapWidth=1)
14.5676 	EXP 	Created prog = Progress(__class__=<class 'psychopy.visual.progress.Progress'>, anchor=('left', 'top'), autoDraw=False, autoLog=True, closeShape=True, color=method-wrapper(...), colorSpace='rgb', contrast=None, depth=-1, draggable=False, fillColor=array([-1.    ,  0.5373, -1.    ]), fillColorSpace='rgb', fillRGB=array([-1.    ,  0.5373, -1.    ]), interpolate=True, lineColor=array([1., 1., 1.]), lineColorSpace='rgb', lineRGB=array([1, 1, 1]), lineWidth=4.0, name='prog', opacity=1.0, ori=0.0, pos=array([-0.5,  0.5]), size=array([1. , 0.1]), units='norm', vertices=ndarray(...), win=Window(...), windingRule=None)
14.5684 	EXP 	Created progBar = ShapeStim(__class__=<class 'psychopy.visual.shape.ShapeStim'>, anchor=('left', 'top'), autoDraw=False, autoLog=True, closeShape=True, color=method-wrapper(...), colorSpace='rgb', contrast=None, depth=-1, draggable=False, fillColor=array([ 1., -1., -1.]), fillColorSpace='rgb', fillRGB=array([ 1., -1., -1.]), interpolate=True, lineColor=array([0., 0., 0.]), lineColorSpace='rgb', lineRGB=array([0, 0, 0]), lineWidth=1.5, name='progBar', opacity=1.0, ori=0.0, pos=array([-0.5,  0.5]), size=array([1. , 0.1]), units='norm', vertices=ndarray(...), win=Window(...), windingRule=None)
14.5690 	EXP 	Created redbar = Rect(__class__=<class 'psychopy.visual.rect.Rect'>, anchor=('left', 'center'), autoDraw=False, autoLog=True, closeShape=True, color=method-wrapper(...), colorSpace='rgb', contrast=None, depth=-2.0, draggable=False, fillColor=array([ 1., -1., -1.]), fillColorSpace='rgb', fillRGB=array([ 1., -1., -1.]), interpolate=True, lineColor=array([1., 1., 1.]), lineColorSpace='rgb', lineRGB=array([1, 1, 1]), lineWidth=1.0, name='redbar', opacity=1, ori=0.0, pos=array([-1. ,  0.7]), size=array([2. , 0.1]), units='norm', vertices=ndarray(...), win=Window(...))
14.5695 	EXP 	Created yellowbar = Rect(__class__=<class 'psychopy.visual.rect.Rect'>, anchor=('left', 'center'), autoDraw=False, autoLog=True, closeShape=True, color=method-wrapper(...), colorSpace='rgb', contrast=None, depth=-3.0, draggable=False, fillColor=array([ 1.,  1., -1.]), fillColorSpace='rgb', fillRGB=array([ 1.,  1., -1.]), interpolate=True, lineColor=array([1., 1., 1.]), lineColorSpace='rgb', lineRGB=array([1, 1, 1]), lineWidth=1.0, name='yellowbar', opacity=1, ori=0.0, pos=array([0. , 0.7]), size=array([1. , 0.1]), units='norm', vertices=ndarray(...), win=Window(...))
14.5701 	EXP 	Created greenbar = Rect(__class__=<class 'psychopy.visual.rect.Rect'>, anchor=('left', 'center'), autoDraw=False, autoLog=True, closeShape=True, color=method-wrapper(...), colorSpace='rgb', contrast=None, depth=-4.0, draggable=False, fillColor=array([-1.    ,  0.0039, -1.    ]), fillColorSpace='rgb', fillRGB=array([-1.    ,  0.0039, -1.    ]), interpolate=True, lineColor=array([1., 1., 1.]), lineColorSpace='rgb', lineRGB=array([1, 1, 1]), lineWidth=1.0, name='greenbar', opacity=1, ori=0.0, pos=array([0.7, 0.7]), size=array([0.3, 0.1]), units='norm', vertices=ndarray(...), win=Window(...))
14.5709 	EXP 	Created targarrow = ShapeStim(__class__=<class 'psychopy.visual.shape.ShapeStim'>, anchor=('center', 'center'), autoDraw=False, autoLog=True, closeShape=True, color=method-wrapper(...), colorSpace='rgb', contrast=None, depth=-5.0, draggable=False, fillColor=array([1, 1, 1]), fillColorSpace='rgb', fillRGB=array([1, 1, 1]), interpolate=True, lineColor=array([1., 1., 1.]), lineColorSpace='rgb', lineRGB=array([1, 1, 1]), lineWidth=1.0, name='targarrow', opacity=1, ori=0.0, pos=array([0.7, 0.6]), size=array([0.05, 0.05]), units='norm', vertices=ndarray(...), win=Window(...), windingRule=None)
14.5717 	EXP 	Created userArrow = ShapeStim(__class__=<class 'psychopy.visual.shape.ShapeStim'>, anchor=('center', 'center'), autoDraw=False, autoLog=True, closeShape=True, color=method-wrapper(...), colorSpace='rgb', contrast=None, depth=-6.0, draggable=False, fillColor=array([1, 1, 1]), fillColorSpace='rgb', fillRGB=array([1, 1, 1]), interpolate=True, lineColor=array([1., 1., 1.]), lineColorSpace='rgb', lineRGB=array([1, 1, 1]), lineWidth=1.0, name='userArrow', opacity=1, ori=0.0, pos=array([0., 0.]), size=array([0.05, 0.05]), units='norm', vertices=ndarray(...), win=Window(...), windingRule=None)
14.6565 	EXP 	Created slider = Slider(__class__=<class 'psychopy.visual.slider.Slider'>, autoDraw=False, autoLog=True, borderColor=None, color=None, colorSpace='rgb', depth=-10, fillColor=None, flip=False, font='Noto Sans', granularity=1, labelColor=None, labelHeight=np.float64(0.05), labelWrapWidth=None, labels=(0, 1, 2, 3, 4, 5, 6, 7, 8, 9), lineColor=None, markerColor=None, name='slider', opacity=None, ori=0.0, pos=array([ 0. , -0.4]), readOnly=False, self=UNKNOWN, size=array([1. , 0.1]), startValue=None, style='choice', styleTweaks=[], ticks=array([0, 1, 2, 3, 4, 5, 6, 7, 8, 9]), units='norm', win=Window(...))
14.6572 	EXP 	Created norm_arrow = ShapeStim(__class__=<class 'psychopy.visual.shape.ShapeStim'>, anchor=('center', 'center'), autoDraw=False, autoLog=True, closeShape=True, color=method-wrapper(...), colorSpace='rgb', contrast=None, depth=-12.0, draggable=False, fillColor=array([1, 1, 1]), fillColorSpace='rgb', fillRGB=array([1, 1, 1]), interpolate=True, lineColor=array([1., 1., 1.]), lineColorSpace='rgb', lineRGB=array([1, 1, 1]), lineWidth=1.0, name='norm_arrow', opacity=1, ori=0.0, pos=array([0.7, 0.6]), size=array([0.05, 0.05]), units='height', vertices=ndarray(...), win=Window(...), windingRule=None)
14.6621 	EXP 	Created text_5 = TextStim(__class__=<class 'psychopy.visual.text.TextStim'>, alignHoriz=method-wrapper(...), alignText='center', alignVert=method-wrapper(...), anchorHoriz='center', anchorVert='center', antialias=True, autoDraw=False, autoLog=True, bold=False, color=array([1., 1., 1.]), colorSpace='rgb', contrast=1.0, depth=0.0, draggable=False, flipHoriz=False, flipVert=False, font='Arial', fontFiles=[], height=0.05, italic=False, languageStyle='LTR', name='text_5', opacity=1, ori=0.0, pos=array([0., 0.]), rgb=UNKNOWN, text='', units='height', win=Window(...), wrapWidth=1)
14.6638 	EXP 	Created text_7 = TextStim(__class__=<class 'psychopy.visual.text.TextStim'>, alignHoriz=method-wrapper(...), alignText='center', alignVert=method-wrapper(...), anchorHoriz='center', anchorVert='center', antialias=True, autoDraw=False, autoLog=True, bold=False, color=array([1., 1., 1.]), colorSpace='rgb', contrast=1.0, depth=0.0, draggable=False, flipHoriz=False, flipVert=False, font='Arial', fontFiles=[], height=np.float64(0.05), italic=False, languageStyle='LTR', name='text_7', opacity=1, ori=0.0, pos=array([0., 0.]), rgb=UNKNOWN, text=str(...), units='height', win=Window(...), wrapWidth=1)
0.0056 	EXP 	equation_practice_1: autoLog = True
0.0056 	EXP 	slider_3: autoLog = True
0.0056 	EXP 	slider_3: styleTweaks = []
0.0056 	EXP 	slider_3: styleTweaks = []
0.0056 	EXP 	slider_3: styleTweaks = []
0.0056 	EXP 	slider_3: styleTweaks = []
0.0056 	EXP 	slider_3: contrast = 1.0
0.0056 	EXP 	slider_3: markerPos = None
0.0056 	EXP 	slider_3: autoLog = True
0.0056 	EXP 	feedback_practice_1: autoLog = True
0.0056 	EXP 	prog_3: direction = 'horizontal'
0.0056 	EXP 	prog_3: progress = 0.0
0.0056 	EXP 	targlab: autoLog = True
0.0056 	EXP 	yourperf: autoLog = True
0.0056 	EXP 	slider_4: autoLog = True
0.0056 	EXP 	slider_4: styleTweaks = []
0.0056 	EXP 	slider_4: styleTweaks = []
0.0056 	EXP 	slider_4: styleTweaks = []
0.0056 	EXP 	slider_4: styleTweaks = []
0.0056 	EXP 	slider_4: contrast = 1.0
0.0056 	EXP 	slider_4: markerPos = None
0.0056 	EXP 	slider_4: autoLog = True
0.0056 	EXP 	textbox_5: autoLog = True
0.0056 	EXP 	feedback_practice_1: autoLog = True
0.0056 	EXP 	textbox_3: autoLog = True
0.0056 	EXP 	slider_training: autoLog = True
0.0056 	EXP 	slider_training: styleTweaks = []
0.0056 	EXP 	slider_training: styleTweaks = []
0.0056 	EXP 	slider_training: styleTweaks = []
0.0056 	EXP 	slider_training: styleTweaks = []
0.0056 	EXP 	slider_training: contrast = 1.0
0.0056 	EXP 	slider_training: markerPos = None
0.0056 	EXP 	slider_training: autoLog = True
0.0056 	EXP 	feedback_practice_1: autoLog = True
0.0056 	EXP 	prog: direction = 'horizontal'
0.0056 	EXP 	prog: progress = 0.0
0.0056 	EXP 	yourperfexp: autoLog = True
0.0056 	EXP 	tarlabexp: autoLog = True
0.0056 	EXP 	textbox: autoLog = True
0.0056 	EXP 	slider: autoLog = True
0.0056 	EXP 	slider: styleTweaks = []
0.0056 	EXP 	slider: styleTweaks = []
0.0056 	EXP 	slider: styleTweaks = []
0.0056 	EXP 	slider: styleTweaks = []
0.0056 	EXP 	slider: contrast = 1.0
0.0056 	EXP 	slider: markerPos = None
0.0056 	EXP 	slider: autoLog = True
0.0056 	EXP 	feedback_practice_1: autoLog = True
0.0128 	DEBUG 	Read excel file with openpyxl: experiment_difficulty.xlsx
0.0130 	EXP 	Imported experiment_difficulty.xlsx as conditions, 5 conditions, 3 params
0.0132 	EXP 	New trial (rep=0, index=0): <Trial 0 (0 in rep 0) data={'exp_diff': 'easy1', 'exp_time': 120, 'diffbyt': 3.0, 'thisN': 0, 'thisTrialN': 0, 'thisRepN': 0}>
0.0159 	EXP 	New trial (rep=0, index=0): <Trial 0 (0 in rep 0) data={'thisN': 0, 'thisTrialN': 0, 'thisRepN': 0}>
0.0209 	EXP 	fix: autoDraw = True
0.5102 	DEBUG 	TextBox2 loaded 1 chars with 0 blanks and 1 valid
0.5109 	DEBUG 	TextBox2 loaded 1 chars with 0 blanks and 1 valid
0.5124 	DEBUG 	TextBox2 loaded 1 chars with 0 blanks and 1 valid
0.5132 	DEBUG 	TextBox2 loaded 1 chars with 0 blanks and 1 valid
0.5143 	DEBUG 	TextBox2 loaded 1 chars with 0 blanks and 1 valid
0.5145 	DEBUG 	Uploading Texture Font fontname to graphics card
0.5186 	DEBUG 	Upload of Texture Font fontname complete
0.5453 	INFO 	Keyboard events cleared
0.5453 	WARNING 	t of last frame was 41.00ms (=1/24)
0.5453 	EXP 	fix: autoDraw = False
0.5453 	EXP 	slider: markerPos = None
0.5453 	EXP 	slider: markerPos = None
0.5453 	EXP 	prog: autoDraw = True
0.5453 	EXP 	redbar: autoDraw = True
0.5453 	EXP 	yellowbar: autoDraw = True
0.5453 	EXP 	greenbar: autoDraw = True
0.5453 	EXP 	targarrow: autoDraw = True
0.5453 	EXP 	userArrow: autoDraw = True
0.5453 	EXP 	yourperfexp: autoDraw = True
0.5453 	EXP 	tarlabexp: autoDraw = True
0.5453 	EXP 	textbox: autoDraw = True
0.5453 	EXP 	slider: autoDraw = True
0.5453 	EXP 	norm_arrow: autoDraw = True
3.0811 	DATA 	Keypress: 5
3.1589 	EXP 	Device response: <KeyPress from None: t=3.0711238329968182, value=5, duration=None>
3.1601 	DEBUG 	TextBox2 loaded 1 chars with 0 blanks and 1 valid
3.1606 	DEBUG 	TextBox2 loaded 1 chars with 0 blanks and 1 valid
3.1611 	DEBUG 	TextBox2 loaded 1 chars with 0 blanks and 1 valid
3.1615 	DEBUG 	TextBox2 loaded 1 chars with 0 blanks and 1 valid
3.1619 	DEBUG 	TextBox2 loaded 1 chars with 0 blanks and 1 valid
3.1620 	DEBUG 	Uploading Texture Font fontname to graphics card
3.1635 	DEBUG 	Upload of Texture Font fontname complete
3.1679 	WARNING 	t of last frame was 83.51ms (=1/11)
3.1679 	EXP 	prog: autoDraw = False
3.1679 	EXP 	redbar: autoDraw = False
3.1679 	EXP 	yellowbar: autoDraw = False
3.1679 	EXP 	greenbar: autoDraw = False
3.1679 	EXP 	targarrow: autoDraw = False
3.1679 	EXP 	userArrow: autoDraw = False
3.1679 	EXP 	yourperfexp: autoDraw = False
3.1679 	EXP 	tarlabexp: autoDraw = False
3.1679 	EXP 	textbox: autoDraw = False
3.1679 	EXP 	slider: autoDraw = False
3.1679 	EXP 	norm_arrow: autoDraw = False
3.1679 	EXP 	feedback_practice_1: autoDraw = True
3.1787 	EXP 	Device response: <KeyPress from None: t=3.0711238329968182, value=5, duration=0.10435700000380166>
4.0311 	WARNING 	t of last frame was 70.26ms (=1/14)
4.1555 	EXP 	New trial (rep=1, index=0): <Trial 1 (0 in rep 1) data={'thisN': 1, 'thisTrialN': 0, 'thisRepN': 1}>
4.1593 	EXP 	feedback_practice_1: autoDraw = False
4.1593 	EXP 	feedback_practice_1: autoDraw = False
4.1593 	EXP 	fix: autoDraw = True
4.6683 	INFO 	Keyboard events cleared
4.6683 	WARNING 	t of last frame was 24.86ms (=1/40)
4.6683 	EXP 	fix: autoDraw = False
4.6683 	EXP 	fix: autoDraw = False
4.6683 	EXP 	slider: markerPos = None
4.6683 	EXP 	slider: markerPos = None
4.6683 	EXP 	prog: autoDraw = True
4.6683 	EXP 	redbar: autoDraw = True
4.6683 	EXP 	yellowbar: autoDraw = True
4.6683 	EXP 	greenbar: autoDraw = True
4.6683 	EXP 	targarrow: autoDraw = True
4.6683 	EXP 	userArrow: autoDraw = True
4.6683 	EXP 	yourperfexp: autoDraw = True
4.6683 	EXP 	tarlabexp: autoDraw = True
4.6683 	EXP 	textbox: autoDraw = True
4.6683 	EXP 	slider: autoDraw = True
4.6683 	EXP 	norm_arrow: autoDraw = True
7.1285 	DATA 	Keypress: 0
7.1324 	EXP 	Device response: <KeyPress from None: t=7.121989124992979, value=0, duration=None>
7.1365 	EXP 	prog: autoDraw = False
7.1365 	EXP 	redbar: autoDraw = False
7.1365 	EXP 	yellowbar: autoDraw = False
7.1365 	EXP 	greenbar: autoDraw = False
7.1365 	EXP 	targarrow: autoDraw = False
7.1365 	EXP 	userArrow: autoDraw = False
7.1365 	EXP 	yourperfexp: autoDraw = False
7.1365 	EXP 	tarlabexp: autoDraw = False
7.1365 	EXP 	textbox: autoDraw = False
7.1365 	EXP 	slider: autoDraw = False
7.1365 	EXP 	norm_arrow: autoDraw = False
7.1365 	EXP 	feedback_practice_1: autoDraw = True
7.2551 	EXP 	Device response: <KeyPress from None: t=7.121989124992979, value=0, duration=0.1243091250071302>
8.1226 	EXP 	New trial (rep=2, index=0): <Trial 2 (0 in rep 2) data={'thisN': 2, 'thisTrialN': 0, 'thisRepN': 2}>
8.1266 	EXP 	feedback_practice_1: autoDraw = False
8.1266 	EXP 	feedback_practice_1: autoDraw = False
8.1266 	EXP 	fix: autoDraw = True
8.6173 	DEBUG 	TextBox2 loaded 1 chars with 0 blanks and 1 valid
8.6185 	DEBUG 	TextBox2 loaded 1 chars with 0 blanks and 1 valid
8.6187 	DEBUG 	Uploading Texture Font fontname to graphics card
8.6222 	DEBUG 	Upload of Texture Font fontname complete
8.6270 	EXP 	fix: autoDraw = False
8.6270 	EXP 	fix: autoDraw = False
8.6270 	EXP 	slider: markerPos = None
8.6270 	EXP 	slider: markerPos = None
8.6463 	INFO 	Keyboard events cleared
8.6462 	EXP 	prog: autoDraw = True
8.6462 	EXP 	redbar: autoDraw = True
8.6462 	EXP 	yellowbar: autoDraw = True
8.6462 	EXP 	greenbar: autoDraw = True
8.6462 	EXP 	targarrow: autoDraw = True
8.6462 	EXP 	userArrow: autoDraw = True
8.6462 	EXP 	yourperfexp: autoDraw = True
8.6462 	EXP 	tarlabexp: autoDraw = True
8.6462 	EXP 	textbox: autoDraw = True
8.6462 	EXP 	slider: autoDraw = True
8.6462 	EXP 	norm_arrow: autoDraw = True
8.7372 	WARNING 	Multiple dropped frames have occurred - I'll stop bothering you about them!
12.3546 	EXP 	Device response: <KeyPress from None: t=12.344844207997085, value=escape, duration=None>
12.3636 	DATA 	Keypress: escape
12.4964 	EXP 	Device response: <KeyPress from None: t=12.344844207997085, value=escape, duration=0.14831020899873693>
12.4964 	EXP 	misty_module: status = STOPPED
12.5033 	EXP 	prog: autoDraw = False
12.5033 	EXP 	redbar: autoDraw = False
12.5033 	EXP 	yellowbar: autoDraw = False
12.5033 	EXP 	greenbar: autoDraw = False
12.5033 	EXP 	targarrow: autoDraw = False
12.5033 	EXP 	userArrow: autoDraw = False
12.5033 	EXP 	yourperfexp: autoDraw = False
12.5033 	EXP 	tarlabexp: autoDraw = False
12.5033 	EXP 	textbox: autoDraw = False
12.5033 	EXP 	slider: autoDraw = False
12.5033 	EXP 	norm_arrow: autoDraw = False
12.5040 	EXP 	misty_module: status = STOPPED
12.5062 	INFO 	saved data to '/Users/oliverclark/misty_py/data/pilot_misty_module_2026-02-04_14h39.04.389.csv'
12.5076 	INFO 	saved data to /Users/oliverclark/misty_py/data/pilot_misty_module_2026-02-04_14h39.04.389.psydat
12.5822 	DEBUG 	Saving data for misty_module ExperimentHandler
12.5830 	WARNING 	Stopping key buffers but this could be dangerous ifother keyboards rely on the same.
