3.8868 	DEBUG 	Fullscreen settings ignored as running in pilot mode.
3.8877 	INFO 	Loaded monitor calibration from ['2025_12_08 16:52']
4.2297 	INFO 	Using renderer 'NVIDIA GeForce GTX 1660/PCIe/SSE2' for graphics
4.2297 	INFO 	OpenGL version supported by driver is 4..
4.2359 	EXP 	Created window1 = Window(allowGUI=False, allowStencil=True, autoLog=True, backendConf=UNKNOWN, backgroundFit=<method-wrapper '__getattribute__' of attributeSetter object at 0x748710181900>, backgroundImage=<method-wrapper '__getattribute__' of attributeSetter object at 0x7487101818a0>, bitsMode=UNKNOWN, blendMode='avg', bpc=(8, 8, 8), color=array([0, 0, 0]), colorSpace='rgb', depthBits=8, fullscr=False, gamma=None, gammaErrorPolicy='raise', infoMsg=UNKNOWN, lms=UNKNOWN, monitor=<psychopy.monitors.calibTools.Monitor object at 0x74870c0afaf0>, multiSample=False, name='window1', numSamples=2, pos=[np.float64(560.0), np.float64(240.0)], screen=0, size=array([800, 600]), stencilBits=8, stereo=False, title='PsychoPy', units='height', useFBO=True, useRetina=False, viewOri=0.0, viewPos=None, viewScale=None, waitBlanking=True, winType='pyglet')
4.2360 	EXP 	window1: backgroundImage = ''
4.2360 	EXP 	window1: backgroundFit = 'none'
4.2471 	DEBUG 	TextBox2 loaded 1 chars with 0 blanks and 1 valid
4.2486 	DEBUG 	TextBox2 loaded 1 chars with 0 blanks and 1 valid
4.2501 	DEBUG 	TextBox2 loaded 1 chars with 0 blanks and 1 valid
4.2518 	DEBUG 	TextBox2 loaded 1 chars with 0 blanks and 1 valid
4.2537 	DEBUG 	TextBox2 loaded 1 chars with 0 blanks and 1 valid
4.2548 	DEBUG 	TextBox2 loaded 1 chars with 0 blanks and 1 valid
4.2563 	DEBUG 	TextBox2 loaded 1 chars with 0 blanks and 1 valid
4.2579 	DEBUG 	TextBox2 loaded 1 chars with 0 blanks and 1 valid
4.2588 	DEBUG 	TextBox2 loaded 1 chars with 0 blanks and 1 valid
4.2598 	DEBUG 	TextBox2 loaded 1 chars with 0 blanks and 1 valid
4.2613 	DEBUG 	TextBox2 loaded 1 chars with 0 blanks and 1 valid
4.2628 	DEBUG 	TextBox2 loaded 1 chars with 0 blanks and 1 valid
4.2642 	DEBUG 	TextBox2 loaded 1 chars with 0 blanks and 1 valid
4.2656 	DEBUG 	TextBox2 loaded 1 chars with 0 blanks and 1 valid
4.2670 	DEBUG 	TextBox2 loaded 1 chars with 0 blanks and 1 valid
4.2685 	DEBUG 	TextBox2 loaded 1 chars with 0 blanks and 1 valid
4.2700 	DEBUG 	TextBox2 loaded 1 chars with 0 blanks and 1 valid
4.2711 	DEBUG 	TextBox2 loaded 1 chars with 0 blanks and 1 valid
4.2722 	DEBUG 	TextBox2 loaded 1 chars with 0 blanks and 1 valid
4.2740 	DEBUG 	TextBox2 loaded 1 chars with 0 blanks and 1 valid
4.2750 	DEBUG 	TextBox2 loaded 1 chars with 0 blanks and 1 valid
4.2755 	DEBUG 	Uploading Texture Font fontname to graphics card
4.2826 	DEBUG 	Upload of Texture Font fontname complete
4.2929 	DEBUG 	TextBox2 loaded 1 chars with 0 blanks and 1 valid
4.2947 	DEBUG 	TextBox2 loaded 1 chars with 0 blanks and 1 valid
4.2964 	DEBUG 	TextBox2 loaded 1 chars with 0 blanks and 1 valid
4.2968 	DEBUG 	Uploading Texture Font fontname to graphics card
4.3013 	DEBUG 	Upload of Texture Font fontname complete
4.3039 	EXP 	window1: Attempting to measure frame rate of screen (0) ...
4.3040 	EXP 	window1: recordFrameIntervals = False
4.4632 	EXP 	window1: recordFrameIntervals = True
4.6467 	EXP 	Screen (0) actual frame rate measured at 60.00Hz
4.6467 	EXP 	window1: recordFrameIntervals = False
4.6557 	DEBUG 	TextBox2 loaded 1 chars with 0 blanks and 1 valid
4.6572 	DEBUG 	TextBox2 loaded 1 chars with 0 blanks and 1 valid
4.6588 	DEBUG 	TextBox2 loaded 1 chars with 0 blanks and 1 valid
4.6607 	DEBUG 	TextBox2 loaded 1 chars with 0 blanks and 1 valid
4.6625 	DEBUG 	TextBox2 loaded 1 chars with 0 blanks and 1 valid
4.6643 	DEBUG 	TextBox2 loaded 1 chars with 0 blanks and 1 valid
4.6655 	DEBUG 	TextBox2 loaded 1 chars with 0 blanks and 1 valid
4.6671 	DEBUG 	TextBox2 loaded 1 chars with 0 blanks and 1 valid
4.6689 	DEBUG 	TextBox2 loaded 1 chars with 0 blanks and 1 valid
4.6706 	DEBUG 	TextBox2 loaded 1 chars with 0 blanks and 1 valid
4.6711 	DEBUG 	Uploading Texture Font fontname to graphics card
4.6726 	DEBUG 	Upload of Texture Font fontname complete
4.6979 	INFO 	keyboard.Keyboard is using ptb backend.
4.6979 	EXP 	misty_module: status = STARTED
4.7461 	EXP 	Created text = TextStim(__class__=<class 'psychopy.visual.text.TextStim'>, alignHoriz=method-wrapper(...), alignText='center', alignVert=method-wrapper(...), anchorHoriz='center', anchorVert='center', antialias=True, autoDraw=False, autoLog=True, bold=False, color=array([1., 1., 1.]), colorSpace='rgb', contrast=1.0, depth=0.0, draggable=False, flipHoriz=False, flipVert=False, font='Arial', fontFiles=[], height=np.float64(0.05), italic=False, languageStyle='LTR', name='text', opacity=1, ori=0.0, pos=array([0., 0.]), rgb=UNKNOWN, text=str(...), units='height', win=Window(...), wrapWidth=1)
4.8388 	EXP 	Created intstructs = TextStim(__class__=<class 'psychopy.visual.text.TextStim'>, alignHoriz=method-wrapper(...), alignText='center', alignVert=method-wrapper(...), anchorHoriz='center', anchorVert='center', antialias=True, autoDraw=False, autoLog=True, bold=False, color=array([1., 1., 1.]), colorSpace='rgb', contrast=1.0, depth=0.0, draggable=False, flipHoriz=False, flipVert=False, font='Arial', fontFiles=[], height=np.float64(0.05), italic=False, languageStyle='LTR', name='intstructs', opacity=1, ori=0.0, pos=array([0., 0.]), rgb=UNKNOWN, text=str(...), units='height', win=Window(...), wrapWidth=1)
4.8450 	EXP 	Created fix = TextStim(__class__=<class 'psychopy.visual.text.TextStim'>, alignHoriz=method-wrapper(...), alignText='center', alignVert=method-wrapper(...), anchorHoriz='center', anchorVert='center', antialias=True, autoDraw=False, autoLog=True, bold=False, color=array([1., 1., 1.]), colorSpace='rgb', contrast=1.0, depth=-1.0, draggable=False, flipHoriz=False, flipVert=False, font='Open Sans', fontFiles=[], height=np.float64(0.1), italic=False, languageStyle='LTR', name='fix', opacity=1, ori=0.0, pos=array([0., 0.]), rgb=UNKNOWN, text='+', units='height', win=Window(...), wrapWidth=1)
4.8480 	WARNING 	Font b'Arial' was requested. No similar font found.
4.8539 	WARNING 	Font b'Arial' was requested. No similar font found.
4.8567 	DEBUG 	TextBox2 loaded 1 chars with 0 blanks and 1 valid
4.8581 	DEBUG 	TextBox2 loaded 1 chars with 0 blanks and 1 valid
4.8595 	DEBUG 	TextBox2 loaded 1 chars with 0 blanks and 1 valid
4.8607 	DEBUG 	TextBox2 loaded 1 chars with 0 blanks and 1 valid
4.8613 	DEBUG 	TextBox2 loaded 1 chars with 0 blanks and 1 valid
4.8619 	DEBUG 	TextBox2 loaded 1 chars with 0 blanks and 1 valid
4.8633 	DEBUG 	TextBox2 loaded 1 chars with 0 blanks and 1 valid
4.8644 	DEBUG 	TextBox2 loaded 1 chars with 0 blanks and 1 valid
4.8651 	DEBUG 	TextBox2 loaded 1 chars with 0 blanks and 1 valid
4.8655 	DEBUG 	Uploading Texture Font fontname to graphics card
4.8721 	DEBUG 	Upload of Texture Font fontname complete
4.8952 	DEBUG 	TextBox2 loaded 1 chars with 0 blanks and 1 valid
4.8955 	DEBUG 	Uploading Texture Font fontname to graphics card
4.8971 	DEBUG 	Upload of Texture Font fontname complete
4.9044 	DEBUG 	TextBox2 loaded 1 chars with 0 blanks and 1 valid
4.9056 	DEBUG 	TextBox2 loaded 1 chars with 0 blanks and 1 valid
4.9067 	DEBUG 	TextBox2 loaded 1 chars with 0 blanks and 1 valid
4.9078 	DEBUG 	TextBox2 loaded 1 chars with 0 blanks and 1 valid
4.9087 	DEBUG 	TextBox2 loaded 1 chars with 0 blanks and 1 valid
4.9096 	DEBUG 	TextBox2 loaded 1 chars with 0 blanks and 1 valid
4.9107 	DEBUG 	TextBox2 loaded 1 chars with 0 blanks and 1 valid
4.9116 	DEBUG 	TextBox2 loaded 1 chars with 0 blanks and 1 valid
4.9127 	DEBUG 	TextBox2 loaded 1 chars with 0 blanks and 1 valid
4.9136 	DEBUG 	TextBox2 loaded 1 chars with 0 blanks and 1 valid
4.9141 	DEBUG 	Uploading Texture Font fontname to graphics card
4.9154 	DEBUG 	Upload of Texture Font fontname complete
4.9226 	DEBUG 	TextBox2 loaded 1 chars with 0 blanks and 1 valid
4.9229 	DEBUG 	Uploading Texture Font fontname to graphics card
4.9279 	DEBUG 	Upload of Texture Font fontname complete
4.9415 	DEBUG 	TextBox2 loaded 1 chars with 0 blanks and 1 valid
4.9418 	DEBUG 	Uploading Texture Font fontname to graphics card
4.9432 	DEBUG 	Upload of Texture Font fontname complete
4.9564 	DEBUG 	TextBox2 loaded 1 chars with 0 blanks and 1 valid
4.9567 	DEBUG 	Uploading Texture Font fontname to graphics card
4.9580 	DEBUG 	Upload of Texture Font fontname complete
4.9712 	DEBUG 	TextBox2 loaded 1 chars with 0 blanks and 1 valid
4.9715 	DEBUG 	Uploading Texture Font fontname to graphics card
4.9728 	DEBUG 	Upload of Texture Font fontname complete
4.9857 	DEBUG 	TextBox2 loaded 1 chars with 0 blanks and 1 valid
4.9860 	DEBUG 	Uploading Texture Font fontname to graphics card
4.9873 	DEBUG 	Upload of Texture Font fontname complete
5.0005 	DEBUG 	TextBox2 loaded 1 chars with 0 blanks and 1 valid
5.0008 	DEBUG 	Uploading Texture Font fontname to graphics card
5.0021 	DEBUG 	Upload of Texture Font fontname complete
5.0152 	DEBUG 	TextBox2 loaded 1 chars with 0 blanks and 1 valid
5.0155 	DEBUG 	Uploading Texture Font fontname to graphics card
5.0168 	DEBUG 	Upload of Texture Font fontname complete
5.0301 	DEBUG 	TextBox2 loaded 1 chars with 0 blanks and 1 valid
5.0304 	DEBUG 	Uploading Texture Font fontname to graphics card
5.0317 	DEBUG 	Upload of Texture Font fontname complete
5.0449 	DEBUG 	TextBox2 loaded 1 chars with 0 blanks and 1 valid
5.0451 	DEBUG 	Uploading Texture Font fontname to graphics card
5.0465 	DEBUG 	Upload of Texture Font fontname complete
5.1118 	EXP 	Created slider_3 = Slider(__class__=<class 'psychopy.visual.slider.Slider'>, autoDraw=False, autoLog=True, borderColor=None, color=None, colorSpace='rgb', depth=-2, fillColor=None, flip=False, font='Noto Sans', granularity=1, labelColor=None, labelHeight=np.float64(0.05), labelWrapWidth=None, labels=(0, 1, 2, 3, 4, 5, 6, 7, 8, 9), lineColor=None, markerColor=None, name='slider_3', opacity=None, ori=0.0, pos=array([ 0. , -0.4]), readOnly=False, self=UNKNOWN, size=array([1. , 0.1]), startValue=None, style='choice', styleTweaks=[], ticks=array([0, 1, 2, 3, 4, 5, 6, 7, 8, 9]), units='norm', win=Window(...))
5.1147 	WARNING 	Font b'Arial' was requested. No similar font found.
5.1203 	WARNING 	Font b'Arial' was requested. No similar font found.
5.1285 	EXP 	Created text_2 = TextStim(__class__=<class 'psychopy.visual.text.TextStim'>, alignHoriz=method-wrapper(...), alignText='center', alignVert=method-wrapper(...), anchorHoriz='center', anchorVert='center', antialias=True, autoDraw=False, autoLog=True, bold=False, color=array([1., 1., 1.]), colorSpace='rgb', contrast=1.0, depth=0.0, draggable=False, flipHoriz=False, flipVert=False, font='Arial', fontFiles=[], height=np.float64(0.05), italic=False, languageStyle='LTR', name='text_2', opacity=1, ori=0.0, pos=array([0., 0.]), rgb=UNKNOWN, text=str(...), units='height', win=Window(...), wrapWidth=1)
5.1308 	EXP 	Created fix = TextStim(__class__=<class 'psychopy.visual.text.TextStim'>, alignHoriz=method-wrapper(...), alignText='center', alignVert=method-wrapper(...), anchorHoriz='center', anchorVert='center', antialias=True, autoDraw=False, autoLog=True, bold=False, color=array([1., 1., 1.]), colorSpace='rgb', contrast=1.0, depth=-1.0, draggable=False, flipHoriz=False, flipVert=False, font='Open Sans', fontFiles=[], height=np.float64(0.1), italic=False, languageStyle='LTR', name='fix', opacity=1, ori=0.0, pos=array([0., 0.]), rgb=UNKNOWN, text='+', units='height', win=Window(...), wrapWidth=1)
5.1344 	EXP 	Created prog_3 = Progress(__class__=<class 'psychopy.visual.progress.Progress'>, anchor=('left', 'top'), autoDraw=False, autoLog=True, closeShape=True, color=method-wrapper(...), colorSpace='rgb', contrast=None, depth=-1, draggable=False, fillColor=array([-1.    ,  0.5373, -1.    ]), fillColorSpace='rgb', fillRGB=array([-1.    ,  0.5373, -1.    ]), interpolate=True, lineColor=array([1., 1., 1.]), lineColorSpace='rgb', lineRGB=array([1, 1, 1]), lineWidth=4.0, name='prog_3', opacity=1.0, ori=0.0, pos=array([-0.5,  0.5]), size=array([1. , 0.1]), units='norm', vertices=ndarray(...), win=Window(...), windingRule=None)
5.1367 	EXP 	Created prog_3Bar = ShapeStim(__class__=<class 'psychopy.visual.shape.ShapeStim'>, anchor=('left', 'top'), autoDraw=False, autoLog=True, closeShape=True, color=method-wrapper(...), colorSpace='rgb', contrast=None, depth=-1, draggable=False, fillColor=array([ 1., -1., -1.]), fillColorSpace='rgb', fillRGB=array([ 1., -1., -1.]), interpolate=True, lineColor=array([0., 0., 0.]), lineColorSpace='rgb', lineRGB=array([0, 0, 0]), lineWidth=1.5, name='prog_3Bar', opacity=1.0, ori=0.0, pos=array([-0.5,  0.5]), size=array([1. , 0.1]), units='norm', vertices=ndarray(...), win=Window(...), windingRule=None)
5.1387 	EXP 	Created greenbar_3 = Rect(__class__=<class 'psychopy.visual.rect.Rect'>, anchor=('left', 'center'), autoDraw=False, autoLog=True, closeShape=True, color=method-wrapper(...), colorSpace='rgb', contrast=None, depth=-2.0, draggable=False, fillColor=array([-1.    ,  0.0039, -1.    ]), fillColorSpace='rgb', fillRGB=array([-1.    ,  0.0039, -1.    ]), interpolate=True, lineColor=array([1., 1., 1.]), lineColorSpace='rgb', lineRGB=array([1, 1, 1]), lineWidth=1.0, name='greenbar_3', opacity=1, ori=0.0, pos=array([0.33333333, 0.7       ]), size=array([0.66666667, 0.1       ]), units='norm', vertices=ndarray(...), win=Window(...))
5.1406 	EXP 	Created yellowbar_3 = Rect(__class__=<class 'psychopy.visual.rect.Rect'>, anchor=('left', 'center'), autoDraw=False, autoLog=True, closeShape=True, color=method-wrapper(...), colorSpace='rgb', contrast=None, depth=-3.0, draggable=False, fillColor=array([ 1.,  1., -1.]), fillColorSpace='rgb', fillRGB=array([ 1.,  1., -1.]), interpolate=True, lineColor=array([1., 1., 1.]), lineColorSpace='rgb', lineRGB=array([1, 1, 1]), lineWidth=1.0, name='yellowbar_3', opacity=1, ori=0.0, pos=array([-0.33333333,  0.7       ]), size=array([0.66666667, 0.1       ]), units='norm', vertices=ndarray(...), win=Window(...))
5.1425 	EXP 	Created redbar_3 = Rect(__class__=<class 'psychopy.visual.rect.Rect'>, anchor=('left', 'center'), autoDraw=False, autoLog=True, closeShape=True, color=method-wrapper(...), colorSpace='rgb', contrast=None, depth=-4.0, draggable=False, fillColor=array([ 1., -1., -1.]), fillColorSpace='rgb', fillRGB=array([ 1., -1., -1.]), interpolate=True, lineColor=array([1., 1., 1.]), lineColorSpace='rgb', lineRGB=array([1, 1, 1]), lineWidth=1.0, name='redbar_3', opacity=1, ori=0.0, pos=array([-1. ,  0.7]), size=array([0.66666667, 0.1       ]), units='norm', vertices=ndarray(...), win=Window(...))
5.1450 	EXP 	Created arrow_3 = ShapeStim(__class__=<class 'psychopy.visual.shape.ShapeStim'>, anchor=('center', 'center'), autoDraw=False, autoLog=True, closeShape=True, color=method-wrapper(...), colorSpace='rgb', contrast=None, depth=-5.0, draggable=False, fillColor=array([1, 1, 1]), fillColorSpace='rgb', fillRGB=array([1, 1, 1]), interpolate=True, lineColor=array([1., 1., 1.]), lineColorSpace='rgb', lineRGB=array([1, 1, 1]), lineWidth=1.0, name='arrow_3', opacity=1, ori=0.0, pos=array([0., 0.]), size=array([0.05, 0.05]), units='norm', vertices=ndarray(...), win=Window(...), windingRule=None)
5.1478 	WARNING 	Font b'Arial' was requested. No similar font found.
5.1552 	WARNING 	Font b'Arial' was requested. No similar font found.
5.3433 	EXP 	Created slider_4 = Slider(__class__=<class 'psychopy.visual.slider.Slider'>, autoDraw=False, autoLog=True, borderColor=None, color=None, colorSpace='rgb', depth=-7, fillColor=None, flip=False, font='Noto Sans', granularity=1, labelColor=None, labelHeight=np.float64(0.05), labelWrapWidth=None, labels=(0, 1, 2, 3, 4, 5, 6, 7, 8, 9), lineColor=None, markerColor=None, name='slider_4', opacity=None, ori=0.0, pos=array([ 0. , -0.4]), readOnly=False, self=UNKNOWN, size=array([1. , 0.1]), startValue=None, style='choice', styleTweaks=[], ticks=array([0, 1, 2, 3, 4, 5, 6, 7, 8, 9]), units='norm', win=Window(...))
5.3462 	WARNING 	Font b'Arial' was requested. No similar font found.
5.3518 	WARNING 	Font b'Arial' was requested. No similar font found.
5.3589 	EXP 	Created text_3 = TextStim(__class__=<class 'psychopy.visual.text.TextStim'>, alignHoriz=method-wrapper(...), alignText='center', alignVert=method-wrapper(...), anchorHoriz='center', anchorVert='center', antialias=True, autoDraw=False, autoLog=True, bold=False, color=array([1., 1., 1.]), colorSpace='rgb', contrast=1.0, depth=0.0, draggable=False, flipHoriz=False, flipVert=False, font='Arial', fontFiles=[], height=np.float64(0.05), italic=False, languageStyle='LTR', name='text_3', opacity=1, ori=0.0, pos=array([0., 0.]), rgb=UNKNOWN, text='Training instructions here', units='height', win=Window(...), wrapWidth=1)
5.3613 	EXP 	Created fix = TextStim(__class__=<class 'psychopy.visual.text.TextStim'>, alignHoriz=method-wrapper(...), alignText='center', alignVert=method-wrapper(...), anchorHoriz='center', anchorVert='center', antialias=True, autoDraw=False, autoLog=True, bold=False, color=array([1., 1., 1.]), colorSpace='rgb', contrast=1.0, depth=-1.0, draggable=False, flipHoriz=False, flipVert=False, font='Open Sans', fontFiles=[], height=np.float64(0.1), italic=False, languageStyle='LTR', name='fix', opacity=1, ori=0.0, pos=array([0., 0.]), rgb=UNKNOWN, text='+', units='height', win=Window(...), wrapWidth=1)
5.3642 	WARNING 	Font b'Arial' was requested. No similar font found.
5.3697 	WARNING 	Font b'Arial' was requested. No similar font found.
5.5532 	EXP 	Created slider_training = Slider(__class__=<class 'psychopy.visual.slider.Slider'>, autoDraw=False, autoLog=True, borderColor=None, color=None, colorSpace='rgb', depth=-2, fillColor=None, flip=False, font='Noto Sans', granularity=1, labelColor=None, labelHeight=np.float64(0.05), labelWrapWidth=None, labels=(0, 1, 2, 3, 4, 5, 6, 7, 8, 9), lineColor=None, markerColor=None, name='slider_training', opacity=None, ori=0.0, pos=array([ 0. , -0.4]), readOnly=False, self=UNKNOWN, size=array([1. , 0.1]), startValue=None, style='choice', styleTweaks=[], ticks=array([0, 1, 2, 3, 4, 5, 6, 7, 8, 9]), units='norm', win=Window(...))
5.5561 	WARNING 	Font b'Arial' was requested. No similar font found.
5.5616 	WARNING 	Font b'Arial' was requested. No similar font found.
5.5672 	EXP 	Created fix = TextStim(__class__=<class 'psychopy.visual.text.TextStim'>, alignHoriz=method-wrapper(...), alignText='center', alignVert=method-wrapper(...), anchorHoriz='center', anchorVert='center', antialias=True, autoDraw=False, autoLog=True, bold=False, color=array([1., 1., 1.]), colorSpace='rgb', contrast=1.0, depth=-1.0, draggable=False, flipHoriz=False, flipVert=False, font='Open Sans', fontFiles=[], height=np.float64(0.1), italic=False, languageStyle='LTR', name='fix', opacity=1, ori=0.0, pos=array([0., 0.]), rgb=UNKNOWN, text='+', units='height', win=Window(...), wrapWidth=1)
5.5696 	EXP 	Created prog = Progress(__class__=<class 'psychopy.visual.progress.Progress'>, anchor=('left', 'top'), autoDraw=False, autoLog=True, closeShape=True, color=method-wrapper(...), colorSpace='rgb', contrast=None, depth=-1, draggable=False, fillColor=array([-1.    ,  0.5373, -1.    ]), fillColorSpace='rgb', fillRGB=array([-1.    ,  0.5373, -1.    ]), interpolate=True, lineColor=array([1., 1., 1.]), lineColorSpace='rgb', lineRGB=array([1, 1, 1]), lineWidth=4.0, name='prog', opacity=1.0, ori=0.0, pos=array([-0.5,  0.5]), size=array([1. , 0.1]), units='norm', vertices=ndarray(...), win=Window(...), windingRule=None)
5.5718 	EXP 	Created progBar = ShapeStim(__class__=<class 'psychopy.visual.shape.ShapeStim'>, anchor=('left', 'top'), autoDraw=False, autoLog=True, closeShape=True, color=method-wrapper(...), colorSpace='rgb', contrast=None, depth=-1, draggable=False, fillColor=array([ 1., -1., -1.]), fillColorSpace='rgb', fillRGB=array([ 1., -1., -1.]), interpolate=True, lineColor=array([0., 0., 0.]), lineColorSpace='rgb', lineRGB=array([0, 0, 0]), lineWidth=1.5, name='progBar', opacity=1.0, ori=0.0, pos=array([-0.5,  0.5]), size=array([1. , 0.1]), units='norm', vertices=ndarray(...), win=Window(...), windingRule=None)
5.5738 	EXP 	Created greenbar = Rect(__class__=<class 'psychopy.visual.rect.Rect'>, anchor=('left', 'center'), autoDraw=False, autoLog=True, closeShape=True, color=method-wrapper(...), colorSpace='rgb', contrast=None, depth=-2.0, draggable=False, fillColor=array([-1.    ,  0.0039, -1.    ]), fillColorSpace='rgb', fillRGB=array([-1.    ,  0.0039, -1.    ]), interpolate=True, lineColor=array([1., 1., 1.]), lineColorSpace='rgb', lineRGB=array([1, 1, 1]), lineWidth=1.0, name='greenbar', opacity=1, ori=0.0, pos=array([0.33333333, 0.7       ]), size=array([0.66666667, 0.1       ]), units='norm', vertices=ndarray(...), win=Window(...))
5.5757 	EXP 	Created yellowbar = Rect(__class__=<class 'psychopy.visual.rect.Rect'>, anchor=('left', 'center'), autoDraw=False, autoLog=True, closeShape=True, color=method-wrapper(...), colorSpace='rgb', contrast=None, depth=-3.0, draggable=False, fillColor=array([ 1.,  1., -1.]), fillColorSpace='rgb', fillRGB=array([ 1.,  1., -1.]), interpolate=True, lineColor=array([1., 1., 1.]), lineColorSpace='rgb', lineRGB=array([1, 1, 1]), lineWidth=1.0, name='yellowbar', opacity=1, ori=0.0, pos=array([-0.33333333,  0.7       ]), size=array([0.66666667, 0.1       ]), units='norm', vertices=ndarray(...), win=Window(...))
5.5776 	EXP 	Created redbar = Rect(__class__=<class 'psychopy.visual.rect.Rect'>, anchor=('left', 'center'), autoDraw=False, autoLog=True, closeShape=True, color=method-wrapper(...), colorSpace='rgb', contrast=None, depth=-4.0, draggable=False, fillColor=array([ 1., -1., -1.]), fillColorSpace='rgb', fillRGB=array([ 1., -1., -1.]), interpolate=True, lineColor=array([1., 1., 1.]), lineColorSpace='rgb', lineRGB=array([1, 1, 1]), lineWidth=1.0, name='redbar', opacity=1, ori=0.0, pos=array([-1. ,  0.7]), size=array([0.66666667, 0.1       ]), units='norm', vertices=ndarray(...), win=Window(...))
5.5798 	EXP 	Created arrow = ShapeStim(__class__=<class 'psychopy.visual.shape.ShapeStim'>, anchor=('center', 'center'), autoDraw=False, autoLog=True, closeShape=True, color=method-wrapper(...), colorSpace='rgb', contrast=None, depth=-5.0, draggable=False, fillColor=array([1, 1, 1]), fillColorSpace='rgb', fillRGB=array([1, 1, 1]), interpolate=True, lineColor=array([1., 1., 1.]), lineColorSpace='rgb', lineRGB=array([1, 1, 1]), lineWidth=1.0, name='arrow', opacity=1, ori=0.0, pos=array([0., 0.]), size=array([0.05, 0.05]), units='norm', vertices=ndarray(...), win=Window(...), windingRule=None)
5.5825 	WARNING 	Font b'Arial' was requested. No similar font found.
5.5880 	WARNING 	Font b'Arial' was requested. No similar font found.
5.7698 	EXP 	Created slider = Slider(__class__=<class 'psychopy.visual.slider.Slider'>, autoDraw=False, autoLog=True, borderColor=None, color=None, colorSpace='rgb', depth=-7, fillColor=None, flip=False, font='Noto Sans', granularity=1, labelColor=None, labelHeight=np.float64(0.05), labelWrapWidth=None, labels=(0, 1, 2, 3, 4, 5, 6, 7, 8, 9), lineColor=None, markerColor=None, name='slider', opacity=None, ori=0.0, pos=array([ 0. , -0.4]), readOnly=False, self=UNKNOWN, size=array([1. , 0.1]), startValue=None, style='choice', styleTweaks=[], ticks=array([0, 1, 2, 3, 4, 5, 6, 7, 8, 9]), units='norm', win=Window(...))
5.7727 	WARNING 	Font b'Arial' was requested. No similar font found.
5.7785 	WARNING 	Font b'Arial' was requested. No similar font found.
0.0170 	EXP 	textbox_4: autoLog = True
0.0170 	EXP 	slider_3: autoLog = True
0.0170 	EXP 	slider_3: styleTweaks = []
0.0170 	EXP 	slider_3: styleTweaks = []
0.0170 	EXP 	slider_3: styleTweaks = []
0.0170 	EXP 	slider_3: styleTweaks = []
0.0170 	EXP 	slider_3: contrast = 1.0
0.0170 	EXP 	slider_3: markerPos = None
0.0170 	EXP 	slider_3: autoLog = True
0.0170 	EXP 	textbox_2: autoLog = True
0.0170 	EXP 	prog_3: direction = 'horizontal'
0.0170 	EXP 	prog_3: progress = 0.0
0.0170 	EXP 	textbox_5: autoLog = True
0.0170 	EXP 	slider_4: autoLog = True
0.0170 	EXP 	slider_4: styleTweaks = []
0.0170 	EXP 	slider_4: styleTweaks = []
0.0170 	EXP 	slider_4: styleTweaks = []
0.0170 	EXP 	slider_4: styleTweaks = []
0.0170 	EXP 	slider_4: contrast = 1.0
0.0170 	EXP 	slider_4: markerPos = None
0.0170 	EXP 	slider_4: autoLog = True
0.0170 	EXP 	textbox_2: autoLog = True
0.0170 	EXP 	textbox_3: autoLog = True
0.0170 	EXP 	slider_training: autoLog = True
0.0170 	EXP 	slider_training: styleTweaks = []
0.0170 	EXP 	slider_training: styleTweaks = []
0.0170 	EXP 	slider_training: styleTweaks = []
0.0170 	EXP 	slider_training: styleTweaks = []
0.0170 	EXP 	slider_training: contrast = 1.0
0.0170 	EXP 	slider_training: markerPos = None
0.0170 	EXP 	slider_training: autoLog = True
0.0170 	EXP 	textbox_2: autoLog = True
0.0170 	EXP 	prog: direction = 'horizontal'
0.0170 	EXP 	prog: progress = 0.0
0.0170 	EXP 	textbox: autoLog = True
0.0170 	EXP 	slider: autoLog = True
0.0170 	EXP 	slider: styleTweaks = []
0.0170 	EXP 	slider: styleTweaks = []
0.0170 	EXP 	slider: styleTweaks = []
0.0170 	EXP 	slider: styleTweaks = []
0.0170 	EXP 	slider: contrast = 1.0
0.0170 	EXP 	slider: markerPos = None
0.0170 	EXP 	slider: autoLog = True
0.0170 	EXP 	textbox_2: autoLog = True
0.0330 	INFO 	Keyboard events cleared
0.0328 	EXP 	text: autoDraw = True
1.9354 	EXP 	Device response: <KeyPress from None: t=1.9240491390228271, value=l, duration=None>
1.9360 	DATA 	Keypress: l
1.9496 	INFO 	Keyboard events cleared
1.9495 	EXP 	text: autoDraw = False
1.9495 	EXP 	intstructs: autoDraw = True
2.0186 	EXP 	Device response: <KeyPress from None: t=1.9240491390228271, value=l, duration=0.07862591743469238>
2.4685 	EXP 	Device response: <KeyPress from None: t=2.4529776573181152, value=space, duration=None>
2.4687 	DATA 	Keypress: space
2.4694 	EXP 	New trial (rep=0, index=0): <Trial 0 (0 in rep 0) data={'thisN': 0, 'thisTrialN': 0, 'thisRepN': 0}>
2.4827 	EXP 	intstructs: autoDraw = False
2.4827 	EXP 	fix: autoDraw = True
2.5686 	EXP 	Device response: <KeyPress from None: t=2.4529776573181152, value=space, duration=0.09967899322509766>
2.9708 	DEBUG 	TextBox2 loaded 1 chars with 0 blanks and 1 valid
2.9716 	DEBUG 	TextBox2 loaded 1 chars with 0 blanks and 1 valid
2.9730 	DEBUG 	TextBox2 loaded 1 chars with 0 blanks and 1 valid
2.9741 	DEBUG 	TextBox2 loaded 1 chars with 0 blanks and 1 valid
2.9753 	DEBUG 	TextBox2 loaded 1 chars with 0 blanks and 1 valid
2.9756 	DEBUG 	Uploading Texture Font fontname to graphics card
2.9768 	DEBUG 	Upload of Texture Font fontname complete
3.0152 	INFO 	Keyboard events cleared
3.0151 	EXP 	fix: autoDraw = False
3.0151 	EXP 	fix: autoDraw = False
3.0151 	EXP 	slider_3: markerPos = None
3.0151 	EXP 	slider_3: markerPos = None
3.0151 	EXP 	textbox_4: autoDraw = True
3.0151 	EXP 	slider_3: autoDraw = True
5.1844 	EXP 	Device response: <KeyPress from None: t=5.173135995864868, value=3, duration=None>
5.1884 	DATA 	Keypress: 3
5.1996 	EXP 	textbox_4: autoDraw = False
5.1996 	EXP 	slider_3: autoDraw = False
5.1996 	EXP 	textbox_2: autoDraw = True
5.2688 	EXP 	Device response: <KeyPress from None: t=5.173135995864868, value=3, duration=0.09068942070007324>
6.1854 	EXP 	New trial (rep=1, index=0): <Trial 1 (0 in rep 1) data={'thisN': 1, 'thisTrialN': 0, 'thisRepN': 1}>
6.1994 	EXP 	textbox_2: autoDraw = False
6.1994 	EXP 	textbox_2: autoDraw = False
6.1994 	EXP 	fix: autoDraw = True
6.6874 	DEBUG 	TextBox2 loaded 1 chars with 0 blanks and 1 valid
6.6890 	DEBUG 	TextBox2 loaded 1 chars with 0 blanks and 1 valid
6.6904 	DEBUG 	TextBox2 loaded 1 chars with 0 blanks and 1 valid
6.6908 	DEBUG 	Uploading Texture Font fontname to graphics card
6.6919 	DEBUG 	Upload of Texture Font fontname complete
6.7319 	INFO 	Keyboard events cleared
6.7317 	EXP 	fix: autoDraw = False
6.7317 	EXP 	fix: autoDraw = False
6.7317 	EXP 	slider_3: markerPos = None
6.7317 	EXP 	slider_3: markerPos = None
6.7317 	EXP 	textbox_4: autoDraw = True
6.7317 	EXP 	slider_3: autoDraw = True
8.2360 	DATA 	Keypress: 6
8.2676 	EXP 	Device response: <KeyPress from None: t=8.234193563461304, value=6, duration=None>
8.2829 	EXP 	textbox_4: autoDraw = False
8.2829 	EXP 	slider_3: autoDraw = False
8.2829 	EXP 	textbox_2: autoDraw = True
8.3187 	EXP 	Device response: <KeyPress from None: t=8.234193563461304, value=6, duration=0.08266496658325195>
9.2691 	EXP 	New trial (rep=2, index=0): <Trial 2 (0 in rep 2) data={'thisN': 2, 'thisTrialN': 0, 'thisRepN': 2}>
9.2829 	EXP 	textbox_2: autoDraw = False
9.2829 	EXP 	fix: autoDraw = True
9.7985 	INFO 	Keyboard events cleared
9.7983 	EXP 	fix: autoDraw = False
9.7983 	EXP 	slider_3: markerPos = None
9.7983 	EXP 	slider_3: markerPos = None
9.7983 	EXP 	textbox_4: autoDraw = True
9.7983 	EXP 	slider_3: autoDraw = True
10.9852 	DATA 	Keypress: 6
11.0010 	EXP 	Device response: <KeyPress from None: t=10.970308303833008, value=6, duration=None>
11.0162 	EXP 	textbox_4: autoDraw = False
11.0162 	EXP 	slider_3: autoDraw = False
11.0162 	EXP 	textbox_2: autoDraw = True
11.0519 	EXP 	Device response: <KeyPress from None: t=10.970308303833008, value=6, duration=0.07868576049804688>
12.0162 	EXP 	textbox_2: autoDraw = False
12.0162 	EXP 	textbox_2: autoDraw = False
12.0162 	EXP 	text_2: autoDraw = True
22.0046 	EXP 	New trial (rep=0, index=0): <Trial 0 (0 in rep 0) data={'thisN': 0, 'thisTrialN': 0, 'thisRepN': 0}>
22.0160 	EXP 	text_2: autoDraw = False
22.0160 	EXP 	fix: autoDraw = True
22.5098 	DEBUG 	TextBox2 loaded 1 chars with 0 blanks and 1 valid
22.5114 	DEBUG 	TextBox2 loaded 1 chars with 0 blanks and 1 valid
22.5118 	DEBUG 	Uploading Texture Font fontname to graphics card
22.5130 	DEBUG 	Upload of Texture Font fontname complete
22.5650 	INFO 	Keyboard events cleared
22.5648 	EXP 	fix: autoDraw = False
22.5648 	EXP 	slider_4: markerPos = None
22.5648 	EXP 	slider_4: markerPos = None
22.5648 	EXP 	prog_3: autoDraw = True
22.5648 	EXP 	greenbar_3: autoDraw = True
22.5648 	EXP 	yellowbar_3: autoDraw = True
22.5648 	EXP 	redbar_3: autoDraw = True
22.5648 	EXP 	arrow_3: autoDraw = True
22.5648 	EXP 	textbox_5: autoDraw = True
22.5648 	EXP 	slider_4: autoDraw = True
24.5675 	EXP 	Device response: <KeyPress from None: t=24.552855968475342, value=2, duration=None>
24.5701 	DEBUG 	TextBox2 loaded 1 chars with 0 blanks and 1 valid
24.5714 	DEBUG 	TextBox2 loaded 1 chars with 0 blanks and 1 valid
24.5726 	DEBUG 	TextBox2 loaded 1 chars with 0 blanks and 1 valid
24.5737 	DEBUG 	TextBox2 loaded 1 chars with 0 blanks and 1 valid
24.5746 	DEBUG 	TextBox2 loaded 1 chars with 0 blanks and 1 valid
24.5749 	DEBUG 	Uploading Texture Font fontname to graphics card
24.5761 	DEBUG 	Upload of Texture Font fontname complete
24.5786 	DATA 	Keypress: 2
24.5991 	EXP 	prog_3: autoDraw = False
24.5991 	EXP 	greenbar_3: autoDraw = False
24.5991 	EXP 	yellowbar_3: autoDraw = False
24.5991 	EXP 	redbar_3: autoDraw = False
24.5991 	EXP 	arrow_3: autoDraw = False
24.5991 	EXP 	textbox_5: autoDraw = False
24.5991 	EXP 	slider_4: autoDraw = False
24.5991 	EXP 	textbox_2: autoDraw = True
24.6352 	EXP 	Device response: <KeyPress from None: t=24.552855968475342, value=2, duration=0.07867312431335449>
25.5686 	EXP 	New trial (rep=1, index=0): <Trial 1 (0 in rep 1) data={'thisN': 1, 'thisTrialN': 0, 'thisRepN': 1}>
25.5826 	EXP 	textbox_2: autoDraw = False
25.5826 	EXP 	fix: autoDraw = True
26.0706 	DEBUG 	TextBox2 loaded 1 chars with 0 blanks and 1 valid
26.0710 	DEBUG 	Uploading Texture Font fontname to graphics card
26.0721 	DEBUG 	Upload of Texture Font fontname complete
26.0983 	INFO 	Keyboard events cleared
26.0981 	EXP 	fix: autoDraw = False
26.0981 	EXP 	slider_4: markerPos = None
26.0981 	EXP 	slider_4: markerPos = None
26.0981 	EXP 	prog_3: autoDraw = True
26.0981 	EXP 	greenbar_3: autoDraw = True
26.0981 	EXP 	yellowbar_3: autoDraw = True
26.0981 	EXP 	redbar_3: autoDraw = True
26.0981 	EXP 	arrow_3: autoDraw = True
26.0981 	EXP 	textbox_5: autoDraw = True
26.0981 	EXP 	slider_4: autoDraw = True
28.5192 	DATA 	Keypress: 3
28.5342 	EXP 	Device response: <KeyPress from None: t=28.516913652420044, value=3, duration=None>
28.5493 	EXP 	prog_3: autoDraw = False
28.5493 	EXP 	greenbar_3: autoDraw = False
28.5493 	EXP 	yellowbar_3: autoDraw = False
28.5493 	EXP 	redbar_3: autoDraw = False
28.5493 	EXP 	arrow_3: autoDraw = False
28.5493 	EXP 	textbox_5: autoDraw = False
28.5493 	EXP 	slider_4: autoDraw = False
28.5493 	EXP 	textbox_2: autoDraw = True
28.6018 	EXP 	Device response: <KeyPress from None: t=28.516913652420044, value=3, duration=0.07968759536743164>
29.5352 	EXP 	New trial (rep=2, index=0): <Trial 2 (0 in rep 2) data={'thisN': 2, 'thisTrialN': 0, 'thisRepN': 2}>
29.5493 	EXP 	textbox_2: autoDraw = False
29.5493 	EXP 	textbox_2: autoDraw = False
29.5493 	EXP 	fix: autoDraw = True
30.0649 	INFO 	Keyboard events cleared
30.0647 	EXP 	fix: autoDraw = False
30.0647 	EXP 	fix: autoDraw = False
30.0647 	EXP 	slider_4: markerPos = None
30.0647 	EXP 	slider_4: markerPos = None
30.0647 	EXP 	prog_3: autoDraw = True
30.0647 	EXP 	greenbar_3: autoDraw = True
30.0647 	EXP 	yellowbar_3: autoDraw = True
30.0647 	EXP 	redbar_3: autoDraw = True
30.0647 	EXP 	arrow_3: autoDraw = True
30.0647 	EXP 	textbox_5: autoDraw = True
30.0647 	EXP 	slider_4: autoDraw = True
31.3529 	DATA 	Keypress: 7
31.3675 	EXP 	Device response: <KeyPress from None: t=31.34504747390747, value=7, duration=None>
31.3826 	EXP 	prog_3: autoDraw = False
31.3826 	EXP 	greenbar_3: autoDraw = False
31.3826 	EXP 	yellowbar_3: autoDraw = False
31.3826 	EXP 	redbar_3: autoDraw = False
31.3826 	EXP 	arrow_3: autoDraw = False
31.3826 	EXP 	textbox_5: autoDraw = False
31.3826 	EXP 	slider_4: autoDraw = False
31.3826 	EXP 	textbox_2: autoDraw = True
31.4185 	EXP 	Device response: <KeyPress from None: t=31.34504747390747, value=7, duration=0.07065916061401367>
32.3826 	EXP 	textbox_2: autoDraw = False
32.3826 	EXP 	text_3: autoDraw = True
37.3746 	DEBUG 	Read csv file with pandas: training.csv
37.3762 	DEBUG 	Clearing unnamed columns from training.csv
37.3765 	EXP 	Imported training.csv as conditions, 5 conditions, 1 params
37.3769 	EXP 	New trial (rep=0, index=0): <Trial 0 (0 in rep 0) data={'train_diff': '“easy2”', 'thisN': 0, 'thisTrialN': 0, 'thisRepN': 0}>
37.3816 	EXP 	New trial (rep=0, index=0): <Trial 0 (0 in rep 0) data={'thisN': 0, 'thisTrialN': 0, 'thisRepN': 0}>
37.3980 	EXP 	text_3: autoDraw = False
37.3980 	EXP 	text_3: autoDraw = False
37.3980 	EXP 	fix: autoDraw = True
37.9022 	DEBUG 	Saving data for misty_module ExperimentHandler
37.9048 	INFO 	saved data to /home/hackerman/misty_py/data/pilot_misty_module_2026-01-29_18h24.45.198.psydat
37.9069 	INFO 	saved data to '/home/hackerman/misty_py/data/pilot_misty_module_2026-01-29_18h24.45.198.csv'
37.9120 	WARNING 	Stopping key buffers but this could be dangerous ifother keyboards rely on the same.
