5.2886 	DEBUG 	Fullscreen settings ignored as running in pilot mode.
5.2898 	INFO 	Loaded monitor calibration from ['2025_12_08 16:52']
5.7609 	INFO 	Using renderer 'NVIDIA GeForce GTX 1660/PCIe/SSE2' for graphics
5.7609 	INFO 	OpenGL version supported by driver is 4..
5.7677 	EXP 	Created window1 = Window(allowGUI=False, allowStencil=True, autoLog=True, backendConf=UNKNOWN, backgroundFit=<method-wrapper '__getattribute__' of attributeSetter object at 0x7926bbf718d0>, backgroundImage=<method-wrapper '__getattribute__' of attributeSetter object at 0x7926bbf71870>, bitsMode=UNKNOWN, blendMode='avg', bpc=(8, 8, 8), color=array([0, 0, 0]), colorSpace='rgb', depthBits=8, fullscr=False, gamma=None, gammaErrorPolicy='raise', infoMsg=UNKNOWN, lms=UNKNOWN, monitor=<psychopy.monitors.calibTools.Monitor object at 0x7926aaf27ac0>, multiSample=False, name='window1', numSamples=2, pos=[np.float64(560.0), np.float64(240.0)], screen=0, size=array([800, 600]), stencilBits=8, stereo=False, title='PsychoPy', units='height', useFBO=True, useRetina=False, viewOri=0.0, viewPos=None, viewScale=None, waitBlanking=True, winType='pyglet')
5.7678 	EXP 	window1: backgroundImage = ''
5.7678 	EXP 	window1: backgroundFit = 'none'
5.7791 	DEBUG 	TextBox2 loaded 1 chars with 0 blanks and 1 valid
5.7805 	DEBUG 	TextBox2 loaded 1 chars with 0 blanks and 1 valid
5.7820 	DEBUG 	TextBox2 loaded 1 chars with 0 blanks and 1 valid
5.7837 	DEBUG 	TextBox2 loaded 1 chars with 0 blanks and 1 valid
5.7855 	DEBUG 	TextBox2 loaded 1 chars with 0 blanks and 1 valid
5.7866 	DEBUG 	TextBox2 loaded 1 chars with 0 blanks and 1 valid
5.7880 	DEBUG 	TextBox2 loaded 1 chars with 0 blanks and 1 valid
5.7898 	DEBUG 	TextBox2 loaded 1 chars with 0 blanks and 1 valid
5.7907 	DEBUG 	TextBox2 loaded 1 chars with 0 blanks and 1 valid
5.7916 	DEBUG 	TextBox2 loaded 1 chars with 0 blanks and 1 valid
5.7931 	DEBUG 	TextBox2 loaded 1 chars with 0 blanks and 1 valid
5.7945 	DEBUG 	TextBox2 loaded 1 chars with 0 blanks and 1 valid
5.7959 	DEBUG 	TextBox2 loaded 1 chars with 0 blanks and 1 valid
5.7973 	DEBUG 	TextBox2 loaded 1 chars with 0 blanks and 1 valid
5.7986 	DEBUG 	TextBox2 loaded 1 chars with 0 blanks and 1 valid
5.8002 	DEBUG 	TextBox2 loaded 1 chars with 0 blanks and 1 valid
5.8016 	DEBUG 	TextBox2 loaded 1 chars with 0 blanks and 1 valid
5.8027 	DEBUG 	TextBox2 loaded 1 chars with 0 blanks and 1 valid
5.8038 	DEBUG 	TextBox2 loaded 1 chars with 0 blanks and 1 valid
5.8056 	DEBUG 	TextBox2 loaded 1 chars with 0 blanks and 1 valid
5.8066 	DEBUG 	TextBox2 loaded 1 chars with 0 blanks and 1 valid
5.8071 	DEBUG 	Uploading Texture Font fontname to graphics card
5.8156 	DEBUG 	Upload of Texture Font fontname complete
5.8258 	DEBUG 	TextBox2 loaded 1 chars with 0 blanks and 1 valid
5.8276 	DEBUG 	TextBox2 loaded 1 chars with 0 blanks and 1 valid
5.8293 	DEBUG 	TextBox2 loaded 1 chars with 0 blanks and 1 valid
5.8297 	DEBUG 	Uploading Texture Font fontname to graphics card
5.8346 	DEBUG 	Upload of Texture Font fontname complete
5.8372 	EXP 	window1: Attempting to measure frame rate of screen (0) ...
5.8372 	EXP 	window1: recordFrameIntervals = False
6.0045 	EXP 	window1: recordFrameIntervals = True
6.1886 	EXP 	Screen (0) actual frame rate measured at 60.00Hz
6.1886 	EXP 	window1: recordFrameIntervals = False
6.1974 	DEBUG 	TextBox2 loaded 1 chars with 0 blanks and 1 valid
6.1988 	DEBUG 	TextBox2 loaded 1 chars with 0 blanks and 1 valid
6.2004 	DEBUG 	TextBox2 loaded 1 chars with 0 blanks and 1 valid
6.2022 	DEBUG 	TextBox2 loaded 1 chars with 0 blanks and 1 valid
6.2041 	DEBUG 	TextBox2 loaded 1 chars with 0 blanks and 1 valid
6.2059 	DEBUG 	TextBox2 loaded 1 chars with 0 blanks and 1 valid
6.2070 	DEBUG 	TextBox2 loaded 1 chars with 0 blanks and 1 valid
6.2086 	DEBUG 	TextBox2 loaded 1 chars with 0 blanks and 1 valid
6.2104 	DEBUG 	TextBox2 loaded 1 chars with 0 blanks and 1 valid
6.2121 	DEBUG 	TextBox2 loaded 1 chars with 0 blanks and 1 valid
6.2125 	DEBUG 	Uploading Texture Font fontname to graphics card
6.2140 	DEBUG 	Upload of Texture Font fontname complete
6.2365 	INFO 	keyboard.Keyboard is using ptb backend.
6.2366 	EXP 	misty_module: status = STARTED
6.2840 	EXP 	Created text = TextStim(__class__=<class 'psychopy.visual.text.TextStim'>, alignHoriz=method-wrapper(...), alignText='center', alignVert=method-wrapper(...), anchorHoriz='center', anchorVert='center', antialias=True, autoDraw=False, autoLog=True, bold=False, color=array([1., 1., 1.]), colorSpace='rgb', contrast=1.0, depth=0.0, draggable=False, flipHoriz=False, flipVert=False, font='Arial', fontFiles=[], height=np.float64(0.05), italic=False, languageStyle='LTR', name='text', opacity=1, ori=0.0, pos=array([0., 0.]), rgb=UNKNOWN, text=str(...), units='height', win=Window(...), wrapWidth=1)
6.4228 	EXP 	Created intstructs = TextStim(__class__=<class 'psychopy.visual.text.TextStim'>, alignHoriz=method-wrapper(...), alignText='center', alignVert=method-wrapper(...), anchorHoriz='center', anchorVert='center', antialias=True, autoDraw=False, autoLog=True, bold=False, color=array([1., 1., 1.]), colorSpace='rgb', contrast=1.0, depth=0.0, draggable=False, flipHoriz=False, flipVert=False, font='Arial', fontFiles=[], height=np.float64(0.05), italic=False, languageStyle='LTR', name='intstructs', opacity=1, ori=0.0, pos=array([0., 0.]), rgb=UNKNOWN, text=str(...), units='height', win=Window(...), wrapWidth=1)
6.4289 	EXP 	Created fix = TextStim(__class__=<class 'psychopy.visual.text.TextStim'>, alignHoriz=method-wrapper(...), alignText='center', alignVert=method-wrapper(...), anchorHoriz='center', anchorVert='center', antialias=True, autoDraw=False, autoLog=True, bold=False, color=array([1., 1., 1.]), colorSpace='rgb', contrast=1.0, depth=-1.0, draggable=False, flipHoriz=False, flipVert=False, font='Open Sans', fontFiles=[], height=np.float64(0.1), italic=False, languageStyle='LTR', name='fix', opacity=1, ori=0.0, pos=array([0., 0.]), rgb=UNKNOWN, text='+', units='height', win=Window(...), wrapWidth=1)
6.4318 	WARNING 	Font b'Arial' was requested. No similar font found.
6.4376 	WARNING 	Font b'Arial' was requested. No similar font found.
6.4403 	DEBUG 	TextBox2 loaded 1 chars with 0 blanks and 1 valid
6.4417 	DEBUG 	TextBox2 loaded 1 chars with 0 blanks and 1 valid
6.4431 	DEBUG 	TextBox2 loaded 1 chars with 0 blanks and 1 valid
6.4443 	DEBUG 	TextBox2 loaded 1 chars with 0 blanks and 1 valid
6.4449 	DEBUG 	TextBox2 loaded 1 chars with 0 blanks and 1 valid
6.4455 	DEBUG 	TextBox2 loaded 1 chars with 0 blanks and 1 valid
6.4468 	DEBUG 	TextBox2 loaded 1 chars with 0 blanks and 1 valid
6.4480 	DEBUG 	TextBox2 loaded 1 chars with 0 blanks and 1 valid
6.4487 	DEBUG 	TextBox2 loaded 1 chars with 0 blanks and 1 valid
6.4490 	DEBUG 	Uploading Texture Font fontname to graphics card
6.4545 	DEBUG 	Upload of Texture Font fontname complete
6.4739 	DEBUG 	TextBox2 loaded 1 chars with 0 blanks and 1 valid
6.4742 	DEBUG 	Uploading Texture Font fontname to graphics card
6.4757 	DEBUG 	Upload of Texture Font fontname complete
6.4826 	DEBUG 	TextBox2 loaded 1 chars with 0 blanks and 1 valid
6.4837 	DEBUG 	TextBox2 loaded 1 chars with 0 blanks and 1 valid
6.4849 	DEBUG 	TextBox2 loaded 1 chars with 0 blanks and 1 valid
6.4859 	DEBUG 	TextBox2 loaded 1 chars with 0 blanks and 1 valid
6.4868 	DEBUG 	TextBox2 loaded 1 chars with 0 blanks and 1 valid
6.4877 	DEBUG 	TextBox2 loaded 1 chars with 0 blanks and 1 valid
6.4889 	DEBUG 	TextBox2 loaded 1 chars with 0 blanks and 1 valid
6.4898 	DEBUG 	TextBox2 loaded 1 chars with 0 blanks and 1 valid
6.4908 	DEBUG 	TextBox2 loaded 1 chars with 0 blanks and 1 valid
6.4917 	DEBUG 	TextBox2 loaded 1 chars with 0 blanks and 1 valid
6.4921 	DEBUG 	Uploading Texture Font fontname to graphics card
6.4934 	DEBUG 	Upload of Texture Font fontname complete
6.5002 	DEBUG 	TextBox2 loaded 1 chars with 0 blanks and 1 valid
6.5005 	DEBUG 	Uploading Texture Font fontname to graphics card
6.5054 	DEBUG 	Upload of Texture Font fontname complete
6.5182 	DEBUG 	TextBox2 loaded 1 chars with 0 blanks and 1 valid
6.5184 	DEBUG 	Uploading Texture Font fontname to graphics card
6.5196 	DEBUG 	Upload of Texture Font fontname complete
6.5321 	DEBUG 	TextBox2 loaded 1 chars with 0 blanks and 1 valid
6.5324 	DEBUG 	Uploading Texture Font fontname to graphics card
6.5336 	DEBUG 	Upload of Texture Font fontname complete
6.5461 	DEBUG 	TextBox2 loaded 1 chars with 0 blanks and 1 valid
6.5464 	DEBUG 	Uploading Texture Font fontname to graphics card
6.5476 	DEBUG 	Upload of Texture Font fontname complete
6.5601 	DEBUG 	TextBox2 loaded 1 chars with 0 blanks and 1 valid
6.5603 	DEBUG 	Uploading Texture Font fontname to graphics card
6.5616 	DEBUG 	Upload of Texture Font fontname complete
6.5742 	DEBUG 	TextBox2 loaded 1 chars with 0 blanks and 1 valid
6.5744 	DEBUG 	Uploading Texture Font fontname to graphics card
6.5756 	DEBUG 	Upload of Texture Font fontname complete
6.5880 	DEBUG 	TextBox2 loaded 1 chars with 0 blanks and 1 valid
6.5882 	DEBUG 	Uploading Texture Font fontname to graphics card
6.5894 	DEBUG 	Upload of Texture Font fontname complete
6.6019 	DEBUG 	TextBox2 loaded 1 chars with 0 blanks and 1 valid
6.6022 	DEBUG 	Uploading Texture Font fontname to graphics card
6.6033 	DEBUG 	Upload of Texture Font fontname complete
6.6157 	DEBUG 	TextBox2 loaded 1 chars with 0 blanks and 1 valid
6.6159 	DEBUG 	Uploading Texture Font fontname to graphics card
6.6171 	DEBUG 	Upload of Texture Font fontname complete
6.6809 	EXP 	Created slider_3 = Slider(__class__=<class 'psychopy.visual.slider.Slider'>, autoDraw=False, autoLog=True, borderColor=None, color=None, colorSpace='rgb', depth=-2, fillColor=None, flip=False, font='Noto Sans', granularity=1, labelColor=None, labelHeight=np.float64(0.05), labelWrapWidth=None, labels=(0, 1, 2, 3, 4, 5, 6, 7, 8, 9), lineColor=None, markerColor=None, name='slider_3', opacity=None, ori=0.0, pos=array([ 0. , -0.4]), readOnly=False, self=UNKNOWN, size=array([1. , 0.1]), startValue=None, style='choice', styleTweaks=[], ticks=array([0, 1, 2, 3, 4, 5, 6, 7, 8, 9]), units='norm', win=Window(...))
6.6838 	WARNING 	Font b'Arial' was requested. No similar font found.
6.6892 	WARNING 	Font b'Arial' was requested. No similar font found.
6.6968 	EXP 	Created text_2 = TextStim(__class__=<class 'psychopy.visual.text.TextStim'>, alignHoriz=method-wrapper(...), alignText='center', alignVert=method-wrapper(...), anchorHoriz='center', anchorVert='center', antialias=True, autoDraw=False, autoLog=True, bold=False, color=array([1., 1., 1.]), colorSpace='rgb', contrast=1.0, depth=0.0, draggable=False, flipHoriz=False, flipVert=False, font='Arial', fontFiles=[], height=np.float64(0.05), italic=False, languageStyle='LTR', name='text_2', opacity=1, ori=0.0, pos=array([0., 0.]), rgb=UNKNOWN, text=str(...), units='height', win=Window(...), wrapWidth=1)
6.6990 	EXP 	Created fix = TextStim(__class__=<class 'psychopy.visual.text.TextStim'>, alignHoriz=method-wrapper(...), alignText='center', alignVert=method-wrapper(...), anchorHoriz='center', anchorVert='center', antialias=True, autoDraw=False, autoLog=True, bold=False, color=array([1., 1., 1.]), colorSpace='rgb', contrast=1.0, depth=-1.0, draggable=False, flipHoriz=False, flipVert=False, font='Open Sans', fontFiles=[], height=np.float64(0.1), italic=False, languageStyle='LTR', name='fix', opacity=1, ori=0.0, pos=array([0., 0.]), rgb=UNKNOWN, text='+', units='height', win=Window(...), wrapWidth=1)
6.7023 	EXP 	Created prog_3 = Progress(__class__=<class 'psychopy.visual.progress.Progress'>, anchor=('left', 'top'), autoDraw=False, autoLog=True, closeShape=True, color=method-wrapper(...), colorSpace='rgb', contrast=None, depth=-1, draggable=False, fillColor=array([-1.    ,  0.5373, -1.    ]), fillColorSpace='rgb', fillRGB=array([-1.    ,  0.5373, -1.    ]), interpolate=True, lineColor=array([1., 1., 1.]), lineColorSpace='rgb', lineRGB=array([1, 1, 1]), lineWidth=4.0, name='prog_3', opacity=1.0, ori=0.0, pos=array([-0.5,  0.5]), size=array([1. , 0.1]), units='norm', vertices=ndarray(...), win=Window(...), windingRule=None)
6.7045 	EXP 	Created prog_3Bar = ShapeStim(__class__=<class 'psychopy.visual.shape.ShapeStim'>, anchor=('left', 'top'), autoDraw=False, autoLog=True, closeShape=True, color=method-wrapper(...), colorSpace='rgb', contrast=None, depth=-1, draggable=False, fillColor=array([ 1., -1., -1.]), fillColorSpace='rgb', fillRGB=array([ 1., -1., -1.]), interpolate=True, lineColor=array([0., 0., 0.]), lineColorSpace='rgb', lineRGB=array([0, 0, 0]), lineWidth=1.5, name='prog_3Bar', opacity=1.0, ori=0.0, pos=array([-0.5,  0.5]), size=array([1. , 0.1]), units='norm', vertices=ndarray(...), win=Window(...), windingRule=None)
6.7065 	EXP 	Created greenbar_3 = Rect(__class__=<class 'psychopy.visual.rect.Rect'>, anchor=('left', 'center'), autoDraw=False, autoLog=True, closeShape=True, color=method-wrapper(...), colorSpace='rgb', contrast=None, depth=-2.0, draggable=False, fillColor=array([-1.    ,  0.0039, -1.    ]), fillColorSpace='rgb', fillRGB=array([-1.    ,  0.0039, -1.    ]), interpolate=True, lineColor=array([1., 1., 1.]), lineColorSpace='rgb', lineRGB=array([1, 1, 1]), lineWidth=1.0, name='greenbar_3', opacity=1, ori=0.0, pos=array([0.33333333, 0.7       ]), size=array([0.66666667, 0.1       ]), units='norm', vertices=ndarray(...), win=Window(...))
6.7084 	EXP 	Created yellowbar_3 = Rect(__class__=<class 'psychopy.visual.rect.Rect'>, anchor=('left', 'center'), autoDraw=False, autoLog=True, closeShape=True, color=method-wrapper(...), colorSpace='rgb', contrast=None, depth=-3.0, draggable=False, fillColor=array([ 1.,  1., -1.]), fillColorSpace='rgb', fillRGB=array([ 1.,  1., -1.]), interpolate=True, lineColor=array([1., 1., 1.]), lineColorSpace='rgb', lineRGB=array([1, 1, 1]), lineWidth=1.0, name='yellowbar_3', opacity=1, ori=0.0, pos=array([-0.33333333,  0.7       ]), size=array([0.66666667, 0.1       ]), units='norm', vertices=ndarray(...), win=Window(...))
6.7102 	EXP 	Created redbar_3 = Rect(__class__=<class 'psychopy.visual.rect.Rect'>, anchor=('left', 'center'), autoDraw=False, autoLog=True, closeShape=True, color=method-wrapper(...), colorSpace='rgb', contrast=None, depth=-4.0, draggable=False, fillColor=array([ 1., -1., -1.]), fillColorSpace='rgb', fillRGB=array([ 1., -1., -1.]), interpolate=True, lineColor=array([1., 1., 1.]), lineColorSpace='rgb', lineRGB=array([1, 1, 1]), lineWidth=1.0, name='redbar_3', opacity=1, ori=0.0, pos=array([-1. ,  0.7]), size=array([0.66666667, 0.1       ]), units='norm', vertices=ndarray(...), win=Window(...))
6.7127 	EXP 	Created arrow_3 = ShapeStim(__class__=<class 'psychopy.visual.shape.ShapeStim'>, anchor=('center', 'center'), autoDraw=False, autoLog=True, closeShape=True, color=method-wrapper(...), colorSpace='rgb', contrast=None, depth=-5.0, draggable=False, fillColor=array([1, 1, 1]), fillColorSpace='rgb', fillRGB=array([1, 1, 1]), interpolate=True, lineColor=array([1., 1., 1.]), lineColorSpace='rgb', lineRGB=array([1, 1, 1]), lineWidth=1.0, name='arrow_3', opacity=1, ori=0.0, pos=array([0., 0.]), size=array([0.05, 0.05]), units='norm', vertices=ndarray(...), win=Window(...), windingRule=None)
6.7153 	WARNING 	Font b'Arial' was requested. No similar font found.
6.7207 	WARNING 	Font b'Arial' was requested. No similar font found.
6.9017 	EXP 	Created slider_4 = Slider(__class__=<class 'psychopy.visual.slider.Slider'>, autoDraw=False, autoLog=True, borderColor=None, color=None, colorSpace='rgb', depth=-7, fillColor=None, flip=False, font='Noto Sans', granularity=1, labelColor=None, labelHeight=np.float64(0.05), labelWrapWidth=None, labels=(0, 1, 2, 3, 4, 5, 6, 7, 8, 9), lineColor=None, markerColor=None, name='slider_4', opacity=None, ori=0.0, pos=array([ 0. , -0.4]), readOnly=False, self=UNKNOWN, size=array([1. , 0.1]), startValue=None, style='choice', styleTweaks=[], ticks=array([0, 1, 2, 3, 4, 5, 6, 7, 8, 9]), units='norm', win=Window(...))
6.9049 	WARNING 	Font b'Arial' was requested. No similar font found.
6.9105 	WARNING 	Font b'Arial' was requested. No similar font found.
6.9171 	EXP 	Created text_3 = TextStim(__class__=<class 'psychopy.visual.text.TextStim'>, alignHoriz=method-wrapper(...), alignText='center', alignVert=method-wrapper(...), anchorHoriz='center', anchorVert='center', antialias=True, autoDraw=False, autoLog=True, bold=False, color=array([1., 1., 1.]), colorSpace='rgb', contrast=1.0, depth=0.0, draggable=False, flipHoriz=False, flipVert=False, font='Arial', fontFiles=[], height=np.float64(0.05), italic=False, languageStyle='LTR', name='text_3', opacity=1, ori=0.0, pos=array([0., 0.]), rgb=UNKNOWN, text='Training instructions here', units='height', win=Window(...), wrapWidth=1)
6.9193 	EXP 	Created fix = TextStim(__class__=<class 'psychopy.visual.text.TextStim'>, alignHoriz=method-wrapper(...), alignText='center', alignVert=method-wrapper(...), anchorHoriz='center', anchorVert='center', antialias=True, autoDraw=False, autoLog=True, bold=False, color=array([1., 1., 1.]), colorSpace='rgb', contrast=1.0, depth=-1.0, draggable=False, flipHoriz=False, flipVert=False, font='Open Sans', fontFiles=[], height=np.float64(0.1), italic=False, languageStyle='LTR', name='fix', opacity=1, ori=0.0, pos=array([0., 0.]), rgb=UNKNOWN, text='+', units='height', win=Window(...), wrapWidth=1)
6.9221 	WARNING 	Font b'Arial' was requested. No similar font found.
6.9273 	WARNING 	Font b'Arial' was requested. No similar font found.
7.1079 	EXP 	Created slider_training = Slider(__class__=<class 'psychopy.visual.slider.Slider'>, autoDraw=False, autoLog=True, borderColor=None, color=None, colorSpace='rgb', depth=-2, fillColor=None, flip=False, font='Noto Sans', granularity=1, labelColor=None, labelHeight=np.float64(0.05), labelWrapWidth=None, labels=(0, 1, 2, 3, 4, 5, 6, 7, 8, 9), lineColor=None, markerColor=None, name='slider_training', opacity=None, ori=0.0, pos=array([ 0. , -0.4]), readOnly=False, self=UNKNOWN, size=array([1. , 0.1]), startValue=None, style='choice', styleTweaks=[], ticks=array([0, 1, 2, 3, 4, 5, 6, 7, 8, 9]), units='norm', win=Window(...))
7.1111 	WARNING 	Font b'Arial' was requested. No similar font found.
7.1172 	WARNING 	Font b'Arial' was requested. No similar font found.
7.1225 	EXP 	Created fix = TextStim(__class__=<class 'psychopy.visual.text.TextStim'>, alignHoriz=method-wrapper(...), alignText='center', alignVert=method-wrapper(...), anchorHoriz='center', anchorVert='center', antialias=True, autoDraw=False, autoLog=True, bold=False, color=array([1., 1., 1.]), colorSpace='rgb', contrast=1.0, depth=-1.0, draggable=False, flipHoriz=False, flipVert=False, font='Open Sans', fontFiles=[], height=np.float64(0.1), italic=False, languageStyle='LTR', name='fix', opacity=1, ori=0.0, pos=array([0., 0.]), rgb=UNKNOWN, text='+', units='height', win=Window(...), wrapWidth=1)
7.1249 	EXP 	Created prog = Progress(__class__=<class 'psychopy.visual.progress.Progress'>, anchor=('left', 'top'), autoDraw=False, autoLog=True, closeShape=True, color=method-wrapper(...), colorSpace='rgb', contrast=None, depth=-1, draggable=False, fillColor=array([-1.    ,  0.5373, -1.    ]), fillColorSpace='rgb', fillRGB=array([-1.    ,  0.5373, -1.    ]), interpolate=True, lineColor=array([1., 1., 1.]), lineColorSpace='rgb', lineRGB=array([1, 1, 1]), lineWidth=4.0, name='prog', opacity=1.0, ori=0.0, pos=array([-0.5,  0.5]), size=array([1. , 0.1]), units='norm', vertices=ndarray(...), win=Window(...), windingRule=None)
7.1271 	EXP 	Created progBar = ShapeStim(__class__=<class 'psychopy.visual.shape.ShapeStim'>, anchor=('left', 'top'), autoDraw=False, autoLog=True, closeShape=True, color=method-wrapper(...), colorSpace='rgb', contrast=None, depth=-1, draggable=False, fillColor=array([ 1., -1., -1.]), fillColorSpace='rgb', fillRGB=array([ 1., -1., -1.]), interpolate=True, lineColor=array([0., 0., 0.]), lineColorSpace='rgb', lineRGB=array([0, 0, 0]), lineWidth=1.5, name='progBar', opacity=1.0, ori=0.0, pos=array([-0.5,  0.5]), size=array([1. , 0.1]), units='norm', vertices=ndarray(...), win=Window(...), windingRule=None)
7.1291 	EXP 	Created greenbar = Rect(__class__=<class 'psychopy.visual.rect.Rect'>, anchor=('left', 'center'), autoDraw=False, autoLog=True, closeShape=True, color=method-wrapper(...), colorSpace='rgb', contrast=None, depth=-2.0, draggable=False, fillColor=array([-1.    ,  0.0039, -1.    ]), fillColorSpace='rgb', fillRGB=array([-1.    ,  0.0039, -1.    ]), interpolate=True, lineColor=array([1., 1., 1.]), lineColorSpace='rgb', lineRGB=array([1, 1, 1]), lineWidth=1.0, name='greenbar', opacity=1, ori=0.0, pos=array([0.33333333, 0.7       ]), size=array([0.66666667, 0.1       ]), units='norm', vertices=ndarray(...), win=Window(...))
7.1310 	EXP 	Created yellowbar = Rect(__class__=<class 'psychopy.visual.rect.Rect'>, anchor=('left', 'center'), autoDraw=False, autoLog=True, closeShape=True, color=method-wrapper(...), colorSpace='rgb', contrast=None, depth=-3.0, draggable=False, fillColor=array([ 1.,  1., -1.]), fillColorSpace='rgb', fillRGB=array([ 1.,  1., -1.]), interpolate=True, lineColor=array([1., 1., 1.]), lineColorSpace='rgb', lineRGB=array([1, 1, 1]), lineWidth=1.0, name='yellowbar', opacity=1, ori=0.0, pos=array([-0.33333333,  0.7       ]), size=array([0.66666667, 0.1       ]), units='norm', vertices=ndarray(...), win=Window(...))
7.1328 	EXP 	Created redbar = Rect(__class__=<class 'psychopy.visual.rect.Rect'>, anchor=('left', 'center'), autoDraw=False, autoLog=True, closeShape=True, color=method-wrapper(...), colorSpace='rgb', contrast=None, depth=-4.0, draggable=False, fillColor=array([ 1., -1., -1.]), fillColorSpace='rgb', fillRGB=array([ 1., -1., -1.]), interpolate=True, lineColor=array([1., 1., 1.]), lineColorSpace='rgb', lineRGB=array([1, 1, 1]), lineWidth=1.0, name='redbar', opacity=1, ori=0.0, pos=array([-1. ,  0.7]), size=array([0.66666667, 0.1       ]), units='norm', vertices=ndarray(...), win=Window(...))
7.1350 	EXP 	Created arrow = ShapeStim(__class__=<class 'psychopy.visual.shape.ShapeStim'>, anchor=('center', 'center'), autoDraw=False, autoLog=True, closeShape=True, color=method-wrapper(...), colorSpace='rgb', contrast=None, depth=-5.0, draggable=False, fillColor=array([1, 1, 1]), fillColorSpace='rgb', fillRGB=array([1, 1, 1]), interpolate=True, lineColor=array([1., 1., 1.]), lineColorSpace='rgb', lineRGB=array([1, 1, 1]), lineWidth=1.0, name='arrow', opacity=1, ori=0.0, pos=array([0., 0.]), size=array([0.05, 0.05]), units='norm', vertices=ndarray(...), win=Window(...), windingRule=None)
7.1377 	WARNING 	Font b'Arial' was requested. No similar font found.
7.1429 	WARNING 	Font b'Arial' was requested. No similar font found.
7.3226 	EXP 	Created slider = Slider(__class__=<class 'psychopy.visual.slider.Slider'>, autoDraw=False, autoLog=True, borderColor=None, color=None, colorSpace='rgb', depth=-7, fillColor=None, flip=False, font='Noto Sans', granularity=1, labelColor=None, labelHeight=np.float64(0.05), labelWrapWidth=None, labels=(0, 1, 2, 3, 4, 5, 6, 7, 8, 9), lineColor=None, markerColor=None, name='slider', opacity=None, ori=0.0, pos=array([ 0. , -0.4]), readOnly=False, self=UNKNOWN, size=array([1. , 0.1]), startValue=None, style='choice', styleTweaks=[], ticks=array([0, 1, 2, 3, 4, 5, 6, 7, 8, 9]), units='norm', win=Window(...))
7.3255 	WARNING 	Font b'Arial' was requested. No similar font found.
7.3315 	WARNING 	Font b'Arial' was requested. No similar font found.
0.0029 	EXP 	textbox_4: autoLog = True
0.0029 	EXP 	slider_3: autoLog = True
0.0029 	EXP 	slider_3: styleTweaks = []
0.0029 	EXP 	slider_3: styleTweaks = []
0.0029 	EXP 	slider_3: styleTweaks = []
0.0029 	EXP 	slider_3: styleTweaks = []
0.0029 	EXP 	slider_3: contrast = 1.0
0.0029 	EXP 	slider_3: markerPos = None
0.0029 	EXP 	slider_3: autoLog = True
0.0029 	EXP 	textbox_2: autoLog = True
0.0029 	EXP 	prog_3: direction = 'horizontal'
0.0029 	EXP 	prog_3: progress = 0.0
0.0029 	EXP 	textbox_5: autoLog = True
0.0029 	EXP 	slider_4: autoLog = True
0.0029 	EXP 	slider_4: styleTweaks = []
0.0029 	EXP 	slider_4: styleTweaks = []
0.0029 	EXP 	slider_4: styleTweaks = []
0.0029 	EXP 	slider_4: styleTweaks = []
0.0029 	EXP 	slider_4: contrast = 1.0
0.0029 	EXP 	slider_4: markerPos = None
0.0029 	EXP 	slider_4: autoLog = True
0.0029 	EXP 	textbox_2: autoLog = True
0.0029 	EXP 	textbox_3: autoLog = True
0.0029 	EXP 	slider_training: autoLog = True
0.0029 	EXP 	slider_training: styleTweaks = []
0.0029 	EXP 	slider_training: styleTweaks = []
0.0029 	EXP 	slider_training: styleTweaks = []
0.0029 	EXP 	slider_training: styleTweaks = []
0.0029 	EXP 	slider_training: contrast = 1.0
0.0029 	EXP 	slider_training: markerPos = None
0.0029 	EXP 	slider_training: autoLog = True
0.0029 	EXP 	textbox_2: autoLog = True
0.0029 	EXP 	prog: direction = 'horizontal'
0.0029 	EXP 	prog: progress = 0.0
0.0029 	EXP 	textbox: autoLog = True
0.0029 	EXP 	slider: autoLog = True
0.0029 	EXP 	slider: styleTweaks = []
0.0029 	EXP 	slider: styleTweaks = []
0.0029 	EXP 	slider: styleTweaks = []
0.0029 	EXP 	slider: styleTweaks = []
0.0029 	EXP 	slider: contrast = 1.0
0.0029 	EXP 	slider: markerPos = None
0.0029 	EXP 	slider: autoLog = True
0.0029 	EXP 	textbox_2: autoLog = True
0.0210 	INFO 	Keyboard events cleared
0.0208 	EXP 	text: autoDraw = True
4.2731 	EXP 	Device response: <KeyPress from None: t=4.262213706970215, value=l, duration=None>
4.2739 	DATA 	Keypress: l
4.2875 	INFO 	Keyboard events cleared
4.2874 	EXP 	text: autoDraw = False
4.2874 	EXP 	intstructs: autoDraw = True
4.3729 	EXP 	Device response: <KeyPress from None: t=4.262213706970215, value=l, duration=0.09960174560546875>
4.9062 	EXP 	Device response: <KeyPress from None: t=4.900100231170654, value=space, duration=None>
4.9065 	DATA 	Keypress: space
4.9207 	EXP 	intstructs: autoDraw = False
4.9207 	EXP 	text_2: autoDraw = True
5.0063 	EXP 	Device response: <KeyPress from None: t=4.900100231170654, value=space, duration=0.09974861145019531>
6.9207 	EXP 	text_2: autoDraw = False
6.9207 	EXP 	text_2: autoDraw = False
6.9207 	EXP 	text_3: autoDraw = True
8.9134 	DEBUG 	Read csv file with pandas: training.csv
8.9152 	DEBUG 	Clearing unnamed columns from training.csv
8.9156 	EXP 	Imported training.csv as conditions, 5 conditions, 1 params
8.9160 	EXP 	New trial (rep=0, index=0): <Trial 0 (0 in rep 0) data={'train_diff': '“easy2”', 'thisN': 0, 'thisTrialN': 0, 'thisRepN': 0}>
8.9205 	EXP 	New trial (rep=0, index=0): <Trial 0 (0 in rep 0) data={'thisN': 0, 'thisTrialN': 0, 'thisRepN': 0}>
8.9361 	EXP 	text_3: autoDraw = False
8.9361 	EXP 	text_3: autoDraw = False
8.9361 	EXP 	fix: autoDraw = True
9.4389 	DEBUG 	Saving data for misty_module ExperimentHandler
9.4413 	INFO 	saved data to /home/hackerman/misty_py/data/pilot_misty_module_2026-01-29_18h28.59.288.psydat
9.4422 	INFO 	saved data to '/home/hackerman/misty_py/data/pilot_misty_module_2026-01-29_18h28.59.288.csv'
9.4491 	WARNING 	Stopping key buffers but this could be dangerous ifother keyboards rely on the same.
