3.8963 	DEBUG 	Fullscreen settings ignored as running in pilot mode.
3.8990 	INFO 	Loaded monitor calibration from ['2025_12_08 16:52']
4.2639 	INFO 	Using renderer 'NVIDIA GeForce GTX 1660/PCIe/SSE2' for graphics
4.2640 	INFO 	OpenGL version supported by driver is 4..
4.2709 	EXP 	Created window1 = Window(allowGUI=False, allowStencil=True, autoLog=True, backendConf=UNKNOWN, backgroundFit=<method-wrapper '__getattribute__' of attributeSetter object at 0x76cda5786290>, backgroundImage=<method-wrapper '__getattribute__' of attributeSetter object at 0x76cda5786230>, bitsMode=UNKNOWN, blendMode='avg', bpc=(8, 8, 8), color=array([0, 0, 0]), colorSpace='rgb', depthBits=8, fullscr=False, gamma=None, gammaErrorPolicy='raise', infoMsg=UNKNOWN, lms=UNKNOWN, monitor=<psychopy.monitors.calibTools.Monitor object at 0x76cda075c490>, multiSample=False, name='window1', numSamples=2, pos=[np.float64(560.0), np.float64(240.0)], screen=0, size=array([800, 600]), stencilBits=8, stereo=False, title='PsychoPy', units='height', useFBO=True, useRetina=False, viewOri=0.0, viewPos=None, viewScale=None, waitBlanking=True, winType='pyglet')
4.2710 	EXP 	window1: backgroundImage = ''
4.2711 	EXP 	window1: backgroundFit = 'none'
4.2830 	DEBUG 	TextBox2 loaded 1 chars with 0 blanks and 1 valid
4.2845 	DEBUG 	TextBox2 loaded 1 chars with 0 blanks and 1 valid
4.2861 	DEBUG 	TextBox2 loaded 1 chars with 0 blanks and 1 valid
4.2879 	DEBUG 	TextBox2 loaded 1 chars with 0 blanks and 1 valid
4.2897 	DEBUG 	TextBox2 loaded 1 chars with 0 blanks and 1 valid
4.2910 	DEBUG 	TextBox2 loaded 1 chars with 0 blanks and 1 valid
4.2926 	DEBUG 	TextBox2 loaded 1 chars with 0 blanks and 1 valid
4.2945 	DEBUG 	TextBox2 loaded 1 chars with 0 blanks and 1 valid
4.2955 	DEBUG 	TextBox2 loaded 1 chars with 0 blanks and 1 valid
4.2966 	DEBUG 	TextBox2 loaded 1 chars with 0 blanks and 1 valid
4.2982 	DEBUG 	TextBox2 loaded 1 chars with 0 blanks and 1 valid
4.2997 	DEBUG 	TextBox2 loaded 1 chars with 0 blanks and 1 valid
4.3010 	DEBUG 	TextBox2 loaded 1 chars with 0 blanks and 1 valid
4.3025 	DEBUG 	TextBox2 loaded 1 chars with 0 blanks and 1 valid
4.3038 	DEBUG 	TextBox2 loaded 1 chars with 0 blanks and 1 valid
4.3053 	DEBUG 	TextBox2 loaded 1 chars with 0 blanks and 1 valid
4.3068 	DEBUG 	TextBox2 loaded 1 chars with 0 blanks and 1 valid
4.3079 	DEBUG 	TextBox2 loaded 1 chars with 0 blanks and 1 valid
4.3090 	DEBUG 	TextBox2 loaded 1 chars with 0 blanks and 1 valid
4.3108 	DEBUG 	TextBox2 loaded 1 chars with 0 blanks and 1 valid
4.3119 	DEBUG 	TextBox2 loaded 1 chars with 0 blanks and 1 valid
4.3124 	DEBUG 	Uploading Texture Font fontname to graphics card
4.3196 	DEBUG 	Upload of Texture Font fontname complete
4.3299 	DEBUG 	TextBox2 loaded 1 chars with 0 blanks and 1 valid
4.3319 	DEBUG 	TextBox2 loaded 1 chars with 0 blanks and 1 valid
4.3337 	DEBUG 	TextBox2 loaded 1 chars with 0 blanks and 1 valid
4.3341 	DEBUG 	Uploading Texture Font fontname to graphics card
4.3388 	DEBUG 	Upload of Texture Font fontname complete
4.3416 	EXP 	window1: Attempting to measure frame rate of screen (0) ...
4.3417 	EXP 	window1: recordFrameIntervals = False
4.5118 	EXP 	window1: recordFrameIntervals = True
4.6954 	EXP 	Screen (0) actual frame rate measured at 59.99Hz
4.6954 	EXP 	window1: recordFrameIntervals = False
4.7053 	DEBUG 	TextBox2 loaded 1 chars with 0 blanks and 1 valid
4.7068 	DEBUG 	TextBox2 loaded 1 chars with 0 blanks and 1 valid
4.7083 	DEBUG 	TextBox2 loaded 1 chars with 0 blanks and 1 valid
4.7103 	DEBUG 	TextBox2 loaded 1 chars with 0 blanks and 1 valid
4.7121 	DEBUG 	TextBox2 loaded 1 chars with 0 blanks and 1 valid
4.7141 	DEBUG 	TextBox2 loaded 1 chars with 0 blanks and 1 valid
4.7153 	DEBUG 	TextBox2 loaded 1 chars with 0 blanks and 1 valid
4.7169 	DEBUG 	TextBox2 loaded 1 chars with 0 blanks and 1 valid
4.7187 	DEBUG 	TextBox2 loaded 1 chars with 0 blanks and 1 valid
4.7205 	DEBUG 	TextBox2 loaded 1 chars with 0 blanks and 1 valid
4.7210 	DEBUG 	Uploading Texture Font fontname to graphics card
4.7224 	DEBUG 	Upload of Texture Font fontname complete
4.7478 	INFO 	keyboard.Keyboard is using ptb backend.
4.7479 	EXP 	misty_module: status = STARTED
4.7997 	EXP 	Created text = TextStim(__class__=<class 'psychopy.visual.text.TextStim'>, alignHoriz=method-wrapper(...), alignText='center', alignVert=method-wrapper(...), anchorHoriz='center', anchorVert='center', antialias=True, autoDraw=False, autoLog=True, bold=False, color=array([1., 1., 1.]), colorSpace='rgb', contrast=1.0, depth=0.0, draggable=False, flipHoriz=False, flipVert=False, font='Arial', fontFiles=[], height=np.float64(0.05), italic=False, languageStyle='LTR', name='text', opacity=1, ori=0.0, pos=array([0., 0.]), rgb=UNKNOWN, text=str(...), units='height', win=Window(...), wrapWidth=1)
4.9461 	EXP 	Created intstructs = TextStim(__class__=<class 'psychopy.visual.text.TextStim'>, alignHoriz=method-wrapper(...), alignText='center', alignVert=method-wrapper(...), anchorHoriz='center', anchorVert='center', antialias=True, autoDraw=False, autoLog=True, bold=False, color=array([1., 1., 1.]), colorSpace='rgb', contrast=1.0, depth=0.0, draggable=False, flipHoriz=False, flipVert=False, font='Arial', fontFiles=[], height=np.float64(0.05), italic=False, languageStyle='LTR', name='intstructs', opacity=1, ori=0.0, pos=array([0., 0.]), rgb=UNKNOWN, text=str(...), units='height', win=Window(...), wrapWidth=1)
4.9527 	EXP 	Created fix = TextStim(__class__=<class 'psychopy.visual.text.TextStim'>, alignHoriz=method-wrapper(...), alignText='center', alignVert=method-wrapper(...), anchorHoriz='center', anchorVert='center', antialias=True, autoDraw=False, autoLog=True, bold=False, color=array([1., 1., 1.]), colorSpace='rgb', contrast=1.0, depth=-1.0, draggable=False, flipHoriz=False, flipVert=False, font='Open Sans', fontFiles=[], height=np.float64(0.1), italic=False, languageStyle='LTR', name='fix', opacity=1, ori=0.0, pos=array([0., 0.]), rgb=UNKNOWN, text='+', units='height', win=Window(...), wrapWidth=1)
4.9569 	EXP 	Created prog_3 = Progress(__class__=<class 'psychopy.visual.progress.Progress'>, anchor=('left', 'top'), autoDraw=False, autoLog=True, closeShape=True, color=method-wrapper(...), colorSpace='rgb', contrast=None, depth=-1, draggable=False, fillColor=array([-1.    ,  0.5373, -1.    ]), fillColorSpace='rgb', fillRGB=array([-1.    ,  0.5373, -1.    ]), interpolate=True, lineColor=array([1., 1., 1.]), lineColorSpace='rgb', lineRGB=array([1, 1, 1]), lineWidth=4.0, name='prog_3', opacity=1.0, ori=0.0, pos=array([-0.5,  0.5]), size=array([1. , 0.1]), units='norm', vertices=ndarray(...), win=Window(...), windingRule=None)
4.9593 	EXP 	Created prog_3Bar = ShapeStim(__class__=<class 'psychopy.visual.shape.ShapeStim'>, anchor=('left', 'top'), autoDraw=False, autoLog=True, closeShape=True, color=method-wrapper(...), colorSpace='rgb', contrast=None, depth=-1, draggable=False, fillColor=array([ 1., -1., -1.]), fillColorSpace='rgb', fillRGB=array([ 1., -1., -1.]), interpolate=True, lineColor=array([0., 0., 0.]), lineColorSpace='rgb', lineRGB=array([0, 0, 0]), lineWidth=1.5, name='prog_3Bar', opacity=1.0, ori=0.0, pos=array([-0.5,  0.5]), size=array([1. , 0.1]), units='norm', vertices=ndarray(...), win=Window(...), windingRule=None)
4.9614 	EXP 	Created greenbar_3 = Rect(__class__=<class 'psychopy.visual.rect.Rect'>, anchor=('left', 'center'), autoDraw=False, autoLog=True, closeShape=True, color=method-wrapper(...), colorSpace='rgb', contrast=None, depth=-2.0, draggable=False, fillColor=array([-1.    ,  0.0039, -1.    ]), fillColorSpace='rgb', fillRGB=array([-1.    ,  0.0039, -1.    ]), interpolate=True, lineColor=array([1., 1., 1.]), lineColorSpace='rgb', lineRGB=array([1, 1, 1]), lineWidth=1.0, name='greenbar_3', opacity=1, ori=0.0, pos=array([0.33333333, 0.7       ]), size=array([0.66666667, 0.1       ]), units='norm', vertices=ndarray(...), win=Window(...))
4.9633 	EXP 	Created yellowbar_3 = Rect(__class__=<class 'psychopy.visual.rect.Rect'>, anchor=('left', 'center'), autoDraw=False, autoLog=True, closeShape=True, color=method-wrapper(...), colorSpace='rgb', contrast=None, depth=-3.0, draggable=False, fillColor=array([ 1.,  1., -1.]), fillColorSpace='rgb', fillRGB=array([ 1.,  1., -1.]), interpolate=True, lineColor=array([1., 1., 1.]), lineColorSpace='rgb', lineRGB=array([1, 1, 1]), lineWidth=1.0, name='yellowbar_3', opacity=1, ori=0.0, pos=array([-0.33333333,  0.7       ]), size=array([0.66666667, 0.1       ]), units='norm', vertices=ndarray(...), win=Window(...))
4.9651 	EXP 	Created redbar_3 = Rect(__class__=<class 'psychopy.visual.rect.Rect'>, anchor=('left', 'center'), autoDraw=False, autoLog=True, closeShape=True, color=method-wrapper(...), colorSpace='rgb', contrast=None, depth=-4.0, draggable=False, fillColor=array([ 1., -1., -1.]), fillColorSpace='rgb', fillRGB=array([ 1., -1., -1.]), interpolate=True, lineColor=array([1., 1., 1.]), lineColorSpace='rgb', lineRGB=array([1, 1, 1]), lineWidth=1.0, name='redbar_3', opacity=1, ori=0.0, pos=array([-1. ,  0.7]), size=array([0.66666667, 0.1       ]), units='norm', vertices=ndarray(...), win=Window(...))
4.9675 	EXP 	Created arrow_3 = ShapeStim(__class__=<class 'psychopy.visual.shape.ShapeStim'>, anchor=('center', 'center'), autoDraw=False, autoLog=True, closeShape=True, color=method-wrapper(...), colorSpace='rgb', contrast=None, depth=-5.0, draggable=False, fillColor=array([1, 1, 1]), fillColorSpace='rgb', fillRGB=array([1, 1, 1]), interpolate=True, lineColor=array([1., 1., 1.]), lineColorSpace='rgb', lineRGB=array([1, 1, 1]), lineWidth=1.0, name='arrow_3', opacity=1, ori=0.0, pos=array([0., 0.]), size=array([0.05, 0.05]), units='norm', vertices=ndarray(...), win=Window(...), windingRule=None)
4.9702 	WARNING 	Font b'Arial' was requested. No similar font found.
4.9763 	WARNING 	Font b'Arial' was requested. No similar font found.
4.9792 	DEBUG 	TextBox2 loaded 1 chars with 0 blanks and 1 valid
4.9806 	DEBUG 	TextBox2 loaded 1 chars with 0 blanks and 1 valid
4.9820 	DEBUG 	TextBox2 loaded 1 chars with 0 blanks and 1 valid
4.9832 	DEBUG 	TextBox2 loaded 1 chars with 0 blanks and 1 valid
4.9839 	DEBUG 	TextBox2 loaded 1 chars with 0 blanks and 1 valid
4.9846 	DEBUG 	TextBox2 loaded 1 chars with 0 blanks and 1 valid
4.9860 	DEBUG 	TextBox2 loaded 1 chars with 0 blanks and 1 valid
4.9871 	DEBUG 	TextBox2 loaded 1 chars with 0 blanks and 1 valid
4.9878 	DEBUG 	TextBox2 loaded 1 chars with 0 blanks and 1 valid
4.9882 	DEBUG 	Uploading Texture Font fontname to graphics card
4.9933 	DEBUG 	Upload of Texture Font fontname complete
5.0146 	DEBUG 	TextBox2 loaded 1 chars with 0 blanks and 1 valid
5.0150 	DEBUG 	Uploading Texture Font fontname to graphics card
5.0166 	DEBUG 	Upload of Texture Font fontname complete
5.0243 	DEBUG 	TextBox2 loaded 1 chars with 0 blanks and 1 valid
5.0256 	DEBUG 	TextBox2 loaded 1 chars with 0 blanks and 1 valid
5.0268 	DEBUG 	TextBox2 loaded 1 chars with 0 blanks and 1 valid
5.0280 	DEBUG 	TextBox2 loaded 1 chars with 0 blanks and 1 valid
5.0289 	DEBUG 	TextBox2 loaded 1 chars with 0 blanks and 1 valid
5.0298 	DEBUG 	TextBox2 loaded 1 chars with 0 blanks and 1 valid
5.0310 	DEBUG 	TextBox2 loaded 1 chars with 0 blanks and 1 valid
5.0320 	DEBUG 	TextBox2 loaded 1 chars with 0 blanks and 1 valid
5.0332 	DEBUG 	TextBox2 loaded 1 chars with 0 blanks and 1 valid
5.0342 	DEBUG 	TextBox2 loaded 1 chars with 0 blanks and 1 valid
5.0347 	DEBUG 	Uploading Texture Font fontname to graphics card
5.0360 	DEBUG 	Upload of Texture Font fontname complete
5.0435 	DEBUG 	TextBox2 loaded 1 chars with 0 blanks and 1 valid
5.0438 	DEBUG 	Uploading Texture Font fontname to graphics card
5.0484 	DEBUG 	Upload of Texture Font fontname complete
5.0628 	DEBUG 	TextBox2 loaded 1 chars with 0 blanks and 1 valid
5.0632 	DEBUG 	Uploading Texture Font fontname to graphics card
5.0644 	DEBUG 	Upload of Texture Font fontname complete
5.0787 	DEBUG 	TextBox2 loaded 1 chars with 0 blanks and 1 valid
5.0791 	DEBUG 	Uploading Texture Font fontname to graphics card
5.0804 	DEBUG 	Upload of Texture Font fontname complete
5.0947 	DEBUG 	TextBox2 loaded 1 chars with 0 blanks and 1 valid
5.0951 	DEBUG 	Uploading Texture Font fontname to graphics card
5.0963 	DEBUG 	Upload of Texture Font fontname complete
5.1108 	DEBUG 	TextBox2 loaded 1 chars with 0 blanks and 1 valid
5.1111 	DEBUG 	Uploading Texture Font fontname to graphics card
5.1124 	DEBUG 	Upload of Texture Font fontname complete
5.1266 	DEBUG 	TextBox2 loaded 1 chars with 0 blanks and 1 valid
5.1269 	DEBUG 	Uploading Texture Font fontname to graphics card
5.1282 	DEBUG 	Upload of Texture Font fontname complete
5.1424 	DEBUG 	TextBox2 loaded 1 chars with 0 blanks and 1 valid
5.1427 	DEBUG 	Uploading Texture Font fontname to graphics card
5.1441 	DEBUG 	Upload of Texture Font fontname complete
5.1583 	DEBUG 	TextBox2 loaded 1 chars with 0 blanks and 1 valid
5.1586 	DEBUG 	Uploading Texture Font fontname to graphics card
5.1600 	DEBUG 	Upload of Texture Font fontname complete
5.1736 	DEBUG 	TextBox2 loaded 1 chars with 0 blanks and 1 valid
5.1739 	DEBUG 	Uploading Texture Font fontname to graphics card
5.1752 	DEBUG 	Upload of Texture Font fontname complete
5.2394 	EXP 	Created slider_3 = Slider(__class__=<class 'psychopy.visual.slider.Slider'>, autoDraw=False, autoLog=True, borderColor=None, color=None, colorSpace='rgb', depth=-7, fillColor=None, flip=False, font='Noto Sans', granularity=1, labelColor=None, labelHeight=np.float64(0.05), labelWrapWidth=None, labels=(0, 1, 2, 3, 4, 5, 6, 7, 8, 9), lineColor=None, markerColor=None, name='slider_3', opacity=None, ori=0.0, pos=array([ 0. , -0.4]), readOnly=False, self=UNKNOWN, size=array([1. , 0.1]), startValue=None, style='choice', styleTweaks=[], ticks=array([0, 1, 2, 3, 4, 5, 6, 7, 8, 9]), units='norm', win=Window(...))
5.2424 	WARNING 	Font b'Arial' was requested. No similar font found.
5.2479 	WARNING 	Font b'Arial' was requested. No similar font found.
5.2534 	EXP 	Created fix = TextStim(__class__=<class 'psychopy.visual.text.TextStim'>, alignHoriz=method-wrapper(...), alignText='center', alignVert=method-wrapper(...), anchorHoriz='center', anchorVert='center', antialias=True, autoDraw=False, autoLog=True, bold=False, color=array([1., 1., 1.]), colorSpace='rgb', contrast=1.0, depth=-1.0, draggable=False, flipHoriz=False, flipVert=False, font='Open Sans', fontFiles=[], height=np.float64(0.1), italic=False, languageStyle='LTR', name='fix', opacity=1, ori=0.0, pos=array([0., 0.]), rgb=UNKNOWN, text='+', units='height', win=Window(...), wrapWidth=1)
5.2559 	EXP 	Created prog_2 = Progress(__class__=<class 'psychopy.visual.progress.Progress'>, anchor=('left', 'top'), autoDraw=False, autoLog=True, closeShape=True, color=method-wrapper(...), colorSpace='rgb', contrast=None, depth=-1, draggable=False, fillColor=array([-1.    ,  0.5373, -1.    ]), fillColorSpace='rgb', fillRGB=array([-1.    ,  0.5373, -1.    ]), interpolate=True, lineColor=array([1., 1., 1.]), lineColorSpace='rgb', lineRGB=array([1, 1, 1]), lineWidth=4.0, name='prog_2', opacity=1.0, ori=0.0, pos=array([-0.5,  0.5]), size=array([1. , 0.1]), units='norm', vertices=ndarray(...), win=Window(...), windingRule=None)
5.2581 	EXP 	Created prog_2Bar = ShapeStim(__class__=<class 'psychopy.visual.shape.ShapeStim'>, anchor=('left', 'top'), autoDraw=False, autoLog=True, closeShape=True, color=method-wrapper(...), colorSpace='rgb', contrast=None, depth=-1, draggable=False, fillColor=array([ 1., -1., -1.]), fillColorSpace='rgb', fillRGB=array([ 1., -1., -1.]), interpolate=True, lineColor=array([0., 0., 0.]), lineColorSpace='rgb', lineRGB=array([0, 0, 0]), lineWidth=1.5, name='prog_2Bar', opacity=1.0, ori=0.0, pos=array([-0.5,  0.5]), size=array([1. , 0.1]), units='norm', vertices=ndarray(...), win=Window(...), windingRule=None)
5.2601 	EXP 	Created greenbar_2 = Rect(__class__=<class 'psychopy.visual.rect.Rect'>, anchor=('left', 'center'), autoDraw=False, autoLog=True, closeShape=True, color=method-wrapper(...), colorSpace='rgb', contrast=None, depth=-2.0, draggable=False, fillColor=array([-1.    ,  0.0039, -1.    ]), fillColorSpace='rgb', fillRGB=array([-1.    ,  0.0039, -1.    ]), interpolate=True, lineColor=array([1., 1., 1.]), lineColorSpace='rgb', lineRGB=array([1, 1, 1]), lineWidth=1.0, name='greenbar_2', opacity=1, ori=0.0, pos=array([0.33333333, 0.7       ]), size=array([0.66666667, 0.1       ]), units='norm', vertices=ndarray(...), win=Window(...))
5.2620 	EXP 	Created yellowbar_2 = Rect(__class__=<class 'psychopy.visual.rect.Rect'>, anchor=('left', 'center'), autoDraw=False, autoLog=True, closeShape=True, color=method-wrapper(...), colorSpace='rgb', contrast=None, depth=-3.0, draggable=False, fillColor=array([ 1.,  1., -1.]), fillColorSpace='rgb', fillRGB=array([ 1.,  1., -1.]), interpolate=True, lineColor=array([1., 1., 1.]), lineColorSpace='rgb', lineRGB=array([1, 1, 1]), lineWidth=1.0, name='yellowbar_2', opacity=1, ori=0.0, pos=array([-0.33333333,  0.7       ]), size=array([0.66666667, 0.1       ]), units='norm', vertices=ndarray(...), win=Window(...))
5.2641 	EXP 	Created redbar_2 = Rect(__class__=<class 'psychopy.visual.rect.Rect'>, anchor=('left', 'center'), autoDraw=False, autoLog=True, closeShape=True, color=method-wrapper(...), colorSpace='rgb', contrast=None, depth=-4.0, draggable=False, fillColor=array([ 1., -1., -1.]), fillColorSpace='rgb', fillRGB=array([ 1., -1., -1.]), interpolate=True, lineColor=array([1., 1., 1.]), lineColorSpace='rgb', lineRGB=array([1, 1, 1]), lineWidth=1.0, name='redbar_2', opacity=1, ori=0.0, pos=array([-1. ,  0.7]), size=array([0.66666667, 0.1       ]), units='norm', vertices=ndarray(...), win=Window(...))
5.2665 	EXP 	Created arrow_2 = ShapeStim(__class__=<class 'psychopy.visual.shape.ShapeStim'>, anchor=('center', 'center'), autoDraw=False, autoLog=True, closeShape=True, color=method-wrapper(...), colorSpace='rgb', contrast=None, depth=-5.0, draggable=False, fillColor=array([1, 1, 1]), fillColorSpace='rgb', fillRGB=array([1, 1, 1]), interpolate=True, lineColor=array([1., 1., 1.]), lineColorSpace='rgb', lineRGB=array([1, 1, 1]), lineWidth=1.0, name='arrow_2', opacity=1, ori=0.0, pos=array([0., 0.]), size=array([0.05, 0.05]), units='norm', vertices=ndarray(...), win=Window(...), windingRule=None)
5.2692 	WARNING 	Font b'Arial' was requested. No similar font found.
5.2747 	WARNING 	Font b'Arial' was requested. No similar font found.
5.4614 	EXP 	Created slider_2 = Slider(__class__=<class 'psychopy.visual.slider.Slider'>, autoDraw=False, autoLog=True, borderColor=None, color=None, colorSpace='rgb', depth=-7, fillColor=None, flip=False, font='Noto Sans', granularity=1, labelColor=None, labelHeight=np.float64(0.05), labelWrapWidth=None, labels=(0, 1, 2, 3, 4, 5, 6, 7, 8, 9), lineColor=None, markerColor=None, name='slider_2', opacity=None, ori=0.0, pos=array([ 0. , -0.4]), readOnly=False, self=UNKNOWN, size=array([1. , 0.1]), startValue=None, style='choice', styleTweaks=[], ticks=array([0, 1, 2, 3, 4, 5, 6, 7, 8, 9]), units='norm', win=Window(...))
5.4648 	WARNING 	Font b'Arial' was requested. No similar font found.
5.4711 	WARNING 	Font b'Arial' was requested. No similar font found.
5.4767 	EXP 	Created fix = TextStim(__class__=<class 'psychopy.visual.text.TextStim'>, alignHoriz=method-wrapper(...), alignText='center', alignVert=method-wrapper(...), anchorHoriz='center', anchorVert='center', antialias=True, autoDraw=False, autoLog=True, bold=False, color=array([1., 1., 1.]), colorSpace='rgb', contrast=1.0, depth=-1.0, draggable=False, flipHoriz=False, flipVert=False, font='Open Sans', fontFiles=[], height=np.float64(0.1), italic=False, languageStyle='LTR', name='fix', opacity=1, ori=0.0, pos=array([0., 0.]), rgb=UNKNOWN, text='+', units='height', win=Window(...), wrapWidth=1)
5.4792 	EXP 	Created prog = Progress(__class__=<class 'psychopy.visual.progress.Progress'>, anchor=('left', 'top'), autoDraw=False, autoLog=True, closeShape=True, color=method-wrapper(...), colorSpace='rgb', contrast=None, depth=-1, draggable=False, fillColor=array([-1.    ,  0.5373, -1.    ]), fillColorSpace='rgb', fillRGB=array([-1.    ,  0.5373, -1.    ]), interpolate=True, lineColor=array([1., 1., 1.]), lineColorSpace='rgb', lineRGB=array([1, 1, 1]), lineWidth=4.0, name='prog', opacity=1.0, ori=0.0, pos=array([-0.5,  0.5]), size=array([1. , 0.1]), units='norm', vertices=ndarray(...), win=Window(...), windingRule=None)
5.4814 	EXP 	Created progBar = ShapeStim(__class__=<class 'psychopy.visual.shape.ShapeStim'>, anchor=('left', 'top'), autoDraw=False, autoLog=True, closeShape=True, color=method-wrapper(...), colorSpace='rgb', contrast=None, depth=-1, draggable=False, fillColor=array([ 1., -1., -1.]), fillColorSpace='rgb', fillRGB=array([ 1., -1., -1.]), interpolate=True, lineColor=array([0., 0., 0.]), lineColorSpace='rgb', lineRGB=array([0, 0, 0]), lineWidth=1.5, name='progBar', opacity=1.0, ori=0.0, pos=array([-0.5,  0.5]), size=array([1. , 0.1]), units='norm', vertices=ndarray(...), win=Window(...), windingRule=None)
5.4834 	EXP 	Created greenbar = Rect(__class__=<class 'psychopy.visual.rect.Rect'>, anchor=('left', 'center'), autoDraw=False, autoLog=True, closeShape=True, color=method-wrapper(...), colorSpace='rgb', contrast=None, depth=-2.0, draggable=False, fillColor=array([-1.    ,  0.0039, -1.    ]), fillColorSpace='rgb', fillRGB=array([-1.    ,  0.0039, -1.    ]), interpolate=True, lineColor=array([1., 1., 1.]), lineColorSpace='rgb', lineRGB=array([1, 1, 1]), lineWidth=1.0, name='greenbar', opacity=1, ori=0.0, pos=array([0.33333333, 0.7       ]), size=array([0.66666667, 0.1       ]), units='norm', vertices=ndarray(...), win=Window(...))
5.4852 	EXP 	Created yellowbar = Rect(__class__=<class 'psychopy.visual.rect.Rect'>, anchor=('left', 'center'), autoDraw=False, autoLog=True, closeShape=True, color=method-wrapper(...), colorSpace='rgb', contrast=None, depth=-3.0, draggable=False, fillColor=array([ 1.,  1., -1.]), fillColorSpace='rgb', fillRGB=array([ 1.,  1., -1.]), interpolate=True, lineColor=array([1., 1., 1.]), lineColorSpace='rgb', lineRGB=array([1, 1, 1]), lineWidth=1.0, name='yellowbar', opacity=1, ori=0.0, pos=array([-0.33333333,  0.7       ]), size=array([0.66666667, 0.1       ]), units='norm', vertices=ndarray(...), win=Window(...))
5.4871 	EXP 	Created redbar = Rect(__class__=<class 'psychopy.visual.rect.Rect'>, anchor=('left', 'center'), autoDraw=False, autoLog=True, closeShape=True, color=method-wrapper(...), colorSpace='rgb', contrast=None, depth=-4.0, draggable=False, fillColor=array([ 1., -1., -1.]), fillColorSpace='rgb', fillRGB=array([ 1., -1., -1.]), interpolate=True, lineColor=array([1., 1., 1.]), lineColorSpace='rgb', lineRGB=array([1, 1, 1]), lineWidth=1.0, name='redbar', opacity=1, ori=0.0, pos=array([-1. ,  0.7]), size=array([0.66666667, 0.1       ]), units='norm', vertices=ndarray(...), win=Window(...))
5.4893 	EXP 	Created arrow = ShapeStim(__class__=<class 'psychopy.visual.shape.ShapeStim'>, anchor=('center', 'center'), autoDraw=False, autoLog=True, closeShape=True, color=method-wrapper(...), colorSpace='rgb', contrast=None, depth=-5.0, draggable=False, fillColor=array([1, 1, 1]), fillColorSpace='rgb', fillRGB=array([1, 1, 1]), interpolate=True, lineColor=array([1., 1., 1.]), lineColorSpace='rgb', lineRGB=array([1, 1, 1]), lineWidth=1.0, name='arrow', opacity=1, ori=0.0, pos=array([0., 0.]), size=array([0.05, 0.05]), units='norm', vertices=ndarray(...), win=Window(...), windingRule=None)
5.4920 	WARNING 	Font b'Arial' was requested. No similar font found.
5.4975 	WARNING 	Font b'Arial' was requested. No similar font found.
5.6790 	EXP 	Created slider = Slider(__class__=<class 'psychopy.visual.slider.Slider'>, autoDraw=False, autoLog=True, borderColor=None, color=None, colorSpace='rgb', depth=-7, fillColor=None, flip=False, font='Noto Sans', granularity=1, labelColor=None, labelHeight=np.float64(0.05), labelWrapWidth=None, labels=(0, 1, 2, 3, 4, 5, 6, 7, 8, 9), lineColor=None, markerColor=None, name='slider', opacity=None, ori=0.0, pos=array([ 0. , -0.4]), readOnly=False, self=UNKNOWN, size=array([1. , 0.1]), startValue=None, style='choice', styleTweaks=[], ticks=array([0, 1, 2, 3, 4, 5, 6, 7, 8, 9]), units='norm', win=Window(...))
5.6819 	WARNING 	Font b'Arial' was requested. No similar font found.
5.6879 	WARNING 	Font b'Arial' was requested. No similar font found.
0.0061 	EXP 	prog_3: direction = 'horizontal'
0.0061 	EXP 	prog_3: progress = 0.0
0.0061 	EXP 	textbox_4: autoLog = True
0.0061 	EXP 	slider_3: autoLog = True
0.0061 	EXP 	slider_3: styleTweaks = []
0.0061 	EXP 	slider_3: styleTweaks = []
0.0061 	EXP 	slider_3: styleTweaks = []
0.0061 	EXP 	slider_3: styleTweaks = []
0.0061 	EXP 	slider_3: contrast = 1.0
0.0061 	EXP 	slider_3: markerPos = None
0.0061 	EXP 	slider_3: autoLog = True
0.0061 	EXP 	textbox_2: autoLog = True
0.0061 	EXP 	prog_2: direction = 'horizontal'
0.0061 	EXP 	prog_2: progress = 0.0
0.0061 	EXP 	textbox_3: autoLog = True
0.0061 	EXP 	slider_2: autoLog = True
0.0061 	EXP 	slider_2: styleTweaks = []
0.0061 	EXP 	slider_2: styleTweaks = []
0.0061 	EXP 	slider_2: styleTweaks = []
0.0061 	EXP 	slider_2: styleTweaks = []
0.0061 	EXP 	slider_2: contrast = 1.0
0.0061 	EXP 	slider_2: markerPos = None
0.0061 	EXP 	slider_2: autoLog = True
0.0061 	EXP 	textbox_2: autoLog = True
0.0061 	EXP 	prog: direction = 'horizontal'
0.0061 	EXP 	prog: progress = 0.0
0.0061 	EXP 	textbox: autoLog = True
0.0061 	EXP 	slider: autoLog = True
0.0061 	EXP 	slider: styleTweaks = []
0.0061 	EXP 	slider: styleTweaks = []
0.0061 	EXP 	slider: styleTweaks = []
0.0061 	EXP 	slider: styleTweaks = []
0.0061 	EXP 	slider: contrast = 1.0
0.0061 	EXP 	slider: markerPos = None
0.0061 	EXP 	slider: autoLog = True
0.0061 	EXP 	textbox_2: autoLog = True
0.0213 	INFO 	Keyboard events cleared
0.0211 	EXP 	text: autoDraw = True
1.3743 	EXP 	Device response: <KeyPress from None: t=1.3715152740478516, value=l, duration=None>
1.3748 	DATA 	Keypress: l
1.3884 	INFO 	Keyboard events cleared
1.3883 	EXP 	text: autoDraw = False
1.3883 	EXP 	intstructs: autoDraw = True
1.5076 	EXP 	Device response: <KeyPress from None: t=1.3715152740478516, value=l, duration=0.13265562057495117>
1.6743 	EXP 	Device response: <KeyPress from None: t=1.6583795547485352, value=space, duration=None>
1.6745 	DATA 	Keypress: space
1.6750 	EXP 	New trial (rep=0, index=0): <Trial 0 (0 in rep 0) data={'thisN': 0, 'thisTrialN': 0, 'thisRepN': 0}>
1.6883 	EXP 	intstructs: autoDraw = False
1.6883 	EXP 	fix: autoDraw = True
1.8076 	EXP 	Device response: <KeyPress from None: t=1.6583795547485352, value=space, duration=0.14579391479492188>
2.1763 	DEBUG 	TextBox2 loaded 1 chars with 0 blanks and 1 valid
2.1778 	DEBUG 	TextBox2 loaded 1 chars with 0 blanks and 1 valid
2.1791 	DEBUG 	TextBox2 loaded 1 chars with 0 blanks and 1 valid
2.1801 	DEBUG 	TextBox2 loaded 1 chars with 0 blanks and 1 valid
2.1814 	DEBUG 	TextBox2 loaded 1 chars with 0 blanks and 1 valid
2.1817 	DEBUG 	Uploading Texture Font fontname to graphics card
2.1829 	DEBUG 	Upload of Texture Font fontname complete
2.1985 	DEBUG 	Saving data for misty_module ExperimentHandler
2.1990 	INFO 	saved data to /home/hackerman/misty_py/data/pilot_misty_module_2026-01-29_17h39.29.182.psydat
2.1994 	INFO 	saved data to '/home/hackerman/misty_py/data/pilot_misty_module_2026-01-29_17h39.29.182.csv'
2.2057 	WARNING 	Stopping key buffers but this could be dangerous ifother keyboards rely on the same.
