8.6698 	WARNING 	Font Manager failed to load file /System/Library/PrivateFrameworks/FontServices.framework/Resources/Reserved/PingFangUI.ttc
8.7137 	WARNING 	Font Manager failed to load file /System/Library/PrivateFrameworks/FontServices.framework/Resources/Reserved/PingFangUI.ttc
10.4263 	DEBUG 	Fullscreen settings ignored as running in pilot mode.
10.4270 	INFO 	Loaded monitor calibration from ['2026_01_27 16:28']
10.5200 	INFO 	Using renderer 'Apple M4' for graphics
10.5200 	INFO 	OpenGL version supported by driver is 2..
10.5400 	EXP 	Created window1 = Window(allowGUI=False, allowStencil=True, autoLog=True, backendConf=UNKNOWN, backgroundFit=<method-wrapper '__getattribute__' of attributeSetter object at 0x174fbe830>, backgroundImage=<method-wrapper '__getattribute__' of attributeSetter object at 0x174fbe890>, bitsMode=UNKNOWN, blendMode='avg', bpc=(8, 8, 8), color=array([0, 0, 0]), colorSpace='rgb', depthBits=8, fullscr=False, gamma=None, gammaErrorPolicy='raise', infoMsg=UNKNOWN, lms=UNKNOWN, monitor=<psychopy.monitors.calibTools.Monitor object at 0x175067940>, multiSample=False, name='window1', numSamples=2, pos=[np.float64(560.0), np.float64(240.0)], screen=0, size=array([800, 600]), stencilBits=8, stereo=False, title='PsychoPy', units='height', useFBO=True, useRetina=False, viewOri=0.0, viewPos=None, viewScale=None, waitBlanking=True, winType='pyglet')
10.5400 	EXP 	window1: backgroundImage = ''
10.5401 	EXP 	window1: backgroundFit = 'none'
10.5523 	DEBUG 	TextBox2 loaded 1 chars with 0 blanks and 1 valid
10.5598 	DEBUG 	TextBox2 loaded 1 chars with 0 blanks and 1 valid
10.5673 	DEBUG 	TextBox2 loaded 1 chars with 0 blanks and 1 valid
10.5749 	DEBUG 	TextBox2 loaded 1 chars with 0 blanks and 1 valid
10.5825 	DEBUG 	TextBox2 loaded 1 chars with 0 blanks and 1 valid
10.5898 	DEBUG 	TextBox2 loaded 1 chars with 0 blanks and 1 valid
10.5973 	DEBUG 	TextBox2 loaded 1 chars with 0 blanks and 1 valid
10.6049 	DEBUG 	TextBox2 loaded 1 chars with 0 blanks and 1 valid
10.6122 	DEBUG 	TextBox2 loaded 1 chars with 0 blanks and 1 valid
10.6195 	DEBUG 	TextBox2 loaded 1 chars with 0 blanks and 1 valid
10.6271 	DEBUG 	TextBox2 loaded 1 chars with 0 blanks and 1 valid
10.6346 	DEBUG 	TextBox2 loaded 1 chars with 0 blanks and 1 valid
10.6421 	DEBUG 	TextBox2 loaded 1 chars with 0 blanks and 1 valid
10.6497 	DEBUG 	TextBox2 loaded 1 chars with 0 blanks and 1 valid
10.6571 	DEBUG 	TextBox2 loaded 1 chars with 0 blanks and 1 valid
10.6647 	DEBUG 	TextBox2 loaded 1 chars with 0 blanks and 1 valid
10.6723 	DEBUG 	TextBox2 loaded 1 chars with 0 blanks and 1 valid
10.6797 	DEBUG 	TextBox2 loaded 1 chars with 0 blanks and 1 valid
10.6870 	DEBUG 	TextBox2 loaded 1 chars with 0 blanks and 1 valid
10.6948 	DEBUG 	TextBox2 loaded 1 chars with 0 blanks and 1 valid
10.7022 	DEBUG 	TextBox2 loaded 1 chars with 0 blanks and 1 valid
10.7023 	DEBUG 	Uploading Texture Font fontname to graphics card
10.7050 	DEBUG 	Upload of Texture Font fontname complete
10.7157 	DEBUG 	TextBox2 loaded 1 chars with 0 blanks and 1 valid
10.7236 	DEBUG 	TextBox2 loaded 1 chars with 0 blanks and 1 valid
10.7313 	DEBUG 	TextBox2 loaded 1 chars with 0 blanks and 1 valid
10.7315 	DEBUG 	Uploading Texture Font fontname to graphics card
10.7329 	DEBUG 	Upload of Texture Font fontname complete
10.7339 	EXP 	window1: Attempting to measure frame rate of screen (0) ...
10.7339 	EXP 	window1: recordFrameIntervals = False
10.8843 	EXP 	window1: recordFrameIntervals = True
11.0309 	EXP 	Screen (0) actual frame rate measured at 75.14Hz
11.0310 	EXP 	window1: recordFrameIntervals = False
11.0440 	DEBUG 	TextBox2 loaded 1 chars with 0 blanks and 1 valid
11.0528 	DEBUG 	TextBox2 loaded 1 chars with 0 blanks and 1 valid
11.0612 	DEBUG 	TextBox2 loaded 1 chars with 0 blanks and 1 valid
11.0694 	DEBUG 	TextBox2 loaded 1 chars with 0 blanks and 1 valid
11.0773 	DEBUG 	TextBox2 loaded 1 chars with 0 blanks and 1 valid
11.0850 	DEBUG 	TextBox2 loaded 1 chars with 0 blanks and 1 valid
11.0924 	DEBUG 	TextBox2 loaded 1 chars with 0 blanks and 1 valid
11.1001 	DEBUG 	TextBox2 loaded 1 chars with 0 blanks and 1 valid
11.1079 	DEBUG 	TextBox2 loaded 1 chars with 0 blanks and 1 valid
11.1157 	DEBUG 	TextBox2 loaded 1 chars with 0 blanks and 1 valid
11.1158 	DEBUG 	Uploading Texture Font fontname to graphics card
11.1173 	DEBUG 	Upload of Texture Font fontname complete
12.0361 	INFO 	keyboard.Keyboard is using ptb backend.
12.0361 	EXP 	misty_module: status = STARTED
12.0688 	EXP 	Created text = TextStim(__class__=<class 'psychopy.visual.text.TextStim'>, alignHoriz=method-wrapper(...), alignText='center', alignVert=method-wrapper(...), anchorHoriz='center', anchorVert='center', antialias=True, autoDraw=False, autoLog=True, bold=False, color=array([1., 1., 1.]), colorSpace='rgb', contrast=1.0, depth=0.0, draggable=False, flipHoriz=False, flipVert=False, font='Arial', fontFiles=[], height=np.float64(0.05), italic=False, languageStyle='LTR', name='text', opacity=1, ori=0.0, pos=array([0., 0.]), rgb=UNKNOWN, text=str(...), units='height', win=Window(...), wrapWidth=1)
12.0760 	EXP 	Created intstructs = TextStim(__class__=<class 'psychopy.visual.text.TextStim'>, alignHoriz=method-wrapper(...), alignText='center', alignVert=method-wrapper(...), anchorHoriz='center', anchorVert='center', antialias=True, autoDraw=False, autoLog=True, bold=False, color=array([1., 1., 1.]), colorSpace='rgb', contrast=1.0, depth=0.0, draggable=False, flipHoriz=False, flipVert=False, font='Arial', fontFiles=[], height=np.float64(0.05), italic=False, languageStyle='LTR', name='intstructs', opacity=1, ori=0.0, pos=array([0., 0.]), rgb=UNKNOWN, text=str(...), units='height', win=Window(...), wrapWidth=1)
12.0781 	EXP 	Created fix = TextStim(__class__=<class 'psychopy.visual.text.TextStim'>, alignHoriz=method-wrapper(...), alignText='center', alignVert=method-wrapper(...), anchorHoriz='center', anchorVert='center', antialias=True, autoDraw=False, autoLog=True, bold=False, color=array([1., 1., 1.]), colorSpace='rgb', contrast=1.0, depth=-1.0, draggable=False, flipHoriz=False, flipVert=False, font='Open Sans', fontFiles=[], height=np.float64(0.1), italic=False, languageStyle='LTR', name='fix', opacity=1, ori=0.0, pos=array([0., 0.]), rgb=UNKNOWN, text='+', units='height', win=Window(...), wrapWidth=1)
12.0838 	DEBUG 	TextBox2 loaded 1 chars with 0 blanks and 1 valid
12.0843 	DEBUG 	TextBox2 loaded 1 chars with 0 blanks and 1 valid
12.0849 	DEBUG 	TextBox2 loaded 1 chars with 0 blanks and 1 valid
12.0853 	DEBUG 	TextBox2 loaded 1 chars with 0 blanks and 1 valid
12.0855 	DEBUG 	TextBox2 loaded 1 chars with 0 blanks and 1 valid
12.0856 	DEBUG 	TextBox2 loaded 1 chars with 0 blanks and 1 valid
12.0861 	DEBUG 	TextBox2 loaded 1 chars with 0 blanks and 1 valid
12.0865 	DEBUG 	TextBox2 loaded 1 chars with 0 blanks and 1 valid
12.0867 	DEBUG 	TextBox2 loaded 1 chars with 0 blanks and 1 valid
12.0868 	DEBUG 	Uploading Texture Font fontname to graphics card
12.0888 	DEBUG 	Upload of Texture Font fontname complete
12.1096 	DEBUG 	TextBox2 loaded 1 chars with 0 blanks and 1 valid
12.1097 	DEBUG 	Uploading Texture Font fontname to graphics card
12.1118 	DEBUG 	Upload of Texture Font fontname complete
12.1218 	DEBUG 	TextBox2 loaded 1 chars with 0 blanks and 1 valid
12.1294 	DEBUG 	TextBox2 loaded 1 chars with 0 blanks and 1 valid
12.1369 	DEBUG 	TextBox2 loaded 1 chars with 0 blanks and 1 valid
12.1444 	DEBUG 	TextBox2 loaded 1 chars with 0 blanks and 1 valid
12.1519 	DEBUG 	TextBox2 loaded 1 chars with 0 blanks and 1 valid
12.1593 	DEBUG 	TextBox2 loaded 1 chars with 0 blanks and 1 valid
12.1668 	DEBUG 	TextBox2 loaded 1 chars with 0 blanks and 1 valid
12.1742 	DEBUG 	TextBox2 loaded 1 chars with 0 blanks and 1 valid
12.1817 	DEBUG 	TextBox2 loaded 1 chars with 0 blanks and 1 valid
12.1892 	DEBUG 	TextBox2 loaded 1 chars with 0 blanks and 1 valid
12.1893 	DEBUG 	Uploading Texture Font fontname to graphics card
12.1908 	DEBUG 	Upload of Texture Font fontname complete
12.2006 	DEBUG 	TextBox2 loaded 1 chars with 0 blanks and 1 valid
12.2007 	DEBUG 	Uploading Texture Font fontname to graphics card
12.2022 	DEBUG 	Upload of Texture Font fontname complete
12.2145 	DEBUG 	TextBox2 loaded 1 chars with 0 blanks and 1 valid
12.2145 	DEBUG 	Uploading Texture Font fontname to graphics card
12.2160 	DEBUG 	Upload of Texture Font fontname complete
12.2283 	DEBUG 	TextBox2 loaded 1 chars with 0 blanks and 1 valid
12.2283 	DEBUG 	Uploading Texture Font fontname to graphics card
12.2298 	DEBUG 	Upload of Texture Font fontname complete
12.2420 	DEBUG 	TextBox2 loaded 1 chars with 0 blanks and 1 valid
12.2421 	DEBUG 	Uploading Texture Font fontname to graphics card
12.2435 	DEBUG 	Upload of Texture Font fontname complete
12.2557 	DEBUG 	TextBox2 loaded 1 chars with 0 blanks and 1 valid
12.2558 	DEBUG 	Uploading Texture Font fontname to graphics card
12.2572 	DEBUG 	Upload of Texture Font fontname complete
12.2693 	DEBUG 	TextBox2 loaded 1 chars with 0 blanks and 1 valid
12.2694 	DEBUG 	Uploading Texture Font fontname to graphics card
12.2708 	DEBUG 	Upload of Texture Font fontname complete
12.2829 	DEBUG 	TextBox2 loaded 1 chars with 0 blanks and 1 valid
12.2829 	DEBUG 	Uploading Texture Font fontname to graphics card
12.2844 	DEBUG 	Upload of Texture Font fontname complete
12.2964 	DEBUG 	TextBox2 loaded 1 chars with 0 blanks and 1 valid
12.2964 	DEBUG 	Uploading Texture Font fontname to graphics card
12.2978 	DEBUG 	Upload of Texture Font fontname complete
12.3099 	DEBUG 	TextBox2 loaded 1 chars with 0 blanks and 1 valid
12.3100 	DEBUG 	Uploading Texture Font fontname to graphics card
12.3114 	DEBUG 	Upload of Texture Font fontname complete
12.3328 	EXP 	Created slider_3 = Slider(__class__=<class 'psychopy.visual.slider.Slider'>, autoDraw=False, autoLog=True, borderColor=None, color=None, colorSpace='rgb', depth=-2, fillColor=None, flip=False, font='Noto Sans', granularity=1, labelColor=None, labelHeight=np.float64(0.05), labelWrapWidth=None, labels=(0, 1, 2, 3, 4, 5, 6, 7, 8, 9), lineColor=None, markerColor=None, name='slider_3', opacity=None, ori=0.0, pos=array([ 0. , -0.4]), readOnly=False, self=UNKNOWN, size=array([1. , 0.1]), startValue=None, style='choice', styleTweaks=[], ticks=array([0, 1, 2, 3, 4, 5, 6, 7, 8, 9]), units='norm', win=Window(...))
12.3394 	EXP 	Created text_2 = TextStim(__class__=<class 'psychopy.visual.text.TextStim'>, alignHoriz=method-wrapper(...), alignText='center', alignVert=method-wrapper(...), anchorHoriz='center', anchorVert='center', antialias=True, autoDraw=False, autoLog=True, bold=False, color=array([1., 1., 1.]), colorSpace='rgb', contrast=1.0, depth=0.0, draggable=False, flipHoriz=False, flipVert=False, font='Arial', fontFiles=[], height=np.float64(0.05), italic=False, languageStyle='LTR', name='text_2', opacity=1, ori=0.0, pos=array([0., 0.]), rgb=UNKNOWN, text=str(...), units='height', win=Window(...), wrapWidth=1)
12.3401 	EXP 	Created fix = TextStim(__class__=<class 'psychopy.visual.text.TextStim'>, alignHoriz=method-wrapper(...), alignText='center', alignVert=method-wrapper(...), anchorHoriz='center', anchorVert='center', antialias=True, autoDraw=False, autoLog=True, bold=False, color=array([1., 1., 1.]), colorSpace='rgb', contrast=1.0, depth=-1.0, draggable=False, flipHoriz=False, flipVert=False, font='Open Sans', fontFiles=[], height=np.float64(0.1), italic=False, languageStyle='LTR', name='fix', opacity=1, ori=0.0, pos=array([0., 0.]), rgb=UNKNOWN, text='+', units='height', win=Window(...), wrapWidth=1)
12.3419 	EXP 	Created prog_3 = Progress(__class__=<class 'psychopy.visual.progress.Progress'>, anchor=('left', 'top'), autoDraw=False, autoLog=True, closeShape=True, color=method-wrapper(...), colorSpace='rgb', contrast=None, depth=-1, draggable=False, fillColor=array([-1.    ,  0.5373, -1.    ]), fillColorSpace='rgb', fillRGB=array([-1.    ,  0.5373, -1.    ]), interpolate=True, lineColor=array([1., 1., 1.]), lineColorSpace='rgb', lineRGB=array([1, 1, 1]), lineWidth=4.0, name='prog_3', opacity=1.0, ori=0.0, pos=array([-0.5,  0.5]), size=array([1. , 0.1]), units='norm', vertices=ndarray(...), win=Window(...), windingRule=None)
12.3426 	EXP 	Created prog_3Bar = ShapeStim(__class__=<class 'psychopy.visual.shape.ShapeStim'>, anchor=('left', 'top'), autoDraw=False, autoLog=True, closeShape=True, color=method-wrapper(...), colorSpace='rgb', contrast=None, depth=-1, draggable=False, fillColor=array([ 1., -1., -1.]), fillColorSpace='rgb', fillRGB=array([ 1., -1., -1.]), interpolate=True, lineColor=array([0., 0., 0.]), lineColorSpace='rgb', lineRGB=array([0, 0, 0]), lineWidth=1.5, name='prog_3Bar', opacity=1.0, ori=0.0, pos=array([-0.5,  0.5]), size=array([1. , 0.1]), units='norm', vertices=ndarray(...), win=Window(...), windingRule=None)
12.3432 	EXP 	Created greenbar_3 = Rect(__class__=<class 'psychopy.visual.rect.Rect'>, anchor=('left', 'center'), autoDraw=False, autoLog=True, closeShape=True, color=method-wrapper(...), colorSpace='rgb', contrast=None, depth=-2.0, draggable=False, fillColor=array([-1.    ,  0.0039, -1.    ]), fillColorSpace='rgb', fillRGB=array([-1.    ,  0.0039, -1.    ]), interpolate=True, lineColor=array([1., 1., 1.]), lineColorSpace='rgb', lineRGB=array([1, 1, 1]), lineWidth=1.0, name='greenbar_3', opacity=1, ori=0.0, pos=array([0.33333333, 0.7       ]), size=array([0.66666667, 0.1       ]), units='norm', vertices=ndarray(...), win=Window(...))
12.3437 	EXP 	Created yellowbar_3 = Rect(__class__=<class 'psychopy.visual.rect.Rect'>, anchor=('left', 'center'), autoDraw=False, autoLog=True, closeShape=True, color=method-wrapper(...), colorSpace='rgb', contrast=None, depth=-3.0, draggable=False, fillColor=array([ 1.,  1., -1.]), fillColorSpace='rgb', fillRGB=array([ 1.,  1., -1.]), interpolate=True, lineColor=array([1., 1., 1.]), lineColorSpace='rgb', lineRGB=array([1, 1, 1]), lineWidth=1.0, name='yellowbar_3', opacity=1, ori=0.0, pos=array([-0.33333333,  0.7       ]), size=array([0.66666667, 0.1       ]), units='norm', vertices=ndarray(...), win=Window(...))
12.3442 	EXP 	Created redbar_3 = Rect(__class__=<class 'psychopy.visual.rect.Rect'>, anchor=('left', 'center'), autoDraw=False, autoLog=True, closeShape=True, color=method-wrapper(...), colorSpace='rgb', contrast=None, depth=-4.0, draggable=False, fillColor=array([ 1., -1., -1.]), fillColorSpace='rgb', fillRGB=array([ 1., -1., -1.]), interpolate=True, lineColor=array([1., 1., 1.]), lineColorSpace='rgb', lineRGB=array([1, 1, 1]), lineWidth=1.0, name='redbar_3', opacity=1, ori=0.0, pos=array([-1. ,  0.7]), size=array([0.66666667, 0.1       ]), units='norm', vertices=ndarray(...), win=Window(...))
12.3449 	EXP 	Created arrow_3 = ShapeStim(__class__=<class 'psychopy.visual.shape.ShapeStim'>, anchor=('center', 'center'), autoDraw=False, autoLog=True, closeShape=True, color=method-wrapper(...), colorSpace='rgb', contrast=None, depth=-5.0, draggable=False, fillColor=array([1, 1, 1]), fillColorSpace='rgb', fillRGB=array([1, 1, 1]), interpolate=True, lineColor=array([1., 1., 1.]), lineColorSpace='rgb', lineRGB=array([1, 1, 1]), lineWidth=1.0, name='arrow_3', opacity=1, ori=0.0, pos=array([0., 0.]), size=array([0.05, 0.05]), units='norm', vertices=ndarray(...), win=Window(...), windingRule=None)
12.4140 	EXP 	Created slider_4 = Slider(__class__=<class 'psychopy.visual.slider.Slider'>, autoDraw=False, autoLog=True, borderColor=None, color=None, colorSpace='rgb', depth=-7, fillColor=None, flip=False, font='Noto Sans', granularity=1, labelColor=None, labelHeight=np.float64(0.05), labelWrapWidth=None, labels=(0, 1, 2, 3, 4, 5, 6, 7, 8, 9), lineColor=None, markerColor=None, name='slider_4', opacity=None, ori=0.0, pos=array([ 0. , -0.4]), readOnly=False, self=UNKNOWN, size=array([1. , 0.1]), startValue=None, style='choice', styleTweaks=[], ticks=array([0, 1, 2, 3, 4, 5, 6, 7, 8, 9]), units='norm', win=Window(...))
12.4195 	EXP 	Created text_3 = TextStim(__class__=<class 'psychopy.visual.text.TextStim'>, alignHoriz=method-wrapper(...), alignText='center', alignVert=method-wrapper(...), anchorHoriz='center', anchorVert='center', antialias=True, autoDraw=False, autoLog=True, bold=False, color=array([1., 1., 1.]), colorSpace='rgb', contrast=1.0, depth=0.0, draggable=False, flipHoriz=False, flipVert=False, font='Arial', fontFiles=[], height=np.float64(0.05), italic=False, languageStyle='LTR', name='text_3', opacity=1, ori=0.0, pos=array([0., 0.]), rgb=UNKNOWN, text='Training instructions here', units='height', win=Window(...), wrapWidth=1)
12.4202 	EXP 	Created fix = TextStim(__class__=<class 'psychopy.visual.text.TextStim'>, alignHoriz=method-wrapper(...), alignText='center', alignVert=method-wrapper(...), anchorHoriz='center', anchorVert='center', antialias=True, autoDraw=False, autoLog=True, bold=False, color=array([1., 1., 1.]), colorSpace='rgb', contrast=1.0, depth=-1.0, draggable=False, flipHoriz=False, flipVert=False, font='Open Sans', fontFiles=[], height=np.float64(0.1), italic=False, languageStyle='LTR', name='fix', opacity=1, ori=0.0, pos=array([0., 0.]), rgb=UNKNOWN, text='+', units='height', win=Window(...), wrapWidth=1)
12.4885 	EXP 	Created slider_training = Slider(__class__=<class 'psychopy.visual.slider.Slider'>, autoDraw=False, autoLog=True, borderColor=None, color=None, colorSpace='rgb', depth=-2, fillColor=None, flip=False, font='Noto Sans', granularity=1, labelColor=None, labelHeight=np.float64(0.05), labelWrapWidth=None, labels=(0, 1, 2, 3, 4, 5, 6, 7, 8, 9), lineColor=None, markerColor=None, name='slider_training', opacity=None, ori=0.0, pos=array([ 0. , -0.4]), readOnly=False, self=UNKNOWN, size=array([1. , 0.1]), startValue=None, style='choice', styleTweaks=[], ticks=array([0, 1, 2, 3, 4, 5, 6, 7, 8, 9]), units='norm', win=Window(...))
12.4934 	EXP 	Created fix = TextStim(__class__=<class 'psychopy.visual.text.TextStim'>, alignHoriz=method-wrapper(...), alignText='center', alignVert=method-wrapper(...), anchorHoriz='center', anchorVert='center', antialias=True, autoDraw=False, autoLog=True, bold=False, color=array([1., 1., 1.]), colorSpace='rgb', contrast=1.0, depth=-1.0, draggable=False, flipHoriz=False, flipVert=False, font='Open Sans', fontFiles=[], height=np.float64(0.1), italic=False, languageStyle='LTR', name='fix', opacity=1, ori=0.0, pos=array([0., 0.]), rgb=UNKNOWN, text='+', units='height', win=Window(...), wrapWidth=1)
12.4942 	EXP 	Created prog = Progress(__class__=<class 'psychopy.visual.progress.Progress'>, anchor=('left', 'top'), autoDraw=False, autoLog=True, closeShape=True, color=method-wrapper(...), colorSpace='rgb', contrast=None, depth=-1, draggable=False, fillColor=array([-1.    ,  0.5373, -1.    ]), fillColorSpace='rgb', fillRGB=array([-1.    ,  0.5373, -1.    ]), interpolate=True, lineColor=array([1., 1., 1.]), lineColorSpace='rgb', lineRGB=array([1, 1, 1]), lineWidth=4.0, name='prog', opacity=1.0, ori=0.0, pos=array([-0.5,  0.5]), size=array([1. , 0.1]), units='norm', vertices=ndarray(...), win=Window(...), windingRule=None)
12.4949 	EXP 	Created progBar = ShapeStim(__class__=<class 'psychopy.visual.shape.ShapeStim'>, anchor=('left', 'top'), autoDraw=False, autoLog=True, closeShape=True, color=method-wrapper(...), colorSpace='rgb', contrast=None, depth=-1, draggable=False, fillColor=array([ 1., -1., -1.]), fillColorSpace='rgb', fillRGB=array([ 1., -1., -1.]), interpolate=True, lineColor=array([0., 0., 0.]), lineColorSpace='rgb', lineRGB=array([0, 0, 0]), lineWidth=1.5, name='progBar', opacity=1.0, ori=0.0, pos=array([-0.5,  0.5]), size=array([1. , 0.1]), units='norm', vertices=ndarray(...), win=Window(...), windingRule=None)
12.4954 	EXP 	Created greenbar = Rect(__class__=<class 'psychopy.visual.rect.Rect'>, anchor=('left', 'center'), autoDraw=False, autoLog=True, closeShape=True, color=method-wrapper(...), colorSpace='rgb', contrast=None, depth=-2.0, draggable=False, fillColor=array([-1.    ,  0.0039, -1.    ]), fillColorSpace='rgb', fillRGB=array([-1.    ,  0.0039, -1.    ]), interpolate=True, lineColor=array([1., 1., 1.]), lineColorSpace='rgb', lineRGB=array([1, 1, 1]), lineWidth=1.0, name='greenbar', opacity=1, ori=0.0, pos=array([0.33333333, 0.7       ]), size=array([0.66666667, 0.1       ]), units='norm', vertices=ndarray(...), win=Window(...))
12.4959 	EXP 	Created yellowbar = Rect(__class__=<class 'psychopy.visual.rect.Rect'>, anchor=('left', 'center'), autoDraw=False, autoLog=True, closeShape=True, color=method-wrapper(...), colorSpace='rgb', contrast=None, depth=-3.0, draggable=False, fillColor=array([ 1.,  1., -1.]), fillColorSpace='rgb', fillRGB=array([ 1.,  1., -1.]), interpolate=True, lineColor=array([1., 1., 1.]), lineColorSpace='rgb', lineRGB=array([1, 1, 1]), lineWidth=1.0, name='yellowbar', opacity=1, ori=0.0, pos=array([-0.33333333,  0.7       ]), size=array([0.66666667, 0.1       ]), units='norm', vertices=ndarray(...), win=Window(...))
12.4964 	EXP 	Created redbar = Rect(__class__=<class 'psychopy.visual.rect.Rect'>, anchor=('left', 'center'), autoDraw=False, autoLog=True, closeShape=True, color=method-wrapper(...), colorSpace='rgb', contrast=None, depth=-4.0, draggable=False, fillColor=array([ 1., -1., -1.]), fillColorSpace='rgb', fillRGB=array([ 1., -1., -1.]), interpolate=True, lineColor=array([1., 1., 1.]), lineColorSpace='rgb', lineRGB=array([1, 1, 1]), lineWidth=1.0, name='redbar', opacity=1, ori=0.0, pos=array([-1. ,  0.7]), size=array([0.66666667, 0.1       ]), units='norm', vertices=ndarray(...), win=Window(...))
12.4972 	EXP 	Created arrow = ShapeStim(__class__=<class 'psychopy.visual.shape.ShapeStim'>, anchor=('center', 'center'), autoDraw=False, autoLog=True, closeShape=True, color=method-wrapper(...), colorSpace='rgb', contrast=None, depth=-5.0, draggable=False, fillColor=array([1, 1, 1]), fillColorSpace='rgb', fillRGB=array([1, 1, 1]), interpolate=True, lineColor=array([1., 1., 1.]), lineColorSpace='rgb', lineRGB=array([1, 1, 1]), lineWidth=1.0, name='arrow', opacity=1, ori=0.0, pos=array([0., 0.]), size=array([0.05, 0.05]), units='norm', vertices=ndarray(...), win=Window(...), windingRule=None)
12.5660 	EXP 	Created slider = Slider(__class__=<class 'psychopy.visual.slider.Slider'>, autoDraw=False, autoLog=True, borderColor=None, color=None, colorSpace='rgb', depth=-7, fillColor=None, flip=False, font='Noto Sans', granularity=1, labelColor=None, labelHeight=np.float64(0.05), labelWrapWidth=None, labels=(0, 1, 2, 3, 4, 5, 6, 7, 8, 9), lineColor=None, markerColor=None, name='slider', opacity=None, ori=0.0, pos=array([ 0. , -0.4]), readOnly=False, self=UNKNOWN, size=array([1. , 0.1]), startValue=None, style='choice', styleTweaks=[], ticks=array([0, 1, 2, 3, 4, 5, 6, 7, 8, 9]), units='norm', win=Window(...))
0.0028 	EXP 	textbox_4: autoLog = True
0.0028 	EXP 	slider_3: autoLog = True
0.0028 	EXP 	slider_3: styleTweaks = []
0.0028 	EXP 	slider_3: styleTweaks = []
0.0028 	EXP 	slider_3: styleTweaks = []
0.0028 	EXP 	slider_3: styleTweaks = []
0.0028 	EXP 	slider_3: contrast = 1.0
0.0028 	EXP 	slider_3: markerPos = None
0.0028 	EXP 	slider_3: autoLog = True
0.0028 	EXP 	textbox_2: autoLog = True
0.0028 	EXP 	prog_3: direction = 'horizontal'
0.0028 	EXP 	prog_3: progress = 0.0
0.0028 	EXP 	textbox_5: autoLog = True
0.0028 	EXP 	slider_4: autoLog = True
0.0028 	EXP 	slider_4: styleTweaks = []
0.0028 	EXP 	slider_4: styleTweaks = []
0.0028 	EXP 	slider_4: styleTweaks = []
0.0028 	EXP 	slider_4: styleTweaks = []
0.0028 	EXP 	slider_4: contrast = 1.0
0.0028 	EXP 	slider_4: markerPos = None
0.0028 	EXP 	slider_4: autoLog = True
0.0028 	EXP 	textbox_2: autoLog = True
0.0028 	EXP 	textbox_3: autoLog = True
0.0028 	EXP 	slider_training: autoLog = True
0.0028 	EXP 	slider_training: styleTweaks = []
0.0028 	EXP 	slider_training: styleTweaks = []
0.0028 	EXP 	slider_training: styleTweaks = []
0.0028 	EXP 	slider_training: styleTweaks = []
0.0028 	EXP 	slider_training: contrast = 1.0
0.0028 	EXP 	slider_training: markerPos = None
0.0028 	EXP 	slider_training: autoLog = True
0.0028 	EXP 	textbox_2: autoLog = True
0.0028 	EXP 	prog: direction = 'horizontal'
0.0028 	EXP 	prog: progress = 0.0
0.0028 	EXP 	textbox: autoLog = True
0.0028 	EXP 	slider: autoLog = True
0.0028 	EXP 	slider: styleTweaks = []
0.0028 	EXP 	slider: styleTweaks = []
0.0028 	EXP 	slider: styleTweaks = []
0.0028 	EXP 	slider: styleTweaks = []
0.0028 	EXP 	slider: contrast = 1.0
0.0028 	EXP 	slider: markerPos = None
0.0028 	EXP 	slider: autoLog = True
0.0028 	EXP 	textbox_2: autoLog = True
0.0092 	INFO 	Keyboard events cleared
0.0092 	EXP 	text: autoDraw = True
0.5256 	EXP 	Device response: <KeyPress from None: t=0.4195393750005678, value=l, duration=None>
0.5274 	DATA 	Keypress: l
0.5295 	INFO 	Keyboard events cleared
0.5295 	EXP 	text: autoDraw = False
0.5295 	EXP 	intstructs: autoDraw = True
0.5362 	EXP 	Device response: <KeyPress from None: t=0.4195393750005678, value=l, duration=0.11497570899973653>
1.1865 	EXP 	Device response: <KeyPress from None: t=1.183526959000119, value=space, duration=None>
1.1887 	DATA 	Keypress: space
1.1959 	DEBUG 	Read excel file with openpyxl: practice_difficulty.xlsx
1.1961 	EXP 	Imported practice_difficulty.xlsx as conditions, 3 conditions, 1 params
1.1995 	EXP 	intstructs: autoDraw = False
1.1995 	EXP 	text_2: autoDraw = True
1.3060 	EXP 	Device response: <KeyPress from None: t=1.183526959000119, value=space, duration=0.11202504100037913>
3.1916 	DEBUG 	Read excel file with openpyxl: practice_difficulty.xlsx
3.1918 	EXP 	Imported practice_difficulty.xlsx as conditions, 3 conditions, 1 params
3.1959 	EXP 	text_2: autoDraw = False
3.1959 	EXP 	text_2: autoDraw = False
3.1959 	EXP 	text_3: autoDraw = True
5.1986 	DEBUG 	Read csv file with pandas: training.csv
5.2033 	DEBUG 	Clearing unnamed columns from training.csv
5.2038 	EXP 	Imported training.csv as conditions, 5 conditions, 2 params
5.2044 	EXP 	New trial (rep=0, index=0): <Trial 0 (0 in rep 0) data={'train_diff': 'easy1', 'train_time': np.int64(5), 'thisN': 0, 'thisTrialN': 0, 'thisRepN': 0}>
5.2088 	EXP 	New trial (rep=0, index=0): <Trial 0 (0 in rep 0) data={'thisN': 0, 'thisTrialN': 0, 'thisRepN': 0}>
5.2132 	EXP 	text_3: autoDraw = False
5.2132 	EXP 	text_3: autoDraw = False
5.2132 	EXP 	fix: autoDraw = True
5.6969 	DEBUG 	TextBox2 loaded 1 chars with 0 blanks and 1 valid
5.6977 	DEBUG 	TextBox2 loaded 1 chars with 0 blanks and 1 valid
5.6992 	DEBUG 	TextBox2 loaded 1 chars with 0 blanks and 1 valid
5.7001 	DEBUG 	TextBox2 loaded 1 chars with 0 blanks and 1 valid
5.7014 	DEBUG 	TextBox2 loaded 1 chars with 0 blanks and 1 valid
5.7017 	DEBUG 	Uploading Texture Font fontname to graphics card
5.7064 	DEBUG 	Upload of Texture Font fontname complete
5.7284 	INFO 	Keyboard events cleared
5.7283 	EXP 	fix: autoDraw = False
5.7283 	EXP 	slider_training: markerPos = None
5.7283 	EXP 	slider_training: markerPos = None
5.7283 	EXP 	textbox_3: autoDraw = True
5.7283 	EXP 	slider_training: autoDraw = True
6.9049 	EXP 	Device response: <KeyPress from None: t=6.895496417000686, value=2, duration=None>
6.9062 	DEBUG 	TextBox2 loaded 1 chars with 0 blanks and 1 valid
6.9068 	DEBUG 	TextBox2 loaded 1 chars with 0 blanks and 1 valid
6.9073 	DEBUG 	TextBox2 loaded 1 chars with 0 blanks and 1 valid
6.9078 	DEBUG 	TextBox2 loaded 1 chars with 0 blanks and 1 valid
6.9081 	DEBUG 	TextBox2 loaded 1 chars with 0 blanks and 1 valid
6.9082 	DEBUG 	Uploading Texture Font fontname to graphics card
6.9098 	DEBUG 	Upload of Texture Font fontname complete
6.9118 	DATA 	Keypress: 2
6.9171 	EXP 	textbox_3: autoDraw = False
6.9171 	EXP 	slider_training: autoDraw = False
6.9171 	EXP 	textbox_2: autoDraw = True
7.0121 	EXP 	Device response: <KeyPress from None: t=6.895496417000686, value=2, duration=0.10297874999923806>
7.9053 	EXP 	New trial (rep=1, index=0): <Trial 1 (0 in rep 1) data={'thisN': 1, 'thisTrialN': 0, 'thisRepN': 1}>
7.9175 	EXP 	textbox_2: autoDraw = False
7.9175 	EXP 	textbox_2: autoDraw = False
7.9175 	EXP 	fix: autoDraw = True
8.4147 	DEBUG 	TextBox2 loaded 1 chars with 0 blanks and 1 valid
8.4158 	DEBUG 	TextBox2 loaded 1 chars with 0 blanks and 1 valid
8.4169 	DEBUG 	TextBox2 loaded 1 chars with 0 blanks and 1 valid
8.4172 	DEBUG 	Uploading Texture Font fontname to graphics card
8.4202 	DEBUG 	Upload of Texture Font fontname complete
8.4323 	INFO 	Keyboard events cleared
8.4323 	EXP 	fix: autoDraw = False
8.4323 	EXP 	slider_training: markerPos = None
8.4323 	EXP 	slider_training: markerPos = None
8.4323 	EXP 	textbox_3: autoDraw = True
8.4323 	EXP 	slider_training: autoDraw = True
10.5996 	EXP 	Device response: <KeyPress from None: t=10.595503417000145, value=7, duration=None>
10.6017 	DATA 	Keypress: 7
10.6118 	EXP 	textbox_3: autoDraw = False
10.6118 	EXP 	slider_training: autoDraw = False
10.6118 	EXP 	textbox_2: autoDraw = True
10.7069 	EXP 	Device response: <KeyPress from None: t=10.595503417000145, value=7, duration=0.10402633300054731>
11.6012 	EXP 	New trial (rep=2, index=0): <Trial 2 (0 in rep 2) data={'thisN': 2, 'thisTrialN': 0, 'thisRepN': 2}>
11.6137 	EXP 	textbox_2: autoDraw = False
11.6137 	EXP 	fix: autoDraw = True
12.1119 	DEBUG 	TextBox2 loaded 1 chars with 0 blanks and 1 valid
12.1124 	DEBUG 	Uploading Texture Font fontname to graphics card
12.1167 	DEBUG 	Upload of Texture Font fontname complete
12.1196 	DEBUG 	TextBox2 loaded 1 chars with 0 blanks and 1 valid
12.1206 	DEBUG 	TextBox2 loaded 1 chars with 0 blanks and 1 valid
12.1209 	DEBUG 	Uploading Texture Font fontname to graphics card
12.1240 	DEBUG 	Upload of Texture Font fontname complete
12.1274 	INFO 	Keyboard events cleared
12.1274 	EXP 	fix: autoDraw = False
12.1274 	EXP 	slider_training: markerPos = None
12.1274 	EXP 	slider_training: markerPos = None
12.1274 	EXP 	textbox_3: autoDraw = True
12.1274 	EXP 	slider_training: autoDraw = True
12.1274 	EXP 	textbox_3: autoDraw = False
12.1274 	EXP 	slider_training: autoDraw = False
12.1274 	EXP 	textbox_2: autoDraw = True
13.1232 	EXP 	New trial (rep=0, index=1): <Trial 1 (1 in rep 0) data={'train_diff': 'easy2', 'train_time': np.int64(5), 'thisN': 1, 'thisTrialN': 1, 'thisRepN': 0}>
13.1276 	EXP 	New trial (rep=0, index=0): <Trial 0 (0 in rep 0) data={'thisN': 0, 'thisTrialN': 0, 'thisRepN': 0}>
13.1329 	EXP 	textbox_2: autoDraw = False
13.1329 	EXP 	fix: autoDraw = True
13.6325 	DEBUG 	TextBox2 loaded 1 chars with 0 blanks and 1 valid
13.6329 	DEBUG 	Uploading Texture Font fontname to graphics card
13.6368 	DEBUG 	Upload of Texture Font fontname complete
13.6511 	INFO 	Keyboard events cleared
13.6511 	EXP 	fix: autoDraw = False
13.6511 	EXP 	slider_training: markerPos = None
13.6511 	EXP 	slider_training: markerPos = None
13.6511 	EXP 	textbox_3: autoDraw = True
13.6511 	EXP 	slider_training: autoDraw = True
15.4681 	EXP 	Device response: <KeyPress from None: t=15.463488875000621, value=2, duration=None>
15.4700 	DATA 	Keypress: 2
15.4802 	EXP 	textbox_3: autoDraw = False
15.4802 	EXP 	slider_training: autoDraw = False
15.4802 	EXP 	textbox_2: autoDraw = True
15.5887 	EXP 	Device response: <KeyPress from None: t=15.463488875000621, value=2, duration=0.11398287500014703>
16.4698 	EXP 	New trial (rep=1, index=0): <Trial 1 (0 in rep 1) data={'thisN': 1, 'thisTrialN': 0, 'thisRepN': 1}>
16.4816 	EXP 	textbox_2: autoDraw = False
16.4816 	EXP 	fix: autoDraw = True
16.9783 	DEBUG 	TextBox2 loaded 1 chars with 0 blanks and 1 valid
16.9787 	DEBUG 	Uploading Texture Font fontname to graphics card
16.9822 	DEBUG 	Upload of Texture Font fontname complete
16.9957 	INFO 	Keyboard events cleared
16.9957 	EXP 	fix: autoDraw = False
16.9957 	EXP 	slider_training: markerPos = None
16.9957 	EXP 	slider_training: markerPos = None
16.9957 	EXP 	textbox_3: autoDraw = True
16.9957 	EXP 	slider_training: autoDraw = True
18.6547 	EXP 	textbox_3: autoDraw = False
18.6547 	EXP 	slider_training: autoDraw = False
18.6547 	EXP 	textbox_2: autoDraw = True
19.6471 	EXP 	New trial (rep=0, index=2): <Trial 2 (2 in rep 0) data={'train_diff': 'hard', 'train_time': np.int64(5), 'thisN': 2, 'thisTrialN': 2, 'thisRepN': 0}>
19.6520 	EXP 	New trial (rep=0, index=0): <Trial 0 (0 in rep 0) data={'thisN': 0, 'thisTrialN': 0, 'thisRepN': 0}>
19.6553 	EXP 	textbox_2: autoDraw = False
19.6553 	EXP 	fix: autoDraw = True
20.1586 	DEBUG 	TextBox2 loaded 1 chars with 0 blanks and 1 valid
20.1592 	DEBUG 	Uploading Texture Font fontname to graphics card
20.1631 	DEBUG 	Upload of Texture Font fontname complete
20.1801 	INFO 	Keyboard events cleared
20.1801 	EXP 	fix: autoDraw = False
20.1801 	EXP 	slider_training: markerPos = None
20.1801 	EXP 	slider_training: markerPos = None
20.1801 	EXP 	textbox_3: autoDraw = True
20.1801 	EXP 	slider_training: autoDraw = True
21.2628 	DATA 	Keypress: 5
21.2701 	EXP 	Device response: <KeyPress from None: t=21.258443459000773, value=5, duration=None>
21.2823 	EXP 	textbox_3: autoDraw = False
21.2823 	EXP 	slider_training: autoDraw = False
21.2823 	EXP 	textbox_2: autoDraw = True
21.2834 	EXP 	Device response: <KeyPress from None: t=21.273469458999898, value=6, duration=None>
21.2845 	DATA 	Keypress: 6
21.3906 	EXP 	Device response: <KeyPress from None: t=21.273469458999898, value=6, duration=0.11499712500062742>
21.3907 	EXP 	Device response: <KeyPress from None: t=21.258443459000773, value=5, duration=0.13002312499975233>
22.2719 	EXP 	New trial (rep=1, index=0): <Trial 1 (0 in rep 1) data={'thisN': 1, 'thisTrialN': 0, 'thisRepN': 1}>
22.2838 	EXP 	textbox_2: autoDraw = False
22.2838 	EXP 	fix: autoDraw = True
22.7853 	DEBUG 	TextBox2 loaded 1 chars with 0 blanks and 1 valid
22.7869 	DEBUG 	TextBox2 loaded 1 chars with 0 blanks and 1 valid
22.7872 	DEBUG 	Uploading Texture Font fontname to graphics card
22.7908 	DEBUG 	Upload of Texture Font fontname complete
22.8051 	INFO 	Keyboard events cleared
22.8051 	EXP 	fix: autoDraw = False
22.8051 	EXP 	slider_training: markerPos = None
22.8051 	EXP 	slider_training: markerPos = None
22.8051 	EXP 	textbox_3: autoDraw = True
22.8051 	EXP 	slider_training: autoDraw = True
23.1506 	EXP 	Device response: <KeyPress from None: t=23.145442417000595, value=3, duration=None>
23.1524 	DATA 	Keypress: 3
23.1630 	EXP 	textbox_3: autoDraw = False
23.1630 	EXP 	slider_training: autoDraw = False
23.1630 	EXP 	textbox_2: autoDraw = True
23.2715 	EXP 	Device response: <KeyPress from None: t=23.265467625000383, value=5, duration=None>
23.2731 	DATA 	Keypress: 5
23.2982 	EXP 	Device response: <KeyPress from None: t=23.145442417000595, value=3, duration=0.14202670799932093>
23.4325 	EXP 	Device response: <KeyPress from None: t=23.265467625000383, value=5, duration=0.15999537500010774>
24.1541 	EXP 	New trial (rep=2, index=0): <Trial 2 (0 in rep 2) data={'thisN': 2, 'thisTrialN': 0, 'thisRepN': 2}>
24.1638 	EXP 	textbox_2: autoDraw = False
24.1638 	EXP 	fix: autoDraw = True
24.6632 	DEBUG 	TextBox2 loaded 1 chars with 0 blanks and 1 valid
24.6646 	DEBUG 	TextBox2 loaded 1 chars with 0 blanks and 1 valid
24.6649 	DEBUG 	Uploading Texture Font fontname to graphics card
24.6686 	DEBUG 	Upload of Texture Font fontname complete
24.6830 	INFO 	Keyboard events cleared
24.6830 	EXP 	fix: autoDraw = False
24.6830 	EXP 	slider_training: markerPos = None
24.6830 	EXP 	slider_training: markerPos = None
24.6830 	EXP 	textbox_3: autoDraw = True
24.6830 	EXP 	slider_training: autoDraw = True
25.1114 	EXP 	Device response: <KeyPress from None: t=25.104427709000447, value=8, duration=None>
25.1132 	DATA 	Keypress: 8
25.1237 	EXP 	textbox_3: autoDraw = False
25.1237 	EXP 	slider_training: autoDraw = False
25.1237 	EXP 	textbox_2: autoDraw = True
25.2862 	EXP 	Device response: <KeyPress from None: t=25.104427709000447, value=8, duration=0.1730202910002845>
26.1130 	EXP 	New trial (rep=3, index=0): <Trial 3 (0 in rep 3) data={'thisN': 3, 'thisTrialN': 0, 'thisRepN': 3}>
26.1251 	EXP 	textbox_2: autoDraw = False
26.1251 	EXP 	fix: autoDraw = True
26.6319 	INFO 	Keyboard events cleared
26.6318 	EXP 	fix: autoDraw = False
26.6318 	EXP 	slider_training: markerPos = None
26.6318 	EXP 	slider_training: markerPos = None
26.6318 	EXP 	textbox_3: autoDraw = True
26.6318 	EXP 	slider_training: autoDraw = True
26.6318 	EXP 	textbox_3: autoDraw = False
26.6318 	EXP 	slider_training: autoDraw = False
26.6318 	EXP 	textbox_2: autoDraw = True
27.6220 	EXP 	New trial (rep=0, index=3): <Trial 3 (3 in rep 0) data={'train_diff': 'med2', 'train_time': np.int64(5), 'thisN': 3, 'thisTrialN': 3, 'thisRepN': 0}>
27.6268 	EXP 	New trial (rep=0, index=0): <Trial 0 (0 in rep 0) data={'thisN': 0, 'thisTrialN': 0, 'thisRepN': 0}>
27.6317 	EXP 	textbox_2: autoDraw = False
27.6317 	EXP 	textbox_2: autoDraw = False
27.6317 	EXP 	fix: autoDraw = True
28.1469 	INFO 	Keyboard events cleared
28.1468 	EXP 	fix: autoDraw = False
28.1468 	EXP 	slider_training: markerPos = None
28.1468 	EXP 	slider_training: markerPos = None
28.1468 	EXP 	textbox_3: autoDraw = True
28.1468 	EXP 	slider_training: autoDraw = True
28.2860 	EXP 	Device response: <KeyPress from None: t=28.2794301670001, value=5, duration=None>
28.2880 	DATA 	Keypress: 5
28.2982 	EXP 	textbox_3: autoDraw = False
28.2982 	EXP 	slider_training: autoDraw = False
28.2982 	EXP 	textbox_2: autoDraw = True
28.4204 	EXP 	Device response: <KeyPress from None: t=28.2794301670001, value=5, duration=0.1370314169998892>
29.2877 	EXP 	New trial (rep=1, index=0): <Trial 1 (0 in rep 1) data={'thisN': 1, 'thisTrialN': 0, 'thisRepN': 1}>
29.2996 	EXP 	textbox_2: autoDraw = False
29.2996 	EXP 	fix: autoDraw = True
29.8141 	INFO 	Keyboard events cleared
29.8140 	EXP 	fix: autoDraw = False
29.8140 	EXP 	slider_training: markerPos = None
29.8140 	EXP 	slider_training: markerPos = None
29.8140 	EXP 	textbox_3: autoDraw = True
29.8140 	EXP 	slider_training: autoDraw = True
31.6871 	EXP 	Device response: <KeyPress from None: t=31.681444750000082, value=7, duration=None>
31.6893 	DATA 	Keypress: 7
31.6995 	EXP 	textbox_3: autoDraw = False
31.6995 	EXP 	slider_training: autoDraw = False
31.6995 	EXP 	textbox_2: autoDraw = True
31.7810 	EXP 	Device response: <KeyPress from None: t=31.681444750000082, value=7, duration=0.09599083400007657>
32.6906 	EXP 	New trial (rep=2, index=0): <Trial 2 (0 in rep 2) data={'thisN': 2, 'thisTrialN': 0, 'thisRepN': 2}>
32.7013 	EXP 	textbox_2: autoDraw = False
32.7013 	EXP 	fix: autoDraw = True
33.2079 	INFO 	Keyboard events cleared
33.2078 	EXP 	fix: autoDraw = False
33.2078 	EXP 	slider_training: markerPos = None
33.2078 	EXP 	slider_training: markerPos = None
33.2078 	EXP 	textbox_3: autoDraw = True
33.2078 	EXP 	slider_training: autoDraw = True
33.2078 	EXP 	textbox_3: autoDraw = False
33.2078 	EXP 	slider_training: autoDraw = False
33.2078 	EXP 	textbox_2: autoDraw = True
34.1977 	EXP 	New trial (rep=0, index=4): <Trial 4 (4 in rep 0) data={'train_diff': 'med1', 'train_time': np.int64(5), 'thisN': 4, 'thisTrialN': 4, 'thisRepN': 0}>
34.2026 	EXP 	New trial (rep=0, index=0): <Trial 0 (0 in rep 0) data={'thisN': 0, 'thisTrialN': 0, 'thisRepN': 0}>
34.2074 	EXP 	textbox_2: autoDraw = False
34.2074 	EXP 	textbox_2: autoDraw = False
34.2074 	EXP 	fix: autoDraw = True
34.7225 	INFO 	Keyboard events cleared
34.7224 	EXP 	fix: autoDraw = False
34.7224 	EXP 	slider_training: markerPos = None
34.7224 	EXP 	slider_training: markerPos = None
34.7224 	EXP 	textbox_3: autoDraw = True
34.7224 	EXP 	slider_training: autoDraw = True
36.6356 	EXP 	Device response: <KeyPress from None: t=36.62844762500026, value=4, duration=None>
36.6377 	DATA 	Keypress: 4
36.6479 	EXP 	textbox_3: autoDraw = False
36.6479 	EXP 	slider_training: autoDraw = False
36.6479 	EXP 	textbox_2: autoDraw = True
36.7296 	EXP 	Device response: <KeyPress from None: t=36.62844762500026, value=4, duration=0.0959707090005395>
37.6398 	EXP 	New trial (rep=1, index=0): <Trial 1 (0 in rep 1) data={'thisN': 1, 'thisTrialN': 0, 'thisRepN': 1}>
37.6487 	EXP 	textbox_2: autoDraw = False
37.6487 	EXP 	fix: autoDraw = True
38.1616 	INFO 	Keyboard events cleared
38.1616 	EXP 	fix: autoDraw = False
38.1616 	EXP 	slider_training: markerPos = None
38.1616 	EXP 	slider_training: markerPos = None
38.1616 	EXP 	textbox_3: autoDraw = True
38.1616 	EXP 	slider_training: autoDraw = True
39.7290 	EXP 	textbox_3: autoDraw = False
39.7290 	EXP 	slider_training: autoDraw = False
39.7290 	EXP 	textbox_2: autoDraw = True
40.7255 	DEBUG 	Read excel file with openpyxl: experiment_difficulty.xlsx
40.7258 	EXP 	Imported experiment_difficulty.xlsx as conditions, 5 conditions, 2 params
40.7261 	EXP 	New trial (rep=0, index=0): <Trial 0 (0 in rep 0) data={'exp_diff': 'hard', 'exp_time': 5, 'thisN': 0, 'thisTrialN': 0, 'thisRepN': 0}>
40.7262 	EXP 	New trial (rep=0, index=0): <Trial 0 (0 in rep 0) data={'thisN': 0, 'thisTrialN': 0, 'thisRepN': 0}>
40.7291 	EXP 	textbox_2: autoDraw = False
40.7291 	EXP 	fix: autoDraw = True
41.2521 	INFO 	Keyboard events cleared
41.2521 	EXP 	fix: autoDraw = False
41.2521 	EXP 	slider: markerPos = None
41.2521 	EXP 	slider: markerPos = None
41.2521 	EXP 	prog: autoDraw = True
41.2521 	EXP 	greenbar: autoDraw = True
41.2521 	EXP 	yellowbar: autoDraw = True
41.2521 	EXP 	redbar: autoDraw = True
41.2521 	EXP 	arrow: autoDraw = True
41.2521 	EXP 	textbox: autoDraw = True
41.2521 	EXP 	slider: autoDraw = True
42.4384 	DEBUG 	TextBox2 loaded 1 chars with 0 blanks and 1 valid
42.4391 	DEBUG 	TextBox2 loaded 1 chars with 0 blanks and 1 valid
42.4399 	DEBUG 	TextBox2 loaded 1 chars with 0 blanks and 1 valid
42.4404 	DEBUG 	TextBox2 loaded 1 chars with 0 blanks and 1 valid
42.4404 	DEBUG 	Uploading Texture Font fontname to graphics card
42.4421 	DEBUG 	Upload of Texture Font fontname complete
42.4500 	EXP 	prog: autoDraw = False
42.4500 	EXP 	greenbar: autoDraw = False
42.4500 	EXP 	yellowbar: autoDraw = False
42.4500 	EXP 	redbar: autoDraw = False
42.4500 	EXP 	arrow: autoDraw = False
42.4500 	EXP 	textbox: autoDraw = False
42.4500 	EXP 	slider: autoDraw = False
42.4500 	EXP 	textbox_2: autoDraw = True
43.4381 	EXP 	New trial (rep=1, index=0): <Trial 1 (0 in rep 1) data={'thisN': 1, 'thisTrialN': 0, 'thisRepN': 1}>
43.4504 	EXP 	textbox_2: autoDraw = False
43.4504 	EXP 	fix: autoDraw = True
43.9572 	INFO 	Keyboard events cleared
43.9572 	EXP 	fix: autoDraw = False
43.9572 	EXP 	slider: markerPos = None
43.9572 	EXP 	slider: markerPos = None
43.9572 	EXP 	prog: autoDraw = True
43.9572 	EXP 	greenbar: autoDraw = True
43.9572 	EXP 	yellowbar: autoDraw = True
43.9572 	EXP 	redbar: autoDraw = True
43.9572 	EXP 	arrow: autoDraw = True
43.9572 	EXP 	textbox: autoDraw = True
43.9572 	EXP 	slider: autoDraw = True
45.1709 	EXP 	prog: autoDraw = False
45.1709 	EXP 	greenbar: autoDraw = False
45.1709 	EXP 	yellowbar: autoDraw = False
45.1709 	EXP 	redbar: autoDraw = False
45.1709 	EXP 	arrow: autoDraw = False
45.1709 	EXP 	textbox: autoDraw = False
45.1709 	EXP 	slider: autoDraw = False
45.1709 	EXP 	prog: autoDraw = False
45.1709 	EXP 	greenbar: autoDraw = False
45.1709 	EXP 	yellowbar: autoDraw = False
45.1709 	EXP 	redbar: autoDraw = False
45.1709 	EXP 	arrow: autoDraw = False
45.1709 	EXP 	textbox: autoDraw = False
45.1709 	EXP 	slider: autoDraw = False
45.1709 	EXP 	textbox_2: autoDraw = True
45.6822 	DATA 	Mouse: wheel shift=(0,0), pos=(381,16)
45.6946 	DATA 	Mouse: wheel shift=(0,0), pos=(381,16)
45.7075 	DATA 	Mouse: wheel shift=(0,0), pos=(381,16)
45.7201 	DATA 	Mouse: wheel shift=(0,0), pos=(381,16)
45.7338 	DATA 	Mouse: wheel shift=(0,1), pos=(381,16)
45.7604 	DATA 	Mouse: wheel shift=(0,0), pos=(381,16)
45.7742 	DATA 	Mouse: wheel shift=(0,0), pos=(381,16)
45.7874 	DATA 	Mouse: wheel shift=(0,0), pos=(381,16)
45.8010 	DATA 	Mouse: wheel shift=(0,0), pos=(381,16)
45.8145 	DATA 	Mouse: wheel shift=(0,0), pos=(381,16)
45.8277 	DATA 	Mouse: wheel shift=(0,0), pos=(381,16)
46.1071 	DATA 	Mouse: wheel shift=(0,0), pos=(340,67)
46.1596 	EXP 	New trial (rep=2, index=0): <Trial 2 (0 in rep 2) data={'thisN': 2, 'thisTrialN': 0, 'thisRepN': 2}>
46.1719 	EXP 	textbox_2: autoDraw = False
46.1719 	EXP 	fix: autoDraw = True
46.6872 	INFO 	Keyboard events cleared
46.6872 	EXP 	fix: autoDraw = False
46.6872 	EXP 	slider: markerPos = None
46.6872 	EXP 	slider: markerPos = None
46.6872 	EXP 	prog: autoDraw = True
46.6872 	EXP 	greenbar: autoDraw = True
46.6872 	EXP 	yellowbar: autoDraw = True
46.6872 	EXP 	redbar: autoDraw = True
46.6872 	EXP 	arrow: autoDraw = True
46.6872 	EXP 	textbox: autoDraw = True
46.6872 	EXP 	slider: autoDraw = True
47.8919 	EXP 	prog: autoDraw = False
47.8919 	EXP 	greenbar: autoDraw = False
47.8919 	EXP 	yellowbar: autoDraw = False
47.8919 	EXP 	redbar: autoDraw = False
47.8919 	EXP 	arrow: autoDraw = False
47.8919 	EXP 	textbox: autoDraw = False
47.8919 	EXP 	slider: autoDraw = False
47.8919 	EXP 	textbox_2: autoDraw = True
48.4685 	EXP 	Device response: <KeyPress from None: t=48.45736775000023, value=lctrl, duration=None>
48.4707 	DATA 	Keypress: lctrl
48.6554 	EXP 	Device response: <KeyPress from None: t=48.65238420900005, value=c, duration=None>
48.6913 	DATA 	Keypress: c
48.7142 	EXP 	Device response: <KeyPress from None: t=48.45736775000023, value=lctrl, duration=0.23899929199978942>
48.7606 	EXP 	Device response: <KeyPress from None: t=48.65238420900005, value=c, duration=0.09697675000006711>
48.8806 	EXP 	New trial (rep=3, index=0): <Trial 3 (0 in rep 3) data={'thisN': 3, 'thisTrialN': 0, 'thisRepN': 3}>
48.8925 	EXP 	textbox_2: autoDraw = False
48.8925 	EXP 	fix: autoDraw = True
49.3107 	DATA 	Mouse: wheel shift=(0,0), pos=(339,224)
49.3513 	DATA 	Mouse: wheel shift=(0,1), pos=(339,224)
49.3639 	DATA 	Mouse: wheel shift=(0,0), pos=(339,224)
49.3759 	DATA 	Mouse: wheel shift=(0,0), pos=(339,224)
49.3933 	DATA 	Mouse: wheel shift=(0,0), pos=(339,224)
49.4036 	DATA 	Mouse: wheel shift=(0,0), pos=(339,224)
49.4055 	INFO 	Keyboard events cleared
49.4055 	EXP 	fix: autoDraw = False
49.4055 	EXP 	slider: markerPos = None
49.4055 	EXP 	slider: markerPos = None
49.4055 	EXP 	prog: autoDraw = True
49.4055 	EXP 	greenbar: autoDraw = True
49.4055 	EXP 	yellowbar: autoDraw = True
49.4055 	EXP 	redbar: autoDraw = True
49.4055 	EXP 	arrow: autoDraw = True
49.4055 	EXP 	textbox: autoDraw = True
49.4055 	EXP 	slider: autoDraw = True
49.4166 	DATA 	Mouse: wheel shift=(0,0), pos=(339,224)
49.4167 	DATA 	Mouse: wheel shift=(0,0), pos=(339,224)
49.4204 	DATA 	Mouse: wheel shift=(0,0), pos=(339,224)
49.4373 	DATA 	Mouse: wheel shift=(0,0), pos=(339,224)
49.4462 	DATA 	Mouse: wheel shift=(0,0), pos=(339,224)
49.4605 	DATA 	Mouse: wheel shift=(0,0), pos=(339,224)
49.4734 	DATA 	Mouse: wheel shift=(0,0), pos=(339,224)
49.4866 	DATA 	Mouse: wheel shift=(1,0), pos=(341,231)
49.4997 	DATA 	Mouse: wheel shift=(0,0), pos=(340,252)
49.5136 	DATA 	Mouse: wheel shift=(0,0), pos=(339,283)
49.5267 	DATA 	Mouse: wheel shift=(0,0), pos=(337,323)
49.5400 	DATA 	Mouse: wheel shift=(0,0), pos=(330,364)
49.5529 	DATA 	Mouse: wheel shift=(0,1), pos=(317,404)
49.5609 	DATA 	Mouse: wheel shift=(0,0), pos=(317,404)
50.0538 	EXP 	Device response: <KeyPress from None: t=50.048375584000496, value=escape, duration=None>
50.0552 	DATA 	Keypress: escape
50.1338 	EXP 	Device response: <KeyPress from None: t=50.048375584000496, value=escape, duration=0.0819807910002055>
50.1338 	EXP 	misty_module: status = STOPPED
50.1460 	EXP 	prog: autoDraw = False
50.1460 	EXP 	greenbar: autoDraw = False
50.1460 	EXP 	yellowbar: autoDraw = False
50.1460 	EXP 	redbar: autoDraw = False
50.1460 	EXP 	arrow: autoDraw = False
50.1460 	EXP 	textbox: autoDraw = False
50.1460 	EXP 	slider: autoDraw = False
50.1468 	EXP 	misty_module: status = STOPPED
50.1511 	INFO 	saved data to '/Users/hackerman/misty_py/data/pilot_misty_module_2026-01-30_18h37.20.678.csv'
50.1516 	INFO 	saved data to /Users/hackerman/misty_py/data/pilot_misty_module_2026-01-30_18h37.20.678.psydat
50.2395 	DEBUG 	Saving data for misty_module ExperimentHandler
50.2400 	WARNING 	Stopping key buffers but this could be dangerous ifother keyboards rely on the same.
