8.5815 	WARNING 	Font Manager failed to load file /System/Library/PrivateFrameworks/FontServices.framework/Resources/Reserved/PingFangUI.ttc
8.6207 	WARNING 	Font Manager failed to load file /System/Library/PrivateFrameworks/FontServices.framework/Resources/Reserved/PingFangUI.ttc
10.4646 	DEBUG 	Fullscreen settings ignored as running in pilot mode.
10.4656 	INFO 	Loaded monitor calibration from ['2026_01_27 16:28']
10.5657 	INFO 	Using renderer 'Apple M4' for graphics
10.5657 	INFO 	OpenGL version supported by driver is 2..
10.5855 	EXP 	Created window1 = Window(allowGUI=False, allowStencil=True, autoLog=True, backendConf=UNKNOWN, backgroundFit=<method-wrapper '__getattribute__' of attributeSetter object at 0x1752e6980>, backgroundImage=<method-wrapper '__getattribute__' of attributeSetter object at 0x1752e6ec0>, bitsMode=UNKNOWN, blendMode='avg', bpc=(8, 8, 8), color=array([0, 0, 0]), colorSpace='rgb', depthBits=8, fullscr=False, gamma=None, gammaErrorPolicy='raise', infoMsg=UNKNOWN, lms=UNKNOWN, monitor=<psychopy.monitors.calibTools.Monitor object at 0x1752e3640>, multiSample=False, name='window1', numSamples=2, pos=[np.float64(560.0), np.float64(240.0)], screen=0, size=array([800, 600]), stencilBits=8, stereo=False, title='PsychoPy', units='height', useFBO=True, useRetina=False, viewOri=0.0, viewPos=None, viewScale=None, waitBlanking=True, winType='pyglet')
10.5855 	EXP 	window1: backgroundImage = ''
10.5855 	EXP 	window1: backgroundFit = 'none'
10.5990 	DEBUG 	TextBox2 loaded 1 chars with 0 blanks and 1 valid
10.6066 	DEBUG 	TextBox2 loaded 1 chars with 0 blanks and 1 valid
10.6142 	DEBUG 	TextBox2 loaded 1 chars with 0 blanks and 1 valid
10.6220 	DEBUG 	TextBox2 loaded 1 chars with 0 blanks and 1 valid
10.6298 	DEBUG 	TextBox2 loaded 1 chars with 0 blanks and 1 valid
10.6373 	DEBUG 	TextBox2 loaded 1 chars with 0 blanks and 1 valid
10.6450 	DEBUG 	TextBox2 loaded 1 chars with 0 blanks and 1 valid
10.6528 	DEBUG 	TextBox2 loaded 1 chars with 0 blanks and 1 valid
10.6602 	DEBUG 	TextBox2 loaded 1 chars with 0 blanks and 1 valid
10.6676 	DEBUG 	TextBox2 loaded 1 chars with 0 blanks and 1 valid
10.6754 	DEBUG 	TextBox2 loaded 1 chars with 0 blanks and 1 valid
10.6831 	DEBUG 	TextBox2 loaded 1 chars with 0 blanks and 1 valid
10.6907 	DEBUG 	TextBox2 loaded 1 chars with 0 blanks and 1 valid
10.6984 	DEBUG 	TextBox2 loaded 1 chars with 0 blanks and 1 valid
10.7061 	DEBUG 	TextBox2 loaded 1 chars with 0 blanks and 1 valid
10.7138 	DEBUG 	TextBox2 loaded 1 chars with 0 blanks and 1 valid
10.7215 	DEBUG 	TextBox2 loaded 1 chars with 0 blanks and 1 valid
10.7290 	DEBUG 	TextBox2 loaded 1 chars with 0 blanks and 1 valid
10.7366 	DEBUG 	TextBox2 loaded 1 chars with 0 blanks and 1 valid
10.7445 	DEBUG 	TextBox2 loaded 1 chars with 0 blanks and 1 valid
10.7520 	DEBUG 	TextBox2 loaded 1 chars with 0 blanks and 1 valid
10.7521 	DEBUG 	Uploading Texture Font fontname to graphics card
10.7548 	DEBUG 	Upload of Texture Font fontname complete
10.7654 	DEBUG 	TextBox2 loaded 1 chars with 0 blanks and 1 valid
10.7733 	DEBUG 	TextBox2 loaded 1 chars with 0 blanks and 1 valid
10.7811 	DEBUG 	TextBox2 loaded 1 chars with 0 blanks and 1 valid
10.7812 	DEBUG 	Uploading Texture Font fontname to graphics card
10.7827 	DEBUG 	Upload of Texture Font fontname complete
10.7836 	EXP 	window1: Attempting to measure frame rate of screen (0) ...
10.7836 	EXP 	window1: recordFrameIntervals = False
10.9298 	EXP 	window1: recordFrameIntervals = True
11.0770 	EXP 	Screen (0) actual frame rate measured at 74.87Hz
11.0770 	EXP 	window1: recordFrameIntervals = False
11.0970 	DEBUG 	TextBox2 loaded 1 chars with 0 blanks and 1 valid
11.1084 	DEBUG 	TextBox2 loaded 1 chars with 0 blanks and 1 valid
11.1186 	DEBUG 	TextBox2 loaded 1 chars with 0 blanks and 1 valid
11.1282 	DEBUG 	TextBox2 loaded 1 chars with 0 blanks and 1 valid
11.1370 	DEBUG 	TextBox2 loaded 1 chars with 0 blanks and 1 valid
11.1455 	DEBUG 	TextBox2 loaded 1 chars with 0 blanks and 1 valid
11.1534 	DEBUG 	TextBox2 loaded 1 chars with 0 blanks and 1 valid
11.1611 	DEBUG 	TextBox2 loaded 1 chars with 0 blanks and 1 valid
11.1687 	DEBUG 	TextBox2 loaded 1 chars with 0 blanks and 1 valid
11.1763 	DEBUG 	TextBox2 loaded 1 chars with 0 blanks and 1 valid
11.1765 	DEBUG 	Uploading Texture Font fontname to graphics card
11.1781 	DEBUG 	Upload of Texture Font fontname complete
12.1042 	INFO 	keyboard.Keyboard is using ptb backend.
12.1042 	EXP 	misty_module: status = STARTED
12.1357 	EXP 	Created text = TextStim(__class__=<class 'psychopy.visual.text.TextStim'>, alignHoriz=method-wrapper(...), alignText='center', alignVert=method-wrapper(...), anchorHoriz='center', anchorVert='center', antialias=True, autoDraw=False, autoLog=True, bold=False, color=array([1., 1., 1.]), colorSpace='rgb', contrast=1.0, depth=0.0, draggable=False, flipHoriz=False, flipVert=False, font='Arial', fontFiles=[], height=np.float64(0.05), italic=False, languageStyle='LTR', name='text', opacity=1, ori=0.0, pos=array([0., 0.]), rgb=UNKNOWN, text=str(...), units='height', win=Window(...), wrapWidth=1)
12.1429 	EXP 	Created intstructs = TextStim(__class__=<class 'psychopy.visual.text.TextStim'>, alignHoriz=method-wrapper(...), alignText='center', alignVert=method-wrapper(...), anchorHoriz='center', anchorVert='center', antialias=True, autoDraw=False, autoLog=True, bold=False, color=array([1., 1., 1.]), colorSpace='rgb', contrast=1.0, depth=0.0, draggable=False, flipHoriz=False, flipVert=False, font='Arial', fontFiles=[], height=np.float64(0.05), italic=False, languageStyle='LTR', name='intstructs', opacity=1, ori=0.0, pos=array([0., 0.]), rgb=UNKNOWN, text=str(...), units='height', win=Window(...), wrapWidth=1)
12.1451 	EXP 	Created fix = TextStim(__class__=<class 'psychopy.visual.text.TextStim'>, alignHoriz=method-wrapper(...), alignText='center', alignVert=method-wrapper(...), anchorHoriz='center', anchorVert='center', antialias=True, autoDraw=False, autoLog=True, bold=False, color=array([1., 1., 1.]), colorSpace='rgb', contrast=1.0, depth=-1.0, draggable=False, flipHoriz=False, flipVert=False, font='Open Sans', fontFiles=[], height=np.float64(0.1), italic=False, languageStyle='LTR', name='fix', opacity=1, ori=0.0, pos=array([0., 0.]), rgb=UNKNOWN, text='+', units='height', win=Window(...), wrapWidth=1)
12.1508 	DEBUG 	TextBox2 loaded 1 chars with 0 blanks and 1 valid
12.1513 	DEBUG 	TextBox2 loaded 1 chars with 0 blanks and 1 valid
12.1519 	DEBUG 	TextBox2 loaded 1 chars with 0 blanks and 1 valid
12.1523 	DEBUG 	TextBox2 loaded 1 chars with 0 blanks and 1 valid
12.1525 	DEBUG 	TextBox2 loaded 1 chars with 0 blanks and 1 valid
12.1527 	DEBUG 	TextBox2 loaded 1 chars with 0 blanks and 1 valid
12.1532 	DEBUG 	TextBox2 loaded 1 chars with 0 blanks and 1 valid
12.1535 	DEBUG 	TextBox2 loaded 1 chars with 0 blanks and 1 valid
12.1537 	DEBUG 	TextBox2 loaded 1 chars with 0 blanks and 1 valid
12.1538 	DEBUG 	Uploading Texture Font fontname to graphics card
12.1558 	DEBUG 	Upload of Texture Font fontname complete
12.1760 	DEBUG 	TextBox2 loaded 1 chars with 0 blanks and 1 valid
12.1761 	DEBUG 	Uploading Texture Font fontname to graphics card
12.1781 	DEBUG 	Upload of Texture Font fontname complete
12.1880 	DEBUG 	TextBox2 loaded 1 chars with 0 blanks and 1 valid
12.1955 	DEBUG 	TextBox2 loaded 1 chars with 0 blanks and 1 valid
12.2029 	DEBUG 	TextBox2 loaded 1 chars with 0 blanks and 1 valid
12.2103 	DEBUG 	TextBox2 loaded 1 chars with 0 blanks and 1 valid
12.2176 	DEBUG 	TextBox2 loaded 1 chars with 0 blanks and 1 valid
12.2250 	DEBUG 	TextBox2 loaded 1 chars with 0 blanks and 1 valid
12.2324 	DEBUG 	TextBox2 loaded 1 chars with 0 blanks and 1 valid
12.2398 	DEBUG 	TextBox2 loaded 1 chars with 0 blanks and 1 valid
12.2472 	DEBUG 	TextBox2 loaded 1 chars with 0 blanks and 1 valid
12.2546 	DEBUG 	TextBox2 loaded 1 chars with 0 blanks and 1 valid
12.2547 	DEBUG 	Uploading Texture Font fontname to graphics card
12.2561 	DEBUG 	Upload of Texture Font fontname complete
12.2659 	DEBUG 	TextBox2 loaded 1 chars with 0 blanks and 1 valid
12.2660 	DEBUG 	Uploading Texture Font fontname to graphics card
12.2674 	DEBUG 	Upload of Texture Font fontname complete
12.2795 	DEBUG 	TextBox2 loaded 1 chars with 0 blanks and 1 valid
12.2796 	DEBUG 	Uploading Texture Font fontname to graphics card
12.2810 	DEBUG 	Upload of Texture Font fontname complete
12.2931 	DEBUG 	TextBox2 loaded 1 chars with 0 blanks and 1 valid
12.2931 	DEBUG 	Uploading Texture Font fontname to graphics card
12.2945 	DEBUG 	Upload of Texture Font fontname complete
12.3066 	DEBUG 	TextBox2 loaded 1 chars with 0 blanks and 1 valid
12.3072 	DEBUG 	Uploading Texture Font fontname to graphics card
12.3090 	DEBUG 	Upload of Texture Font fontname complete
12.3211 	DEBUG 	TextBox2 loaded 1 chars with 0 blanks and 1 valid
12.3211 	DEBUG 	Uploading Texture Font fontname to graphics card
12.3226 	DEBUG 	Upload of Texture Font fontname complete
12.3346 	DEBUG 	TextBox2 loaded 1 chars with 0 blanks and 1 valid
12.3347 	DEBUG 	Uploading Texture Font fontname to graphics card
12.3361 	DEBUG 	Upload of Texture Font fontname complete
12.3482 	DEBUG 	TextBox2 loaded 1 chars with 0 blanks and 1 valid
12.3483 	DEBUG 	Uploading Texture Font fontname to graphics card
12.3497 	DEBUG 	Upload of Texture Font fontname complete
12.3617 	DEBUG 	TextBox2 loaded 1 chars with 0 blanks and 1 valid
12.3618 	DEBUG 	Uploading Texture Font fontname to graphics card
12.3632 	DEBUG 	Upload of Texture Font fontname complete
12.3752 	DEBUG 	TextBox2 loaded 1 chars with 0 blanks and 1 valid
12.3752 	DEBUG 	Uploading Texture Font fontname to graphics card
12.3766 	DEBUG 	Upload of Texture Font fontname complete
12.3981 	EXP 	Created slider_3 = Slider(__class__=<class 'psychopy.visual.slider.Slider'>, autoDraw=False, autoLog=True, borderColor=None, color=None, colorSpace='rgb', depth=-2, fillColor=None, flip=False, font='Noto Sans', granularity=1, labelColor=None, labelHeight=np.float64(0.05), labelWrapWidth=None, labels=(0, 1, 2, 3, 4, 5, 6, 7, 8, 9), lineColor=None, markerColor=None, name='slider_3', opacity=None, ori=0.0, pos=array([ 0. , -0.4]), readOnly=False, self=UNKNOWN, size=array([1. , 0.1]), startValue=None, style='choice', styleTweaks=[], ticks=array([0, 1, 2, 3, 4, 5, 6, 7, 8, 9]), units='norm', win=Window(...))
12.4046 	EXP 	Created text_2 = TextStim(__class__=<class 'psychopy.visual.text.TextStim'>, alignHoriz=method-wrapper(...), alignText='center', alignVert=method-wrapper(...), anchorHoriz='center', anchorVert='center', antialias=True, autoDraw=False, autoLog=True, bold=False, color=array([1., 1., 1.]), colorSpace='rgb', contrast=1.0, depth=0.0, draggable=False, flipHoriz=False, flipVert=False, font='Arial', fontFiles=[], height=np.float64(0.05), italic=False, languageStyle='LTR', name='text_2', opacity=1, ori=0.0, pos=array([0., 0.]), rgb=UNKNOWN, text=str(...), units='height', win=Window(...), wrapWidth=1)
12.4054 	EXP 	Created fix = TextStim(__class__=<class 'psychopy.visual.text.TextStim'>, alignHoriz=method-wrapper(...), alignText='center', alignVert=method-wrapper(...), anchorHoriz='center', anchorVert='center', antialias=True, autoDraw=False, autoLog=True, bold=False, color=array([1., 1., 1.]), colorSpace='rgb', contrast=1.0, depth=-1.0, draggable=False, flipHoriz=False, flipVert=False, font='Open Sans', fontFiles=[], height=np.float64(0.1), italic=False, languageStyle='LTR', name='fix', opacity=1, ori=0.0, pos=array([0., 0.]), rgb=UNKNOWN, text='+', units='height', win=Window(...), wrapWidth=1)
12.4072 	EXP 	Created prog_3 = Progress(__class__=<class 'psychopy.visual.progress.Progress'>, anchor=('left', 'top'), autoDraw=False, autoLog=True, closeShape=True, color=method-wrapper(...), colorSpace='rgb', contrast=None, depth=-1, draggable=False, fillColor=array([-1.    ,  0.5373, -1.    ]), fillColorSpace='rgb', fillRGB=array([-1.    ,  0.5373, -1.    ]), interpolate=True, lineColor=array([1., 1., 1.]), lineColorSpace='rgb', lineRGB=array([1, 1, 1]), lineWidth=4.0, name='prog_3', opacity=1.0, ori=0.0, pos=array([-0.5,  0.5]), size=array([1. , 0.1]), units='norm', vertices=ndarray(...), win=Window(...), windingRule=None)
12.4079 	EXP 	Created prog_3Bar = ShapeStim(__class__=<class 'psychopy.visual.shape.ShapeStim'>, anchor=('left', 'top'), autoDraw=False, autoLog=True, closeShape=True, color=method-wrapper(...), colorSpace='rgb', contrast=None, depth=-1, draggable=False, fillColor=array([ 1., -1., -1.]), fillColorSpace='rgb', fillRGB=array([ 1., -1., -1.]), interpolate=True, lineColor=array([0., 0., 0.]), lineColorSpace='rgb', lineRGB=array([0, 0, 0]), lineWidth=1.5, name='prog_3Bar', opacity=1.0, ori=0.0, pos=array([-0.5,  0.5]), size=array([1. , 0.1]), units='norm', vertices=ndarray(...), win=Window(...), windingRule=None)
12.4085 	EXP 	Created greenbar_3 = Rect(__class__=<class 'psychopy.visual.rect.Rect'>, anchor=('left', 'center'), autoDraw=False, autoLog=True, closeShape=True, color=method-wrapper(...), colorSpace='rgb', contrast=None, depth=-2.0, draggable=False, fillColor=array([-1.    ,  0.0039, -1.    ]), fillColorSpace='rgb', fillRGB=array([-1.    ,  0.0039, -1.    ]), interpolate=True, lineColor=array([1., 1., 1.]), lineColorSpace='rgb', lineRGB=array([1, 1, 1]), lineWidth=1.0, name='greenbar_3', opacity=1, ori=0.0, pos=array([0.33333333, 0.7       ]), size=array([0.66666667, 0.1       ]), units='norm', vertices=ndarray(...), win=Window(...))
12.4090 	EXP 	Created yellowbar_3 = Rect(__class__=<class 'psychopy.visual.rect.Rect'>, anchor=('left', 'center'), autoDraw=False, autoLog=True, closeShape=True, color=method-wrapper(...), colorSpace='rgb', contrast=None, depth=-3.0, draggable=False, fillColor=array([ 1.,  1., -1.]), fillColorSpace='rgb', fillRGB=array([ 1.,  1., -1.]), interpolate=True, lineColor=array([1., 1., 1.]), lineColorSpace='rgb', lineRGB=array([1, 1, 1]), lineWidth=1.0, name='yellowbar_3', opacity=1, ori=0.0, pos=array([-0.33333333,  0.7       ]), size=array([0.66666667, 0.1       ]), units='norm', vertices=ndarray(...), win=Window(...))
12.4095 	EXP 	Created redbar_3 = Rect(__class__=<class 'psychopy.visual.rect.Rect'>, anchor=('left', 'center'), autoDraw=False, autoLog=True, closeShape=True, color=method-wrapper(...), colorSpace='rgb', contrast=None, depth=-4.0, draggable=False, fillColor=array([ 1., -1., -1.]), fillColorSpace='rgb', fillRGB=array([ 1., -1., -1.]), interpolate=True, lineColor=array([1., 1., 1.]), lineColorSpace='rgb', lineRGB=array([1, 1, 1]), lineWidth=1.0, name='redbar_3', opacity=1, ori=0.0, pos=array([-1. ,  0.7]), size=array([0.66666667, 0.1       ]), units='norm', vertices=ndarray(...), win=Window(...))
12.4102 	EXP 	Created arrow_3 = ShapeStim(__class__=<class 'psychopy.visual.shape.ShapeStim'>, anchor=('center', 'center'), autoDraw=False, autoLog=True, closeShape=True, color=method-wrapper(...), colorSpace='rgb', contrast=None, depth=-5.0, draggable=False, fillColor=array([1, 1, 1]), fillColorSpace='rgb', fillRGB=array([1, 1, 1]), interpolate=True, lineColor=array([1., 1., 1.]), lineColorSpace='rgb', lineRGB=array([1, 1, 1]), lineWidth=1.0, name='arrow_3', opacity=1, ori=0.0, pos=array([0., 0.]), size=array([0.05, 0.05]), units='norm', vertices=ndarray(...), win=Window(...), windingRule=None)
12.4799 	EXP 	Created slider_4 = Slider(__class__=<class 'psychopy.visual.slider.Slider'>, autoDraw=False, autoLog=True, borderColor=None, color=None, colorSpace='rgb', depth=-7, fillColor=None, flip=False, font='Noto Sans', granularity=1, labelColor=None, labelHeight=np.float64(0.05), labelWrapWidth=None, labels=(0, 1, 2, 3, 4, 5, 6, 7, 8, 9), lineColor=None, markerColor=None, name='slider_4', opacity=None, ori=0.0, pos=array([ 0. , -0.4]), readOnly=False, self=UNKNOWN, size=array([1. , 0.1]), startValue=None, style='choice', styleTweaks=[], ticks=array([0, 1, 2, 3, 4, 5, 6, 7, 8, 9]), units='norm', win=Window(...))
12.4854 	EXP 	Created text_3 = TextStim(__class__=<class 'psychopy.visual.text.TextStim'>, alignHoriz=method-wrapper(...), alignText='center', alignVert=method-wrapper(...), anchorHoriz='center', anchorVert='center', antialias=True, autoDraw=False, autoLog=True, bold=False, color=array([1., 1., 1.]), colorSpace='rgb', contrast=1.0, depth=0.0, draggable=False, flipHoriz=False, flipVert=False, font='Arial', fontFiles=[], height=np.float64(0.05), italic=False, languageStyle='LTR', name='text_3', opacity=1, ori=0.0, pos=array([0., 0.]), rgb=UNKNOWN, text='Training instructions here', units='height', win=Window(...), wrapWidth=1)
12.4861 	EXP 	Created fix = TextStim(__class__=<class 'psychopy.visual.text.TextStim'>, alignHoriz=method-wrapper(...), alignText='center', alignVert=method-wrapper(...), anchorHoriz='center', anchorVert='center', antialias=True, autoDraw=False, autoLog=True, bold=False, color=array([1., 1., 1.]), colorSpace='rgb', contrast=1.0, depth=-1.0, draggable=False, flipHoriz=False, flipVert=False, font='Open Sans', fontFiles=[], height=np.float64(0.1), italic=False, languageStyle='LTR', name='fix', opacity=1, ori=0.0, pos=array([0., 0.]), rgb=UNKNOWN, text='+', units='height', win=Window(...), wrapWidth=1)
12.5545 	EXP 	Created slider_training = Slider(__class__=<class 'psychopy.visual.slider.Slider'>, autoDraw=False, autoLog=True, borderColor=None, color=None, colorSpace='rgb', depth=-2, fillColor=None, flip=False, font='Noto Sans', granularity=1, labelColor=None, labelHeight=np.float64(0.05), labelWrapWidth=None, labels=(0, 1, 2, 3, 4, 5, 6, 7, 8, 9), lineColor=None, markerColor=None, name='slider_training', opacity=None, ori=0.0, pos=array([ 0. , -0.4]), readOnly=False, self=UNKNOWN, size=array([1. , 0.1]), startValue=None, style='choice', styleTweaks=[], ticks=array([0, 1, 2, 3, 4, 5, 6, 7, 8, 9]), units='norm', win=Window(...))
12.5594 	EXP 	Created fix = TextStim(__class__=<class 'psychopy.visual.text.TextStim'>, alignHoriz=method-wrapper(...), alignText='center', alignVert=method-wrapper(...), anchorHoriz='center', anchorVert='center', antialias=True, autoDraw=False, autoLog=True, bold=False, color=array([1., 1., 1.]), colorSpace='rgb', contrast=1.0, depth=-1.0, draggable=False, flipHoriz=False, flipVert=False, font='Open Sans', fontFiles=[], height=np.float64(0.1), italic=False, languageStyle='LTR', name='fix', opacity=1, ori=0.0, pos=array([0., 0.]), rgb=UNKNOWN, text='+', units='height', win=Window(...), wrapWidth=1)
12.5602 	EXP 	Created prog = Progress(__class__=<class 'psychopy.visual.progress.Progress'>, anchor=('left', 'top'), autoDraw=False, autoLog=True, closeShape=True, color=method-wrapper(...), colorSpace='rgb', contrast=None, depth=-1, draggable=False, fillColor=array([-1.    ,  0.5373, -1.    ]), fillColorSpace='rgb', fillRGB=array([-1.    ,  0.5373, -1.    ]), interpolate=True, lineColor=array([1., 1., 1.]), lineColorSpace='rgb', lineRGB=array([1, 1, 1]), lineWidth=4.0, name='prog', opacity=1.0, ori=0.0, pos=array([-0.5,  0.5]), size=array([1. , 0.1]), units='norm', vertices=ndarray(...), win=Window(...), windingRule=None)
12.5608 	EXP 	Created progBar = ShapeStim(__class__=<class 'psychopy.visual.shape.ShapeStim'>, anchor=('left', 'top'), autoDraw=False, autoLog=True, closeShape=True, color=method-wrapper(...), colorSpace='rgb', contrast=None, depth=-1, draggable=False, fillColor=array([ 1., -1., -1.]), fillColorSpace='rgb', fillRGB=array([ 1., -1., -1.]), interpolate=True, lineColor=array([0., 0., 0.]), lineColorSpace='rgb', lineRGB=array([0, 0, 0]), lineWidth=1.5, name='progBar', opacity=1.0, ori=0.0, pos=array([-0.5,  0.5]), size=array([1. , 0.1]), units='norm', vertices=ndarray(...), win=Window(...), windingRule=None)
12.5614 	EXP 	Created greenbar = Rect(__class__=<class 'psychopy.visual.rect.Rect'>, anchor=('left', 'center'), autoDraw=False, autoLog=True, closeShape=True, color=method-wrapper(...), colorSpace='rgb', contrast=None, depth=-2.0, draggable=False, fillColor=array([-1.    ,  0.0039, -1.    ]), fillColorSpace='rgb', fillRGB=array([-1.    ,  0.0039, -1.    ]), interpolate=True, lineColor=array([1., 1., 1.]), lineColorSpace='rgb', lineRGB=array([1, 1, 1]), lineWidth=1.0, name='greenbar', opacity=1, ori=0.0, pos=array([0.33333333, 0.7       ]), size=array([0.66666667, 0.1       ]), units='norm', vertices=ndarray(...), win=Window(...))
12.5619 	EXP 	Created yellowbar = Rect(__class__=<class 'psychopy.visual.rect.Rect'>, anchor=('left', 'center'), autoDraw=False, autoLog=True, closeShape=True, color=method-wrapper(...), colorSpace='rgb', contrast=None, depth=-3.0, draggable=False, fillColor=array([ 1.,  1., -1.]), fillColorSpace='rgb', fillRGB=array([ 1.,  1., -1.]), interpolate=True, lineColor=array([1., 1., 1.]), lineColorSpace='rgb', lineRGB=array([1, 1, 1]), lineWidth=1.0, name='yellowbar', opacity=1, ori=0.0, pos=array([-0.33333333,  0.7       ]), size=array([0.66666667, 0.1       ]), units='norm', vertices=ndarray(...), win=Window(...))
12.5624 	EXP 	Created redbar = Rect(__class__=<class 'psychopy.visual.rect.Rect'>, anchor=('left', 'center'), autoDraw=False, autoLog=True, closeShape=True, color=method-wrapper(...), colorSpace='rgb', contrast=None, depth=-4.0, draggable=False, fillColor=array([ 1., -1., -1.]), fillColorSpace='rgb', fillRGB=array([ 1., -1., -1.]), interpolate=True, lineColor=array([1., 1., 1.]), lineColorSpace='rgb', lineRGB=array([1, 1, 1]), lineWidth=1.0, name='redbar', opacity=1, ori=0.0, pos=array([-1. ,  0.7]), size=array([0.66666667, 0.1       ]), units='norm', vertices=ndarray(...), win=Window(...))
12.5632 	EXP 	Created arrow = ShapeStim(__class__=<class 'psychopy.visual.shape.ShapeStim'>, anchor=('center', 'center'), autoDraw=False, autoLog=True, closeShape=True, color=method-wrapper(...), colorSpace='rgb', contrast=None, depth=-5.0, draggable=False, fillColor=array([1, 1, 1]), fillColorSpace='rgb', fillRGB=array([1, 1, 1]), interpolate=True, lineColor=array([1., 1., 1.]), lineColorSpace='rgb', lineRGB=array([1, 1, 1]), lineWidth=1.0, name='arrow', opacity=1, ori=0.0, pos=array([0., 0.]), size=array([0.05, 0.05]), units='norm', vertices=ndarray(...), win=Window(...), windingRule=None)
12.6326 	EXP 	Created slider = Slider(__class__=<class 'psychopy.visual.slider.Slider'>, autoDraw=False, autoLog=True, borderColor=None, color=None, colorSpace='rgb', depth=-7, fillColor=None, flip=False, font='Noto Sans', granularity=1, labelColor=None, labelHeight=np.float64(0.05), labelWrapWidth=None, labels=(0, 1, 2, 3, 4, 5, 6, 7, 8, 9), lineColor=None, markerColor=None, name='slider', opacity=None, ori=0.0, pos=array([ 0. , -0.4]), readOnly=False, self=UNKNOWN, size=array([1. , 0.1]), startValue=None, style='choice', styleTweaks=[], ticks=array([0, 1, 2, 3, 4, 5, 6, 7, 8, 9]), units='norm', win=Window(...))
0.0030 	EXP 	textbox_4: autoLog = True
0.0030 	EXP 	slider_3: autoLog = True
0.0030 	EXP 	slider_3: styleTweaks = []
0.0030 	EXP 	slider_3: styleTweaks = []
0.0030 	EXP 	slider_3: styleTweaks = []
0.0030 	EXP 	slider_3: styleTweaks = []
0.0030 	EXP 	slider_3: contrast = 1.0
0.0030 	EXP 	slider_3: markerPos = None
0.0030 	EXP 	slider_3: autoLog = True
0.0030 	EXP 	textbox_2: autoLog = True
0.0030 	EXP 	prog_3: direction = 'horizontal'
0.0030 	EXP 	prog_3: progress = 0.0
0.0030 	EXP 	textbox_5: autoLog = True
0.0030 	EXP 	slider_4: autoLog = True
0.0030 	EXP 	slider_4: styleTweaks = []
0.0030 	EXP 	slider_4: styleTweaks = []
0.0030 	EXP 	slider_4: styleTweaks = []
0.0030 	EXP 	slider_4: styleTweaks = []
0.0030 	EXP 	slider_4: contrast = 1.0
0.0030 	EXP 	slider_4: markerPos = None
0.0030 	EXP 	slider_4: autoLog = True
0.0030 	EXP 	textbox_2: autoLog = True
0.0030 	EXP 	textbox_3: autoLog = True
0.0030 	EXP 	slider_training: autoLog = True
0.0030 	EXP 	slider_training: styleTweaks = []
0.0030 	EXP 	slider_training: styleTweaks = []
0.0030 	EXP 	slider_training: styleTweaks = []
0.0030 	EXP 	slider_training: styleTweaks = []
0.0030 	EXP 	slider_training: contrast = 1.0
0.0030 	EXP 	slider_training: markerPos = None
0.0030 	EXP 	slider_training: autoLog = True
0.0030 	EXP 	textbox_2: autoLog = True
0.0030 	EXP 	prog: direction = 'horizontal'
0.0030 	EXP 	prog: progress = 0.0
0.0030 	EXP 	textbox: autoLog = True
0.0030 	EXP 	slider: autoLog = True
0.0030 	EXP 	slider: styleTweaks = []
0.0030 	EXP 	slider: styleTweaks = []
0.0030 	EXP 	slider: styleTweaks = []
0.0030 	EXP 	slider: styleTweaks = []
0.0030 	EXP 	slider: contrast = 1.0
0.0030 	EXP 	slider: markerPos = None
0.0030 	EXP 	slider: autoLog = True
0.0030 	EXP 	textbox_2: autoLog = True
0.0135 	INFO 	Keyboard events cleared
0.0135 	EXP 	text: autoDraw = True
1.2313 	EXP 	Device response: <KeyPress from None: t=1.111301208000441, value=l, duration=None>
1.2351 	DATA 	Keypress: l
1.2363 	EXP 	Device response: <KeyPress from None: t=1.111301208000441, value=l, duration=0.12002141700031643>
1.2389 	INFO 	Keyboard events cleared
1.2388 	EXP 	text: autoDraw = False
1.2388 	EXP 	intstructs: autoDraw = True
1.5916 	EXP 	Device response: <KeyPress from None: t=1.5863951250003083, value=space, duration=None>
1.5932 	DATA 	Keypress: space
1.6005 	DEBUG 	Read excel file with openpyxl: practice_difficulty.xlsx
1.6007 	EXP 	Imported practice_difficulty.xlsx as conditions, 3 conditions, 1 params
1.6039 	EXP 	intstructs: autoDraw = False
1.6039 	EXP 	text_2: autoDraw = True
1.7123 	EXP 	Device response: <KeyPress from None: t=1.5863951250003083, value=space, duration=0.11695420799969725>
3.5977 	DEBUG 	Read excel file with openpyxl: practice_difficulty.xlsx
3.5979 	EXP 	Imported practice_difficulty.xlsx as conditions, 3 conditions, 1 params
3.6016 	EXP 	text_2: autoDraw = False
3.6016 	EXP 	text_2: autoDraw = False
3.6016 	EXP 	text_3: autoDraw = True
5.6038 	DEBUG 	Read csv file with pandas: training.csv
5.6063 	DEBUG 	Clearing unnamed columns from training.csv
5.6067 	EXP 	Imported training.csv as conditions, 5 conditions, 2 params
5.6071 	EXP 	New trial (rep=0, index=0): <Trial 0 (0 in rep 0) data={'train_diff': 'easy1', 'train_time': np.int64(5), 'thisN': 0, 'thisTrialN': 0, 'thisRepN': 0}>
5.6111 	EXP 	New trial (rep=0, index=0): <Trial 0 (0 in rep 0) data={'thisN': 0, 'thisTrialN': 0, 'thisRepN': 0}>
5.6152 	EXP 	text_3: autoDraw = False
5.6152 	EXP 	text_3: autoDraw = False
5.6152 	EXP 	fix: autoDraw = True
6.1019 	DEBUG 	TextBox2 loaded 1 chars with 0 blanks and 1 valid
6.1033 	DEBUG 	TextBox2 loaded 1 chars with 0 blanks and 1 valid
6.1047 	DEBUG 	TextBox2 loaded 1 chars with 0 blanks and 1 valid
6.1055 	DEBUG 	TextBox2 loaded 1 chars with 0 blanks and 1 valid
6.1068 	DEBUG 	TextBox2 loaded 1 chars with 0 blanks and 1 valid
6.1070 	DEBUG 	Uploading Texture Font fontname to graphics card
6.1115 	DEBUG 	Upload of Texture Font fontname complete
6.1334 	INFO 	Keyboard events cleared
6.1334 	EXP 	fix: autoDraw = False
6.1334 	EXP 	slider_training: markerPos = None
6.1334 	EXP 	slider_training: markerPos = None
6.1334 	EXP 	textbox_3: autoDraw = True
6.1334 	EXP 	slider_training: autoDraw = True
8.4709 	EXP 	Device response: <KeyPress from None: t=8.465308375000859, value=9, duration=None>
8.4722 	DEBUG 	TextBox2 loaded 1 chars with 0 blanks and 1 valid
8.4728 	DEBUG 	TextBox2 loaded 1 chars with 0 blanks and 1 valid
8.4734 	DEBUG 	TextBox2 loaded 1 chars with 0 blanks and 1 valid
8.4738 	DEBUG 	TextBox2 loaded 1 chars with 0 blanks and 1 valid
8.4742 	DEBUG 	TextBox2 loaded 1 chars with 0 blanks and 1 valid
8.4743 	DEBUG 	Uploading Texture Font fontname to graphics card
8.4759 	DEBUG 	Upload of Texture Font fontname complete
8.4780 	DATA 	Keypress: 9
8.4836 	EXP 	textbox_3: autoDraw = False
8.4836 	EXP 	slider_training: autoDraw = False
8.4836 	EXP 	textbox_2: autoDraw = True
8.5916 	EXP 	Device response: <KeyPress from None: t=8.465308375000859, value=9, duration=0.11299679199964885>
9.4727 	EXP 	New trial (rep=1, index=0): <Trial 1 (0 in rep 1) data={'thisN': 1, 'thisTrialN': 0, 'thisRepN': 1}>
9.4846 	EXP 	textbox_2: autoDraw = False
9.4846 	EXP 	fix: autoDraw = True
9.9836 	DEBUG 	TextBox2 loaded 1 chars with 0 blanks and 1 valid
9.9854 	DEBUG 	TextBox2 loaded 1 chars with 0 blanks and 1 valid
9.9858 	DEBUG 	Uploading Texture Font fontname to graphics card
9.9900 	DEBUG 	Upload of Texture Font fontname complete
10.0051 	INFO 	Keyboard events cleared
10.0051 	EXP 	fix: autoDraw = False
10.0051 	EXP 	slider_training: markerPos = None
10.0051 	EXP 	slider_training: markerPos = None
10.0051 	EXP 	textbox_3: autoDraw = True
10.0051 	EXP 	slider_training: autoDraw = True
14.9937 	DEBUG 	TextBox2 loaded 1 chars with 0 blanks and 1 valid
14.9943 	DEBUG 	TextBox2 loaded 1 chars with 0 blanks and 1 valid
14.9944 	DEBUG 	Uploading Texture Font fontname to graphics card
14.9961 	DEBUG 	Upload of Texture Font fontname complete
15.0055 	EXP 	textbox_3: autoDraw = False
15.0055 	EXP 	slider_training: autoDraw = False
15.0055 	EXP 	textbox_2: autoDraw = True
15.9964 	EXP 	New trial (rep=0, index=1): <Trial 1 (1 in rep 0) data={'train_diff': 'easy2', 'train_time': np.int64(5), 'thisN': 1, 'thisTrialN': 1, 'thisRepN': 0}>
16.0012 	EXP 	New trial (rep=0, index=0): <Trial 0 (0 in rep 0) data={'thisN': 0, 'thisTrialN': 0, 'thisRepN': 0}>
16.0064 	EXP 	textbox_2: autoDraw = False
16.0064 	EXP 	fix: autoDraw = True
16.5062 	DEBUG 	TextBox2 loaded 1 chars with 0 blanks and 1 valid
16.5078 	DEBUG 	TextBox2 loaded 1 chars with 0 blanks and 1 valid
16.5083 	DEBUG 	Uploading Texture Font fontname to graphics card
16.5124 	DEBUG 	Upload of Texture Font fontname complete
16.5305 	INFO 	Keyboard events cleared
16.5304 	EXP 	fix: autoDraw = False
16.5304 	EXP 	slider_training: markerPos = None
16.5304 	EXP 	slider_training: markerPos = None
16.5304 	EXP 	textbox_3: autoDraw = True
16.5304 	EXP 	slider_training: autoDraw = True
19.5149 	EXP 	Device response: <KeyPress from None: t=19.511286708000625, value=3, duration=None>
19.5170 	DATA 	Keypress: 3
19.5271 	EXP 	textbox_3: autoDraw = False
19.5271 	EXP 	slider_training: autoDraw = False
19.5271 	EXP 	textbox_2: autoDraw = True
19.6757 	EXP 	Device response: <KeyPress from None: t=19.511286708000625, value=3, duration=0.1560095419999925>
20.5188 	EXP 	New trial (rep=1, index=0): <Trial 1 (0 in rep 1) data={'thisN': 1, 'thisTrialN': 0, 'thisRepN': 1}>
20.5282 	EXP 	textbox_2: autoDraw = False
20.5282 	EXP 	fix: autoDraw = True
21.0416 	INFO 	Keyboard events cleared
21.0415 	EXP 	fix: autoDraw = False
21.0415 	EXP 	slider_training: markerPos = None
21.0415 	EXP 	slider_training: markerPos = None
21.0415 	EXP 	textbox_3: autoDraw = True
21.0415 	EXP 	slider_training: autoDraw = True
24.7967 	EXP 	Device response: <KeyPress from None: t=24.790230583000266, value=2, duration=None>
24.7986 	DATA 	Keypress: 2
24.8090 	EXP 	textbox_3: autoDraw = False
24.8090 	EXP 	slider_training: autoDraw = False
24.8090 	EXP 	textbox_2: autoDraw = True
24.9311 	EXP 	Device response: <KeyPress from None: t=24.790230583000266, value=2, duration=0.13802725000005012>
25.8005 	EXP 	New trial (rep=2, index=0): <Trial 2 (0 in rep 2) data={'thisN': 2, 'thisTrialN': 0, 'thisRepN': 2}>
25.8101 	EXP 	textbox_2: autoDraw = False
25.8101 	EXP 	fix: autoDraw = True
26.3097 	DEBUG 	TextBox2 loaded 1 chars with 0 blanks and 1 valid
26.3115 	DEBUG 	TextBox2 loaded 1 chars with 0 blanks and 1 valid
26.3119 	DEBUG 	Uploading Texture Font fontname to graphics card
26.3160 	DEBUG 	Upload of Texture Font fontname complete
26.3313 	INFO 	Keyboard events cleared
26.3313 	EXP 	fix: autoDraw = False
26.3313 	EXP 	slider_training: markerPos = None
26.3313 	EXP 	slider_training: markerPos = None
26.3313 	EXP 	textbox_3: autoDraw = True
26.3313 	EXP 	slider_training: autoDraw = True
29.8183 	DATA 	Keypress: 1
29.8253 	EXP 	Device response: <KeyPress from None: t=29.813208875000782, value=1, duration=None>
29.8376 	EXP 	textbox_3: autoDraw = False
29.8376 	EXP 	slider_training: autoDraw = False
29.8376 	EXP 	textbox_2: autoDraw = True
29.8386 	EXP 	Device response: <KeyPress from None: t=29.830272750000404, value=2, duration=None>
29.8397 	DATA 	Keypress: 2
29.9056 	EXP 	Device response: <KeyPress from None: t=29.830272750000404, value=2, duration=0.06306883300021582>
29.9324 	EXP 	Device response: <KeyPress from None: t=29.813208875000782, value=1, duration=0.11304775000007794>
30.8272 	EXP 	New trial (rep=3, index=0): <Trial 3 (0 in rep 3) data={'thisN': 3, 'thisTrialN': 0, 'thisRepN': 3}>
30.8390 	EXP 	textbox_2: autoDraw = False
30.8390 	EXP 	fix: autoDraw = True
31.3373 	DEBUG 	TextBox2 loaded 1 chars with 0 blanks and 1 valid
31.3378 	DEBUG 	Uploading Texture Font fontname to graphics card
31.3414 	DEBUG 	Upload of Texture Font fontname complete
31.3559 	INFO 	Keyboard events cleared
31.3558 	EXP 	fix: autoDraw = False
31.3558 	EXP 	slider_training: markerPos = None
31.3558 	EXP 	slider_training: markerPos = None
31.3558 	EXP 	textbox_3: autoDraw = True
31.3558 	EXP 	slider_training: autoDraw = True
33.3066 	EXP 	Device response: <KeyPress from None: t=33.29933558300036, value=0, duration=None>
33.3086 	DATA 	Keypress: 0
33.3188 	EXP 	textbox_3: autoDraw = False
33.3188 	EXP 	slider_training: autoDraw = False
33.3188 	EXP 	textbox_2: autoDraw = True
33.4139 	EXP 	Device response: <KeyPress from None: t=33.29933558300036, value=0, duration=0.11289545900035591>
34.3084 	EXP 	New trial (rep=4, index=0): <Trial 4 (0 in rep 4) data={'thisN': 4, 'thisTrialN': 0, 'thisRepN': 4}>
34.3208 	EXP 	textbox_2: autoDraw = False
34.3208 	EXP 	fix: autoDraw = True
34.8399 	INFO 	Keyboard events cleared
34.8398 	EXP 	fix: autoDraw = False
34.8398 	EXP 	slider_training: markerPos = None
34.8398 	EXP 	slider_training: markerPos = None
34.8398 	EXP 	textbox_3: autoDraw = True
34.8398 	EXP 	slider_training: autoDraw = True
37.0340 	DATA 	Keypress: 5
37.0412 	EXP 	Device response: <KeyPress from None: t=37.02920516700033, value=5, duration=None>
37.0535 	EXP 	textbox_3: autoDraw = False
37.0535 	EXP 	slider_training: autoDraw = False
37.0535 	EXP 	textbox_2: autoDraw = True
37.1620 	EXP 	Device response: <KeyPress from None: t=37.02920516700033, value=5, duration=0.12204037500032427>
38.0431 	EXP 	New trial (rep=5, index=0): <Trial 5 (0 in rep 5) data={'thisN': 5, 'thisTrialN': 0, 'thisRepN': 5}>
38.0551 	EXP 	textbox_2: autoDraw = False
38.0551 	EXP 	fix: autoDraw = True
38.5683 	INFO 	Keyboard events cleared
38.5682 	EXP 	fix: autoDraw = False
38.5682 	EXP 	slider_training: markerPos = None
38.5682 	EXP 	slider_training: markerPos = None
38.5682 	EXP 	textbox_3: autoDraw = True
38.5682 	EXP 	slider_training: autoDraw = True
42.2563 	EXP 	Device response: <KeyPress from None: t=42.25518125000053, value=7, duration=None>
42.2581 	DATA 	Keypress: 7
42.2688 	EXP 	textbox_3: autoDraw = False
42.2688 	EXP 	slider_training: autoDraw = False
42.2688 	EXP 	textbox_2: autoDraw = True
42.3908 	EXP 	Device response: <KeyPress from None: t=42.25518125000053, value=7, duration=0.13302537500021572>
43.2581 	EXP 	New trial (rep=6, index=0): <Trial 6 (0 in rep 6) data={'thisN': 6, 'thisTrialN': 0, 'thisRepN': 6}>
43.2696 	EXP 	textbox_2: autoDraw = False
43.2696 	EXP 	fix: autoDraw = True
43.7846 	INFO 	Keyboard events cleared
43.7846 	EXP 	fix: autoDraw = False
43.7846 	EXP 	slider_training: markerPos = None
43.7846 	EXP 	slider_training: markerPos = None
43.7846 	EXP 	textbox_3: autoDraw = True
43.7846 	EXP 	slider_training: autoDraw = True
46.8181 	EXP 	Device response: <KeyPress from None: t=46.81418275000033, value=6, duration=None>
46.8201 	DATA 	Keypress: 6
46.8304 	EXP 	textbox_3: autoDraw = False
46.8304 	EXP 	slider_training: autoDraw = False
46.8304 	EXP 	textbox_2: autoDraw = True
46.9523 	EXP 	Device response: <KeyPress from None: t=46.81418275000033, value=6, duration=0.13700916700054222>
47.8210 	EXP 	New trial (rep=7, index=0): <Trial 7 (0 in rep 7) data={'thisN': 7, 'thisTrialN': 0, 'thisRepN': 7}>
47.8316 	EXP 	textbox_2: autoDraw = False
47.8316 	EXP 	fix: autoDraw = True
48.3446 	INFO 	Keyboard events cleared
48.3445 	EXP 	fix: autoDraw = False
48.3445 	EXP 	slider_training: markerPos = None
48.3445 	EXP 	slider_training: markerPos = None
48.3445 	EXP 	textbox_3: autoDraw = True
48.3445 	EXP 	slider_training: autoDraw = True
53.3528 	EXP 	textbox_3: autoDraw = False
53.3528 	EXP 	slider_training: autoDraw = False
53.3528 	EXP 	textbox_2: autoDraw = True
54.3441 	EXP 	New trial (rep=0, index=2): <Trial 2 (2 in rep 0) data={'train_diff': 'med2', 'train_time': np.int64(5), 'thisN': 2, 'thisTrialN': 2, 'thisRepN': 0}>
54.3489 	EXP 	New trial (rep=0, index=0): <Trial 0 (0 in rep 0) data={'thisN': 0, 'thisTrialN': 0, 'thisRepN': 0}>
54.3535 	EXP 	textbox_2: autoDraw = False
54.3535 	EXP 	fix: autoDraw = True
54.8544 	DEBUG 	TextBox2 loaded 1 chars with 0 blanks and 1 valid
54.8564 	DEBUG 	TextBox2 loaded 1 chars with 0 blanks and 1 valid
54.8569 	DEBUG 	Uploading Texture Font fontname to graphics card
54.8607 	DEBUG 	Upload of Texture Font fontname complete
54.8768 	INFO 	Keyboard events cleared
54.8767 	EXP 	fix: autoDraw = False
54.8767 	EXP 	slider_training: markerPos = None
54.8767 	EXP 	slider_training: markerPos = None
54.8767 	EXP 	textbox_3: autoDraw = True
54.8767 	EXP 	slider_training: autoDraw = True
59.8751 	EXP 	textbox_3: autoDraw = False
59.8751 	EXP 	slider_training: autoDraw = False
59.8751 	EXP 	textbox_2: autoDraw = True
60.8656 	EXP 	New trial (rep=0, index=3): <Trial 3 (3 in rep 0) data={'train_diff': 'hard', 'train_time': np.int64(5), 'thisN': 3, 'thisTrialN': 3, 'thisRepN': 0}>
60.8702 	EXP 	New trial (rep=0, index=0): <Trial 0 (0 in rep 0) data={'thisN': 0, 'thisTrialN': 0, 'thisRepN': 0}>
60.8760 	EXP 	textbox_2: autoDraw = False
60.8760 	EXP 	fix: autoDraw = True
61.3832 	DEBUG 	TextBox2 loaded 1 chars with 0 blanks and 1 valid
61.3835 	DEBUG 	Uploading Texture Font fontname to graphics card
61.3867 	DEBUG 	Upload of Texture Font fontname complete
61.3997 	INFO 	Keyboard events cleared
61.3996 	EXP 	fix: autoDraw = False
61.3996 	EXP 	slider_training: markerPos = None
61.3996 	EXP 	slider_training: markerPos = None
61.3996 	EXP 	textbox_3: autoDraw = True
61.3996 	EXP 	slider_training: autoDraw = True
66.3975 	EXP 	textbox_3: autoDraw = False
66.3975 	EXP 	slider_training: autoDraw = False
66.3975 	EXP 	textbox_2: autoDraw = True
67.3884 	EXP 	New trial (rep=0, index=4): <Trial 4 (4 in rep 0) data={'train_diff': 'med1', 'train_time': np.int64(5), 'thisN': 4, 'thisTrialN': 4, 'thisRepN': 0}>
67.3931 	EXP 	New trial (rep=0, index=0): <Trial 0 (0 in rep 0) data={'thisN': 0, 'thisTrialN': 0, 'thisRepN': 0}>
67.3987 	EXP 	textbox_2: autoDraw = False
67.3987 	EXP 	fix: autoDraw = True
67.9117 	INFO 	Keyboard events cleared
67.9117 	EXP 	fix: autoDraw = False
67.9117 	EXP 	slider_training: markerPos = None
67.9117 	EXP 	slider_training: markerPos = None
67.9117 	EXP 	textbox_3: autoDraw = True
67.9117 	EXP 	slider_training: autoDraw = True
72.9199 	EXP 	textbox_3: autoDraw = False
72.9199 	EXP 	slider_training: autoDraw = False
72.9199 	EXP 	textbox_2: autoDraw = True
73.9157 	DEBUG 	Read excel file with openpyxl: experiment_difficulty.xlsx
73.9160 	EXP 	Imported experiment_difficulty.xlsx as conditions, 5 conditions, 2 params
73.9162 	EXP 	New trial (rep=0, index=0): <Trial 0 (0 in rep 0) data={'exp_diff': 'easy1', 'exp_time': 5, 'thisN': 0, 'thisTrialN': 0, 'thisRepN': 0}>
73.9164 	EXP 	New trial (rep=0, index=0): <Trial 0 (0 in rep 0) data={'thisN': 0, 'thisTrialN': 0, 'thisRepN': 0}>
73.9200 	EXP 	textbox_2: autoDraw = False
73.9200 	EXP 	fix: autoDraw = True
74.4366 	DEBUG 	Saving data for misty_module ExperimentHandler
74.4380 	INFO 	saved data to /Users/hackerman/misty_py/data/pilot_misty_module_2026-01-30_17h58.23.006.psydat
74.4407 	INFO 	saved data to '/Users/hackerman/misty_py/data/pilot_misty_module_2026-01-30_17h58.23.006.csv'
74.4419 	WARNING 	Stopping key buffers but this could be dangerous ifother keyboards rely on the same.
