10.7591 	WARNING 	Font Manager failed to load file /System/Library/PrivateFrameworks/FontServices.framework/Resources/Reserved/PingFangUI.ttc
10.7969 	WARNING 	Font Manager failed to load file /System/Library/PrivateFrameworks/FontServices.framework/Resources/Reserved/PingFangUI.ttc
13.4905 	DEBUG 	Fullscreen settings ignored as running in pilot mode.
13.4915 	INFO 	Loaded monitor calibration from ['2026_01_21 12:15']
13.6025 	INFO 	Using renderer 'Apple M4' for graphics
13.6025 	INFO 	OpenGL version supported by driver is 2..
13.6218 	EXP 	Created window1 = Window(allowGUI=False, allowStencil=True, autoLog=True, backendConf=UNKNOWN, backgroundFit=<method-wrapper '__getattribute__' of attributeSetter object at 0x1755f57e0>, backgroundImage=<method-wrapper '__getattribute__' of attributeSetter object at 0x1755f5780>, bitsMode=UNKNOWN, blendMode='avg', bpc=(8, 8, 8), color=array([0, 0, 0]), colorSpace='rgb', depthBits=8, fullscr=False, gamma=None, gammaErrorPolicy='raise', infoMsg=UNKNOWN, lms=UNKNOWN, monitor=<psychopy.monitors.calibTools.Monitor object at 0x1756375b0>, multiSample=False, name='window1', numSamples=2, pos=[np.float64(335.0), np.float64(178.0)], screen=0, size=array([1600, 1200]), stencilBits=8, stereo=False, title='PsychoPy', units='height', useFBO=True, useRetina=True, viewOri=0.0, viewPos=None, viewScale=None, waitBlanking=True, winType='pyglet')
13.6218 	EXP 	window1: backgroundImage = ''
13.6218 	EXP 	window1: backgroundFit = 'none'
13.6347 	DEBUG 	TextBox2 loaded 1 chars with 0 blanks and 1 valid
13.6430 	DEBUG 	TextBox2 loaded 1 chars with 0 blanks and 1 valid
13.6512 	DEBUG 	TextBox2 loaded 1 chars with 0 blanks and 1 valid
13.6595 	DEBUG 	TextBox2 loaded 1 chars with 0 blanks and 1 valid
13.6678 	DEBUG 	TextBox2 loaded 1 chars with 0 blanks and 1 valid
13.6759 	DEBUG 	TextBox2 loaded 1 chars with 0 blanks and 1 valid
13.6840 	DEBUG 	TextBox2 loaded 1 chars with 0 blanks and 1 valid
13.6923 	DEBUG 	TextBox2 loaded 1 chars with 0 blanks and 1 valid
13.7002 	DEBUG 	TextBox2 loaded 1 chars with 0 blanks and 1 valid
13.7082 	DEBUG 	TextBox2 loaded 1 chars with 0 blanks and 1 valid
13.7164 	DEBUG 	TextBox2 loaded 1 chars with 0 blanks and 1 valid
13.7246 	DEBUG 	TextBox2 loaded 1 chars with 0 blanks and 1 valid
13.7327 	DEBUG 	TextBox2 loaded 1 chars with 0 blanks and 1 valid
13.7409 	DEBUG 	TextBox2 loaded 1 chars with 0 blanks and 1 valid
13.7490 	DEBUG 	TextBox2 loaded 1 chars with 0 blanks and 1 valid
13.7573 	DEBUG 	TextBox2 loaded 1 chars with 0 blanks and 1 valid
13.7655 	DEBUG 	TextBox2 loaded 1 chars with 0 blanks and 1 valid
13.7735 	DEBUG 	TextBox2 loaded 1 chars with 0 blanks and 1 valid
13.7815 	DEBUG 	TextBox2 loaded 1 chars with 0 blanks and 1 valid
13.7899 	DEBUG 	TextBox2 loaded 1 chars with 0 blanks and 1 valid
13.7979 	DEBUG 	TextBox2 loaded 1 chars with 0 blanks and 1 valid
13.7980 	DEBUG 	Uploading Texture Font fontname to graphics card
13.8009 	DEBUG 	Upload of Texture Font fontname complete
13.8118 	DEBUG 	TextBox2 loaded 1 chars with 0 blanks and 1 valid
13.8199 	DEBUG 	TextBox2 loaded 1 chars with 0 blanks and 1 valid
13.8281 	DEBUG 	TextBox2 loaded 1 chars with 0 blanks and 1 valid
13.8282 	DEBUG 	Uploading Texture Font fontname to graphics card
13.8296 	DEBUG 	Upload of Texture Font fontname complete
13.8305 	EXP 	window1: Attempting to measure frame rate of screen (0) ...
13.8306 	EXP 	window1: recordFrameIntervals = False
13.9443 	EXP 	window1: recordFrameIntervals = True
14.7816 	WARNING 	Couldn't measure a consistent frame rate!
  - Is your graphics card set to sync to vertical blank?
  - Are you running other processes on your computer?

14.8046 	DEBUG 	TextBox2 loaded 1 chars with 0 blanks and 1 valid
14.8166 	DEBUG 	TextBox2 loaded 1 chars with 0 blanks and 1 valid
14.8270 	DEBUG 	TextBox2 loaded 1 chars with 0 blanks and 1 valid
14.8367 	DEBUG 	TextBox2 loaded 1 chars with 0 blanks and 1 valid
14.8458 	DEBUG 	TextBox2 loaded 1 chars with 0 blanks and 1 valid
14.8544 	DEBUG 	TextBox2 loaded 1 chars with 0 blanks and 1 valid
14.8623 	DEBUG 	TextBox2 loaded 1 chars with 0 blanks and 1 valid
14.8703 	DEBUG 	TextBox2 loaded 1 chars with 0 blanks and 1 valid
14.8782 	DEBUG 	TextBox2 loaded 1 chars with 0 blanks and 1 valid
14.8861 	DEBUG 	TextBox2 loaded 1 chars with 0 blanks and 1 valid
14.8862 	DEBUG 	Uploading Texture Font fontname to graphics card
14.8878 	DEBUG 	Upload of Texture Font fontname complete
15.4571 	INFO 	keyboard.Keyboard is using ptb backend.
15.4571 	EXP 	misty_module: status = STARTED
15.4920 	EXP 	Created text = TextStim(__class__=<class 'psychopy.visual.text.TextStim'>, alignHoriz=method-wrapper(...), alignText='center', alignVert=method-wrapper(...), anchorHoriz='center', anchorVert='center', antialias=True, autoDraw=False, autoLog=True, bold=False, color=array([1., 1., 1.]), colorSpace='rgb', contrast=1.0, depth=-1.0, draggable=False, flipHoriz=False, flipVert=False, font='Arial', fontFiles=[], height=np.float64(0.05), italic=False, languageStyle='LTR', name='text', opacity=1, ori=0.0, pos=array([0., 0.]), rgb=UNKNOWN, text=str(...), units='height', win=Window(...), wrapWidth=1)
15.4995 	EXP 	Created intstructs = TextStim(__class__=<class 'psychopy.visual.text.TextStim'>, alignHoriz=method-wrapper(...), alignText='center', alignVert=method-wrapper(...), anchorHoriz='center', anchorVert='center', antialias=True, autoDraw=False, autoLog=True, bold=False, color=array([1., 1., 1.]), colorSpace='rgb', contrast=1.0, depth=0.0, draggable=False, flipHoriz=False, flipVert=False, font='Arial', fontFiles=[], height=np.float64(0.05), italic=False, languageStyle='LTR', name='intstructs', opacity=1, ori=0.0, pos=array([0., 0.]), rgb=UNKNOWN, text=str(...), units='height', win=Window(...), wrapWidth=1)
15.5017 	EXP 	Created fix = TextStim(__class__=<class 'psychopy.visual.text.TextStim'>, alignHoriz=method-wrapper(...), alignText='center', alignVert=method-wrapper(...), anchorHoriz='center', anchorVert='center', antialias=True, autoDraw=False, autoLog=True, bold=False, color=array([1., 1., 1.]), colorSpace='rgb', contrast=1.0, depth=-1.0, draggable=False, flipHoriz=False, flipVert=False, font='Open Sans', fontFiles=[], height=np.float64(0.1), italic=False, languageStyle='LTR', name='fix', opacity=1, ori=0.0, pos=array([0., 0.]), rgb=UNKNOWN, text='+', units='height', win=Window(...), wrapWidth=1)
15.5075 	DEBUG 	TextBox2 loaded 1 chars with 0 blanks and 1 valid
15.5082 	DEBUG 	TextBox2 loaded 1 chars with 0 blanks and 1 valid
15.5088 	DEBUG 	TextBox2 loaded 1 chars with 0 blanks and 1 valid
15.5093 	DEBUG 	TextBox2 loaded 1 chars with 0 blanks and 1 valid
15.5095 	DEBUG 	TextBox2 loaded 1 chars with 0 blanks and 1 valid
15.5097 	DEBUG 	TextBox2 loaded 1 chars with 0 blanks and 1 valid
15.5103 	DEBUG 	TextBox2 loaded 1 chars with 0 blanks and 1 valid
15.5107 	DEBUG 	TextBox2 loaded 1 chars with 0 blanks and 1 valid
15.5109 	DEBUG 	TextBox2 loaded 1 chars with 0 blanks and 1 valid
15.5110 	DEBUG 	Uploading Texture Font fontname to graphics card
15.5132 	DEBUG 	Upload of Texture Font fontname complete
15.5344 	DEBUG 	TextBox2 loaded 1 chars with 0 blanks and 1 valid
15.5345 	DEBUG 	Uploading Texture Font fontname to graphics card
15.5366 	DEBUG 	Upload of Texture Font fontname complete
15.5470 	DEBUG 	TextBox2 loaded 1 chars with 0 blanks and 1 valid
15.5548 	DEBUG 	TextBox2 loaded 1 chars with 0 blanks and 1 valid
15.5627 	DEBUG 	TextBox2 loaded 1 chars with 0 blanks and 1 valid
15.5705 	DEBUG 	TextBox2 loaded 1 chars with 0 blanks and 1 valid
15.5782 	DEBUG 	TextBox2 loaded 1 chars with 0 blanks and 1 valid
15.5859 	DEBUG 	TextBox2 loaded 1 chars with 0 blanks and 1 valid
15.5937 	DEBUG 	TextBox2 loaded 1 chars with 0 blanks and 1 valid
15.6015 	DEBUG 	TextBox2 loaded 1 chars with 0 blanks and 1 valid
15.6093 	DEBUG 	TextBox2 loaded 1 chars with 0 blanks and 1 valid
15.6170 	DEBUG 	TextBox2 loaded 1 chars with 0 blanks and 1 valid
15.6172 	DEBUG 	Uploading Texture Font fontname to graphics card
15.6187 	DEBUG 	Upload of Texture Font fontname complete
15.6290 	DEBUG 	TextBox2 loaded 1 chars with 0 blanks and 1 valid
15.6291 	DEBUG 	Uploading Texture Font fontname to graphics card
15.6306 	DEBUG 	Upload of Texture Font fontname complete
15.6434 	DEBUG 	TextBox2 loaded 1 chars with 0 blanks and 1 valid
15.6435 	DEBUG 	Uploading Texture Font fontname to graphics card
15.6450 	DEBUG 	Upload of Texture Font fontname complete
15.6578 	DEBUG 	TextBox2 loaded 1 chars with 0 blanks and 1 valid
15.6579 	DEBUG 	Uploading Texture Font fontname to graphics card
15.6593 	DEBUG 	Upload of Texture Font fontname complete
15.6721 	DEBUG 	TextBox2 loaded 1 chars with 0 blanks and 1 valid
15.6722 	DEBUG 	Uploading Texture Font fontname to graphics card
15.6737 	DEBUG 	Upload of Texture Font fontname complete
15.6865 	DEBUG 	TextBox2 loaded 1 chars with 0 blanks and 1 valid
15.6865 	DEBUG 	Uploading Texture Font fontname to graphics card
15.6880 	DEBUG 	Upload of Texture Font fontname complete
15.7008 	DEBUG 	TextBox2 loaded 1 chars with 0 blanks and 1 valid
15.7009 	DEBUG 	Uploading Texture Font fontname to graphics card
15.7023 	DEBUG 	Upload of Texture Font fontname complete
15.7152 	DEBUG 	TextBox2 loaded 1 chars with 0 blanks and 1 valid
15.7152 	DEBUG 	Uploading Texture Font fontname to graphics card
15.7167 	DEBUG 	Upload of Texture Font fontname complete
15.7295 	DEBUG 	TextBox2 loaded 1 chars with 0 blanks and 1 valid
15.7296 	DEBUG 	Uploading Texture Font fontname to graphics card
15.7310 	DEBUG 	Upload of Texture Font fontname complete
15.7439 	DEBUG 	TextBox2 loaded 1 chars with 0 blanks and 1 valid
15.7439 	DEBUG 	Uploading Texture Font fontname to graphics card
15.7454 	DEBUG 	Upload of Texture Font fontname complete
15.7682 	EXP 	Created slider_3 = Slider(__class__=<class 'psychopy.visual.slider.Slider'>, autoDraw=False, autoLog=True, borderColor=None, color=None, colorSpace='rgb', depth=-2, fillColor=None, flip=False, font='Noto Sans', granularity=1, labelColor=None, labelHeight=np.float64(0.05), labelWrapWidth=None, labels=(0, 1, 2, 3, 4, 5, 6, 7, 8, 9), lineColor=None, markerColor=None, name='slider_3', opacity=None, ori=0.0, pos=array([ 0. , -0.4]), readOnly=False, self=UNKNOWN, size=array([1. , 0.1]), startValue=None, style='choice', styleTweaks=[], ticks=array([0, 1, 2, 3, 4, 5, 6, 7, 8, 9]), units='norm', win=Window(...))
15.7754 	EXP 	Created text_2 = TextStim(__class__=<class 'psychopy.visual.text.TextStim'>, alignHoriz=method-wrapper(...), alignText='center', alignVert=method-wrapper(...), anchorHoriz='center', anchorVert='center', antialias=True, autoDraw=False, autoLog=True, bold=False, color=array([1., 1., 1.]), colorSpace='rgb', contrast=1.0, depth=0.0, draggable=False, flipHoriz=False, flipVert=False, font='Arial', fontFiles=[], height=np.float64(0.05), italic=False, languageStyle='LTR', name='text_2', opacity=1, ori=0.0, pos=array([0., 0.]), rgb=UNKNOWN, text=str(...), units='height', win=Window(...), wrapWidth=1)
15.7762 	EXP 	Created fix = TextStim(__class__=<class 'psychopy.visual.text.TextStim'>, alignHoriz=method-wrapper(...), alignText='center', alignVert=method-wrapper(...), anchorHoriz='center', anchorVert='center', antialias=True, autoDraw=False, autoLog=True, bold=False, color=array([1., 1., 1.]), colorSpace='rgb', contrast=1.0, depth=-1.0, draggable=False, flipHoriz=False, flipVert=False, font='Open Sans', fontFiles=[], height=np.float64(0.1), italic=False, languageStyle='LTR', name='fix', opacity=1, ori=0.0, pos=array([0., 0.]), rgb=UNKNOWN, text='+', units='height', win=Window(...), wrapWidth=1)
15.7785 	EXP 	Created prog_3 = Progress(__class__=<class 'psychopy.visual.progress.Progress'>, anchor=('left', 'top'), autoDraw=False, autoLog=True, closeShape=True, color=method-wrapper(...), colorSpace='rgb', contrast=None, depth=-1, draggable=False, fillColor=array([-1.    ,  0.5373, -1.    ]), fillColorSpace='rgb', fillRGB=array([-1.    ,  0.5373, -1.    ]), interpolate=True, lineColor=array([1., 1., 1.]), lineColorSpace='rgb', lineRGB=array([1, 1, 1]), lineWidth=4.0, name='prog_3', opacity=1.0, ori=0.0, pos=array([-0.5,  0.5]), size=array([1. , 0.1]), units='norm', vertices=ndarray(...), win=Window(...), windingRule=None)
15.7792 	EXP 	Created prog_3Bar = ShapeStim(__class__=<class 'psychopy.visual.shape.ShapeStim'>, anchor=('left', 'top'), autoDraw=False, autoLog=True, closeShape=True, color=method-wrapper(...), colorSpace='rgb', contrast=None, depth=-1, draggable=False, fillColor=array([ 1., -1., -1.]), fillColorSpace='rgb', fillRGB=array([ 1., -1., -1.]), interpolate=True, lineColor=array([0., 0., 0.]), lineColorSpace='rgb', lineRGB=array([0, 0, 0]), lineWidth=1.5, name='prog_3Bar', opacity=1.0, ori=0.0, pos=array([-0.5,  0.5]), size=array([1. , 0.1]), units='norm', vertices=ndarray(...), win=Window(...), windingRule=None)
15.7798 	EXP 	Created redbar_3 = Rect(__class__=<class 'psychopy.visual.rect.Rect'>, anchor=('left', 'center'), autoDraw=False, autoLog=True, closeShape=True, color=method-wrapper(...), colorSpace='rgb', contrast=None, depth=-2.0, draggable=False, fillColor=array([ 1., -1., -1.]), fillColorSpace='rgb', fillRGB=array([ 1., -1., -1.]), interpolate=True, lineColor=array([1., 1., 1.]), lineColorSpace='rgb', lineRGB=array([1, 1, 1]), lineWidth=1.0, name='redbar_3', opacity=1, ori=0.0, pos=array([-1. ,  0.7]), size=array([2. , 0.1]), units='norm', vertices=ndarray(...), win=Window(...))
15.7804 	EXP 	Created yellowbar_3 = Rect(__class__=<class 'psychopy.visual.rect.Rect'>, anchor=('left', 'center'), autoDraw=False, autoLog=True, closeShape=True, color=method-wrapper(...), colorSpace='rgb', contrast=None, depth=-3.0, draggable=False, fillColor=array([ 1.,  1., -1.]), fillColorSpace='rgb', fillRGB=array([ 1.,  1., -1.]), interpolate=True, lineColor=array([1., 1., 1.]), lineColorSpace='rgb', lineRGB=array([1, 1, 1]), lineWidth=1.0, name='yellowbar_3', opacity=1, ori=0.0, pos=array([0. , 0.7]), size=array([1. , 0.1]), units='norm', vertices=ndarray(...), win=Window(...))
15.7809 	EXP 	Created greenbar_3 = Rect(__class__=<class 'psychopy.visual.rect.Rect'>, anchor=('left', 'center'), autoDraw=False, autoLog=True, closeShape=True, color=method-wrapper(...), colorSpace='rgb', contrast=None, depth=-4.0, draggable=False, fillColor=array([-1.    ,  0.0039, -1.    ]), fillColorSpace='rgb', fillRGB=array([-1.    ,  0.0039, -1.    ]), interpolate=True, lineColor=array([1., 1., 1.]), lineColorSpace='rgb', lineRGB=array([1, 1, 1]), lineWidth=1.0, name='greenbar_3', opacity=1, ori=0.0, pos=array([0.7, 0.7]), size=array([0.3, 0.1]), units='norm', vertices=ndarray(...), win=Window(...))
15.7817 	EXP 	Created arrow_3 = ShapeStim(__class__=<class 'psychopy.visual.shape.ShapeStim'>, anchor=('center', 'center'), autoDraw=False, autoLog=True, closeShape=True, color=method-wrapper(...), colorSpace='rgb', contrast=None, depth=-5.0, draggable=False, fillColor=array([1, 1, 1]), fillColorSpace='rgb', fillRGB=array([1, 1, 1]), interpolate=True, lineColor=array([1., 1., 1.]), lineColorSpace='rgb', lineRGB=array([1, 1, 1]), lineWidth=1.0, name='arrow_3', opacity=1, ori=0.0, pos=array([0., 0.]), size=array([0.05, 0.05]), units='norm', vertices=ndarray(...), win=Window(...), windingRule=None)
15.7824 	EXP 	Created arrow_4 = ShapeStim(__class__=<class 'psychopy.visual.shape.ShapeStim'>, anchor=('center', 'center'), autoDraw=False, autoLog=True, closeShape=True, color=method-wrapper(...), colorSpace='rgb', contrast=None, depth=-6.0, draggable=False, fillColor=array([1, 1, 1]), fillColorSpace='rgb', fillRGB=array([1, 1, 1]), interpolate=True, lineColor=array([1., 1., 1.]), lineColorSpace='rgb', lineRGB=array([1, 1, 1]), lineWidth=1.0, name='arrow_4', opacity=1, ori=0.0, pos=array([0., 0.]), size=array([0.05, 0.05]), units='norm', vertices=ndarray(...), win=Window(...), windingRule=None)
15.7858 	DEBUG 	TextBox2 loaded 1 chars with 0 blanks and 1 valid
15.7861 	DEBUG 	TextBox2 loaded 1 chars with 0 blanks and 1 valid
15.7864 	DEBUG 	TextBox2 loaded 1 chars with 0 blanks and 1 valid
15.7867 	DEBUG 	TextBox2 loaded 1 chars with 0 blanks and 1 valid
15.7870 	DEBUG 	TextBox2 loaded 1 chars with 0 blanks and 1 valid
15.7873 	DEBUG 	TextBox2 loaded 1 chars with 0 blanks and 1 valid
15.7873 	DEBUG 	Uploading Texture Font fontname to graphics card
15.7895 	DEBUG 	Upload of Texture Font fontname complete
15.7926 	DEBUG 	TextBox2 loaded 1 chars with 0 blanks and 1 valid
15.7929 	DEBUG 	TextBox2 loaded 1 chars with 0 blanks and 1 valid
15.7932 	DEBUG 	TextBox2 loaded 1 chars with 0 blanks and 1 valid
15.7934 	DEBUG 	TextBox2 loaded 1 chars with 0 blanks and 1 valid
15.7937 	DEBUG 	TextBox2 loaded 1 chars with 0 blanks and 1 valid
15.7939 	DEBUG 	TextBox2 loaded 1 chars with 0 blanks and 1 valid
15.7940 	DEBUG 	Uploading Texture Font fontname to graphics card
15.7955 	DEBUG 	Upload of Texture Font fontname complete
15.7996 	DEBUG 	TextBox2 loaded 1 chars with 0 blanks and 1 valid
15.7999 	DEBUG 	TextBox2 loaded 1 chars with 0 blanks and 1 valid
15.8002 	DEBUG 	TextBox2 loaded 1 chars with 0 blanks and 1 valid
15.8002 	DEBUG 	Uploading Texture Font fontname to graphics card
15.8020 	DEBUG 	Upload of Texture Font fontname complete
15.8759 	EXP 	Created slider_4 = Slider(__class__=<class 'psychopy.visual.slider.Slider'>, autoDraw=False, autoLog=True, borderColor=None, color=None, colorSpace='rgb', depth=-9, fillColor=None, flip=False, font='Noto Sans', granularity=1, labelColor=None, labelHeight=np.float64(0.05), labelWrapWidth=None, labels=(0, 1, 2, 3, 4, 5, 6, 7, 8, 9), lineColor=None, markerColor=None, name='slider_4', opacity=None, ori=0.0, pos=array([ 0. , -0.4]), readOnly=False, self=UNKNOWN, size=array([1. , 0.1]), startValue=None, style='choice', styleTweaks=[], ticks=array([0, 1, 2, 3, 4, 5, 6, 7, 8, 9]), units='norm', win=Window(...))
15.8865 	EXP 	Created text_3 = TextStim(__class__=<class 'psychopy.visual.text.TextStim'>, alignHoriz=method-wrapper(...), alignText='center', alignVert=method-wrapper(...), anchorHoriz='center', anchorVert='center', antialias=True, autoDraw=False, autoLog=True, bold=False, color=array([1., 1., 1.]), colorSpace='rgb', contrast=1.0, depth=0.0, draggable=False, flipHoriz=False, flipVert=False, font='Arial', fontFiles=[], height=np.float64(0.05), italic=False, languageStyle='LTR', name='text_3', opacity=1, ori=0.0, pos=array([0., 0.]), rgb=UNKNOWN, text='Training instructions here', units='height', win=Window(...), wrapWidth=1)
15.8873 	EXP 	Created fix = TextStim(__class__=<class 'psychopy.visual.text.TextStim'>, alignHoriz=method-wrapper(...), alignText='center', alignVert=method-wrapper(...), anchorHoriz='center', anchorVert='center', antialias=True, autoDraw=False, autoLog=True, bold=False, color=array([1., 1., 1.]), colorSpace='rgb', contrast=1.0, depth=-1.0, draggable=False, flipHoriz=False, flipVert=False, font='Open Sans', fontFiles=[], height=np.float64(0.1), italic=False, languageStyle='LTR', name='fix', opacity=1, ori=0.0, pos=array([0., 0.]), rgb=UNKNOWN, text='+', units='height', win=Window(...), wrapWidth=1)
15.9624 	EXP 	Created slider_training = Slider(__class__=<class 'psychopy.visual.slider.Slider'>, autoDraw=False, autoLog=True, borderColor=None, color=None, colorSpace='rgb', depth=-2, fillColor=None, flip=False, font='Noto Sans', granularity=1, labelColor=None, labelHeight=np.float64(0.05), labelWrapWidth=None, labels=(0, 1, 2, 3, 4, 5, 6, 7, 8, 9), lineColor=None, markerColor=None, name='slider_training', opacity=None, ori=0.0, pos=array([ 0. , -0.4]), readOnly=False, self=UNKNOWN, size=array([1. , 0.1]), startValue=None, style='choice', styleTweaks=[], ticks=array([0, 1, 2, 3, 4, 5, 6, 7, 8, 9]), units='norm', win=Window(...))
15.9695 	EXP 	Created text_4 = TextStim(__class__=<class 'psychopy.visual.text.TextStim'>, alignHoriz=method-wrapper(...), alignText='center', alignVert=method-wrapper(...), anchorHoriz='center', anchorVert='center', antialias=True, autoDraw=False, autoLog=True, bold=False, color=array([1., 1., 1.]), colorSpace='rgb', contrast=1.0, depth=0.0, draggable=False, flipHoriz=False, flipVert=False, font='Arial', fontFiles=[], height=np.float64(0.05), italic=False, languageStyle='LTR', name='text_4', opacity=1, ori=0.0, pos=array([0., 0.]), rgb=UNKNOWN, text='Please press space to move onto the next block', units='height', win=Window(...), wrapWidth=1)
15.9711 	EXP 	Created text_6 = TextStim(__class__=<class 'psychopy.visual.text.TextStim'>, alignHoriz=method-wrapper(...), alignText='center', alignVert=method-wrapper(...), anchorHoriz='center', anchorVert='center', antialias=True, autoDraw=False, autoLog=True, bold=False, color=array([1., 1., 1.]), colorSpace='rgb', contrast=1.0, depth=0.0, draggable=False, flipHoriz=False, flipVert=False, font='Arial', fontFiles=[], height=np.float64(0.05), italic=False, languageStyle='LTR', name='text_6', opacity=1, ori=0.0, pos=array([0., 0.]), rgb=UNKNOWN, text='Press Space to Start experiment', units='height', win=Window(...), wrapWidth=1)
15.9719 	EXP 	Created fix = TextStim(__class__=<class 'psychopy.visual.text.TextStim'>, alignHoriz=method-wrapper(...), alignText='center', alignVert=method-wrapper(...), anchorHoriz='center', anchorVert='center', antialias=True, autoDraw=False, autoLog=True, bold=False, color=array([1., 1., 1.]), colorSpace='rgb', contrast=1.0, depth=-1.0, draggable=False, flipHoriz=False, flipVert=False, font='Open Sans', fontFiles=[], height=np.float64(0.1), italic=False, languageStyle='LTR', name='fix', opacity=1, ori=0.0, pos=array([0., 0.]), rgb=UNKNOWN, text='+', units='height', win=Window(...), wrapWidth=1)
15.9727 	EXP 	Created prog = Progress(__class__=<class 'psychopy.visual.progress.Progress'>, anchor=('left', 'top'), autoDraw=False, autoLog=True, closeShape=True, color=method-wrapper(...), colorSpace='rgb', contrast=None, depth=-1, draggable=False, fillColor=array([-1.    ,  0.5373, -1.    ]), fillColorSpace='rgb', fillRGB=array([-1.    ,  0.5373, -1.    ]), interpolate=True, lineColor=array([1., 1., 1.]), lineColorSpace='rgb', lineRGB=array([1, 1, 1]), lineWidth=4.0, name='prog', opacity=1.0, ori=0.0, pos=array([-0.5,  0.5]), size=array([1. , 0.1]), units='norm', vertices=ndarray(...), win=Window(...), windingRule=None)
15.9734 	EXP 	Created progBar = ShapeStim(__class__=<class 'psychopy.visual.shape.ShapeStim'>, anchor=('left', 'top'), autoDraw=False, autoLog=True, closeShape=True, color=method-wrapper(...), colorSpace='rgb', contrast=None, depth=-1, draggable=False, fillColor=array([ 1., -1., -1.]), fillColorSpace='rgb', fillRGB=array([ 1., -1., -1.]), interpolate=True, lineColor=array([0., 0., 0.]), lineColorSpace='rgb', lineRGB=array([0, 0, 0]), lineWidth=1.5, name='progBar', opacity=1.0, ori=0.0, pos=array([-0.5,  0.5]), size=array([1. , 0.1]), units='norm', vertices=ndarray(...), win=Window(...), windingRule=None)
15.9740 	EXP 	Created redbar = Rect(__class__=<class 'psychopy.visual.rect.Rect'>, anchor=('left', 'center'), autoDraw=False, autoLog=True, closeShape=True, color=method-wrapper(...), colorSpace='rgb', contrast=None, depth=-2.0, draggable=False, fillColor=array([ 1., -1., -1.]), fillColorSpace='rgb', fillRGB=array([ 1., -1., -1.]), interpolate=True, lineColor=array([1., 1., 1.]), lineColorSpace='rgb', lineRGB=array([1, 1, 1]), lineWidth=1.0, name='redbar', opacity=1, ori=0.0, pos=array([-1. ,  0.7]), size=array([2. , 0.1]), units='norm', vertices=ndarray(...), win=Window(...))
15.9746 	EXP 	Created yellowbar = Rect(__class__=<class 'psychopy.visual.rect.Rect'>, anchor=('left', 'center'), autoDraw=False, autoLog=True, closeShape=True, color=method-wrapper(...), colorSpace='rgb', contrast=None, depth=-3.0, draggable=False, fillColor=array([ 1.,  1., -1.]), fillColorSpace='rgb', fillRGB=array([ 1.,  1., -1.]), interpolate=True, lineColor=array([1., 1., 1.]), lineColorSpace='rgb', lineRGB=array([1, 1, 1]), lineWidth=1.0, name='yellowbar', opacity=1, ori=0.0, pos=array([0. , 0.7]), size=array([1. , 0.1]), units='norm', vertices=ndarray(...), win=Window(...))
15.9751 	EXP 	Created greenbar = Rect(__class__=<class 'psychopy.visual.rect.Rect'>, anchor=('left', 'center'), autoDraw=False, autoLog=True, closeShape=True, color=method-wrapper(...), colorSpace='rgb', contrast=None, depth=-4.0, draggable=False, fillColor=array([-1.    ,  0.0039, -1.    ]), fillColorSpace='rgb', fillRGB=array([-1.    ,  0.0039, -1.    ]), interpolate=True, lineColor=array([1., 1., 1.]), lineColorSpace='rgb', lineRGB=array([1, 1, 1]), lineWidth=1.0, name='greenbar', opacity=1, ori=0.0, pos=array([0.7, 0.7]), size=array([0.3, 0.1]), units='norm', vertices=ndarray(...), win=Window(...))
15.9760 	EXP 	Created targarrow = ShapeStim(__class__=<class 'psychopy.visual.shape.ShapeStim'>, anchor=('center', 'center'), autoDraw=False, autoLog=True, closeShape=True, color=method-wrapper(...), colorSpace='rgb', contrast=None, depth=-5.0, draggable=False, fillColor=array([1, 1, 1]), fillColorSpace='rgb', fillRGB=array([1, 1, 1]), interpolate=True, lineColor=array([1., 1., 1.]), lineColorSpace='rgb', lineRGB=array([1, 1, 1]), lineWidth=1.0, name='targarrow', opacity=1, ori=0.0, pos=array([0.7, 0.6]), size=array([0.05, 0.05]), units='norm', vertices=ndarray(...), win=Window(...), windingRule=None)
15.9767 	EXP 	Created userArrow = ShapeStim(__class__=<class 'psychopy.visual.shape.ShapeStim'>, anchor=('center', 'center'), autoDraw=False, autoLog=True, closeShape=True, color=method-wrapper(...), colorSpace='rgb', contrast=None, depth=-6.0, draggable=False, fillColor=array([1, 1, 1]), fillColorSpace='rgb', fillRGB=array([1, 1, 1]), interpolate=True, lineColor=array([1., 1., 1.]), lineColorSpace='rgb', lineRGB=array([1, 1, 1]), lineWidth=1.0, name='userArrow', opacity=1, ori=0.0, pos=array([0., 0.]), size=array([0.05, 0.05]), units='norm', vertices=ndarray(...), win=Window(...), windingRule=None)
16.0622 	EXP 	Created slider = Slider(__class__=<class 'psychopy.visual.slider.Slider'>, autoDraw=False, autoLog=True, borderColor=None, color=None, colorSpace='rgb', depth=-10, fillColor=None, flip=False, font='Noto Sans', granularity=1, labelColor=None, labelHeight=np.float64(0.05), labelWrapWidth=None, labels=(0, 1, 2, 3, 4, 5, 6, 7, 8, 9), lineColor=None, markerColor=None, name='slider', opacity=None, ori=0.0, pos=array([ 0. , -0.4]), readOnly=False, self=UNKNOWN, size=array([1. , 0.1]), startValue=None, style='choice', styleTweaks=[], ticks=array([0, 1, 2, 3, 4, 5, 6, 7, 8, 9]), units='norm', win=Window(...))
16.0630 	EXP 	Created norm_arrow = ShapeStim(__class__=<class 'psychopy.visual.shape.ShapeStim'>, anchor=('center', 'center'), autoDraw=False, autoLog=True, closeShape=True, color=method-wrapper(...), colorSpace='rgb', contrast=None, depth=-12.0, draggable=False, fillColor=array([1, 1, 1]), fillColorSpace='rgb', fillRGB=array([1, 1, 1]), interpolate=True, lineColor=array([1., 1., 1.]), lineColorSpace='rgb', lineRGB=array([1, 1, 1]), lineWidth=1.0, name='norm_arrow', opacity=1, ori=0.0, pos=array([0.7, 0.6]), size=array([0.05, 0.05]), units='height', vertices=ndarray(...), win=Window(...), windingRule=None)
16.0679 	EXP 	Created text_5 = TextStim(__class__=<class 'psychopy.visual.text.TextStim'>, alignHoriz=method-wrapper(...), alignText='center', alignVert=method-wrapper(...), anchorHoriz='center', anchorVert='center', antialias=True, autoDraw=False, autoLog=True, bold=False, color=array([1., 1., 1.]), colorSpace='rgb', contrast=1.0, depth=0.0, draggable=False, flipHoriz=False, flipVert=False, font='Arial', fontFiles=[], height=0.05, italic=False, languageStyle='LTR', name='text_5', opacity=1, ori=0.0, pos=array([0., 0.]), rgb=UNKNOWN, text='', units='height', win=Window(...), wrapWidth=1)
16.0697 	EXP 	Created text_7 = TextStim(__class__=<class 'psychopy.visual.text.TextStim'>, alignHoriz=method-wrapper(...), alignText='center', alignVert=method-wrapper(...), anchorHoriz='center', anchorVert='center', antialias=True, autoDraw=False, autoLog=True, bold=False, color=array([1., 1., 1.]), colorSpace='rgb', contrast=1.0, depth=0.0, draggable=False, flipHoriz=False, flipVert=False, font='Arial', fontFiles=[], height=np.float64(0.05), italic=False, languageStyle='LTR', name='text_7', opacity=1, ori=0.0, pos=array([0., 0.]), rgb=UNKNOWN, text=str(...), units='height', win=Window(...), wrapWidth=1)
0.0037 	EXP 	equation_practice_1: autoLog = True
0.0037 	EXP 	slider_3: autoLog = True
0.0037 	EXP 	slider_3: styleTweaks = []
0.0037 	EXP 	slider_3: styleTweaks = []
0.0037 	EXP 	slider_3: styleTweaks = []
0.0037 	EXP 	slider_3: styleTweaks = []
0.0037 	EXP 	slider_3: contrast = 1.0
0.0037 	EXP 	slider_3: markerPos = None
0.0037 	EXP 	slider_3: autoLog = True
0.0037 	EXP 	feedback_practice_1: autoLog = True
0.0037 	EXP 	prog_3: direction = 'horizontal'
0.0037 	EXP 	prog_3: progress = 0.0
0.0037 	EXP 	targlab: autoLog = True
0.0037 	EXP 	yourperf: autoLog = True
0.0037 	EXP 	slider_4: autoLog = True
0.0037 	EXP 	slider_4: styleTweaks = []
0.0037 	EXP 	slider_4: styleTweaks = []
0.0037 	EXP 	slider_4: styleTweaks = []
0.0037 	EXP 	slider_4: styleTweaks = []
0.0037 	EXP 	slider_4: contrast = 1.0
0.0037 	EXP 	slider_4: markerPos = None
0.0037 	EXP 	slider_4: autoLog = True
0.0037 	EXP 	textbox_5: autoLog = True
0.0037 	EXP 	feedback_practice_1: autoLog = True
0.0037 	EXP 	textbox_3: autoLog = True
0.0037 	EXP 	slider_training: autoLog = True
0.0037 	EXP 	slider_training: styleTweaks = []
0.0037 	EXP 	slider_training: styleTweaks = []
0.0037 	EXP 	slider_training: styleTweaks = []
0.0037 	EXP 	slider_training: styleTweaks = []
0.0037 	EXP 	slider_training: contrast = 1.0
0.0037 	EXP 	slider_training: markerPos = None
0.0037 	EXP 	slider_training: autoLog = True
0.0037 	EXP 	feedback_practice_1: autoLog = True
0.0037 	EXP 	prog: direction = 'horizontal'
0.0037 	EXP 	prog: progress = 0.0
0.0037 	EXP 	yourperfexp: autoLog = True
0.0037 	EXP 	tarlabexp: autoLog = True
0.0037 	EXP 	textbox: autoLog = True
0.0037 	EXP 	slider: autoLog = True
0.0037 	EXP 	slider: styleTweaks = []
0.0037 	EXP 	slider: styleTweaks = []
0.0037 	EXP 	slider: styleTweaks = []
0.0037 	EXP 	slider: styleTweaks = []
0.0037 	EXP 	slider: contrast = 1.0
0.0037 	EXP 	slider: markerPos = None
0.0037 	EXP 	slider: autoLog = True
0.0037 	EXP 	feedback_practice_1: autoLog = True
0.0111 	DEBUG 	Read excel file with openpyxl: experiment_difficulty.xlsx
0.0113 	EXP 	Imported experiment_difficulty.xlsx as conditions, 5 conditions, 3 params
0.0115 	EXP 	New trial (rep=0, index=0): <Trial 0 (0 in rep 0) data={'exp_diff': 'easy2', 'exp_time': 120, 'diffbyt': 4.0, 'thisN': 0, 'thisTrialN': 0, 'thisRepN': 0}>
0.0143 	EXP 	New trial (rep=0, index=0): <Trial 0 (0 in rep 0) data={'thisN': 0, 'thisTrialN': 0, 'thisRepN': 0}>
0.0190 	EXP 	fix: autoDraw = True
0.5115 	DEBUG 	TextBox2 loaded 1 chars with 0 blanks and 1 valid
0.5127 	DEBUG 	TextBox2 loaded 1 chars with 0 blanks and 1 valid
0.5138 	DEBUG 	TextBox2 loaded 1 chars with 0 blanks and 1 valid
0.5144 	DEBUG 	TextBox2 loaded 1 chars with 0 blanks and 1 valid
0.5156 	DEBUG 	TextBox2 loaded 1 chars with 0 blanks and 1 valid
0.5164 	DEBUG 	TextBox2 loaded 1 chars with 0 blanks and 1 valid
0.5175 	DEBUG 	TextBox2 loaded 1 chars with 0 blanks and 1 valid
0.5177 	DEBUG 	Uploading Texture Font fontname to graphics card
0.5222 	DEBUG 	Upload of Texture Font fontname complete
0.5493 	INFO 	Keyboard events cleared
0.5492 	WARNING 	t of last frame was 43.40ms (=1/23)
0.5492 	EXP 	fix: autoDraw = False
0.5492 	EXP 	slider: markerPos = None
0.5492 	EXP 	slider: markerPos = None
0.5492 	EXP 	prog: autoDraw = True
0.5492 	EXP 	redbar: autoDraw = True
0.5492 	EXP 	yellowbar: autoDraw = True
0.5492 	EXP 	greenbar: autoDraw = True
0.5492 	EXP 	targarrow: autoDraw = True
0.5492 	EXP 	userArrow: autoDraw = True
0.5492 	EXP 	yourperfexp: autoDraw = True
0.5492 	EXP 	tarlabexp: autoDraw = True
0.5492 	EXP 	textbox: autoDraw = True
0.5492 	EXP 	slider: autoDraw = True
0.5492 	EXP 	norm_arrow: autoDraw = True
3.8566 	EXP 	Device response: <KeyPress from None: t=3.76809741598845, value=2, duration=None>
3.8567 	EXP 	Device response: <KeyPress from None: t=3.76809741598845, value=2, duration=0.08224175000214018>
3.8579 	DEBUG 	TextBox2 loaded 1 chars with 0 blanks and 1 valid
3.8585 	DEBUG 	TextBox2 loaded 1 chars with 0 blanks and 1 valid
3.8590 	DEBUG 	TextBox2 loaded 1 chars with 0 blanks and 1 valid
3.8594 	DEBUG 	TextBox2 loaded 1 chars with 0 blanks and 1 valid
3.8597 	DEBUG 	TextBox2 loaded 1 chars with 0 blanks and 1 valid
3.8598 	DEBUG 	Uploading Texture Font fontname to graphics card
3.8614 	DEBUG 	Upload of Texture Font fontname complete
3.8642 	DATA 	Keypress: 2
3.8681 	WARNING 	t of last frame was 93.36ms (=1/10)
3.8681 	EXP 	prog: autoDraw = False
3.8681 	EXP 	redbar: autoDraw = False
3.8681 	EXP 	yellowbar: autoDraw = False
3.8681 	EXP 	greenbar: autoDraw = False
3.8681 	EXP 	targarrow: autoDraw = False
3.8681 	EXP 	userArrow: autoDraw = False
3.8681 	EXP 	yourperfexp: autoDraw = False
3.8681 	EXP 	tarlabexp: autoDraw = False
3.8681 	EXP 	textbox: autoDraw = False
3.8681 	EXP 	slider: autoDraw = False
3.8681 	EXP 	norm_arrow: autoDraw = False
3.8681 	EXP 	feedback_practice_1: autoDraw = True
4.5984 	WARNING 	t of last frame was 69.50ms (=1/14)
4.8572 	EXP 	New trial (rep=1, index=0): <Trial 1 (0 in rep 1) data={'thisN': 1, 'thisTrialN': 0, 'thisRepN': 1}>
4.8611 	EXP 	feedback_practice_1: autoDraw = False
4.8611 	EXP 	feedback_practice_1: autoDraw = False
4.8611 	EXP 	fix: autoDraw = True
5.3510 	DEBUG 	TextBox2 loaded 1 chars with 0 blanks and 1 valid
5.3514 	DEBUG 	Uploading Texture Font fontname to graphics card
5.3547 	DEBUG 	Upload of Texture Font fontname complete
5.3728 	INFO 	Keyboard events cleared
5.3727 	WARNING 	t of last frame was 27.77ms (=1/36)
5.3727 	EXP 	fix: autoDraw = False
5.3727 	EXP 	fix: autoDraw = False
5.3727 	EXP 	slider: markerPos = None
5.3727 	EXP 	slider: markerPos = None
5.3727 	EXP 	prog: autoDraw = True
5.3727 	EXP 	redbar: autoDraw = True
5.3727 	EXP 	yellowbar: autoDraw = True
5.3727 	EXP 	greenbar: autoDraw = True
5.3727 	EXP 	targarrow: autoDraw = True
5.3727 	EXP 	userArrow: autoDraw = True
5.3727 	EXP 	yourperfexp: autoDraw = True
5.3727 	EXP 	tarlabexp: autoDraw = True
5.3727 	EXP 	textbox: autoDraw = True
5.3727 	EXP 	slider: autoDraw = True
5.3727 	EXP 	norm_arrow: autoDraw = True
9.4727 	EXP 	Device response: <KeyPress from None: t=9.468705207997118, value=1, duration=None>
9.4746 	DATA 	Keypress: 1
9.4774 	EXP 	prog: autoDraw = False
9.4774 	EXP 	redbar: autoDraw = False
9.4774 	EXP 	yellowbar: autoDraw = False
9.4774 	EXP 	greenbar: autoDraw = False
9.4774 	EXP 	targarrow: autoDraw = False
9.4774 	EXP 	userArrow: autoDraw = False
9.4774 	EXP 	yourperfexp: autoDraw = False
9.4774 	EXP 	tarlabexp: autoDraw = False
9.4774 	EXP 	textbox: autoDraw = False
9.4774 	EXP 	slider: autoDraw = False
9.4774 	EXP 	norm_arrow: autoDraw = False
9.4774 	EXP 	feedback_practice_1: autoDraw = True
9.5396 	EXP 	Device response: <KeyPress from None: t=9.468705207997118, value=1, duration=0.061309291995712556>
10.4639 	EXP 	New trial (rep=2, index=0): <Trial 2 (0 in rep 2) data={'thisN': 2, 'thisTrialN': 0, 'thisRepN': 2}>
10.4721 	EXP 	feedback_practice_1: autoDraw = False
10.4721 	EXP 	feedback_practice_1: autoDraw = False
10.4721 	EXP 	fix: autoDraw = True
10.9644 	DEBUG 	TextBox2 loaded 1 chars with 0 blanks and 1 valid
10.9659 	DEBUG 	TextBox2 loaded 1 chars with 0 blanks and 1 valid
10.9662 	DEBUG 	Uploading Texture Font fontname to graphics card
10.9699 	DEBUG 	Upload of Texture Font fontname complete
10.9886 	INFO 	Keyboard events cleared
10.9886 	WARNING 	Multiple dropped frames have occurred - I'll stop bothering you about them!
10.9885 	EXP 	fix: autoDraw = False
10.9885 	EXP 	fix: autoDraw = False
10.9885 	EXP 	slider: markerPos = None
10.9885 	EXP 	slider: markerPos = None
10.9885 	EXP 	prog: autoDraw = True
10.9885 	EXP 	redbar: autoDraw = True
10.9885 	EXP 	yellowbar: autoDraw = True
10.9885 	EXP 	greenbar: autoDraw = True
10.9885 	EXP 	targarrow: autoDraw = True
10.9885 	EXP 	userArrow: autoDraw = True
10.9885 	EXP 	yourperfexp: autoDraw = True
10.9885 	EXP 	tarlabexp: autoDraw = True
10.9885 	EXP 	textbox: autoDraw = True
10.9885 	EXP 	slider: autoDraw = True
10.9885 	EXP 	norm_arrow: autoDraw = True
15.3495 	EXP 	Device response: <KeyPress from None: t=15.346406832992216, value=escape, duration=None>
15.3624 	DATA 	Keypress: escape
15.4389 	EXP 	Device response: <KeyPress from None: t=15.346406832992216, value=escape, duration=0.0902717919962015>
15.4390 	EXP 	misty_module: status = STOPPED
15.4413 	EXP 	prog: autoDraw = False
15.4413 	EXP 	redbar: autoDraw = False
15.4413 	EXP 	yellowbar: autoDraw = False
15.4413 	EXP 	greenbar: autoDraw = False
15.4413 	EXP 	targarrow: autoDraw = False
15.4413 	EXP 	userArrow: autoDraw = False
15.4413 	EXP 	yourperfexp: autoDraw = False
15.4413 	EXP 	tarlabexp: autoDraw = False
15.4413 	EXP 	textbox: autoDraw = False
15.4413 	EXP 	slider: autoDraw = False
15.4413 	EXP 	norm_arrow: autoDraw = False
15.4420 	EXP 	misty_module: status = STOPPED
15.4440 	INFO 	saved data to '/Users/oliverclark/misty_py/data/pilot_misty_module_2026-02-04_15h03.38.614.csv'
15.4451 	INFO 	saved data to /Users/oliverclark/misty_py/data/pilot_misty_module_2026-02-04_15h03.38.614.psydat
15.5381 	DEBUG 	Saving data for misty_module ExperimentHandler
15.5388 	WARNING 	Stopping key buffers but this could be dangerous ifother keyboards rely on the same.
