10.5953 	WARNING 	Font Manager failed to load file /System/Library/PrivateFrameworks/FontServices.framework/Resources/Reserved/PingFangUI.ttc
10.6449 	WARNING 	Font Manager failed to load file /System/Library/PrivateFrameworks/FontServices.framework/Resources/Reserved/PingFangUI.ttc
12.3754 	DEBUG 	Fullscreen settings ignored as running in pilot mode.
12.3766 	INFO 	Loaded monitor calibration from ['2026_01_21 12:15']
12.4929 	INFO 	Using renderer 'Apple M4' for graphics
12.4929 	INFO 	OpenGL version supported by driver is 2..
12.5126 	EXP 	Created window1 = Window(allowGUI=False, allowStencil=True, autoLog=True, backendConf=UNKNOWN, backgroundFit=<method-wrapper '__getattribute__' of attributeSetter object at 0x177382830>, backgroundImage=<method-wrapper '__getattribute__' of attributeSetter object at 0x177382890>, bitsMode=UNKNOWN, blendMode='avg', bpc=(8, 8, 8), color=array([0, 0, 0]), colorSpace='rgb', depthBits=8, fullscr=False, gamma=None, gammaErrorPolicy='raise', infoMsg=UNKNOWN, lms=UNKNOWN, monitor=<psychopy.monitors.calibTools.Monitor object at 0x17735b850>, multiSample=False, name='window1', numSamples=2, pos=[np.float64(335.0), np.float64(178.0)], screen=0, size=array([1600, 1200]), stencilBits=8, stereo=False, title='PsychoPy', units='height', useFBO=True, useRetina=True, viewOri=0.0, viewPos=None, viewScale=None, waitBlanking=True, winType='pyglet')
12.5127 	EXP 	window1: backgroundImage = ''
12.5127 	EXP 	window1: backgroundFit = 'none'
12.5270 	DEBUG 	TextBox2 loaded 1 chars with 0 blanks and 1 valid
12.5353 	DEBUG 	TextBox2 loaded 1 chars with 0 blanks and 1 valid
12.5437 	DEBUG 	TextBox2 loaded 1 chars with 0 blanks and 1 valid
12.5522 	DEBUG 	TextBox2 loaded 1 chars with 0 blanks and 1 valid
12.5606 	DEBUG 	TextBox2 loaded 1 chars with 0 blanks and 1 valid
12.5688 	DEBUG 	TextBox2 loaded 1 chars with 0 blanks and 1 valid
12.5772 	DEBUG 	TextBox2 loaded 1 chars with 0 blanks and 1 valid
12.5857 	DEBUG 	TextBox2 loaded 1 chars with 0 blanks and 1 valid
12.5937 	DEBUG 	TextBox2 loaded 1 chars with 0 blanks and 1 valid
12.6018 	DEBUG 	TextBox2 loaded 1 chars with 0 blanks and 1 valid
12.6102 	DEBUG 	TextBox2 loaded 1 chars with 0 blanks and 1 valid
12.6185 	DEBUG 	TextBox2 loaded 1 chars with 0 blanks and 1 valid
12.6268 	DEBUG 	TextBox2 loaded 1 chars with 0 blanks and 1 valid
12.6352 	DEBUG 	TextBox2 loaded 1 chars with 0 blanks and 1 valid
12.6435 	DEBUG 	TextBox2 loaded 1 chars with 0 blanks and 1 valid
12.6519 	DEBUG 	TextBox2 loaded 1 chars with 0 blanks and 1 valid
12.6602 	DEBUG 	TextBox2 loaded 1 chars with 0 blanks and 1 valid
12.6684 	DEBUG 	TextBox2 loaded 1 chars with 0 blanks and 1 valid
12.6765 	DEBUG 	TextBox2 loaded 1 chars with 0 blanks and 1 valid
12.6851 	DEBUG 	TextBox2 loaded 1 chars with 0 blanks and 1 valid
12.6932 	DEBUG 	TextBox2 loaded 1 chars with 0 blanks and 1 valid
12.6934 	DEBUG 	Uploading Texture Font fontname to graphics card
12.6963 	DEBUG 	Upload of Texture Font fontname complete
12.7074 	DEBUG 	TextBox2 loaded 1 chars with 0 blanks and 1 valid
12.7157 	DEBUG 	TextBox2 loaded 1 chars with 0 blanks and 1 valid
12.7240 	DEBUG 	TextBox2 loaded 1 chars with 0 blanks and 1 valid
12.7241 	DEBUG 	Uploading Texture Font fontname to graphics card
12.7256 	DEBUG 	Upload of Texture Font fontname complete
12.7266 	EXP 	window1: Attempting to measure frame rate of screen (0) ...
12.7266 	EXP 	window1: recordFrameIntervals = False
12.8387 	EXP 	window1: recordFrameIntervals = True
13.6724 	WARNING 	Couldn't measure a consistent frame rate!
  - Is your graphics card set to sync to vertical blank?
  - Are you running other processes on your computer?

13.6956 	DEBUG 	TextBox2 loaded 1 chars with 0 blanks and 1 valid
13.7077 	DEBUG 	TextBox2 loaded 1 chars with 0 blanks and 1 valid
13.7185 	DEBUG 	TextBox2 loaded 1 chars with 0 blanks and 1 valid
13.7283 	DEBUG 	TextBox2 loaded 1 chars with 0 blanks and 1 valid
13.7374 	DEBUG 	TextBox2 loaded 1 chars with 0 blanks and 1 valid
13.7461 	DEBUG 	TextBox2 loaded 1 chars with 0 blanks and 1 valid
13.7541 	DEBUG 	TextBox2 loaded 1 chars with 0 blanks and 1 valid
13.7622 	DEBUG 	TextBox2 loaded 1 chars with 0 blanks and 1 valid
13.7702 	DEBUG 	TextBox2 loaded 1 chars with 0 blanks and 1 valid
13.7783 	DEBUG 	TextBox2 loaded 1 chars with 0 blanks and 1 valid
13.7784 	DEBUG 	Uploading Texture Font fontname to graphics card
13.7800 	DEBUG 	Upload of Texture Font fontname complete
14.3548 	INFO 	keyboard.Keyboard is using ptb backend.
14.3548 	EXP 	misty_module: status = STARTED
14.3931 	EXP 	Created text = TextStim(__class__=<class 'psychopy.visual.text.TextStim'>, alignHoriz=method-wrapper(...), alignText='center', alignVert=method-wrapper(...), anchorHoriz='center', anchorVert='center', antialias=True, autoDraw=False, autoLog=True, bold=False, color=array([1., 1., 1.]), colorSpace='rgb', contrast=1.0, depth=-1.0, draggable=False, flipHoriz=False, flipVert=False, font='Arial', fontFiles=[], height=np.float64(0.05), italic=False, languageStyle='LTR', name='text', opacity=1, ori=0.0, pos=array([0., 0.]), rgb=UNKNOWN, text=str(...), units='height', win=Window(...), wrapWidth=1)
14.4006 	EXP 	Created intstructs = TextStim(__class__=<class 'psychopy.visual.text.TextStim'>, alignHoriz=method-wrapper(...), alignText='center', alignVert=method-wrapper(...), anchorHoriz='center', anchorVert='center', antialias=True, autoDraw=False, autoLog=True, bold=False, color=array([1., 1., 1.]), colorSpace='rgb', contrast=1.0, depth=0.0, draggable=False, flipHoriz=False, flipVert=False, font='Arial', fontFiles=[], height=np.float64(0.05), italic=False, languageStyle='LTR', name='intstructs', opacity=1, ori=0.0, pos=array([0., 0.]), rgb=UNKNOWN, text=str(...), units='height', win=Window(...), wrapWidth=1)
14.4027 	EXP 	Created fix = TextStim(__class__=<class 'psychopy.visual.text.TextStim'>, alignHoriz=method-wrapper(...), alignText='center', alignVert=method-wrapper(...), anchorHoriz='center', anchorVert='center', antialias=True, autoDraw=False, autoLog=True, bold=False, color=array([1., 1., 1.]), colorSpace='rgb', contrast=1.0, depth=-1.0, draggable=False, flipHoriz=False, flipVert=False, font='Open Sans', fontFiles=[], height=np.float64(0.1), italic=False, languageStyle='LTR', name='fix', opacity=1, ori=0.0, pos=array([0., 0.]), rgb=UNKNOWN, text='+', units='height', win=Window(...), wrapWidth=1)
14.4086 	DEBUG 	TextBox2 loaded 1 chars with 0 blanks and 1 valid
14.4092 	DEBUG 	TextBox2 loaded 1 chars with 0 blanks and 1 valid
14.4098 	DEBUG 	TextBox2 loaded 1 chars with 0 blanks and 1 valid
14.4103 	DEBUG 	TextBox2 loaded 1 chars with 0 blanks and 1 valid
14.4105 	DEBUG 	TextBox2 loaded 1 chars with 0 blanks and 1 valid
14.4108 	DEBUG 	TextBox2 loaded 1 chars with 0 blanks and 1 valid
14.4113 	DEBUG 	TextBox2 loaded 1 chars with 0 blanks and 1 valid
14.4117 	DEBUG 	TextBox2 loaded 1 chars with 0 blanks and 1 valid
14.4120 	DEBUG 	TextBox2 loaded 1 chars with 0 blanks and 1 valid
14.4121 	DEBUG 	Uploading Texture Font fontname to graphics card
14.4142 	DEBUG 	Upload of Texture Font fontname complete
14.4361 	DEBUG 	TextBox2 loaded 1 chars with 0 blanks and 1 valid
14.4362 	DEBUG 	Uploading Texture Font fontname to graphics card
14.4383 	DEBUG 	Upload of Texture Font fontname complete
14.4489 	DEBUG 	TextBox2 loaded 1 chars with 0 blanks and 1 valid
14.4569 	DEBUG 	TextBox2 loaded 1 chars with 0 blanks and 1 valid
14.4649 	DEBUG 	TextBox2 loaded 1 chars with 0 blanks and 1 valid
14.4729 	DEBUG 	TextBox2 loaded 1 chars with 0 blanks and 1 valid
14.4807 	DEBUG 	TextBox2 loaded 1 chars with 0 blanks and 1 valid
14.4886 	DEBUG 	TextBox2 loaded 1 chars with 0 blanks and 1 valid
14.4966 	DEBUG 	TextBox2 loaded 1 chars with 0 blanks and 1 valid
14.5045 	DEBUG 	TextBox2 loaded 1 chars with 0 blanks and 1 valid
14.5124 	DEBUG 	TextBox2 loaded 1 chars with 0 blanks and 1 valid
14.5203 	DEBUG 	TextBox2 loaded 1 chars with 0 blanks and 1 valid
14.5204 	DEBUG 	Uploading Texture Font fontname to graphics card
14.5219 	DEBUG 	Upload of Texture Font fontname complete
14.5323 	DEBUG 	TextBox2 loaded 1 chars with 0 blanks and 1 valid
14.5324 	DEBUG 	Uploading Texture Font fontname to graphics card
14.5339 	DEBUG 	Upload of Texture Font fontname complete
14.5468 	DEBUG 	TextBox2 loaded 1 chars with 0 blanks and 1 valid
14.5469 	DEBUG 	Uploading Texture Font fontname to graphics card
14.5484 	DEBUG 	Upload of Texture Font fontname complete
14.5613 	DEBUG 	TextBox2 loaded 1 chars with 0 blanks and 1 valid
14.5614 	DEBUG 	Uploading Texture Font fontname to graphics card
14.5629 	DEBUG 	Upload of Texture Font fontname complete
14.5758 	DEBUG 	TextBox2 loaded 1 chars with 0 blanks and 1 valid
14.5758 	DEBUG 	Uploading Texture Font fontname to graphics card
14.5773 	DEBUG 	Upload of Texture Font fontname complete
14.5902 	DEBUG 	TextBox2 loaded 1 chars with 0 blanks and 1 valid
14.5903 	DEBUG 	Uploading Texture Font fontname to graphics card
14.5918 	DEBUG 	Upload of Texture Font fontname complete
14.6046 	DEBUG 	TextBox2 loaded 1 chars with 0 blanks and 1 valid
14.6047 	DEBUG 	Uploading Texture Font fontname to graphics card
14.6062 	DEBUG 	Upload of Texture Font fontname complete
14.6190 	DEBUG 	TextBox2 loaded 1 chars with 0 blanks and 1 valid
14.6191 	DEBUG 	Uploading Texture Font fontname to graphics card
14.6206 	DEBUG 	Upload of Texture Font fontname complete
14.6334 	DEBUG 	TextBox2 loaded 1 chars with 0 blanks and 1 valid
14.6334 	DEBUG 	Uploading Texture Font fontname to graphics card
14.6349 	DEBUG 	Upload of Texture Font fontname complete
14.6478 	DEBUG 	TextBox2 loaded 1 chars with 0 blanks and 1 valid
14.6479 	DEBUG 	Uploading Texture Font fontname to graphics card
14.6494 	DEBUG 	Upload of Texture Font fontname complete
14.6727 	EXP 	Created slider_3 = Slider(__class__=<class 'psychopy.visual.slider.Slider'>, autoDraw=False, autoLog=True, borderColor=None, color=None, colorSpace='rgb', depth=-2, fillColor=None, flip=False, font='Noto Sans', granularity=1, labelColor=None, labelHeight=np.float64(0.05), labelWrapWidth=None, labels=(0, 1, 2, 3, 4, 5, 6, 7, 8, 9), lineColor=None, markerColor=None, name='slider_3', opacity=None, ori=0.0, pos=array([ 0. , -0.4]), readOnly=False, self=UNKNOWN, size=array([1. , 0.1]), startValue=None, style='choice', styleTweaks=[], ticks=array([0, 1, 2, 3, 4, 5, 6, 7, 8, 9]), units='norm', win=Window(...))
14.6797 	EXP 	Created text_2 = TextStim(__class__=<class 'psychopy.visual.text.TextStim'>, alignHoriz=method-wrapper(...), alignText='center', alignVert=method-wrapper(...), anchorHoriz='center', anchorVert='center', antialias=True, autoDraw=False, autoLog=True, bold=False, color=array([1., 1., 1.]), colorSpace='rgb', contrast=1.0, depth=0.0, draggable=False, flipHoriz=False, flipVert=False, font='Arial', fontFiles=[], height=np.float64(0.05), italic=False, languageStyle='LTR', name='text_2', opacity=1, ori=0.0, pos=array([0., 0.]), rgb=UNKNOWN, text=str(...), units='height', win=Window(...), wrapWidth=1)
14.6805 	EXP 	Created fix = TextStim(__class__=<class 'psychopy.visual.text.TextStim'>, alignHoriz=method-wrapper(...), alignText='center', alignVert=method-wrapper(...), anchorHoriz='center', anchorVert='center', antialias=True, autoDraw=False, autoLog=True, bold=False, color=array([1., 1., 1.]), colorSpace='rgb', contrast=1.0, depth=-1.0, draggable=False, flipHoriz=False, flipVert=False, font='Open Sans', fontFiles=[], height=np.float64(0.1), italic=False, languageStyle='LTR', name='fix', opacity=1, ori=0.0, pos=array([0., 0.]), rgb=UNKNOWN, text='+', units='height', win=Window(...), wrapWidth=1)
14.6830 	EXP 	Created prog_3 = Progress(__class__=<class 'psychopy.visual.progress.Progress'>, anchor=('left', 'top'), autoDraw=False, autoLog=True, closeShape=True, color=method-wrapper(...), colorSpace='rgb', contrast=None, depth=-1, draggable=False, fillColor=array([-1.    ,  0.5373, -1.    ]), fillColorSpace='rgb', fillRGB=array([-1.    ,  0.5373, -1.    ]), interpolate=True, lineColor=array([1., 1., 1.]), lineColorSpace='rgb', lineRGB=array([1, 1, 1]), lineWidth=4.0, name='prog_3', opacity=1.0, ori=0.0, pos=array([-0.5,  0.5]), size=array([1. , 0.1]), units='norm', vertices=ndarray(...), win=Window(...), windingRule=None)
14.6837 	EXP 	Created prog_3Bar = ShapeStim(__class__=<class 'psychopy.visual.shape.ShapeStim'>, anchor=('left', 'top'), autoDraw=False, autoLog=True, closeShape=True, color=method-wrapper(...), colorSpace='rgb', contrast=None, depth=-1, draggable=False, fillColor=array([ 1., -1., -1.]), fillColorSpace='rgb', fillRGB=array([ 1., -1., -1.]), interpolate=True, lineColor=array([0., 0., 0.]), lineColorSpace='rgb', lineRGB=array([0, 0, 0]), lineWidth=1.5, name='prog_3Bar', opacity=1.0, ori=0.0, pos=array([-0.5,  0.5]), size=array([1. , 0.1]), units='norm', vertices=ndarray(...), win=Window(...), windingRule=None)
14.6842 	EXP 	Created redbar_3 = Rect(__class__=<class 'psychopy.visual.rect.Rect'>, anchor=('left', 'center'), autoDraw=False, autoLog=True, closeShape=True, color=method-wrapper(...), colorSpace='rgb', contrast=None, depth=-2.0, draggable=False, fillColor=array([ 1., -1., -1.]), fillColorSpace='rgb', fillRGB=array([ 1., -1., -1.]), interpolate=True, lineColor=array([1., 1., 1.]), lineColorSpace='rgb', lineRGB=array([1, 1, 1]), lineWidth=1.0, name='redbar_3', opacity=1, ori=0.0, pos=array([-1. ,  0.7]), size=array([2. , 0.1]), units='norm', vertices=ndarray(...), win=Window(...))
14.6848 	EXP 	Created yellowbar_3 = Rect(__class__=<class 'psychopy.visual.rect.Rect'>, anchor=('left', 'center'), autoDraw=False, autoLog=True, closeShape=True, color=method-wrapper(...), colorSpace='rgb', contrast=None, depth=-3.0, draggable=False, fillColor=array([ 1.,  1., -1.]), fillColorSpace='rgb', fillRGB=array([ 1.,  1., -1.]), interpolate=True, lineColor=array([1., 1., 1.]), lineColorSpace='rgb', lineRGB=array([1, 1, 1]), lineWidth=1.0, name='yellowbar_3', opacity=1, ori=0.0, pos=array([0. , 0.7]), size=array([1. , 0.1]), units='norm', vertices=ndarray(...), win=Window(...))
14.6853 	EXP 	Created greenbar_3 = Rect(__class__=<class 'psychopy.visual.rect.Rect'>, anchor=('left', 'center'), autoDraw=False, autoLog=True, closeShape=True, color=method-wrapper(...), colorSpace='rgb', contrast=None, depth=-4.0, draggable=False, fillColor=array([-1.    ,  0.0039, -1.    ]), fillColorSpace='rgb', fillRGB=array([-1.    ,  0.0039, -1.    ]), interpolate=True, lineColor=array([1., 1., 1.]), lineColorSpace='rgb', lineRGB=array([1, 1, 1]), lineWidth=1.0, name='greenbar_3', opacity=1, ori=0.0, pos=array([0.7, 0.7]), size=array([0.3, 0.1]), units='norm', vertices=ndarray(...), win=Window(...))
14.6860 	EXP 	Created arrow_3 = ShapeStim(__class__=<class 'psychopy.visual.shape.ShapeStim'>, anchor=('center', 'center'), autoDraw=False, autoLog=True, closeShape=True, color=method-wrapper(...), colorSpace='rgb', contrast=None, depth=-5.0, draggable=False, fillColor=array([1, 1, 1]), fillColorSpace='rgb', fillRGB=array([1, 1, 1]), interpolate=True, lineColor=array([1., 1., 1.]), lineColorSpace='rgb', lineRGB=array([1, 1, 1]), lineWidth=1.0, name='arrow_3', opacity=1, ori=0.0, pos=array([0., 0.]), size=array([0.05, 0.05]), units='norm', vertices=ndarray(...), win=Window(...), windingRule=None)
14.6867 	EXP 	Created arrow_4 = ShapeStim(__class__=<class 'psychopy.visual.shape.ShapeStim'>, anchor=('center', 'center'), autoDraw=False, autoLog=True, closeShape=True, color=method-wrapper(...), colorSpace='rgb', contrast=None, depth=-6.0, draggable=False, fillColor=array([1, 1, 1]), fillColorSpace='rgb', fillRGB=array([1, 1, 1]), interpolate=True, lineColor=array([1., 1., 1.]), lineColorSpace='rgb', lineRGB=array([1, 1, 1]), lineWidth=1.0, name='arrow_4', opacity=1, ori=0.0, pos=array([0., 0.]), size=array([0.05, 0.05]), units='norm', vertices=ndarray(...), win=Window(...), windingRule=None)
14.6899 	DEBUG 	TextBox2 loaded 1 chars with 0 blanks and 1 valid
14.6903 	DEBUG 	TextBox2 loaded 1 chars with 0 blanks and 1 valid
14.6905 	DEBUG 	TextBox2 loaded 1 chars with 0 blanks and 1 valid
14.6908 	DEBUG 	TextBox2 loaded 1 chars with 0 blanks and 1 valid
14.6911 	DEBUG 	TextBox2 loaded 1 chars with 0 blanks and 1 valid
14.6914 	DEBUG 	TextBox2 loaded 1 chars with 0 blanks and 1 valid
14.6915 	DEBUG 	Uploading Texture Font fontname to graphics card
14.6936 	DEBUG 	Upload of Texture Font fontname complete
14.6966 	DEBUG 	TextBox2 loaded 1 chars with 0 blanks and 1 valid
14.6970 	DEBUG 	TextBox2 loaded 1 chars with 0 blanks and 1 valid
14.6972 	DEBUG 	TextBox2 loaded 1 chars with 0 blanks and 1 valid
14.6974 	DEBUG 	TextBox2 loaded 1 chars with 0 blanks and 1 valid
14.6977 	DEBUG 	TextBox2 loaded 1 chars with 0 blanks and 1 valid
14.6980 	DEBUG 	TextBox2 loaded 1 chars with 0 blanks and 1 valid
14.6980 	DEBUG 	Uploading Texture Font fontname to graphics card
14.6996 	DEBUG 	Upload of Texture Font fontname complete
14.7024 	DEBUG 	TextBox2 loaded 1 chars with 0 blanks and 1 valid
14.7027 	DEBUG 	TextBox2 loaded 1 chars with 0 blanks and 1 valid
14.7030 	DEBUG 	TextBox2 loaded 1 chars with 0 blanks and 1 valid
14.7030 	DEBUG 	Uploading Texture Font fontname to graphics card
14.7046 	DEBUG 	Upload of Texture Font fontname complete
14.7769 	EXP 	Created slider_4 = Slider(__class__=<class 'psychopy.visual.slider.Slider'>, autoDraw=False, autoLog=True, borderColor=None, color=None, colorSpace='rgb', depth=-9, fillColor=None, flip=False, font='Noto Sans', granularity=1, labelColor=None, labelHeight=np.float64(0.05), labelWrapWidth=None, labels=(0, 1, 2, 3, 4, 5, 6, 7, 8, 9), lineColor=None, markerColor=None, name='slider_4', opacity=None, ori=0.0, pos=array([ 0. , -0.4]), readOnly=False, self=UNKNOWN, size=array([1. , 0.1]), startValue=None, style='choice', styleTweaks=[], ticks=array([0, 1, 2, 3, 4, 5, 6, 7, 8, 9]), units='norm', win=Window(...))
14.7872 	EXP 	Created text_3 = TextStim(__class__=<class 'psychopy.visual.text.TextStim'>, alignHoriz=method-wrapper(...), alignText='center', alignVert=method-wrapper(...), anchorHoriz='center', anchorVert='center', antialias=True, autoDraw=False, autoLog=True, bold=False, color=array([1., 1., 1.]), colorSpace='rgb', contrast=1.0, depth=0.0, draggable=False, flipHoriz=False, flipVert=False, font='Arial', fontFiles=[], height=np.float64(0.05), italic=False, languageStyle='LTR', name='text_3', opacity=1, ori=0.0, pos=array([0., 0.]), rgb=UNKNOWN, text='Training instructions here', units='height', win=Window(...), wrapWidth=1)
14.7881 	EXP 	Created fix = TextStim(__class__=<class 'psychopy.visual.text.TextStim'>, alignHoriz=method-wrapper(...), alignText='center', alignVert=method-wrapper(...), anchorHoriz='center', anchorVert='center', antialias=True, autoDraw=False, autoLog=True, bold=False, color=array([1., 1., 1.]), colorSpace='rgb', contrast=1.0, depth=-1.0, draggable=False, flipHoriz=False, flipVert=False, font='Open Sans', fontFiles=[], height=np.float64(0.1), italic=False, languageStyle='LTR', name='fix', opacity=1, ori=0.0, pos=array([0., 0.]), rgb=UNKNOWN, text='+', units='height', win=Window(...), wrapWidth=1)
14.8617 	EXP 	Created slider_training = Slider(__class__=<class 'psychopy.visual.slider.Slider'>, autoDraw=False, autoLog=True, borderColor=None, color=None, colorSpace='rgb', depth=-2, fillColor=None, flip=False, font='Noto Sans', granularity=1, labelColor=None, labelHeight=np.float64(0.05), labelWrapWidth=None, labels=(0, 1, 2, 3, 4, 5, 6, 7, 8, 9), lineColor=None, markerColor=None, name='slider_training', opacity=None, ori=0.0, pos=array([ 0. , -0.4]), readOnly=False, self=UNKNOWN, size=array([1. , 0.1]), startValue=None, style='choice', styleTweaks=[], ticks=array([0, 1, 2, 3, 4, 5, 6, 7, 8, 9]), units='norm', win=Window(...))
14.8688 	EXP 	Created text_4 = TextStim(__class__=<class 'psychopy.visual.text.TextStim'>, alignHoriz=method-wrapper(...), alignText='center', alignVert=method-wrapper(...), anchorHoriz='center', anchorVert='center', antialias=True, autoDraw=False, autoLog=True, bold=False, color=array([1., 1., 1.]), colorSpace='rgb', contrast=1.0, depth=0.0, draggable=False, flipHoriz=False, flipVert=False, font='Arial', fontFiles=[], height=np.float64(0.05), italic=False, languageStyle='LTR', name='text_4', opacity=1, ori=0.0, pos=array([0., 0.]), rgb=UNKNOWN, text='Please press space to move onto the next block', units='height', win=Window(...), wrapWidth=1)
14.8703 	EXP 	Created text_6 = TextStim(__class__=<class 'psychopy.visual.text.TextStim'>, alignHoriz=method-wrapper(...), alignText='center', alignVert=method-wrapper(...), anchorHoriz='center', anchorVert='center', antialias=True, autoDraw=False, autoLog=True, bold=False, color=array([1., 1., 1.]), colorSpace='rgb', contrast=1.0, depth=0.0, draggable=False, flipHoriz=False, flipVert=False, font='Arial', fontFiles=[], height=np.float64(0.05), italic=False, languageStyle='LTR', name='text_6', opacity=1, ori=0.0, pos=array([0., 0.]), rgb=UNKNOWN, text='Press Space to Start experiment', units='height', win=Window(...), wrapWidth=1)
14.8710 	EXP 	Created fix = TextStim(__class__=<class 'psychopy.visual.text.TextStim'>, alignHoriz=method-wrapper(...), alignText='center', alignVert=method-wrapper(...), anchorHoriz='center', anchorVert='center', antialias=True, autoDraw=False, autoLog=True, bold=False, color=array([1., 1., 1.]), colorSpace='rgb', contrast=1.0, depth=-1.0, draggable=False, flipHoriz=False, flipVert=False, font='Open Sans', fontFiles=[], height=np.float64(0.1), italic=False, languageStyle='LTR', name='fix', opacity=1, ori=0.0, pos=array([0., 0.]), rgb=UNKNOWN, text='+', units='height', win=Window(...), wrapWidth=1)
14.8719 	EXP 	Created prog = Progress(__class__=<class 'psychopy.visual.progress.Progress'>, anchor=('left', 'top'), autoDraw=False, autoLog=True, closeShape=True, color=method-wrapper(...), colorSpace='rgb', contrast=None, depth=-1, draggable=False, fillColor=array([-1.    ,  0.5373, -1.    ]), fillColorSpace='rgb', fillRGB=array([-1.    ,  0.5373, -1.    ]), interpolate=True, lineColor=array([1., 1., 1.]), lineColorSpace='rgb', lineRGB=array([1, 1, 1]), lineWidth=4.0, name='prog', opacity=1.0, ori=0.0, pos=array([-0.5,  0.5]), size=array([1. , 0.1]), units='norm', vertices=ndarray(...), win=Window(...), windingRule=None)
14.8726 	EXP 	Created progBar = ShapeStim(__class__=<class 'psychopy.visual.shape.ShapeStim'>, anchor=('left', 'top'), autoDraw=False, autoLog=True, closeShape=True, color=method-wrapper(...), colorSpace='rgb', contrast=None, depth=-1, draggable=False, fillColor=array([ 1., -1., -1.]), fillColorSpace='rgb', fillRGB=array([ 1., -1., -1.]), interpolate=True, lineColor=array([0., 0., 0.]), lineColorSpace='rgb', lineRGB=array([0, 0, 0]), lineWidth=1.5, name='progBar', opacity=1.0, ori=0.0, pos=array([-0.5,  0.5]), size=array([1. , 0.1]), units='norm', vertices=ndarray(...), win=Window(...), windingRule=None)
14.8732 	EXP 	Created redbar = Rect(__class__=<class 'psychopy.visual.rect.Rect'>, anchor=('left', 'center'), autoDraw=False, autoLog=True, closeShape=True, color=method-wrapper(...), colorSpace='rgb', contrast=None, depth=-2.0, draggable=False, fillColor=array([ 1., -1., -1.]), fillColorSpace='rgb', fillRGB=array([ 1., -1., -1.]), interpolate=True, lineColor=array([1., 1., 1.]), lineColorSpace='rgb', lineRGB=array([1, 1, 1]), lineWidth=1.0, name='redbar', opacity=1, ori=0.0, pos=array([-1. ,  0.7]), size=array([2. , 0.1]), units='norm', vertices=ndarray(...), win=Window(...))
14.8737 	EXP 	Created yellowbar = Rect(__class__=<class 'psychopy.visual.rect.Rect'>, anchor=('left', 'center'), autoDraw=False, autoLog=True, closeShape=True, color=method-wrapper(...), colorSpace='rgb', contrast=None, depth=-3.0, draggable=False, fillColor=array([ 1.,  1., -1.]), fillColorSpace='rgb', fillRGB=array([ 1.,  1., -1.]), interpolate=True, lineColor=array([1., 1., 1.]), lineColorSpace='rgb', lineRGB=array([1, 1, 1]), lineWidth=1.0, name='yellowbar', opacity=1, ori=0.0, pos=array([0. , 0.7]), size=array([1. , 0.1]), units='norm', vertices=ndarray(...), win=Window(...))
14.8743 	EXP 	Created greenbar = Rect(__class__=<class 'psychopy.visual.rect.Rect'>, anchor=('left', 'center'), autoDraw=False, autoLog=True, closeShape=True, color=method-wrapper(...), colorSpace='rgb', contrast=None, depth=-4.0, draggable=False, fillColor=array([-1.    ,  0.0039, -1.    ]), fillColorSpace='rgb', fillRGB=array([-1.    ,  0.0039, -1.    ]), interpolate=True, lineColor=array([1., 1., 1.]), lineColorSpace='rgb', lineRGB=array([1, 1, 1]), lineWidth=1.0, name='greenbar', opacity=1, ori=0.0, pos=array([0.7, 0.7]), size=array([0.3, 0.1]), units='norm', vertices=ndarray(...), win=Window(...))
14.8751 	EXP 	Created targarrow = ShapeStim(__class__=<class 'psychopy.visual.shape.ShapeStim'>, anchor=('center', 'center'), autoDraw=False, autoLog=True, closeShape=True, color=method-wrapper(...), colorSpace='rgb', contrast=None, depth=-5.0, draggable=False, fillColor=array([1, 1, 1]), fillColorSpace='rgb', fillRGB=array([1, 1, 1]), interpolate=True, lineColor=array([1., 1., 1.]), lineColorSpace='rgb', lineRGB=array([1, 1, 1]), lineWidth=1.0, name='targarrow', opacity=1, ori=0.0, pos=array([0.7, 0.6]), size=array([0.05, 0.05]), units='norm', vertices=ndarray(...), win=Window(...), windingRule=None)
14.8758 	EXP 	Created userArrow = ShapeStim(__class__=<class 'psychopy.visual.shape.ShapeStim'>, anchor=('center', 'center'), autoDraw=False, autoLog=True, closeShape=True, color=method-wrapper(...), colorSpace='rgb', contrast=None, depth=-6.0, draggable=False, fillColor=array([1, 1, 1]), fillColorSpace='rgb', fillRGB=array([1, 1, 1]), interpolate=True, lineColor=array([1., 1., 1.]), lineColorSpace='rgb', lineRGB=array([1, 1, 1]), lineWidth=1.0, name='userArrow', opacity=1, ori=0.0, pos=array([0., 0.]), size=array([0.05, 0.05]), units='norm', vertices=ndarray(...), win=Window(...), windingRule=None)
14.9595 	EXP 	Created slider = Slider(__class__=<class 'psychopy.visual.slider.Slider'>, autoDraw=False, autoLog=True, borderColor=None, color=None, colorSpace='rgb', depth=-10, fillColor=None, flip=False, font='Noto Sans', granularity=1, labelColor=None, labelHeight=np.float64(0.05), labelWrapWidth=None, labels=(0, 1, 2, 3, 4, 5, 6, 7, 8, 9), lineColor=None, markerColor=None, name='slider', opacity=None, ori=0.0, pos=array([ 0. , -0.4]), readOnly=False, self=UNKNOWN, size=array([1. , 0.1]), startValue=None, style='choice', styleTweaks=[], ticks=array([0, 1, 2, 3, 4, 5, 6, 7, 8, 9]), units='norm', win=Window(...))
14.9602 	EXP 	Created norm_arrow = ShapeStim(__class__=<class 'psychopy.visual.shape.ShapeStim'>, anchor=('center', 'center'), autoDraw=False, autoLog=True, closeShape=True, color=method-wrapper(...), colorSpace='rgb', contrast=None, depth=-12.0, draggable=False, fillColor=array([1, 1, 1]), fillColorSpace='rgb', fillRGB=array([1, 1, 1]), interpolate=True, lineColor=array([1., 1., 1.]), lineColorSpace='rgb', lineRGB=array([1, 1, 1]), lineWidth=1.0, name='norm_arrow', opacity=1, ori=0.0, pos=array([0.7, 0.6]), size=array([0.05, 0.05]), units='height', vertices=ndarray(...), win=Window(...), windingRule=None)
14.9651 	EXP 	Created text_5 = TextStim(__class__=<class 'psychopy.visual.text.TextStim'>, alignHoriz=method-wrapper(...), alignText='center', alignVert=method-wrapper(...), anchorHoriz='center', anchorVert='center', antialias=True, autoDraw=False, autoLog=True, bold=False, color=array([1., 1., 1.]), colorSpace='rgb', contrast=1.0, depth=0.0, draggable=False, flipHoriz=False, flipVert=False, font='Arial', fontFiles=[], height=0.05, italic=False, languageStyle='LTR', name='text_5', opacity=1, ori=0.0, pos=array([0., 0.]), rgb=UNKNOWN, text='', units='height', win=Window(...), wrapWidth=1)
14.9669 	EXP 	Created text_7 = TextStim(__class__=<class 'psychopy.visual.text.TextStim'>, alignHoriz=method-wrapper(...), alignText='center', alignVert=method-wrapper(...), anchorHoriz='center', anchorVert='center', antialias=True, autoDraw=False, autoLog=True, bold=False, color=array([1., 1., 1.]), colorSpace='rgb', contrast=1.0, depth=0.0, draggable=False, flipHoriz=False, flipVert=False, font='Arial', fontFiles=[], height=np.float64(0.05), italic=False, languageStyle='LTR', name='text_7', opacity=1, ori=0.0, pos=array([0., 0.]), rgb=UNKNOWN, text=str(...), units='height', win=Window(...), wrapWidth=1)
0.0041 	EXP 	equation_practice_1: autoLog = True
0.0041 	EXP 	slider_3: autoLog = True
0.0041 	EXP 	slider_3: styleTweaks = []
0.0041 	EXP 	slider_3: styleTweaks = []
0.0041 	EXP 	slider_3: styleTweaks = []
0.0041 	EXP 	slider_3: styleTweaks = []
0.0041 	EXP 	slider_3: contrast = 1.0
0.0041 	EXP 	slider_3: markerPos = None
0.0041 	EXP 	slider_3: autoLog = True
0.0041 	EXP 	feedback_practice_1: autoLog = True
0.0041 	EXP 	prog_3: direction = 'horizontal'
0.0041 	EXP 	prog_3: progress = 0.0
0.0041 	EXP 	targlab: autoLog = True
0.0041 	EXP 	yourperf: autoLog = True
0.0041 	EXP 	slider_4: autoLog = True
0.0041 	EXP 	slider_4: styleTweaks = []
0.0041 	EXP 	slider_4: styleTweaks = []
0.0041 	EXP 	slider_4: styleTweaks = []
0.0041 	EXP 	slider_4: styleTweaks = []
0.0041 	EXP 	slider_4: contrast = 1.0
0.0041 	EXP 	slider_4: markerPos = None
0.0041 	EXP 	slider_4: autoLog = True
0.0041 	EXP 	textbox_5: autoLog = True
0.0041 	EXP 	feedback_practice_1: autoLog = True
0.0041 	EXP 	textbox_3: autoLog = True
0.0041 	EXP 	slider_training: autoLog = True
0.0041 	EXP 	slider_training: styleTweaks = []
0.0041 	EXP 	slider_training: styleTweaks = []
0.0041 	EXP 	slider_training: styleTweaks = []
0.0041 	EXP 	slider_training: styleTweaks = []
0.0041 	EXP 	slider_training: contrast = 1.0
0.0041 	EXP 	slider_training: markerPos = None
0.0041 	EXP 	slider_training: autoLog = True
0.0041 	EXP 	feedback_practice_1: autoLog = True
0.0041 	EXP 	prog: direction = 'horizontal'
0.0041 	EXP 	prog: progress = 0.0
0.0041 	EXP 	yourperfexp: autoLog = True
0.0041 	EXP 	tarlabexp: autoLog = True
0.0041 	EXP 	textbox: autoLog = True
0.0041 	EXP 	slider: autoLog = True
0.0041 	EXP 	slider: styleTweaks = []
0.0041 	EXP 	slider: styleTweaks = []
0.0041 	EXP 	slider: styleTweaks = []
0.0041 	EXP 	slider: styleTweaks = []
0.0041 	EXP 	slider: contrast = 1.0
0.0041 	EXP 	slider: markerPos = None
0.0041 	EXP 	slider: autoLog = True
0.0041 	EXP 	feedback_practice_1: autoLog = True
0.0113 	DEBUG 	Read excel file with openpyxl: experiment_difficulty.xlsx
0.0115 	EXP 	Imported experiment_difficulty.xlsx as conditions, 5 conditions, 3 params
0.0117 	EXP 	New trial (rep=0, index=0): <Trial 0 (0 in rep 0) data={'exp_diff': 'hard', 'exp_time': 120, 'diffbyt': 7.0, 'thisN': 0, 'thisTrialN': 0, 'thisRepN': 0}>
0.0143 	EXP 	New trial (rep=0, index=0): <Trial 0 (0 in rep 0) data={'thisN': 0, 'thisTrialN': 0, 'thisRepN': 0}>
0.0190 	EXP 	fix: autoDraw = True
0.5137 	DEBUG 	TextBox2 loaded 1 chars with 0 blanks and 1 valid
0.5148 	DEBUG 	TextBox2 loaded 1 chars with 0 blanks and 1 valid
0.5160 	DEBUG 	TextBox2 loaded 1 chars with 0 blanks and 1 valid
0.5166 	DEBUG 	TextBox2 loaded 1 chars with 0 blanks and 1 valid
0.5178 	DEBUG 	TextBox2 loaded 1 chars with 0 blanks and 1 valid
0.5187 	DEBUG 	TextBox2 loaded 1 chars with 0 blanks and 1 valid
0.5198 	DEBUG 	TextBox2 loaded 1 chars with 0 blanks and 1 valid
0.5205 	DEBUG 	TextBox2 loaded 1 chars with 0 blanks and 1 valid
0.5214 	DEBUG 	TextBox2 loaded 1 chars with 0 blanks and 1 valid
0.5216 	DEBUG 	Uploading Texture Font fontname to graphics card
0.5261 	DEBUG 	Upload of Texture Font fontname complete
0.5519 	INFO 	Keyboard events cleared
0.5519 	WARNING 	t of last frame was 46.41ms (=1/21)
0.5519 	EXP 	fix: autoDraw = False
0.5519 	EXP 	slider: markerPos = None
0.5519 	EXP 	slider: markerPos = None
0.5519 	EXP 	prog: autoDraw = True
0.5519 	EXP 	redbar: autoDraw = True
0.5519 	EXP 	yellowbar: autoDraw = True
0.5519 	EXP 	greenbar: autoDraw = True
0.5519 	EXP 	targarrow: autoDraw = True
0.5519 	EXP 	userArrow: autoDraw = True
0.5519 	EXP 	yourperfexp: autoDraw = True
0.5519 	EXP 	tarlabexp: autoDraw = True
0.5519 	EXP 	textbox: autoDraw = True
0.5519 	EXP 	slider: autoDraw = True
0.5519 	EXP 	norm_arrow: autoDraw = True
7.3864 	DATA 	Keypress: 2
7.5097 	EXP 	Device response: <KeyPress from None: t=7.376490458002081, value=2, duration=None>
7.5098 	EXP 	Device response: <KeyPress from None: t=7.376490458002081, value=2, duration=0.07228391600074247>
7.5107 	DEBUG 	TextBox2 loaded 1 chars with 0 blanks and 1 valid
7.5112 	DEBUG 	TextBox2 loaded 1 chars with 0 blanks and 1 valid
7.5117 	DEBUG 	TextBox2 loaded 1 chars with 0 blanks and 1 valid
7.5121 	DEBUG 	TextBox2 loaded 1 chars with 0 blanks and 1 valid
7.5126 	DEBUG 	TextBox2 loaded 1 chars with 0 blanks and 1 valid
7.5129 	DEBUG 	TextBox2 loaded 1 chars with 0 blanks and 1 valid
7.5130 	DEBUG 	Uploading Texture Font fontname to graphics card
7.5145 	DEBUG 	Upload of Texture Font fontname complete
7.5196 	WARNING 	t of last frame was 130.15ms (=1/7)
7.5196 	EXP 	prog: autoDraw = False
7.5196 	EXP 	redbar: autoDraw = False
7.5196 	EXP 	yellowbar: autoDraw = False
7.5196 	EXP 	greenbar: autoDraw = False
7.5196 	EXP 	targarrow: autoDraw = False
7.5196 	EXP 	userArrow: autoDraw = False
7.5196 	EXP 	yourperfexp: autoDraw = False
7.5196 	EXP 	tarlabexp: autoDraw = False
7.5196 	EXP 	textbox: autoDraw = False
7.5196 	EXP 	slider: autoDraw = False
7.5196 	EXP 	norm_arrow: autoDraw = False
7.5196 	EXP 	feedback_practice_1: autoDraw = True
8.5073 	EXP 	New trial (rep=1, index=0): <Trial 1 (0 in rep 1) data={'thisN': 1, 'thisTrialN': 0, 'thisRepN': 1}>
8.5113 	EXP 	feedback_practice_1: autoDraw = False
8.5113 	EXP 	feedback_practice_1: autoDraw = False
8.5113 	EXP 	fix: autoDraw = True
9.0042 	DEBUG 	TextBox2 loaded 1 chars with 0 blanks and 1 valid
9.0055 	DEBUG 	TextBox2 loaded 1 chars with 0 blanks and 1 valid
9.0068 	DEBUG 	TextBox2 loaded 1 chars with 0 blanks and 1 valid
9.0079 	DEBUG 	TextBox2 loaded 1 chars with 0 blanks and 1 valid
9.0082 	DEBUG 	Uploading Texture Font fontname to graphics card
9.0111 	DEBUG 	Upload of Texture Font fontname complete
9.0277 	INFO 	Keyboard events cleared
9.0276 	WARNING 	t of last frame was 32.75ms (=1/30)
9.0276 	EXP 	fix: autoDraw = False
9.0276 	EXP 	fix: autoDraw = False
9.0276 	EXP 	slider: markerPos = None
9.0276 	EXP 	slider: markerPos = None
9.0276 	EXP 	prog: autoDraw = True
9.0276 	EXP 	redbar: autoDraw = True
9.0276 	EXP 	yellowbar: autoDraw = True
9.0276 	EXP 	greenbar: autoDraw = True
9.0276 	EXP 	targarrow: autoDraw = True
9.0276 	EXP 	userArrow: autoDraw = True
9.0276 	EXP 	yourperfexp: autoDraw = True
9.0276 	EXP 	tarlabexp: autoDraw = True
9.0276 	EXP 	textbox: autoDraw = True
9.0276 	EXP 	slider: autoDraw = True
9.0276 	EXP 	norm_arrow: autoDraw = True
11.2626 	DATA 	Keypress: 4
11.2665 	EXP 	Device response: <KeyPress from None: t=11.257168416006607, value=4, duration=None>
11.2707 	EXP 	prog: autoDraw = False
11.2707 	EXP 	redbar: autoDraw = False
11.2707 	EXP 	yellowbar: autoDraw = False
11.2707 	EXP 	greenbar: autoDraw = False
11.2707 	EXP 	targarrow: autoDraw = False
11.2707 	EXP 	userArrow: autoDraw = False
11.2707 	EXP 	yourperfexp: autoDraw = False
11.2707 	EXP 	tarlabexp: autoDraw = False
11.2707 	EXP 	textbox: autoDraw = False
11.2707 	EXP 	slider: autoDraw = False
11.2707 	EXP 	norm_arrow: autoDraw = False
11.2707 	EXP 	feedback_practice_1: autoDraw = True
11.4065 	EXP 	Device response: <KeyPress from None: t=11.257168416006607, value=4, duration=0.1435762080072891>
12.2571 	EXP 	New trial (rep=2, index=0): <Trial 2 (0 in rep 2) data={'thisN': 2, 'thisTrialN': 0, 'thisRepN': 2}>
12.2612 	EXP 	feedback_practice_1: autoDraw = False
12.2612 	EXP 	feedback_practice_1: autoDraw = False
12.2612 	EXP 	fix: autoDraw = True
12.7546 	EXP 	fix: autoDraw = False
12.7546 	EXP 	fix: autoDraw = False
12.7546 	EXP 	slider: markerPos = None
12.7546 	EXP 	slider: markerPos = None
12.7745 	INFO 	Keyboard events cleared
12.7744 	EXP 	prog: autoDraw = True
12.7744 	EXP 	redbar: autoDraw = True
12.7744 	EXP 	yellowbar: autoDraw = True
12.7744 	EXP 	greenbar: autoDraw = True
12.7744 	EXP 	targarrow: autoDraw = True
12.7744 	EXP 	userArrow: autoDraw = True
12.7744 	EXP 	yourperfexp: autoDraw = True
12.7744 	EXP 	tarlabexp: autoDraw = True
12.7744 	EXP 	textbox: autoDraw = True
12.7744 	EXP 	slider: autoDraw = True
12.7744 	EXP 	norm_arrow: autoDraw = True
12.8052 	WARNING 	t of last frame was 30.72ms (=1/32)
14.4580 	EXP 	Device response: <KeyPress from None: t=14.45227037400764, value=escape, duration=None>
14.4676 	DATA 	Keypress: escape
14.5661 	EXP 	Device response: <KeyPress from None: t=14.45227037400764, value=escape, duration=0.11238441699242685>
14.5661 	EXP 	misty_module: status = STOPPED
14.5706 	EXP 	prog: autoDraw = False
14.5706 	EXP 	redbar: autoDraw = False
14.5706 	EXP 	yellowbar: autoDraw = False
14.5706 	EXP 	greenbar: autoDraw = False
14.5706 	EXP 	targarrow: autoDraw = False
14.5706 	EXP 	userArrow: autoDraw = False
14.5706 	EXP 	yourperfexp: autoDraw = False
14.5706 	EXP 	tarlabexp: autoDraw = False
14.5706 	EXP 	textbox: autoDraw = False
14.5706 	EXP 	slider: autoDraw = False
14.5706 	EXP 	norm_arrow: autoDraw = False
14.5713 	EXP 	misty_module: status = STOPPED
14.5734 	INFO 	saved data to '/Users/oliverclark/misty_py/data/pilot_misty_module_2026-02-04_14h59.24.706.csv'
14.5743 	INFO 	saved data to /Users/oliverclark/misty_py/data/pilot_misty_module_2026-02-04_14h59.24.706.psydat
14.6564 	DEBUG 	Saving data for misty_module ExperimentHandler
14.6572 	WARNING 	Stopping key buffers but this could be dangerous ifother keyboards rely on the same.
