10.5526 	WARNING 	Font Manager failed to load file /System/Library/PrivateFrameworks/FontServices.framework/Resources/Reserved/PingFangUI.ttc
10.5893 	WARNING 	Font Manager failed to load file /System/Library/PrivateFrameworks/FontServices.framework/Resources/Reserved/PingFangUI.ttc
14.4077 	DEBUG 	Fullscreen settings ignored as running in pilot mode.
14.4090 	INFO 	Loaded monitor calibration from ['2026_01_21 12:15']
14.5233 	INFO 	Using renderer 'Apple M4' for graphics
14.5233 	INFO 	OpenGL version supported by driver is 2..
14.5434 	EXP 	Created window1 = Window(allowGUI=False, allowStencil=True, autoLog=True, backendConf=UNKNOWN, backgroundFit=<method-wrapper '__getattribute__' of attributeSetter object at 0x1758097e0>, backgroundImage=<method-wrapper '__getattribute__' of attributeSetter object at 0x175809780>, bitsMode=UNKNOWN, blendMode='avg', bpc=(8, 8, 8), color=array([0, 0, 0]), colorSpace='rgb', depthBits=8, fullscr=False, gamma=None, gammaErrorPolicy='raise', infoMsg=UNKNOWN, lms=UNKNOWN, monitor=<psychopy.monitors.calibTools.Monitor object at 0x17581ba00>, multiSample=False, name='window1', numSamples=2, pos=[np.float64(335.0), np.float64(178.0)], screen=0, size=array([1600, 1200]), stencilBits=8, stereo=False, title='PsychoPy', units='height', useFBO=True, useRetina=True, viewOri=0.0, viewPos=None, viewScale=None, waitBlanking=True, winType='pyglet')
14.5434 	EXP 	window1: backgroundImage = ''
14.5434 	EXP 	window1: backgroundFit = 'none'
14.5576 	DEBUG 	TextBox2 loaded 1 chars with 0 blanks and 1 valid
14.5656 	DEBUG 	TextBox2 loaded 1 chars with 0 blanks and 1 valid
14.5737 	DEBUG 	TextBox2 loaded 1 chars with 0 blanks and 1 valid
14.5819 	DEBUG 	TextBox2 loaded 1 chars with 0 blanks and 1 valid
14.5900 	DEBUG 	TextBox2 loaded 1 chars with 0 blanks and 1 valid
14.5979 	DEBUG 	TextBox2 loaded 1 chars with 0 blanks and 1 valid
14.6060 	DEBUG 	TextBox2 loaded 1 chars with 0 blanks and 1 valid
14.6142 	DEBUG 	TextBox2 loaded 1 chars with 0 blanks and 1 valid
14.6219 	DEBUG 	TextBox2 loaded 1 chars with 0 blanks and 1 valid
14.6298 	DEBUG 	TextBox2 loaded 1 chars with 0 blanks and 1 valid
14.6378 	DEBUG 	TextBox2 loaded 1 chars with 0 blanks and 1 valid
14.6459 	DEBUG 	TextBox2 loaded 1 chars with 0 blanks and 1 valid
14.6540 	DEBUG 	TextBox2 loaded 1 chars with 0 blanks and 1 valid
14.6621 	DEBUG 	TextBox2 loaded 1 chars with 0 blanks and 1 valid
14.6701 	DEBUG 	TextBox2 loaded 1 chars with 0 blanks and 1 valid
14.6782 	DEBUG 	TextBox2 loaded 1 chars with 0 blanks and 1 valid
14.6863 	DEBUG 	TextBox2 loaded 1 chars with 0 blanks and 1 valid
14.6942 	DEBUG 	TextBox2 loaded 1 chars with 0 blanks and 1 valid
14.7021 	DEBUG 	TextBox2 loaded 1 chars with 0 blanks and 1 valid
14.7104 	DEBUG 	TextBox2 loaded 1 chars with 0 blanks and 1 valid
14.7183 	DEBUG 	TextBox2 loaded 1 chars with 0 blanks and 1 valid
14.7184 	DEBUG 	Uploading Texture Font fontname to graphics card
14.7213 	DEBUG 	Upload of Texture Font fontname complete
14.7321 	DEBUG 	TextBox2 loaded 1 chars with 0 blanks and 1 valid
14.7402 	DEBUG 	TextBox2 loaded 1 chars with 0 blanks and 1 valid
14.7482 	DEBUG 	TextBox2 loaded 1 chars with 0 blanks and 1 valid
14.7483 	DEBUG 	Uploading Texture Font fontname to graphics card
14.7498 	DEBUG 	Upload of Texture Font fontname complete
14.7507 	EXP 	window1: Attempting to measure frame rate of screen (0) ...
14.7507 	EXP 	window1: recordFrameIntervals = False
14.8699 	EXP 	window1: recordFrameIntervals = True
15.7039 	WARNING 	Couldn't measure a consistent frame rate!
  - Is your graphics card set to sync to vertical blank?
  - Are you running other processes on your computer?

15.7280 	DEBUG 	TextBox2 loaded 1 chars with 0 blanks and 1 valid
15.7401 	DEBUG 	TextBox2 loaded 1 chars with 0 blanks and 1 valid
15.7505 	DEBUG 	TextBox2 loaded 1 chars with 0 blanks and 1 valid
15.7602 	DEBUG 	TextBox2 loaded 1 chars with 0 blanks and 1 valid
15.7693 	DEBUG 	TextBox2 loaded 1 chars with 0 blanks and 1 valid
15.7779 	DEBUG 	TextBox2 loaded 1 chars with 0 blanks and 1 valid
15.7858 	DEBUG 	TextBox2 loaded 1 chars with 0 blanks and 1 valid
15.7938 	DEBUG 	TextBox2 loaded 1 chars with 0 blanks and 1 valid
15.8016 	DEBUG 	TextBox2 loaded 1 chars with 0 blanks and 1 valid
15.8094 	DEBUG 	TextBox2 loaded 1 chars with 0 blanks and 1 valid
15.8095 	DEBUG 	Uploading Texture Font fontname to graphics card
15.8119 	DEBUG 	Upload of Texture Font fontname complete
16.6089 	INFO 	keyboard.Keyboard is using ptb backend.
16.6089 	EXP 	misty_module: status = STARTED
16.6446 	EXP 	Created text = TextStim(__class__=<class 'psychopy.visual.text.TextStim'>, alignHoriz=method-wrapper(...), alignText='center', alignVert=method-wrapper(...), anchorHoriz='center', anchorVert='center', antialias=True, autoDraw=False, autoLog=True, bold=False, color=array([1., 1., 1.]), colorSpace='rgb', contrast=1.0, depth=-1.0, draggable=False, flipHoriz=False, flipVert=False, font='Arial', fontFiles=[], height=np.float64(0.05), italic=False, languageStyle='LTR', name='text', opacity=1, ori=0.0, pos=array([0., 0.]), rgb=UNKNOWN, text=str(...), units='height', win=Window(...), wrapWidth=1)
16.6519 	EXP 	Created intstructs = TextStim(__class__=<class 'psychopy.visual.text.TextStim'>, alignHoriz=method-wrapper(...), alignText='center', alignVert=method-wrapper(...), anchorHoriz='center', anchorVert='center', antialias=True, autoDraw=False, autoLog=True, bold=False, color=array([1., 1., 1.]), colorSpace='rgb', contrast=1.0, depth=0.0, draggable=False, flipHoriz=False, flipVert=False, font='Arial', fontFiles=[], height=np.float64(0.05), italic=False, languageStyle='LTR', name='intstructs', opacity=1, ori=0.0, pos=array([0., 0.]), rgb=UNKNOWN, text=str(...), units='height', win=Window(...), wrapWidth=1)
16.6541 	EXP 	Created fix = TextStim(__class__=<class 'psychopy.visual.text.TextStim'>, alignHoriz=method-wrapper(...), alignText='center', alignVert=method-wrapper(...), anchorHoriz='center', anchorVert='center', antialias=True, autoDraw=False, autoLog=True, bold=False, color=array([1., 1., 1.]), colorSpace='rgb', contrast=1.0, depth=-1.0, draggable=False, flipHoriz=False, flipVert=False, font='Open Sans', fontFiles=[], height=np.float64(0.1), italic=False, languageStyle='LTR', name='fix', opacity=1, ori=0.0, pos=array([0., 0.]), rgb=UNKNOWN, text='+', units='height', win=Window(...), wrapWidth=1)
16.6601 	DEBUG 	TextBox2 loaded 1 chars with 0 blanks and 1 valid
16.6607 	DEBUG 	TextBox2 loaded 1 chars with 0 blanks and 1 valid
16.6613 	DEBUG 	TextBox2 loaded 1 chars with 0 blanks and 1 valid
16.6617 	DEBUG 	TextBox2 loaded 1 chars with 0 blanks and 1 valid
16.6620 	DEBUG 	TextBox2 loaded 1 chars with 0 blanks and 1 valid
16.6622 	DEBUG 	TextBox2 loaded 1 chars with 0 blanks and 1 valid
16.6627 	DEBUG 	TextBox2 loaded 1 chars with 0 blanks and 1 valid
16.6631 	DEBUG 	TextBox2 loaded 1 chars with 0 blanks and 1 valid
16.6633 	DEBUG 	TextBox2 loaded 1 chars with 0 blanks and 1 valid
16.6634 	DEBUG 	Uploading Texture Font fontname to graphics card
16.6655 	DEBUG 	Upload of Texture Font fontname complete
16.6877 	DEBUG 	TextBox2 loaded 1 chars with 0 blanks and 1 valid
16.6878 	DEBUG 	Uploading Texture Font fontname to graphics card
16.6898 	DEBUG 	Upload of Texture Font fontname complete
16.7002 	DEBUG 	TextBox2 loaded 1 chars with 0 blanks and 1 valid
16.7080 	DEBUG 	TextBox2 loaded 1 chars with 0 blanks and 1 valid
16.7159 	DEBUG 	TextBox2 loaded 1 chars with 0 blanks and 1 valid
16.7236 	DEBUG 	TextBox2 loaded 1 chars with 0 blanks and 1 valid
16.7313 	DEBUG 	TextBox2 loaded 1 chars with 0 blanks and 1 valid
16.7390 	DEBUG 	TextBox2 loaded 1 chars with 0 blanks and 1 valid
16.7468 	DEBUG 	TextBox2 loaded 1 chars with 0 blanks and 1 valid
16.7545 	DEBUG 	TextBox2 loaded 1 chars with 0 blanks and 1 valid
16.7623 	DEBUG 	TextBox2 loaded 1 chars with 0 blanks and 1 valid
16.7699 	DEBUG 	TextBox2 loaded 1 chars with 0 blanks and 1 valid
16.7700 	DEBUG 	Uploading Texture Font fontname to graphics card
16.7715 	DEBUG 	Upload of Texture Font fontname complete
16.7818 	DEBUG 	TextBox2 loaded 1 chars with 0 blanks and 1 valid
16.7818 	DEBUG 	Uploading Texture Font fontname to graphics card
16.7833 	DEBUG 	Upload of Texture Font fontname complete
16.7958 	DEBUG 	TextBox2 loaded 1 chars with 0 blanks and 1 valid
16.7959 	DEBUG 	Uploading Texture Font fontname to graphics card
16.7973 	DEBUG 	Upload of Texture Font fontname complete
16.8100 	DEBUG 	TextBox2 loaded 1 chars with 0 blanks and 1 valid
16.8100 	DEBUG 	Uploading Texture Font fontname to graphics card
16.8115 	DEBUG 	Upload of Texture Font fontname complete
16.8240 	DEBUG 	TextBox2 loaded 1 chars with 0 blanks and 1 valid
16.8241 	DEBUG 	Uploading Texture Font fontname to graphics card
16.8255 	DEBUG 	Upload of Texture Font fontname complete
16.8381 	DEBUG 	TextBox2 loaded 1 chars with 0 blanks and 1 valid
16.8382 	DEBUG 	Uploading Texture Font fontname to graphics card
16.8396 	DEBUG 	Upload of Texture Font fontname complete
16.8521 	DEBUG 	TextBox2 loaded 1 chars with 0 blanks and 1 valid
16.8522 	DEBUG 	Uploading Texture Font fontname to graphics card
16.8537 	DEBUG 	Upload of Texture Font fontname complete
16.8662 	DEBUG 	TextBox2 loaded 1 chars with 0 blanks and 1 valid
16.8663 	DEBUG 	Uploading Texture Font fontname to graphics card
16.8677 	DEBUG 	Upload of Texture Font fontname complete
16.8802 	DEBUG 	TextBox2 loaded 1 chars with 0 blanks and 1 valid
16.8803 	DEBUG 	Uploading Texture Font fontname to graphics card
16.8817 	DEBUG 	Upload of Texture Font fontname complete
16.8943 	DEBUG 	TextBox2 loaded 1 chars with 0 blanks and 1 valid
16.8944 	DEBUG 	Uploading Texture Font fontname to graphics card
16.8958 	DEBUG 	Upload of Texture Font fontname complete
16.9191 	EXP 	Created slider_3 = Slider(__class__=<class 'psychopy.visual.slider.Slider'>, autoDraw=False, autoLog=True, borderColor=None, color=None, colorSpace='rgb', depth=-2, fillColor=None, flip=False, font='Noto Sans', granularity=1, labelColor=None, labelHeight=np.float64(0.05), labelWrapWidth=None, labels=(0, 1, 2, 3, 4, 5, 6, 7, 8, 9), lineColor=None, markerColor=None, name='slider_3', opacity=None, ori=0.0, pos=array([ 0. , -0.4]), readOnly=False, self=UNKNOWN, size=array([1. , 0.1]), startValue=None, style='choice', styleTweaks=[], ticks=array([0, 1, 2, 3, 4, 5, 6, 7, 8, 9]), units='norm', win=Window(...))
16.9259 	EXP 	Created text_2 = TextStim(__class__=<class 'psychopy.visual.text.TextStim'>, alignHoriz=method-wrapper(...), alignText='center', alignVert=method-wrapper(...), anchorHoriz='center', anchorVert='center', antialias=True, autoDraw=False, autoLog=True, bold=False, color=array([1., 1., 1.]), colorSpace='rgb', contrast=1.0, depth=0.0, draggable=False, flipHoriz=False, flipVert=False, font='Arial', fontFiles=[], height=np.float64(0.05), italic=False, languageStyle='LTR', name='text_2', opacity=1, ori=0.0, pos=array([0., 0.]), rgb=UNKNOWN, text=str(...), units='height', win=Window(...), wrapWidth=1)
16.9266 	EXP 	Created fix = TextStim(__class__=<class 'psychopy.visual.text.TextStim'>, alignHoriz=method-wrapper(...), alignText='center', alignVert=method-wrapper(...), anchorHoriz='center', anchorVert='center', antialias=True, autoDraw=False, autoLog=True, bold=False, color=array([1., 1., 1.]), colorSpace='rgb', contrast=1.0, depth=-1.0, draggable=False, flipHoriz=False, flipVert=False, font='Open Sans', fontFiles=[], height=np.float64(0.1), italic=False, languageStyle='LTR', name='fix', opacity=1, ori=0.0, pos=array([0., 0.]), rgb=UNKNOWN, text='+', units='height', win=Window(...), wrapWidth=1)
16.9290 	EXP 	Created prog_3 = Progress(__class__=<class 'psychopy.visual.progress.Progress'>, anchor=('left', 'top'), autoDraw=False, autoLog=True, closeShape=True, color=method-wrapper(...), colorSpace='rgb', contrast=None, depth=-1, draggable=False, fillColor=array([-1.    ,  0.5373, -1.    ]), fillColorSpace='rgb', fillRGB=array([-1.    ,  0.5373, -1.    ]), interpolate=True, lineColor=array([1., 1., 1.]), lineColorSpace='rgb', lineRGB=array([1, 1, 1]), lineWidth=4.0, name='prog_3', opacity=1.0, ori=0.0, pos=array([-0.5,  0.5]), size=array([1. , 0.1]), units='norm', vertices=ndarray(...), win=Window(...), windingRule=None)
16.9298 	EXP 	Created prog_3Bar = ShapeStim(__class__=<class 'psychopy.visual.shape.ShapeStim'>, anchor=('left', 'top'), autoDraw=False, autoLog=True, closeShape=True, color=method-wrapper(...), colorSpace='rgb', contrast=None, depth=-1, draggable=False, fillColor=array([ 1., -1., -1.]), fillColorSpace='rgb', fillRGB=array([ 1., -1., -1.]), interpolate=True, lineColor=array([0., 0., 0.]), lineColorSpace='rgb', lineRGB=array([0, 0, 0]), lineWidth=1.5, name='prog_3Bar', opacity=1.0, ori=0.0, pos=array([-0.5,  0.5]), size=array([1. , 0.1]), units='norm', vertices=ndarray(...), win=Window(...), windingRule=None)
16.9304 	EXP 	Created redbar_3 = Rect(__class__=<class 'psychopy.visual.rect.Rect'>, anchor=('left', 'center'), autoDraw=False, autoLog=True, closeShape=True, color=method-wrapper(...), colorSpace='rgb', contrast=None, depth=-2.0, draggable=False, fillColor=array([ 1., -1., -1.]), fillColorSpace='rgb', fillRGB=array([ 1., -1., -1.]), interpolate=True, lineColor=array([1., 1., 1.]), lineColorSpace='rgb', lineRGB=array([1, 1, 1]), lineWidth=1.0, name='redbar_3', opacity=1, ori=0.0, pos=array([-1. ,  0.7]), size=array([2. , 0.1]), units='norm', vertices=ndarray(...), win=Window(...))
16.9309 	EXP 	Created yellowbar_3 = Rect(__class__=<class 'psychopy.visual.rect.Rect'>, anchor=('left', 'center'), autoDraw=False, autoLog=True, closeShape=True, color=method-wrapper(...), colorSpace='rgb', contrast=None, depth=-3.0, draggable=False, fillColor=array([ 1.,  1., -1.]), fillColorSpace='rgb', fillRGB=array([ 1.,  1., -1.]), interpolate=True, lineColor=array([1., 1., 1.]), lineColorSpace='rgb', lineRGB=array([1, 1, 1]), lineWidth=1.0, name='yellowbar_3', opacity=1, ori=0.0, pos=array([0. , 0.7]), size=array([1. , 0.1]), units='norm', vertices=ndarray(...), win=Window(...))
16.9314 	EXP 	Created greenbar_3 = Rect(__class__=<class 'psychopy.visual.rect.Rect'>, anchor=('left', 'center'), autoDraw=False, autoLog=True, closeShape=True, color=method-wrapper(...), colorSpace='rgb', contrast=None, depth=-4.0, draggable=False, fillColor=array([-1.    ,  0.0039, -1.    ]), fillColorSpace='rgb', fillRGB=array([-1.    ,  0.0039, -1.    ]), interpolate=True, lineColor=array([1., 1., 1.]), lineColorSpace='rgb', lineRGB=array([1, 1, 1]), lineWidth=1.0, name='greenbar_3', opacity=1, ori=0.0, pos=array([0.7, 0.7]), size=array([0.3, 0.1]), units='norm', vertices=ndarray(...), win=Window(...))
16.9322 	EXP 	Created arrow_3 = ShapeStim(__class__=<class 'psychopy.visual.shape.ShapeStim'>, anchor=('center', 'center'), autoDraw=False, autoLog=True, closeShape=True, color=method-wrapper(...), colorSpace='rgb', contrast=None, depth=-5.0, draggable=False, fillColor=array([1, 1, 1]), fillColorSpace='rgb', fillRGB=array([1, 1, 1]), interpolate=True, lineColor=array([1., 1., 1.]), lineColorSpace='rgb', lineRGB=array([1, 1, 1]), lineWidth=1.0, name='arrow_3', opacity=1, ori=0.0, pos=array([0., 0.]), size=array([0.05, 0.05]), units='norm', vertices=ndarray(...), win=Window(...), windingRule=None)
16.9329 	EXP 	Created arrow_4 = ShapeStim(__class__=<class 'psychopy.visual.shape.ShapeStim'>, anchor=('center', 'center'), autoDraw=False, autoLog=True, closeShape=True, color=method-wrapper(...), colorSpace='rgb', contrast=None, depth=-6.0, draggable=False, fillColor=array([1, 1, 1]), fillColorSpace='rgb', fillRGB=array([1, 1, 1]), interpolate=True, lineColor=array([1., 1., 1.]), lineColorSpace='rgb', lineRGB=array([1, 1, 1]), lineWidth=1.0, name='arrow_4', opacity=1, ori=0.0, pos=array([0., 0.]), size=array([0.05, 0.05]), units='norm', vertices=ndarray(...), win=Window(...), windingRule=None)
16.9363 	DEBUG 	TextBox2 loaded 1 chars with 0 blanks and 1 valid
16.9366 	DEBUG 	TextBox2 loaded 1 chars with 0 blanks and 1 valid
16.9368 	DEBUG 	TextBox2 loaded 1 chars with 0 blanks and 1 valid
16.9371 	DEBUG 	TextBox2 loaded 1 chars with 0 blanks and 1 valid
16.9374 	DEBUG 	TextBox2 loaded 1 chars with 0 blanks and 1 valid
16.9376 	DEBUG 	TextBox2 loaded 1 chars with 0 blanks and 1 valid
16.9377 	DEBUG 	Uploading Texture Font fontname to graphics card
16.9400 	DEBUG 	Upload of Texture Font fontname complete
16.9430 	DEBUG 	TextBox2 loaded 1 chars with 0 blanks and 1 valid
16.9433 	DEBUG 	TextBox2 loaded 1 chars with 0 blanks and 1 valid
16.9435 	DEBUG 	TextBox2 loaded 1 chars with 0 blanks and 1 valid
16.9437 	DEBUG 	TextBox2 loaded 1 chars with 0 blanks and 1 valid
16.9440 	DEBUG 	TextBox2 loaded 1 chars with 0 blanks and 1 valid
16.9443 	DEBUG 	TextBox2 loaded 1 chars with 0 blanks and 1 valid
16.9444 	DEBUG 	Uploading Texture Font fontname to graphics card
16.9458 	DEBUG 	Upload of Texture Font fontname complete
16.9486 	DEBUG 	TextBox2 loaded 1 chars with 0 blanks and 1 valid
16.9489 	DEBUG 	TextBox2 loaded 1 chars with 0 blanks and 1 valid
16.9491 	DEBUG 	TextBox2 loaded 1 chars with 0 blanks and 1 valid
16.9492 	DEBUG 	Uploading Texture Font fontname to graphics card
16.9507 	DEBUG 	Upload of Texture Font fontname complete
17.0213 	EXP 	Created slider_4 = Slider(__class__=<class 'psychopy.visual.slider.Slider'>, autoDraw=False, autoLog=True, borderColor=None, color=None, colorSpace='rgb', depth=-9, fillColor=None, flip=False, font='Noto Sans', granularity=1, labelColor=None, labelHeight=np.float64(0.05), labelWrapWidth=None, labels=(0, 1, 2, 3, 4, 5, 6, 7, 8, 9), lineColor=None, markerColor=None, name='slider_4', opacity=None, ori=0.0, pos=array([ 0. , -0.4]), readOnly=False, self=UNKNOWN, size=array([1. , 0.1]), startValue=None, style='choice', styleTweaks=[], ticks=array([0, 1, 2, 3, 4, 5, 6, 7, 8, 9]), units='norm', win=Window(...))
17.0315 	EXP 	Created text_3 = TextStim(__class__=<class 'psychopy.visual.text.TextStim'>, alignHoriz=method-wrapper(...), alignText='center', alignVert=method-wrapper(...), anchorHoriz='center', anchorVert='center', antialias=True, autoDraw=False, autoLog=True, bold=False, color=array([1., 1., 1.]), colorSpace='rgb', contrast=1.0, depth=0.0, draggable=False, flipHoriz=False, flipVert=False, font='Arial', fontFiles=[], height=np.float64(0.05), italic=False, languageStyle='LTR', name='text_3', opacity=1, ori=0.0, pos=array([0., 0.]), rgb=UNKNOWN, text='Training instructions here', units='height', win=Window(...), wrapWidth=1)
17.0323 	EXP 	Created fix = TextStim(__class__=<class 'psychopy.visual.text.TextStim'>, alignHoriz=method-wrapper(...), alignText='center', alignVert=method-wrapper(...), anchorHoriz='center', anchorVert='center', antialias=True, autoDraw=False, autoLog=True, bold=False, color=array([1., 1., 1.]), colorSpace='rgb', contrast=1.0, depth=-1.0, draggable=False, flipHoriz=False, flipVert=False, font='Open Sans', fontFiles=[], height=np.float64(0.1), italic=False, languageStyle='LTR', name='fix', opacity=1, ori=0.0, pos=array([0., 0.]), rgb=UNKNOWN, text='+', units='height', win=Window(...), wrapWidth=1)
17.1046 	EXP 	Created slider_training = Slider(__class__=<class 'psychopy.visual.slider.Slider'>, autoDraw=False, autoLog=True, borderColor=None, color=None, colorSpace='rgb', depth=-2, fillColor=None, flip=False, font='Noto Sans', granularity=1, labelColor=None, labelHeight=np.float64(0.05), labelWrapWidth=None, labels=(0, 1, 2, 3, 4, 5, 6, 7, 8, 9), lineColor=None, markerColor=None, name='slider_training', opacity=None, ori=0.0, pos=array([ 0. , -0.4]), readOnly=False, self=UNKNOWN, size=array([1. , 0.1]), startValue=None, style='choice', styleTweaks=[], ticks=array([0, 1, 2, 3, 4, 5, 6, 7, 8, 9]), units='norm', win=Window(...))
17.1113 	EXP 	Created text_4 = TextStim(__class__=<class 'psychopy.visual.text.TextStim'>, alignHoriz=method-wrapper(...), alignText='center', alignVert=method-wrapper(...), anchorHoriz='center', anchorVert='center', antialias=True, autoDraw=False, autoLog=True, bold=False, color=array([1., 1., 1.]), colorSpace='rgb', contrast=1.0, depth=0.0, draggable=False, flipHoriz=False, flipVert=False, font='Arial', fontFiles=[], height=np.float64(0.05), italic=False, languageStyle='LTR', name='text_4', opacity=1, ori=0.0, pos=array([0., 0.]), rgb=UNKNOWN, text='Please press space to move onto the next block', units='height', win=Window(...), wrapWidth=1)
17.1128 	EXP 	Created text_6 = TextStim(__class__=<class 'psychopy.visual.text.TextStim'>, alignHoriz=method-wrapper(...), alignText='center', alignVert=method-wrapper(...), anchorHoriz='center', anchorVert='center', antialias=True, autoDraw=False, autoLog=True, bold=False, color=array([1., 1., 1.]), colorSpace='rgb', contrast=1.0, depth=0.0, draggable=False, flipHoriz=False, flipVert=False, font='Arial', fontFiles=[], height=np.float64(0.05), italic=False, languageStyle='LTR', name='text_6', opacity=1, ori=0.0, pos=array([0., 0.]), rgb=UNKNOWN, text='Press Space to Start experiment', units='height', win=Window(...), wrapWidth=1)
17.1136 	EXP 	Created fix = TextStim(__class__=<class 'psychopy.visual.text.TextStim'>, alignHoriz=method-wrapper(...), alignText='center', alignVert=method-wrapper(...), anchorHoriz='center', anchorVert='center', antialias=True, autoDraw=False, autoLog=True, bold=False, color=array([1., 1., 1.]), colorSpace='rgb', contrast=1.0, depth=-1.0, draggable=False, flipHoriz=False, flipVert=False, font='Open Sans', fontFiles=[], height=np.float64(0.1), italic=False, languageStyle='LTR', name='fix', opacity=1, ori=0.0, pos=array([0., 0.]), rgb=UNKNOWN, text='+', units='height', win=Window(...), wrapWidth=1)
17.1143 	EXP 	Created prog = Progress(__class__=<class 'psychopy.visual.progress.Progress'>, anchor=('left', 'top'), autoDraw=False, autoLog=True, closeShape=True, color=method-wrapper(...), colorSpace='rgb', contrast=None, depth=-1, draggable=False, fillColor=array([-1.    ,  0.5373, -1.    ]), fillColorSpace='rgb', fillRGB=array([-1.    ,  0.5373, -1.    ]), interpolate=True, lineColor=array([1., 1., 1.]), lineColorSpace='rgb', lineRGB=array([1, 1, 1]), lineWidth=4.0, name='prog', opacity=1.0, ori=0.0, pos=array([-0.5,  0.5]), size=array([1. , 0.1]), units='norm', vertices=ndarray(...), win=Window(...), windingRule=None)
17.1151 	EXP 	Created progBar = ShapeStim(__class__=<class 'psychopy.visual.shape.ShapeStim'>, anchor=('left', 'top'), autoDraw=False, autoLog=True, closeShape=True, color=method-wrapper(...), colorSpace='rgb', contrast=None, depth=-1, draggable=False, fillColor=array([ 1., -1., -1.]), fillColorSpace='rgb', fillRGB=array([ 1., -1., -1.]), interpolate=True, lineColor=array([0., 0., 0.]), lineColorSpace='rgb', lineRGB=array([0, 0, 0]), lineWidth=1.5, name='progBar', opacity=1.0, ori=0.0, pos=array([-0.5,  0.5]), size=array([1. , 0.1]), units='norm', vertices=ndarray(...), win=Window(...), windingRule=None)
17.1156 	EXP 	Created redbar = Rect(__class__=<class 'psychopy.visual.rect.Rect'>, anchor=('left', 'center'), autoDraw=False, autoLog=True, closeShape=True, color=method-wrapper(...), colorSpace='rgb', contrast=None, depth=-2.0, draggable=False, fillColor=array([ 1., -1., -1.]), fillColorSpace='rgb', fillRGB=array([ 1., -1., -1.]), interpolate=True, lineColor=array([1., 1., 1.]), lineColorSpace='rgb', lineRGB=array([1, 1, 1]), lineWidth=1.0, name='redbar', opacity=1, ori=0.0, pos=array([-1. ,  0.7]), size=array([2. , 0.1]), units='norm', vertices=ndarray(...), win=Window(...))
17.1162 	EXP 	Created yellowbar = Rect(__class__=<class 'psychopy.visual.rect.Rect'>, anchor=('left', 'center'), autoDraw=False, autoLog=True, closeShape=True, color=method-wrapper(...), colorSpace='rgb', contrast=None, depth=-3.0, draggable=False, fillColor=array([ 1.,  1., -1.]), fillColorSpace='rgb', fillRGB=array([ 1.,  1., -1.]), interpolate=True, lineColor=array([1., 1., 1.]), lineColorSpace='rgb', lineRGB=array([1, 1, 1]), lineWidth=1.0, name='yellowbar', opacity=1, ori=0.0, pos=array([0. , 0.7]), size=array([1. , 0.1]), units='norm', vertices=ndarray(...), win=Window(...))
17.1167 	EXP 	Created greenbar = Rect(__class__=<class 'psychopy.visual.rect.Rect'>, anchor=('left', 'center'), autoDraw=False, autoLog=True, closeShape=True, color=method-wrapper(...), colorSpace='rgb', contrast=None, depth=-4.0, draggable=False, fillColor=array([-1.    ,  0.0039, -1.    ]), fillColorSpace='rgb', fillRGB=array([-1.    ,  0.0039, -1.    ]), interpolate=True, lineColor=array([1., 1., 1.]), lineColorSpace='rgb', lineRGB=array([1, 1, 1]), lineWidth=1.0, name='greenbar', opacity=1, ori=0.0, pos=array([0.7, 0.7]), size=array([0.3, 0.1]), units='norm', vertices=ndarray(...), win=Window(...))
17.1175 	EXP 	Created targarrow = ShapeStim(__class__=<class 'psychopy.visual.shape.ShapeStim'>, anchor=('center', 'center'), autoDraw=False, autoLog=True, closeShape=True, color=method-wrapper(...), colorSpace='rgb', contrast=None, depth=-5.0, draggable=False, fillColor=array([1, 1, 1]), fillColorSpace='rgb', fillRGB=array([1, 1, 1]), interpolate=True, lineColor=array([1., 1., 1.]), lineColorSpace='rgb', lineRGB=array([1, 1, 1]), lineWidth=1.0, name='targarrow', opacity=1, ori=0.0, pos=array([0.7, 0.6]), size=array([0.05, 0.05]), units='norm', vertices=ndarray(...), win=Window(...), windingRule=None)
17.1182 	EXP 	Created userArrow = ShapeStim(__class__=<class 'psychopy.visual.shape.ShapeStim'>, anchor=('center', 'center'), autoDraw=False, autoLog=True, closeShape=True, color=method-wrapper(...), colorSpace='rgb', contrast=None, depth=-6.0, draggable=False, fillColor=array([1, 1, 1]), fillColorSpace='rgb', fillRGB=array([1, 1, 1]), interpolate=True, lineColor=array([1., 1., 1.]), lineColorSpace='rgb', lineRGB=array([1, 1, 1]), lineWidth=1.0, name='userArrow', opacity=1, ori=0.0, pos=array([0., 0.]), size=array([0.05, 0.05]), units='norm', vertices=ndarray(...), win=Window(...), windingRule=None)
17.2006 	EXP 	Created slider = Slider(__class__=<class 'psychopy.visual.slider.Slider'>, autoDraw=False, autoLog=True, borderColor=None, color=None, colorSpace='rgb', depth=-10, fillColor=None, flip=False, font='Noto Sans', granularity=1, labelColor=None, labelHeight=np.float64(0.05), labelWrapWidth=None, labels=(0, 1, 2, 3, 4, 5, 6, 7, 8, 9), lineColor=None, markerColor=None, name='slider', opacity=None, ori=0.0, pos=array([ 0. , -0.4]), readOnly=False, self=UNKNOWN, size=array([1. , 0.1]), startValue=None, style='choice', styleTweaks=[], ticks=array([0, 1, 2, 3, 4, 5, 6, 7, 8, 9]), units='norm', win=Window(...))
17.2013 	EXP 	Created norm_arrow = ShapeStim(__class__=<class 'psychopy.visual.shape.ShapeStim'>, anchor=('center', 'center'), autoDraw=False, autoLog=True, closeShape=True, color=method-wrapper(...), colorSpace='rgb', contrast=None, depth=-12.0, draggable=False, fillColor=array([1, 1, 1]), fillColorSpace='rgb', fillRGB=array([1, 1, 1]), interpolate=True, lineColor=array([1., 1., 1.]), lineColorSpace='rgb', lineRGB=array([1, 1, 1]), lineWidth=1.0, name='norm_arrow', opacity=1, ori=0.0, pos=array([0.7, 0.6]), size=array([0.05, 0.05]), units='height', vertices=ndarray(...), win=Window(...), windingRule=None)
17.2060 	EXP 	Created text_5 = TextStim(__class__=<class 'psychopy.visual.text.TextStim'>, alignHoriz=method-wrapper(...), alignText='center', alignVert=method-wrapper(...), anchorHoriz='center', anchorVert='center', antialias=True, autoDraw=False, autoLog=True, bold=False, color=array([1., 1., 1.]), colorSpace='rgb', contrast=1.0, depth=0.0, draggable=False, flipHoriz=False, flipVert=False, font='Arial', fontFiles=[], height=0.05, italic=False, languageStyle='LTR', name='text_5', opacity=1, ori=0.0, pos=array([0., 0.]), rgb=UNKNOWN, text='', units='height', win=Window(...), wrapWidth=1)
17.2077 	EXP 	Created text_7 = TextStim(__class__=<class 'psychopy.visual.text.TextStim'>, alignHoriz=method-wrapper(...), alignText='center', alignVert=method-wrapper(...), anchorHoriz='center', anchorVert='center', antialias=True, autoDraw=False, autoLog=True, bold=False, color=array([1., 1., 1.]), colorSpace='rgb', contrast=1.0, depth=0.0, draggable=False, flipHoriz=False, flipVert=False, font='Arial', fontFiles=[], height=np.float64(0.05), italic=False, languageStyle='LTR', name='text_7', opacity=1, ori=0.0, pos=array([0., 0.]), rgb=UNKNOWN, text=str(...), units='height', win=Window(...), wrapWidth=1)
0.0045 	EXP 	equation_practice_1: autoLog = True
0.0045 	EXP 	slider_3: autoLog = True
0.0045 	EXP 	slider_3: styleTweaks = []
0.0045 	EXP 	slider_3: styleTweaks = []
0.0045 	EXP 	slider_3: styleTweaks = []
0.0045 	EXP 	slider_3: styleTweaks = []
0.0045 	EXP 	slider_3: contrast = 1.0
0.0045 	EXP 	slider_3: markerPos = None
0.0045 	EXP 	slider_3: autoLog = True
0.0045 	EXP 	feedback_practice_1: autoLog = True
0.0045 	EXP 	prog_3: direction = 'horizontal'
0.0045 	EXP 	prog_3: progress = 0.0
0.0045 	EXP 	targlab: autoLog = True
0.0045 	EXP 	yourperf: autoLog = True
0.0045 	EXP 	slider_4: autoLog = True
0.0045 	EXP 	slider_4: styleTweaks = []
0.0045 	EXP 	slider_4: styleTweaks = []
0.0045 	EXP 	slider_4: styleTweaks = []
0.0045 	EXP 	slider_4: styleTweaks = []
0.0045 	EXP 	slider_4: contrast = 1.0
0.0045 	EXP 	slider_4: markerPos = None
0.0045 	EXP 	slider_4: autoLog = True
0.0045 	EXP 	textbox_5: autoLog = True
0.0045 	EXP 	feedback_practice_1: autoLog = True
0.0045 	EXP 	textbox_3: autoLog = True
0.0045 	EXP 	slider_training: autoLog = True
0.0045 	EXP 	slider_training: styleTweaks = []
0.0045 	EXP 	slider_training: styleTweaks = []
0.0045 	EXP 	slider_training: styleTweaks = []
0.0045 	EXP 	slider_training: styleTweaks = []
0.0045 	EXP 	slider_training: contrast = 1.0
0.0045 	EXP 	slider_training: markerPos = None
0.0045 	EXP 	slider_training: autoLog = True
0.0045 	EXP 	feedback_practice_1: autoLog = True
0.0045 	EXP 	prog: direction = 'horizontal'
0.0045 	EXP 	prog: progress = 0.0
0.0045 	EXP 	yourperfexp: autoLog = True
0.0045 	EXP 	tarlabexp: autoLog = True
0.0045 	EXP 	textbox: autoLog = True
0.0045 	EXP 	slider: autoLog = True
0.0045 	EXP 	slider: styleTweaks = []
0.0045 	EXP 	slider: styleTweaks = []
0.0045 	EXP 	slider: styleTweaks = []
0.0045 	EXP 	slider: styleTweaks = []
0.0045 	EXP 	slider: contrast = 1.0
0.0045 	EXP 	slider: markerPos = None
0.0045 	EXP 	slider: autoLog = True
0.0045 	EXP 	feedback_practice_1: autoLog = True
0.0127 	DEBUG 	Read excel file with openpyxl: experiment_difficulty.xlsx
0.0129 	EXP 	Imported experiment_difficulty.xlsx as conditions, 5 conditions, 3 params
0.0131 	EXP 	New trial (rep=0, index=0): <Trial 0 (0 in rep 0) data={'exp_diff': 'med1', 'exp_time': 120, 'diffbyt': 5.0, 'thisN': 0, 'thisTrialN': 0, 'thisRepN': 0}>
0.0158 	EXP 	New trial (rep=0, index=0): <Trial 0 (0 in rep 0) data={'thisN': 0, 'thisTrialN': 0, 'thisRepN': 0}>
0.0211 	EXP 	fix: autoDraw = True
0.5094 	DEBUG 	TextBox2 loaded 1 chars with 0 blanks and 1 valid
0.5103 	DEBUG 	TextBox2 loaded 1 chars with 0 blanks and 1 valid
0.5117 	DEBUG 	TextBox2 loaded 1 chars with 0 blanks and 1 valid
0.5122 	DEBUG 	TextBox2 loaded 1 chars with 0 blanks and 1 valid
0.5133 	DEBUG 	TextBox2 loaded 1 chars with 0 blanks and 1 valid
0.5145 	DEBUG 	TextBox2 loaded 1 chars with 0 blanks and 1 valid
0.5152 	DEBUG 	TextBox2 loaded 1 chars with 0 blanks and 1 valid
0.5162 	DEBUG 	TextBox2 loaded 1 chars with 0 blanks and 1 valid
0.5164 	DEBUG 	Uploading Texture Font fontname to graphics card
0.5201 	DEBUG 	Upload of Texture Font fontname complete
0.5465 	INFO 	Keyboard events cleared
0.5464 	WARNING 	t of last frame was 43.05ms (=1/23)
0.5464 	EXP 	fix: autoDraw = False
0.5464 	EXP 	slider: markerPos = None
0.5464 	EXP 	slider: markerPos = None
0.5464 	EXP 	prog: autoDraw = True
0.5464 	EXP 	redbar: autoDraw = True
0.5464 	EXP 	yellowbar: autoDraw = True
0.5464 	EXP 	greenbar: autoDraw = True
0.5464 	EXP 	targarrow: autoDraw = True
0.5464 	EXP 	userArrow: autoDraw = True
0.5464 	EXP 	yourperfexp: autoDraw = True
0.5464 	EXP 	tarlabexp: autoDraw = True
0.5464 	EXP 	textbox: autoDraw = True
0.5464 	EXP 	slider: autoDraw = True
0.5464 	EXP 	norm_arrow: autoDraw = True
0.6122 	WARNING 	t of last frame was 27.16ms (=1/36)
7.9005 	EXP 	Device response: <KeyPress from None: t=7.77509499900043, value=6, duration=None>
7.9006 	EXP 	Device response: <KeyPress from None: t=7.77509499900043, value=6, duration=0.05424924999533687>
7.9018 	DEBUG 	TextBox2 loaded 1 chars with 0 blanks and 1 valid
7.9023 	DEBUG 	TextBox2 loaded 1 chars with 0 blanks and 1 valid
7.9028 	DEBUG 	TextBox2 loaded 1 chars with 0 blanks and 1 valid
7.9033 	DEBUG 	TextBox2 loaded 1 chars with 0 blanks and 1 valid
7.9036 	DEBUG 	TextBox2 loaded 1 chars with 0 blanks and 1 valid
7.9037 	DEBUG 	Uploading Texture Font fontname to graphics card
7.9053 	DEBUG 	Upload of Texture Font fontname complete
7.9109 	DATA 	Keypress: 6
7.9149 	WARNING 	t of last frame was 133.95ms (=1/7)
7.9149 	EXP 	prog: autoDraw = False
7.9149 	EXP 	redbar: autoDraw = False
7.9149 	EXP 	yellowbar: autoDraw = False
7.9149 	EXP 	greenbar: autoDraw = False
7.9149 	EXP 	targarrow: autoDraw = False
7.9149 	EXP 	userArrow: autoDraw = False
7.9149 	EXP 	yourperfexp: autoDraw = False
7.9149 	EXP 	tarlabexp: autoDraw = False
7.9149 	EXP 	textbox: autoDraw = False
7.9149 	EXP 	slider: autoDraw = False
7.9149 	EXP 	norm_arrow: autoDraw = False
7.9149 	EXP 	feedback_practice_1: autoDraw = True
8.9039 	EXP 	New trial (rep=1, index=0): <Trial 1 (0 in rep 1) data={'thisN': 1, 'thisTrialN': 0, 'thisRepN': 1}>
8.9123 	EXP 	feedback_practice_1: autoDraw = False
8.9123 	EXP 	fix: autoDraw = True
9.4018 	DEBUG 	TextBox2 loaded 1 chars with 0 blanks and 1 valid
9.4030 	DEBUG 	TextBox2 loaded 1 chars with 0 blanks and 1 valid
9.4043 	DEBUG 	TextBox2 loaded 1 chars with 0 blanks and 1 valid
9.4045 	DEBUG 	Uploading Texture Font fontname to graphics card
9.4078 	DEBUG 	Upload of Texture Font fontname complete
9.4255 	INFO 	Keyboard events cleared
9.4255 	WARNING 	t of last frame was 29.95ms (=1/33)
9.4255 	EXP 	fix: autoDraw = False
9.4255 	EXP 	fix: autoDraw = False
9.4255 	EXP 	slider: markerPos = None
9.4255 	EXP 	slider: markerPos = None
9.4255 	EXP 	prog: autoDraw = True
9.4255 	EXP 	redbar: autoDraw = True
9.4255 	EXP 	yellowbar: autoDraw = True
9.4255 	EXP 	greenbar: autoDraw = True
9.4255 	EXP 	targarrow: autoDraw = True
9.4255 	EXP 	userArrow: autoDraw = True
9.4255 	EXP 	yourperfexp: autoDraw = True
9.4255 	EXP 	tarlabexp: autoDraw = True
9.4255 	EXP 	textbox: autoDraw = True
9.4255 	EXP 	slider: autoDraw = True
9.4255 	EXP 	norm_arrow: autoDraw = True
15.1793 	EXP 	Device response: <KeyPress from None: t=15.176706915997784, value=1, duration=None>
15.1830 	EXP 	prog: autoDraw = False
15.1830 	EXP 	redbar: autoDraw = False
15.1830 	EXP 	yellowbar: autoDraw = False
15.1830 	EXP 	greenbar: autoDraw = False
15.1830 	EXP 	targarrow: autoDraw = False
15.1830 	EXP 	userArrow: autoDraw = False
15.1830 	EXP 	yourperfexp: autoDraw = False
15.1830 	EXP 	tarlabexp: autoDraw = False
15.1830 	EXP 	textbox: autoDraw = False
15.1830 	EXP 	slider: autoDraw = False
15.1830 	EXP 	norm_arrow: autoDraw = False
15.1830 	EXP 	feedback_practice_1: autoDraw = True
15.1849 	DATA 	Keypress: 1
15.2461 	EXP 	Device response: <KeyPress from None: t=15.176706915997784, value=1, duration=0.06234858300013002>
16.1696 	EXP 	New trial (rep=2, index=0): <Trial 2 (0 in rep 2) data={'thisN': 2, 'thisTrialN': 0, 'thisRepN': 2}>
16.1788 	EXP 	feedback_practice_1: autoDraw = False
16.1788 	EXP 	feedback_practice_1: autoDraw = False
16.1788 	EXP 	fix: autoDraw = True
16.6699 	DEBUG 	TextBox2 loaded 1 chars with 0 blanks and 1 valid
16.6702 	DEBUG 	Uploading Texture Font fontname to graphics card
16.6739 	DEBUG 	Upload of Texture Font fontname complete
16.6925 	INFO 	Keyboard events cleared
16.6925 	WARNING 	Multiple dropped frames have occurred - I'll stop bothering you about them!
16.6925 	EXP 	fix: autoDraw = False
16.6925 	EXP 	fix: autoDraw = False
16.6925 	EXP 	slider: markerPos = None
16.6925 	EXP 	slider: markerPos = None
16.6925 	EXP 	prog: autoDraw = True
16.6925 	EXP 	redbar: autoDraw = True
16.6925 	EXP 	yellowbar: autoDraw = True
16.6925 	EXP 	greenbar: autoDraw = True
16.6925 	EXP 	targarrow: autoDraw = True
16.6925 	EXP 	userArrow: autoDraw = True
16.6925 	EXP 	yourperfexp: autoDraw = True
16.6925 	EXP 	tarlabexp: autoDraw = True
16.6925 	EXP 	textbox: autoDraw = True
16.6925 	EXP 	slider: autoDraw = True
16.6925 	EXP 	norm_arrow: autoDraw = True
23.6986 	EXP 	Device response: <KeyPress from None: t=23.69411249899713, value=8, duration=None>
23.7003 	DATA 	Keypress: 8
23.7116 	EXP 	prog: autoDraw = False
23.7116 	EXP 	redbar: autoDraw = False
23.7116 	EXP 	yellowbar: autoDraw = False
23.7116 	EXP 	greenbar: autoDraw = False
23.7116 	EXP 	targarrow: autoDraw = False
23.7116 	EXP 	userArrow: autoDraw = False
23.7116 	EXP 	yourperfexp: autoDraw = False
23.7116 	EXP 	tarlabexp: autoDraw = False
23.7116 	EXP 	textbox: autoDraw = False
23.7116 	EXP 	slider: autoDraw = False
23.7116 	EXP 	norm_arrow: autoDraw = False
23.7116 	EXP 	feedback_practice_1: autoDraw = True
23.7625 	EXP 	Device response: <KeyPress from None: t=23.69411249899713, value=8, duration=0.062372500004130416>
24.6971 	EXP 	New trial (rep=3, index=0): <Trial 3 (0 in rep 3) data={'thisN': 3, 'thisTrialN': 0, 'thisRepN': 3}>
24.7013 	EXP 	feedback_practice_1: autoDraw = False
24.7013 	EXP 	feedback_practice_1: autoDraw = False
24.7013 	EXP 	fix: autoDraw = True
25.2094 	INFO 	Keyboard events cleared
25.2094 	EXP 	fix: autoDraw = False
25.2094 	EXP 	fix: autoDraw = False
25.2094 	EXP 	slider: markerPos = None
25.2094 	EXP 	slider: markerPos = None
25.2094 	EXP 	prog: autoDraw = True
25.2094 	EXP 	redbar: autoDraw = True
25.2094 	EXP 	yellowbar: autoDraw = True
25.2094 	EXP 	greenbar: autoDraw = True
25.2094 	EXP 	targarrow: autoDraw = True
25.2094 	EXP 	userArrow: autoDraw = True
25.2094 	EXP 	yourperfexp: autoDraw = True
25.2094 	EXP 	tarlabexp: autoDraw = True
25.2094 	EXP 	textbox: autoDraw = True
25.2094 	EXP 	slider: autoDraw = True
25.2094 	EXP 	norm_arrow: autoDraw = True
34.1959 	DEBUG 	TextBox2 loaded 1 chars with 0 blanks and 1 valid
34.1965 	DEBUG 	TextBox2 loaded 1 chars with 0 blanks and 1 valid
34.1972 	DEBUG 	TextBox2 loaded 1 chars with 0 blanks and 1 valid
34.1977 	DEBUG 	TextBox2 loaded 1 chars with 0 blanks and 1 valid
34.1978 	DEBUG 	Uploading Texture Font fontname to graphics card
34.1993 	DEBUG 	Upload of Texture Font fontname complete
34.2024 	EXP 	prog: autoDraw = False
34.2024 	EXP 	redbar: autoDraw = False
34.2024 	EXP 	yellowbar: autoDraw = False
34.2024 	EXP 	greenbar: autoDraw = False
34.2024 	EXP 	targarrow: autoDraw = False
34.2024 	EXP 	userArrow: autoDraw = False
34.2024 	EXP 	yourperfexp: autoDraw = False
34.2024 	EXP 	tarlabexp: autoDraw = False
34.2024 	EXP 	textbox: autoDraw = False
34.2024 	EXP 	slider: autoDraw = False
34.2024 	EXP 	norm_arrow: autoDraw = False
34.2024 	EXP 	prog: autoDraw = False
34.2024 	EXP 	redbar: autoDraw = False
34.2024 	EXP 	yellowbar: autoDraw = False
34.2024 	EXP 	greenbar: autoDraw = False
34.2024 	EXP 	targarrow: autoDraw = False
34.2024 	EXP 	userArrow: autoDraw = False
34.2024 	EXP 	yourperfexp: autoDraw = False
34.2024 	EXP 	tarlabexp: autoDraw = False
34.2024 	EXP 	textbox: autoDraw = False
34.2024 	EXP 	slider: autoDraw = False
34.2024 	EXP 	norm_arrow: autoDraw = False
34.2024 	EXP 	feedback_practice_1: autoDraw = True
35.1864 	EXP 	New trial (rep=4, index=0): <Trial 4 (0 in rep 4) data={'thisN': 4, 'thisTrialN': 0, 'thisRepN': 4}>
35.1951 	EXP 	feedback_practice_1: autoDraw = False
35.1951 	EXP 	feedback_practice_1: autoDraw = False
35.1951 	EXP 	fix: autoDraw = True
35.7048 	INFO 	Keyboard events cleared
35.7047 	EXP 	fix: autoDraw = False
35.7047 	EXP 	fix: autoDraw = False
35.7047 	EXP 	slider: markerPos = None
35.7047 	EXP 	slider: markerPos = None
35.7047 	EXP 	prog: autoDraw = True
35.7047 	EXP 	redbar: autoDraw = True
35.7047 	EXP 	yellowbar: autoDraw = True
35.7047 	EXP 	greenbar: autoDraw = True
35.7047 	EXP 	targarrow: autoDraw = True
35.7047 	EXP 	userArrow: autoDraw = True
35.7047 	EXP 	yourperfexp: autoDraw = True
35.7047 	EXP 	tarlabexp: autoDraw = True
35.7047 	EXP 	textbox: autoDraw = True
35.7047 	EXP 	slider: autoDraw = True
35.7047 	EXP 	norm_arrow: autoDraw = True
39.4218 	DATA 	Keypress: 2
39.4290 	EXP 	Device response: <KeyPress from None: t=39.4174130409956, value=2, duration=None>
39.4299 	DEBUG 	TextBox2 loaded 1 chars with 0 blanks and 1 valid
39.4303 	DEBUG 	TextBox2 loaded 1 chars with 0 blanks and 1 valid
39.4305 	DEBUG 	Uploading Texture Font fontname to graphics card
39.4320 	DEBUG 	Upload of Texture Font fontname complete
39.4355 	EXP 	prog: autoDraw = False
39.4355 	EXP 	redbar: autoDraw = False
39.4355 	EXP 	yellowbar: autoDraw = False
39.4355 	EXP 	greenbar: autoDraw = False
39.4355 	EXP 	targarrow: autoDraw = False
39.4355 	EXP 	userArrow: autoDraw = False
39.4355 	EXP 	yourperfexp: autoDraw = False
39.4355 	EXP 	tarlabexp: autoDraw = False
39.4355 	EXP 	textbox: autoDraw = False
39.4355 	EXP 	slider: autoDraw = False
39.4355 	EXP 	norm_arrow: autoDraw = False
39.4355 	EXP 	feedback_practice_1: autoDraw = True
39.4819 	EXP 	Device response: <KeyPress from None: t=39.4174130409956, value=2, duration=0.06221299999742769>
40.4301 	EXP 	New trial (rep=5, index=0): <Trial 5 (0 in rep 5) data={'thisN': 5, 'thisTrialN': 0, 'thisRepN': 5}>
40.4342 	EXP 	feedback_practice_1: autoDraw = False
40.4342 	EXP 	fix: autoDraw = True
40.9447 	INFO 	Keyboard events cleared
40.9447 	EXP 	fix: autoDraw = False
40.9447 	EXP 	fix: autoDraw = False
40.9447 	EXP 	slider: markerPos = None
40.9447 	EXP 	slider: markerPos = None
40.9447 	EXP 	prog: autoDraw = True
40.9447 	EXP 	redbar: autoDraw = True
40.9447 	EXP 	yellowbar: autoDraw = True
40.9447 	EXP 	greenbar: autoDraw = True
40.9447 	EXP 	targarrow: autoDraw = True
40.9447 	EXP 	userArrow: autoDraw = True
40.9447 	EXP 	yourperfexp: autoDraw = True
40.9447 	EXP 	tarlabexp: autoDraw = True
40.9447 	EXP 	textbox: autoDraw = True
40.9447 	EXP 	slider: autoDraw = True
40.9447 	EXP 	norm_arrow: autoDraw = True
41.5121 	EXP 	Device response: <KeyPress from None: t=41.510555207991274, value=2, duration=None>
41.5157 	EXP 	prog: autoDraw = False
41.5157 	EXP 	redbar: autoDraw = False
41.5157 	EXP 	yellowbar: autoDraw = False
41.5157 	EXP 	greenbar: autoDraw = False
41.5157 	EXP 	targarrow: autoDraw = False
41.5157 	EXP 	userArrow: autoDraw = False
41.5157 	EXP 	yourperfexp: autoDraw = False
41.5157 	EXP 	tarlabexp: autoDraw = False
41.5157 	EXP 	textbox: autoDraw = False
41.5157 	EXP 	slider: autoDraw = False
41.5157 	EXP 	norm_arrow: autoDraw = False
41.5157 	EXP 	feedback_practice_1: autoDraw = True
41.5196 	DATA 	Keypress: 2
41.6294 	EXP 	Device response: <KeyPress from None: t=41.510555207991274, value=2, duration=0.11209408300055657>
42.5032 	EXP 	New trial (rep=6, index=0): <Trial 6 (0 in rep 6) data={'thisN': 6, 'thisTrialN': 0, 'thisRepN': 6}>
42.5117 	EXP 	feedback_practice_1: autoDraw = False
42.5117 	EXP 	feedback_practice_1: autoDraw = False
42.5117 	EXP 	fix: autoDraw = True
43.0204 	INFO 	Keyboard events cleared
43.0203 	EXP 	fix: autoDraw = False
43.0203 	EXP 	fix: autoDraw = False
43.0203 	EXP 	slider: markerPos = None
43.0203 	EXP 	slider: markerPos = None
43.0203 	EXP 	prog: autoDraw = True
43.0203 	EXP 	redbar: autoDraw = True
43.0203 	EXP 	yellowbar: autoDraw = True
43.0203 	EXP 	greenbar: autoDraw = True
43.0203 	EXP 	targarrow: autoDraw = True
43.0203 	EXP 	userArrow: autoDraw = True
43.0203 	EXP 	yourperfexp: autoDraw = True
43.0203 	EXP 	tarlabexp: autoDraw = True
43.0203 	EXP 	textbox: autoDraw = True
43.0203 	EXP 	slider: autoDraw = True
43.0203 	EXP 	norm_arrow: autoDraw = True
43.5320 	EXP 	Device response: <KeyPress from None: t=43.525198666000506, value=2, duration=None>
43.5337 	DATA 	Keypress: 2
43.5443 	EXP 	prog: autoDraw = False
43.5443 	EXP 	redbar: autoDraw = False
43.5443 	EXP 	yellowbar: autoDraw = False
43.5443 	EXP 	greenbar: autoDraw = False
43.5443 	EXP 	targarrow: autoDraw = False
43.5443 	EXP 	userArrow: autoDraw = False
43.5443 	EXP 	yourperfexp: autoDraw = False
43.5443 	EXP 	tarlabexp: autoDraw = False
43.5443 	EXP 	textbox: autoDraw = False
43.5443 	EXP 	slider: autoDraw = False
43.5443 	EXP 	norm_arrow: autoDraw = False
43.5443 	EXP 	feedback_practice_1: autoDraw = True
43.6512 	EXP 	Device response: <KeyPress from None: t=43.525198666000506, value=2, duration=0.12433837499702349>
44.5301 	EXP 	New trial (rep=7, index=0): <Trial 7 (0 in rep 7) data={'thisN': 7, 'thisTrialN': 0, 'thisRepN': 7}>
44.5342 	EXP 	feedback_practice_1: autoDraw = False
44.5342 	EXP 	feedback_practice_1: autoDraw = False
44.5342 	EXP 	fix: autoDraw = True
45.0413 	INFO 	Keyboard events cleared
45.0413 	EXP 	fix: autoDraw = False
45.0413 	EXP 	fix: autoDraw = False
45.0413 	EXP 	slider: markerPos = None
45.0413 	EXP 	slider: markerPos = None
45.0413 	EXP 	prog: autoDraw = True
45.0413 	EXP 	redbar: autoDraw = True
45.0413 	EXP 	yellowbar: autoDraw = True
45.0413 	EXP 	greenbar: autoDraw = True
45.0413 	EXP 	targarrow: autoDraw = True
45.0413 	EXP 	userArrow: autoDraw = True
45.0413 	EXP 	yourperfexp: autoDraw = True
45.0413 	EXP 	tarlabexp: autoDraw = True
45.0413 	EXP 	textbox: autoDraw = True
45.0413 	EXP 	slider: autoDraw = True
45.0413 	EXP 	norm_arrow: autoDraw = True
45.6621 	EXP 	Device response: <KeyPress from None: t=45.66021954099415, value=2, duration=None>
45.6638 	DATA 	Keypress: 2
45.6671 	EXP 	prog: autoDraw = False
45.6671 	EXP 	redbar: autoDraw = False
45.6671 	EXP 	yellowbar: autoDraw = False
45.6671 	EXP 	greenbar: autoDraw = False
45.6671 	EXP 	targarrow: autoDraw = False
45.6671 	EXP 	userArrow: autoDraw = False
45.6671 	EXP 	yourperfexp: autoDraw = False
45.6671 	EXP 	tarlabexp: autoDraw = False
45.6671 	EXP 	textbox: autoDraw = False
45.6671 	EXP 	slider: autoDraw = False
45.6671 	EXP 	norm_arrow: autoDraw = False
45.6671 	EXP 	feedback_practice_1: autoDraw = True
45.8128 	EXP 	Device response: <KeyPress from None: t=45.66021954099415, value=2, duration=0.14024358299502637>
46.6527 	EXP 	New trial (rep=8, index=0): <Trial 8 (0 in rep 8) data={'thisN': 8, 'thisTrialN': 0, 'thisRepN': 8}>
46.6616 	EXP 	feedback_practice_1: autoDraw = False
46.6616 	EXP 	feedback_practice_1: autoDraw = False
46.6616 	EXP 	fix: autoDraw = True
47.1734 	INFO 	Keyboard events cleared
47.1734 	EXP 	fix: autoDraw = False
47.1734 	EXP 	fix: autoDraw = False
47.1734 	EXP 	slider: markerPos = None
47.1734 	EXP 	slider: markerPos = None
47.1734 	EXP 	prog: autoDraw = True
47.1734 	EXP 	redbar: autoDraw = True
47.1734 	EXP 	yellowbar: autoDraw = True
47.1734 	EXP 	greenbar: autoDraw = True
47.1734 	EXP 	targarrow: autoDraw = True
47.1734 	EXP 	userArrow: autoDraw = True
47.1734 	EXP 	yourperfexp: autoDraw = True
47.1734 	EXP 	tarlabexp: autoDraw = True
47.1734 	EXP 	textbox: autoDraw = True
47.1734 	EXP 	slider: autoDraw = True
47.1734 	EXP 	norm_arrow: autoDraw = True
47.6481 	EXP 	Device response: <KeyPress from None: t=47.64307379099773, value=2, duration=None>
47.6497 	DATA 	Keypress: 2
47.6607 	EXP 	prog: autoDraw = False
47.6607 	EXP 	redbar: autoDraw = False
47.6607 	EXP 	yellowbar: autoDraw = False
47.6607 	EXP 	greenbar: autoDraw = False
47.6607 	EXP 	targarrow: autoDraw = False
47.6607 	EXP 	userArrow: autoDraw = False
47.6607 	EXP 	yourperfexp: autoDraw = False
47.6607 	EXP 	tarlabexp: autoDraw = False
47.6607 	EXP 	textbox: autoDraw = False
47.6607 	EXP 	slider: autoDraw = False
47.6607 	EXP 	norm_arrow: autoDraw = False
47.6607 	EXP 	feedback_practice_1: autoDraw = True
47.7676 	EXP 	Device response: <KeyPress from None: t=47.64307379099773, value=2, duration=0.12032975000329316>
48.6467 	EXP 	New trial (rep=9, index=0): <Trial 9 (0 in rep 9) data={'thisN': 9, 'thisTrialN': 0, 'thisRepN': 9}>
48.6507 	EXP 	feedback_practice_1: autoDraw = False
48.6507 	EXP 	feedback_practice_1: autoDraw = False
48.6507 	EXP 	fix: autoDraw = True
49.1399 	DEBUG 	TextBox2 loaded 1 chars with 0 blanks and 1 valid
49.1402 	DEBUG 	Uploading Texture Font fontname to graphics card
49.1437 	DEBUG 	Upload of Texture Font fontname complete
49.1617 	INFO 	Keyboard events cleared
49.1617 	EXP 	fix: autoDraw = False
49.1617 	EXP 	fix: autoDraw = False
49.1617 	EXP 	slider: markerPos = None
49.1617 	EXP 	slider: markerPos = None
49.1617 	EXP 	prog: autoDraw = True
49.1617 	EXP 	redbar: autoDraw = True
49.1617 	EXP 	yellowbar: autoDraw = True
49.1617 	EXP 	greenbar: autoDraw = True
49.1617 	EXP 	targarrow: autoDraw = True
49.1617 	EXP 	userArrow: autoDraw = True
49.1617 	EXP 	yourperfexp: autoDraw = True
49.1617 	EXP 	tarlabexp: autoDraw = True
49.1617 	EXP 	textbox: autoDraw = True
49.1617 	EXP 	slider: autoDraw = True
49.1617 	EXP 	norm_arrow: autoDraw = True
49.5621 	EXP 	Device response: <KeyPress from None: t=49.555093040995416, value=2, duration=None>
49.5637 	DATA 	Keypress: 2
49.5669 	EXP 	prog: autoDraw = False
49.5669 	EXP 	redbar: autoDraw = False
49.5669 	EXP 	yellowbar: autoDraw = False
49.5669 	EXP 	greenbar: autoDraw = False
49.5669 	EXP 	targarrow: autoDraw = False
49.5669 	EXP 	userArrow: autoDraw = False
49.5669 	EXP 	yourperfexp: autoDraw = False
49.5669 	EXP 	tarlabexp: autoDraw = False
49.5669 	EXP 	textbox: autoDraw = False
49.5669 	EXP 	slider: autoDraw = False
49.5669 	EXP 	norm_arrow: autoDraw = False
49.5669 	EXP 	feedback_practice_1: autoDraw = True
49.6958 	EXP 	Device response: <KeyPress from None: t=49.555093040995416, value=2, duration=0.1363264999963576>
50.5533 	EXP 	New trial (rep=10, index=0): <Trial 10 (0 in rep 10) data={'thisN': 10, 'thisTrialN': 0, 'thisRepN': 10}>
50.5615 	EXP 	feedback_practice_1: autoDraw = False
50.5615 	EXP 	feedback_practice_1: autoDraw = False
50.5615 	EXP 	fix: autoDraw = True
51.0709 	INFO 	Keyboard events cleared
51.0708 	EXP 	fix: autoDraw = False
51.0708 	EXP 	fix: autoDraw = False
51.0708 	EXP 	slider: markerPos = None
51.0708 	EXP 	slider: markerPos = None
51.0708 	EXP 	prog: autoDraw = True
51.0708 	EXP 	redbar: autoDraw = True
51.0708 	EXP 	yellowbar: autoDraw = True
51.0708 	EXP 	greenbar: autoDraw = True
51.0708 	EXP 	targarrow: autoDraw = True
51.0708 	EXP 	userArrow: autoDraw = True
51.0708 	EXP 	yourperfexp: autoDraw = True
51.0708 	EXP 	tarlabexp: autoDraw = True
51.0708 	EXP 	textbox: autoDraw = True
51.0708 	EXP 	slider: autoDraw = True
51.0708 	EXP 	norm_arrow: autoDraw = True
51.3810 	EXP 	Device response: <KeyPress from None: t=51.37902245800069, value=2, duration=None>
51.3944 	EXP 	prog: autoDraw = False
51.3944 	EXP 	redbar: autoDraw = False
51.3944 	EXP 	yellowbar: autoDraw = False
51.3944 	EXP 	greenbar: autoDraw = False
51.3944 	EXP 	targarrow: autoDraw = False
51.3944 	EXP 	userArrow: autoDraw = False
51.3944 	EXP 	yourperfexp: autoDraw = False
51.3944 	EXP 	tarlabexp: autoDraw = False
51.3944 	EXP 	textbox: autoDraw = False
51.3944 	EXP 	slider: autoDraw = False
51.3944 	EXP 	norm_arrow: autoDraw = False
51.3944 	EXP 	feedback_practice_1: autoDraw = True
51.3962 	DATA 	Keypress: 2
51.4835 	EXP 	Device response: <KeyPress from None: t=51.37902245800069, value=2, duration=0.10026629098865669>
52.3800 	EXP 	New trial (rep=11, index=0): <Trial 11 (0 in rep 11) data={'thisN': 11, 'thisTrialN': 0, 'thisRepN': 11}>
52.3840 	EXP 	feedback_practice_1: autoDraw = False
52.3840 	EXP 	feedback_practice_1: autoDraw = False
52.3840 	EXP 	fix: autoDraw = True
52.8926 	INFO 	Keyboard events cleared
52.8925 	EXP 	fix: autoDraw = False
52.8925 	EXP 	fix: autoDraw = False
52.8925 	EXP 	slider: markerPos = None
52.8925 	EXP 	slider: markerPos = None
52.8925 	EXP 	prog: autoDraw = True
52.8925 	EXP 	redbar: autoDraw = True
52.8925 	EXP 	yellowbar: autoDraw = True
52.8925 	EXP 	greenbar: autoDraw = True
52.8925 	EXP 	targarrow: autoDraw = True
52.8925 	EXP 	userArrow: autoDraw = True
52.8925 	EXP 	yourperfexp: autoDraw = True
52.8925 	EXP 	tarlabexp: autoDraw = True
52.8925 	EXP 	textbox: autoDraw = True
52.8925 	EXP 	slider: autoDraw = True
52.8925 	EXP 	norm_arrow: autoDraw = True
53.4479 	EXP 	Device response: <KeyPress from None: t=53.4409135409951, value=lcommand, duration=None>
53.4490 	DATA 	Keypress: lcommand
53.6962 	DATA 	Keypress: w
53.7001 	EXP 	Device response: <KeyPress from None: t=53.67290495798807, value=w, duration=None>
53.8118 	EXP 	Device response: <KeyPress from None: t=53.67290495798807, value=w, duration=0.13608416600618511>
54.1786 	EXP 	Device response: <KeyPress from None: t=53.4409135409951, value=lcommand, duration=0.7283773329982068>
54.4887 	EXP 	Device response: <KeyPress from None: t=54.48488362399803, value=escape, duration=None>
54.4900 	DATA 	Keypress: escape
54.6453 	EXP 	Device response: <KeyPress from None: t=54.48488362399803, value=escape, duration=0.1523038750019623>
54.6453 	EXP 	misty_module: status = STOPPED
54.6481 	EXP 	prog: autoDraw = False
54.6481 	EXP 	redbar: autoDraw = False
54.6481 	EXP 	yellowbar: autoDraw = False
54.6481 	EXP 	greenbar: autoDraw = False
54.6481 	EXP 	targarrow: autoDraw = False
54.6481 	EXP 	userArrow: autoDraw = False
54.6481 	EXP 	yourperfexp: autoDraw = False
54.6481 	EXP 	tarlabexp: autoDraw = False
54.6481 	EXP 	textbox: autoDraw = False
54.6481 	EXP 	slider: autoDraw = False
54.6481 	EXP 	norm_arrow: autoDraw = False
54.6489 	EXP 	misty_module: status = STOPPED
54.6526 	INFO 	saved data to '/Users/oliverclark/misty_py/data/pilot_misty_module_2026-02-04_14h31.06.064.csv'
54.6535 	INFO 	saved data to /Users/oliverclark/misty_py/data/pilot_misty_module_2026-02-04_14h31.06.064.psydat
54.7439 	DEBUG 	Saving data for misty_module ExperimentHandler
54.7445 	WARNING 	Stopping key buffers but this could be dangerous ifother keyboards rely on the same.
