10.4448 	WARNING 	Font Manager failed to load file /System/Library/PrivateFrameworks/FontServices.framework/Resources/Reserved/PingFangUI.ttc
10.4854 	WARNING 	Font Manager failed to load file /System/Library/PrivateFrameworks/FontServices.framework/Resources/Reserved/PingFangUI.ttc
14.1663 	DEBUG 	Fullscreen settings ignored as running in pilot mode.
14.1683 	INFO 	Loaded monitor calibration from ['2026_01_21 12:15']
14.2886 	INFO 	Using renderer 'Apple M4' for graphics
14.2887 	INFO 	OpenGL version supported by driver is 2..
14.3087 	EXP 	Created window1 = Window(allowGUI=False, allowStencil=True, autoLog=True, backendConf=UNKNOWN, backgroundFit=<method-wrapper '__getattribute__' of attributeSetter object at 0x1791fc3d0>, backgroundImage=<method-wrapper '__getattribute__' of attributeSetter object at 0x1791fffd0>, bitsMode=UNKNOWN, blendMode='avg', bpc=(8, 8, 8), color=array([0, 0, 0]), colorSpace='rgb', depthBits=8, fullscr=False, gamma=None, gammaErrorPolicy='raise', infoMsg=UNKNOWN, lms=UNKNOWN, monitor=<psychopy.monitors.calibTools.Monitor object at 0x179781ba0>, multiSample=False, name='window1', numSamples=2, pos=[np.float64(335.0), np.float64(178.0)], screen=0, size=array([1600, 1200]), stencilBits=8, stereo=False, title='PsychoPy', units='height', useFBO=True, useRetina=True, viewOri=0.0, viewPos=None, viewScale=None, waitBlanking=True, winType='pyglet')
14.3087 	EXP 	window1: backgroundImage = ''
14.3087 	EXP 	window1: backgroundFit = 'none'
14.3231 	DEBUG 	TextBox2 loaded 1 chars with 0 blanks and 1 valid
14.3311 	DEBUG 	TextBox2 loaded 1 chars with 0 blanks and 1 valid
14.3391 	DEBUG 	TextBox2 loaded 1 chars with 0 blanks and 1 valid
14.3472 	DEBUG 	TextBox2 loaded 1 chars with 0 blanks and 1 valid
14.3554 	DEBUG 	TextBox2 loaded 1 chars with 0 blanks and 1 valid
14.3633 	DEBUG 	TextBox2 loaded 1 chars with 0 blanks and 1 valid
14.3713 	DEBUG 	TextBox2 loaded 1 chars with 0 blanks and 1 valid
14.3794 	DEBUG 	TextBox2 loaded 1 chars with 0 blanks and 1 valid
14.3872 	DEBUG 	TextBox2 loaded 1 chars with 0 blanks and 1 valid
14.3950 	DEBUG 	TextBox2 loaded 1 chars with 0 blanks and 1 valid
14.4031 	DEBUG 	TextBox2 loaded 1 chars with 0 blanks and 1 valid
14.4111 	DEBUG 	TextBox2 loaded 1 chars with 0 blanks and 1 valid
14.4191 	DEBUG 	TextBox2 loaded 1 chars with 0 blanks and 1 valid
14.4272 	DEBUG 	TextBox2 loaded 1 chars with 0 blanks and 1 valid
14.4352 	DEBUG 	TextBox2 loaded 1 chars with 0 blanks and 1 valid
14.4432 	DEBUG 	TextBox2 loaded 1 chars with 0 blanks and 1 valid
14.4513 	DEBUG 	TextBox2 loaded 1 chars with 0 blanks and 1 valid
14.4592 	DEBUG 	TextBox2 loaded 1 chars with 0 blanks and 1 valid
14.4671 	DEBUG 	TextBox2 loaded 1 chars with 0 blanks and 1 valid
14.4754 	DEBUG 	TextBox2 loaded 1 chars with 0 blanks and 1 valid
14.4833 	DEBUG 	TextBox2 loaded 1 chars with 0 blanks and 1 valid
14.4834 	DEBUG 	Uploading Texture Font fontname to graphics card
14.4863 	DEBUG 	Upload of Texture Font fontname complete
14.4970 	DEBUG 	TextBox2 loaded 1 chars with 0 blanks and 1 valid
14.5050 	DEBUG 	TextBox2 loaded 1 chars with 0 blanks and 1 valid
14.5130 	DEBUG 	TextBox2 loaded 1 chars with 0 blanks and 1 valid
14.5131 	DEBUG 	Uploading Texture Font fontname to graphics card
14.5146 	DEBUG 	Upload of Texture Font fontname complete
14.5155 	EXP 	window1: Attempting to measure frame rate of screen (0) ...
14.5155 	EXP 	window1: recordFrameIntervals = False
14.6431 	EXP 	window1: recordFrameIntervals = True
15.4832 	WARNING 	Couldn't measure a consistent frame rate!
  - Is your graphics card set to sync to vertical blank?
  - Are you running other processes on your computer?

15.5050 	DEBUG 	TextBox2 loaded 1 chars with 0 blanks and 1 valid
15.5169 	DEBUG 	TextBox2 loaded 1 chars with 0 blanks and 1 valid
15.5273 	DEBUG 	TextBox2 loaded 1 chars with 0 blanks and 1 valid
15.5370 	DEBUG 	TextBox2 loaded 1 chars with 0 blanks and 1 valid
15.5460 	DEBUG 	TextBox2 loaded 1 chars with 0 blanks and 1 valid
15.5546 	DEBUG 	TextBox2 loaded 1 chars with 0 blanks and 1 valid
15.5625 	DEBUG 	TextBox2 loaded 1 chars with 0 blanks and 1 valid
15.5705 	DEBUG 	TextBox2 loaded 1 chars with 0 blanks and 1 valid
15.5782 	DEBUG 	TextBox2 loaded 1 chars with 0 blanks and 1 valid
15.5860 	DEBUG 	TextBox2 loaded 1 chars with 0 blanks and 1 valid
15.5861 	DEBUG 	Uploading Texture Font fontname to graphics card
15.5876 	DEBUG 	Upload of Texture Font fontname complete
16.1353 	INFO 	keyboard.Keyboard is using ptb backend.
16.1353 	EXP 	misty_module: status = STARTED
16.1693 	EXP 	Created text = TextStim(__class__=<class 'psychopy.visual.text.TextStim'>, alignHoriz=method-wrapper(...), alignText='center', alignVert=method-wrapper(...), anchorHoriz='center', anchorVert='center', antialias=True, autoDraw=False, autoLog=True, bold=False, color=array([1., 1., 1.]), colorSpace='rgb', contrast=1.0, depth=-1.0, draggable=False, flipHoriz=False, flipVert=False, font='Arial', fontFiles=[], height=np.float64(0.05), italic=False, languageStyle='LTR', name='text', opacity=1, ori=0.0, pos=array([0., 0.]), rgb=UNKNOWN, text=str(...), units='height', win=Window(...), wrapWidth=1)
16.1766 	EXP 	Created intstructs = TextStim(__class__=<class 'psychopy.visual.text.TextStim'>, alignHoriz=method-wrapper(...), alignText='center', alignVert=method-wrapper(...), anchorHoriz='center', anchorVert='center', antialias=True, autoDraw=False, autoLog=True, bold=False, color=array([1., 1., 1.]), colorSpace='rgb', contrast=1.0, depth=0.0, draggable=False, flipHoriz=False, flipVert=False, font='Arial', fontFiles=[], height=np.float64(0.05), italic=False, languageStyle='LTR', name='intstructs', opacity=1, ori=0.0, pos=array([0., 0.]), rgb=UNKNOWN, text=str(...), units='height', win=Window(...), wrapWidth=1)
16.1786 	EXP 	Created fix = TextStim(__class__=<class 'psychopy.visual.text.TextStim'>, alignHoriz=method-wrapper(...), alignText='center', alignVert=method-wrapper(...), anchorHoriz='center', anchorVert='center', antialias=True, autoDraw=False, autoLog=True, bold=False, color=array([1., 1., 1.]), colorSpace='rgb', contrast=1.0, depth=-1.0, draggable=False, flipHoriz=False, flipVert=False, font='Open Sans', fontFiles=[], height=np.float64(0.1), italic=False, languageStyle='LTR', name='fix', opacity=1, ori=0.0, pos=array([0., 0.]), rgb=UNKNOWN, text='+', units='height', win=Window(...), wrapWidth=1)
16.1843 	DEBUG 	TextBox2 loaded 1 chars with 0 blanks and 1 valid
16.1849 	DEBUG 	TextBox2 loaded 1 chars with 0 blanks and 1 valid
16.1855 	DEBUG 	TextBox2 loaded 1 chars with 0 blanks and 1 valid
16.1860 	DEBUG 	TextBox2 loaded 1 chars with 0 blanks and 1 valid
16.1863 	DEBUG 	TextBox2 loaded 1 chars with 0 blanks and 1 valid
16.1865 	DEBUG 	TextBox2 loaded 1 chars with 0 blanks and 1 valid
16.1871 	DEBUG 	TextBox2 loaded 1 chars with 0 blanks and 1 valid
16.1875 	DEBUG 	TextBox2 loaded 1 chars with 0 blanks and 1 valid
16.1877 	DEBUG 	TextBox2 loaded 1 chars with 0 blanks and 1 valid
16.1878 	DEBUG 	Uploading Texture Font fontname to graphics card
16.1899 	DEBUG 	Upload of Texture Font fontname complete
16.2109 	DEBUG 	TextBox2 loaded 1 chars with 0 blanks and 1 valid
16.2109 	DEBUG 	Uploading Texture Font fontname to graphics card
16.2130 	DEBUG 	Upload of Texture Font fontname complete
16.2232 	DEBUG 	TextBox2 loaded 1 chars with 0 blanks and 1 valid
16.2310 	DEBUG 	TextBox2 loaded 1 chars with 0 blanks and 1 valid
16.2387 	DEBUG 	TextBox2 loaded 1 chars with 0 blanks and 1 valid
16.2464 	DEBUG 	TextBox2 loaded 1 chars with 0 blanks and 1 valid
16.2540 	DEBUG 	TextBox2 loaded 1 chars with 0 blanks and 1 valid
16.2616 	DEBUG 	TextBox2 loaded 1 chars with 0 blanks and 1 valid
16.2694 	DEBUG 	TextBox2 loaded 1 chars with 0 blanks and 1 valid
16.2770 	DEBUG 	TextBox2 loaded 1 chars with 0 blanks and 1 valid
16.2847 	DEBUG 	TextBox2 loaded 1 chars with 0 blanks and 1 valid
16.2924 	DEBUG 	TextBox2 loaded 1 chars with 0 blanks and 1 valid
16.2925 	DEBUG 	Uploading Texture Font fontname to graphics card
16.2940 	DEBUG 	Upload of Texture Font fontname complete
16.3042 	DEBUG 	TextBox2 loaded 1 chars with 0 blanks and 1 valid
16.3043 	DEBUG 	Uploading Texture Font fontname to graphics card
16.3057 	DEBUG 	Upload of Texture Font fontname complete
16.3183 	DEBUG 	TextBox2 loaded 1 chars with 0 blanks and 1 valid
16.3184 	DEBUG 	Uploading Texture Font fontname to graphics card
16.3199 	DEBUG 	Upload of Texture Font fontname complete
16.3326 	DEBUG 	TextBox2 loaded 1 chars with 0 blanks and 1 valid
16.3327 	DEBUG 	Uploading Texture Font fontname to graphics card
16.3341 	DEBUG 	Upload of Texture Font fontname complete
16.3468 	DEBUG 	TextBox2 loaded 1 chars with 0 blanks and 1 valid
16.3469 	DEBUG 	Uploading Texture Font fontname to graphics card
16.3483 	DEBUG 	Upload of Texture Font fontname complete
16.3609 	DEBUG 	TextBox2 loaded 1 chars with 0 blanks and 1 valid
16.3610 	DEBUG 	Uploading Texture Font fontname to graphics card
16.3625 	DEBUG 	Upload of Texture Font fontname complete
16.3751 	DEBUG 	TextBox2 loaded 1 chars with 0 blanks and 1 valid
16.3752 	DEBUG 	Uploading Texture Font fontname to graphics card
16.3766 	DEBUG 	Upload of Texture Font fontname complete
16.3892 	DEBUG 	TextBox2 loaded 1 chars with 0 blanks and 1 valid
16.3893 	DEBUG 	Uploading Texture Font fontname to graphics card
16.3908 	DEBUG 	Upload of Texture Font fontname complete
16.4034 	DEBUG 	TextBox2 loaded 1 chars with 0 blanks and 1 valid
16.4034 	DEBUG 	Uploading Texture Font fontname to graphics card
16.4049 	DEBUG 	Upload of Texture Font fontname complete
16.4175 	DEBUG 	TextBox2 loaded 1 chars with 0 blanks and 1 valid
16.4176 	DEBUG 	Uploading Texture Font fontname to graphics card
16.4190 	DEBUG 	Upload of Texture Font fontname complete
16.4414 	EXP 	Created slider_3 = Slider(__class__=<class 'psychopy.visual.slider.Slider'>, autoDraw=False, autoLog=True, borderColor=None, color=None, colorSpace='rgb', depth=-2, fillColor=None, flip=False, font='Noto Sans', granularity=1, labelColor=None, labelHeight=np.float64(0.05), labelWrapWidth=None, labels=(0, 1, 2, 3, 4, 5, 6, 7, 8, 9), lineColor=None, markerColor=None, name='slider_3', opacity=None, ori=0.0, pos=array([ 0. , -0.4]), readOnly=False, self=UNKNOWN, size=array([1. , 0.1]), startValue=None, style='choice', styleTweaks=[], ticks=array([0, 1, 2, 3, 4, 5, 6, 7, 8, 9]), units='norm', win=Window(...))
16.4484 	EXP 	Created text_2 = TextStim(__class__=<class 'psychopy.visual.text.TextStim'>, alignHoriz=method-wrapper(...), alignText='center', alignVert=method-wrapper(...), anchorHoriz='center', anchorVert='center', antialias=True, autoDraw=False, autoLog=True, bold=False, color=array([1., 1., 1.]), colorSpace='rgb', contrast=1.0, depth=0.0, draggable=False, flipHoriz=False, flipVert=False, font='Arial', fontFiles=[], height=np.float64(0.05), italic=False, languageStyle='LTR', name='text_2', opacity=1, ori=0.0, pos=array([0., 0.]), rgb=UNKNOWN, text=str(...), units='height', win=Window(...), wrapWidth=1)
16.4492 	EXP 	Created fix = TextStim(__class__=<class 'psychopy.visual.text.TextStim'>, alignHoriz=method-wrapper(...), alignText='center', alignVert=method-wrapper(...), anchorHoriz='center', anchorVert='center', antialias=True, autoDraw=False, autoLog=True, bold=False, color=array([1., 1., 1.]), colorSpace='rgb', contrast=1.0, depth=-1.0, draggable=False, flipHoriz=False, flipVert=False, font='Open Sans', fontFiles=[], height=np.float64(0.1), italic=False, languageStyle='LTR', name='fix', opacity=1, ori=0.0, pos=array([0., 0.]), rgb=UNKNOWN, text='+', units='height', win=Window(...), wrapWidth=1)
16.4515 	EXP 	Created prog_3 = Progress(__class__=<class 'psychopy.visual.progress.Progress'>, anchor=('left', 'top'), autoDraw=False, autoLog=True, closeShape=True, color=method-wrapper(...), colorSpace='rgb', contrast=None, depth=-1, draggable=False, fillColor=array([-1.    ,  0.5373, -1.    ]), fillColorSpace='rgb', fillRGB=array([-1.    ,  0.5373, -1.    ]), interpolate=True, lineColor=array([1., 1., 1.]), lineColorSpace='rgb', lineRGB=array([1, 1, 1]), lineWidth=4.0, name='prog_3', opacity=1.0, ori=0.0, pos=array([-0.5,  0.5]), size=array([1. , 0.1]), units='norm', vertices=ndarray(...), win=Window(...), windingRule=None)
16.4523 	EXP 	Created prog_3Bar = ShapeStim(__class__=<class 'psychopy.visual.shape.ShapeStim'>, anchor=('left', 'top'), autoDraw=False, autoLog=True, closeShape=True, color=method-wrapper(...), colorSpace='rgb', contrast=None, depth=-1, draggable=False, fillColor=array([ 1., -1., -1.]), fillColorSpace='rgb', fillRGB=array([ 1., -1., -1.]), interpolate=True, lineColor=array([0., 0., 0.]), lineColorSpace='rgb', lineRGB=array([0, 0, 0]), lineWidth=1.5, name='prog_3Bar', opacity=1.0, ori=0.0, pos=array([-0.5,  0.5]), size=array([1. , 0.1]), units='norm', vertices=ndarray(...), win=Window(...), windingRule=None)
16.4528 	EXP 	Created redbar_3 = Rect(__class__=<class 'psychopy.visual.rect.Rect'>, anchor=('left', 'center'), autoDraw=False, autoLog=True, closeShape=True, color=method-wrapper(...), colorSpace='rgb', contrast=None, depth=-2.0, draggable=False, fillColor=array([ 1., -1., -1.]), fillColorSpace='rgb', fillRGB=array([ 1., -1., -1.]), interpolate=True, lineColor=array([1., 1., 1.]), lineColorSpace='rgb', lineRGB=array([1, 1, 1]), lineWidth=1.0, name='redbar_3', opacity=1, ori=0.0, pos=array([-1. ,  0.7]), size=array([2. , 0.1]), units='norm', vertices=ndarray(...), win=Window(...))
16.4534 	EXP 	Created yellowbar_3 = Rect(__class__=<class 'psychopy.visual.rect.Rect'>, anchor=('left', 'center'), autoDraw=False, autoLog=True, closeShape=True, color=method-wrapper(...), colorSpace='rgb', contrast=None, depth=-3.0, draggable=False, fillColor=array([ 1.,  1., -1.]), fillColorSpace='rgb', fillRGB=array([ 1.,  1., -1.]), interpolate=True, lineColor=array([1., 1., 1.]), lineColorSpace='rgb', lineRGB=array([1, 1, 1]), lineWidth=1.0, name='yellowbar_3', opacity=1, ori=0.0, pos=array([0. , 0.7]), size=array([1. , 0.1]), units='norm', vertices=ndarray(...), win=Window(...))
16.4539 	EXP 	Created greenbar_3 = Rect(__class__=<class 'psychopy.visual.rect.Rect'>, anchor=('left', 'center'), autoDraw=False, autoLog=True, closeShape=True, color=method-wrapper(...), colorSpace='rgb', contrast=None, depth=-4.0, draggable=False, fillColor=array([-1.    ,  0.0039, -1.    ]), fillColorSpace='rgb', fillRGB=array([-1.    ,  0.0039, -1.    ]), interpolate=True, lineColor=array([1., 1., 1.]), lineColorSpace='rgb', lineRGB=array([1, 1, 1]), lineWidth=1.0, name='greenbar_3', opacity=1, ori=0.0, pos=array([0.7, 0.7]), size=array([0.3, 0.1]), units='norm', vertices=ndarray(...), win=Window(...))
16.4547 	EXP 	Created arrow_3 = ShapeStim(__class__=<class 'psychopy.visual.shape.ShapeStim'>, anchor=('center', 'center'), autoDraw=False, autoLog=True, closeShape=True, color=method-wrapper(...), colorSpace='rgb', contrast=None, depth=-5.0, draggable=False, fillColor=array([1, 1, 1]), fillColorSpace='rgb', fillRGB=array([1, 1, 1]), interpolate=True, lineColor=array([1., 1., 1.]), lineColorSpace='rgb', lineRGB=array([1, 1, 1]), lineWidth=1.0, name='arrow_3', opacity=1, ori=0.0, pos=array([0., 0.]), size=array([0.05, 0.05]), units='norm', vertices=ndarray(...), win=Window(...), windingRule=None)
16.4554 	EXP 	Created arrow_4 = ShapeStim(__class__=<class 'psychopy.visual.shape.ShapeStim'>, anchor=('center', 'center'), autoDraw=False, autoLog=True, closeShape=True, color=method-wrapper(...), colorSpace='rgb', contrast=None, depth=-6.0, draggable=False, fillColor=array([1, 1, 1]), fillColorSpace='rgb', fillRGB=array([1, 1, 1]), interpolate=True, lineColor=array([1., 1., 1.]), lineColorSpace='rgb', lineRGB=array([1, 1, 1]), lineWidth=1.0, name='arrow_4', opacity=1, ori=0.0, pos=array([0., 0.]), size=array([0.05, 0.05]), units='norm', vertices=ndarray(...), win=Window(...), windingRule=None)
16.4588 	DEBUG 	TextBox2 loaded 1 chars with 0 blanks and 1 valid
16.4591 	DEBUG 	TextBox2 loaded 1 chars with 0 blanks and 1 valid
16.4594 	DEBUG 	TextBox2 loaded 1 chars with 0 blanks and 1 valid
16.4597 	DEBUG 	TextBox2 loaded 1 chars with 0 blanks and 1 valid
16.4600 	DEBUG 	TextBox2 loaded 1 chars with 0 blanks and 1 valid
16.4603 	DEBUG 	TextBox2 loaded 1 chars with 0 blanks and 1 valid
16.4604 	DEBUG 	Uploading Texture Font fontname to graphics card
16.4625 	DEBUG 	Upload of Texture Font fontname complete
16.4656 	DEBUG 	TextBox2 loaded 1 chars with 0 blanks and 1 valid
16.4659 	DEBUG 	TextBox2 loaded 1 chars with 0 blanks and 1 valid
16.4662 	DEBUG 	TextBox2 loaded 1 chars with 0 blanks and 1 valid
16.4664 	DEBUG 	TextBox2 loaded 1 chars with 0 blanks and 1 valid
16.4667 	DEBUG 	TextBox2 loaded 1 chars with 0 blanks and 1 valid
16.4670 	DEBUG 	TextBox2 loaded 1 chars with 0 blanks and 1 valid
16.4671 	DEBUG 	Uploading Texture Font fontname to graphics card
16.4686 	DEBUG 	Upload of Texture Font fontname complete
16.4714 	DEBUG 	TextBox2 loaded 1 chars with 0 blanks and 1 valid
16.4717 	DEBUG 	TextBox2 loaded 1 chars with 0 blanks and 1 valid
16.4720 	DEBUG 	TextBox2 loaded 1 chars with 0 blanks and 1 valid
16.4721 	DEBUG 	Uploading Texture Font fontname to graphics card
16.4736 	DEBUG 	Upload of Texture Font fontname complete
16.5464 	EXP 	Created slider_4 = Slider(__class__=<class 'psychopy.visual.slider.Slider'>, autoDraw=False, autoLog=True, borderColor=None, color=None, colorSpace='rgb', depth=-9, fillColor=None, flip=False, font='Noto Sans', granularity=1, labelColor=None, labelHeight=np.float64(0.05), labelWrapWidth=None, labels=(0, 1, 2, 3, 4, 5, 6, 7, 8, 9), lineColor=None, markerColor=None, name='slider_4', opacity=None, ori=0.0, pos=array([ 0. , -0.4]), readOnly=False, self=UNKNOWN, size=array([1. , 0.1]), startValue=None, style='choice', styleTweaks=[], ticks=array([0, 1, 2, 3, 4, 5, 6, 7, 8, 9]), units='norm', win=Window(...))
16.5569 	EXP 	Created text_3 = TextStim(__class__=<class 'psychopy.visual.text.TextStim'>, alignHoriz=method-wrapper(...), alignText='center', alignVert=method-wrapper(...), anchorHoriz='center', anchorVert='center', antialias=True, autoDraw=False, autoLog=True, bold=False, color=array([1., 1., 1.]), colorSpace='rgb', contrast=1.0, depth=0.0, draggable=False, flipHoriz=False, flipVert=False, font='Arial', fontFiles=[], height=np.float64(0.05), italic=False, languageStyle='LTR', name='text_3', opacity=1, ori=0.0, pos=array([0., 0.]), rgb=UNKNOWN, text='Training instructions here', units='height', win=Window(...), wrapWidth=1)
16.5577 	EXP 	Created fix = TextStim(__class__=<class 'psychopy.visual.text.TextStim'>, alignHoriz=method-wrapper(...), alignText='center', alignVert=method-wrapper(...), anchorHoriz='center', anchorVert='center', antialias=True, autoDraw=False, autoLog=True, bold=False, color=array([1., 1., 1.]), colorSpace='rgb', contrast=1.0, depth=-1.0, draggable=False, flipHoriz=False, flipVert=False, font='Open Sans', fontFiles=[], height=np.float64(0.1), italic=False, languageStyle='LTR', name='fix', opacity=1, ori=0.0, pos=array([0., 0.]), rgb=UNKNOWN, text='+', units='height', win=Window(...), wrapWidth=1)
16.6320 	EXP 	Created slider_training = Slider(__class__=<class 'psychopy.visual.slider.Slider'>, autoDraw=False, autoLog=True, borderColor=None, color=None, colorSpace='rgb', depth=-2, fillColor=None, flip=False, font='Noto Sans', granularity=1, labelColor=None, labelHeight=np.float64(0.05), labelWrapWidth=None, labels=(0, 1, 2, 3, 4, 5, 6, 7, 8, 9), lineColor=None, markerColor=None, name='slider_training', opacity=None, ori=0.0, pos=array([ 0. , -0.4]), readOnly=False, self=UNKNOWN, size=array([1. , 0.1]), startValue=None, style='choice', styleTweaks=[], ticks=array([0, 1, 2, 3, 4, 5, 6, 7, 8, 9]), units='norm', win=Window(...))
16.6390 	EXP 	Created text_4 = TextStim(__class__=<class 'psychopy.visual.text.TextStim'>, alignHoriz=method-wrapper(...), alignText='center', alignVert=method-wrapper(...), anchorHoriz='center', anchorVert='center', antialias=True, autoDraw=False, autoLog=True, bold=False, color=array([1., 1., 1.]), colorSpace='rgb', contrast=1.0, depth=0.0, draggable=False, flipHoriz=False, flipVert=False, font='Arial', fontFiles=[], height=np.float64(0.05), italic=False, languageStyle='LTR', name='text_4', opacity=1, ori=0.0, pos=array([0., 0.]), rgb=UNKNOWN, text='Please press space to move onto the next block', units='height', win=Window(...), wrapWidth=1)
16.6405 	EXP 	Created text_6 = TextStim(__class__=<class 'psychopy.visual.text.TextStim'>, alignHoriz=method-wrapper(...), alignText='center', alignVert=method-wrapper(...), anchorHoriz='center', anchorVert='center', antialias=True, autoDraw=False, autoLog=True, bold=False, color=array([1., 1., 1.]), colorSpace='rgb', contrast=1.0, depth=0.0, draggable=False, flipHoriz=False, flipVert=False, font='Arial', fontFiles=[], height=np.float64(0.05), italic=False, languageStyle='LTR', name='text_6', opacity=1, ori=0.0, pos=array([0., 0.]), rgb=UNKNOWN, text='Press Space to Start experiment', units='height', win=Window(...), wrapWidth=1)
16.6413 	EXP 	Created fix = TextStim(__class__=<class 'psychopy.visual.text.TextStim'>, alignHoriz=method-wrapper(...), alignText='center', alignVert=method-wrapper(...), anchorHoriz='center', anchorVert='center', antialias=True, autoDraw=False, autoLog=True, bold=False, color=array([1., 1., 1.]), colorSpace='rgb', contrast=1.0, depth=-1.0, draggable=False, flipHoriz=False, flipVert=False, font='Open Sans', fontFiles=[], height=np.float64(0.1), italic=False, languageStyle='LTR', name='fix', opacity=1, ori=0.0, pos=array([0., 0.]), rgb=UNKNOWN, text='+', units='height', win=Window(...), wrapWidth=1)
16.6421 	EXP 	Created prog = Progress(__class__=<class 'psychopy.visual.progress.Progress'>, anchor=('left', 'top'), autoDraw=False, autoLog=True, closeShape=True, color=method-wrapper(...), colorSpace='rgb', contrast=None, depth=-1, draggable=False, fillColor=array([-1.    ,  0.5373, -1.    ]), fillColorSpace='rgb', fillRGB=array([-1.    ,  0.5373, -1.    ]), interpolate=True, lineColor=array([1., 1., 1.]), lineColorSpace='rgb', lineRGB=array([1, 1, 1]), lineWidth=4.0, name='prog', opacity=1.0, ori=0.0, pos=array([-0.5,  0.5]), size=array([1. , 0.1]), units='norm', vertices=ndarray(...), win=Window(...), windingRule=None)
16.6428 	EXP 	Created progBar = ShapeStim(__class__=<class 'psychopy.visual.shape.ShapeStim'>, anchor=('left', 'top'), autoDraw=False, autoLog=True, closeShape=True, color=method-wrapper(...), colorSpace='rgb', contrast=None, depth=-1, draggable=False, fillColor=array([ 1., -1., -1.]), fillColorSpace='rgb', fillRGB=array([ 1., -1., -1.]), interpolate=True, lineColor=array([0., 0., 0.]), lineColorSpace='rgb', lineRGB=array([0, 0, 0]), lineWidth=1.5, name='progBar', opacity=1.0, ori=0.0, pos=array([-0.5,  0.5]), size=array([1. , 0.1]), units='norm', vertices=ndarray(...), win=Window(...), windingRule=None)
16.6434 	EXP 	Created redbar = Rect(__class__=<class 'psychopy.visual.rect.Rect'>, anchor=('left', 'center'), autoDraw=False, autoLog=True, closeShape=True, color=method-wrapper(...), colorSpace='rgb', contrast=None, depth=-2.0, draggable=False, fillColor=array([ 1., -1., -1.]), fillColorSpace='rgb', fillRGB=array([ 1., -1., -1.]), interpolate=True, lineColor=array([1., 1., 1.]), lineColorSpace='rgb', lineRGB=array([1, 1, 1]), lineWidth=1.0, name='redbar', opacity=1, ori=0.0, pos=array([-1. ,  0.7]), size=array([2. , 0.1]), units='norm', vertices=ndarray(...), win=Window(...))
16.6439 	EXP 	Created yellowbar = Rect(__class__=<class 'psychopy.visual.rect.Rect'>, anchor=('left', 'center'), autoDraw=False, autoLog=True, closeShape=True, color=method-wrapper(...), colorSpace='rgb', contrast=None, depth=-3.0, draggable=False, fillColor=array([ 1.,  1., -1.]), fillColorSpace='rgb', fillRGB=array([ 1.,  1., -1.]), interpolate=True, lineColor=array([1., 1., 1.]), lineColorSpace='rgb', lineRGB=array([1, 1, 1]), lineWidth=1.0, name='yellowbar', opacity=1, ori=0.0, pos=array([0. , 0.7]), size=array([1. , 0.1]), units='norm', vertices=ndarray(...), win=Window(...))
16.6445 	EXP 	Created greenbar = Rect(__class__=<class 'psychopy.visual.rect.Rect'>, anchor=('left', 'center'), autoDraw=False, autoLog=True, closeShape=True, color=method-wrapper(...), colorSpace='rgb', contrast=None, depth=-4.0, draggable=False, fillColor=array([-1.    ,  0.0039, -1.    ]), fillColorSpace='rgb', fillRGB=array([-1.    ,  0.0039, -1.    ]), interpolate=True, lineColor=array([1., 1., 1.]), lineColorSpace='rgb', lineRGB=array([1, 1, 1]), lineWidth=1.0, name='greenbar', opacity=1, ori=0.0, pos=array([0.7, 0.7]), size=array([0.3, 0.1]), units='norm', vertices=ndarray(...), win=Window(...))
16.6453 	EXP 	Created targarrow = ShapeStim(__class__=<class 'psychopy.visual.shape.ShapeStim'>, anchor=('center', 'center'), autoDraw=False, autoLog=True, closeShape=True, color=method-wrapper(...), colorSpace='rgb', contrast=None, depth=-5.0, draggable=False, fillColor=array([1, 1, 1]), fillColorSpace='rgb', fillRGB=array([1, 1, 1]), interpolate=True, lineColor=array([1., 1., 1.]), lineColorSpace='rgb', lineRGB=array([1, 1, 1]), lineWidth=1.0, name='targarrow', opacity=1, ori=0.0, pos=array([0.7, 0.6]), size=array([0.05, 0.05]), units='norm', vertices=ndarray(...), win=Window(...), windingRule=None)
16.6460 	EXP 	Created userArrow = ShapeStim(__class__=<class 'psychopy.visual.shape.ShapeStim'>, anchor=('center', 'center'), autoDraw=False, autoLog=True, closeShape=True, color=method-wrapper(...), colorSpace='rgb', contrast=None, depth=-6.0, draggable=False, fillColor=array([1, 1, 1]), fillColorSpace='rgb', fillRGB=array([1, 1, 1]), interpolate=True, lineColor=array([1., 1., 1.]), lineColorSpace='rgb', lineRGB=array([1, 1, 1]), lineWidth=1.0, name='userArrow', opacity=1, ori=0.0, pos=array([0., 0.]), size=array([0.05, 0.05]), units='norm', vertices=ndarray(...), win=Window(...), windingRule=None)
16.7302 	EXP 	Created slider = Slider(__class__=<class 'psychopy.visual.slider.Slider'>, autoDraw=False, autoLog=True, borderColor=None, color=None, colorSpace='rgb', depth=-10, fillColor=None, flip=False, font='Noto Sans', granularity=1, labelColor=None, labelHeight=np.float64(0.05), labelWrapWidth=None, labels=(0, 1, 2, 3, 4, 5, 6, 7, 8, 9), lineColor=None, markerColor=None, name='slider', opacity=None, ori=0.0, pos=array([ 0. , -0.4]), readOnly=False, self=UNKNOWN, size=array([1. , 0.1]), startValue=None, style='choice', styleTweaks=[], ticks=array([0, 1, 2, 3, 4, 5, 6, 7, 8, 9]), units='norm', win=Window(...))
16.7310 	EXP 	Created norm_arrow = ShapeStim(__class__=<class 'psychopy.visual.shape.ShapeStim'>, anchor=('center', 'center'), autoDraw=False, autoLog=True, closeShape=True, color=method-wrapper(...), colorSpace='rgb', contrast=None, depth=-12.0, draggable=False, fillColor=array([1, 1, 1]), fillColorSpace='rgb', fillRGB=array([1, 1, 1]), interpolate=True, lineColor=array([1., 1., 1.]), lineColorSpace='rgb', lineRGB=array([1, 1, 1]), lineWidth=1.0, name='norm_arrow', opacity=1, ori=0.0, pos=array([0.7, 0.6]), size=array([0.05, 0.05]), units='height', vertices=ndarray(...), win=Window(...), windingRule=None)
16.7358 	EXP 	Created text_5 = TextStim(__class__=<class 'psychopy.visual.text.TextStim'>, alignHoriz=method-wrapper(...), alignText='center', alignVert=method-wrapper(...), anchorHoriz='center', anchorVert='center', antialias=True, autoDraw=False, autoLog=True, bold=False, color=array([1., 1., 1.]), colorSpace='rgb', contrast=1.0, depth=0.0, draggable=False, flipHoriz=False, flipVert=False, font='Arial', fontFiles=[], height=0.05, italic=False, languageStyle='LTR', name='text_5', opacity=1, ori=0.0, pos=array([0., 0.]), rgb=UNKNOWN, text='', units='height', win=Window(...), wrapWidth=1)
16.7376 	EXP 	Created text_7 = TextStim(__class__=<class 'psychopy.visual.text.TextStim'>, alignHoriz=method-wrapper(...), alignText='center', alignVert=method-wrapper(...), anchorHoriz='center', anchorVert='center', antialias=True, autoDraw=False, autoLog=True, bold=False, color=array([1., 1., 1.]), colorSpace='rgb', contrast=1.0, depth=0.0, draggable=False, flipHoriz=False, flipVert=False, font='Arial', fontFiles=[], height=np.float64(0.05), italic=False, languageStyle='LTR', name='text_7', opacity=1, ori=0.0, pos=array([0., 0.]), rgb=UNKNOWN, text=str(...), units='height', win=Window(...), wrapWidth=1)
0.0040 	EXP 	equation_practice_1: autoLog = True
0.0040 	EXP 	slider_3: autoLog = True
0.0040 	EXP 	slider_3: styleTweaks = []
0.0040 	EXP 	slider_3: styleTweaks = []
0.0040 	EXP 	slider_3: styleTweaks = []
0.0040 	EXP 	slider_3: styleTweaks = []
0.0040 	EXP 	slider_3: contrast = 1.0
0.0040 	EXP 	slider_3: markerPos = None
0.0040 	EXP 	slider_3: autoLog = True
0.0040 	EXP 	feedback_practice_1: autoLog = True
0.0040 	EXP 	prog_3: direction = 'horizontal'
0.0040 	EXP 	prog_3: progress = 0.0
0.0040 	EXP 	targlab: autoLog = True
0.0040 	EXP 	yourperf: autoLog = True
0.0040 	EXP 	slider_4: autoLog = True
0.0040 	EXP 	slider_4: styleTweaks = []
0.0040 	EXP 	slider_4: styleTweaks = []
0.0040 	EXP 	slider_4: styleTweaks = []
0.0040 	EXP 	slider_4: styleTweaks = []
0.0040 	EXP 	slider_4: contrast = 1.0
0.0040 	EXP 	slider_4: markerPos = None
0.0040 	EXP 	slider_4: autoLog = True
0.0040 	EXP 	textbox_5: autoLog = True
0.0040 	EXP 	feedback_practice_1: autoLog = True
0.0040 	EXP 	textbox_3: autoLog = True
0.0040 	EXP 	slider_training: autoLog = True
0.0040 	EXP 	slider_training: styleTweaks = []
0.0040 	EXP 	slider_training: styleTweaks = []
0.0040 	EXP 	slider_training: styleTweaks = []
0.0040 	EXP 	slider_training: styleTweaks = []
0.0040 	EXP 	slider_training: contrast = 1.0
0.0040 	EXP 	slider_training: markerPos = None
0.0040 	EXP 	slider_training: autoLog = True
0.0040 	EXP 	feedback_practice_1: autoLog = True
0.0040 	EXP 	prog: direction = 'horizontal'
0.0040 	EXP 	prog: progress = 0.0
0.0040 	EXP 	yourperfexp: autoLog = True
0.0040 	EXP 	tarlabexp: autoLog = True
0.0040 	EXP 	textbox: autoLog = True
0.0040 	EXP 	slider: autoLog = True
0.0040 	EXP 	slider: styleTweaks = []
0.0040 	EXP 	slider: styleTweaks = []
0.0040 	EXP 	slider: styleTweaks = []
0.0040 	EXP 	slider: styleTweaks = []
0.0040 	EXP 	slider: contrast = 1.0
0.0040 	EXP 	slider: markerPos = None
0.0040 	EXP 	slider: autoLog = True
0.0040 	EXP 	feedback_practice_1: autoLog = True
0.0112 	INFO 	Keyboard events cleared
0.0112 	EXP 	text: autoDraw = True
1.0062 	WARNING 	t of last frame was 25.51ms (=1/39)
4.6105 	EXP 	Device response: <KeyPress from None: t=4.507381458999589, value=l, duration=None>
4.6140 	DATA 	Keypress: l
4.6181 	INFO 	Keyboard events cleared
4.6180 	WARNING 	t of last frame was 106.54ms (=1/9)
4.6180 	EXP 	text: autoDraw = False
4.6180 	EXP 	intstructs: autoDraw = True
4.6564 	EXP 	Device response: <KeyPress from None: t=4.507381458999589, value=l, duration=0.14474433299619704>
5.1581 	EXP 	Device response: <KeyPress from None: t=5.151357708993601, value=space, duration=None>
5.1598 	DATA 	Keypress: space
5.1666 	DEBUG 	Read excel file with openpyxl: practice_difficulty.xlsx
5.1668 	EXP 	Imported practice_difficulty.xlsx as conditions, 3 conditions, 1 params
5.1676 	EXP 	New trial (rep=0, index=0): <Trial 0 (0 in rep 0) data={'prac_diff': 'easy1', 'thisN': 0, 'thisTrialN': 0, 'thisRepN': 0}>
5.1737 	EXP 	intstructs: autoDraw = False
5.1737 	EXP 	fix: autoDraw = True
5.2749 	EXP 	Device response: <KeyPress from None: t=5.151357708993601, value=space, duration=0.11635554100212175>
5.6658 	DEBUG 	TextBox2 loaded 1 chars with 0 blanks and 1 valid
5.6666 	DEBUG 	TextBox2 loaded 1 chars with 0 blanks and 1 valid
5.6680 	DEBUG 	TextBox2 loaded 1 chars with 0 blanks and 1 valid
5.6688 	DEBUG 	TextBox2 loaded 1 chars with 0 blanks and 1 valid
5.6701 	DEBUG 	TextBox2 loaded 1 chars with 0 blanks and 1 valid
5.6704 	DEBUG 	Uploading Texture Font fontname to graphics card
5.6747 	DEBUG 	Upload of Texture Font fontname complete
5.6976 	INFO 	Keyboard events cleared
5.6975 	WARNING 	t of last frame was 35.98ms (=1/27)
5.6975 	EXP 	fix: autoDraw = False
5.6975 	EXP 	slider_3: markerPos = None
5.6975 	EXP 	slider_3: markerPos = None
5.6975 	EXP 	equation_practice_1: autoDraw = True
5.6975 	EXP 	slider_3: autoDraw = True
5.8885 	WARNING 	t of last frame was 24.36ms (=1/41)
5.9718 	WARNING 	Multiple dropped frames have occurred - I'll stop bothering you about them!
6.0415 	EXP 	Device response: <KeyPress from None: t=6.039299209005549, value=s, duration=None>
6.0424 	DEBUG 	TextBox2 loaded 1 chars with 0 blanks and 1 valid
6.0429 	DEBUG 	TextBox2 loaded 1 chars with 0 blanks and 1 valid
6.0434 	DEBUG 	TextBox2 loaded 1 chars with 0 blanks and 1 valid
6.0439 	DEBUG 	TextBox2 loaded 1 chars with 0 blanks and 1 valid
6.0444 	DEBUG 	TextBox2 loaded 1 chars with 0 blanks and 1 valid
6.0447 	DEBUG 	TextBox2 loaded 1 chars with 0 blanks and 1 valid
6.0448 	DEBUG 	Uploading Texture Font fontname to graphics card
6.0464 	DEBUG 	Upload of Texture Font fontname complete
6.0482 	DATA 	Keypress: s
6.0546 	EXP 	equation_practice_1: autoDraw = False
6.0546 	EXP 	slider_3: autoDraw = False
6.0546 	EXP 	feedback_practice_1: autoDraw = True
6.1569 	EXP 	Device response: <KeyPress from None: t=6.039299209005549, value=s, duration=0.1162369159865193>
7.0752 	INFO 	Keyboard events cleared
7.0752 	EXP 	feedback_practice_1: autoDraw = False
7.0752 	EXP 	text_2: autoDraw = True
7.8084 	EXP 	Device response: <KeyPress from None: t=7.803326291992562, value=space, duration=None>
7.8136 	DEBUG 	Read excel file with openpyxl: practice_difficulty.xlsx
7.8137 	EXP 	Imported practice_difficulty.xlsx as conditions, 3 conditions, 1 params
7.8140 	EXP 	New trial (rep=0, index=0): <Trial 0 (0 in rep 0) data={'prac_diff': 'easy1', 'thisN': 0, 'thisTrialN': 0, 'thisRepN': 0}>
7.8162 	DATA 	Keypress: space
7.8203 	EXP 	text_2: autoDraw = False
7.8203 	EXP 	fix: autoDraw = True
7.9583 	EXP 	Device response: <KeyPress from None: t=7.803326291992562, value=space, duration=0.1447225420124596>
8.1599 	EXP 	Device response: <KeyPress from None: t=8.15754216699861, value=s, duration=None>
8.1674 	DATA 	Keypress: s
8.2746 	EXP 	Device response: <KeyPress from None: t=8.15754216699861, value=s, duration=0.1119557500060182>
8.3124 	DEBUG 	TextBox2 loaded 1 chars with 0 blanks and 1 valid
8.3127 	DEBUG 	Uploading Texture Font fontname to graphics card
8.3162 	DEBUG 	Upload of Texture Font fontname complete
8.3429 	INFO 	Keyboard events cleared
8.3429 	EXP 	fix: autoDraw = False
8.3429 	EXP 	fix: autoDraw = False
8.3429 	EXP 	slider_4: markerPos = None
8.3429 	EXP 	slider_4: markerPos = None
8.3429 	EXP 	prog_3: autoDraw = True
8.3429 	EXP 	redbar_3: autoDraw = True
8.3429 	EXP 	yellowbar_3: autoDraw = True
8.3429 	EXP 	greenbar_3: autoDraw = True
8.3429 	EXP 	arrow_3: autoDraw = True
8.3429 	EXP 	arrow_4: autoDraw = True
8.3429 	EXP 	targlab: autoDraw = True
8.3429 	EXP 	yourperf: autoDraw = True
8.3429 	EXP 	slider_4: autoDraw = True
8.3429 	EXP 	textbox_5: autoDraw = True
8.8916 	EXP 	Device response: <KeyPress from None: t=8.887986959001864, value=s, duration=None>
8.8954 	DATA 	Keypress: s
8.9050 	EXP 	prog_3: autoDraw = False
8.9050 	EXP 	redbar_3: autoDraw = False
8.9050 	EXP 	yellowbar_3: autoDraw = False
8.9050 	EXP 	greenbar_3: autoDraw = False
8.9050 	EXP 	arrow_3: autoDraw = False
8.9050 	EXP 	arrow_4: autoDraw = False
8.9050 	EXP 	targlab: autoDraw = False
8.9050 	EXP 	yourperf: autoDraw = False
8.9050 	EXP 	slider_4: autoDraw = False
8.9050 	EXP 	textbox_5: autoDraw = False
8.9050 	EXP 	feedback_practice_1: autoDraw = True
9.0065 	EXP 	Device response: <KeyPress from None: t=8.887986959001864, value=s, duration=0.11149062500044238>
9.8947 	INFO 	Keyboard events cleared
9.8947 	EXP 	feedback_practice_1: autoDraw = False
9.8947 	EXP 	feedback_practice_1: autoDraw = False
9.8947 	EXP 	text_3: autoDraw = True
10.4080 	EXP 	Device response: <KeyPress from None: t=10.402272666993667, value=space, duration=None>
10.4165 	DEBUG 	Read csv file with pandas: training.csv
10.4186 	DEBUG 	Clearing unnamed columns from training.csv
10.4191 	EXP 	Imported training.csv as conditions, 5 conditions, 2 params
10.4194 	EXP 	New trial (rep=0, index=0): <Trial 0 (0 in rep 0) data={'train_diff': 'easy2', 'train_time': np.int64(60), 'thisN': 0, 'thisTrialN': 0, 'thisRepN': 0}>
10.4232 	EXP 	New trial (rep=0, index=0): <Trial 0 (0 in rep 0) data={'thisN': 0, 'thisTrialN': 0, 'thisRepN': 0}>
10.4251 	DATA 	Keypress: space
10.4291 	EXP 	text_3: autoDraw = False
10.4291 	EXP 	fix: autoDraw = True
10.5582 	EXP 	Device response: <KeyPress from None: t=10.402272666993667, value=space, duration=0.15214904201275203>
10.9122 	DEBUG 	TextBox2 loaded 1 chars with 0 blanks and 1 valid
10.9136 	DEBUG 	TextBox2 loaded 1 chars with 0 blanks and 1 valid
10.9139 	DEBUG 	Uploading Texture Font fontname to graphics card
10.9175 	DEBUG 	Upload of Texture Font fontname complete
10.9406 	INFO 	Keyboard events cleared
10.9405 	EXP 	fix: autoDraw = False
10.9405 	EXP 	slider_training: markerPos = None
10.9405 	EXP 	slider_training: markerPos = None
10.9405 	EXP 	textbox_3: autoDraw = True
10.9405 	EXP 	slider_training: autoDraw = True
12.0211 	DATA 	Keypress: s
12.0254 	EXP 	Device response: <KeyPress from None: t=12.016031374994782, value=s, duration=None>
12.0384 	EXP 	textbox_3: autoDraw = False
12.0384 	EXP 	slider_training: autoDraw = False
12.0384 	EXP 	feedback_practice_1: autoDraw = True
12.1570 	EXP 	Device response: <KeyPress from None: t=12.016031374994782, value=s, duration=0.13940924999769777>
12.4407 	EXP 	Device response: <KeyPress from None: t=12.434074749995489, value=space, duration=None>
12.4428 	DATA 	Keypress: space
12.5907 	EXP 	Device response: <KeyPress from None: t=12.434074749995489, value=space, duration=0.15251383400755003>
13.0297 	INFO 	Keyboard events cleared
13.0296 	EXP 	feedback_practice_1: autoDraw = False
13.0296 	EXP 	feedback_practice_1: autoDraw = False
13.0296 	EXP 	text_4: autoDraw = True
13.3579 	EXP 	Device response: <KeyPress from None: t=13.355074292005156, value=space, duration=None>
13.3581 	EXP 	New trial (rep=0, index=1): <Trial 1 (1 in rep 0) data={'train_diff': 'easy1', 'train_time': np.int64(60), 'thisN': 1, 'thisTrialN': 1, 'thisRepN': 0}>
13.3633 	EXP 	New trial (rep=0, index=0): <Trial 0 (0 in rep 0) data={'thisN': 0, 'thisTrialN': 0, 'thisRepN': 0}>
13.3651 	DATA 	Keypress: space
13.3691 	EXP 	text_4: autoDraw = False
13.3691 	EXP 	fix: autoDraw = True
13.4983 	EXP 	Device response: <KeyPress from None: t=13.355074292005156, value=space, duration=0.14031808299478143>
13.8597 	DEBUG 	TextBox2 loaded 1 chars with 0 blanks and 1 valid
13.8600 	DEBUG 	Uploading Texture Font fontname to graphics card
13.8639 	DEBUG 	Upload of Texture Font fontname complete
13.8803 	INFO 	Keyboard events cleared
13.8802 	EXP 	fix: autoDraw = False
13.8802 	EXP 	fix: autoDraw = False
13.8802 	EXP 	slider_training: markerPos = None
13.8802 	EXP 	slider_training: markerPos = None
13.8802 	EXP 	textbox_3: autoDraw = True
13.8802 	EXP 	slider_training: autoDraw = True
14.3227 	EXP 	Device response: <KeyPress from None: t=14.321008124999935, value=s, duration=None>
14.3267 	EXP 	textbox_3: autoDraw = False
14.3267 	EXP 	slider_training: autoDraw = False
14.3267 	EXP 	feedback_practice_1: autoDraw = True
14.3287 	DATA 	Keypress: s
14.4793 	EXP 	Device response: <KeyPress from None: t=14.321008124999935, value=s, duration=0.15632287500193343>
14.7304 	EXP 	Device response: <KeyPress from None: t=14.72806758400111, value=space, duration=None>
14.7421 	DATA 	Keypress: space
14.8908 	EXP 	Device response: <KeyPress from None: t=14.72806758400111, value=space, duration=0.152276458000415>
15.3223 	INFO 	Keyboard events cleared
15.3223 	EXP 	feedback_practice_1: autoDraw = False
15.3223 	EXP 	feedback_practice_1: autoDraw = False
15.3223 	EXP 	text_4: autoDraw = True
15.6578 	EXP 	Device response: <KeyPress from None: t=15.652103166998131, value=space, duration=None>
15.6581 	EXP 	New trial (rep=0, index=2): <Trial 2 (2 in rep 0) data={'train_diff': 'hard', 'train_time': np.int64(60), 'thisN': 2, 'thisTrialN': 2, 'thisRepN': 0}>
15.6625 	EXP 	New trial (rep=0, index=0): <Trial 0 (0 in rep 0) data={'thisN': 0, 'thisTrialN': 0, 'thisRepN': 0}>
15.6645 	DATA 	Keypress: space
15.6684 	EXP 	text_4: autoDraw = False
15.6684 	EXP 	fix: autoDraw = True
15.8134 	EXP 	Device response: <KeyPress from None: t=15.652103166998131, value=space, duration=0.1562686249963008>
16.1616 	DEBUG 	TextBox2 loaded 1 chars with 0 blanks and 1 valid
16.1630 	DEBUG 	TextBox2 loaded 1 chars with 0 blanks and 1 valid
16.1645 	DEBUG 	TextBox2 loaded 1 chars with 0 blanks and 1 valid
16.1648 	DEBUG 	Uploading Texture Font fontname to graphics card
16.1681 	DEBUG 	Upload of Texture Font fontname complete
16.1836 	INFO 	Keyboard events cleared
16.1836 	EXP 	fix: autoDraw = False
16.1836 	EXP 	fix: autoDraw = False
16.1836 	EXP 	slider_training: markerPos = None
16.1836 	EXP 	slider_training: markerPos = None
16.1836 	EXP 	textbox_3: autoDraw = True
16.1836 	EXP 	slider_training: autoDraw = True
16.6653 	EXP 	Device response: <KeyPress from None: t=16.664948791993083, value=s, duration=None>
16.6713 	EXP 	textbox_3: autoDraw = False
16.6713 	EXP 	slider_training: autoDraw = False
16.6713 	EXP 	feedback_practice_1: autoDraw = True
16.6731 	DATA 	Keypress: s
16.8115 	EXP 	Device response: <KeyPress from None: t=16.664948791993083, value=s, duration=0.1443058330041822>
17.6621 	INFO 	Keyboard events cleared
17.6620 	EXP 	feedback_practice_1: autoDraw = False
17.6620 	EXP 	feedback_practice_1: autoDraw = False
17.6620 	EXP 	text_4: autoDraw = True
17.7077 	EXP 	Device response: <KeyPress from None: t=17.70205900000292, value=space, duration=None>
17.7079 	EXP 	New trial (rep=0, index=3): <Trial 3 (3 in rep 0) data={'train_diff': 'med1', 'train_time': np.int64(60), 'thisN': 3, 'thisTrialN': 3, 'thisRepN': 0}>
17.7126 	EXP 	New trial (rep=0, index=0): <Trial 0 (0 in rep 0) data={'thisN': 0, 'thisTrialN': 0, 'thisRepN': 0}>
17.7143 	DATA 	Keypress: space
17.7181 	EXP 	text_4: autoDraw = False
17.7181 	EXP 	fix: autoDraw = True
17.9323 	EXP 	Device response: <KeyPress from None: t=17.70205900000292, value=space, duration=0.2241440419893479>
18.2101 	DEBUG 	TextBox2 loaded 1 chars with 0 blanks and 1 valid
18.2105 	DEBUG 	Uploading Texture Font fontname to graphics card
18.2142 	DEBUG 	Upload of Texture Font fontname complete
18.2304 	INFO 	Keyboard events cleared
18.2304 	EXP 	fix: autoDraw = False
18.2304 	EXP 	slider_training: markerPos = None
18.2304 	EXP 	slider_training: markerPos = None
18.2304 	EXP 	textbox_3: autoDraw = True
18.2304 	EXP 	slider_training: autoDraw = True
18.6727 	EXP 	Device response: <KeyPress from None: t=18.661886000001687, value=s, duration=None>
18.6745 	DATA 	Keypress: s
18.6778 	EXP 	textbox_3: autoDraw = False
18.6778 	EXP 	slider_training: autoDraw = False
18.6778 	EXP 	feedback_practice_1: autoDraw = True
18.8067 	EXP 	Device response: <KeyPress from None: t=18.661886000001687, value=s, duration=0.13632599999255035>
19.6719 	INFO 	Keyboard events cleared
19.6719 	EXP 	feedback_practice_1: autoDraw = False
19.6719 	EXP 	feedback_practice_1: autoDraw = False
19.6719 	EXP 	text_4: autoDraw = True
19.9578 	EXP 	Device response: <KeyPress from None: t=19.956873292001546, value=space, duration=None>
19.9580 	EXP 	New trial (rep=0, index=4): <Trial 4 (4 in rep 0) data={'train_diff': 'med2', 'train_time': np.int64(60), 'thisN': 4, 'thisTrialN': 4, 'thisRepN': 0}>
19.9630 	EXP 	New trial (rep=0, index=0): <Trial 0 (0 in rep 0) data={'thisN': 0, 'thisTrialN': 0, 'thisRepN': 0}>
19.9646 	DATA 	Keypress: space
19.9684 	EXP 	text_4: autoDraw = False
19.9684 	EXP 	fix: autoDraw = True
20.1076 	EXP 	Device response: <KeyPress from None: t=19.956873292001546, value=space, duration=0.14028745799441822>
20.4773 	INFO 	Keyboard events cleared
20.4773 	EXP 	fix: autoDraw = False
20.4773 	EXP 	fix: autoDraw = False
20.4773 	EXP 	slider_training: markerPos = None
20.4773 	EXP 	slider_training: markerPos = None
20.4773 	EXP 	textbox_3: autoDraw = True
20.4773 	EXP 	slider_training: autoDraw = True
20.9225 	EXP 	Device response: <KeyPress from None: t=20.921817624999676, value=s, duration=None>
20.9382 	EXP 	textbox_3: autoDraw = False
20.9382 	EXP 	slider_training: autoDraw = False
20.9382 	EXP 	feedback_practice_1: autoDraw = True
20.9402 	DATA 	Keypress: s
21.0397 	EXP 	Device response: <KeyPress from None: t=20.921817624999676, value=s, duration=0.11242541699903086>
21.9287 	INFO 	Keyboard events cleared
21.9287 	EXP 	feedback_practice_1: autoDraw = False
21.9287 	EXP 	text_4: autoDraw = True
22.2745 	EXP 	Device response: <KeyPress from None: t=22.270827291999012, value=space, duration=None>
22.2769 	DATA 	Keypress: space
22.2809 	INFO 	Keyboard events cleared
22.2809 	EXP 	text_4: autoDraw = False
22.2809 	EXP 	text_6: autoDraw = True
22.4243 	EXP 	Device response: <KeyPress from None: t=22.270827291999012, value=space, duration=0.14834616699954495>
23.4409 	EXP 	Device response: <KeyPress from None: t=23.436787958999048, value=space, duration=None>
23.4484 	DEBUG 	Read excel file with openpyxl: experiment_difficulty.xlsx
23.4488 	EXP 	Imported experiment_difficulty.xlsx as conditions, 5 conditions, 3 params
23.4491 	EXP 	New trial (rep=0, index=0): <Trial 0 (0 in rep 0) data={'exp_diff': 'med2', 'exp_time': 120, 'diffbyt': 6.0, 'thisN': 0, 'thisTrialN': 0, 'thisRepN': 0}>
23.4492 	EXP 	New trial (rep=0, index=0): <Trial 0 (0 in rep 0) data={'thisN': 0, 'thisTrialN': 0, 'thisRepN': 0}>
23.4508 	DATA 	Keypress: space
23.4547 	EXP 	text_6: autoDraw = False
23.4547 	EXP 	fix: autoDraw = True
23.5767 	EXP 	Device response: <KeyPress from None: t=23.436787958999048, value=space, duration=0.13630837500386406>
23.9496 	DEBUG 	TextBox2 loaded 1 chars with 0 blanks and 1 valid
23.9499 	DEBUG 	Uploading Texture Font fontname to graphics card
23.9538 	DEBUG 	Upload of Texture Font fontname complete
23.9816 	INFO 	Keyboard events cleared
23.9815 	EXP 	fix: autoDraw = False
23.9815 	EXP 	slider: markerPos = None
23.9815 	EXP 	slider: markerPos = None
23.9815 	EXP 	prog: autoDraw = True
23.9815 	EXP 	redbar: autoDraw = True
23.9815 	EXP 	yellowbar: autoDraw = True
23.9815 	EXP 	greenbar: autoDraw = True
23.9815 	EXP 	targarrow: autoDraw = True
23.9815 	EXP 	userArrow: autoDraw = True
23.9815 	EXP 	yourperfexp: autoDraw = True
23.9815 	EXP 	tarlabexp: autoDraw = True
23.9815 	EXP 	textbox: autoDraw = True
23.9815 	EXP 	slider: autoDraw = True
23.9815 	EXP 	norm_arrow: autoDraw = True
29.1751 	EXP 	prog: autoDraw = False
29.1751 	EXP 	redbar: autoDraw = False
29.1751 	EXP 	yellowbar: autoDraw = False
29.1751 	EXP 	greenbar: autoDraw = False
29.1751 	EXP 	targarrow: autoDraw = False
29.1751 	EXP 	userArrow: autoDraw = False
29.1751 	EXP 	yourperfexp: autoDraw = False
29.1751 	EXP 	tarlabexp: autoDraw = False
29.1751 	EXP 	textbox: autoDraw = False
29.1751 	EXP 	slider: autoDraw = False
29.1751 	EXP 	norm_arrow: autoDraw = False
29.1751 	EXP 	feedback_practice_1: autoDraw = True
30.1637 	EXP 	New trial (rep=1, index=0): <Trial 1 (0 in rep 1) data={'thisN': 1, 'thisTrialN': 0, 'thisRepN': 1}>
30.1718 	EXP 	feedback_practice_1: autoDraw = False
30.1718 	EXP 	feedback_practice_1: autoDraw = False
30.1718 	EXP 	fix: autoDraw = True
30.6839 	INFO 	Keyboard events cleared
30.6839 	EXP 	fix: autoDraw = False
30.6839 	EXP 	fix: autoDraw = False
30.6839 	EXP 	slider: markerPos = None
30.6839 	EXP 	slider: markerPos = None
30.6839 	EXP 	prog: autoDraw = True
30.6839 	EXP 	redbar: autoDraw = True
30.6839 	EXP 	yellowbar: autoDraw = True
30.6839 	EXP 	greenbar: autoDraw = True
30.6839 	EXP 	targarrow: autoDraw = True
30.6839 	EXP 	userArrow: autoDraw = True
30.6839 	EXP 	yourperfexp: autoDraw = True
30.6839 	EXP 	tarlabexp: autoDraw = True
30.6839 	EXP 	textbox: autoDraw = True
30.6839 	EXP 	slider: autoDraw = True
30.6839 	EXP 	norm_arrow: autoDraw = True
35.8874 	EXP 	prog: autoDraw = False
35.8874 	EXP 	redbar: autoDraw = False
35.8874 	EXP 	yellowbar: autoDraw = False
35.8874 	EXP 	greenbar: autoDraw = False
35.8874 	EXP 	targarrow: autoDraw = False
35.8874 	EXP 	userArrow: autoDraw = False
35.8874 	EXP 	yourperfexp: autoDraw = False
35.8874 	EXP 	tarlabexp: autoDraw = False
35.8874 	EXP 	textbox: autoDraw = False
35.8874 	EXP 	slider: autoDraw = False
35.8874 	EXP 	norm_arrow: autoDraw = False
35.8874 	EXP 	feedback_practice_1: autoDraw = True
36.8733 	EXP 	New trial (rep=2, index=0): <Trial 2 (0 in rep 2) data={'thisN': 2, 'thisTrialN': 0, 'thisRepN': 2}>
36.8772 	EXP 	feedback_practice_1: autoDraw = False
36.8772 	EXP 	feedback_practice_1: autoDraw = False
36.8772 	EXP 	fix: autoDraw = True
37.3712 	EXP 	fix: autoDraw = False
37.3712 	EXP 	fix: autoDraw = False
37.3712 	EXP 	slider: markerPos = None
37.3712 	EXP 	slider: markerPos = None
37.3918 	INFO 	Keyboard events cleared
37.3917 	EXP 	prog: autoDraw = True
37.3917 	EXP 	redbar: autoDraw = True
37.3917 	EXP 	yellowbar: autoDraw = True
37.3917 	EXP 	greenbar: autoDraw = True
37.3917 	EXP 	targarrow: autoDraw = True
37.3917 	EXP 	userArrow: autoDraw = True
37.3917 	EXP 	yourperfexp: autoDraw = True
37.3917 	EXP 	tarlabexp: autoDraw = True
37.3917 	EXP 	textbox: autoDraw = True
37.3917 	EXP 	slider: autoDraw = True
37.3917 	EXP 	norm_arrow: autoDraw = True
42.6043 	EXP 	prog: autoDraw = False
42.6043 	EXP 	redbar: autoDraw = False
42.6043 	EXP 	yellowbar: autoDraw = False
42.6043 	EXP 	greenbar: autoDraw = False
42.6043 	EXP 	targarrow: autoDraw = False
42.6043 	EXP 	userArrow: autoDraw = False
42.6043 	EXP 	yourperfexp: autoDraw = False
42.6043 	EXP 	tarlabexp: autoDraw = False
42.6043 	EXP 	textbox: autoDraw = False
42.6043 	EXP 	slider: autoDraw = False
42.6043 	EXP 	norm_arrow: autoDraw = False
42.6043 	EXP 	feedback_practice_1: autoDraw = True
43.5900 	EXP 	New trial (rep=3, index=0): <Trial 3 (0 in rep 3) data={'thisN': 3, 'thisTrialN': 0, 'thisRepN': 3}>
43.5940 	EXP 	feedback_practice_1: autoDraw = False
43.5940 	EXP 	feedback_practice_1: autoDraw = False
43.5940 	EXP 	fix: autoDraw = True
44.1033 	INFO 	Keyboard events cleared
44.1033 	EXP 	fix: autoDraw = False
44.1033 	EXP 	fix: autoDraw = False
44.1033 	EXP 	slider: markerPos = None
44.1033 	EXP 	slider: markerPos = None
44.1033 	EXP 	prog: autoDraw = True
44.1033 	EXP 	redbar: autoDraw = True
44.1033 	EXP 	yellowbar: autoDraw = True
44.1033 	EXP 	greenbar: autoDraw = True
44.1033 	EXP 	targarrow: autoDraw = True
44.1033 	EXP 	userArrow: autoDraw = True
44.1033 	EXP 	yourperfexp: autoDraw = True
44.1033 	EXP 	tarlabexp: autoDraw = True
44.1033 	EXP 	textbox: autoDraw = True
44.1033 	EXP 	slider: autoDraw = True
44.1033 	EXP 	norm_arrow: autoDraw = True
49.3212 	EXP 	prog: autoDraw = False
49.3212 	EXP 	redbar: autoDraw = False
49.3212 	EXP 	yellowbar: autoDraw = False
49.3212 	EXP 	greenbar: autoDraw = False
49.3212 	EXP 	targarrow: autoDraw = False
49.3212 	EXP 	userArrow: autoDraw = False
49.3212 	EXP 	yourperfexp: autoDraw = False
49.3212 	EXP 	tarlabexp: autoDraw = False
49.3212 	EXP 	textbox: autoDraw = False
49.3212 	EXP 	slider: autoDraw = False
49.3212 	EXP 	norm_arrow: autoDraw = False
49.3212 	EXP 	feedback_practice_1: autoDraw = True
50.3066 	EXP 	New trial (rep=4, index=0): <Trial 4 (0 in rep 4) data={'thisN': 4, 'thisTrialN': 0, 'thisRepN': 4}>
50.3107 	EXP 	feedback_practice_1: autoDraw = False
50.3107 	EXP 	feedback_practice_1: autoDraw = False
50.3107 	EXP 	fix: autoDraw = True
50.8201 	INFO 	Keyboard events cleared
50.8200 	EXP 	fix: autoDraw = False
50.8200 	EXP 	fix: autoDraw = False
50.8200 	EXP 	slider: markerPos = None
50.8200 	EXP 	slider: markerPos = None
50.8200 	EXP 	prog: autoDraw = True
50.8200 	EXP 	redbar: autoDraw = True
50.8200 	EXP 	yellowbar: autoDraw = True
50.8200 	EXP 	greenbar: autoDraw = True
50.8200 	EXP 	targarrow: autoDraw = True
50.8200 	EXP 	userArrow: autoDraw = True
50.8200 	EXP 	yourperfexp: autoDraw = True
50.8200 	EXP 	tarlabexp: autoDraw = True
50.8200 	EXP 	textbox: autoDraw = True
50.8200 	EXP 	slider: autoDraw = True
50.8200 	EXP 	norm_arrow: autoDraw = True
56.0255 	EXP 	prog: autoDraw = False
56.0255 	EXP 	redbar: autoDraw = False
56.0255 	EXP 	yellowbar: autoDraw = False
56.0255 	EXP 	greenbar: autoDraw = False
56.0255 	EXP 	targarrow: autoDraw = False
56.0255 	EXP 	userArrow: autoDraw = False
56.0255 	EXP 	yourperfexp: autoDraw = False
56.0255 	EXP 	tarlabexp: autoDraw = False
56.0255 	EXP 	textbox: autoDraw = False
56.0255 	EXP 	slider: autoDraw = False
56.0255 	EXP 	norm_arrow: autoDraw = False
56.0255 	EXP 	feedback_practice_1: autoDraw = True
57.0211 	INFO 	Keyboard events cleared
57.0210 	EXP 	feedback_practice_1: autoDraw = False
57.0210 	EXP 	feedback_practice_1: autoDraw = False
57.0210 	EXP 	text_5: text = ''
57.0210 	EXP 	text_5: autoDraw = True
57.0210 	EXP 	text_5: height = np.float64(0.05)
57.0210 	EXP 	text_5: height = np.float64(0.05)
57.0210 	EXP 	text_5: height = np.float64(0.05)
57.0210 	EXP 	text_5: text = ''
59.5634 	EXP 	Device response: <KeyPress from None: t=59.56067375000566, value=space, duration=None>
59.5636 	EXP 	New trial (rep=0, index=1): <Trial 1 (1 in rep 0) data={'exp_diff': 'med1', 'exp_time': 120, 'diffbyt': 5.0, 'thisN': 1, 'thisTrialN': 1, 'thisRepN': 0}>
59.5639 	EXP 	New trial (rep=0, index=0): <Trial 0 (0 in rep 0) data={'thisN': 0, 'thisTrialN': 0, 'thisRepN': 0}>
59.5713 	EXP 	text_5: autoDraw = False
59.5713 	EXP 	fix: autoDraw = True
59.5755 	DATA 	Keypress: space
59.6627 	EXP 	Device response: <KeyPress from None: t=59.56067375000566, value=space, duration=0.09826933399017435>
60.0825 	INFO 	Keyboard events cleared
60.0825 	EXP 	fix: autoDraw = False
60.0825 	EXP 	fix: autoDraw = False
60.0825 	EXP 	slider: markerPos = None
60.0825 	EXP 	slider: markerPos = None
60.0825 	EXP 	prog: autoDraw = True
60.0825 	EXP 	redbar: autoDraw = True
60.0825 	EXP 	yellowbar: autoDraw = True
60.0825 	EXP 	greenbar: autoDraw = True
60.0825 	EXP 	targarrow: autoDraw = True
60.0825 	EXP 	userArrow: autoDraw = True
60.0825 	EXP 	yourperfexp: autoDraw = True
60.0825 	EXP 	tarlabexp: autoDraw = True
60.0825 	EXP 	textbox: autoDraw = True
60.0825 	EXP 	slider: autoDraw = True
60.0825 	EXP 	norm_arrow: autoDraw = True
61.5155 	EXP 	Device response: <KeyPress from None: t=61.51154154200049, value=escape, duration=None>
61.5261 	DATA 	Keypress: escape
61.6655 	EXP 	Device response: <KeyPress from None: t=61.51154154200049, value=escape, duration=0.14429908299644012>
61.6655 	EXP 	misty_module: status = STOPPED
61.6709 	EXP 	prog: autoDraw = False
61.6709 	EXP 	redbar: autoDraw = False
61.6709 	EXP 	yellowbar: autoDraw = False
61.6709 	EXP 	greenbar: autoDraw = False
61.6709 	EXP 	targarrow: autoDraw = False
61.6709 	EXP 	userArrow: autoDraw = False
61.6709 	EXP 	yourperfexp: autoDraw = False
61.6709 	EXP 	tarlabexp: autoDraw = False
61.6709 	EXP 	textbox: autoDraw = False
61.6709 	EXP 	slider: autoDraw = False
61.6709 	EXP 	norm_arrow: autoDraw = False
61.6716 	EXP 	misty_module: status = STOPPED
61.6767 	INFO 	saved data to '/Users/oliverclark/misty_py/data/pilot_misty_module_2026-02-03_18h08.57.406.csv'
61.6771 	INFO 	saved data to /Users/oliverclark/misty_py/data/pilot_misty_module_2026-02-03_18h08.57.406.psydat
61.7522 	DEBUG 	Saving data for misty_module ExperimentHandler
61.7528 	WARNING 	Stopping key buffers but this could be dangerous ifother keyboards rely on the same.
