8.5597 	WARNING 	Font Manager failed to load file /System/Library/PrivateFrameworks/FontServices.framework/Resources/Reserved/PingFangUI.ttc
8.5917 	WARNING 	Font Manager failed to load file /System/Library/PrivateFrameworks/FontServices.framework/Resources/Reserved/PingFangUI.ttc
10.5475 	DEBUG 	Fullscreen settings ignored as running in pilot mode.
10.5485 	INFO 	Loaded monitor calibration from ['2026_01_27 16:28']
10.6457 	INFO 	Using renderer 'Apple M4' for graphics
10.6458 	INFO 	OpenGL version supported by driver is 2..
10.6653 	EXP 	Created window1 = Window(allowGUI=False, allowStencil=True, autoLog=True, backendConf=UNKNOWN, backgroundFit=<method-wrapper '__getattribute__' of attributeSetter object at 0x175106830>, backgroundImage=<method-wrapper '__getattribute__' of attributeSetter object at 0x175106890>, bitsMode=UNKNOWN, blendMode='avg', bpc=(8, 8, 8), color=array([0, 0, 0]), colorSpace='rgb', depthBits=8, fullscr=False, gamma=None, gammaErrorPolicy='raise', infoMsg=UNKNOWN, lms=UNKNOWN, monitor=<psychopy.monitors.calibTools.Monitor object at 0x17554b760>, multiSample=False, name='window1', numSamples=2, pos=[np.float64(560.0), np.float64(240.0)], screen=0, size=array([800, 600]), stencilBits=8, stereo=False, title='PsychoPy', units='height', useFBO=True, useRetina=False, viewOri=0.0, viewPos=None, viewScale=None, waitBlanking=True, winType='pyglet')
10.6653 	EXP 	window1: backgroundImage = ''
10.6653 	EXP 	window1: backgroundFit = 'none'
10.6788 	DEBUG 	TextBox2 loaded 1 chars with 0 blanks and 1 valid
10.6864 	DEBUG 	TextBox2 loaded 1 chars with 0 blanks and 1 valid
10.6940 	DEBUG 	TextBox2 loaded 1 chars with 0 blanks and 1 valid
10.7018 	DEBUG 	TextBox2 loaded 1 chars with 0 blanks and 1 valid
10.7095 	DEBUG 	TextBox2 loaded 1 chars with 0 blanks and 1 valid
10.7170 	DEBUG 	TextBox2 loaded 1 chars with 0 blanks and 1 valid
10.7246 	DEBUG 	TextBox2 loaded 1 chars with 0 blanks and 1 valid
10.7323 	DEBUG 	TextBox2 loaded 1 chars with 0 blanks and 1 valid
10.7397 	DEBUG 	TextBox2 loaded 1 chars with 0 blanks and 1 valid
10.7471 	DEBUG 	TextBox2 loaded 1 chars with 0 blanks and 1 valid
10.7547 	DEBUG 	TextBox2 loaded 1 chars with 0 blanks and 1 valid
10.7623 	DEBUG 	TextBox2 loaded 1 chars with 0 blanks and 1 valid
10.7699 	DEBUG 	TextBox2 loaded 1 chars with 0 blanks and 1 valid
10.7775 	DEBUG 	TextBox2 loaded 1 chars with 0 blanks and 1 valid
10.7850 	DEBUG 	TextBox2 loaded 1 chars with 0 blanks and 1 valid
10.7927 	DEBUG 	TextBox2 loaded 1 chars with 0 blanks and 1 valid
10.8003 	DEBUG 	TextBox2 loaded 1 chars with 0 blanks and 1 valid
10.8077 	DEBUG 	TextBox2 loaded 1 chars with 0 blanks and 1 valid
10.8152 	DEBUG 	TextBox2 loaded 1 chars with 0 blanks and 1 valid
10.8229 	DEBUG 	TextBox2 loaded 1 chars with 0 blanks and 1 valid
10.8304 	DEBUG 	TextBox2 loaded 1 chars with 0 blanks and 1 valid
10.8305 	DEBUG 	Uploading Texture Font fontname to graphics card
10.8333 	DEBUG 	Upload of Texture Font fontname complete
10.8437 	DEBUG 	TextBox2 loaded 1 chars with 0 blanks and 1 valid
10.8515 	DEBUG 	TextBox2 loaded 1 chars with 0 blanks and 1 valid
10.8591 	DEBUG 	TextBox2 loaded 1 chars with 0 blanks and 1 valid
10.8592 	DEBUG 	Uploading Texture Font fontname to graphics card
10.8607 	DEBUG 	Upload of Texture Font fontname complete
10.8616 	EXP 	window1: Attempting to measure frame rate of screen (0) ...
10.8616 	EXP 	window1: recordFrameIntervals = False
10.9978 	EXP 	window1: recordFrameIntervals = True
11.1455 	EXP 	Screen (0) actual frame rate measured at 74.72Hz
11.1456 	EXP 	window1: recordFrameIntervals = False
11.1716 	DEBUG 	TextBox2 loaded 1 chars with 0 blanks and 1 valid
11.1844 	DEBUG 	TextBox2 loaded 1 chars with 0 blanks and 1 valid
11.1952 	DEBUG 	TextBox2 loaded 1 chars with 0 blanks and 1 valid
11.2052 	DEBUG 	TextBox2 loaded 1 chars with 0 blanks and 1 valid
11.2143 	DEBUG 	TextBox2 loaded 1 chars with 0 blanks and 1 valid
11.2230 	DEBUG 	TextBox2 loaded 1 chars with 0 blanks and 1 valid
11.2310 	DEBUG 	TextBox2 loaded 1 chars with 0 blanks and 1 valid
11.2390 	DEBUG 	TextBox2 loaded 1 chars with 0 blanks and 1 valid
11.2467 	DEBUG 	TextBox2 loaded 1 chars with 0 blanks and 1 valid
11.2544 	DEBUG 	TextBox2 loaded 1 chars with 0 blanks and 1 valid
11.2546 	DEBUG 	Uploading Texture Font fontname to graphics card
11.2563 	DEBUG 	Upload of Texture Font fontname complete
12.1871 	INFO 	keyboard.Keyboard is using ptb backend.
12.1871 	EXP 	misty_module: status = STARTED
12.2198 	EXP 	Created text = TextStim(__class__=<class 'psychopy.visual.text.TextStim'>, alignHoriz=method-wrapper(...), alignText='center', alignVert=method-wrapper(...), anchorHoriz='center', anchorVert='center', antialias=True, autoDraw=False, autoLog=True, bold=False, color=array([1., 1., 1.]), colorSpace='rgb', contrast=1.0, depth=0.0, draggable=False, flipHoriz=False, flipVert=False, font='Arial', fontFiles=[], height=np.float64(0.05), italic=False, languageStyle='LTR', name='text', opacity=1, ori=0.0, pos=array([0., 0.]), rgb=UNKNOWN, text=str(...), units='height', win=Window(...), wrapWidth=1)
12.2271 	EXP 	Created intstructs = TextStim(__class__=<class 'psychopy.visual.text.TextStim'>, alignHoriz=method-wrapper(...), alignText='center', alignVert=method-wrapper(...), anchorHoriz='center', anchorVert='center', antialias=True, autoDraw=False, autoLog=True, bold=False, color=array([1., 1., 1.]), colorSpace='rgb', contrast=1.0, depth=0.0, draggable=False, flipHoriz=False, flipVert=False, font='Arial', fontFiles=[], height=np.float64(0.05), italic=False, languageStyle='LTR', name='intstructs', opacity=1, ori=0.0, pos=array([0., 0.]), rgb=UNKNOWN, text=str(...), units='height', win=Window(...), wrapWidth=1)
12.2293 	EXP 	Created fix = TextStim(__class__=<class 'psychopy.visual.text.TextStim'>, alignHoriz=method-wrapper(...), alignText='center', alignVert=method-wrapper(...), anchorHoriz='center', anchorVert='center', antialias=True, autoDraw=False, autoLog=True, bold=False, color=array([1., 1., 1.]), colorSpace='rgb', contrast=1.0, depth=-1.0, draggable=False, flipHoriz=False, flipVert=False, font='Open Sans', fontFiles=[], height=np.float64(0.1), italic=False, languageStyle='LTR', name='fix', opacity=1, ori=0.0, pos=array([0., 0.]), rgb=UNKNOWN, text='+', units='height', win=Window(...), wrapWidth=1)
12.2351 	DEBUG 	TextBox2 loaded 1 chars with 0 blanks and 1 valid
12.2356 	DEBUG 	TextBox2 loaded 1 chars with 0 blanks and 1 valid
12.2362 	DEBUG 	TextBox2 loaded 1 chars with 0 blanks and 1 valid
12.2366 	DEBUG 	TextBox2 loaded 1 chars with 0 blanks and 1 valid
12.2368 	DEBUG 	TextBox2 loaded 1 chars with 0 blanks and 1 valid
12.2370 	DEBUG 	TextBox2 loaded 1 chars with 0 blanks and 1 valid
12.2375 	DEBUG 	TextBox2 loaded 1 chars with 0 blanks and 1 valid
12.2379 	DEBUG 	TextBox2 loaded 1 chars with 0 blanks and 1 valid
12.2382 	DEBUG 	TextBox2 loaded 1 chars with 0 blanks and 1 valid
12.2383 	DEBUG 	Uploading Texture Font fontname to graphics card
12.2403 	DEBUG 	Upload of Texture Font fontname complete
12.2606 	DEBUG 	TextBox2 loaded 1 chars with 0 blanks and 1 valid
12.2607 	DEBUG 	Uploading Texture Font fontname to graphics card
12.2627 	DEBUG 	Upload of Texture Font fontname complete
12.2725 	DEBUG 	TextBox2 loaded 1 chars with 0 blanks and 1 valid
12.2800 	DEBUG 	TextBox2 loaded 1 chars with 0 blanks and 1 valid
12.2875 	DEBUG 	TextBox2 loaded 1 chars with 0 blanks and 1 valid
12.2949 	DEBUG 	TextBox2 loaded 1 chars with 0 blanks and 1 valid
12.3022 	DEBUG 	TextBox2 loaded 1 chars with 0 blanks and 1 valid
12.3096 	DEBUG 	TextBox2 loaded 1 chars with 0 blanks and 1 valid
12.3170 	DEBUG 	TextBox2 loaded 1 chars with 0 blanks and 1 valid
12.3244 	DEBUG 	TextBox2 loaded 1 chars with 0 blanks and 1 valid
12.3318 	DEBUG 	TextBox2 loaded 1 chars with 0 blanks and 1 valid
12.3392 	DEBUG 	TextBox2 loaded 1 chars with 0 blanks and 1 valid
12.3393 	DEBUG 	Uploading Texture Font fontname to graphics card
12.3411 	DEBUG 	Upload of Texture Font fontname complete
12.3509 	DEBUG 	TextBox2 loaded 1 chars with 0 blanks and 1 valid
12.3509 	DEBUG 	Uploading Texture Font fontname to graphics card
12.3524 	DEBUG 	Upload of Texture Font fontname complete
12.3645 	DEBUG 	TextBox2 loaded 1 chars with 0 blanks and 1 valid
12.3645 	DEBUG 	Uploading Texture Font fontname to graphics card
12.3659 	DEBUG 	Upload of Texture Font fontname complete
12.3783 	DEBUG 	TextBox2 loaded 1 chars with 0 blanks and 1 valid
12.3784 	DEBUG 	Uploading Texture Font fontname to graphics card
12.3798 	DEBUG 	Upload of Texture Font fontname complete
12.3919 	DEBUG 	TextBox2 loaded 1 chars with 0 blanks and 1 valid
12.3920 	DEBUG 	Uploading Texture Font fontname to graphics card
12.3934 	DEBUG 	Upload of Texture Font fontname complete
12.4055 	DEBUG 	TextBox2 loaded 1 chars with 0 blanks and 1 valid
12.4055 	DEBUG 	Uploading Texture Font fontname to graphics card
12.4069 	DEBUG 	Upload of Texture Font fontname complete
12.4190 	DEBUG 	TextBox2 loaded 1 chars with 0 blanks and 1 valid
12.4190 	DEBUG 	Uploading Texture Font fontname to graphics card
12.4205 	DEBUG 	Upload of Texture Font fontname complete
12.4325 	DEBUG 	TextBox2 loaded 1 chars with 0 blanks and 1 valid
12.4326 	DEBUG 	Uploading Texture Font fontname to graphics card
12.4340 	DEBUG 	Upload of Texture Font fontname complete
12.4460 	DEBUG 	TextBox2 loaded 1 chars with 0 blanks and 1 valid
12.4461 	DEBUG 	Uploading Texture Font fontname to graphics card
12.4475 	DEBUG 	Upload of Texture Font fontname complete
12.4596 	DEBUG 	TextBox2 loaded 1 chars with 0 blanks and 1 valid
12.4596 	DEBUG 	Uploading Texture Font fontname to graphics card
12.4611 	DEBUG 	Upload of Texture Font fontname complete
12.4826 	EXP 	Created slider_3 = Slider(__class__=<class 'psychopy.visual.slider.Slider'>, autoDraw=False, autoLog=True, borderColor=None, color=None, colorSpace='rgb', depth=-2, fillColor=None, flip=False, font='Noto Sans', granularity=1, labelColor=None, labelHeight=np.float64(0.05), labelWrapWidth=None, labels=(0, 1, 2, 3, 4, 5, 6, 7, 8, 9), lineColor=None, markerColor=None, name='slider_3', opacity=None, ori=0.0, pos=array([ 0. , -0.4]), readOnly=False, self=UNKNOWN, size=array([1. , 0.1]), startValue=None, style='choice', styleTweaks=[], ticks=array([0, 1, 2, 3, 4, 5, 6, 7, 8, 9]), units='norm', win=Window(...))
12.4894 	EXP 	Created text_2 = TextStim(__class__=<class 'psychopy.visual.text.TextStim'>, alignHoriz=method-wrapper(...), alignText='center', alignVert=method-wrapper(...), anchorHoriz='center', anchorVert='center', antialias=True, autoDraw=False, autoLog=True, bold=False, color=array([1., 1., 1.]), colorSpace='rgb', contrast=1.0, depth=0.0, draggable=False, flipHoriz=False, flipVert=False, font='Arial', fontFiles=[], height=np.float64(0.05), italic=False, languageStyle='LTR', name='text_2', opacity=1, ori=0.0, pos=array([0., 0.]), rgb=UNKNOWN, text=str(...), units='height', win=Window(...), wrapWidth=1)
12.4902 	EXP 	Created fix = TextStim(__class__=<class 'psychopy.visual.text.TextStim'>, alignHoriz=method-wrapper(...), alignText='center', alignVert=method-wrapper(...), anchorHoriz='center', anchorVert='center', antialias=True, autoDraw=False, autoLog=True, bold=False, color=array([1., 1., 1.]), colorSpace='rgb', contrast=1.0, depth=-1.0, draggable=False, flipHoriz=False, flipVert=False, font='Open Sans', fontFiles=[], height=np.float64(0.1), italic=False, languageStyle='LTR', name='fix', opacity=1, ori=0.0, pos=array([0., 0.]), rgb=UNKNOWN, text='+', units='height', win=Window(...), wrapWidth=1)
12.4921 	EXP 	Created prog_3 = Progress(__class__=<class 'psychopy.visual.progress.Progress'>, anchor=('left', 'top'), autoDraw=False, autoLog=True, closeShape=True, color=method-wrapper(...), colorSpace='rgb', contrast=None, depth=-1, draggable=False, fillColor=array([-1.    ,  0.5373, -1.    ]), fillColorSpace='rgb', fillRGB=array([-1.    ,  0.5373, -1.    ]), interpolate=True, lineColor=array([1., 1., 1.]), lineColorSpace='rgb', lineRGB=array([1, 1, 1]), lineWidth=4.0, name='prog_3', opacity=1.0, ori=0.0, pos=array([-0.5,  0.5]), size=array([1. , 0.1]), units='norm', vertices=ndarray(...), win=Window(...), windingRule=None)
12.4929 	EXP 	Created prog_3Bar = ShapeStim(__class__=<class 'psychopy.visual.shape.ShapeStim'>, anchor=('left', 'top'), autoDraw=False, autoLog=True, closeShape=True, color=method-wrapper(...), colorSpace='rgb', contrast=None, depth=-1, draggable=False, fillColor=array([ 1., -1., -1.]), fillColorSpace='rgb', fillRGB=array([ 1., -1., -1.]), interpolate=True, lineColor=array([0., 0., 0.]), lineColorSpace='rgb', lineRGB=array([0, 0, 0]), lineWidth=1.5, name='prog_3Bar', opacity=1.0, ori=0.0, pos=array([-0.5,  0.5]), size=array([1. , 0.1]), units='norm', vertices=ndarray(...), win=Window(...), windingRule=None)
12.4934 	EXP 	Created greenbar_3 = Rect(__class__=<class 'psychopy.visual.rect.Rect'>, anchor=('left', 'center'), autoDraw=False, autoLog=True, closeShape=True, color=method-wrapper(...), colorSpace='rgb', contrast=None, depth=-2.0, draggable=False, fillColor=array([-1.    ,  0.0039, -1.    ]), fillColorSpace='rgb', fillRGB=array([-1.    ,  0.0039, -1.    ]), interpolate=True, lineColor=array([1., 1., 1.]), lineColorSpace='rgb', lineRGB=array([1, 1, 1]), lineWidth=1.0, name='greenbar_3', opacity=1, ori=0.0, pos=array([0.33333333, 0.7       ]), size=array([0.66666667, 0.1       ]), units='norm', vertices=ndarray(...), win=Window(...))
12.4939 	EXP 	Created yellowbar_3 = Rect(__class__=<class 'psychopy.visual.rect.Rect'>, anchor=('left', 'center'), autoDraw=False, autoLog=True, closeShape=True, color=method-wrapper(...), colorSpace='rgb', contrast=None, depth=-3.0, draggable=False, fillColor=array([ 1.,  1., -1.]), fillColorSpace='rgb', fillRGB=array([ 1.,  1., -1.]), interpolate=True, lineColor=array([1., 1., 1.]), lineColorSpace='rgb', lineRGB=array([1, 1, 1]), lineWidth=1.0, name='yellowbar_3', opacity=1, ori=0.0, pos=array([-0.33333333,  0.7       ]), size=array([0.66666667, 0.1       ]), units='norm', vertices=ndarray(...), win=Window(...))
12.4945 	EXP 	Created redbar_3 = Rect(__class__=<class 'psychopy.visual.rect.Rect'>, anchor=('left', 'center'), autoDraw=False, autoLog=True, closeShape=True, color=method-wrapper(...), colorSpace='rgb', contrast=None, depth=-4.0, draggable=False, fillColor=array([ 1., -1., -1.]), fillColorSpace='rgb', fillRGB=array([ 1., -1., -1.]), interpolate=True, lineColor=array([1., 1., 1.]), lineColorSpace='rgb', lineRGB=array([1, 1, 1]), lineWidth=1.0, name='redbar_3', opacity=1, ori=0.0, pos=array([-1. ,  0.7]), size=array([0.66666667, 0.1       ]), units='norm', vertices=ndarray(...), win=Window(...))
12.4952 	EXP 	Created arrow_3 = ShapeStim(__class__=<class 'psychopy.visual.shape.ShapeStim'>, anchor=('center', 'center'), autoDraw=False, autoLog=True, closeShape=True, color=method-wrapper(...), colorSpace='rgb', contrast=None, depth=-5.0, draggable=False, fillColor=array([1, 1, 1]), fillColorSpace='rgb', fillRGB=array([1, 1, 1]), interpolate=True, lineColor=array([1., 1., 1.]), lineColorSpace='rgb', lineRGB=array([1, 1, 1]), lineWidth=1.0, name='arrow_3', opacity=1, ori=0.0, pos=array([0., 0.]), size=array([0.05, 0.05]), units='norm', vertices=ndarray(...), win=Window(...), windingRule=None)
12.5666 	EXP 	Created slider_4 = Slider(__class__=<class 'psychopy.visual.slider.Slider'>, autoDraw=False, autoLog=True, borderColor=None, color=None, colorSpace='rgb', depth=-7, fillColor=None, flip=False, font='Noto Sans', granularity=1, labelColor=None, labelHeight=np.float64(0.05), labelWrapWidth=None, labels=(0, 1, 2, 3, 4, 5, 6, 7, 8, 9), lineColor=None, markerColor=None, name='slider_4', opacity=None, ori=0.0, pos=array([ 0. , -0.4]), readOnly=False, self=UNKNOWN, size=array([1. , 0.1]), startValue=None, style='choice', styleTweaks=[], ticks=array([0, 1, 2, 3, 4, 5, 6, 7, 8, 9]), units='norm', win=Window(...))
12.5724 	EXP 	Created text_3 = TextStim(__class__=<class 'psychopy.visual.text.TextStim'>, alignHoriz=method-wrapper(...), alignText='center', alignVert=method-wrapper(...), anchorHoriz='center', anchorVert='center', antialias=True, autoDraw=False, autoLog=True, bold=False, color=array([1., 1., 1.]), colorSpace='rgb', contrast=1.0, depth=0.0, draggable=False, flipHoriz=False, flipVert=False, font='Arial', fontFiles=[], height=np.float64(0.05), italic=False, languageStyle='LTR', name='text_3', opacity=1, ori=0.0, pos=array([0., 0.]), rgb=UNKNOWN, text='Training instructions here', units='height', win=Window(...), wrapWidth=1)
12.5731 	EXP 	Created fix = TextStim(__class__=<class 'psychopy.visual.text.TextStim'>, alignHoriz=method-wrapper(...), alignText='center', alignVert=method-wrapper(...), anchorHoriz='center', anchorVert='center', antialias=True, autoDraw=False, autoLog=True, bold=False, color=array([1., 1., 1.]), colorSpace='rgb', contrast=1.0, depth=-1.0, draggable=False, flipHoriz=False, flipVert=False, font='Open Sans', fontFiles=[], height=np.float64(0.1), italic=False, languageStyle='LTR', name='fix', opacity=1, ori=0.0, pos=array([0., 0.]), rgb=UNKNOWN, text='+', units='height', win=Window(...), wrapWidth=1)
12.6440 	EXP 	Created slider_training = Slider(__class__=<class 'psychopy.visual.slider.Slider'>, autoDraw=False, autoLog=True, borderColor=None, color=None, colorSpace='rgb', depth=-2, fillColor=None, flip=False, font='Noto Sans', granularity=1, labelColor=None, labelHeight=np.float64(0.05), labelWrapWidth=None, labels=(0, 1, 2, 3, 4, 5, 6, 7, 8, 9), lineColor=None, markerColor=None, name='slider_training', opacity=None, ori=0.0, pos=array([ 0. , -0.4]), readOnly=False, self=UNKNOWN, size=array([1. , 0.1]), startValue=None, style='choice', styleTweaks=[], ticks=array([0, 1, 2, 3, 4, 5, 6, 7, 8, 9]), units='norm', win=Window(...))
12.6492 	EXP 	Created fix = TextStim(__class__=<class 'psychopy.visual.text.TextStim'>, alignHoriz=method-wrapper(...), alignText='center', alignVert=method-wrapper(...), anchorHoriz='center', anchorVert='center', antialias=True, autoDraw=False, autoLog=True, bold=False, color=array([1., 1., 1.]), colorSpace='rgb', contrast=1.0, depth=-1.0, draggable=False, flipHoriz=False, flipVert=False, font='Open Sans', fontFiles=[], height=np.float64(0.1), italic=False, languageStyle='LTR', name='fix', opacity=1, ori=0.0, pos=array([0., 0.]), rgb=UNKNOWN, text='+', units='height', win=Window(...), wrapWidth=1)
12.6499 	EXP 	Created prog = Progress(__class__=<class 'psychopy.visual.progress.Progress'>, anchor=('left', 'top'), autoDraw=False, autoLog=True, closeShape=True, color=method-wrapper(...), colorSpace='rgb', contrast=None, depth=-1, draggable=False, fillColor=array([-1.    ,  0.5373, -1.    ]), fillColorSpace='rgb', fillRGB=array([-1.    ,  0.5373, -1.    ]), interpolate=True, lineColor=array([1., 1., 1.]), lineColorSpace='rgb', lineRGB=array([1, 1, 1]), lineWidth=4.0, name='prog', opacity=1.0, ori=0.0, pos=array([-0.5,  0.5]), size=array([1. , 0.1]), units='norm', vertices=ndarray(...), win=Window(...), windingRule=None)
12.6506 	EXP 	Created progBar = ShapeStim(__class__=<class 'psychopy.visual.shape.ShapeStim'>, anchor=('left', 'top'), autoDraw=False, autoLog=True, closeShape=True, color=method-wrapper(...), colorSpace='rgb', contrast=None, depth=-1, draggable=False, fillColor=array([ 1., -1., -1.]), fillColorSpace='rgb', fillRGB=array([ 1., -1., -1.]), interpolate=True, lineColor=array([0., 0., 0.]), lineColorSpace='rgb', lineRGB=array([0, 0, 0]), lineWidth=1.5, name='progBar', opacity=1.0, ori=0.0, pos=array([-0.5,  0.5]), size=array([1. , 0.1]), units='norm', vertices=ndarray(...), win=Window(...), windingRule=None)
12.6512 	EXP 	Created greenbar = Rect(__class__=<class 'psychopy.visual.rect.Rect'>, anchor=('left', 'center'), autoDraw=False, autoLog=True, closeShape=True, color=method-wrapper(...), colorSpace='rgb', contrast=None, depth=-2.0, draggable=False, fillColor=array([-1.    ,  0.0039, -1.    ]), fillColorSpace='rgb', fillRGB=array([-1.    ,  0.0039, -1.    ]), interpolate=True, lineColor=array([1., 1., 1.]), lineColorSpace='rgb', lineRGB=array([1, 1, 1]), lineWidth=1.0, name='greenbar', opacity=1, ori=0.0, pos=array([0.33333333, 0.7       ]), size=array([0.66666667, 0.1       ]), units='norm', vertices=ndarray(...), win=Window(...))
12.6517 	EXP 	Created yellowbar = Rect(__class__=<class 'psychopy.visual.rect.Rect'>, anchor=('left', 'center'), autoDraw=False, autoLog=True, closeShape=True, color=method-wrapper(...), colorSpace='rgb', contrast=None, depth=-3.0, draggable=False, fillColor=array([ 1.,  1., -1.]), fillColorSpace='rgb', fillRGB=array([ 1.,  1., -1.]), interpolate=True, lineColor=array([1., 1., 1.]), lineColorSpace='rgb', lineRGB=array([1, 1, 1]), lineWidth=1.0, name='yellowbar', opacity=1, ori=0.0, pos=array([-0.33333333,  0.7       ]), size=array([0.66666667, 0.1       ]), units='norm', vertices=ndarray(...), win=Window(...))
12.6522 	EXP 	Created redbar = Rect(__class__=<class 'psychopy.visual.rect.Rect'>, anchor=('left', 'center'), autoDraw=False, autoLog=True, closeShape=True, color=method-wrapper(...), colorSpace='rgb', contrast=None, depth=-4.0, draggable=False, fillColor=array([ 1., -1., -1.]), fillColorSpace='rgb', fillRGB=array([ 1., -1., -1.]), interpolate=True, lineColor=array([1., 1., 1.]), lineColorSpace='rgb', lineRGB=array([1, 1, 1]), lineWidth=1.0, name='redbar', opacity=1, ori=0.0, pos=array([-1. ,  0.7]), size=array([0.66666667, 0.1       ]), units='norm', vertices=ndarray(...), win=Window(...))
12.6531 	EXP 	Created arrow = ShapeStim(__class__=<class 'psychopy.visual.shape.ShapeStim'>, anchor=('center', 'center'), autoDraw=False, autoLog=True, closeShape=True, color=method-wrapper(...), colorSpace='rgb', contrast=None, depth=-5.0, draggable=False, fillColor=array([1, 1, 1]), fillColorSpace='rgb', fillRGB=array([1, 1, 1]), interpolate=True, lineColor=array([1., 1., 1.]), lineColorSpace='rgb', lineRGB=array([1, 1, 1]), lineWidth=1.0, name='arrow', opacity=1, ori=0.0, pos=array([0., 0.]), size=array([0.05, 0.05]), units='norm', vertices=ndarray(...), win=Window(...), windingRule=None)
12.7242 	EXP 	Created slider = Slider(__class__=<class 'psychopy.visual.slider.Slider'>, autoDraw=False, autoLog=True, borderColor=None, color=None, colorSpace='rgb', depth=-7, fillColor=None, flip=False, font='Noto Sans', granularity=1, labelColor=None, labelHeight=np.float64(0.05), labelWrapWidth=None, labels=(0, 1, 2, 3, 4, 5, 6, 7, 8, 9), lineColor=None, markerColor=None, name='slider', opacity=None, ori=0.0, pos=array([ 0. , -0.4]), readOnly=False, self=UNKNOWN, size=array([1. , 0.1]), startValue=None, style='choice', styleTweaks=[], ticks=array([0, 1, 2, 3, 4, 5, 6, 7, 8, 9]), units='norm', win=Window(...))
0.0027 	EXP 	textbox_4: autoLog = True
0.0027 	EXP 	slider_3: autoLog = True
0.0027 	EXP 	slider_3: styleTweaks = []
0.0027 	EXP 	slider_3: styleTweaks = []
0.0027 	EXP 	slider_3: styleTweaks = []
0.0027 	EXP 	slider_3: styleTweaks = []
0.0027 	EXP 	slider_3: contrast = 1.0
0.0027 	EXP 	slider_3: markerPos = None
0.0027 	EXP 	slider_3: autoLog = True
0.0027 	EXP 	textbox_2: autoLog = True
0.0027 	EXP 	prog_3: direction = 'horizontal'
0.0027 	EXP 	prog_3: progress = 0.0
0.0027 	EXP 	textbox_5: autoLog = True
0.0027 	EXP 	slider_4: autoLog = True
0.0027 	EXP 	slider_4: styleTweaks = []
0.0027 	EXP 	slider_4: styleTweaks = []
0.0027 	EXP 	slider_4: styleTweaks = []
0.0027 	EXP 	slider_4: styleTweaks = []
0.0027 	EXP 	slider_4: contrast = 1.0
0.0027 	EXP 	slider_4: markerPos = None
0.0027 	EXP 	slider_4: autoLog = True
0.0027 	EXP 	textbox_2: autoLog = True
0.0027 	EXP 	textbox_3: autoLog = True
0.0027 	EXP 	slider_training: autoLog = True
0.0027 	EXP 	slider_training: styleTweaks = []
0.0027 	EXP 	slider_training: styleTweaks = []
0.0027 	EXP 	slider_training: styleTweaks = []
0.0027 	EXP 	slider_training: styleTweaks = []
0.0027 	EXP 	slider_training: contrast = 1.0
0.0027 	EXP 	slider_training: markerPos = None
0.0027 	EXP 	slider_training: autoLog = True
0.0027 	EXP 	textbox_2: autoLog = True
0.0027 	EXP 	prog: direction = 'horizontal'
0.0027 	EXP 	prog: progress = 0.0
0.0027 	EXP 	textbox: autoLog = True
0.0027 	EXP 	slider: autoLog = True
0.0027 	EXP 	slider: styleTweaks = []
0.0027 	EXP 	slider: styleTweaks = []
0.0027 	EXP 	slider: styleTweaks = []
0.0027 	EXP 	slider: styleTweaks = []
0.0027 	EXP 	slider: contrast = 1.0
0.0027 	EXP 	slider: markerPos = None
0.0027 	EXP 	slider: autoLog = True
0.0027 	EXP 	textbox_2: autoLog = True
0.0105 	INFO 	Keyboard events cleared
0.0105 	EXP 	text: autoDraw = True
2.4294 	EXP 	Device response: <KeyPress from None: t=2.3178549579997707, value=l, duration=None>
2.4296 	EXP 	Device response: <KeyPress from None: t=2.3178549579997707, value=l, duration=0.09197366700027487>
2.4332 	DATA 	Keypress: l
2.4358 	INFO 	Keyboard events cleared
2.4358 	EXP 	text: autoDraw = False
2.4358 	EXP 	intstructs: autoDraw = True
2.9950 	EXP 	Device response: <KeyPress from None: t=2.989863249999871, value=space, duration=None>
2.9967 	DATA 	Keypress: space
3.0037 	DEBUG 	Read excel file with openpyxl: practice_difficulty.xlsx
3.0039 	EXP 	Imported practice_difficulty.xlsx as conditions, 3 conditions, 1 params
3.0070 	EXP 	intstructs: autoDraw = False
3.0070 	EXP 	text_2: autoDraw = True
3.1150 	EXP 	Device response: <KeyPress from None: t=2.989863249999871, value=space, duration=0.11799116600013804>
5.0006 	DEBUG 	Read excel file with openpyxl: practice_difficulty.xlsx
5.0008 	EXP 	Imported practice_difficulty.xlsx as conditions, 3 conditions, 1 params
5.0051 	EXP 	text_2: autoDraw = False
5.0051 	EXP 	text_2: autoDraw = False
5.0051 	EXP 	text_3: autoDraw = True
7.0094 	DEBUG 	Read csv file with pandas: training.csv
7.0128 	DEBUG 	Clearing unnamed columns from training.csv
7.0134 	EXP 	Imported training.csv as conditions, 5 conditions, 2 params
7.0139 	EXP 	New trial (rep=0, index=0): <Trial 0 (0 in rep 0) data={'train_diff': 'easy2', 'train_time': np.int64(5), 'thisN': 0, 'thisTrialN': 0, 'thisRepN': 0}>
7.0192 	EXP 	New trial (rep=0, index=0): <Trial 0 (0 in rep 0) data={'thisN': 0, 'thisTrialN': 0, 'thisRepN': 0}>
7.0236 	EXP 	text_3: autoDraw = False
7.0236 	EXP 	text_3: autoDraw = False
7.0236 	EXP 	fix: autoDraw = True
7.5063 	DEBUG 	TextBox2 loaded 1 chars with 0 blanks and 1 valid
7.5078 	DEBUG 	TextBox2 loaded 1 chars with 0 blanks and 1 valid
7.5098 	DEBUG 	TextBox2 loaded 1 chars with 0 blanks and 1 valid
7.5106 	DEBUG 	TextBox2 loaded 1 chars with 0 blanks and 1 valid
7.5121 	DEBUG 	TextBox2 loaded 1 chars with 0 blanks and 1 valid
7.5130 	DEBUG 	TextBox2 loaded 1 chars with 0 blanks and 1 valid
7.5143 	DEBUG 	TextBox2 loaded 1 chars with 0 blanks and 1 valid
7.5146 	DEBUG 	Uploading Texture Font fontname to graphics card
7.5193 	DEBUG 	Upload of Texture Font fontname complete
7.5412 	INFO 	Keyboard events cleared
7.5411 	EXP 	fix: autoDraw = False
7.5411 	EXP 	slider_training: markerPos = None
7.5411 	EXP 	slider_training: markerPos = None
7.5411 	EXP 	textbox_3: autoDraw = True
7.5411 	EXP 	slider_training: autoDraw = True
12.5174 	DEBUG 	TextBox2 loaded 1 chars with 0 blanks and 1 valid
12.5179 	DEBUG 	TextBox2 loaded 1 chars with 0 blanks and 1 valid
12.5184 	DEBUG 	TextBox2 loaded 1 chars with 0 blanks and 1 valid
12.5189 	DEBUG 	TextBox2 loaded 1 chars with 0 blanks and 1 valid
12.5194 	DEBUG 	TextBox2 loaded 1 chars with 0 blanks and 1 valid
12.5197 	DEBUG 	TextBox2 loaded 1 chars with 0 blanks and 1 valid
12.5198 	DEBUG 	Uploading Texture Font fontname to graphics card
12.5214 	DEBUG 	Upload of Texture Font fontname complete
12.5280 	EXP 	textbox_3: autoDraw = False
12.5280 	EXP 	slider_training: autoDraw = False
12.5280 	EXP 	textbox_2: autoDraw = True
13.5203 	EXP 	New trial (rep=0, index=1): <Trial 1 (1 in rep 0) data={'train_diff': 'med2', 'train_time': np.int64(5), 'thisN': 1, 'thisTrialN': 1, 'thisRepN': 0}>
13.5247 	EXP 	New trial (rep=0, index=0): <Trial 0 (0 in rep 0) data={'thisN': 0, 'thisTrialN': 0, 'thisRepN': 0}>
13.5278 	EXP 	textbox_2: autoDraw = False
13.5278 	EXP 	fix: autoDraw = True
14.0277 	DEBUG 	TextBox2 loaded 1 chars with 0 blanks and 1 valid
14.0290 	DEBUG 	TextBox2 loaded 1 chars with 0 blanks and 1 valid
14.0303 	DEBUG 	TextBox2 loaded 1 chars with 0 blanks and 1 valid
14.0317 	DEBUG 	TextBox2 loaded 1 chars with 0 blanks and 1 valid
14.0330 	DEBUG 	TextBox2 loaded 1 chars with 0 blanks and 1 valid
14.0333 	DEBUG 	Uploading Texture Font fontname to graphics card
14.0367 	DEBUG 	Upload of Texture Font fontname complete
14.0500 	INFO 	Keyboard events cleared
14.0499 	EXP 	fix: autoDraw = False
14.0499 	EXP 	slider_training: markerPos = None
14.0499 	EXP 	slider_training: markerPos = None
14.0499 	EXP 	textbox_3: autoDraw = True
14.0499 	EXP 	slider_training: autoDraw = True
19.0500 	EXP 	textbox_3: autoDraw = False
19.0500 	EXP 	slider_training: autoDraw = False
19.0500 	EXP 	textbox_2: autoDraw = True
20.0408 	EXP 	New trial (rep=0, index=2): <Trial 2 (2 in rep 0) data={'train_diff': 'med1', 'train_time': np.int64(5), 'thisN': 2, 'thisTrialN': 2, 'thisRepN': 0}>
20.0458 	EXP 	New trial (rep=0, index=0): <Trial 0 (0 in rep 0) data={'thisN': 0, 'thisTrialN': 0, 'thisRepN': 0}>
20.0511 	EXP 	textbox_2: autoDraw = False
20.0511 	EXP 	fix: autoDraw = True
20.5501 	DEBUG 	TextBox2 loaded 1 chars with 0 blanks and 1 valid
20.5507 	DEBUG 	Uploading Texture Font fontname to graphics card
20.5547 	DEBUG 	Upload of Texture Font fontname complete
20.5702 	INFO 	Keyboard events cleared
20.5702 	EXP 	fix: autoDraw = False
20.5702 	EXP 	slider_training: markerPos = None
20.5702 	EXP 	slider_training: markerPos = None
20.5702 	EXP 	textbox_3: autoDraw = True
20.5702 	EXP 	slider_training: autoDraw = True
25.5723 	EXP 	textbox_3: autoDraw = False
25.5723 	EXP 	slider_training: autoDraw = False
25.5723 	EXP 	textbox_2: autoDraw = True
26.5632 	EXP 	New trial (rep=0, index=3): <Trial 3 (3 in rep 0) data={'train_diff': 'hard', 'train_time': np.int64(5), 'thisN': 3, 'thisTrialN': 3, 'thisRepN': 0}>
26.5683 	EXP 	New trial (rep=0, index=0): <Trial 0 (0 in rep 0) data={'thisN': 0, 'thisTrialN': 0, 'thisRepN': 0}>
26.5735 	EXP 	textbox_2: autoDraw = False
26.5735 	EXP 	fix: autoDraw = True
27.0887 	INFO 	Keyboard events cleared
27.0886 	EXP 	fix: autoDraw = False
27.0886 	EXP 	slider_training: markerPos = None
27.0886 	EXP 	slider_training: markerPos = None
27.0886 	EXP 	textbox_3: autoDraw = True
27.0886 	EXP 	slider_training: autoDraw = True
32.0946 	EXP 	textbox_3: autoDraw = False
32.0946 	EXP 	slider_training: autoDraw = False
32.0946 	EXP 	textbox_2: autoDraw = True
33.0842 	EXP 	New trial (rep=0, index=4): <Trial 4 (4 in rep 0) data={'train_diff': 'easy1', 'train_time': np.int64(5), 'thisN': 4, 'thisTrialN': 4, 'thisRepN': 0}>
33.0880 	EXP 	New trial (rep=0, index=0): <Trial 0 (0 in rep 0) data={'thisN': 0, 'thisTrialN': 0, 'thisRepN': 0}>
33.0952 	EXP 	textbox_2: autoDraw = False
33.0952 	EXP 	fix: autoDraw = True
33.6009 	INFO 	Keyboard events cleared
33.6008 	EXP 	fix: autoDraw = False
33.6008 	EXP 	slider_training: markerPos = None
33.6008 	EXP 	slider_training: markerPos = None
33.6008 	EXP 	textbox_3: autoDraw = True
33.6008 	EXP 	slider_training: autoDraw = True
34.3900 	EXP 	Device response: <KeyPress from None: t=34.38869316599994, value=escape, duration=None>
34.3990 	DATA 	Keypress: escape
34.4965 	EXP 	Device response: <KeyPress from None: t=34.38869316599994, value=escape, duration=0.1000144999998156>
34.4965 	EXP 	misty_module: status = STOPPED
34.5089 	EXP 	textbox_3: autoDraw = False
34.5089 	EXP 	slider_training: autoDraw = False
34.5097 	EXP 	misty_module: status = STOPPED
34.5121 	INFO 	saved data to '/Users/hackerman/misty_py/data/pilot_misty_module_2026-01-30_18h19.44.383.csv'
34.5130 	INFO 	saved data to /Users/hackerman/misty_py/data/pilot_misty_module_2026-01-30_18h19.44.383.psydat
34.5956 	DEBUG 	Saving data for misty_module ExperimentHandler
34.5962 	WARNING 	Stopping key buffers but this could be dangerous ifother keyboards rely on the same.
