8.5733 	WARNING 	Font Manager failed to load file /System/Library/PrivateFrameworks/FontServices.framework/Resources/Reserved/PingFangUI.ttc
8.6189 	WARNING 	Font Manager failed to load file /System/Library/PrivateFrameworks/FontServices.framework/Resources/Reserved/PingFangUI.ttc
10.4904 	DEBUG 	Fullscreen settings ignored as running in pilot mode.
10.4912 	INFO 	Loaded monitor calibration from ['2026_01_27 16:28']
10.5845 	INFO 	Using renderer 'Apple M4' for graphics
10.5846 	INFO 	OpenGL version supported by driver is 2..
10.6035 	EXP 	Created window1 = Window(allowGUI=False, allowStencil=True, autoLog=True, backendConf=UNKNOWN, backgroundFit=<method-wrapper '__getattribute__' of attributeSetter object at 0x174f544c0>, backgroundImage=<method-wrapper '__getattribute__' of attributeSetter object at 0x174f54460>, bitsMode=UNKNOWN, blendMode='avg', bpc=(8, 8, 8), color=array([0, 0, 0]), colorSpace='rgb', depthBits=8, fullscr=False, gamma=None, gammaErrorPolicy='raise', infoMsg=UNKNOWN, lms=UNKNOWN, monitor=<psychopy.monitors.calibTools.Monitor object at 0x1754060b0>, multiSample=False, name='window1', numSamples=2, pos=[np.float64(560.0), np.float64(240.0)], screen=0, size=array([800, 600]), stencilBits=8, stereo=False, title='PsychoPy', units='height', useFBO=True, useRetina=False, viewOri=0.0, viewPos=None, viewScale=None, waitBlanking=True, winType='pyglet')
10.6036 	EXP 	window1: backgroundImage = ''
10.6036 	EXP 	window1: backgroundFit = 'none'
10.6179 	DEBUG 	TextBox2 loaded 1 chars with 0 blanks and 1 valid
10.6257 	DEBUG 	TextBox2 loaded 1 chars with 0 blanks and 1 valid
10.6336 	DEBUG 	TextBox2 loaded 1 chars with 0 blanks and 1 valid
10.6416 	DEBUG 	TextBox2 loaded 1 chars with 0 blanks and 1 valid
10.6497 	DEBUG 	TextBox2 loaded 1 chars with 0 blanks and 1 valid
10.6574 	DEBUG 	TextBox2 loaded 1 chars with 0 blanks and 1 valid
10.6652 	DEBUG 	TextBox2 loaded 1 chars with 0 blanks and 1 valid
10.6732 	DEBUG 	TextBox2 loaded 1 chars with 0 blanks and 1 valid
10.6809 	DEBUG 	TextBox2 loaded 1 chars with 0 blanks and 1 valid
10.6885 	DEBUG 	TextBox2 loaded 1 chars with 0 blanks and 1 valid
10.6964 	DEBUG 	TextBox2 loaded 1 chars with 0 blanks and 1 valid
10.7044 	DEBUG 	TextBox2 loaded 1 chars with 0 blanks and 1 valid
10.7122 	DEBUG 	TextBox2 loaded 1 chars with 0 blanks and 1 valid
10.7202 	DEBUG 	TextBox2 loaded 1 chars with 0 blanks and 1 valid
10.7280 	DEBUG 	TextBox2 loaded 1 chars with 0 blanks and 1 valid
10.7360 	DEBUG 	TextBox2 loaded 1 chars with 0 blanks and 1 valid
10.7439 	DEBUG 	TextBox2 loaded 1 chars with 0 blanks and 1 valid
10.7516 	DEBUG 	TextBox2 loaded 1 chars with 0 blanks and 1 valid
10.7593 	DEBUG 	TextBox2 loaded 1 chars with 0 blanks and 1 valid
10.7673 	DEBUG 	TextBox2 loaded 1 chars with 0 blanks and 1 valid
10.7751 	DEBUG 	TextBox2 loaded 1 chars with 0 blanks and 1 valid
10.7753 	DEBUG 	Uploading Texture Font fontname to graphics card
10.7782 	DEBUG 	Upload of Texture Font fontname complete
10.7889 	DEBUG 	TextBox2 loaded 1 chars with 0 blanks and 1 valid
10.7968 	DEBUG 	TextBox2 loaded 1 chars with 0 blanks and 1 valid
10.8047 	DEBUG 	TextBox2 loaded 1 chars with 0 blanks and 1 valid
10.8048 	DEBUG 	Uploading Texture Font fontname to graphics card
10.8063 	DEBUG 	Upload of Texture Font fontname complete
10.8073 	EXP 	window1: Attempting to measure frame rate of screen (0) ...
10.8073 	EXP 	window1: recordFrameIntervals = False
10.9462 	EXP 	window1: recordFrameIntervals = True
11.0933 	EXP 	Screen (0) actual frame rate measured at 74.96Hz
11.0933 	EXP 	window1: recordFrameIntervals = False
11.1145 	DEBUG 	TextBox2 loaded 1 chars with 0 blanks and 1 valid
11.1263 	DEBUG 	TextBox2 loaded 1 chars with 0 blanks and 1 valid
11.1367 	DEBUG 	TextBox2 loaded 1 chars with 0 blanks and 1 valid
11.1462 	DEBUG 	TextBox2 loaded 1 chars with 0 blanks and 1 valid
11.1552 	DEBUG 	TextBox2 loaded 1 chars with 0 blanks and 1 valid
11.1637 	DEBUG 	TextBox2 loaded 1 chars with 0 blanks and 1 valid
11.1716 	DEBUG 	TextBox2 loaded 1 chars with 0 blanks and 1 valid
11.1794 	DEBUG 	TextBox2 loaded 1 chars with 0 blanks and 1 valid
11.1870 	DEBUG 	TextBox2 loaded 1 chars with 0 blanks and 1 valid
11.1947 	DEBUG 	TextBox2 loaded 1 chars with 0 blanks and 1 valid
11.1948 	DEBUG 	Uploading Texture Font fontname to graphics card
11.1964 	DEBUG 	Upload of Texture Font fontname complete
12.1275 	INFO 	keyboard.Keyboard is using ptb backend.
12.1275 	EXP 	misty_module: status = STARTED
12.1600 	EXP 	Created text = TextStim(__class__=<class 'psychopy.visual.text.TextStim'>, alignHoriz=method-wrapper(...), alignText='center', alignVert=method-wrapper(...), anchorHoriz='center', anchorVert='center', antialias=True, autoDraw=False, autoLog=True, bold=False, color=array([1., 1., 1.]), colorSpace='rgb', contrast=1.0, depth=-1.0, draggable=False, flipHoriz=False, flipVert=False, font='Arial', fontFiles=[], height=np.float64(0.05), italic=False, languageStyle='LTR', name='text', opacity=1, ori=0.0, pos=array([0., 0.]), rgb=UNKNOWN, text=str(...), units='height', win=Window(...), wrapWidth=1)
12.1672 	EXP 	Created intstructs = TextStim(__class__=<class 'psychopy.visual.text.TextStim'>, alignHoriz=method-wrapper(...), alignText='center', alignVert=method-wrapper(...), anchorHoriz='center', anchorVert='center', antialias=True, autoDraw=False, autoLog=True, bold=False, color=array([1., 1., 1.]), colorSpace='rgb', contrast=1.0, depth=0.0, draggable=False, flipHoriz=False, flipVert=False, font='Arial', fontFiles=[], height=np.float64(0.05), italic=False, languageStyle='LTR', name='intstructs', opacity=1, ori=0.0, pos=array([0., 0.]), rgb=UNKNOWN, text=str(...), units='height', win=Window(...), wrapWidth=1)
12.1693 	EXP 	Created fix = TextStim(__class__=<class 'psychopy.visual.text.TextStim'>, alignHoriz=method-wrapper(...), alignText='center', alignVert=method-wrapper(...), anchorHoriz='center', anchorVert='center', antialias=True, autoDraw=False, autoLog=True, bold=False, color=array([1., 1., 1.]), colorSpace='rgb', contrast=1.0, depth=-1.0, draggable=False, flipHoriz=False, flipVert=False, font='Open Sans', fontFiles=[], height=np.float64(0.1), italic=False, languageStyle='LTR', name='fix', opacity=1, ori=0.0, pos=array([0., 0.]), rgb=UNKNOWN, text='+', units='height', win=Window(...), wrapWidth=1)
12.1750 	DEBUG 	TextBox2 loaded 1 chars with 0 blanks and 1 valid
12.1756 	DEBUG 	TextBox2 loaded 1 chars with 0 blanks and 1 valid
12.1762 	DEBUG 	TextBox2 loaded 1 chars with 0 blanks and 1 valid
12.1766 	DEBUG 	TextBox2 loaded 1 chars with 0 blanks and 1 valid
12.1768 	DEBUG 	TextBox2 loaded 1 chars with 0 blanks and 1 valid
12.1770 	DEBUG 	TextBox2 loaded 1 chars with 0 blanks and 1 valid
12.1776 	DEBUG 	TextBox2 loaded 1 chars with 0 blanks and 1 valid
12.1779 	DEBUG 	TextBox2 loaded 1 chars with 0 blanks and 1 valid
12.1782 	DEBUG 	TextBox2 loaded 1 chars with 0 blanks and 1 valid
12.1783 	DEBUG 	Uploading Texture Font fontname to graphics card
12.1803 	DEBUG 	Upload of Texture Font fontname complete
12.2006 	DEBUG 	TextBox2 loaded 1 chars with 0 blanks and 1 valid
12.2007 	DEBUG 	Uploading Texture Font fontname to graphics card
12.2027 	DEBUG 	Upload of Texture Font fontname complete
12.2126 	DEBUG 	TextBox2 loaded 1 chars with 0 blanks and 1 valid
12.2201 	DEBUG 	TextBox2 loaded 1 chars with 0 blanks and 1 valid
12.2276 	DEBUG 	TextBox2 loaded 1 chars with 0 blanks and 1 valid
12.2351 	DEBUG 	TextBox2 loaded 1 chars with 0 blanks and 1 valid
12.2425 	DEBUG 	TextBox2 loaded 1 chars with 0 blanks and 1 valid
12.2499 	DEBUG 	TextBox2 loaded 1 chars with 0 blanks and 1 valid
12.2574 	DEBUG 	TextBox2 loaded 1 chars with 0 blanks and 1 valid
12.2649 	DEBUG 	TextBox2 loaded 1 chars with 0 blanks and 1 valid
12.2723 	DEBUG 	TextBox2 loaded 1 chars with 0 blanks and 1 valid
12.2798 	DEBUG 	TextBox2 loaded 1 chars with 0 blanks and 1 valid
12.2799 	DEBUG 	Uploading Texture Font fontname to graphics card
12.2813 	DEBUG 	Upload of Texture Font fontname complete
12.2911 	DEBUG 	TextBox2 loaded 1 chars with 0 blanks and 1 valid
12.2912 	DEBUG 	Uploading Texture Font fontname to graphics card
12.2926 	DEBUG 	Upload of Texture Font fontname complete
12.3047 	DEBUG 	TextBox2 loaded 1 chars with 0 blanks and 1 valid
12.3048 	DEBUG 	Uploading Texture Font fontname to graphics card
12.3064 	DEBUG 	Upload of Texture Font fontname complete
12.3188 	DEBUG 	TextBox2 loaded 1 chars with 0 blanks and 1 valid
12.3189 	DEBUG 	Uploading Texture Font fontname to graphics card
12.3204 	DEBUG 	Upload of Texture Font fontname complete
12.3328 	DEBUG 	TextBox2 loaded 1 chars with 0 blanks and 1 valid
12.3329 	DEBUG 	Uploading Texture Font fontname to graphics card
12.3343 	DEBUG 	Upload of Texture Font fontname complete
12.3467 	DEBUG 	TextBox2 loaded 1 chars with 0 blanks and 1 valid
12.3467 	DEBUG 	Uploading Texture Font fontname to graphics card
12.3481 	DEBUG 	Upload of Texture Font fontname complete
12.3605 	DEBUG 	TextBox2 loaded 1 chars with 0 blanks and 1 valid
12.3606 	DEBUG 	Uploading Texture Font fontname to graphics card
12.3620 	DEBUG 	Upload of Texture Font fontname complete
12.3744 	DEBUG 	TextBox2 loaded 1 chars with 0 blanks and 1 valid
12.3744 	DEBUG 	Uploading Texture Font fontname to graphics card
12.3759 	DEBUG 	Upload of Texture Font fontname complete
12.3882 	DEBUG 	TextBox2 loaded 1 chars with 0 blanks and 1 valid
12.3883 	DEBUG 	Uploading Texture Font fontname to graphics card
12.3897 	DEBUG 	Upload of Texture Font fontname complete
12.4021 	DEBUG 	TextBox2 loaded 1 chars with 0 blanks and 1 valid
12.4021 	DEBUG 	Uploading Texture Font fontname to graphics card
12.4036 	DEBUG 	Upload of Texture Font fontname complete
12.4257 	EXP 	Created slider_3 = Slider(__class__=<class 'psychopy.visual.slider.Slider'>, autoDraw=False, autoLog=True, borderColor=None, color=None, colorSpace='rgb', depth=-2, fillColor=None, flip=False, font='Noto Sans', granularity=1, labelColor=None, labelHeight=np.float64(0.05), labelWrapWidth=None, labels=(0, 1, 2, 3, 4, 5, 6, 7, 8, 9), lineColor=None, markerColor=None, name='slider_3', opacity=None, ori=0.0, pos=array([ 0. , -0.4]), readOnly=False, self=UNKNOWN, size=array([1. , 0.1]), startValue=None, style='choice', styleTweaks=[], ticks=array([0, 1, 2, 3, 4, 5, 6, 7, 8, 9]), units='norm', win=Window(...))
12.4326 	EXP 	Created text_2 = TextStim(__class__=<class 'psychopy.visual.text.TextStim'>, alignHoriz=method-wrapper(...), alignText='center', alignVert=method-wrapper(...), anchorHoriz='center', anchorVert='center', antialias=True, autoDraw=False, autoLog=True, bold=False, color=array([1., 1., 1.]), colorSpace='rgb', contrast=1.0, depth=0.0, draggable=False, flipHoriz=False, flipVert=False, font='Arial', fontFiles=[], height=np.float64(0.05), italic=False, languageStyle='LTR', name='text_2', opacity=1, ori=0.0, pos=array([0., 0.]), rgb=UNKNOWN, text=str(...), units='height', win=Window(...), wrapWidth=1)
12.4334 	EXP 	Created fix = TextStim(__class__=<class 'psychopy.visual.text.TextStim'>, alignHoriz=method-wrapper(...), alignText='center', alignVert=method-wrapper(...), anchorHoriz='center', anchorVert='center', antialias=True, autoDraw=False, autoLog=True, bold=False, color=array([1., 1., 1.]), colorSpace='rgb', contrast=1.0, depth=-1.0, draggable=False, flipHoriz=False, flipVert=False, font='Open Sans', fontFiles=[], height=np.float64(0.1), italic=False, languageStyle='LTR', name='fix', opacity=1, ori=0.0, pos=array([0., 0.]), rgb=UNKNOWN, text='+', units='height', win=Window(...), wrapWidth=1)
12.4352 	EXP 	Created prog_3 = Progress(__class__=<class 'psychopy.visual.progress.Progress'>, anchor=('left', 'top'), autoDraw=False, autoLog=True, closeShape=True, color=method-wrapper(...), colorSpace='rgb', contrast=None, depth=-1, draggable=False, fillColor=array([-1.    ,  0.5373, -1.    ]), fillColorSpace='rgb', fillRGB=array([-1.    ,  0.5373, -1.    ]), interpolate=True, lineColor=array([1., 1., 1.]), lineColorSpace='rgb', lineRGB=array([1, 1, 1]), lineWidth=4.0, name='prog_3', opacity=1.0, ori=0.0, pos=array([-0.5,  0.5]), size=array([1. , 0.1]), units='norm', vertices=ndarray(...), win=Window(...), windingRule=None)
12.4359 	EXP 	Created prog_3Bar = ShapeStim(__class__=<class 'psychopy.visual.shape.ShapeStim'>, anchor=('left', 'top'), autoDraw=False, autoLog=True, closeShape=True, color=method-wrapper(...), colorSpace='rgb', contrast=None, depth=-1, draggable=False, fillColor=array([ 1., -1., -1.]), fillColorSpace='rgb', fillRGB=array([ 1., -1., -1.]), interpolate=True, lineColor=array([0., 0., 0.]), lineColorSpace='rgb', lineRGB=array([0, 0, 0]), lineWidth=1.5, name='prog_3Bar', opacity=1.0, ori=0.0, pos=array([-0.5,  0.5]), size=array([1. , 0.1]), units='norm', vertices=ndarray(...), win=Window(...), windingRule=None)
12.4365 	EXP 	Created greenbar_3 = Rect(__class__=<class 'psychopy.visual.rect.Rect'>, anchor=('left', 'center'), autoDraw=False, autoLog=True, closeShape=True, color=method-wrapper(...), colorSpace='rgb', contrast=None, depth=-2.0, draggable=False, fillColor=array([-1.    ,  0.0039, -1.    ]), fillColorSpace='rgb', fillRGB=array([-1.    ,  0.0039, -1.    ]), interpolate=True, lineColor=array([1., 1., 1.]), lineColorSpace='rgb', lineRGB=array([1, 1, 1]), lineWidth=1.0, name='greenbar_3', opacity=1, ori=0.0, pos=array([0.33333333, 0.7       ]), size=array([0.66666667, 0.1       ]), units='norm', vertices=ndarray(...), win=Window(...))
12.4370 	EXP 	Created yellowbar_3 = Rect(__class__=<class 'psychopy.visual.rect.Rect'>, anchor=('left', 'center'), autoDraw=False, autoLog=True, closeShape=True, color=method-wrapper(...), colorSpace='rgb', contrast=None, depth=-3.0, draggable=False, fillColor=array([ 1.,  1., -1.]), fillColorSpace='rgb', fillRGB=array([ 1.,  1., -1.]), interpolate=True, lineColor=array([1., 1., 1.]), lineColorSpace='rgb', lineRGB=array([1, 1, 1]), lineWidth=1.0, name='yellowbar_3', opacity=1, ori=0.0, pos=array([-0.33333333,  0.7       ]), size=array([0.66666667, 0.1       ]), units='norm', vertices=ndarray(...), win=Window(...))
12.4375 	EXP 	Created redbar_3 = Rect(__class__=<class 'psychopy.visual.rect.Rect'>, anchor=('left', 'center'), autoDraw=False, autoLog=True, closeShape=True, color=method-wrapper(...), colorSpace='rgb', contrast=None, depth=-4.0, draggable=False, fillColor=array([ 1., -1., -1.]), fillColorSpace='rgb', fillRGB=array([ 1., -1., -1.]), interpolate=True, lineColor=array([1., 1., 1.]), lineColorSpace='rgb', lineRGB=array([1, 1, 1]), lineWidth=1.0, name='redbar_3', opacity=1, ori=0.0, pos=array([-1. ,  0.7]), size=array([0.66666667, 0.1       ]), units='norm', vertices=ndarray(...), win=Window(...))
12.4383 	EXP 	Created arrow_3 = ShapeStim(__class__=<class 'psychopy.visual.shape.ShapeStim'>, anchor=('center', 'center'), autoDraw=False, autoLog=True, closeShape=True, color=method-wrapper(...), colorSpace='rgb', contrast=None, depth=-5.0, draggable=False, fillColor=array([1, 1, 1]), fillColorSpace='rgb', fillRGB=array([1, 1, 1]), interpolate=True, lineColor=array([1., 1., 1.]), lineColorSpace='rgb', lineRGB=array([1, 1, 1]), lineWidth=1.0, name='arrow_3', opacity=1, ori=0.0, pos=array([0., 0.]), size=array([0.05, 0.05]), units='norm', vertices=ndarray(...), win=Window(...), windingRule=None)
12.5101 	EXP 	Created slider_4 = Slider(__class__=<class 'psychopy.visual.slider.Slider'>, autoDraw=False, autoLog=True, borderColor=None, color=None, colorSpace='rgb', depth=-7, fillColor=None, flip=False, font='Noto Sans', granularity=1, labelColor=None, labelHeight=np.float64(0.05), labelWrapWidth=None, labels=(0, 1, 2, 3, 4, 5, 6, 7, 8, 9), lineColor=None, markerColor=None, name='slider_4', opacity=None, ori=0.0, pos=array([ 0. , -0.4]), readOnly=False, self=UNKNOWN, size=array([1. , 0.1]), startValue=None, style='choice', styleTweaks=[], ticks=array([0, 1, 2, 3, 4, 5, 6, 7, 8, 9]), units='norm', win=Window(...))
12.5159 	EXP 	Created text_3 = TextStim(__class__=<class 'psychopy.visual.text.TextStim'>, alignHoriz=method-wrapper(...), alignText='center', alignVert=method-wrapper(...), anchorHoriz='center', anchorVert='center', antialias=True, autoDraw=False, autoLog=True, bold=False, color=array([1., 1., 1.]), colorSpace='rgb', contrast=1.0, depth=0.0, draggable=False, flipHoriz=False, flipVert=False, font='Arial', fontFiles=[], height=np.float64(0.05), italic=False, languageStyle='LTR', name='text_3', opacity=1, ori=0.0, pos=array([0., 0.]), rgb=UNKNOWN, text='Training instructions here', units='height', win=Window(...), wrapWidth=1)
12.5166 	EXP 	Created fix = TextStim(__class__=<class 'psychopy.visual.text.TextStim'>, alignHoriz=method-wrapper(...), alignText='center', alignVert=method-wrapper(...), anchorHoriz='center', anchorVert='center', antialias=True, autoDraw=False, autoLog=True, bold=False, color=array([1., 1., 1.]), colorSpace='rgb', contrast=1.0, depth=-1.0, draggable=False, flipHoriz=False, flipVert=False, font='Open Sans', fontFiles=[], height=np.float64(0.1), italic=False, languageStyle='LTR', name='fix', opacity=1, ori=0.0, pos=array([0., 0.]), rgb=UNKNOWN, text='+', units='height', win=Window(...), wrapWidth=1)
12.5880 	EXP 	Created slider_training = Slider(__class__=<class 'psychopy.visual.slider.Slider'>, autoDraw=False, autoLog=True, borderColor=None, color=None, colorSpace='rgb', depth=-2, fillColor=None, flip=False, font='Noto Sans', granularity=1, labelColor=None, labelHeight=np.float64(0.05), labelWrapWidth=None, labels=(0, 1, 2, 3, 4, 5, 6, 7, 8, 9), lineColor=None, markerColor=None, name='slider_training', opacity=None, ori=0.0, pos=array([ 0. , -0.4]), readOnly=False, self=UNKNOWN, size=array([1. , 0.1]), startValue=None, style='choice', styleTweaks=[], ticks=array([0, 1, 2, 3, 4, 5, 6, 7, 8, 9]), units='norm', win=Window(...))
12.5941 	EXP 	Created text_4 = TextStim(__class__=<class 'psychopy.visual.text.TextStim'>, alignHoriz=method-wrapper(...), alignText='center', alignVert=method-wrapper(...), anchorHoriz='center', anchorVert='center', antialias=True, autoDraw=False, autoLog=True, bold=False, color=array([1., 1., 1.]), colorSpace='rgb', contrast=1.0, depth=0.0, draggable=False, flipHoriz=False, flipVert=False, font='Arial', fontFiles=[], height=np.float64(0.05), italic=False, languageStyle='LTR', name='text_4', opacity=1, ori=0.0, pos=array([0., 0.]), rgb=UNKNOWN, text='Please press space to move onto the next block', units='height', win=Window(...), wrapWidth=1)
12.5955 	EXP 	Created text_6 = TextStim(__class__=<class 'psychopy.visual.text.TextStim'>, alignHoriz=method-wrapper(...), alignText='center', alignVert=method-wrapper(...), anchorHoriz='center', anchorVert='center', antialias=True, autoDraw=False, autoLog=True, bold=False, color=array([1., 1., 1.]), colorSpace='rgb', contrast=1.0, depth=0.0, draggable=False, flipHoriz=False, flipVert=False, font='Arial', fontFiles=[], height=np.float64(0.05), italic=False, languageStyle='LTR', name='text_6', opacity=1, ori=0.0, pos=array([0., 0.]), rgb=UNKNOWN, text='Start of experiment', units='height', win=Window(...), wrapWidth=1)
12.5963 	EXP 	Created fix = TextStim(__class__=<class 'psychopy.visual.text.TextStim'>, alignHoriz=method-wrapper(...), alignText='center', alignVert=method-wrapper(...), anchorHoriz='center', anchorVert='center', antialias=True, autoDraw=False, autoLog=True, bold=False, color=array([1., 1., 1.]), colorSpace='rgb', contrast=1.0, depth=-1.0, draggable=False, flipHoriz=False, flipVert=False, font='Open Sans', fontFiles=[], height=np.float64(0.1), italic=False, languageStyle='LTR', name='fix', opacity=1, ori=0.0, pos=array([0., 0.]), rgb=UNKNOWN, text='+', units='height', win=Window(...), wrapWidth=1)
12.5970 	EXP 	Created prog = Progress(__class__=<class 'psychopy.visual.progress.Progress'>, anchor=('left', 'top'), autoDraw=False, autoLog=True, closeShape=True, color=method-wrapper(...), colorSpace='rgb', contrast=None, depth=-1, draggable=False, fillColor=array([-1.    ,  0.5373, -1.    ]), fillColorSpace='rgb', fillRGB=array([-1.    ,  0.5373, -1.    ]), interpolate=True, lineColor=array([1., 1., 1.]), lineColorSpace='rgb', lineRGB=array([1, 1, 1]), lineWidth=4.0, name='prog', opacity=1.0, ori=0.0, pos=array([-0.5,  0.5]), size=array([1. , 0.1]), units='norm', vertices=ndarray(...), win=Window(...), windingRule=None)
12.5978 	EXP 	Created progBar = ShapeStim(__class__=<class 'psychopy.visual.shape.ShapeStim'>, anchor=('left', 'top'), autoDraw=False, autoLog=True, closeShape=True, color=method-wrapper(...), colorSpace='rgb', contrast=None, depth=-1, draggable=False, fillColor=array([ 1., -1., -1.]), fillColorSpace='rgb', fillRGB=array([ 1., -1., -1.]), interpolate=True, lineColor=array([0., 0., 0.]), lineColorSpace='rgb', lineRGB=array([0, 0, 0]), lineWidth=1.5, name='progBar', opacity=1.0, ori=0.0, pos=array([-0.5,  0.5]), size=array([1. , 0.1]), units='norm', vertices=ndarray(...), win=Window(...), windingRule=None)
12.5983 	EXP 	Created redbar = Rect(__class__=<class 'psychopy.visual.rect.Rect'>, anchor=('left', 'center'), autoDraw=False, autoLog=True, closeShape=True, color=method-wrapper(...), colorSpace='rgb', contrast=None, depth=-2.0, draggable=False, fillColor=array([ 1., -1., -1.]), fillColorSpace='rgb', fillRGB=array([ 1., -1., -1.]), interpolate=True, lineColor=array([1., 1., 1.]), lineColorSpace='rgb', lineRGB=array([1, 1, 1]), lineWidth=1.0, name='redbar', opacity=1, ori=0.0, pos=array([-1. ,  0.7]), size=array([2. , 0.1]), units='norm', vertices=ndarray(...), win=Window(...))
12.5989 	EXP 	Created yellowbar = Rect(__class__=<class 'psychopy.visual.rect.Rect'>, anchor=('left', 'center'), autoDraw=False, autoLog=True, closeShape=True, color=method-wrapper(...), colorSpace='rgb', contrast=None, depth=-3.0, draggable=False, fillColor=array([ 1.,  1., -1.]), fillColorSpace='rgb', fillRGB=array([ 1.,  1., -1.]), interpolate=True, lineColor=array([1., 1., 1.]), lineColorSpace='rgb', lineRGB=array([1, 1, 1]), lineWidth=1.0, name='yellowbar', opacity=1, ori=0.0, pos=array([0. , 0.7]), size=array([1. , 0.1]), units='norm', vertices=ndarray(...), win=Window(...))
12.5994 	EXP 	Created greenbar = Rect(__class__=<class 'psychopy.visual.rect.Rect'>, anchor=('left', 'center'), autoDraw=False, autoLog=True, closeShape=True, color=method-wrapper(...), colorSpace='rgb', contrast=None, depth=-4.0, draggable=False, fillColor=array([-1.    ,  0.0039, -1.    ]), fillColorSpace='rgb', fillRGB=array([-1.    ,  0.0039, -1.    ]), interpolate=True, lineColor=array([1., 1., 1.]), lineColorSpace='rgb', lineRGB=array([1, 1, 1]), lineWidth=1.0, name='greenbar', opacity=1, ori=0.0, pos=array([0.7, 0.7]), size=array([0.3, 0.1]), units='norm', vertices=ndarray(...), win=Window(...))
12.6001 	EXP 	Created arrow = ShapeStim(__class__=<class 'psychopy.visual.shape.ShapeStim'>, anchor=('center', 'center'), autoDraw=False, autoLog=True, closeShape=True, color=method-wrapper(...), colorSpace='rgb', contrast=None, depth=-5.0, draggable=False, fillColor=array([1, 1, 1]), fillColorSpace='rgb', fillRGB=array([1, 1, 1]), interpolate=True, lineColor=array([1., 1., 1.]), lineColorSpace='rgb', lineRGB=array([1, 1, 1]), lineWidth=1.0, name='arrow', opacity=1, ori=0.0, pos=array([0., 0.]), size=array([0.05, 0.05]), units='norm', vertices=ndarray(...), win=Window(...), windingRule=None)
12.6723 	EXP 	Created slider = Slider(__class__=<class 'psychopy.visual.slider.Slider'>, autoDraw=False, autoLog=True, borderColor=None, color=None, colorSpace='rgb', depth=-7, fillColor=None, flip=False, font='Noto Sans', granularity=1, labelColor=None, labelHeight=np.float64(0.05), labelWrapWidth=None, labels=(0, 1, 2, 3, 4, 5, 6, 7, 8, 9), lineColor=None, markerColor=None, name='slider', opacity=None, ori=0.0, pos=array([ 0. , -0.4]), readOnly=False, self=UNKNOWN, size=array([1. , 0.1]), startValue=None, style='choice', styleTweaks=[], ticks=array([0, 1, 2, 3, 4, 5, 6, 7, 8, 9]), units='norm', win=Window(...))
12.6731 	EXP 	Created norm_arrow = ShapeStim(__class__=<class 'psychopy.visual.shape.ShapeStim'>, anchor=('center', 'center'), autoDraw=False, autoLog=True, closeShape=True, color=method-wrapper(...), colorSpace='rgb', contrast=None, depth=-9.0, draggable=False, fillColor=array([1, 1, 1]), fillColorSpace='rgb', fillRGB=array([1, 1, 1]), interpolate=True, lineColor=array([1., 1., 1.]), lineColorSpace='rgb', lineRGB=array([1, 1, 1]), lineWidth=1.0, name='norm_arrow', opacity=1, ori=0.0, pos=array([0.7, 0.6]), size=array([0.05, 0.05]), units='height', vertices=ndarray(...), win=Window(...), windingRule=None)
12.6778 	EXP 	Created text_5 = TextStim(__class__=<class 'psychopy.visual.text.TextStim'>, alignHoriz=method-wrapper(...), alignText='center', alignVert=method-wrapper(...), anchorHoriz='center', anchorVert='center', antialias=True, autoDraw=False, autoLog=True, bold=False, color=array([1., 1., 1.]), colorSpace='rgb', contrast=1.0, depth=0.0, draggable=False, flipHoriz=False, flipVert=False, font='Arial', fontFiles=[], height=0.05, italic=False, languageStyle='LTR', name='text_5', opacity=1, ori=0.0, pos=array([0., 0.]), rgb=UNKNOWN, text='', units='height', win=Window(...), wrapWidth=1)
12.6788 	EXP 	Created text_7 = TextStim(__class__=<class 'psychopy.visual.text.TextStim'>, alignHoriz=method-wrapper(...), alignText='center', alignVert=method-wrapper(...), anchorHoriz='center', anchorVert='center', antialias=True, autoDraw=False, autoLog=True, bold=False, color=array([1., 1., 1.]), colorSpace='rgb', contrast=1.0, depth=0.0, draggable=False, flipHoriz=False, flipVert=False, font='Arial', fontFiles=[], height=np.float64(0.05), italic=False, languageStyle='LTR', name='text_7', opacity=1, ori=0.0, pos=array([0., 0.]), rgb=UNKNOWN, text='Thanks', units='height', win=Window(...), wrapWidth=1)
0.0027 	EXP 	equation_practice_1: autoLog = True
0.0027 	EXP 	slider_3: autoLog = True
0.0027 	EXP 	slider_3: styleTweaks = []
0.0027 	EXP 	slider_3: styleTweaks = []
0.0027 	EXP 	slider_3: styleTweaks = []
0.0027 	EXP 	slider_3: styleTweaks = []
0.0027 	EXP 	slider_3: contrast = 1.0
0.0027 	EXP 	slider_3: markerPos = None
0.0027 	EXP 	slider_3: autoLog = True
0.0027 	EXP 	feedback_practice_1: autoLog = True
0.0027 	EXP 	prog_3: direction = 'horizontal'
0.0027 	EXP 	prog_3: progress = 0.0
0.0027 	EXP 	textbox_5: autoLog = True
0.0027 	EXP 	slider_4: autoLog = True
0.0027 	EXP 	slider_4: styleTweaks = []
0.0027 	EXP 	slider_4: styleTweaks = []
0.0027 	EXP 	slider_4: styleTweaks = []
0.0027 	EXP 	slider_4: styleTweaks = []
0.0027 	EXP 	slider_4: contrast = 1.0
0.0027 	EXP 	slider_4: markerPos = None
0.0027 	EXP 	slider_4: autoLog = True
0.0027 	EXP 	feedback_practice_1: autoLog = True
0.0027 	EXP 	textbox_3: autoLog = True
0.0027 	EXP 	slider_training: autoLog = True
0.0027 	EXP 	slider_training: styleTweaks = []
0.0027 	EXP 	slider_training: styleTweaks = []
0.0027 	EXP 	slider_training: styleTweaks = []
0.0027 	EXP 	slider_training: styleTweaks = []
0.0027 	EXP 	slider_training: contrast = 1.0
0.0027 	EXP 	slider_training: markerPos = None
0.0027 	EXP 	slider_training: autoLog = True
0.0027 	EXP 	feedback_practice_1: autoLog = True
0.0027 	EXP 	prog: direction = 'horizontal'
0.0027 	EXP 	prog: progress = 0.0
0.0027 	EXP 	textbox: autoLog = True
0.0027 	EXP 	slider: autoLog = True
0.0027 	EXP 	slider: styleTweaks = []
0.0027 	EXP 	slider: styleTweaks = []
0.0027 	EXP 	slider: styleTweaks = []
0.0027 	EXP 	slider: styleTweaks = []
0.0027 	EXP 	slider: contrast = 1.0
0.0027 	EXP 	slider: markerPos = None
0.0027 	EXP 	slider: autoLog = True
0.0027 	EXP 	feedback_practice_1: autoLog = True
0.0090 	EXP 	text: autoDraw = True
2.3824 	EXP 	Device response: <KeyPress from None: t=2.272622042000876, value=l, duration=None>
2.3863 	DATA 	Keypress: l
2.3893 	EXP 	Device response: <KeyPress from None: t=2.272622042000876, value=l, duration=0.09299491599995235>
2.7801 	EXP 	Device response: <KeyPress from None: t=2.768646375001481, value=space, duration=None>
2.7826 	DATA 	Keypress: space
2.9131 	EXP 	Device response: <KeyPress from None: t=2.768646375001481, value=space, duration=0.13299849999930302>
3.4476 	EXP 	Device response: <KeyPress from None: t=3.434631292000631, value=space, duration=None>
3.4573 	DATA 	Keypress: space
3.5396 	EXP 	Device response: <KeyPress from None: t=3.434631292000631, value=space, duration=0.09701216599933105>
4.3547 	EXP 	Device response: <KeyPress from None: t=4.350603000000774, value=l, duration=None>
4.3583 	DATA 	Keypress: l
4.4472 	EXP 	Device response: <KeyPress from None: t=4.350603000000774, value=l, duration=0.08903070800079149>
5.1687 	EXP 	Device response: <KeyPress from None: t=5.166624417001003, value=escape, duration=None>
5.1940 	DATA 	Keypress: escape
5.2587 	EXP 	Device response: <KeyPress from None: t=5.166624417001003, value=escape, duration=0.07797341600053187>
5.2588 	EXP 	misty_module: status = STOPPED
5.2700 	EXP 	text: autoDraw = False
5.2721 	EXP 	misty_module: status = STOPPED
5.2760 	INFO 	saved data to '/Users/hackerman/misty_py/data/pilot_misty_module_2026-01-31_19h35.32.959.csv'
5.2765 	INFO 	saved data to /Users/hackerman/misty_py/data/pilot_misty_module_2026-01-31_19h35.32.959.psydat
5.4210 	DEBUG 	Saving data for misty_module ExperimentHandler
5.4216 	WARNING 	Stopping key buffers but this could be dangerous ifother keyboards rely on the same.
