8.6668 	WARNING 	Font Manager failed to load file /System/Library/PrivateFrameworks/FontServices.framework/Resources/Reserved/PingFangUI.ttc
8.7036 	WARNING 	Font Manager failed to load file /System/Library/PrivateFrameworks/FontServices.framework/Resources/Reserved/PingFangUI.ttc
10.8629 	DEBUG 	Fullscreen settings ignored as running in pilot mode.
10.8639 	INFO 	Loaded monitor calibration from ['2026_01_27 16:28']
10.9563 	INFO 	Using renderer 'Apple M4' for graphics
10.9563 	INFO 	OpenGL version supported by driver is 2..
10.9753 	EXP 	Created window1 = Window(allowGUI=False, allowStencil=True, autoLog=True, backendConf=UNKNOWN, backgroundFit=<method-wrapper '__getattribute__' of attributeSetter object at 0x1775c80d0>, backgroundImage=<method-wrapper '__getattribute__' of attributeSetter object at 0x1775c8130>, bitsMode=UNKNOWN, blendMode='avg', bpc=(8, 8, 8), color=array([0, 0, 0]), colorSpace='rgb', depthBits=8, fullscr=False, gamma=None, gammaErrorPolicy='raise', infoMsg=UNKNOWN, lms=UNKNOWN, monitor=<psychopy.monitors.calibTools.Monitor object at 0x177ab5540>, multiSample=False, name='window1', numSamples=2, pos=[np.float64(560.0), np.float64(240.0)], screen=0, size=array([800, 600]), stencilBits=8, stereo=False, title='PsychoPy', units='height', useFBO=True, useRetina=False, viewOri=0.0, viewPos=None, viewScale=None, waitBlanking=True, winType='pyglet')
10.9754 	EXP 	window1: backgroundImage = ''
10.9754 	EXP 	window1: backgroundFit = 'none'
10.9901 	DEBUG 	TextBox2 loaded 1 chars with 0 blanks and 1 valid
10.9978 	DEBUG 	TextBox2 loaded 1 chars with 0 blanks and 1 valid
11.0056 	DEBUG 	TextBox2 loaded 1 chars with 0 blanks and 1 valid
11.0134 	DEBUG 	TextBox2 loaded 1 chars with 0 blanks and 1 valid
11.0213 	DEBUG 	TextBox2 loaded 1 chars with 0 blanks and 1 valid
11.0288 	DEBUG 	TextBox2 loaded 1 chars with 0 blanks and 1 valid
11.0366 	DEBUG 	TextBox2 loaded 1 chars with 0 blanks and 1 valid
11.0445 	DEBUG 	TextBox2 loaded 1 chars with 0 blanks and 1 valid
11.0519 	DEBUG 	TextBox2 loaded 1 chars with 0 blanks and 1 valid
11.0594 	DEBUG 	TextBox2 loaded 1 chars with 0 blanks and 1 valid
11.0672 	DEBUG 	TextBox2 loaded 1 chars with 0 blanks and 1 valid
11.0750 	DEBUG 	TextBox2 loaded 1 chars with 0 blanks and 1 valid
11.0827 	DEBUG 	TextBox2 loaded 1 chars with 0 blanks and 1 valid
11.0906 	DEBUG 	TextBox2 loaded 1 chars with 0 blanks and 1 valid
11.0983 	DEBUG 	TextBox2 loaded 1 chars with 0 blanks and 1 valid
11.1062 	DEBUG 	TextBox2 loaded 1 chars with 0 blanks and 1 valid
11.1140 	DEBUG 	TextBox2 loaded 1 chars with 0 blanks and 1 valid
11.1216 	DEBUG 	TextBox2 loaded 1 chars with 0 blanks and 1 valid
11.1293 	DEBUG 	TextBox2 loaded 1 chars with 0 blanks and 1 valid
11.1373 	DEBUG 	TextBox2 loaded 1 chars with 0 blanks and 1 valid
11.1450 	DEBUG 	TextBox2 loaded 1 chars with 0 blanks and 1 valid
11.1452 	DEBUG 	Uploading Texture Font fontname to graphics card
11.1482 	DEBUG 	Upload of Texture Font fontname complete
11.1589 	DEBUG 	TextBox2 loaded 1 chars with 0 blanks and 1 valid
11.1667 	DEBUG 	TextBox2 loaded 1 chars with 0 blanks and 1 valid
11.1745 	DEBUG 	TextBox2 loaded 1 chars with 0 blanks and 1 valid
11.1746 	DEBUG 	Uploading Texture Font fontname to graphics card
11.1761 	DEBUG 	Upload of Texture Font fontname complete
11.1771 	EXP 	window1: Attempting to measure frame rate of screen (0) ...
11.1771 	EXP 	window1: recordFrameIntervals = False
11.3200 	EXP 	window1: recordFrameIntervals = True
11.4678 	EXP 	Screen (0) actual frame rate measured at 74.84Hz
11.4678 	EXP 	window1: recordFrameIntervals = False
11.4900 	DEBUG 	TextBox2 loaded 1 chars with 0 blanks and 1 valid
11.5019 	DEBUG 	TextBox2 loaded 1 chars with 0 blanks and 1 valid
11.5124 	DEBUG 	TextBox2 loaded 1 chars with 0 blanks and 1 valid
11.5221 	DEBUG 	TextBox2 loaded 1 chars with 0 blanks and 1 valid
11.5312 	DEBUG 	TextBox2 loaded 1 chars with 0 blanks and 1 valid
11.5397 	DEBUG 	TextBox2 loaded 1 chars with 0 blanks and 1 valid
11.5477 	DEBUG 	TextBox2 loaded 1 chars with 0 blanks and 1 valid
11.5556 	DEBUG 	TextBox2 loaded 1 chars with 0 blanks and 1 valid
11.5633 	DEBUG 	TextBox2 loaded 1 chars with 0 blanks and 1 valid
11.5710 	DEBUG 	TextBox2 loaded 1 chars with 0 blanks and 1 valid
11.5712 	DEBUG 	Uploading Texture Font fontname to graphics card
11.5728 	DEBUG 	Upload of Texture Font fontname complete
12.5181 	INFO 	keyboard.Keyboard is using ptb backend.
12.5181 	EXP 	misty_module: status = STARTED
12.5510 	EXP 	Created text = TextStim(__class__=<class 'psychopy.visual.text.TextStim'>, alignHoriz=method-wrapper(...), alignText='center', alignVert=method-wrapper(...), anchorHoriz='center', anchorVert='center', antialias=True, autoDraw=False, autoLog=True, bold=False, color=array([1., 1., 1.]), colorSpace='rgb', contrast=1.0, depth=0.0, draggable=False, flipHoriz=False, flipVert=False, font='Arial', fontFiles=[], height=np.float64(0.05), italic=False, languageStyle='LTR', name='text', opacity=1, ori=0.0, pos=array([0., 0.]), rgb=UNKNOWN, text=str(...), units='height', win=Window(...), wrapWidth=1)
12.5588 	EXP 	Created intstructs = TextStim(__class__=<class 'psychopy.visual.text.TextStim'>, alignHoriz=method-wrapper(...), alignText='center', alignVert=method-wrapper(...), anchorHoriz='center', anchorVert='center', antialias=True, autoDraw=False, autoLog=True, bold=False, color=array([1., 1., 1.]), colorSpace='rgb', contrast=1.0, depth=0.0, draggable=False, flipHoriz=False, flipVert=False, font='Arial', fontFiles=[], height=np.float64(0.05), italic=False, languageStyle='LTR', name='intstructs', opacity=1, ori=0.0, pos=array([0., 0.]), rgb=UNKNOWN, text=str(...), units='height', win=Window(...), wrapWidth=1)
12.5611 	EXP 	Created fix = TextStim(__class__=<class 'psychopy.visual.text.TextStim'>, alignHoriz=method-wrapper(...), alignText='center', alignVert=method-wrapper(...), anchorHoriz='center', anchorVert='center', antialias=True, autoDraw=False, autoLog=True, bold=False, color=array([1., 1., 1.]), colorSpace='rgb', contrast=1.0, depth=-1.0, draggable=False, flipHoriz=False, flipVert=False, font='Open Sans', fontFiles=[], height=np.float64(0.1), italic=False, languageStyle='LTR', name='fix', opacity=1, ori=0.0, pos=array([0., 0.]), rgb=UNKNOWN, text='+', units='height', win=Window(...), wrapWidth=1)
12.5669 	DEBUG 	TextBox2 loaded 1 chars with 0 blanks and 1 valid
12.5675 	DEBUG 	TextBox2 loaded 1 chars with 0 blanks and 1 valid
12.5680 	DEBUG 	TextBox2 loaded 1 chars with 0 blanks and 1 valid
12.5685 	DEBUG 	TextBox2 loaded 1 chars with 0 blanks and 1 valid
12.5687 	DEBUG 	TextBox2 loaded 1 chars with 0 blanks and 1 valid
12.5689 	DEBUG 	TextBox2 loaded 1 chars with 0 blanks and 1 valid
12.5694 	DEBUG 	TextBox2 loaded 1 chars with 0 blanks and 1 valid
12.5698 	DEBUG 	TextBox2 loaded 1 chars with 0 blanks and 1 valid
12.5700 	DEBUG 	TextBox2 loaded 1 chars with 0 blanks and 1 valid
12.5701 	DEBUG 	Uploading Texture Font fontname to graphics card
12.5721 	DEBUG 	Upload of Texture Font fontname complete
12.5925 	DEBUG 	TextBox2 loaded 1 chars with 0 blanks and 1 valid
12.5926 	DEBUG 	Uploading Texture Font fontname to graphics card
12.5946 	DEBUG 	Upload of Texture Font fontname complete
12.6047 	DEBUG 	TextBox2 loaded 1 chars with 0 blanks and 1 valid
12.6124 	DEBUG 	TextBox2 loaded 1 chars with 0 blanks and 1 valid
12.6199 	DEBUG 	TextBox2 loaded 1 chars with 0 blanks and 1 valid
12.6275 	DEBUG 	TextBox2 loaded 1 chars with 0 blanks and 1 valid
12.6350 	DEBUG 	TextBox2 loaded 1 chars with 0 blanks and 1 valid
12.6424 	DEBUG 	TextBox2 loaded 1 chars with 0 blanks and 1 valid
12.6500 	DEBUG 	TextBox2 loaded 1 chars with 0 blanks and 1 valid
12.6575 	DEBUG 	TextBox2 loaded 1 chars with 0 blanks and 1 valid
12.6650 	DEBUG 	TextBox2 loaded 1 chars with 0 blanks and 1 valid
12.6725 	DEBUG 	TextBox2 loaded 1 chars with 0 blanks and 1 valid
12.6726 	DEBUG 	Uploading Texture Font fontname to graphics card
12.6742 	DEBUG 	Upload of Texture Font fontname complete
12.6842 	DEBUG 	TextBox2 loaded 1 chars with 0 blanks and 1 valid
12.6843 	DEBUG 	Uploading Texture Font fontname to graphics card
12.6857 	DEBUG 	Upload of Texture Font fontname complete
12.6981 	DEBUG 	TextBox2 loaded 1 chars with 0 blanks and 1 valid
12.6981 	DEBUG 	Uploading Texture Font fontname to graphics card
12.6996 	DEBUG 	Upload of Texture Font fontname complete
12.7119 	DEBUG 	TextBox2 loaded 1 chars with 0 blanks and 1 valid
12.7120 	DEBUG 	Uploading Texture Font fontname to graphics card
12.7135 	DEBUG 	Upload of Texture Font fontname complete
12.7258 	DEBUG 	TextBox2 loaded 1 chars with 0 blanks and 1 valid
12.7258 	DEBUG 	Uploading Texture Font fontname to graphics card
12.7272 	DEBUG 	Upload of Texture Font fontname complete
12.7396 	DEBUG 	TextBox2 loaded 1 chars with 0 blanks and 1 valid
12.7397 	DEBUG 	Uploading Texture Font fontname to graphics card
12.7411 	DEBUG 	Upload of Texture Font fontname complete
12.7534 	DEBUG 	TextBox2 loaded 1 chars with 0 blanks and 1 valid
12.7535 	DEBUG 	Uploading Texture Font fontname to graphics card
12.7549 	DEBUG 	Upload of Texture Font fontname complete
12.7672 	DEBUG 	TextBox2 loaded 1 chars with 0 blanks and 1 valid
12.7673 	DEBUG 	Uploading Texture Font fontname to graphics card
12.7687 	DEBUG 	Upload of Texture Font fontname complete
12.7809 	DEBUG 	TextBox2 loaded 1 chars with 0 blanks and 1 valid
12.7810 	DEBUG 	Uploading Texture Font fontname to graphics card
12.7824 	DEBUG 	Upload of Texture Font fontname complete
12.7948 	DEBUG 	TextBox2 loaded 1 chars with 0 blanks and 1 valid
12.7948 	DEBUG 	Uploading Texture Font fontname to graphics card
12.7962 	DEBUG 	Upload of Texture Font fontname complete
12.8187 	EXP 	Created slider_3 = Slider(__class__=<class 'psychopy.visual.slider.Slider'>, autoDraw=False, autoLog=True, borderColor=None, color=None, colorSpace='rgb', depth=-2, fillColor=None, flip=False, font='Noto Sans', granularity=1, labelColor=None, labelHeight=np.float64(0.05), labelWrapWidth=None, labels=(0, 1, 2, 3, 4, 5, 6, 7, 8, 9), lineColor=None, markerColor=None, name='slider_3', opacity=None, ori=0.0, pos=array([ 0. , -0.4]), readOnly=False, self=UNKNOWN, size=array([1. , 0.1]), startValue=None, style='choice', styleTweaks=[], ticks=array([0, 1, 2, 3, 4, 5, 6, 7, 8, 9]), units='norm', win=Window(...))
12.8253 	EXP 	Created text_2 = TextStim(__class__=<class 'psychopy.visual.text.TextStim'>, alignHoriz=method-wrapper(...), alignText='center', alignVert=method-wrapper(...), anchorHoriz='center', anchorVert='center', antialias=True, autoDraw=False, autoLog=True, bold=False, color=array([1., 1., 1.]), colorSpace='rgb', contrast=1.0, depth=0.0, draggable=False, flipHoriz=False, flipVert=False, font='Arial', fontFiles=[], height=np.float64(0.05), italic=False, languageStyle='LTR', name='text_2', opacity=1, ori=0.0, pos=array([0., 0.]), rgb=UNKNOWN, text=str(...), units='height', win=Window(...), wrapWidth=1)
12.8261 	EXP 	Created fix = TextStim(__class__=<class 'psychopy.visual.text.TextStim'>, alignHoriz=method-wrapper(...), alignText='center', alignVert=method-wrapper(...), anchorHoriz='center', anchorVert='center', antialias=True, autoDraw=False, autoLog=True, bold=False, color=array([1., 1., 1.]), colorSpace='rgb', contrast=1.0, depth=-1.0, draggable=False, flipHoriz=False, flipVert=False, font='Open Sans', fontFiles=[], height=np.float64(0.1), italic=False, languageStyle='LTR', name='fix', opacity=1, ori=0.0, pos=array([0., 0.]), rgb=UNKNOWN, text='+', units='height', win=Window(...), wrapWidth=1)
12.8279 	EXP 	Created prog_3 = Progress(__class__=<class 'psychopy.visual.progress.Progress'>, anchor=('left', 'top'), autoDraw=False, autoLog=True, closeShape=True, color=method-wrapper(...), colorSpace='rgb', contrast=None, depth=-1, draggable=False, fillColor=array([-1.    ,  0.5373, -1.    ]), fillColorSpace='rgb', fillRGB=array([-1.    ,  0.5373, -1.    ]), interpolate=True, lineColor=array([1., 1., 1.]), lineColorSpace='rgb', lineRGB=array([1, 1, 1]), lineWidth=4.0, name='prog_3', opacity=1.0, ori=0.0, pos=array([-0.5,  0.5]), size=array([1. , 0.1]), units='norm', vertices=ndarray(...), win=Window(...), windingRule=None)
12.8286 	EXP 	Created prog_3Bar = ShapeStim(__class__=<class 'psychopy.visual.shape.ShapeStim'>, anchor=('left', 'top'), autoDraw=False, autoLog=True, closeShape=True, color=method-wrapper(...), colorSpace='rgb', contrast=None, depth=-1, draggable=False, fillColor=array([ 1., -1., -1.]), fillColorSpace='rgb', fillRGB=array([ 1., -1., -1.]), interpolate=True, lineColor=array([0., 0., 0.]), lineColorSpace='rgb', lineRGB=array([0, 0, 0]), lineWidth=1.5, name='prog_3Bar', opacity=1.0, ori=0.0, pos=array([-0.5,  0.5]), size=array([1. , 0.1]), units='norm', vertices=ndarray(...), win=Window(...), windingRule=None)
12.8292 	EXP 	Created greenbar_3 = Rect(__class__=<class 'psychopy.visual.rect.Rect'>, anchor=('left', 'center'), autoDraw=False, autoLog=True, closeShape=True, color=method-wrapper(...), colorSpace='rgb', contrast=None, depth=-2.0, draggable=False, fillColor=array([-1.    ,  0.0039, -1.    ]), fillColorSpace='rgb', fillRGB=array([-1.    ,  0.0039, -1.    ]), interpolate=True, lineColor=array([1., 1., 1.]), lineColorSpace='rgb', lineRGB=array([1, 1, 1]), lineWidth=1.0, name='greenbar_3', opacity=1, ori=0.0, pos=array([0.33333333, 0.7       ]), size=array([0.66666667, 0.1       ]), units='norm', vertices=ndarray(...), win=Window(...))
12.8297 	EXP 	Created yellowbar_3 = Rect(__class__=<class 'psychopy.visual.rect.Rect'>, anchor=('left', 'center'), autoDraw=False, autoLog=True, closeShape=True, color=method-wrapper(...), colorSpace='rgb', contrast=None, depth=-3.0, draggable=False, fillColor=array([ 1.,  1., -1.]), fillColorSpace='rgb', fillRGB=array([ 1.,  1., -1.]), interpolate=True, lineColor=array([1., 1., 1.]), lineColorSpace='rgb', lineRGB=array([1, 1, 1]), lineWidth=1.0, name='yellowbar_3', opacity=1, ori=0.0, pos=array([-0.33333333,  0.7       ]), size=array([0.66666667, 0.1       ]), units='norm', vertices=ndarray(...), win=Window(...))
12.8303 	EXP 	Created redbar_3 = Rect(__class__=<class 'psychopy.visual.rect.Rect'>, anchor=('left', 'center'), autoDraw=False, autoLog=True, closeShape=True, color=method-wrapper(...), colorSpace='rgb', contrast=None, depth=-4.0, draggable=False, fillColor=array([ 1., -1., -1.]), fillColorSpace='rgb', fillRGB=array([ 1., -1., -1.]), interpolate=True, lineColor=array([1., 1., 1.]), lineColorSpace='rgb', lineRGB=array([1, 1, 1]), lineWidth=1.0, name='redbar_3', opacity=1, ori=0.0, pos=array([-1. ,  0.7]), size=array([0.66666667, 0.1       ]), units='norm', vertices=ndarray(...), win=Window(...))
12.8310 	EXP 	Created arrow_3 = ShapeStim(__class__=<class 'psychopy.visual.shape.ShapeStim'>, anchor=('center', 'center'), autoDraw=False, autoLog=True, closeShape=True, color=method-wrapper(...), colorSpace='rgb', contrast=None, depth=-5.0, draggable=False, fillColor=array([1, 1, 1]), fillColorSpace='rgb', fillRGB=array([1, 1, 1]), interpolate=True, lineColor=array([1., 1., 1.]), lineColorSpace='rgb', lineRGB=array([1, 1, 1]), lineWidth=1.0, name='arrow_3', opacity=1, ori=0.0, pos=array([0., 0.]), size=array([0.05, 0.05]), units='norm', vertices=ndarray(...), win=Window(...), windingRule=None)
12.9029 	EXP 	Created slider_4 = Slider(__class__=<class 'psychopy.visual.slider.Slider'>, autoDraw=False, autoLog=True, borderColor=None, color=None, colorSpace='rgb', depth=-7, fillColor=None, flip=False, font='Noto Sans', granularity=1, labelColor=None, labelHeight=np.float64(0.05), labelWrapWidth=None, labels=(0, 1, 2, 3, 4, 5, 6, 7, 8, 9), lineColor=None, markerColor=None, name='slider_4', opacity=None, ori=0.0, pos=array([ 0. , -0.4]), readOnly=False, self=UNKNOWN, size=array([1. , 0.1]), startValue=None, style='choice', styleTweaks=[], ticks=array([0, 1, 2, 3, 4, 5, 6, 7, 8, 9]), units='norm', win=Window(...))
12.9085 	EXP 	Created text_3 = TextStim(__class__=<class 'psychopy.visual.text.TextStim'>, alignHoriz=method-wrapper(...), alignText='center', alignVert=method-wrapper(...), anchorHoriz='center', anchorVert='center', antialias=True, autoDraw=False, autoLog=True, bold=False, color=array([1., 1., 1.]), colorSpace='rgb', contrast=1.0, depth=0.0, draggable=False, flipHoriz=False, flipVert=False, font='Arial', fontFiles=[], height=np.float64(0.05), italic=False, languageStyle='LTR', name='text_3', opacity=1, ori=0.0, pos=array([0., 0.]), rgb=UNKNOWN, text='Training instructions here', units='height', win=Window(...), wrapWidth=1)
12.9093 	EXP 	Created fix = TextStim(__class__=<class 'psychopy.visual.text.TextStim'>, alignHoriz=method-wrapper(...), alignText='center', alignVert=method-wrapper(...), anchorHoriz='center', anchorVert='center', antialias=True, autoDraw=False, autoLog=True, bold=False, color=array([1., 1., 1.]), colorSpace='rgb', contrast=1.0, depth=-1.0, draggable=False, flipHoriz=False, flipVert=False, font='Open Sans', fontFiles=[], height=np.float64(0.1), italic=False, languageStyle='LTR', name='fix', opacity=1, ori=0.0, pos=array([0., 0.]), rgb=UNKNOWN, text='+', units='height', win=Window(...), wrapWidth=1)
12.9801 	EXP 	Created slider_training = Slider(__class__=<class 'psychopy.visual.slider.Slider'>, autoDraw=False, autoLog=True, borderColor=None, color=None, colorSpace='rgb', depth=-2, fillColor=None, flip=False, font='Noto Sans', granularity=1, labelColor=None, labelHeight=np.float64(0.05), labelWrapWidth=None, labels=(0, 1, 2, 3, 4, 5, 6, 7, 8, 9), lineColor=None, markerColor=None, name='slider_training', opacity=None, ori=0.0, pos=array([ 0. , -0.4]), readOnly=False, self=UNKNOWN, size=array([1. , 0.1]), startValue=None, style='choice', styleTweaks=[], ticks=array([0, 1, 2, 3, 4, 5, 6, 7, 8, 9]), units='norm', win=Window(...))
12.9854 	EXP 	Created fix = TextStim(__class__=<class 'psychopy.visual.text.TextStim'>, alignHoriz=method-wrapper(...), alignText='center', alignVert=method-wrapper(...), anchorHoriz='center', anchorVert='center', antialias=True, autoDraw=False, autoLog=True, bold=False, color=array([1., 1., 1.]), colorSpace='rgb', contrast=1.0, depth=-1.0, draggable=False, flipHoriz=False, flipVert=False, font='Open Sans', fontFiles=[], height=np.float64(0.1), italic=False, languageStyle='LTR', name='fix', opacity=1, ori=0.0, pos=array([0., 0.]), rgb=UNKNOWN, text='+', units='height', win=Window(...), wrapWidth=1)
12.9862 	EXP 	Created prog = Progress(__class__=<class 'psychopy.visual.progress.Progress'>, anchor=('left', 'top'), autoDraw=False, autoLog=True, closeShape=True, color=method-wrapper(...), colorSpace='rgb', contrast=None, depth=-1, draggable=False, fillColor=array([-1.    ,  0.5373, -1.    ]), fillColorSpace='rgb', fillRGB=array([-1.    ,  0.5373, -1.    ]), interpolate=True, lineColor=array([1., 1., 1.]), lineColorSpace='rgb', lineRGB=array([1, 1, 1]), lineWidth=4.0, name='prog', opacity=1.0, ori=0.0, pos=array([-0.5,  0.5]), size=array([1. , 0.1]), units='norm', vertices=ndarray(...), win=Window(...), windingRule=None)
12.9873 	EXP 	Created progBar = ShapeStim(__class__=<class 'psychopy.visual.shape.ShapeStim'>, anchor=('left', 'top'), autoDraw=False, autoLog=True, closeShape=True, color=method-wrapper(...), colorSpace='rgb', contrast=None, depth=-1, draggable=False, fillColor=array([ 1., -1., -1.]), fillColorSpace='rgb', fillRGB=array([ 1., -1., -1.]), interpolate=True, lineColor=array([0., 0., 0.]), lineColorSpace='rgb', lineRGB=array([0, 0, 0]), lineWidth=1.5, name='progBar', opacity=1.0, ori=0.0, pos=array([-0.5,  0.5]), size=array([1. , 0.1]), units='norm', vertices=ndarray(...), win=Window(...), windingRule=None)
12.9879 	EXP 	Created greenbar = Rect(__class__=<class 'psychopy.visual.rect.Rect'>, anchor=('left', 'center'), autoDraw=False, autoLog=True, closeShape=True, color=method-wrapper(...), colorSpace='rgb', contrast=None, depth=-2.0, draggable=False, fillColor=array([-1.    ,  0.0039, -1.    ]), fillColorSpace='rgb', fillRGB=array([-1.    ,  0.0039, -1.    ]), interpolate=True, lineColor=array([1., 1., 1.]), lineColorSpace='rgb', lineRGB=array([1, 1, 1]), lineWidth=1.0, name='greenbar', opacity=1, ori=0.0, pos=array([0.33333333, 0.7       ]), size=array([0.66666667, 0.1       ]), units='norm', vertices=ndarray(...), win=Window(...))
12.9884 	EXP 	Created yellowbar = Rect(__class__=<class 'psychopy.visual.rect.Rect'>, anchor=('left', 'center'), autoDraw=False, autoLog=True, closeShape=True, color=method-wrapper(...), colorSpace='rgb', contrast=None, depth=-3.0, draggable=False, fillColor=array([ 1.,  1., -1.]), fillColorSpace='rgb', fillRGB=array([ 1.,  1., -1.]), interpolate=True, lineColor=array([1., 1., 1.]), lineColorSpace='rgb', lineRGB=array([1, 1, 1]), lineWidth=1.0, name='yellowbar', opacity=1, ori=0.0, pos=array([-0.33333333,  0.7       ]), size=array([0.66666667, 0.1       ]), units='norm', vertices=ndarray(...), win=Window(...))
12.9889 	EXP 	Created redbar = Rect(__class__=<class 'psychopy.visual.rect.Rect'>, anchor=('left', 'center'), autoDraw=False, autoLog=True, closeShape=True, color=method-wrapper(...), colorSpace='rgb', contrast=None, depth=-4.0, draggable=False, fillColor=array([ 1., -1., -1.]), fillColorSpace='rgb', fillRGB=array([ 1., -1., -1.]), interpolate=True, lineColor=array([1., 1., 1.]), lineColorSpace='rgb', lineRGB=array([1, 1, 1]), lineWidth=1.0, name='redbar', opacity=1, ori=0.0, pos=array([-1. ,  0.7]), size=array([0.66666667, 0.1       ]), units='norm', vertices=ndarray(...), win=Window(...))
12.9896 	EXP 	Created arrow = ShapeStim(__class__=<class 'psychopy.visual.shape.ShapeStim'>, anchor=('center', 'center'), autoDraw=False, autoLog=True, closeShape=True, color=method-wrapper(...), colorSpace='rgb', contrast=None, depth=-5.0, draggable=False, fillColor=array([1, 1, 1]), fillColorSpace='rgb', fillRGB=array([1, 1, 1]), interpolate=True, lineColor=array([1., 1., 1.]), lineColorSpace='rgb', lineRGB=array([1, 1, 1]), lineWidth=1.0, name='arrow', opacity=1, ori=0.0, pos=array([0., 0.]), size=array([0.05, 0.05]), units='norm', vertices=ndarray(...), win=Window(...), windingRule=None)
13.0584 	EXP 	Created slider = Slider(__class__=<class 'psychopy.visual.slider.Slider'>, autoDraw=False, autoLog=True, borderColor=None, color=None, colorSpace='rgb', depth=-7, fillColor=None, flip=False, font='Noto Sans', granularity=1, labelColor=None, labelHeight=np.float64(0.05), labelWrapWidth=None, labels=(0, 1, 2, 3, 4, 5, 6, 7, 8, 9), lineColor=None, markerColor=None, name='slider', opacity=None, ori=0.0, pos=array([ 0. , -0.4]), readOnly=False, self=UNKNOWN, size=array([1. , 0.1]), startValue=None, style='choice', styleTweaks=[], ticks=array([0, 1, 2, 3, 4, 5, 6, 7, 8, 9]), units='norm', win=Window(...))
0.0031 	EXP 	equation_practice_1: autoLog = True
0.0031 	EXP 	slider_3: autoLog = True
0.0031 	EXP 	slider_3: styleTweaks = []
0.0031 	EXP 	slider_3: styleTweaks = []
0.0031 	EXP 	slider_3: styleTweaks = []
0.0031 	EXP 	slider_3: styleTweaks = []
0.0031 	EXP 	slider_3: contrast = 1.0
0.0031 	EXP 	slider_3: markerPos = None
0.0031 	EXP 	slider_3: autoLog = True
0.0031 	EXP 	feedback_practice_1: autoLog = True
0.0031 	EXP 	prog_3: direction = 'horizontal'
0.0031 	EXP 	prog_3: progress = 0.0
0.0031 	EXP 	textbox_5: autoLog = True
0.0031 	EXP 	slider_4: autoLog = True
0.0031 	EXP 	slider_4: styleTweaks = []
0.0031 	EXP 	slider_4: styleTweaks = []
0.0031 	EXP 	slider_4: styleTweaks = []
0.0031 	EXP 	slider_4: styleTweaks = []
0.0031 	EXP 	slider_4: contrast = 1.0
0.0031 	EXP 	slider_4: markerPos = None
0.0031 	EXP 	slider_4: autoLog = True
0.0031 	EXP 	feedback_practice_1: autoLog = True
0.0031 	EXP 	textbox_3: autoLog = True
0.0031 	EXP 	slider_training: autoLog = True
0.0031 	EXP 	slider_training: styleTweaks = []
0.0031 	EXP 	slider_training: styleTweaks = []
0.0031 	EXP 	slider_training: styleTweaks = []
0.0031 	EXP 	slider_training: styleTweaks = []
0.0031 	EXP 	slider_training: contrast = 1.0
0.0031 	EXP 	slider_training: markerPos = None
0.0031 	EXP 	slider_training: autoLog = True
0.0031 	EXP 	feedback_practice_1: autoLog = True
0.0031 	EXP 	prog: direction = 'horizontal'
0.0031 	EXP 	prog: progress = 0.0
0.0031 	EXP 	textbox: autoLog = True
0.0031 	EXP 	slider: autoLog = True
0.0031 	EXP 	slider: styleTweaks = []
0.0031 	EXP 	slider: styleTweaks = []
0.0031 	EXP 	slider: styleTweaks = []
0.0031 	EXP 	slider: styleTweaks = []
0.0031 	EXP 	slider: contrast = 1.0
0.0031 	EXP 	slider: markerPos = None
0.0031 	EXP 	slider: autoLog = True
0.0031 	EXP 	feedback_practice_1: autoLog = True
0.0097 	INFO 	Keyboard events cleared
0.0096 	EXP 	text: autoDraw = True
2.6883 	EXP 	Device response: <KeyPress from None: t=2.572910290999971, value=l, duration=None>
2.6884 	EXP 	Device response: <KeyPress from None: t=2.572910290999971, value=l, duration=0.09197716700055025>
2.6921 	DATA 	Keypress: l
2.6948 	INFO 	Keyboard events cleared
2.6948 	EXP 	text: autoDraw = False
2.6948 	EXP 	intstructs: autoDraw = True
3.2109 	EXP 	Device response: <KeyPress from None: t=3.2039241660004336, value=space, duration=None>
3.2131 	DATA 	Keypress: space
3.2204 	DEBUG 	Read excel file with openpyxl: practice_difficulty.xlsx
3.2206 	EXP 	Imported practice_difficulty.xlsx as conditions, 3 conditions, 1 params
3.2212 	EXP 	New trial (rep=0, index=0): <Trial 0 (0 in rep 0) data={'prac_diff': 'easy1', 'thisN': 0, 'thisTrialN': 0, 'thisRepN': 0}>
3.2266 	EXP 	intstructs: autoDraw = False
3.2266 	EXP 	fix: autoDraw = True
3.3711 	EXP 	Device response: <KeyPress from None: t=3.2039241660004336, value=space, duration=0.15297808400009671>
3.7197 	DEBUG 	TextBox2 loaded 1 chars with 0 blanks and 1 valid
3.7205 	DEBUG 	TextBox2 loaded 1 chars with 0 blanks and 1 valid
3.7215 	DEBUG 	TextBox2 loaded 1 chars with 0 blanks and 1 valid
3.7232 	DEBUG 	TextBox2 loaded 1 chars with 0 blanks and 1 valid
3.7235 	DEBUG 	Uploading Texture Font fontname to graphics card
3.7285 	DEBUG 	Upload of Texture Font fontname complete
3.7520 	INFO 	Keyboard events cleared
3.7520 	EXP 	fix: autoDraw = False
3.7520 	EXP 	slider_3: markerPos = None
3.7520 	EXP 	slider_3: markerPos = None
3.7520 	EXP 	equation_practice_1: autoDraw = True
3.7520 	EXP 	slider_3: autoDraw = True
8.6494 	EXP 	Device response: <KeyPress from None: t=8.64291887499985, value=escape, duration=None>
8.6605 	DATA 	Keypress: escape
8.7426 	EXP 	Device response: <KeyPress from None: t=8.64291887499985, value=escape, duration=0.09894750000057684>
8.7426 	EXP 	misty_module: status = STOPPED
8.7549 	EXP 	equation_practice_1: autoDraw = False
8.7549 	EXP 	slider_3: autoDraw = False
8.7557 	EXP 	misty_module: status = STOPPED
8.7573 	INFO 	saved data to '/Users/hackerman/misty_py/data/pilot_misty_module_2026-01-31_18h31.56.640.csv'
8.7576 	INFO 	saved data to /Users/hackerman/misty_py/data/pilot_misty_module_2026-01-31_18h31.56.640.psydat
8.8907 	DEBUG 	Saving data for misty_module ExperimentHandler
8.8913 	WARNING 	Stopping key buffers but this could be dangerous ifother keyboards rely on the same.
