10.4595 	WARNING 	Font Manager failed to load file /System/Library/PrivateFrameworks/FontServices.framework/Resources/Reserved/PingFangUI.ttc
10.5018 	WARNING 	Font Manager failed to load file /System/Library/PrivateFrameworks/FontServices.framework/Resources/Reserved/PingFangUI.ttc
12.9215 	DEBUG 	Fullscreen settings ignored as running in pilot mode.
12.9227 	INFO 	Loaded monitor calibration from ['2026_01_21 12:15']
13.0365 	INFO 	Using renderer 'Apple M4' for graphics
13.0365 	INFO 	OpenGL version supported by driver is 2..
13.0562 	EXP 	Created window1 = Window(allowGUI=False, allowStencil=True, autoLog=True, backendConf=UNKNOWN, backgroundFit=<method-wrapper '__getattribute__' of attributeSetter object at 0x1779d43d0>, backgroundImage=<method-wrapper '__getattribute__' of attributeSetter object at 0x1779d7fd0>, bitsMode=UNKNOWN, blendMode='avg', bpc=(8, 8, 8), color=array([0, 0, 0]), colorSpace='rgb', depthBits=8, fullscr=False, gamma=None, gammaErrorPolicy='raise', infoMsg=UNKNOWN, lms=UNKNOWN, monitor=<psychopy.monitors.calibTools.Monitor object at 0x177f29b70>, multiSample=False, name='window1', numSamples=2, pos=[np.float64(335.0), np.float64(178.0)], screen=0, size=array([1600, 1200]), stencilBits=8, stereo=False, title='PsychoPy', units='height', useFBO=True, useRetina=True, viewOri=0.0, viewPos=None, viewScale=None, waitBlanking=True, winType='pyglet')
13.0563 	EXP 	window1: backgroundImage = ''
13.0563 	EXP 	window1: backgroundFit = 'none'
13.0712 	DEBUG 	TextBox2 loaded 1 chars with 0 blanks and 1 valid
13.0792 	DEBUG 	TextBox2 loaded 1 chars with 0 blanks and 1 valid
13.0872 	DEBUG 	TextBox2 loaded 1 chars with 0 blanks and 1 valid
13.0954 	DEBUG 	TextBox2 loaded 1 chars with 0 blanks and 1 valid
13.1035 	DEBUG 	TextBox2 loaded 1 chars with 0 blanks and 1 valid
13.1114 	DEBUG 	TextBox2 loaded 1 chars with 0 blanks and 1 valid
13.1194 	DEBUG 	TextBox2 loaded 1 chars with 0 blanks and 1 valid
13.1276 	DEBUG 	TextBox2 loaded 1 chars with 0 blanks and 1 valid
13.1354 	DEBUG 	TextBox2 loaded 1 chars with 0 blanks and 1 valid
13.1432 	DEBUG 	TextBox2 loaded 1 chars with 0 blanks and 1 valid
13.1513 	DEBUG 	TextBox2 loaded 1 chars with 0 blanks and 1 valid
13.1594 	DEBUG 	TextBox2 loaded 1 chars with 0 blanks and 1 valid
13.1675 	DEBUG 	TextBox2 loaded 1 chars with 0 blanks and 1 valid
13.1756 	DEBUG 	TextBox2 loaded 1 chars with 0 blanks and 1 valid
13.1836 	DEBUG 	TextBox2 loaded 1 chars with 0 blanks and 1 valid
13.1917 	DEBUG 	TextBox2 loaded 1 chars with 0 blanks and 1 valid
13.1999 	DEBUG 	TextBox2 loaded 1 chars with 0 blanks and 1 valid
13.2078 	DEBUG 	TextBox2 loaded 1 chars with 0 blanks and 1 valid
13.2158 	DEBUG 	TextBox2 loaded 1 chars with 0 blanks and 1 valid
13.2240 	DEBUG 	TextBox2 loaded 1 chars with 0 blanks and 1 valid
13.2320 	DEBUG 	TextBox2 loaded 1 chars with 0 blanks and 1 valid
13.2321 	DEBUG 	Uploading Texture Font fontname to graphics card
13.2350 	DEBUG 	Upload of Texture Font fontname complete
13.2457 	DEBUG 	TextBox2 loaded 1 chars with 0 blanks and 1 valid
13.2537 	DEBUG 	TextBox2 loaded 1 chars with 0 blanks and 1 valid
13.2617 	DEBUG 	TextBox2 loaded 1 chars with 0 blanks and 1 valid
13.2618 	DEBUG 	Uploading Texture Font fontname to graphics card
13.2633 	DEBUG 	Upload of Texture Font fontname complete
13.2642 	EXP 	window1: Attempting to measure frame rate of screen (0) ...
13.2642 	EXP 	window1: recordFrameIntervals = False
13.3835 	EXP 	window1: recordFrameIntervals = True
14.2179 	WARNING 	Couldn't measure a consistent frame rate!
  - Is your graphics card set to sync to vertical blank?
  - Are you running other processes on your computer?

14.2418 	DEBUG 	TextBox2 loaded 1 chars with 0 blanks and 1 valid
14.2538 	DEBUG 	TextBox2 loaded 1 chars with 0 blanks and 1 valid
14.2642 	DEBUG 	TextBox2 loaded 1 chars with 0 blanks and 1 valid
14.2738 	DEBUG 	TextBox2 loaded 1 chars with 0 blanks and 1 valid
14.2830 	DEBUG 	TextBox2 loaded 1 chars with 0 blanks and 1 valid
14.2915 	DEBUG 	TextBox2 loaded 1 chars with 0 blanks and 1 valid
14.2994 	DEBUG 	TextBox2 loaded 1 chars with 0 blanks and 1 valid
14.3073 	DEBUG 	TextBox2 loaded 1 chars with 0 blanks and 1 valid
14.3151 	DEBUG 	TextBox2 loaded 1 chars with 0 blanks and 1 valid
14.3229 	DEBUG 	TextBox2 loaded 1 chars with 0 blanks and 1 valid
14.3231 	DEBUG 	Uploading Texture Font fontname to graphics card
14.3247 	DEBUG 	Upload of Texture Font fontname complete
14.8755 	INFO 	keyboard.Keyboard is using ptb backend.
14.8755 	EXP 	misty_module: status = STARTED
14.9088 	EXP 	Created text = TextStim(__class__=<class 'psychopy.visual.text.TextStim'>, alignHoriz=method-wrapper(...), alignText='center', alignVert=method-wrapper(...), anchorHoriz='center', anchorVert='center', antialias=True, autoDraw=False, autoLog=True, bold=False, color=array([1., 1., 1.]), colorSpace='rgb', contrast=1.0, depth=-1.0, draggable=False, flipHoriz=False, flipVert=False, font='Arial', fontFiles=[], height=np.float64(0.05), italic=False, languageStyle='LTR', name='text', opacity=1, ori=0.0, pos=array([0., 0.]), rgb=UNKNOWN, text=str(...), units='height', win=Window(...), wrapWidth=1)
14.9160 	EXP 	Created intstructs = TextStim(__class__=<class 'psychopy.visual.text.TextStim'>, alignHoriz=method-wrapper(...), alignText='center', alignVert=method-wrapper(...), anchorHoriz='center', anchorVert='center', antialias=True, autoDraw=False, autoLog=True, bold=False, color=array([1., 1., 1.]), colorSpace='rgb', contrast=1.0, depth=0.0, draggable=False, flipHoriz=False, flipVert=False, font='Arial', fontFiles=[], height=np.float64(0.05), italic=False, languageStyle='LTR', name='intstructs', opacity=1, ori=0.0, pos=array([0., 0.]), rgb=UNKNOWN, text=str(...), units='height', win=Window(...), wrapWidth=1)
14.9182 	EXP 	Created fix = TextStim(__class__=<class 'psychopy.visual.text.TextStim'>, alignHoriz=method-wrapper(...), alignText='center', alignVert=method-wrapper(...), anchorHoriz='center', anchorVert='center', antialias=True, autoDraw=False, autoLog=True, bold=False, color=array([1., 1., 1.]), colorSpace='rgb', contrast=1.0, depth=-1.0, draggable=False, flipHoriz=False, flipVert=False, font='Open Sans', fontFiles=[], height=np.float64(0.1), italic=False, languageStyle='LTR', name='fix', opacity=1, ori=0.0, pos=array([0., 0.]), rgb=UNKNOWN, text='+', units='height', win=Window(...), wrapWidth=1)
14.9242 	DEBUG 	TextBox2 loaded 1 chars with 0 blanks and 1 valid
14.9248 	DEBUG 	TextBox2 loaded 1 chars with 0 blanks and 1 valid
14.9253 	DEBUG 	TextBox2 loaded 1 chars with 0 blanks and 1 valid
14.9258 	DEBUG 	TextBox2 loaded 1 chars with 0 blanks and 1 valid
14.9260 	DEBUG 	TextBox2 loaded 1 chars with 0 blanks and 1 valid
14.9262 	DEBUG 	TextBox2 loaded 1 chars with 0 blanks and 1 valid
14.9268 	DEBUG 	TextBox2 loaded 1 chars with 0 blanks and 1 valid
14.9272 	DEBUG 	TextBox2 loaded 1 chars with 0 blanks and 1 valid
14.9274 	DEBUG 	TextBox2 loaded 1 chars with 0 blanks and 1 valid
14.9275 	DEBUG 	Uploading Texture Font fontname to graphics card
14.9296 	DEBUG 	Upload of Texture Font fontname complete
14.9509 	DEBUG 	TextBox2 loaded 1 chars with 0 blanks and 1 valid
14.9510 	DEBUG 	Uploading Texture Font fontname to graphics card
14.9530 	DEBUG 	Upload of Texture Font fontname complete
14.9633 	DEBUG 	TextBox2 loaded 1 chars with 0 blanks and 1 valid
14.9712 	DEBUG 	TextBox2 loaded 1 chars with 0 blanks and 1 valid
14.9790 	DEBUG 	TextBox2 loaded 1 chars with 0 blanks and 1 valid
14.9867 	DEBUG 	TextBox2 loaded 1 chars with 0 blanks and 1 valid
14.9944 	DEBUG 	TextBox2 loaded 1 chars with 0 blanks and 1 valid
15.0021 	DEBUG 	TextBox2 loaded 1 chars with 0 blanks and 1 valid
15.0099 	DEBUG 	TextBox2 loaded 1 chars with 0 blanks and 1 valid
15.0175 	DEBUG 	TextBox2 loaded 1 chars with 0 blanks and 1 valid
15.0252 	DEBUG 	TextBox2 loaded 1 chars with 0 blanks and 1 valid
15.0329 	DEBUG 	TextBox2 loaded 1 chars with 0 blanks and 1 valid
15.0330 	DEBUG 	Uploading Texture Font fontname to graphics card
15.0345 	DEBUG 	Upload of Texture Font fontname complete
15.0446 	DEBUG 	TextBox2 loaded 1 chars with 0 blanks and 1 valid
15.0447 	DEBUG 	Uploading Texture Font fontname to graphics card
15.0461 	DEBUG 	Upload of Texture Font fontname complete
15.0587 	DEBUG 	TextBox2 loaded 1 chars with 0 blanks and 1 valid
15.0587 	DEBUG 	Uploading Texture Font fontname to graphics card
15.0602 	DEBUG 	Upload of Texture Font fontname complete
15.0727 	DEBUG 	TextBox2 loaded 1 chars with 0 blanks and 1 valid
15.0728 	DEBUG 	Uploading Texture Font fontname to graphics card
15.0742 	DEBUG 	Upload of Texture Font fontname complete
15.0867 	DEBUG 	TextBox2 loaded 1 chars with 0 blanks and 1 valid
15.0868 	DEBUG 	Uploading Texture Font fontname to graphics card
15.0882 	DEBUG 	Upload of Texture Font fontname complete
15.1007 	DEBUG 	TextBox2 loaded 1 chars with 0 blanks and 1 valid
15.1008 	DEBUG 	Uploading Texture Font fontname to graphics card
15.1022 	DEBUG 	Upload of Texture Font fontname complete
15.1147 	DEBUG 	TextBox2 loaded 1 chars with 0 blanks and 1 valid
15.1147 	DEBUG 	Uploading Texture Font fontname to graphics card
15.1162 	DEBUG 	Upload of Texture Font fontname complete
15.1287 	DEBUG 	TextBox2 loaded 1 chars with 0 blanks and 1 valid
15.1287 	DEBUG 	Uploading Texture Font fontname to graphics card
15.1301 	DEBUG 	Upload of Texture Font fontname complete
15.1426 	DEBUG 	TextBox2 loaded 1 chars with 0 blanks and 1 valid
15.1427 	DEBUG 	Uploading Texture Font fontname to graphics card
15.1441 	DEBUG 	Upload of Texture Font fontname complete
15.1566 	DEBUG 	TextBox2 loaded 1 chars with 0 blanks and 1 valid
15.1566 	DEBUG 	Uploading Texture Font fontname to graphics card
15.1581 	DEBUG 	Upload of Texture Font fontname complete
15.1800 	EXP 	Created slider_3 = Slider(__class__=<class 'psychopy.visual.slider.Slider'>, autoDraw=False, autoLog=True, borderColor=None, color=None, colorSpace='rgb', depth=-2, fillColor=None, flip=False, font='Noto Sans', granularity=1, labelColor=None, labelHeight=np.float64(0.05), labelWrapWidth=None, labels=(0, 1, 2, 3, 4, 5, 6, 7, 8, 9), lineColor=None, markerColor=None, name='slider_3', opacity=None, ori=0.0, pos=array([ 0. , -0.4]), readOnly=False, self=UNKNOWN, size=array([1. , 0.1]), startValue=None, style='choice', styleTweaks=[], ticks=array([0, 1, 2, 3, 4, 5, 6, 7, 8, 9]), units='norm', win=Window(...))
15.1868 	EXP 	Created text_2 = TextStim(__class__=<class 'psychopy.visual.text.TextStim'>, alignHoriz=method-wrapper(...), alignText='center', alignVert=method-wrapper(...), anchorHoriz='center', anchorVert='center', antialias=True, autoDraw=False, autoLog=True, bold=False, color=array([1., 1., 1.]), colorSpace='rgb', contrast=1.0, depth=0.0, draggable=False, flipHoriz=False, flipVert=False, font='Arial', fontFiles=[], height=np.float64(0.05), italic=False, languageStyle='LTR', name='text_2', opacity=1, ori=0.0, pos=array([0., 0.]), rgb=UNKNOWN, text=str(...), units='height', win=Window(...), wrapWidth=1)
15.1875 	EXP 	Created fix = TextStim(__class__=<class 'psychopy.visual.text.TextStim'>, alignHoriz=method-wrapper(...), alignText='center', alignVert=method-wrapper(...), anchorHoriz='center', anchorVert='center', antialias=True, autoDraw=False, autoLog=True, bold=False, color=array([1., 1., 1.]), colorSpace='rgb', contrast=1.0, depth=-1.0, draggable=False, flipHoriz=False, flipVert=False, font='Open Sans', fontFiles=[], height=np.float64(0.1), italic=False, languageStyle='LTR', name='fix', opacity=1, ori=0.0, pos=array([0., 0.]), rgb=UNKNOWN, text='+', units='height', win=Window(...), wrapWidth=1)
15.1897 	EXP 	Created prog_3 = Progress(__class__=<class 'psychopy.visual.progress.Progress'>, anchor=('left', 'top'), autoDraw=False, autoLog=True, closeShape=True, color=method-wrapper(...), colorSpace='rgb', contrast=None, depth=-1, draggable=False, fillColor=array([-1.    ,  0.5373, -1.    ]), fillColorSpace='rgb', fillRGB=array([-1.    ,  0.5373, -1.    ]), interpolate=True, lineColor=array([1., 1., 1.]), lineColorSpace='rgb', lineRGB=array([1, 1, 1]), lineWidth=4.0, name='prog_3', opacity=1.0, ori=0.0, pos=array([-0.5,  0.5]), size=array([1. , 0.1]), units='norm', vertices=ndarray(...), win=Window(...), windingRule=None)
15.1905 	EXP 	Created prog_3Bar = ShapeStim(__class__=<class 'psychopy.visual.shape.ShapeStim'>, anchor=('left', 'top'), autoDraw=False, autoLog=True, closeShape=True, color=method-wrapper(...), colorSpace='rgb', contrast=None, depth=-1, draggable=False, fillColor=array([ 1., -1., -1.]), fillColorSpace='rgb', fillRGB=array([ 1., -1., -1.]), interpolate=True, lineColor=array([0., 0., 0.]), lineColorSpace='rgb', lineRGB=array([0, 0, 0]), lineWidth=1.5, name='prog_3Bar', opacity=1.0, ori=0.0, pos=array([-0.5,  0.5]), size=array([1. , 0.1]), units='norm', vertices=ndarray(...), win=Window(...), windingRule=None)
15.1910 	EXP 	Created redbar_3 = Rect(__class__=<class 'psychopy.visual.rect.Rect'>, anchor=('left', 'center'), autoDraw=False, autoLog=True, closeShape=True, color=method-wrapper(...), colorSpace='rgb', contrast=None, depth=-2.0, draggable=False, fillColor=array([ 1., -1., -1.]), fillColorSpace='rgb', fillRGB=array([ 1., -1., -1.]), interpolate=True, lineColor=array([1., 1., 1.]), lineColorSpace='rgb', lineRGB=array([1, 1, 1]), lineWidth=1.0, name='redbar_3', opacity=1, ori=0.0, pos=array([-1. ,  0.7]), size=array([2. , 0.1]), units='norm', vertices=ndarray(...), win=Window(...))
15.1916 	EXP 	Created yellowbar_3 = Rect(__class__=<class 'psychopy.visual.rect.Rect'>, anchor=('left', 'center'), autoDraw=False, autoLog=True, closeShape=True, color=method-wrapper(...), colorSpace='rgb', contrast=None, depth=-3.0, draggable=False, fillColor=array([ 1.,  1., -1.]), fillColorSpace='rgb', fillRGB=array([ 1.,  1., -1.]), interpolate=True, lineColor=array([1., 1., 1.]), lineColorSpace='rgb', lineRGB=array([1, 1, 1]), lineWidth=1.0, name='yellowbar_3', opacity=1, ori=0.0, pos=array([0. , 0.7]), size=array([1. , 0.1]), units='norm', vertices=ndarray(...), win=Window(...))
15.1921 	EXP 	Created greenbar_3 = Rect(__class__=<class 'psychopy.visual.rect.Rect'>, anchor=('left', 'center'), autoDraw=False, autoLog=True, closeShape=True, color=method-wrapper(...), colorSpace='rgb', contrast=None, depth=-4.0, draggable=False, fillColor=array([-1.    ,  0.0039, -1.    ]), fillColorSpace='rgb', fillRGB=array([-1.    ,  0.0039, -1.    ]), interpolate=True, lineColor=array([1., 1., 1.]), lineColorSpace='rgb', lineRGB=array([1, 1, 1]), lineWidth=1.0, name='greenbar_3', opacity=1, ori=0.0, pos=array([0.7, 0.7]), size=array([0.3, 0.1]), units='norm', vertices=ndarray(...), win=Window(...))
15.1928 	EXP 	Created arrow_3 = ShapeStim(__class__=<class 'psychopy.visual.shape.ShapeStim'>, anchor=('center', 'center'), autoDraw=False, autoLog=True, closeShape=True, color=method-wrapper(...), colorSpace='rgb', contrast=None, depth=-5.0, draggable=False, fillColor=array([1, 1, 1]), fillColorSpace='rgb', fillRGB=array([1, 1, 1]), interpolate=True, lineColor=array([1., 1., 1.]), lineColorSpace='rgb', lineRGB=array([1, 1, 1]), lineWidth=1.0, name='arrow_3', opacity=1, ori=0.0, pos=array([0., 0.]), size=array([0.05, 0.05]), units='norm', vertices=ndarray(...), win=Window(...), windingRule=None)
15.1935 	EXP 	Created arrow_4 = ShapeStim(__class__=<class 'psychopy.visual.shape.ShapeStim'>, anchor=('center', 'center'), autoDraw=False, autoLog=True, closeShape=True, color=method-wrapper(...), colorSpace='rgb', contrast=None, depth=-6.0, draggable=False, fillColor=array([1, 1, 1]), fillColorSpace='rgb', fillRGB=array([1, 1, 1]), interpolate=True, lineColor=array([1., 1., 1.]), lineColorSpace='rgb', lineRGB=array([1, 1, 1]), lineWidth=1.0, name='arrow_4', opacity=1, ori=0.0, pos=array([0., 0.]), size=array([0.05, 0.05]), units='norm', vertices=ndarray(...), win=Window(...), windingRule=None)
15.1967 	DEBUG 	TextBox2 loaded 1 chars with 0 blanks and 1 valid
15.1970 	DEBUG 	TextBox2 loaded 1 chars with 0 blanks and 1 valid
15.1973 	DEBUG 	TextBox2 loaded 1 chars with 0 blanks and 1 valid
15.1976 	DEBUG 	TextBox2 loaded 1 chars with 0 blanks and 1 valid
15.1978 	DEBUG 	TextBox2 loaded 1 chars with 0 blanks and 1 valid
15.1981 	DEBUG 	TextBox2 loaded 1 chars with 0 blanks and 1 valid
15.1982 	DEBUG 	Uploading Texture Font fontname to graphics card
15.2003 	DEBUG 	Upload of Texture Font fontname complete
15.2033 	DEBUG 	TextBox2 loaded 1 chars with 0 blanks and 1 valid
15.2036 	DEBUG 	TextBox2 loaded 1 chars with 0 blanks and 1 valid
15.2038 	DEBUG 	TextBox2 loaded 1 chars with 0 blanks and 1 valid
15.2040 	DEBUG 	TextBox2 loaded 1 chars with 0 blanks and 1 valid
15.2043 	DEBUG 	TextBox2 loaded 1 chars with 0 blanks and 1 valid
15.2045 	DEBUG 	TextBox2 loaded 1 chars with 0 blanks and 1 valid
15.2046 	DEBUG 	Uploading Texture Font fontname to graphics card
15.2061 	DEBUG 	Upload of Texture Font fontname complete
15.2088 	DEBUG 	TextBox2 loaded 1 chars with 0 blanks and 1 valid
15.2091 	DEBUG 	TextBox2 loaded 1 chars with 0 blanks and 1 valid
15.2094 	DEBUG 	TextBox2 loaded 1 chars with 0 blanks and 1 valid
15.2095 	DEBUG 	Uploading Texture Font fontname to graphics card
15.2109 	DEBUG 	Upload of Texture Font fontname complete
15.2818 	EXP 	Created slider_4 = Slider(__class__=<class 'psychopy.visual.slider.Slider'>, autoDraw=False, autoLog=True, borderColor=None, color=None, colorSpace='rgb', depth=-9, fillColor=None, flip=False, font='Noto Sans', granularity=1, labelColor=None, labelHeight=np.float64(0.05), labelWrapWidth=None, labels=(0, 1, 2, 3, 4, 5, 6, 7, 8, 9), lineColor=None, markerColor=None, name='slider_4', opacity=None, ori=0.0, pos=array([ 0. , -0.4]), readOnly=False, self=UNKNOWN, size=array([1. , 0.1]), startValue=None, style='choice', styleTweaks=[], ticks=array([0, 1, 2, 3, 4, 5, 6, 7, 8, 9]), units='norm', win=Window(...))
15.2920 	EXP 	Created text_3 = TextStim(__class__=<class 'psychopy.visual.text.TextStim'>, alignHoriz=method-wrapper(...), alignText='center', alignVert=method-wrapper(...), anchorHoriz='center', anchorVert='center', antialias=True, autoDraw=False, autoLog=True, bold=False, color=array([1., 1., 1.]), colorSpace='rgb', contrast=1.0, depth=0.0, draggable=False, flipHoriz=False, flipVert=False, font='Arial', fontFiles=[], height=np.float64(0.05), italic=False, languageStyle='LTR', name='text_3', opacity=1, ori=0.0, pos=array([0., 0.]), rgb=UNKNOWN, text='Training instructions here', units='height', win=Window(...), wrapWidth=1)
15.2928 	EXP 	Created fix = TextStim(__class__=<class 'psychopy.visual.text.TextStim'>, alignHoriz=method-wrapper(...), alignText='center', alignVert=method-wrapper(...), anchorHoriz='center', anchorVert='center', antialias=True, autoDraw=False, autoLog=True, bold=False, color=array([1., 1., 1.]), colorSpace='rgb', contrast=1.0, depth=-1.0, draggable=False, flipHoriz=False, flipVert=False, font='Open Sans', fontFiles=[], height=np.float64(0.1), italic=False, languageStyle='LTR', name='fix', opacity=1, ori=0.0, pos=array([0., 0.]), rgb=UNKNOWN, text='+', units='height', win=Window(...), wrapWidth=1)
15.3651 	EXP 	Created slider_training = Slider(__class__=<class 'psychopy.visual.slider.Slider'>, autoDraw=False, autoLog=True, borderColor=None, color=None, colorSpace='rgb', depth=-2, fillColor=None, flip=False, font='Noto Sans', granularity=1, labelColor=None, labelHeight=np.float64(0.05), labelWrapWidth=None, labels=(0, 1, 2, 3, 4, 5, 6, 7, 8, 9), lineColor=None, markerColor=None, name='slider_training', opacity=None, ori=0.0, pos=array([ 0. , -0.4]), readOnly=False, self=UNKNOWN, size=array([1. , 0.1]), startValue=None, style='choice', styleTweaks=[], ticks=array([0, 1, 2, 3, 4, 5, 6, 7, 8, 9]), units='norm', win=Window(...))
15.3719 	EXP 	Created text_4 = TextStim(__class__=<class 'psychopy.visual.text.TextStim'>, alignHoriz=method-wrapper(...), alignText='center', alignVert=method-wrapper(...), anchorHoriz='center', anchorVert='center', antialias=True, autoDraw=False, autoLog=True, bold=False, color=array([1., 1., 1.]), colorSpace='rgb', contrast=1.0, depth=0.0, draggable=False, flipHoriz=False, flipVert=False, font='Arial', fontFiles=[], height=np.float64(0.05), italic=False, languageStyle='LTR', name='text_4', opacity=1, ori=0.0, pos=array([0., 0.]), rgb=UNKNOWN, text='Please press space to move onto the next block', units='height', win=Window(...), wrapWidth=1)
15.3734 	EXP 	Created text_6 = TextStim(__class__=<class 'psychopy.visual.text.TextStim'>, alignHoriz=method-wrapper(...), alignText='center', alignVert=method-wrapper(...), anchorHoriz='center', anchorVert='center', antialias=True, autoDraw=False, autoLog=True, bold=False, color=array([1., 1., 1.]), colorSpace='rgb', contrast=1.0, depth=0.0, draggable=False, flipHoriz=False, flipVert=False, font='Arial', fontFiles=[], height=np.float64(0.05), italic=False, languageStyle='LTR', name='text_6', opacity=1, ori=0.0, pos=array([0., 0.]), rgb=UNKNOWN, text='Press Space to Start experiment', units='height', win=Window(...), wrapWidth=1)
15.3741 	EXP 	Created fix = TextStim(__class__=<class 'psychopy.visual.text.TextStim'>, alignHoriz=method-wrapper(...), alignText='center', alignVert=method-wrapper(...), anchorHoriz='center', anchorVert='center', antialias=True, autoDraw=False, autoLog=True, bold=False, color=array([1., 1., 1.]), colorSpace='rgb', contrast=1.0, depth=-1.0, draggable=False, flipHoriz=False, flipVert=False, font='Open Sans', fontFiles=[], height=np.float64(0.1), italic=False, languageStyle='LTR', name='fix', opacity=1, ori=0.0, pos=array([0., 0.]), rgb=UNKNOWN, text='+', units='height', win=Window(...), wrapWidth=1)
15.3749 	EXP 	Created prog = Progress(__class__=<class 'psychopy.visual.progress.Progress'>, anchor=('left', 'top'), autoDraw=False, autoLog=True, closeShape=True, color=method-wrapper(...), colorSpace='rgb', contrast=None, depth=-1, draggable=False, fillColor=array([-1.    ,  0.5373, -1.    ]), fillColorSpace='rgb', fillRGB=array([-1.    ,  0.5373, -1.    ]), interpolate=True, lineColor=array([1., 1., 1.]), lineColorSpace='rgb', lineRGB=array([1, 1, 1]), lineWidth=4.0, name='prog', opacity=1.0, ori=0.0, pos=array([-0.5,  0.5]), size=array([1. , 0.1]), units='norm', vertices=ndarray(...), win=Window(...), windingRule=None)
15.3767 	EXP 	Created progBar = ShapeStim(__class__=<class 'psychopy.visual.shape.ShapeStim'>, anchor=('left', 'top'), autoDraw=False, autoLog=True, closeShape=True, color=method-wrapper(...), colorSpace='rgb', contrast=None, depth=-1, draggable=False, fillColor=array([ 1., -1., -1.]), fillColorSpace='rgb', fillRGB=array([ 1., -1., -1.]), interpolate=True, lineColor=array([0., 0., 0.]), lineColorSpace='rgb', lineRGB=array([0, 0, 0]), lineWidth=1.5, name='progBar', opacity=1.0, ori=0.0, pos=array([-0.5,  0.5]), size=array([1. , 0.1]), units='norm', vertices=ndarray(...), win=Window(...), windingRule=None)
15.3772 	EXP 	Created redbar = Rect(__class__=<class 'psychopy.visual.rect.Rect'>, anchor=('left', 'center'), autoDraw=False, autoLog=True, closeShape=True, color=method-wrapper(...), colorSpace='rgb', contrast=None, depth=-2.0, draggable=False, fillColor=array([ 1., -1., -1.]), fillColorSpace='rgb', fillRGB=array([ 1., -1., -1.]), interpolate=True, lineColor=array([1., 1., 1.]), lineColorSpace='rgb', lineRGB=array([1, 1, 1]), lineWidth=1.0, name='redbar', opacity=1, ori=0.0, pos=array([-1. ,  0.7]), size=array([2. , 0.1]), units='norm', vertices=ndarray(...), win=Window(...))
15.3778 	EXP 	Created yellowbar = Rect(__class__=<class 'psychopy.visual.rect.Rect'>, anchor=('left', 'center'), autoDraw=False, autoLog=True, closeShape=True, color=method-wrapper(...), colorSpace='rgb', contrast=None, depth=-3.0, draggable=False, fillColor=array([ 1.,  1., -1.]), fillColorSpace='rgb', fillRGB=array([ 1.,  1., -1.]), interpolate=True, lineColor=array([1., 1., 1.]), lineColorSpace='rgb', lineRGB=array([1, 1, 1]), lineWidth=1.0, name='yellowbar', opacity=1, ori=0.0, pos=array([0. , 0.7]), size=array([1. , 0.1]), units='norm', vertices=ndarray(...), win=Window(...))
15.3783 	EXP 	Created greenbar = Rect(__class__=<class 'psychopy.visual.rect.Rect'>, anchor=('left', 'center'), autoDraw=False, autoLog=True, closeShape=True, color=method-wrapper(...), colorSpace='rgb', contrast=None, depth=-4.0, draggable=False, fillColor=array([-1.    ,  0.0039, -1.    ]), fillColorSpace='rgb', fillRGB=array([-1.    ,  0.0039, -1.    ]), interpolate=True, lineColor=array([1., 1., 1.]), lineColorSpace='rgb', lineRGB=array([1, 1, 1]), lineWidth=1.0, name='greenbar', opacity=1, ori=0.0, pos=array([0.7, 0.7]), size=array([0.3, 0.1]), units='norm', vertices=ndarray(...), win=Window(...))
15.3791 	EXP 	Created targarrow = ShapeStim(__class__=<class 'psychopy.visual.shape.ShapeStim'>, anchor=('center', 'center'), autoDraw=False, autoLog=True, closeShape=True, color=method-wrapper(...), colorSpace='rgb', contrast=None, depth=-5.0, draggable=False, fillColor=array([1, 1, 1]), fillColorSpace='rgb', fillRGB=array([1, 1, 1]), interpolate=True, lineColor=array([1., 1., 1.]), lineColorSpace='rgb', lineRGB=array([1, 1, 1]), lineWidth=1.0, name='targarrow', opacity=1, ori=0.0, pos=array([0.7, 0.6]), size=array([0.05, 0.05]), units='norm', vertices=ndarray(...), win=Window(...), windingRule=None)
15.3798 	EXP 	Created arrow = ShapeStim(__class__=<class 'psychopy.visual.shape.ShapeStim'>, anchor=('center', 'center'), autoDraw=False, autoLog=True, closeShape=True, color=method-wrapper(...), colorSpace='rgb', contrast=None, depth=-6.0, draggable=False, fillColor=array([1, 1, 1]), fillColorSpace='rgb', fillRGB=array([1, 1, 1]), interpolate=True, lineColor=array([1., 1., 1.]), lineColorSpace='rgb', lineRGB=array([1, 1, 1]), lineWidth=1.0, name='arrow', opacity=1, ori=0.0, pos=array([0., 0.]), size=array([0.05, 0.05]), units='norm', vertices=ndarray(...), win=Window(...), windingRule=None)
15.4619 	EXP 	Created slider = Slider(__class__=<class 'psychopy.visual.slider.Slider'>, autoDraw=False, autoLog=True, borderColor=None, color=None, colorSpace='rgb', depth=-10, fillColor=None, flip=False, font='Noto Sans', granularity=1, labelColor=None, labelHeight=np.float64(0.05), labelWrapWidth=None, labels=(0, 1, 2, 3, 4, 5, 6, 7, 8, 9), lineColor=None, markerColor=None, name='slider', opacity=None, ori=0.0, pos=array([ 0. , -0.4]), readOnly=False, self=UNKNOWN, size=array([1. , 0.1]), startValue=None, style='choice', styleTweaks=[], ticks=array([0, 1, 2, 3, 4, 5, 6, 7, 8, 9]), units='norm', win=Window(...))
15.4627 	EXP 	Created norm_arrow = ShapeStim(__class__=<class 'psychopy.visual.shape.ShapeStim'>, anchor=('center', 'center'), autoDraw=False, autoLog=True, closeShape=True, color=method-wrapper(...), colorSpace='rgb', contrast=None, depth=-12.0, draggable=False, fillColor=array([1, 1, 1]), fillColorSpace='rgb', fillRGB=array([1, 1, 1]), interpolate=True, lineColor=array([1., 1., 1.]), lineColorSpace='rgb', lineRGB=array([1, 1, 1]), lineWidth=1.0, name='norm_arrow', opacity=1, ori=0.0, pos=array([0.7, 0.6]), size=array([0.05, 0.05]), units='height', vertices=ndarray(...), win=Window(...), windingRule=None)
15.4673 	EXP 	Created text_5 = TextStim(__class__=<class 'psychopy.visual.text.TextStim'>, alignHoriz=method-wrapper(...), alignText='center', alignVert=method-wrapper(...), anchorHoriz='center', anchorVert='center', antialias=True, autoDraw=False, autoLog=True, bold=False, color=array([1., 1., 1.]), colorSpace='rgb', contrast=1.0, depth=0.0, draggable=False, flipHoriz=False, flipVert=False, font='Arial', fontFiles=[], height=0.05, italic=False, languageStyle='LTR', name='text_5', opacity=1, ori=0.0, pos=array([0., 0.]), rgb=UNKNOWN, text='', units='height', win=Window(...), wrapWidth=1)
15.4690 	EXP 	Created text_7 = TextStim(__class__=<class 'psychopy.visual.text.TextStim'>, alignHoriz=method-wrapper(...), alignText='center', alignVert=method-wrapper(...), anchorHoriz='center', anchorVert='center', antialias=True, autoDraw=False, autoLog=True, bold=False, color=array([1., 1., 1.]), colorSpace='rgb', contrast=1.0, depth=0.0, draggable=False, flipHoriz=False, flipVert=False, font='Arial', fontFiles=[], height=np.float64(0.05), italic=False, languageStyle='LTR', name='text_7', opacity=1, ori=0.0, pos=array([0., 0.]), rgb=UNKNOWN, text=str(...), units='height', win=Window(...), wrapWidth=1)
0.0036 	EXP 	equation_practice_1: autoLog = True
0.0036 	EXP 	slider_3: autoLog = True
0.0036 	EXP 	slider_3: styleTweaks = []
0.0036 	EXP 	slider_3: styleTweaks = []
0.0036 	EXP 	slider_3: styleTweaks = []
0.0036 	EXP 	slider_3: styleTweaks = []
0.0036 	EXP 	slider_3: contrast = 1.0
0.0036 	EXP 	slider_3: markerPos = None
0.0036 	EXP 	slider_3: autoLog = True
0.0036 	EXP 	feedback_practice_1: autoLog = True
0.0036 	EXP 	prog_3: direction = 'horizontal'
0.0036 	EXP 	prog_3: progress = 0.0
0.0036 	EXP 	targlab: autoLog = True
0.0036 	EXP 	yourperf: autoLog = True
0.0036 	EXP 	slider_4: autoLog = True
0.0036 	EXP 	slider_4: styleTweaks = []
0.0036 	EXP 	slider_4: styleTweaks = []
0.0036 	EXP 	slider_4: styleTweaks = []
0.0036 	EXP 	slider_4: styleTweaks = []
0.0036 	EXP 	slider_4: contrast = 1.0
0.0036 	EXP 	slider_4: markerPos = None
0.0036 	EXP 	slider_4: autoLog = True
0.0036 	EXP 	textbox_5: autoLog = True
0.0036 	EXP 	feedback_practice_1: autoLog = True
0.0036 	EXP 	textbox_3: autoLog = True
0.0036 	EXP 	slider_training: autoLog = True
0.0036 	EXP 	slider_training: styleTweaks = []
0.0036 	EXP 	slider_training: styleTweaks = []
0.0036 	EXP 	slider_training: styleTweaks = []
0.0036 	EXP 	slider_training: styleTweaks = []
0.0036 	EXP 	slider_training: contrast = 1.0
0.0036 	EXP 	slider_training: markerPos = None
0.0036 	EXP 	slider_training: autoLog = True
0.0036 	EXP 	feedback_practice_1: autoLog = True
0.0036 	EXP 	prog: direction = 'horizontal'
0.0036 	EXP 	prog: progress = 0.0
0.0036 	EXP 	yourperfexp: autoLog = True
0.0036 	EXP 	tarlabexp: autoLog = True
0.0036 	EXP 	textbox: autoLog = True
0.0036 	EXP 	slider: autoLog = True
0.0036 	EXP 	slider: styleTweaks = []
0.0036 	EXP 	slider: styleTweaks = []
0.0036 	EXP 	slider: styleTweaks = []
0.0036 	EXP 	slider: styleTweaks = []
0.0036 	EXP 	slider: contrast = 1.0
0.0036 	EXP 	slider: markerPos = None
0.0036 	EXP 	slider: autoLog = True
0.0036 	EXP 	feedback_practice_1: autoLog = True
0.0111 	INFO 	Keyboard events cleared
0.0111 	EXP 	text: autoDraw = True
2.7630 	EXP 	Device response: <KeyPress from None: t=2.6634635829977924, value=m, duration=None>
2.7667 	DATA 	Keypress: m
2.7701 	WARNING 	t of last frame was 105.30ms (=1/9)
2.7986 	EXP 	Device response: <KeyPress from None: t=2.6634635829977924, value=m, duration=0.1284349170018686>
3.2898 	EXP 	Device response: <KeyPress from None: t=3.2884729159995914, value=space, duration=None>
3.3035 	DATA 	Keypress: space
3.4230 	EXP 	Device response: <KeyPress from None: t=3.2884729159995914, value=space, duration=0.128294875001302>
3.7837 	EXP 	Device response: <KeyPress from None: t=3.7734819159959443, value=m, duration=None>
3.7852 	DATA 	Keypress: m
3.9181 	EXP 	Device response: <KeyPress from None: t=3.7734819159959443, value=m, duration=0.13231008399452548>
4.2229 	EXP 	Device response: <KeyPress from None: t=4.220433208000031, value=l, duration=None>
4.2256 	DATA 	Keypress: l
4.2309 	INFO 	Keyboard events cleared
4.2308 	EXP 	text: autoDraw = False
4.2308 	EXP 	intstructs: autoDraw = True
4.3395 	EXP 	Device response: <KeyPress from None: t=4.220433208000031, value=l, duration=0.11627004199544899>
4.7669 	EXP 	Device response: <KeyPress from None: t=4.764438040991081, value=space, duration=None>
4.7737 	DEBUG 	Read excel file with openpyxl: practice_difficulty.xlsx
4.7739 	EXP 	Imported practice_difficulty.xlsx as conditions, 3 conditions, 1 params
4.7746 	EXP 	New trial (rep=0, index=0): <Trial 0 (0 in rep 0) data={'prac_diff': 'easy1', 'thisN': 0, 'thisTrialN': 0, 'thisRepN': 0}>
4.7780 	DATA 	Keypress: space
4.7821 	EXP 	intstructs: autoDraw = False
4.7821 	EXP 	fix: autoDraw = True
4.8665 	EXP 	Device response: <KeyPress from None: t=4.764438040991081, value=space, duration=0.09232512500602752>
5.2689 	DEBUG 	TextBox2 loaded 1 chars with 0 blanks and 1 valid
5.2697 	DEBUG 	TextBox2 loaded 1 chars with 0 blanks and 1 valid
5.2710 	DEBUG 	TextBox2 loaded 1 chars with 0 blanks and 1 valid
5.2718 	DEBUG 	TextBox2 loaded 1 chars with 0 blanks and 1 valid
5.2730 	DEBUG 	TextBox2 loaded 1 chars with 0 blanks and 1 valid
5.2732 	DEBUG 	Uploading Texture Font fontname to graphics card
5.2764 	DEBUG 	Upload of Texture Font fontname complete
5.3002 	INFO 	Keyboard events cleared
5.3002 	WARNING 	t of last frame was 35.61ms (=1/28)
5.3002 	EXP 	fix: autoDraw = False
5.3002 	EXP 	fix: autoDraw = False
5.3002 	EXP 	slider_3: markerPos = None
5.3002 	EXP 	slider_3: markerPos = None
5.3002 	EXP 	equation_practice_1: autoDraw = True
5.3002 	EXP 	slider_3: autoDraw = True
5.4474 	WARNING 	t of last frame was 24.37ms (=1/41)
5.5642 	WARNING 	t of last frame was 24.65ms (=1/40)
5.7308 	WARNING 	Multiple dropped frames have occurred - I'll stop bothering you about them!
6.2583 	EXP 	Device response: <KeyPress from None: t=6.25639929099998, value=s, duration=None>
6.2592 	DEBUG 	TextBox2 loaded 1 chars with 0 blanks and 1 valid
6.2598 	DEBUG 	TextBox2 loaded 1 chars with 0 blanks and 1 valid
6.2603 	DEBUG 	TextBox2 loaded 1 chars with 0 blanks and 1 valid
6.2608 	DEBUG 	TextBox2 loaded 1 chars with 0 blanks and 1 valid
6.2613 	DEBUG 	TextBox2 loaded 1 chars with 0 blanks and 1 valid
6.2617 	DEBUG 	TextBox2 loaded 1 chars with 0 blanks and 1 valid
6.2618 	DEBUG 	Uploading Texture Font fontname to graphics card
6.2635 	DEBUG 	Upload of Texture Font fontname complete
6.2654 	DATA 	Keypress: s
6.2682 	EXP 	equation_practice_1: autoDraw = False
6.2682 	EXP 	slider_3: autoDraw = False
6.2682 	EXP 	feedback_practice_1: autoDraw = True
6.3490 	EXP 	Device response: <KeyPress from None: t=6.25639929099998, value=s, duration=0.08836737499223091>
7.1061 	EXP 	Device response: <KeyPress from None: t=7.105378332998953, value=space, duration=None>
7.1186 	DATA 	Keypress: space
7.2159 	EXP 	Device response: <KeyPress from None: t=7.105378332998953, value=space, duration=0.10031500000332016>
7.2643 	INFO 	Keyboard events cleared
7.2643 	EXP 	feedback_practice_1: autoDraw = False
7.2643 	EXP 	feedback_practice_1: autoDraw = False
7.2643 	EXP 	text_2: autoDraw = True
7.7339 	EXP 	Device response: <KeyPress from None: t=7.73036724999838, value=space, duration=None>
7.7388 	DEBUG 	Read excel file with openpyxl: practice_difficulty.xlsx
7.7389 	EXP 	Imported practice_difficulty.xlsx as conditions, 3 conditions, 1 params
7.7393 	EXP 	New trial (rep=0, index=0): <Trial 0 (0 in rep 0) data={'prac_diff': 'easy1', 'thisN': 0, 'thisTrialN': 0, 'thisRepN': 0}>
7.7460 	DATA 	Keypress: space
7.7500 	EXP 	text_2: autoDraw = False
7.7500 	EXP 	fix: autoDraw = True
7.8558 	EXP 	Device response: <KeyPress from None: t=7.73036724999838, value=space, duration=0.12022920799790882>
8.2424 	DEBUG 	TextBox2 loaded 1 chars with 0 blanks and 1 valid
8.2434 	DEBUG 	TextBox2 loaded 1 chars with 0 blanks and 1 valid
8.2446 	DEBUG 	TextBox2 loaded 1 chars with 0 blanks and 1 valid
8.2448 	DEBUG 	Uploading Texture Font fontname to graphics card
8.2480 	DEBUG 	Upload of Texture Font fontname complete
8.2730 	INFO 	Keyboard events cleared
8.2730 	EXP 	fix: autoDraw = False
8.2730 	EXP 	slider_4: markerPos = None
8.2730 	EXP 	slider_4: markerPos = None
8.2730 	EXP 	prog_3: autoDraw = True
8.2730 	EXP 	redbar_3: autoDraw = True
8.2730 	EXP 	yellowbar_3: autoDraw = True
8.2730 	EXP 	greenbar_3: autoDraw = True
8.2730 	EXP 	arrow_3: autoDraw = True
8.2730 	EXP 	arrow_4: autoDraw = True
8.2730 	EXP 	targlab: autoDraw = True
8.2730 	EXP 	yourperf: autoDraw = True
8.2730 	EXP 	slider_4: autoDraw = True
8.2730 	EXP 	textbox_5: autoDraw = True
8.8174 	EXP 	Device response: <KeyPress from None: t=8.812249707989395, value=s, duration=None>
8.8191 	DATA 	Keypress: s
8.8304 	EXP 	prog_3: autoDraw = False
8.8304 	EXP 	redbar_3: autoDraw = False
8.8304 	EXP 	yellowbar_3: autoDraw = False
8.8304 	EXP 	greenbar_3: autoDraw = False
8.8304 	EXP 	arrow_3: autoDraw = False
8.8304 	EXP 	arrow_4: autoDraw = False
8.8304 	EXP 	targlab: autoDraw = False
8.8304 	EXP 	yourperf: autoDraw = False
8.8304 	EXP 	slider_4: autoDraw = False
8.8304 	EXP 	textbox_5: autoDraw = False
8.8304 	EXP 	feedback_practice_1: autoDraw = True
8.9207 	EXP 	Device response: <KeyPress from None: t=8.812249707989395, value=s, duration=0.10430366700165905>
9.8208 	INFO 	Keyboard events cleared
9.8208 	EXP 	feedback_practice_1: autoDraw = False
9.8208 	EXP 	feedback_practice_1: autoDraw = False
9.8208 	EXP 	text_3: autoDraw = True
10.3029 	EXP 	Device response: <KeyPress from None: t=10.29622033299529, value=space, duration=None>
10.3119 	DEBUG 	Read csv file with pandas: training.csv
10.3140 	DEBUG 	Clearing unnamed columns from training.csv
10.3145 	EXP 	Imported training.csv as conditions, 5 conditions, 2 params
10.3148 	EXP 	New trial (rep=0, index=0): <Trial 0 (0 in rep 0) data={'train_diff': 'easy2', 'train_time': np.int64(60), 'thisN': 0, 'thisTrialN': 0, 'thisRepN': 0}>
10.3190 	EXP 	New trial (rep=0, index=0): <Trial 0 (0 in rep 0) data={'thisN': 0, 'thisTrialN': 0, 'thisRepN': 0}>
10.3208 	DATA 	Keypress: space
10.3248 	EXP 	text_3: autoDraw = False
10.3248 	EXP 	fix: autoDraw = True
10.4056 	EXP 	Device response: <KeyPress from None: t=10.29622033299529, value=space, duration=0.10837291700590868>
10.8094 	DEBUG 	TextBox2 loaded 1 chars with 0 blanks and 1 valid
10.8109 	DEBUG 	TextBox2 loaded 1 chars with 0 blanks and 1 valid
10.8112 	DEBUG 	Uploading Texture Font fontname to graphics card
10.8150 	DEBUG 	Upload of Texture Font fontname complete
10.8385 	INFO 	Keyboard events cleared
10.8384 	EXP 	fix: autoDraw = False
10.8384 	EXP 	slider_training: markerPos = None
10.8384 	EXP 	slider_training: markerPos = None
10.8384 	EXP 	textbox_3: autoDraw = True
10.8384 	EXP 	slider_training: autoDraw = True
11.1380 	DATA 	Keypress: s
11.1423 	EXP 	Device response: <KeyPress from None: t=11.134189040996716, value=s, duration=None>
11.1468 	EXP 	textbox_3: autoDraw = False
11.1468 	EXP 	slider_training: autoDraw = False
11.1468 	EXP 	feedback_practice_1: autoDraw = True
11.2994 	EXP 	Device response: <KeyPress from None: t=11.134189040996716, value=s, duration=0.16435470899159554>
12.1383 	INFO 	Keyboard events cleared
12.1382 	EXP 	feedback_practice_1: autoDraw = False
12.1382 	EXP 	feedback_practice_1: autoDraw = False
12.1382 	EXP 	text_4: autoDraw = True
12.7338 	EXP 	Device response: <KeyPress from None: t=12.726227749997634, value=space, duration=None>
12.7340 	EXP 	New trial (rep=0, index=1): <Trial 1 (1 in rep 0) data={'train_diff': 'med1', 'train_time': np.int64(60), 'thisN': 1, 'thisTrialN': 1, 'thisRepN': 0}>
12.7391 	EXP 	New trial (rep=0, index=0): <Trial 0 (0 in rep 0) data={'thisN': 0, 'thisTrialN': 0, 'thisRepN': 0}>
12.7408 	DATA 	Keypress: space
12.7447 	EXP 	text_4: autoDraw = False
12.7447 	EXP 	fix: autoDraw = True
12.8561 	EXP 	Device response: <KeyPress from None: t=12.726227749997634, value=space, duration=0.12425479099329095>
13.2347 	DEBUG 	TextBox2 loaded 1 chars with 0 blanks and 1 valid
13.2351 	DEBUG 	Uploading Texture Font fontname to graphics card
13.2388 	DEBUG 	Upload of Texture Font fontname complete
13.2557 	INFO 	Keyboard events cleared
13.2557 	EXP 	fix: autoDraw = False
13.2557 	EXP 	fix: autoDraw = False
13.2557 	EXP 	slider_training: markerPos = None
13.2557 	EXP 	slider_training: markerPos = None
13.2557 	EXP 	textbox_3: autoDraw = True
13.2557 	EXP 	slider_training: autoDraw = True
15.4726 	DATA 	Keypress: s
15.4817 	EXP 	Device response: <KeyPress from None: t=15.468060957995476, value=s, duration=None>
15.4857 	EXP 	textbox_3: autoDraw = False
15.4857 	EXP 	slider_training: autoDraw = False
15.4857 	EXP 	feedback_practice_1: autoDraw = True
15.6158 	EXP 	Device response: <KeyPress from None: t=15.468060957995476, value=s, duration=0.13630970800295472>
15.9564 	EXP 	Device response: <KeyPress from None: t=15.950135291001061, value=space, duration=None>
15.9585 	DATA 	Keypress: space
16.0828 	EXP 	Device response: <KeyPress from None: t=15.950135291001061, value=space, duration=0.12429737499041948>
16.4811 	INFO 	Keyboard events cleared
16.4810 	EXP 	feedback_practice_1: autoDraw = False
16.4810 	EXP 	feedback_practice_1: autoDraw = False
16.4810 	EXP 	text_4: autoDraw = True
16.8333 	EXP 	Device response: <KeyPress from None: t=16.828118249992258, value=space, duration=None>
16.8335 	EXP 	New trial (rep=0, index=2): <Trial 2 (2 in rep 0) data={'train_diff': 'med2', 'train_time': np.int64(60), 'thisN': 2, 'thisTrialN': 2, 'thisRepN': 0}>
16.8384 	EXP 	New trial (rep=0, index=0): <Trial 0 (0 in rep 0) data={'thisN': 0, 'thisTrialN': 0, 'thisRepN': 0}>
16.8401 	DATA 	Keypress: space
16.8438 	EXP 	text_4: autoDraw = False
16.8438 	EXP 	fix: autoDraw = True
16.9335 	EXP 	Device response: <KeyPress from None: t=16.828118249992258, value=space, duration=0.10429408300842624>
17.3360 	DEBUG 	TextBox2 loaded 1 chars with 0 blanks and 1 valid
17.3375 	DEBUG 	TextBox2 loaded 1 chars with 0 blanks and 1 valid
17.3379 	DEBUG 	Uploading Texture Font fontname to graphics card
17.3415 	DEBUG 	Upload of Texture Font fontname complete
17.3569 	INFO 	Keyboard events cleared
17.3568 	EXP 	fix: autoDraw = False
17.3568 	EXP 	fix: autoDraw = False
17.3568 	EXP 	slider_training: markerPos = None
17.3568 	EXP 	slider_training: markerPos = None
17.3568 	EXP 	textbox_3: autoDraw = True
17.3568 	EXP 	slider_training: autoDraw = True
17.7149 	EXP 	Device response: <KeyPress from None: t=17.71017020799627, value=s, duration=None>
17.7170 	DATA 	Keypress: s
17.7199 	EXP 	textbox_3: autoDraw = False
17.7199 	EXP 	slider_training: autoDraw = False
17.7199 	EXP 	feedback_practice_1: autoDraw = True
17.8717 	EXP 	Device response: <KeyPress from None: t=17.71017020799627, value=s, duration=0.15613204200053588>
18.1664 	EXP 	Device response: <KeyPress from None: t=18.15701258298941, value=space, duration=None>
18.1687 	DATA 	Keypress: space
18.2831 	EXP 	Device response: <KeyPress from None: t=18.15701258298941, value=space, duration=0.12429741700179875>
18.7143 	INFO 	Keyboard events cleared
18.7143 	EXP 	feedback_practice_1: autoDraw = False
18.7143 	EXP 	feedback_practice_1: autoDraw = False
18.7143 	EXP 	text_4: autoDraw = True
21.0924 	EXP 	Device response: <KeyPress from None: t=21.086946915995213, value=space, duration=None>
21.0927 	EXP 	New trial (rep=0, index=3): <Trial 3 (3 in rep 0) data={'train_diff': 'hard', 'train_time': np.int64(60), 'thisN': 3, 'thisTrialN': 3, 'thisRepN': 0}>
21.0978 	EXP 	New trial (rep=0, index=0): <Trial 0 (0 in rep 0) data={'thisN': 0, 'thisTrialN': 0, 'thisRepN': 0}>
21.1000 	DATA 	Keypress: space
21.1039 	EXP 	text_4: autoDraw = False
21.1039 	EXP 	fix: autoDraw = True
21.2364 	EXP 	Device response: <KeyPress from None: t=21.086946915995213, value=space, duration=0.14040558399574365>
21.5945 	DEBUG 	TextBox2 loaded 1 chars with 0 blanks and 1 valid
21.5949 	DEBUG 	Uploading Texture Font fontname to graphics card
21.5982 	DEBUG 	Upload of Texture Font fontname complete
21.6124 	INFO 	Keyboard events cleared
21.6124 	EXP 	fix: autoDraw = False
21.6124 	EXP 	fix: autoDraw = False
21.6124 	EXP 	slider_training: markerPos = None
21.6124 	EXP 	slider_training: markerPos = None
21.6124 	EXP 	textbox_3: autoDraw = True
21.6124 	EXP 	slider_training: autoDraw = True
21.8647 	EXP 	Device response: <KeyPress from None: t=21.861950874998, value=s, duration=None>
21.8666 	DATA 	Keypress: s
21.8698 	EXP 	textbox_3: autoDraw = False
21.8698 	EXP 	slider_training: autoDraw = False
21.8698 	EXP 	feedback_practice_1: autoDraw = True
22.0327 	EXP 	Device response: <KeyPress from None: t=21.861950874998, value=s, duration=0.16832358299870975>
22.2894 	EXP 	Device response: <KeyPress from None: t=22.28690079099033, value=space, duration=None>
22.2918 	DATA 	Keypress: space
22.4497 	EXP 	Device response: <KeyPress from None: t=22.28690079099033, value=space, duration=0.1603604170086328>
22.8643 	INFO 	Keyboard events cleared
22.8642 	EXP 	feedback_practice_1: autoDraw = False
22.8642 	EXP 	feedback_practice_1: autoDraw = False
22.8642 	EXP 	text_4: autoDraw = True
23.1667 	EXP 	Device response: <KeyPress from None: t=23.15590225000051, value=space, duration=None>
23.1669 	EXP 	New trial (rep=0, index=4): <Trial 4 (4 in rep 0) data={'train_diff': 'easy1', 'train_time': np.int64(60), 'thisN': 4, 'thisTrialN': 4, 'thisRepN': 0}>
23.1716 	EXP 	New trial (rep=0, index=0): <Trial 0 (0 in rep 0) data={'thisN': 0, 'thisTrialN': 0, 'thisRepN': 0}>
23.1733 	DATA 	Keypress: space
23.1772 	EXP 	text_4: autoDraw = False
23.1772 	EXP 	fix: autoDraw = True
23.2892 	EXP 	Device response: <KeyPress from None: t=23.15590225000051, value=space, duration=0.13231166599143762>
23.6845 	INFO 	Keyboard events cleared
23.6845 	EXP 	fix: autoDraw = False
23.6845 	EXP 	fix: autoDraw = False
23.6845 	EXP 	slider_training: markerPos = None
23.6845 	EXP 	slider_training: markerPos = None
23.6845 	EXP 	textbox_3: autoDraw = True
23.6845 	EXP 	slider_training: autoDraw = True
24.0668 	EXP 	Device response: <KeyPress from None: t=24.062795999998343, value=s, duration=None>
24.0684 	DATA 	Keypress: s
24.0804 	EXP 	textbox_3: autoDraw = False
24.0804 	EXP 	slider_training: autoDraw = False
24.0804 	EXP 	feedback_practice_1: autoDraw = True
24.2041 	EXP 	Device response: <KeyPress from None: t=24.062795999998343, value=s, duration=0.13632029099971987>
25.0709 	INFO 	Keyboard events cleared
25.0708 	EXP 	feedback_practice_1: autoDraw = False
25.0708 	EXP 	feedback_practice_1: autoDraw = False
25.0708 	EXP 	text_4: autoDraw = True
25.4667 	EXP 	Device response: <KeyPress from None: t=25.458852874988224, value=space, duration=None>
25.4690 	DATA 	Keypress: space
25.4730 	INFO 	Keyboard events cleared
25.4730 	EXP 	text_4: autoDraw = False
25.4730 	EXP 	text_6: autoDraw = True
25.6162 	EXP 	Device response: <KeyPress from None: t=25.458852874988224, value=space, duration=0.15229300000646617>
26.0001 	EXP 	Device response: <KeyPress from None: t=25.99779624999792, value=s, duration=None>
26.0074 	DATA 	Keypress: s
26.1393 	EXP 	Device response: <KeyPress from None: t=25.99779624999792, value=s, duration=0.14031449999311008>
26.9715 	EXP 	Device response: <KeyPress from None: t=26.970758208000916, value=space, duration=None>
26.9792 	DEBUG 	Read excel file with openpyxl: experiment_difficulty.xlsx
26.9795 	EXP 	Imported experiment_difficulty.xlsx as conditions, 5 conditions, 3 params
26.9798 	EXP 	New trial (rep=0, index=0): <Trial 0 (0 in rep 0) data={'exp_diff': 'easy2', 'exp_time': 120, 'diffbyt': 4.0, 'thisN': 0, 'thisTrialN': 0, 'thisRepN': 0}>
26.9799 	EXP 	New trial (rep=0, index=0): <Trial 0 (0 in rep 0) data={'thisN': 0, 'thisTrialN': 0, 'thisRepN': 0}>
26.9817 	DATA 	Keypress: space
26.9854 	EXP 	text_6: autoDraw = False
26.9854 	EXP 	fix: autoDraw = True
27.1171 	EXP 	Device response: <KeyPress from None: t=26.970758208000916, value=space, duration=0.14434437498857733>
27.5086 	INFO 	Keyboard events cleared
27.5085 	EXP 	fix: autoDraw = False
27.5085 	EXP 	slider: markerPos = None
27.5085 	EXP 	slider: markerPos = None
27.5085 	EXP 	prog: autoDraw = True
27.5085 	EXP 	redbar: autoDraw = True
27.5085 	EXP 	yellowbar: autoDraw = True
27.5085 	EXP 	greenbar: autoDraw = True
27.5085 	EXP 	targarrow: autoDraw = True
27.5085 	EXP 	arrow: autoDraw = True
27.5085 	EXP 	yourperfexp: autoDraw = True
27.5085 	EXP 	tarlabexp: autoDraw = True
27.5085 	EXP 	textbox: autoDraw = True
27.5085 	EXP 	slider: autoDraw = True
27.5085 	EXP 	norm_arrow: autoDraw = True
32.6299 	EXP 	prog: autoDraw = False
32.6299 	EXP 	redbar: autoDraw = False
32.6299 	EXP 	yellowbar: autoDraw = False
32.6299 	EXP 	greenbar: autoDraw = False
32.6299 	EXP 	targarrow: autoDraw = False
32.6299 	EXP 	arrow: autoDraw = False
32.6299 	EXP 	yourperfexp: autoDraw = False
32.6299 	EXP 	tarlabexp: autoDraw = False
32.6299 	EXP 	textbox: autoDraw = False
32.6299 	EXP 	slider: autoDraw = False
32.6299 	EXP 	norm_arrow: autoDraw = False
32.6299 	EXP 	feedback_practice_1: autoDraw = True
33.6158 	EXP 	New trial (rep=1, index=0): <Trial 1 (0 in rep 1) data={'thisN': 1, 'thisTrialN': 0, 'thisRepN': 1}>
33.6197 	EXP 	feedback_practice_1: autoDraw = False
33.6197 	EXP 	feedback_practice_1: autoDraw = False
33.6197 	EXP 	fix: autoDraw = True
34.1137 	EXP 	fix: autoDraw = False
34.1137 	EXP 	fix: autoDraw = False
34.1137 	EXP 	slider: markerPos = None
34.1137 	EXP 	slider: markerPos = None
34.1345 	INFO 	Keyboard events cleared
34.1345 	EXP 	prog: autoDraw = True
34.1345 	EXP 	redbar: autoDraw = True
34.1345 	EXP 	yellowbar: autoDraw = True
34.1345 	EXP 	greenbar: autoDraw = True
34.1345 	EXP 	targarrow: autoDraw = True
34.1345 	EXP 	arrow: autoDraw = True
34.1345 	EXP 	yourperfexp: autoDraw = True
34.1345 	EXP 	tarlabexp: autoDraw = True
34.1345 	EXP 	textbox: autoDraw = True
34.1345 	EXP 	slider: autoDraw = True
34.1345 	EXP 	norm_arrow: autoDraw = True
39.2670 	EXP 	prog: autoDraw = False
39.2670 	EXP 	redbar: autoDraw = False
39.2670 	EXP 	yellowbar: autoDraw = False
39.2670 	EXP 	greenbar: autoDraw = False
39.2670 	EXP 	targarrow: autoDraw = False
39.2670 	EXP 	arrow: autoDraw = False
39.2670 	EXP 	yourperfexp: autoDraw = False
39.2670 	EXP 	tarlabexp: autoDraw = False
39.2670 	EXP 	textbox: autoDraw = False
39.2670 	EXP 	slider: autoDraw = False
39.2670 	EXP 	norm_arrow: autoDraw = False
39.2670 	EXP 	feedback_practice_1: autoDraw = True
40.2551 	EXP 	New trial (rep=2, index=0): <Trial 2 (0 in rep 2) data={'thisN': 2, 'thisTrialN': 0, 'thisRepN': 2}>
40.2641 	EXP 	feedback_practice_1: autoDraw = False
40.2641 	EXP 	feedback_practice_1: autoDraw = False
40.2641 	EXP 	fix: autoDraw = True
40.7751 	INFO 	Keyboard events cleared
40.7750 	EXP 	fix: autoDraw = False
40.7750 	EXP 	fix: autoDraw = False
40.7750 	EXP 	slider: markerPos = None
40.7750 	EXP 	slider: markerPos = None
40.7750 	EXP 	prog: autoDraw = True
40.7750 	EXP 	redbar: autoDraw = True
40.7750 	EXP 	yellowbar: autoDraw = True
40.7750 	EXP 	greenbar: autoDraw = True
40.7750 	EXP 	targarrow: autoDraw = True
40.7750 	EXP 	arrow: autoDraw = True
40.7750 	EXP 	yourperfexp: autoDraw = True
40.7750 	EXP 	tarlabexp: autoDraw = True
40.7750 	EXP 	textbox: autoDraw = True
40.7750 	EXP 	slider: autoDraw = True
40.7750 	EXP 	norm_arrow: autoDraw = True
45.9130 	EXP 	prog: autoDraw = False
45.9130 	EXP 	redbar: autoDraw = False
45.9130 	EXP 	yellowbar: autoDraw = False
45.9130 	EXP 	greenbar: autoDraw = False
45.9130 	EXP 	targarrow: autoDraw = False
45.9130 	EXP 	arrow: autoDraw = False
45.9130 	EXP 	yourperfexp: autoDraw = False
45.9130 	EXP 	tarlabexp: autoDraw = False
45.9130 	EXP 	textbox: autoDraw = False
45.9130 	EXP 	slider: autoDraw = False
45.9130 	EXP 	norm_arrow: autoDraw = False
45.9130 	EXP 	prog: autoDraw = False
45.9130 	EXP 	redbar: autoDraw = False
45.9130 	EXP 	yellowbar: autoDraw = False
45.9130 	EXP 	greenbar: autoDraw = False
45.9130 	EXP 	targarrow: autoDraw = False
45.9130 	EXP 	arrow: autoDraw = False
45.9130 	EXP 	yourperfexp: autoDraw = False
45.9130 	EXP 	tarlabexp: autoDraw = False
45.9130 	EXP 	textbox: autoDraw = False
45.9130 	EXP 	slider: autoDraw = False
45.9130 	EXP 	norm_arrow: autoDraw = False
45.9130 	EXP 	feedback_practice_1: autoDraw = True
46.8989 	EXP 	New trial (rep=3, index=0): <Trial 3 (0 in rep 3) data={'thisN': 3, 'thisTrialN': 0, 'thisRepN': 3}>
46.9029 	EXP 	feedback_practice_1: autoDraw = False
46.9029 	EXP 	feedback_practice_1: autoDraw = False
46.9029 	EXP 	fix: autoDraw = True
47.3972 	EXP 	fix: autoDraw = False
47.3972 	EXP 	fix: autoDraw = False
47.3972 	EXP 	slider: markerPos = None
47.3972 	EXP 	slider: markerPos = None
47.4184 	INFO 	Keyboard events cleared
47.4183 	EXP 	prog: autoDraw = True
47.4183 	EXP 	redbar: autoDraw = True
47.4183 	EXP 	yellowbar: autoDraw = True
47.4183 	EXP 	greenbar: autoDraw = True
47.4183 	EXP 	targarrow: autoDraw = True
47.4183 	EXP 	arrow: autoDraw = True
47.4183 	EXP 	yourperfexp: autoDraw = True
47.4183 	EXP 	tarlabexp: autoDraw = True
47.4183 	EXP 	textbox: autoDraw = True
47.4183 	EXP 	slider: autoDraw = True
47.4183 	EXP 	norm_arrow: autoDraw = True
52.5463 	EXP 	prog: autoDraw = False
52.5463 	EXP 	redbar: autoDraw = False
52.5463 	EXP 	yellowbar: autoDraw = False
52.5463 	EXP 	greenbar: autoDraw = False
52.5463 	EXP 	targarrow: autoDraw = False
52.5463 	EXP 	arrow: autoDraw = False
52.5463 	EXP 	yourperfexp: autoDraw = False
52.5463 	EXP 	tarlabexp: autoDraw = False
52.5463 	EXP 	textbox: autoDraw = False
52.5463 	EXP 	slider: autoDraw = False
52.5463 	EXP 	norm_arrow: autoDraw = False
52.5463 	EXP 	feedback_practice_1: autoDraw = True
53.5321 	EXP 	New trial (rep=4, index=0): <Trial 4 (0 in rep 4) data={'thisN': 4, 'thisTrialN': 0, 'thisRepN': 4}>
53.5361 	EXP 	feedback_practice_1: autoDraw = False
53.5361 	EXP 	feedback_practice_1: autoDraw = False
53.5361 	EXP 	fix: autoDraw = True
54.0307 	EXP 	fix: autoDraw = False
54.0307 	EXP 	fix: autoDraw = False
54.0307 	EXP 	slider: markerPos = None
54.0307 	EXP 	slider: markerPos = None
54.0515 	INFO 	Keyboard events cleared
54.0514 	EXP 	prog: autoDraw = True
54.0514 	EXP 	redbar: autoDraw = True
54.0514 	EXP 	yellowbar: autoDraw = True
54.0514 	EXP 	greenbar: autoDraw = True
54.0514 	EXP 	targarrow: autoDraw = True
54.0514 	EXP 	arrow: autoDraw = True
54.0514 	EXP 	yourperfexp: autoDraw = True
54.0514 	EXP 	tarlabexp: autoDraw = True
54.0514 	EXP 	textbox: autoDraw = True
54.0514 	EXP 	slider: autoDraw = True
54.0514 	EXP 	norm_arrow: autoDraw = True
59.1790 	EXP 	prog: autoDraw = False
59.1790 	EXP 	redbar: autoDraw = False
59.1790 	EXP 	yellowbar: autoDraw = False
59.1790 	EXP 	greenbar: autoDraw = False
59.1790 	EXP 	targarrow: autoDraw = False
59.1790 	EXP 	arrow: autoDraw = False
59.1790 	EXP 	yourperfexp: autoDraw = False
59.1790 	EXP 	tarlabexp: autoDraw = False
59.1790 	EXP 	textbox: autoDraw = False
59.1790 	EXP 	slider: autoDraw = False
59.1790 	EXP 	norm_arrow: autoDraw = False
59.1790 	EXP 	feedback_practice_1: autoDraw = True
60.1714 	INFO 	Keyboard events cleared
60.1714 	EXP 	feedback_practice_1: autoDraw = False
60.1714 	EXP 	feedback_practice_1: autoDraw = False
60.1714 	EXP 	text_5: text = ''
60.1714 	EXP 	text_5: autoDraw = True
60.1714 	EXP 	text_5: height = np.float64(0.05)
60.1714 	EXP 	text_5: height = np.float64(0.05)
60.1714 	EXP 	text_5: height = np.float64(0.05)
60.1714 	EXP 	text_5: text = ''
64.1098 	EXP 	Device response: <KeyPress from None: t=64.10750258299231, value=space, duration=None>
64.1101 	EXP 	New trial (rep=0, index=1): <Trial 1 (1 in rep 0) data={'exp_diff': 'med1', 'exp_time': 120, 'diffbyt': 5.0, 'thisN': 1, 'thisTrialN': 1, 'thisRepN': 0}>
64.1104 	EXP 	New trial (rep=0, index=0): <Trial 0 (0 in rep 0) data={'thisN': 0, 'thisTrialN': 0, 'thisRepN': 0}>
64.1127 	DATA 	Keypress: space
64.1174 	EXP 	text_5: autoDraw = False
64.1174 	EXP 	fix: autoDraw = True
64.2824 	EXP 	Device response: <KeyPress from None: t=64.10750258299231, value=space, duration=0.17022195800382178>
64.6267 	INFO 	Keyboard events cleared
64.6267 	EXP 	fix: autoDraw = False
64.6267 	EXP 	fix: autoDraw = False
64.6267 	EXP 	slider: markerPos = None
64.6267 	EXP 	slider: markerPos = None
64.6267 	EXP 	prog: autoDraw = True
64.6267 	EXP 	redbar: autoDraw = True
64.6267 	EXP 	yellowbar: autoDraw = True
64.6267 	EXP 	greenbar: autoDraw = True
64.6267 	EXP 	targarrow: autoDraw = True
64.6267 	EXP 	arrow: autoDraw = True
64.6267 	EXP 	yourperfexp: autoDraw = True
64.6267 	EXP 	tarlabexp: autoDraw = True
64.6267 	EXP 	textbox: autoDraw = True
64.6267 	EXP 	slider: autoDraw = True
64.6267 	EXP 	norm_arrow: autoDraw = True
68.2474 	EXP 	Device response: <KeyPress from None: t=68.24039841599006, value=escape, duration=None>
68.2562 	DATA 	Keypress: escape
68.3663 	EXP 	Device response: <KeyPress from None: t=68.24039841599006, value=escape, duration=0.11620212500565685>
68.3663 	EXP 	misty_module: status = STOPPED
68.3798 	EXP 	prog: autoDraw = False
68.3798 	EXP 	redbar: autoDraw = False
68.3798 	EXP 	yellowbar: autoDraw = False
68.3798 	EXP 	greenbar: autoDraw = False
68.3798 	EXP 	targarrow: autoDraw = False
68.3798 	EXP 	arrow: autoDraw = False
68.3798 	EXP 	yourperfexp: autoDraw = False
68.3798 	EXP 	tarlabexp: autoDraw = False
68.3798 	EXP 	textbox: autoDraw = False
68.3798 	EXP 	slider: autoDraw = False
68.3798 	EXP 	norm_arrow: autoDraw = False
68.3805 	EXP 	misty_module: status = STOPPED
68.3858 	INFO 	saved data to '/Users/oliverclark/misty_py/data/pilot_misty_module_2026-02-03_17h58.40.945.csv'
68.3863 	INFO 	saved data to /Users/oliverclark/misty_py/data/pilot_misty_module_2026-02-03_17h58.40.945.psydat
68.4626 	DEBUG 	Saving data for misty_module ExperimentHandler
68.4632 	WARNING 	Stopping key buffers but this could be dangerous ifother keyboards rely on the same.
