4.3406 	DEBUG 	Fullscreen settings ignored as running in pilot mode.
4.3418 	INFO 	Loaded monitor calibration from ['2025_12_08 16:52']
4.7114 	INFO 	Using renderer 'NVIDIA GeForce GTX 1660/PCIe/SSE2' for graphics
4.7114 	INFO 	OpenGL version supported by driver is 4..
4.7180 	EXP 	Created window1 = Window(allowGUI=False, allowStencil=True, autoLog=True, backendConf=UNKNOWN, backgroundFit=<method-wrapper '__getattribute__' of attributeSetter object at 0x7cc9fbd821a0>, backgroundImage=<method-wrapper '__getattribute__' of attributeSetter object at 0x7cc9fbd82140>, bitsMode=UNKNOWN, blendMode='avg', bpc=(8, 8, 8), color=array([0, 0, 0]), colorSpace='rgb', depthBits=8, fullscr=False, gamma=None, gammaErrorPolicy='raise', infoMsg=UNKNOWN, lms=UNKNOWN, monitor=<psychopy.monitors.calibTools.Monitor object at 0x7cc9ead34370>, multiSample=False, name='window1', numSamples=2, pos=[np.float64(560.0), np.float64(240.0)], screen=0, size=array([800, 600]), stencilBits=8, stereo=False, title='PsychoPy', units='height', useFBO=True, useRetina=False, viewOri=0.0, viewPos=None, viewScale=None, waitBlanking=True, winType='pyglet')
4.7181 	EXP 	window1: backgroundImage = ''
4.7182 	EXP 	window1: backgroundFit = 'none'
4.7292 	DEBUG 	TextBox2 loaded 1 chars with 0 blanks and 1 valid
4.7306 	DEBUG 	TextBox2 loaded 1 chars with 0 blanks and 1 valid
4.7321 	DEBUG 	TextBox2 loaded 1 chars with 0 blanks and 1 valid
4.7338 	DEBUG 	TextBox2 loaded 1 chars with 0 blanks and 1 valid
4.7356 	DEBUG 	TextBox2 loaded 1 chars with 0 blanks and 1 valid
4.7367 	DEBUG 	TextBox2 loaded 1 chars with 0 blanks and 1 valid
4.7381 	DEBUG 	TextBox2 loaded 1 chars with 0 blanks and 1 valid
4.7398 	DEBUG 	TextBox2 loaded 1 chars with 0 blanks and 1 valid
4.7407 	DEBUG 	TextBox2 loaded 1 chars with 0 blanks and 1 valid
4.7417 	DEBUG 	TextBox2 loaded 1 chars with 0 blanks and 1 valid
4.7431 	DEBUG 	TextBox2 loaded 1 chars with 0 blanks and 1 valid
4.7446 	DEBUG 	TextBox2 loaded 1 chars with 0 blanks and 1 valid
4.7459 	DEBUG 	TextBox2 loaded 1 chars with 0 blanks and 1 valid
4.7474 	DEBUG 	TextBox2 loaded 1 chars with 0 blanks and 1 valid
4.7487 	DEBUG 	TextBox2 loaded 1 chars with 0 blanks and 1 valid
4.7502 	DEBUG 	TextBox2 loaded 1 chars with 0 blanks and 1 valid
4.7517 	DEBUG 	TextBox2 loaded 1 chars with 0 blanks and 1 valid
4.7527 	DEBUG 	TextBox2 loaded 1 chars with 0 blanks and 1 valid
4.7538 	DEBUG 	TextBox2 loaded 1 chars with 0 blanks and 1 valid
4.7556 	DEBUG 	TextBox2 loaded 1 chars with 0 blanks and 1 valid
4.7566 	DEBUG 	TextBox2 loaded 1 chars with 0 blanks and 1 valid
4.7570 	DEBUG 	Uploading Texture Font fontname to graphics card
4.7640 	DEBUG 	Upload of Texture Font fontname complete
4.7749 	DEBUG 	TextBox2 loaded 1 chars with 0 blanks and 1 valid
4.7767 	DEBUG 	TextBox2 loaded 1 chars with 0 blanks and 1 valid
4.7784 	DEBUG 	TextBox2 loaded 1 chars with 0 blanks and 1 valid
4.7787 	DEBUG 	Uploading Texture Font fontname to graphics card
4.7831 	DEBUG 	Upload of Texture Font fontname complete
4.7857 	EXP 	window1: Attempting to measure frame rate of screen (0) ...
4.7857 	EXP 	window1: recordFrameIntervals = False
4.9544 	EXP 	window1: recordFrameIntervals = True
5.1377 	EXP 	Screen (0) actual frame rate measured at 59.98Hz
5.1377 	EXP 	window1: recordFrameIntervals = False
5.1466 	DEBUG 	TextBox2 loaded 1 chars with 0 blanks and 1 valid
5.1481 	DEBUG 	TextBox2 loaded 1 chars with 0 blanks and 1 valid
5.1497 	DEBUG 	TextBox2 loaded 1 chars with 0 blanks and 1 valid
5.1516 	DEBUG 	TextBox2 loaded 1 chars with 0 blanks and 1 valid
5.1534 	DEBUG 	TextBox2 loaded 1 chars with 0 blanks and 1 valid
5.1553 	DEBUG 	TextBox2 loaded 1 chars with 0 blanks and 1 valid
5.1564 	DEBUG 	TextBox2 loaded 1 chars with 0 blanks and 1 valid
5.1581 	DEBUG 	TextBox2 loaded 1 chars with 0 blanks and 1 valid
5.1599 	DEBUG 	TextBox2 loaded 1 chars with 0 blanks and 1 valid
5.1616 	DEBUG 	TextBox2 loaded 1 chars with 0 blanks and 1 valid
5.1621 	DEBUG 	Uploading Texture Font fontname to graphics card
5.1635 	DEBUG 	Upload of Texture Font fontname complete
5.1896 	INFO 	keyboard.Keyboard is using ptb backend.
5.1897 	EXP 	misty_module: status = STARTED
5.2354 	EXP 	Created text = TextStim(__class__=<class 'psychopy.visual.text.TextStim'>, alignHoriz=method-wrapper(...), alignText='center', alignVert=method-wrapper(...), anchorHoriz='center', anchorVert='center', antialias=True, autoDraw=False, autoLog=True, bold=False, color=array([1., 1., 1.]), colorSpace='rgb', contrast=1.0, depth=0.0, draggable=False, flipHoriz=False, flipVert=False, font='Arial', fontFiles=[], height=np.float64(0.05), italic=False, languageStyle='LTR', name='text', opacity=1, ori=0.0, pos=array([0., 0.]), rgb=UNKNOWN, text=str(...), units='height', win=Window(...), wrapWidth=1)
5.3781 	EXP 	Created intstructs = TextStim(__class__=<class 'psychopy.visual.text.TextStim'>, alignHoriz=method-wrapper(...), alignText='center', alignVert=method-wrapper(...), anchorHoriz='center', anchorVert='center', antialias=True, autoDraw=False, autoLog=True, bold=False, color=array([1., 1., 1.]), colorSpace='rgb', contrast=1.0, depth=0.0, draggable=False, flipHoriz=False, flipVert=False, font='Arial', fontFiles=[], height=np.float64(0.05), italic=False, languageStyle='LTR', name='intstructs', opacity=1, ori=0.0, pos=array([0., 0.]), rgb=UNKNOWN, text=str(...), units='height', win=Window(...), wrapWidth=1)
5.3894 	EXP 	Created fix = TextStim(__class__=<class 'psychopy.visual.text.TextStim'>, alignHoriz=method-wrapper(...), alignText='center', alignVert=method-wrapper(...), anchorHoriz='center', anchorVert='center', antialias=True, autoDraw=False, autoLog=True, bold=False, color=array([1., 1., 1.]), colorSpace='rgb', contrast=1.0, depth=-1.0, draggable=False, flipHoriz=False, flipVert=False, font='Open Sans', fontFiles=[], height=np.float64(0.1), italic=False, languageStyle='LTR', name='fix', opacity=1, ori=0.0, pos=array([0., 0.]), rgb=UNKNOWN, text='+', units='height', win=Window(...), wrapWidth=1)
5.3949 	EXP 	Created prog_3 = Progress(__class__=<class 'psychopy.visual.progress.Progress'>, anchor=('left', 'top'), autoDraw=False, autoLog=True, closeShape=True, color=method-wrapper(...), colorSpace='rgb', contrast=None, depth=-1, draggable=False, fillColor=array([-1.    ,  0.5373, -1.    ]), fillColorSpace='rgb', fillRGB=array([-1.    ,  0.5373, -1.    ]), interpolate=True, lineColor=array([1., 1., 1.]), lineColorSpace='rgb', lineRGB=array([1, 1, 1]), lineWidth=4.0, name='prog_3', opacity=1.0, ori=0.0, pos=array([-0.5,  0.5]), size=array([1. , 0.1]), units='norm', vertices=ndarray(...), win=Window(...), windingRule=None)
5.3973 	EXP 	Created prog_3Bar = ShapeStim(__class__=<class 'psychopy.visual.shape.ShapeStim'>, anchor=('left', 'top'), autoDraw=False, autoLog=True, closeShape=True, color=method-wrapper(...), colorSpace='rgb', contrast=None, depth=-1, draggable=False, fillColor=array([ 1., -1., -1.]), fillColorSpace='rgb', fillRGB=array([ 1., -1., -1.]), interpolate=True, lineColor=array([0., 0., 0.]), lineColorSpace='rgb', lineRGB=array([0, 0, 0]), lineWidth=1.5, name='prog_3Bar', opacity=1.0, ori=0.0, pos=array([-0.5,  0.5]), size=array([1. , 0.1]), units='norm', vertices=ndarray(...), win=Window(...), windingRule=None)
5.3994 	EXP 	Created greenbar_3 = Rect(__class__=<class 'psychopy.visual.rect.Rect'>, anchor=('left', 'center'), autoDraw=False, autoLog=True, closeShape=True, color=method-wrapper(...), colorSpace='rgb', contrast=None, depth=-2.0, draggable=False, fillColor=array([-1.    ,  0.0039, -1.    ]), fillColorSpace='rgb', fillRGB=array([-1.    ,  0.0039, -1.    ]), interpolate=True, lineColor=array([1., 1., 1.]), lineColorSpace='rgb', lineRGB=array([1, 1, 1]), lineWidth=1.0, name='greenbar_3', opacity=1, ori=0.0, pos=array([0.33333333, 0.7       ]), size=array([0.66666667, 0.1       ]), units='norm', vertices=ndarray(...), win=Window(...))
5.4014 	EXP 	Created yellowbar_3 = Rect(__class__=<class 'psychopy.visual.rect.Rect'>, anchor=('left', 'center'), autoDraw=False, autoLog=True, closeShape=True, color=method-wrapper(...), colorSpace='rgb', contrast=None, depth=-3.0, draggable=False, fillColor=array([ 1.,  1., -1.]), fillColorSpace='rgb', fillRGB=array([ 1.,  1., -1.]), interpolate=True, lineColor=array([1., 1., 1.]), lineColorSpace='rgb', lineRGB=array([1, 1, 1]), lineWidth=1.0, name='yellowbar_3', opacity=1, ori=0.0, pos=array([-0.33333333,  0.7       ]), size=array([0.66666667, 0.1       ]), units='norm', vertices=ndarray(...), win=Window(...))
5.4032 	EXP 	Created redbar_3 = Rect(__class__=<class 'psychopy.visual.rect.Rect'>, anchor=('left', 'center'), autoDraw=False, autoLog=True, closeShape=True, color=method-wrapper(...), colorSpace='rgb', contrast=None, depth=-4.0, draggable=False, fillColor=array([ 1., -1., -1.]), fillColorSpace='rgb', fillRGB=array([ 1., -1., -1.]), interpolate=True, lineColor=array([1., 1., 1.]), lineColorSpace='rgb', lineRGB=array([1, 1, 1]), lineWidth=1.0, name='redbar_3', opacity=1, ori=0.0, pos=array([-1. ,  0.7]), size=array([0.66666667, 0.1       ]), units='norm', vertices=ndarray(...), win=Window(...))
5.4055 	EXP 	Created arrow_3 = ShapeStim(__class__=<class 'psychopy.visual.shape.ShapeStim'>, anchor=('center', 'center'), autoDraw=False, autoLog=True, closeShape=True, color=method-wrapper(...), colorSpace='rgb', contrast=None, depth=-5.0, draggable=False, fillColor=array([1, 1, 1]), fillColorSpace='rgb', fillRGB=array([1, 1, 1]), interpolate=True, lineColor=array([1., 1., 1.]), lineColorSpace='rgb', lineRGB=array([1, 1, 1]), lineWidth=1.0, name='arrow_3', opacity=1, ori=0.0, pos=array([0., 0.]), size=array([0.05, 0.05]), units='norm', vertices=ndarray(...), win=Window(...), windingRule=None)
5.4083 	WARNING 	Font b'Arial' was requested. No similar font found.
5.4143 	WARNING 	Font b'Arial' was requested. No similar font found.
5.4172 	DEBUG 	TextBox2 loaded 1 chars with 0 blanks and 1 valid
5.4186 	DEBUG 	TextBox2 loaded 1 chars with 0 blanks and 1 valid
5.4200 	DEBUG 	TextBox2 loaded 1 chars with 0 blanks and 1 valid
5.4212 	DEBUG 	TextBox2 loaded 1 chars with 0 blanks and 1 valid
5.4218 	DEBUG 	TextBox2 loaded 1 chars with 0 blanks and 1 valid
5.4225 	DEBUG 	TextBox2 loaded 1 chars with 0 blanks and 1 valid
5.4238 	DEBUG 	TextBox2 loaded 1 chars with 0 blanks and 1 valid
5.4248 	DEBUG 	TextBox2 loaded 1 chars with 0 blanks and 1 valid
5.4255 	DEBUG 	TextBox2 loaded 1 chars with 0 blanks and 1 valid
5.4258 	DEBUG 	Uploading Texture Font fontname to graphics card
5.4312 	DEBUG 	Upload of Texture Font fontname complete
5.4509 	DEBUG 	TextBox2 loaded 1 chars with 0 blanks and 1 valid
5.4512 	DEBUG 	Uploading Texture Font fontname to graphics card
5.4528 	DEBUG 	Upload of Texture Font fontname complete
5.4599 	DEBUG 	TextBox2 loaded 1 chars with 0 blanks and 1 valid
5.4611 	DEBUG 	TextBox2 loaded 1 chars with 0 blanks and 1 valid
5.4622 	DEBUG 	TextBox2 loaded 1 chars with 0 blanks and 1 valid
5.4633 	DEBUG 	TextBox2 loaded 1 chars with 0 blanks and 1 valid
5.4641 	DEBUG 	TextBox2 loaded 1 chars with 0 blanks and 1 valid
5.4651 	DEBUG 	TextBox2 loaded 1 chars with 0 blanks and 1 valid
5.4662 	DEBUG 	TextBox2 loaded 1 chars with 0 blanks and 1 valid
5.4671 	DEBUG 	TextBox2 loaded 1 chars with 0 blanks and 1 valid
5.4682 	DEBUG 	TextBox2 loaded 1 chars with 0 blanks and 1 valid
5.4691 	DEBUG 	TextBox2 loaded 1 chars with 0 blanks and 1 valid
5.4695 	DEBUG 	Uploading Texture Font fontname to graphics card
5.4708 	DEBUG 	Upload of Texture Font fontname complete
5.4778 	DEBUG 	TextBox2 loaded 1 chars with 0 blanks and 1 valid
5.4781 	DEBUG 	Uploading Texture Font fontname to graphics card
5.4830 	DEBUG 	Upload of Texture Font fontname complete
5.4961 	DEBUG 	TextBox2 loaded 1 chars with 0 blanks and 1 valid
5.4963 	DEBUG 	Uploading Texture Font fontname to graphics card
5.4977 	DEBUG 	Upload of Texture Font fontname complete
5.5105 	DEBUG 	TextBox2 loaded 1 chars with 0 blanks and 1 valid
5.5107 	DEBUG 	Uploading Texture Font fontname to graphics card
5.5120 	DEBUG 	Upload of Texture Font fontname complete
5.5249 	DEBUG 	TextBox2 loaded 1 chars with 0 blanks and 1 valid
5.5252 	DEBUG 	Uploading Texture Font fontname to graphics card
5.5264 	DEBUG 	Upload of Texture Font fontname complete
5.5393 	DEBUG 	TextBox2 loaded 1 chars with 0 blanks and 1 valid
5.5396 	DEBUG 	Uploading Texture Font fontname to graphics card
5.5409 	DEBUG 	Upload of Texture Font fontname complete
5.5537 	DEBUG 	TextBox2 loaded 1 chars with 0 blanks and 1 valid
5.5540 	DEBUG 	Uploading Texture Font fontname to graphics card
5.5553 	DEBUG 	Upload of Texture Font fontname complete
5.5684 	DEBUG 	TextBox2 loaded 1 chars with 0 blanks and 1 valid
5.5686 	DEBUG 	Uploading Texture Font fontname to graphics card
5.5699 	DEBUG 	Upload of Texture Font fontname complete
5.5829 	DEBUG 	TextBox2 loaded 1 chars with 0 blanks and 1 valid
5.5831 	DEBUG 	Uploading Texture Font fontname to graphics card
5.5844 	DEBUG 	Upload of Texture Font fontname complete
5.5974 	DEBUG 	TextBox2 loaded 1 chars with 0 blanks and 1 valid
5.5976 	DEBUG 	Uploading Texture Font fontname to graphics card
5.5990 	DEBUG 	Upload of Texture Font fontname complete
5.6628 	EXP 	Created slider_3 = Slider(__class__=<class 'psychopy.visual.slider.Slider'>, autoDraw=False, autoLog=True, borderColor=None, color=None, colorSpace='rgb', depth=-7, fillColor=None, flip=False, font='Noto Sans', granularity=1, labelColor=None, labelHeight=np.float64(0.05), labelWrapWidth=None, labels=(0, 1, 2, 3, 4, 5, 6, 7, 8, 9), lineColor=None, markerColor=None, name='slider_3', opacity=None, ori=0.0, pos=array([ 0. , -0.4]), readOnly=False, self=UNKNOWN, size=array([1. , 0.1]), startValue=None, style='choice', styleTweaks=[], ticks=array([0, 1, 2, 3, 4, 5, 6, 7, 8, 9]), units='norm', win=Window(...))
5.6657 	WARNING 	Font b'Arial' was requested. No similar font found.
5.6713 	WARNING 	Font b'Arial' was requested. No similar font found.
5.6766 	EXP 	Created fix = TextStim(__class__=<class 'psychopy.visual.text.TextStim'>, alignHoriz=method-wrapper(...), alignText='center', alignVert=method-wrapper(...), anchorHoriz='center', anchorVert='center', antialias=True, autoDraw=False, autoLog=True, bold=False, color=array([1., 1., 1.]), colorSpace='rgb', contrast=1.0, depth=-1.0, draggable=False, flipHoriz=False, flipVert=False, font='Open Sans', fontFiles=[], height=np.float64(0.1), italic=False, languageStyle='LTR', name='fix', opacity=1, ori=0.0, pos=array([0., 0.]), rgb=UNKNOWN, text='+', units='height', win=Window(...), wrapWidth=1)
5.6790 	EXP 	Created prog_2 = Progress(__class__=<class 'psychopy.visual.progress.Progress'>, anchor=('left', 'top'), autoDraw=False, autoLog=True, closeShape=True, color=method-wrapper(...), colorSpace='rgb', contrast=None, depth=-1, draggable=False, fillColor=array([-1.    ,  0.5373, -1.    ]), fillColorSpace='rgb', fillRGB=array([-1.    ,  0.5373, -1.    ]), interpolate=True, lineColor=array([1., 1., 1.]), lineColorSpace='rgb', lineRGB=array([1, 1, 1]), lineWidth=4.0, name='prog_2', opacity=1.0, ori=0.0, pos=array([-0.5,  0.5]), size=array([1. , 0.1]), units='norm', vertices=ndarray(...), win=Window(...), windingRule=None)
5.6812 	EXP 	Created prog_2Bar = ShapeStim(__class__=<class 'psychopy.visual.shape.ShapeStim'>, anchor=('left', 'top'), autoDraw=False, autoLog=True, closeShape=True, color=method-wrapper(...), colorSpace='rgb', contrast=None, depth=-1, draggable=False, fillColor=array([ 1., -1., -1.]), fillColorSpace='rgb', fillRGB=array([ 1., -1., -1.]), interpolate=True, lineColor=array([0., 0., 0.]), lineColorSpace='rgb', lineRGB=array([0, 0, 0]), lineWidth=1.5, name='prog_2Bar', opacity=1.0, ori=0.0, pos=array([-0.5,  0.5]), size=array([1. , 0.1]), units='norm', vertices=ndarray(...), win=Window(...), windingRule=None)
5.6832 	EXP 	Created greenbar_2 = Rect(__class__=<class 'psychopy.visual.rect.Rect'>, anchor=('left', 'center'), autoDraw=False, autoLog=True, closeShape=True, color=method-wrapper(...), colorSpace='rgb', contrast=None, depth=-2.0, draggable=False, fillColor=array([-1.    ,  0.0039, -1.    ]), fillColorSpace='rgb', fillRGB=array([-1.    ,  0.0039, -1.    ]), interpolate=True, lineColor=array([1., 1., 1.]), lineColorSpace='rgb', lineRGB=array([1, 1, 1]), lineWidth=1.0, name='greenbar_2', opacity=1, ori=0.0, pos=array([0.33333333, 0.7       ]), size=array([0.66666667, 0.1       ]), units='norm', vertices=ndarray(...), win=Window(...))
5.6851 	EXP 	Created yellowbar_2 = Rect(__class__=<class 'psychopy.visual.rect.Rect'>, anchor=('left', 'center'), autoDraw=False, autoLog=True, closeShape=True, color=method-wrapper(...), colorSpace='rgb', contrast=None, depth=-3.0, draggable=False, fillColor=array([ 1.,  1., -1.]), fillColorSpace='rgb', fillRGB=array([ 1.,  1., -1.]), interpolate=True, lineColor=array([1., 1., 1.]), lineColorSpace='rgb', lineRGB=array([1, 1, 1]), lineWidth=1.0, name='yellowbar_2', opacity=1, ori=0.0, pos=array([-0.33333333,  0.7       ]), size=array([0.66666667, 0.1       ]), units='norm', vertices=ndarray(...), win=Window(...))
5.6872 	EXP 	Created redbar_2 = Rect(__class__=<class 'psychopy.visual.rect.Rect'>, anchor=('left', 'center'), autoDraw=False, autoLog=True, closeShape=True, color=method-wrapper(...), colorSpace='rgb', contrast=None, depth=-4.0, draggable=False, fillColor=array([ 1., -1., -1.]), fillColorSpace='rgb', fillRGB=array([ 1., -1., -1.]), interpolate=True, lineColor=array([1., 1., 1.]), lineColorSpace='rgb', lineRGB=array([1, 1, 1]), lineWidth=1.0, name='redbar_2', opacity=1, ori=0.0, pos=array([-1. ,  0.7]), size=array([0.66666667, 0.1       ]), units='norm', vertices=ndarray(...), win=Window(...))
5.6895 	EXP 	Created arrow_2 = ShapeStim(__class__=<class 'psychopy.visual.shape.ShapeStim'>, anchor=('center', 'center'), autoDraw=False, autoLog=True, closeShape=True, color=method-wrapper(...), colorSpace='rgb', contrast=None, depth=-5.0, draggable=False, fillColor=array([1, 1, 1]), fillColorSpace='rgb', fillRGB=array([1, 1, 1]), interpolate=True, lineColor=array([1., 1., 1.]), lineColorSpace='rgb', lineRGB=array([1, 1, 1]), lineWidth=1.0, name='arrow_2', opacity=1, ori=0.0, pos=array([0., 0.]), size=array([0.05, 0.05]), units='norm', vertices=ndarray(...), win=Window(...), windingRule=None)
5.6922 	WARNING 	Font b'Arial' was requested. No similar font found.
5.6977 	WARNING 	Font b'Arial' was requested. No similar font found.
5.8811 	EXP 	Created slider_2 = Slider(__class__=<class 'psychopy.visual.slider.Slider'>, autoDraw=False, autoLog=True, borderColor=None, color=None, colorSpace='rgb', depth=-7, fillColor=None, flip=False, font='Noto Sans', granularity=1, labelColor=None, labelHeight=np.float64(0.05), labelWrapWidth=None, labels=(0, 1, 2, 3, 4, 5, 6, 7, 8, 9), lineColor=None, markerColor=None, name='slider_2', opacity=None, ori=0.0, pos=array([ 0. , -0.4]), readOnly=False, self=UNKNOWN, size=array([1. , 0.1]), startValue=None, style='choice', styleTweaks=[], ticks=array([0, 1, 2, 3, 4, 5, 6, 7, 8, 9]), units='norm', win=Window(...))
5.8840 	WARNING 	Font b'Arial' was requested. No similar font found.
5.8895 	WARNING 	Font b'Arial' was requested. No similar font found.
5.8950 	EXP 	Created fix = TextStim(__class__=<class 'psychopy.visual.text.TextStim'>, alignHoriz=method-wrapper(...), alignText='center', alignVert=method-wrapper(...), anchorHoriz='center', anchorVert='center', antialias=True, autoDraw=False, autoLog=True, bold=False, color=array([1., 1., 1.]), colorSpace='rgb', contrast=1.0, depth=-1.0, draggable=False, flipHoriz=False, flipVert=False, font='Open Sans', fontFiles=[], height=np.float64(0.1), italic=False, languageStyle='LTR', name='fix', opacity=1, ori=0.0, pos=array([0., 0.]), rgb=UNKNOWN, text='+', units='height', win=Window(...), wrapWidth=1)
5.8975 	EXP 	Created prog = Progress(__class__=<class 'psychopy.visual.progress.Progress'>, anchor=('left', 'top'), autoDraw=False, autoLog=True, closeShape=True, color=method-wrapper(...), colorSpace='rgb', contrast=None, depth=-1, draggable=False, fillColor=array([-1.    ,  0.5373, -1.    ]), fillColorSpace='rgb', fillRGB=array([-1.    ,  0.5373, -1.    ]), interpolate=True, lineColor=array([1., 1., 1.]), lineColorSpace='rgb', lineRGB=array([1, 1, 1]), lineWidth=4.0, name='prog', opacity=1.0, ori=0.0, pos=array([-0.5,  0.5]), size=array([1. , 0.1]), units='norm', vertices=ndarray(...), win=Window(...), windingRule=None)
5.8997 	EXP 	Created progBar = ShapeStim(__class__=<class 'psychopy.visual.shape.ShapeStim'>, anchor=('left', 'top'), autoDraw=False, autoLog=True, closeShape=True, color=method-wrapper(...), colorSpace='rgb', contrast=None, depth=-1, draggable=False, fillColor=array([ 1., -1., -1.]), fillColorSpace='rgb', fillRGB=array([ 1., -1., -1.]), interpolate=True, lineColor=array([0., 0., 0.]), lineColorSpace='rgb', lineRGB=array([0, 0, 0]), lineWidth=1.5, name='progBar', opacity=1.0, ori=0.0, pos=array([-0.5,  0.5]), size=array([1. , 0.1]), units='norm', vertices=ndarray(...), win=Window(...), windingRule=None)
5.9016 	EXP 	Created greenbar = Rect(__class__=<class 'psychopy.visual.rect.Rect'>, anchor=('left', 'center'), autoDraw=False, autoLog=True, closeShape=True, color=method-wrapper(...), colorSpace='rgb', contrast=None, depth=-2.0, draggable=False, fillColor=array([-1.    ,  0.0039, -1.    ]), fillColorSpace='rgb', fillRGB=array([-1.    ,  0.0039, -1.    ]), interpolate=True, lineColor=array([1., 1., 1.]), lineColorSpace='rgb', lineRGB=array([1, 1, 1]), lineWidth=1.0, name='greenbar', opacity=1, ori=0.0, pos=array([0.33333333, 0.7       ]), size=array([0.66666667, 0.1       ]), units='norm', vertices=ndarray(...), win=Window(...))
5.9035 	EXP 	Created yellowbar = Rect(__class__=<class 'psychopy.visual.rect.Rect'>, anchor=('left', 'center'), autoDraw=False, autoLog=True, closeShape=True, color=method-wrapper(...), colorSpace='rgb', contrast=None, depth=-3.0, draggable=False, fillColor=array([ 1.,  1., -1.]), fillColorSpace='rgb', fillRGB=array([ 1.,  1., -1.]), interpolate=True, lineColor=array([1., 1., 1.]), lineColorSpace='rgb', lineRGB=array([1, 1, 1]), lineWidth=1.0, name='yellowbar', opacity=1, ori=0.0, pos=array([-0.33333333,  0.7       ]), size=array([0.66666667, 0.1       ]), units='norm', vertices=ndarray(...), win=Window(...))
5.9053 	EXP 	Created redbar = Rect(__class__=<class 'psychopy.visual.rect.Rect'>, anchor=('left', 'center'), autoDraw=False, autoLog=True, closeShape=True, color=method-wrapper(...), colorSpace='rgb', contrast=None, depth=-4.0, draggable=False, fillColor=array([ 1., -1., -1.]), fillColorSpace='rgb', fillRGB=array([ 1., -1., -1.]), interpolate=True, lineColor=array([1., 1., 1.]), lineColorSpace='rgb', lineRGB=array([1, 1, 1]), lineWidth=1.0, name='redbar', opacity=1, ori=0.0, pos=array([-1. ,  0.7]), size=array([0.66666667, 0.1       ]), units='norm', vertices=ndarray(...), win=Window(...))
5.9075 	EXP 	Created arrow = ShapeStim(__class__=<class 'psychopy.visual.shape.ShapeStim'>, anchor=('center', 'center'), autoDraw=False, autoLog=True, closeShape=True, color=method-wrapper(...), colorSpace='rgb', contrast=None, depth=-5.0, draggable=False, fillColor=array([1, 1, 1]), fillColorSpace='rgb', fillRGB=array([1, 1, 1]), interpolate=True, lineColor=array([1., 1., 1.]), lineColorSpace='rgb', lineRGB=array([1, 1, 1]), lineWidth=1.0, name='arrow', opacity=1, ori=0.0, pos=array([0., 0.]), size=array([0.05, 0.05]), units='norm', vertices=ndarray(...), win=Window(...), windingRule=None)
5.9103 	WARNING 	Font b'Arial' was requested. No similar font found.
5.9157 	WARNING 	Font b'Arial' was requested. No similar font found.
6.0984 	EXP 	Created slider = Slider(__class__=<class 'psychopy.visual.slider.Slider'>, autoDraw=False, autoLog=True, borderColor=None, color=None, colorSpace='rgb', depth=-7, fillColor=None, flip=False, font='Noto Sans', granularity=1, labelColor=None, labelHeight=np.float64(0.05), labelWrapWidth=None, labels=(0, 1, 2, 3, 4, 5, 6, 7, 8, 9), lineColor=None, markerColor=None, name='slider', opacity=None, ori=0.0, pos=array([ 0. , -0.4]), readOnly=False, self=UNKNOWN, size=array([1. , 0.1]), startValue=None, style='choice', styleTweaks=[], ticks=array([0, 1, 2, 3, 4, 5, 6, 7, 8, 9]), units='norm', win=Window(...))
6.1017 	WARNING 	Font b'Arial' was requested. No similar font found.
6.1081 	WARNING 	Font b'Arial' was requested. No similar font found.
0.0109 	EXP 	prog_3: direction = 'horizontal'
0.0109 	EXP 	prog_3: progress = 0.0
0.0109 	EXP 	textbox_4: autoLog = True
0.0109 	EXP 	slider_3: autoLog = True
0.0109 	EXP 	slider_3: styleTweaks = []
0.0109 	EXP 	slider_3: styleTweaks = []
0.0109 	EXP 	slider_3: styleTweaks = []
0.0109 	EXP 	slider_3: styleTweaks = []
0.0109 	EXP 	slider_3: contrast = 1.0
0.0109 	EXP 	slider_3: markerPos = None
0.0109 	EXP 	slider_3: autoLog = True
0.0109 	EXP 	textbox_2: autoLog = True
0.0109 	EXP 	prog_2: direction = 'horizontal'
0.0109 	EXP 	prog_2: progress = 0.0
0.0109 	EXP 	textbox_3: autoLog = True
0.0109 	EXP 	slider_2: autoLog = True
0.0109 	EXP 	slider_2: styleTweaks = []
0.0109 	EXP 	slider_2: styleTweaks = []
0.0109 	EXP 	slider_2: styleTweaks = []
0.0109 	EXP 	slider_2: styleTweaks = []
0.0109 	EXP 	slider_2: contrast = 1.0
0.0109 	EXP 	slider_2: markerPos = None
0.0109 	EXP 	slider_2: autoLog = True
0.0109 	EXP 	textbox_2: autoLog = True
0.0109 	EXP 	prog: direction = 'horizontal'
0.0109 	EXP 	prog: progress = 0.0
0.0109 	EXP 	textbox: autoLog = True
0.0109 	EXP 	slider: autoLog = True
0.0109 	EXP 	slider: styleTweaks = []
0.0109 	EXP 	slider: styleTweaks = []
0.0109 	EXP 	slider: styleTweaks = []
0.0109 	EXP 	slider: styleTweaks = []
0.0109 	EXP 	slider: contrast = 1.0
0.0109 	EXP 	slider: markerPos = None
0.0109 	EXP 	slider: autoLog = True
0.0109 	EXP 	textbox_2: autoLog = True
0.0267 	INFO 	Keyboard events cleared
0.0266 	EXP 	text: autoDraw = True
2.3456 	EXP 	Device response: <KeyPress from None: t=2.332336187362671, value=space, duration=None>
2.3463 	DATA 	Keypress: space
2.4626 	EXP 	Device response: <KeyPress from None: t=2.332336187362671, value=space, duration=0.1286163330078125>
3.1286 	EXP 	Device response: <KeyPress from None: t=3.1152091026306152, value=l, duration=None>
3.1290 	DATA 	Keypress: l
3.1428 	INFO 	Keyboard events cleared
3.1427 	EXP 	text: autoDraw = False
3.1427 	EXP 	intstructs: autoDraw = True
3.2285 	EXP 	Device response: <KeyPress from None: t=3.1152091026306152, value=l, duration=0.11173772811889648>
4.2286 	EXP 	Device response: <KeyPress from None: t=4.22727632522583, value=space, duration=None>
4.2289 	DATA 	Keypress: space
4.2298 	EXP 	New trial (rep=0, index=0): <Trial 0 (0 in rep 0) data={'thisN': 0, 'thisTrialN': 0, 'thisRepN': 0}>
4.2427 	EXP 	intstructs: autoDraw = False
4.2427 	EXP 	fix: autoDraw = True
4.3451 	EXP 	Device response: <KeyPress from None: t=4.22727632522583, value=space, duration=0.10770845413208008>
4.7383 	DEBUG 	Saving data for misty_module ExperimentHandler
4.7389 	INFO 	saved data to /home/hackerman/misty_py/data/pilot_misty_module_2026-01-29_17h32.06.739.psydat
4.7394 	INFO 	saved data to '/home/hackerman/misty_py/data/pilot_misty_module_2026-01-29_17h32.06.739.csv'
4.7456 	WARNING 	Stopping key buffers but this could be dangerous ifother keyboards rely on the same.
