3.9245 	DEBUG 	Fullscreen settings ignored as running in pilot mode.
3.9268 	INFO 	Loaded monitor calibration from ['2025_12_08 16:52']
4.3102 	INFO 	Using renderer 'NVIDIA GeForce GTX 1660/PCIe/SSE2' for graphics
4.3102 	INFO 	OpenGL version supported by driver is 4..
4.3177 	EXP 	Created window1 = Window(allowGUI=False, allowStencil=True, autoLog=True, backendConf=UNKNOWN, backgroundFit=<method-wrapper '__getattribute__' of attributeSetter object at 0x799513776230>, backgroundImage=<method-wrapper '__getattribute__' of attributeSetter object at 0x7995137761d0>, bitsMode=UNKNOWN, blendMode='avg', bpc=(8, 8, 8), color=array([0, 0, 0]), colorSpace='rgb', depthBits=8, fullscr=False, gamma=None, gammaErrorPolicy='raise', infoMsg=UNKNOWN, lms=UNKNOWN, monitor=<psychopy.monitors.calibTools.Monitor object at 0x79950a634400>, multiSample=False, name='window1', numSamples=2, pos=[np.float64(560.0), np.float64(240.0)], screen=0, size=array([800, 600]), stencilBits=8, stereo=False, title='PsychoPy', units='height', useFBO=True, useRetina=False, viewOri=0.0, viewPos=None, viewScale=None, waitBlanking=True, winType='pyglet')
4.3178 	EXP 	window1: backgroundImage = ''
4.3178 	EXP 	window1: backgroundFit = 'none'
4.3300 	DEBUG 	TextBox2 loaded 1 chars with 0 blanks and 1 valid
4.3315 	DEBUG 	TextBox2 loaded 1 chars with 0 blanks and 1 valid
4.3330 	DEBUG 	TextBox2 loaded 1 chars with 0 blanks and 1 valid
4.3347 	DEBUG 	TextBox2 loaded 1 chars with 0 blanks and 1 valid
4.3364 	DEBUG 	TextBox2 loaded 1 chars with 0 blanks and 1 valid
4.3377 	DEBUG 	TextBox2 loaded 1 chars with 0 blanks and 1 valid
4.3391 	DEBUG 	TextBox2 loaded 1 chars with 0 blanks and 1 valid
4.3408 	DEBUG 	TextBox2 loaded 1 chars with 0 blanks and 1 valid
4.3417 	DEBUG 	TextBox2 loaded 1 chars with 0 blanks and 1 valid
4.3427 	DEBUG 	TextBox2 loaded 1 chars with 0 blanks and 1 valid
4.3442 	DEBUG 	TextBox2 loaded 1 chars with 0 blanks and 1 valid
4.3457 	DEBUG 	TextBox2 loaded 1 chars with 0 blanks and 1 valid
4.3470 	DEBUG 	TextBox2 loaded 1 chars with 0 blanks and 1 valid
4.3485 	DEBUG 	TextBox2 loaded 1 chars with 0 blanks and 1 valid
4.3498 	DEBUG 	TextBox2 loaded 1 chars with 0 blanks and 1 valid
4.3513 	DEBUG 	TextBox2 loaded 1 chars with 0 blanks and 1 valid
4.3529 	DEBUG 	TextBox2 loaded 1 chars with 0 blanks and 1 valid
4.3539 	DEBUG 	TextBox2 loaded 1 chars with 0 blanks and 1 valid
4.3550 	DEBUG 	TextBox2 loaded 1 chars with 0 blanks and 1 valid
4.3568 	DEBUG 	TextBox2 loaded 1 chars with 0 blanks and 1 valid
4.3579 	DEBUG 	TextBox2 loaded 1 chars with 0 blanks and 1 valid
4.3584 	DEBUG 	Uploading Texture Font fontname to graphics card
4.3670 	DEBUG 	Upload of Texture Font fontname complete
4.3777 	DEBUG 	TextBox2 loaded 1 chars with 0 blanks and 1 valid
4.3795 	DEBUG 	TextBox2 loaded 1 chars with 0 blanks and 1 valid
4.3812 	DEBUG 	TextBox2 loaded 1 chars with 0 blanks and 1 valid
4.3816 	DEBUG 	Uploading Texture Font fontname to graphics card
4.3870 	DEBUG 	Upload of Texture Font fontname complete
4.3898 	EXP 	window1: Attempting to measure frame rate of screen (0) ...
4.3898 	EXP 	window1: recordFrameIntervals = False
4.5447 	EXP 	window1: recordFrameIntervals = True
4.7282 	EXP 	Screen (0) actual frame rate measured at 60.00Hz
4.7282 	EXP 	window1: recordFrameIntervals = False
4.7376 	DEBUG 	TextBox2 loaded 1 chars with 0 blanks and 1 valid
4.7391 	DEBUG 	TextBox2 loaded 1 chars with 0 blanks and 1 valid
4.7407 	DEBUG 	TextBox2 loaded 1 chars with 0 blanks and 1 valid
4.7426 	DEBUG 	TextBox2 loaded 1 chars with 0 blanks and 1 valid
4.7445 	DEBUG 	TextBox2 loaded 1 chars with 0 blanks and 1 valid
4.7463 	DEBUG 	TextBox2 loaded 1 chars with 0 blanks and 1 valid
4.7475 	DEBUG 	TextBox2 loaded 1 chars with 0 blanks and 1 valid
4.7492 	DEBUG 	TextBox2 loaded 1 chars with 0 blanks and 1 valid
4.7511 	DEBUG 	TextBox2 loaded 1 chars with 0 blanks and 1 valid
4.7528 	DEBUG 	TextBox2 loaded 1 chars with 0 blanks and 1 valid
4.7533 	DEBUG 	Uploading Texture Font fontname to graphics card
4.7546 	DEBUG 	Upload of Texture Font fontname complete
4.7854 	INFO 	keyboard.Keyboard is using ptb backend.
4.7854 	EXP 	misty_module: status = STARTED
4.8356 	EXP 	Created text = TextStim(__class__=<class 'psychopy.visual.text.TextStim'>, alignHoriz=method-wrapper(...), alignText='center', alignVert=method-wrapper(...), anchorHoriz='center', anchorVert='center', antialias=True, autoDraw=False, autoLog=True, bold=False, color=array([1., 1., 1.]), colorSpace='rgb', contrast=1.0, depth=0.0, draggable=False, flipHoriz=False, flipVert=False, font='Arial', fontFiles=[], height=np.float64(0.05), italic=False, languageStyle='LTR', name='text', opacity=1, ori=0.0, pos=array([0., 0.]), rgb=UNKNOWN, text=str(...), units='height', win=Window(...), wrapWidth=1)
4.9809 	EXP 	Created intstructs = TextStim(__class__=<class 'psychopy.visual.text.TextStim'>, alignHoriz=method-wrapper(...), alignText='center', alignVert=method-wrapper(...), anchorHoriz='center', anchorVert='center', antialias=True, autoDraw=False, autoLog=True, bold=False, color=array([1., 1., 1.]), colorSpace='rgb', contrast=1.0, depth=0.0, draggable=False, flipHoriz=False, flipVert=False, font='Arial', fontFiles=[], height=np.float64(0.05), italic=False, languageStyle='LTR', name='intstructs', opacity=1, ori=0.0, pos=array([0., 0.]), rgb=UNKNOWN, text=str(...), units='height', win=Window(...), wrapWidth=1)
4.9880 	EXP 	Created fix = TextStim(__class__=<class 'psychopy.visual.text.TextStim'>, alignHoriz=method-wrapper(...), alignText='center', alignVert=method-wrapper(...), anchorHoriz='center', anchorVert='center', antialias=True, autoDraw=False, autoLog=True, bold=False, color=array([1., 1., 1.]), colorSpace='rgb', contrast=1.0, depth=-1.0, draggable=False, flipHoriz=False, flipVert=False, font='Open Sans', fontFiles=[], height=np.float64(0.1), italic=False, languageStyle='LTR', name='fix', opacity=1, ori=0.0, pos=array([0., 0.]), rgb=UNKNOWN, text='+', units='height', win=Window(...), wrapWidth=1)
4.9924 	EXP 	Created prog_3 = Progress(__class__=<class 'psychopy.visual.progress.Progress'>, anchor=('left', 'top'), autoDraw=False, autoLog=True, closeShape=True, color=method-wrapper(...), colorSpace='rgb', contrast=None, depth=-1, draggable=False, fillColor=array([-1.    ,  0.5373, -1.    ]), fillColorSpace='rgb', fillRGB=array([-1.    ,  0.5373, -1.    ]), interpolate=True, lineColor=array([1., 1., 1.]), lineColorSpace='rgb', lineRGB=array([1, 1, 1]), lineWidth=4.0, name='prog_3', opacity=1.0, ori=0.0, pos=array([-0.5,  0.5]), size=array([1. , 0.1]), units='norm', vertices=ndarray(...), win=Window(...), windingRule=None)
4.9948 	EXP 	Created prog_3Bar = ShapeStim(__class__=<class 'psychopy.visual.shape.ShapeStim'>, anchor=('left', 'top'), autoDraw=False, autoLog=True, closeShape=True, color=method-wrapper(...), colorSpace='rgb', contrast=None, depth=-1, draggable=False, fillColor=array([ 1., -1., -1.]), fillColorSpace='rgb', fillRGB=array([ 1., -1., -1.]), interpolate=True, lineColor=array([0., 0., 0.]), lineColorSpace='rgb', lineRGB=array([0, 0, 0]), lineWidth=1.5, name='prog_3Bar', opacity=1.0, ori=0.0, pos=array([-0.5,  0.5]), size=array([1. , 0.1]), units='norm', vertices=ndarray(...), win=Window(...), windingRule=None)
4.9969 	EXP 	Created greenbar_3 = Rect(__class__=<class 'psychopy.visual.rect.Rect'>, anchor=('left', 'center'), autoDraw=False, autoLog=True, closeShape=True, color=method-wrapper(...), colorSpace='rgb', contrast=None, depth=-2.0, draggable=False, fillColor=array([-1.    ,  0.0039, -1.    ]), fillColorSpace='rgb', fillRGB=array([-1.    ,  0.0039, -1.    ]), interpolate=True, lineColor=array([1., 1., 1.]), lineColorSpace='rgb', lineRGB=array([1, 1, 1]), lineWidth=1.0, name='greenbar_3', opacity=1, ori=0.0, pos=array([0.33333333, 0.7       ]), size=array([0.66666667, 0.1       ]), units='norm', vertices=ndarray(...), win=Window(...))
4.9988 	EXP 	Created yellowbar_3 = Rect(__class__=<class 'psychopy.visual.rect.Rect'>, anchor=('left', 'center'), autoDraw=False, autoLog=True, closeShape=True, color=method-wrapper(...), colorSpace='rgb', contrast=None, depth=-3.0, draggable=False, fillColor=array([ 1.,  1., -1.]), fillColorSpace='rgb', fillRGB=array([ 1.,  1., -1.]), interpolate=True, lineColor=array([1., 1., 1.]), lineColorSpace='rgb', lineRGB=array([1, 1, 1]), lineWidth=1.0, name='yellowbar_3', opacity=1, ori=0.0, pos=array([-0.33333333,  0.7       ]), size=array([0.66666667, 0.1       ]), units='norm', vertices=ndarray(...), win=Window(...))
5.0007 	EXP 	Created redbar_3 = Rect(__class__=<class 'psychopy.visual.rect.Rect'>, anchor=('left', 'center'), autoDraw=False, autoLog=True, closeShape=True, color=method-wrapper(...), colorSpace='rgb', contrast=None, depth=-4.0, draggable=False, fillColor=array([ 1., -1., -1.]), fillColorSpace='rgb', fillRGB=array([ 1., -1., -1.]), interpolate=True, lineColor=array([1., 1., 1.]), lineColorSpace='rgb', lineRGB=array([1, 1, 1]), lineWidth=1.0, name='redbar_3', opacity=1, ori=0.0, pos=array([-1. ,  0.7]), size=array([0.66666667, 0.1       ]), units='norm', vertices=ndarray(...), win=Window(...))
5.0030 	EXP 	Created arrow_3 = ShapeStim(__class__=<class 'psychopy.visual.shape.ShapeStim'>, anchor=('center', 'center'), autoDraw=False, autoLog=True, closeShape=True, color=method-wrapper(...), colorSpace='rgb', contrast=None, depth=-5.0, draggable=False, fillColor=array([1, 1, 1]), fillColorSpace='rgb', fillRGB=array([1, 1, 1]), interpolate=True, lineColor=array([1., 1., 1.]), lineColorSpace='rgb', lineRGB=array([1, 1, 1]), lineWidth=1.0, name='arrow_3', opacity=1, ori=0.0, pos=array([0., 0.]), size=array([0.05, 0.05]), units='norm', vertices=ndarray(...), win=Window(...), windingRule=None)
5.0058 	WARNING 	Font b'Arial' was requested. No similar font found.
5.0121 	WARNING 	Font b'Arial' was requested. No similar font found.
5.0151 	DEBUG 	TextBox2 loaded 1 chars with 0 blanks and 1 valid
5.0166 	DEBUG 	TextBox2 loaded 1 chars with 0 blanks and 1 valid
5.0180 	DEBUG 	TextBox2 loaded 1 chars with 0 blanks and 1 valid
5.0192 	DEBUG 	TextBox2 loaded 1 chars with 0 blanks and 1 valid
5.0198 	DEBUG 	TextBox2 loaded 1 chars with 0 blanks and 1 valid
5.0204 	DEBUG 	TextBox2 loaded 1 chars with 0 blanks and 1 valid
5.0218 	DEBUG 	TextBox2 loaded 1 chars with 0 blanks and 1 valid
5.0228 	DEBUG 	TextBox2 loaded 1 chars with 0 blanks and 1 valid
5.0235 	DEBUG 	TextBox2 loaded 1 chars with 0 blanks and 1 valid
5.0239 	DEBUG 	Uploading Texture Font fontname to graphics card
5.0301 	DEBUG 	Upload of Texture Font fontname complete
5.0522 	DEBUG 	TextBox2 loaded 1 chars with 0 blanks and 1 valid
5.0525 	DEBUG 	Uploading Texture Font fontname to graphics card
5.0539 	DEBUG 	Upload of Texture Font fontname complete
5.0614 	DEBUG 	TextBox2 loaded 1 chars with 0 blanks and 1 valid
5.0626 	DEBUG 	TextBox2 loaded 1 chars with 0 blanks and 1 valid
5.0637 	DEBUG 	TextBox2 loaded 1 chars with 0 blanks and 1 valid
5.0648 	DEBUG 	TextBox2 loaded 1 chars with 0 blanks and 1 valid
5.0657 	DEBUG 	TextBox2 loaded 1 chars with 0 blanks and 1 valid
5.0665 	DEBUG 	TextBox2 loaded 1 chars with 0 blanks and 1 valid
5.0677 	DEBUG 	TextBox2 loaded 1 chars with 0 blanks and 1 valid
5.0686 	DEBUG 	TextBox2 loaded 1 chars with 0 blanks and 1 valid
5.0696 	DEBUG 	TextBox2 loaded 1 chars with 0 blanks and 1 valid
5.0706 	DEBUG 	TextBox2 loaded 1 chars with 0 blanks and 1 valid
5.0710 	DEBUG 	Uploading Texture Font fontname to graphics card
5.0720 	DEBUG 	Upload of Texture Font fontname complete
5.0795 	DEBUG 	TextBox2 loaded 1 chars with 0 blanks and 1 valid
5.0798 	DEBUG 	Uploading Texture Font fontname to graphics card
5.0857 	DEBUG 	Upload of Texture Font fontname complete
5.0998 	DEBUG 	TextBox2 loaded 1 chars with 0 blanks and 1 valid
5.1001 	DEBUG 	Uploading Texture Font fontname to graphics card
5.1011 	DEBUG 	Upload of Texture Font fontname complete
5.1148 	DEBUG 	TextBox2 loaded 1 chars with 0 blanks and 1 valid
5.1151 	DEBUG 	Uploading Texture Font fontname to graphics card
5.1161 	DEBUG 	Upload of Texture Font fontname complete
5.1296 	DEBUG 	TextBox2 loaded 1 chars with 0 blanks and 1 valid
5.1299 	DEBUG 	Uploading Texture Font fontname to graphics card
5.1309 	DEBUG 	Upload of Texture Font fontname complete
5.1446 	DEBUG 	TextBox2 loaded 1 chars with 0 blanks and 1 valid
5.1449 	DEBUG 	Uploading Texture Font fontname to graphics card
5.1459 	DEBUG 	Upload of Texture Font fontname complete
5.1594 	DEBUG 	TextBox2 loaded 1 chars with 0 blanks and 1 valid
5.1596 	DEBUG 	Uploading Texture Font fontname to graphics card
5.1606 	DEBUG 	Upload of Texture Font fontname complete
5.1741 	DEBUG 	TextBox2 loaded 1 chars with 0 blanks and 1 valid
5.1744 	DEBUG 	Uploading Texture Font fontname to graphics card
5.1754 	DEBUG 	Upload of Texture Font fontname complete
5.1888 	DEBUG 	TextBox2 loaded 1 chars with 0 blanks and 1 valid
5.1891 	DEBUG 	Uploading Texture Font fontname to graphics card
5.1901 	DEBUG 	Upload of Texture Font fontname complete
5.2037 	DEBUG 	TextBox2 loaded 1 chars with 0 blanks and 1 valid
5.2040 	DEBUG 	Uploading Texture Font fontname to graphics card
5.2051 	DEBUG 	Upload of Texture Font fontname complete
5.2704 	EXP 	Created slider_3 = Slider(__class__=<class 'psychopy.visual.slider.Slider'>, autoDraw=False, autoLog=True, borderColor=None, color=None, colorSpace='rgb', depth=-7, fillColor=None, flip=False, font='Noto Sans', granularity=1, labelColor=None, labelHeight=np.float64(0.05), labelWrapWidth=None, labels=(0, 1, 2, 3, 4, 5, 6, 7, 8, 9), lineColor=None, markerColor=None, name='slider_3', opacity=None, ori=0.0, pos=array([ 0. , -0.4]), readOnly=False, self=UNKNOWN, size=array([1. , 0.1]), startValue=None, style='choice', styleTweaks=[], ticks=array([0, 1, 2, 3, 4, 5, 6, 7, 8, 9]), units='norm', win=Window(...))
5.2735 	WARNING 	Font b'Arial' was requested. No similar font found.
5.2792 	WARNING 	Font b'Arial' was requested. No similar font found.
5.2850 	EXP 	Created fix = TextStim(__class__=<class 'psychopy.visual.text.TextStim'>, alignHoriz=method-wrapper(...), alignText='center', alignVert=method-wrapper(...), anchorHoriz='center', anchorVert='center', antialias=True, autoDraw=False, autoLog=True, bold=False, color=array([1., 1., 1.]), colorSpace='rgb', contrast=1.0, depth=-1.0, draggable=False, flipHoriz=False, flipVert=False, font='Open Sans', fontFiles=[], height=np.float64(0.1), italic=False, languageStyle='LTR', name='fix', opacity=1, ori=0.0, pos=array([0., 0.]), rgb=UNKNOWN, text='+', units='height', win=Window(...), wrapWidth=1)
5.2876 	EXP 	Created prog_2 = Progress(__class__=<class 'psychopy.visual.progress.Progress'>, anchor=('left', 'top'), autoDraw=False, autoLog=True, closeShape=True, color=method-wrapper(...), colorSpace='rgb', contrast=None, depth=-1, draggable=False, fillColor=array([-1.    ,  0.5373, -1.    ]), fillColorSpace='rgb', fillRGB=array([-1.    ,  0.5373, -1.    ]), interpolate=True, lineColor=array([1., 1., 1.]), lineColorSpace='rgb', lineRGB=array([1, 1, 1]), lineWidth=4.0, name='prog_2', opacity=1.0, ori=0.0, pos=array([-0.5,  0.5]), size=array([1. , 0.1]), units='norm', vertices=ndarray(...), win=Window(...), windingRule=None)
5.2899 	EXP 	Created prog_2Bar = ShapeStim(__class__=<class 'psychopy.visual.shape.ShapeStim'>, anchor=('left', 'top'), autoDraw=False, autoLog=True, closeShape=True, color=method-wrapper(...), colorSpace='rgb', contrast=None, depth=-1, draggable=False, fillColor=array([ 1., -1., -1.]), fillColorSpace='rgb', fillRGB=array([ 1., -1., -1.]), interpolate=True, lineColor=array([0., 0., 0.]), lineColorSpace='rgb', lineRGB=array([0, 0, 0]), lineWidth=1.5, name='prog_2Bar', opacity=1.0, ori=0.0, pos=array([-0.5,  0.5]), size=array([1. , 0.1]), units='norm', vertices=ndarray(...), win=Window(...), windingRule=None)
5.2919 	EXP 	Created greenbar_2 = Rect(__class__=<class 'psychopy.visual.rect.Rect'>, anchor=('left', 'center'), autoDraw=False, autoLog=True, closeShape=True, color=method-wrapper(...), colorSpace='rgb', contrast=None, depth=-2.0, draggable=False, fillColor=array([-1.    ,  0.0039, -1.    ]), fillColorSpace='rgb', fillRGB=array([-1.    ,  0.0039, -1.    ]), interpolate=True, lineColor=array([1., 1., 1.]), lineColorSpace='rgb', lineRGB=array([1, 1, 1]), lineWidth=1.0, name='greenbar_2', opacity=1, ori=0.0, pos=array([0.33333333, 0.7       ]), size=array([0.66666667, 0.1       ]), units='norm', vertices=ndarray(...), win=Window(...))
5.2938 	EXP 	Created yellowbar_2 = Rect(__class__=<class 'psychopy.visual.rect.Rect'>, anchor=('left', 'center'), autoDraw=False, autoLog=True, closeShape=True, color=method-wrapper(...), colorSpace='rgb', contrast=None, depth=-3.0, draggable=False, fillColor=array([ 1.,  1., -1.]), fillColorSpace='rgb', fillRGB=array([ 1.,  1., -1.]), interpolate=True, lineColor=array([1., 1., 1.]), lineColorSpace='rgb', lineRGB=array([1, 1, 1]), lineWidth=1.0, name='yellowbar_2', opacity=1, ori=0.0, pos=array([-0.33333333,  0.7       ]), size=array([0.66666667, 0.1       ]), units='norm', vertices=ndarray(...), win=Window(...))
5.2960 	EXP 	Created redbar_2 = Rect(__class__=<class 'psychopy.visual.rect.Rect'>, anchor=('left', 'center'), autoDraw=False, autoLog=True, closeShape=True, color=method-wrapper(...), colorSpace='rgb', contrast=None, depth=-4.0, draggable=False, fillColor=array([ 1., -1., -1.]), fillColorSpace='rgb', fillRGB=array([ 1., -1., -1.]), interpolate=True, lineColor=array([1., 1., 1.]), lineColorSpace='rgb', lineRGB=array([1, 1, 1]), lineWidth=1.0, name='redbar_2', opacity=1, ori=0.0, pos=array([-1. ,  0.7]), size=array([0.66666667, 0.1       ]), units='norm', vertices=ndarray(...), win=Window(...))
5.2983 	EXP 	Created arrow_2 = ShapeStim(__class__=<class 'psychopy.visual.shape.ShapeStim'>, anchor=('center', 'center'), autoDraw=False, autoLog=True, closeShape=True, color=method-wrapper(...), colorSpace='rgb', contrast=None, depth=-5.0, draggable=False, fillColor=array([1, 1, 1]), fillColorSpace='rgb', fillRGB=array([1, 1, 1]), interpolate=True, lineColor=array([1., 1., 1.]), lineColorSpace='rgb', lineRGB=array([1, 1, 1]), lineWidth=1.0, name='arrow_2', opacity=1, ori=0.0, pos=array([0., 0.]), size=array([0.05, 0.05]), units='norm', vertices=ndarray(...), win=Window(...), windingRule=None)
5.3011 	WARNING 	Font b'Arial' was requested. No similar font found.
5.3069 	WARNING 	Font b'Arial' was requested. No similar font found.
5.4938 	EXP 	Created slider_2 = Slider(__class__=<class 'psychopy.visual.slider.Slider'>, autoDraw=False, autoLog=True, borderColor=None, color=None, colorSpace='rgb', depth=-7, fillColor=None, flip=False, font='Noto Sans', granularity=1, labelColor=None, labelHeight=np.float64(0.05), labelWrapWidth=None, labels=(0, 1, 2, 3, 4, 5, 6, 7, 8, 9), lineColor=None, markerColor=None, name='slider_2', opacity=None, ori=0.0, pos=array([ 0. , -0.4]), readOnly=False, self=UNKNOWN, size=array([1. , 0.1]), startValue=None, style='choice', styleTweaks=[], ticks=array([0, 1, 2, 3, 4, 5, 6, 7, 8, 9]), units='norm', win=Window(...))
5.4969 	WARNING 	Font b'Arial' was requested. No similar font found.
5.5026 	WARNING 	Font b'Arial' was requested. No similar font found.
5.5084 	EXP 	Created fix = TextStim(__class__=<class 'psychopy.visual.text.TextStim'>, alignHoriz=method-wrapper(...), alignText='center', alignVert=method-wrapper(...), anchorHoriz='center', anchorVert='center', antialias=True, autoDraw=False, autoLog=True, bold=False, color=array([1., 1., 1.]), colorSpace='rgb', contrast=1.0, depth=-1.0, draggable=False, flipHoriz=False, flipVert=False, font='Open Sans', fontFiles=[], height=np.float64(0.1), italic=False, languageStyle='LTR', name='fix', opacity=1, ori=0.0, pos=array([0., 0.]), rgb=UNKNOWN, text='+', units='height', win=Window(...), wrapWidth=1)
5.5109 	EXP 	Created prog = Progress(__class__=<class 'psychopy.visual.progress.Progress'>, anchor=('left', 'top'), autoDraw=False, autoLog=True, closeShape=True, color=method-wrapper(...), colorSpace='rgb', contrast=None, depth=-1, draggable=False, fillColor=array([-1.    ,  0.5373, -1.    ]), fillColorSpace='rgb', fillRGB=array([-1.    ,  0.5373, -1.    ]), interpolate=True, lineColor=array([1., 1., 1.]), lineColorSpace='rgb', lineRGB=array([1, 1, 1]), lineWidth=4.0, name='prog', opacity=1.0, ori=0.0, pos=array([-0.5,  0.5]), size=array([1. , 0.1]), units='norm', vertices=ndarray(...), win=Window(...), windingRule=None)
5.5131 	EXP 	Created progBar = ShapeStim(__class__=<class 'psychopy.visual.shape.ShapeStim'>, anchor=('left', 'top'), autoDraw=False, autoLog=True, closeShape=True, color=method-wrapper(...), colorSpace='rgb', contrast=None, depth=-1, draggable=False, fillColor=array([ 1., -1., -1.]), fillColorSpace='rgb', fillRGB=array([ 1., -1., -1.]), interpolate=True, lineColor=array([0., 0., 0.]), lineColorSpace='rgb', lineRGB=array([0, 0, 0]), lineWidth=1.5, name='progBar', opacity=1.0, ori=0.0, pos=array([-0.5,  0.5]), size=array([1. , 0.1]), units='norm', vertices=ndarray(...), win=Window(...), windingRule=None)
5.5151 	EXP 	Created greenbar = Rect(__class__=<class 'psychopy.visual.rect.Rect'>, anchor=('left', 'center'), autoDraw=False, autoLog=True, closeShape=True, color=method-wrapper(...), colorSpace='rgb', contrast=None, depth=-2.0, draggable=False, fillColor=array([-1.    ,  0.0039, -1.    ]), fillColorSpace='rgb', fillRGB=array([-1.    ,  0.0039, -1.    ]), interpolate=True, lineColor=array([1., 1., 1.]), lineColorSpace='rgb', lineRGB=array([1, 1, 1]), lineWidth=1.0, name='greenbar', opacity=1, ori=0.0, pos=array([0.33333333, 0.7       ]), size=array([0.66666667, 0.1       ]), units='norm', vertices=ndarray(...), win=Window(...))
5.5170 	EXP 	Created yellowbar = Rect(__class__=<class 'psychopy.visual.rect.Rect'>, anchor=('left', 'center'), autoDraw=False, autoLog=True, closeShape=True, color=method-wrapper(...), colorSpace='rgb', contrast=None, depth=-3.0, draggable=False, fillColor=array([ 1.,  1., -1.]), fillColorSpace='rgb', fillRGB=array([ 1.,  1., -1.]), interpolate=True, lineColor=array([1., 1., 1.]), lineColorSpace='rgb', lineRGB=array([1, 1, 1]), lineWidth=1.0, name='yellowbar', opacity=1, ori=0.0, pos=array([-0.33333333,  0.7       ]), size=array([0.66666667, 0.1       ]), units='norm', vertices=ndarray(...), win=Window(...))
5.5189 	EXP 	Created redbar = Rect(__class__=<class 'psychopy.visual.rect.Rect'>, anchor=('left', 'center'), autoDraw=False, autoLog=True, closeShape=True, color=method-wrapper(...), colorSpace='rgb', contrast=None, depth=-4.0, draggable=False, fillColor=array([ 1., -1., -1.]), fillColorSpace='rgb', fillRGB=array([ 1., -1., -1.]), interpolate=True, lineColor=array([1., 1., 1.]), lineColorSpace='rgb', lineRGB=array([1, 1, 1]), lineWidth=1.0, name='redbar', opacity=1, ori=0.0, pos=array([-1. ,  0.7]), size=array([0.66666667, 0.1       ]), units='norm', vertices=ndarray(...), win=Window(...))
5.5212 	EXP 	Created arrow = ShapeStim(__class__=<class 'psychopy.visual.shape.ShapeStim'>, anchor=('center', 'center'), autoDraw=False, autoLog=True, closeShape=True, color=method-wrapper(...), colorSpace='rgb', contrast=None, depth=-5.0, draggable=False, fillColor=array([1, 1, 1]), fillColorSpace='rgb', fillRGB=array([1, 1, 1]), interpolate=True, lineColor=array([1., 1., 1.]), lineColorSpace='rgb', lineRGB=array([1, 1, 1]), lineWidth=1.0, name='arrow', opacity=1, ori=0.0, pos=array([0., 0.]), size=array([0.05, 0.05]), units='norm', vertices=ndarray(...), win=Window(...), windingRule=None)
5.5239 	WARNING 	Font b'Arial' was requested. No similar font found.
5.5296 	WARNING 	Font b'Arial' was requested. No similar font found.
5.7151 	EXP 	Created slider = Slider(__class__=<class 'psychopy.visual.slider.Slider'>, autoDraw=False, autoLog=True, borderColor=None, color=None, colorSpace='rgb', depth=-7, fillColor=None, flip=False, font='Noto Sans', granularity=1, labelColor=None, labelHeight=np.float64(0.05), labelWrapWidth=None, labels=(0, 1, 2, 3, 4, 5, 6, 7, 8, 9), lineColor=None, markerColor=None, name='slider', opacity=None, ori=0.0, pos=array([ 0. , -0.4]), readOnly=False, self=UNKNOWN, size=array([1. , 0.1]), startValue=None, style='choice', styleTweaks=[], ticks=array([0, 1, 2, 3, 4, 5, 6, 7, 8, 9]), units='norm', win=Window(...))
5.7181 	WARNING 	Font b'Arial' was requested. No similar font found.
5.7240 	WARNING 	Font b'Arial' was requested. No similar font found.
0.0177 	EXP 	prog_3: direction = 'horizontal'
0.0177 	EXP 	prog_3: progress = 0.0
0.0177 	EXP 	textbox_4: autoLog = True
0.0177 	EXP 	slider_3: autoLog = True
0.0177 	EXP 	slider_3: styleTweaks = []
0.0177 	EXP 	slider_3: styleTweaks = []
0.0177 	EXP 	slider_3: styleTweaks = []
0.0177 	EXP 	slider_3: styleTweaks = []
0.0177 	EXP 	slider_3: contrast = 1.0
0.0177 	EXP 	slider_3: markerPos = None
0.0177 	EXP 	slider_3: autoLog = True
0.0177 	EXP 	textbox_2: autoLog = True
0.0177 	EXP 	prog_2: direction = 'horizontal'
0.0177 	EXP 	prog_2: progress = 0.0
0.0177 	EXP 	textbox_3: autoLog = True
0.0177 	EXP 	slider_2: autoLog = True
0.0177 	EXP 	slider_2: styleTweaks = []
0.0177 	EXP 	slider_2: styleTweaks = []
0.0177 	EXP 	slider_2: styleTweaks = []
0.0177 	EXP 	slider_2: styleTweaks = []
0.0177 	EXP 	slider_2: contrast = 1.0
0.0177 	EXP 	slider_2: markerPos = None
0.0177 	EXP 	slider_2: autoLog = True
0.0177 	EXP 	textbox_2: autoLog = True
0.0177 	EXP 	prog: direction = 'horizontal'
0.0177 	EXP 	prog: progress = 0.0
0.0177 	EXP 	textbox: autoLog = True
0.0177 	EXP 	slider: autoLog = True
0.0177 	EXP 	slider: styleTweaks = []
0.0177 	EXP 	slider: styleTweaks = []
0.0177 	EXP 	slider: styleTweaks = []
0.0177 	EXP 	slider: styleTweaks = []
0.0177 	EXP 	slider: contrast = 1.0
0.0177 	EXP 	slider: markerPos = None
0.0177 	EXP 	slider: autoLog = True
0.0177 	EXP 	textbox_2: autoLog = True
0.0356 	INFO 	Keyboard events cleared
0.0354 	EXP 	text: autoDraw = True
0.4214 	EXP 	Device response: <KeyPress from None: t=0.4053206443786621, value=l, duration=None>
0.4220 	DATA 	Keypress: l
0.4356 	INFO 	Keyboard events cleared
0.4355 	EXP 	text: autoDraw = False
0.4355 	EXP 	intstructs: autoDraw = True
0.5214 	EXP 	Device response: <KeyPress from None: t=0.4053206443786621, value=l, duration=0.11264801025390625>
0.8712 	EXP 	Device response: <KeyPress from None: t=0.8632049560546875, value=space, duration=None>
0.8714 	DATA 	Keypress: space
0.8720 	EXP 	New trial (rep=0, index=0): <Trial 0 (0 in rep 0) data={'thisN': 0, 'thisTrialN': 0, 'thisRepN': 0}>
0.8853 	EXP 	intstructs: autoDraw = False
0.8853 	EXP 	fix: autoDraw = True
0.9880 	EXP 	Device response: <KeyPress from None: t=0.8632049560546875, value=space, duration=0.11673545837402344>
1.3737 	DEBUG 	TextBox2 loaded 1 chars with 0 blanks and 1 valid
1.3745 	DEBUG 	TextBox2 loaded 1 chars with 0 blanks and 1 valid
1.3756 	DEBUG 	TextBox2 loaded 1 chars with 0 blanks and 1 valid
1.3768 	DEBUG 	TextBox2 loaded 1 chars with 0 blanks and 1 valid
1.3771 	DEBUG 	Uploading Texture Font fontname to graphics card
1.3778 	DEBUG 	Upload of Texture Font fontname complete
1.3911 	DEBUG 	Saving data for misty_module ExperimentHandler
1.3916 	INFO 	saved data to /home/hackerman/misty_py/data/pilot_misty_module_2026-01-29_17h33.37.788.psydat
1.3920 	INFO 	saved data to '/home/hackerman/misty_py/data/pilot_misty_module_2026-01-29_17h33.37.788.csv'
1.3963 	WARNING 	Stopping key buffers but this could be dangerous ifother keyboards rely on the same.
