8.6725 	WARNING 	Font Manager failed to load file /System/Library/PrivateFrameworks/FontServices.framework/Resources/Reserved/PingFangUI.ttc
8.7181 	WARNING 	Font Manager failed to load file /System/Library/PrivateFrameworks/FontServices.framework/Resources/Reserved/PingFangUI.ttc
10.4255 	DEBUG 	Fullscreen settings ignored as running in pilot mode.
10.4264 	INFO 	Loaded monitor calibration from ['2026_01_27 16:28']
10.5253 	INFO 	Using renderer 'Apple M4' for graphics
10.5253 	INFO 	OpenGL version supported by driver is 2..
10.5455 	EXP 	Created window1 = Window(allowGUI=False, allowStencil=True, autoLog=True, backendConf=UNKNOWN, backgroundFit=<method-wrapper '__getattribute__' of attributeSetter object at 0x1754a44c0>, backgroundImage=<method-wrapper '__getattribute__' of attributeSetter object at 0x1754a4460>, bitsMode=UNKNOWN, blendMode='avg', bpc=(8, 8, 8), color=array([0, 0, 0]), colorSpace='rgb', depthBits=8, fullscr=False, gamma=None, gammaErrorPolicy='raise', infoMsg=UNKNOWN, lms=UNKNOWN, monitor=<psychopy.monitors.calibTools.Monitor object at 0x1754fa1a0>, multiSample=False, name='window1', numSamples=2, pos=[np.float64(560.0), np.float64(240.0)], screen=0, size=array([800, 600]), stencilBits=8, stereo=False, title='PsychoPy', units='height', useFBO=True, useRetina=False, viewOri=0.0, viewPos=None, viewScale=None, waitBlanking=True, winType='pyglet')
10.5455 	EXP 	window1: backgroundImage = ''
10.5455 	EXP 	window1: backgroundFit = 'none'
10.5595 	DEBUG 	TextBox2 loaded 1 chars with 0 blanks and 1 valid
10.5672 	DEBUG 	TextBox2 loaded 1 chars with 0 blanks and 1 valid
10.5750 	DEBUG 	TextBox2 loaded 1 chars with 0 blanks and 1 valid
10.5828 	DEBUG 	TextBox2 loaded 1 chars with 0 blanks and 1 valid
10.5906 	DEBUG 	TextBox2 loaded 1 chars with 0 blanks and 1 valid
10.5981 	DEBUG 	TextBox2 loaded 1 chars with 0 blanks and 1 valid
10.6058 	DEBUG 	TextBox2 loaded 1 chars with 0 blanks and 1 valid
10.6135 	DEBUG 	TextBox2 loaded 1 chars with 0 blanks and 1 valid
10.6209 	DEBUG 	TextBox2 loaded 1 chars with 0 blanks and 1 valid
10.6284 	DEBUG 	TextBox2 loaded 1 chars with 0 blanks and 1 valid
10.6361 	DEBUG 	TextBox2 loaded 1 chars with 0 blanks and 1 valid
10.6437 	DEBUG 	TextBox2 loaded 1 chars with 0 blanks and 1 valid
10.6514 	DEBUG 	TextBox2 loaded 1 chars with 0 blanks and 1 valid
10.6590 	DEBUG 	TextBox2 loaded 1 chars with 0 blanks and 1 valid
10.6666 	DEBUG 	TextBox2 loaded 1 chars with 0 blanks and 1 valid
10.6743 	DEBUG 	TextBox2 loaded 1 chars with 0 blanks and 1 valid
10.6820 	DEBUG 	TextBox2 loaded 1 chars with 0 blanks and 1 valid
10.6895 	DEBUG 	TextBox2 loaded 1 chars with 0 blanks and 1 valid
10.6970 	DEBUG 	TextBox2 loaded 1 chars with 0 blanks and 1 valid
10.7049 	DEBUG 	TextBox2 loaded 1 chars with 0 blanks and 1 valid
10.7124 	DEBUG 	TextBox2 loaded 1 chars with 0 blanks and 1 valid
10.7125 	DEBUG 	Uploading Texture Font fontname to graphics card
10.7152 	DEBUG 	Upload of Texture Font fontname complete
10.7258 	DEBUG 	TextBox2 loaded 1 chars with 0 blanks and 1 valid
10.7337 	DEBUG 	TextBox2 loaded 1 chars with 0 blanks and 1 valid
10.7414 	DEBUG 	TextBox2 loaded 1 chars with 0 blanks and 1 valid
10.7415 	DEBUG 	Uploading Texture Font fontname to graphics card
10.7430 	DEBUG 	Upload of Texture Font fontname complete
10.7439 	EXP 	window1: Attempting to measure frame rate of screen (0) ...
10.7439 	EXP 	window1: recordFrameIntervals = False
10.8849 	EXP 	window1: recordFrameIntervals = True
11.0327 	EXP 	Screen (0) actual frame rate measured at 74.76Hz
11.0327 	EXP 	window1: recordFrameIntervals = False
11.0490 	DEBUG 	TextBox2 loaded 1 chars with 0 blanks and 1 valid
11.0591 	DEBUG 	TextBox2 loaded 1 chars with 0 blanks and 1 valid
11.0684 	DEBUG 	TextBox2 loaded 1 chars with 0 blanks and 1 valid
11.0772 	DEBUG 	TextBox2 loaded 1 chars with 0 blanks and 1 valid
11.0857 	DEBUG 	TextBox2 loaded 1 chars with 0 blanks and 1 valid
11.0939 	DEBUG 	TextBox2 loaded 1 chars with 0 blanks and 1 valid
11.1014 	DEBUG 	TextBox2 loaded 1 chars with 0 blanks and 1 valid
11.1090 	DEBUG 	TextBox2 loaded 1 chars with 0 blanks and 1 valid
11.1168 	DEBUG 	TextBox2 loaded 1 chars with 0 blanks and 1 valid
11.1246 	DEBUG 	TextBox2 loaded 1 chars with 0 blanks and 1 valid
11.1248 	DEBUG 	Uploading Texture Font fontname to graphics card
11.1266 	DEBUG 	Upload of Texture Font fontname complete
12.2988 	INFO 	keyboard.Keyboard is using ptb backend.
12.2988 	EXP 	misty_module: status = STARTED
12.3361 	EXP 	Created text = TextStim(__class__=<class 'psychopy.visual.text.TextStim'>, alignHoriz=method-wrapper(...), alignText='center', alignVert=method-wrapper(...), anchorHoriz='center', anchorVert='center', antialias=True, autoDraw=False, autoLog=True, bold=False, color=array([1., 1., 1.]), colorSpace='rgb', contrast=1.0, depth=0.0, draggable=False, flipHoriz=False, flipVert=False, font='Arial', fontFiles=[], height=np.float64(0.05), italic=False, languageStyle='LTR', name='text', opacity=1, ori=0.0, pos=array([0., 0.]), rgb=UNKNOWN, text=str(...), units='height', win=Window(...), wrapWidth=1)
12.3436 	EXP 	Created intstructs = TextStim(__class__=<class 'psychopy.visual.text.TextStim'>, alignHoriz=method-wrapper(...), alignText='center', alignVert=method-wrapper(...), anchorHoriz='center', anchorVert='center', antialias=True, autoDraw=False, autoLog=True, bold=False, color=array([1., 1., 1.]), colorSpace='rgb', contrast=1.0, depth=0.0, draggable=False, flipHoriz=False, flipVert=False, font='Arial', fontFiles=[], height=np.float64(0.05), italic=False, languageStyle='LTR', name='intstructs', opacity=1, ori=0.0, pos=array([0., 0.]), rgb=UNKNOWN, text=str(...), units='height', win=Window(...), wrapWidth=1)
12.3475 	EXP 	Created fix = TextStim(__class__=<class 'psychopy.visual.text.TextStim'>, alignHoriz=method-wrapper(...), alignText='center', alignVert=method-wrapper(...), anchorHoriz='center', anchorVert='center', antialias=True, autoDraw=False, autoLog=True, bold=False, color=array([1., 1., 1.]), colorSpace='rgb', contrast=1.0, depth=-1.0, draggable=False, flipHoriz=False, flipVert=False, font='Open Sans', fontFiles=[], height=np.float64(0.1), italic=False, languageStyle='LTR', name='fix', opacity=1, ori=0.0, pos=array([0., 0.]), rgb=UNKNOWN, text='+', units='height', win=Window(...), wrapWidth=1)
12.3535 	DEBUG 	TextBox2 loaded 1 chars with 0 blanks and 1 valid
12.3540 	DEBUG 	TextBox2 loaded 1 chars with 0 blanks and 1 valid
12.3546 	DEBUG 	TextBox2 loaded 1 chars with 0 blanks and 1 valid
12.3550 	DEBUG 	TextBox2 loaded 1 chars with 0 blanks and 1 valid
12.3552 	DEBUG 	TextBox2 loaded 1 chars with 0 blanks and 1 valid
12.3554 	DEBUG 	TextBox2 loaded 1 chars with 0 blanks and 1 valid
12.3559 	DEBUG 	TextBox2 loaded 1 chars with 0 blanks and 1 valid
12.3563 	DEBUG 	TextBox2 loaded 1 chars with 0 blanks and 1 valid
12.3565 	DEBUG 	TextBox2 loaded 1 chars with 0 blanks and 1 valid
12.3566 	DEBUG 	Uploading Texture Font fontname to graphics card
12.3588 	DEBUG 	Upload of Texture Font fontname complete
12.3819 	DEBUG 	TextBox2 loaded 1 chars with 0 blanks and 1 valid
12.3820 	DEBUG 	Uploading Texture Font fontname to graphics card
12.3842 	DEBUG 	Upload of Texture Font fontname complete
12.3944 	DEBUG 	TextBox2 loaded 1 chars with 0 blanks and 1 valid
12.4020 	DEBUG 	TextBox2 loaded 1 chars with 0 blanks and 1 valid
12.4096 	DEBUG 	TextBox2 loaded 1 chars with 0 blanks and 1 valid
12.4171 	DEBUG 	TextBox2 loaded 1 chars with 0 blanks and 1 valid
12.4246 	DEBUG 	TextBox2 loaded 1 chars with 0 blanks and 1 valid
12.4320 	DEBUG 	TextBox2 loaded 1 chars with 0 blanks and 1 valid
12.4396 	DEBUG 	TextBox2 loaded 1 chars with 0 blanks and 1 valid
12.4471 	DEBUG 	TextBox2 loaded 1 chars with 0 blanks and 1 valid
12.4546 	DEBUG 	TextBox2 loaded 1 chars with 0 blanks and 1 valid
12.4620 	DEBUG 	TextBox2 loaded 1 chars with 0 blanks and 1 valid
12.4621 	DEBUG 	Uploading Texture Font fontname to graphics card
12.4638 	DEBUG 	Upload of Texture Font fontname complete
12.4738 	DEBUG 	TextBox2 loaded 1 chars with 0 blanks and 1 valid
12.4738 	DEBUG 	Uploading Texture Font fontname to graphics card
12.4753 	DEBUG 	Upload of Texture Font fontname complete
12.4877 	DEBUG 	TextBox2 loaded 1 chars with 0 blanks and 1 valid
12.4877 	DEBUG 	Uploading Texture Font fontname to graphics card
12.4892 	DEBUG 	Upload of Texture Font fontname complete
12.5015 	DEBUG 	TextBox2 loaded 1 chars with 0 blanks and 1 valid
12.5016 	DEBUG 	Uploading Texture Font fontname to graphics card
12.5031 	DEBUG 	Upload of Texture Font fontname complete
12.5154 	DEBUG 	TextBox2 loaded 1 chars with 0 blanks and 1 valid
12.5154 	DEBUG 	Uploading Texture Font fontname to graphics card
12.5169 	DEBUG 	Upload of Texture Font fontname complete
12.5294 	DEBUG 	TextBox2 loaded 1 chars with 0 blanks and 1 valid
12.5295 	DEBUG 	Uploading Texture Font fontname to graphics card
12.5310 	DEBUG 	Upload of Texture Font fontname complete
12.5432 	DEBUG 	TextBox2 loaded 1 chars with 0 blanks and 1 valid
12.5433 	DEBUG 	Uploading Texture Font fontname to graphics card
12.5448 	DEBUG 	Upload of Texture Font fontname complete
12.5571 	DEBUG 	TextBox2 loaded 1 chars with 0 blanks and 1 valid
12.5572 	DEBUG 	Uploading Texture Font fontname to graphics card
12.5586 	DEBUG 	Upload of Texture Font fontname complete
12.5709 	DEBUG 	TextBox2 loaded 1 chars with 0 blanks and 1 valid
12.5709 	DEBUG 	Uploading Texture Font fontname to graphics card
12.5724 	DEBUG 	Upload of Texture Font fontname complete
12.5847 	DEBUG 	TextBox2 loaded 1 chars with 0 blanks and 1 valid
12.5847 	DEBUG 	Uploading Texture Font fontname to graphics card
12.5862 	DEBUG 	Upload of Texture Font fontname complete
12.6098 	EXP 	Created slider_3 = Slider(__class__=<class 'psychopy.visual.slider.Slider'>, autoDraw=False, autoLog=True, borderColor=None, color=None, colorSpace='rgb', depth=-2, fillColor=None, flip=False, font='Noto Sans', granularity=1, labelColor=None, labelHeight=np.float64(0.05), labelWrapWidth=None, labels=(0, 1, 2, 3, 4, 5, 6, 7, 8, 9), lineColor=None, markerColor=None, name='slider_3', opacity=None, ori=0.0, pos=array([ 0. , -0.4]), readOnly=False, self=UNKNOWN, size=array([1. , 0.1]), startValue=None, style='choice', styleTweaks=[], ticks=array([0, 1, 2, 3, 4, 5, 6, 7, 8, 9]), units='norm', win=Window(...))
12.6167 	EXP 	Created text_2 = TextStim(__class__=<class 'psychopy.visual.text.TextStim'>, alignHoriz=method-wrapper(...), alignText='center', alignVert=method-wrapper(...), anchorHoriz='center', anchorVert='center', antialias=True, autoDraw=False, autoLog=True, bold=False, color=array([1., 1., 1.]), colorSpace='rgb', contrast=1.0, depth=0.0, draggable=False, flipHoriz=False, flipVert=False, font='Arial', fontFiles=[], height=np.float64(0.05), italic=False, languageStyle='LTR', name='text_2', opacity=1, ori=0.0, pos=array([0., 0.]), rgb=UNKNOWN, text=str(...), units='height', win=Window(...), wrapWidth=1)
12.6174 	EXP 	Created fix = TextStim(__class__=<class 'psychopy.visual.text.TextStim'>, alignHoriz=method-wrapper(...), alignText='center', alignVert=method-wrapper(...), anchorHoriz='center', anchorVert='center', antialias=True, autoDraw=False, autoLog=True, bold=False, color=array([1., 1., 1.]), colorSpace='rgb', contrast=1.0, depth=-1.0, draggable=False, flipHoriz=False, flipVert=False, font='Open Sans', fontFiles=[], height=np.float64(0.1), italic=False, languageStyle='LTR', name='fix', opacity=1, ori=0.0, pos=array([0., 0.]), rgb=UNKNOWN, text='+', units='height', win=Window(...), wrapWidth=1)
12.6196 	EXP 	Created prog_3 = Progress(__class__=<class 'psychopy.visual.progress.Progress'>, anchor=('left', 'top'), autoDraw=False, autoLog=True, closeShape=True, color=method-wrapper(...), colorSpace='rgb', contrast=None, depth=-1, draggable=False, fillColor=array([-1.    ,  0.5373, -1.    ]), fillColorSpace='rgb', fillRGB=array([-1.    ,  0.5373, -1.    ]), interpolate=True, lineColor=array([1., 1., 1.]), lineColorSpace='rgb', lineRGB=array([1, 1, 1]), lineWidth=4.0, name='prog_3', opacity=1.0, ori=0.0, pos=array([-0.5,  0.5]), size=array([1. , 0.1]), units='norm', vertices=ndarray(...), win=Window(...), windingRule=None)
12.6203 	EXP 	Created prog_3Bar = ShapeStim(__class__=<class 'psychopy.visual.shape.ShapeStim'>, anchor=('left', 'top'), autoDraw=False, autoLog=True, closeShape=True, color=method-wrapper(...), colorSpace='rgb', contrast=None, depth=-1, draggable=False, fillColor=array([ 1., -1., -1.]), fillColorSpace='rgb', fillRGB=array([ 1., -1., -1.]), interpolate=True, lineColor=array([0., 0., 0.]), lineColorSpace='rgb', lineRGB=array([0, 0, 0]), lineWidth=1.5, name='prog_3Bar', opacity=1.0, ori=0.0, pos=array([-0.5,  0.5]), size=array([1. , 0.1]), units='norm', vertices=ndarray(...), win=Window(...), windingRule=None)
12.6208 	EXP 	Created greenbar_3 = Rect(__class__=<class 'psychopy.visual.rect.Rect'>, anchor=('left', 'center'), autoDraw=False, autoLog=True, closeShape=True, color=method-wrapper(...), colorSpace='rgb', contrast=None, depth=-2.0, draggable=False, fillColor=array([-1.    ,  0.0039, -1.    ]), fillColorSpace='rgb', fillRGB=array([-1.    ,  0.0039, -1.    ]), interpolate=True, lineColor=array([1., 1., 1.]), lineColorSpace='rgb', lineRGB=array([1, 1, 1]), lineWidth=1.0, name='greenbar_3', opacity=1, ori=0.0, pos=array([0.33333333, 0.7       ]), size=array([0.66666667, 0.1       ]), units='norm', vertices=ndarray(...), win=Window(...))
12.6213 	EXP 	Created yellowbar_3 = Rect(__class__=<class 'psychopy.visual.rect.Rect'>, anchor=('left', 'center'), autoDraw=False, autoLog=True, closeShape=True, color=method-wrapper(...), colorSpace='rgb', contrast=None, depth=-3.0, draggable=False, fillColor=array([ 1.,  1., -1.]), fillColorSpace='rgb', fillRGB=array([ 1.,  1., -1.]), interpolate=True, lineColor=array([1., 1., 1.]), lineColorSpace='rgb', lineRGB=array([1, 1, 1]), lineWidth=1.0, name='yellowbar_3', opacity=1, ori=0.0, pos=array([-0.33333333,  0.7       ]), size=array([0.66666667, 0.1       ]), units='norm', vertices=ndarray(...), win=Window(...))
12.6219 	EXP 	Created redbar_3 = Rect(__class__=<class 'psychopy.visual.rect.Rect'>, anchor=('left', 'center'), autoDraw=False, autoLog=True, closeShape=True, color=method-wrapper(...), colorSpace='rgb', contrast=None, depth=-4.0, draggable=False, fillColor=array([ 1., -1., -1.]), fillColorSpace='rgb', fillRGB=array([ 1., -1., -1.]), interpolate=True, lineColor=array([1., 1., 1.]), lineColorSpace='rgb', lineRGB=array([1, 1, 1]), lineWidth=1.0, name='redbar_3', opacity=1, ori=0.0, pos=array([-1. ,  0.7]), size=array([0.66666667, 0.1       ]), units='norm', vertices=ndarray(...), win=Window(...))
12.6227 	EXP 	Created arrow_3 = ShapeStim(__class__=<class 'psychopy.visual.shape.ShapeStim'>, anchor=('center', 'center'), autoDraw=False, autoLog=True, closeShape=True, color=method-wrapper(...), colorSpace='rgb', contrast=None, depth=-5.0, draggable=False, fillColor=array([1, 1, 1]), fillColorSpace='rgb', fillRGB=array([1, 1, 1]), interpolate=True, lineColor=array([1., 1., 1.]), lineColorSpace='rgb', lineRGB=array([1, 1, 1]), lineWidth=1.0, name='arrow_3', opacity=1, ori=0.0, pos=array([0., 0.]), size=array([0.05, 0.05]), units='norm', vertices=ndarray(...), win=Window(...), windingRule=None)
12.6964 	EXP 	Created slider_4 = Slider(__class__=<class 'psychopy.visual.slider.Slider'>, autoDraw=False, autoLog=True, borderColor=None, color=None, colorSpace='rgb', depth=-7, fillColor=None, flip=False, font='Noto Sans', granularity=1, labelColor=None, labelHeight=np.float64(0.05), labelWrapWidth=None, labels=(0, 1, 2, 3, 4, 5, 6, 7, 8, 9), lineColor=None, markerColor=None, name='slider_4', opacity=None, ori=0.0, pos=array([ 0. , -0.4]), readOnly=False, self=UNKNOWN, size=array([1. , 0.1]), startValue=None, style='choice', styleTweaks=[], ticks=array([0, 1, 2, 3, 4, 5, 6, 7, 8, 9]), units='norm', win=Window(...))
12.7024 	EXP 	Created text_3 = TextStim(__class__=<class 'psychopy.visual.text.TextStim'>, alignHoriz=method-wrapper(...), alignText='center', alignVert=method-wrapper(...), anchorHoriz='center', anchorVert='center', antialias=True, autoDraw=False, autoLog=True, bold=False, color=array([1., 1., 1.]), colorSpace='rgb', contrast=1.0, depth=0.0, draggable=False, flipHoriz=False, flipVert=False, font='Arial', fontFiles=[], height=np.float64(0.05), italic=False, languageStyle='LTR', name='text_3', opacity=1, ori=0.0, pos=array([0., 0.]), rgb=UNKNOWN, text='Training instructions here', units='height', win=Window(...), wrapWidth=1)
12.7031 	EXP 	Created fix = TextStim(__class__=<class 'psychopy.visual.text.TextStim'>, alignHoriz=method-wrapper(...), alignText='center', alignVert=method-wrapper(...), anchorHoriz='center', anchorVert='center', antialias=True, autoDraw=False, autoLog=True, bold=False, color=array([1., 1., 1.]), colorSpace='rgb', contrast=1.0, depth=-1.0, draggable=False, flipHoriz=False, flipVert=False, font='Open Sans', fontFiles=[], height=np.float64(0.1), italic=False, languageStyle='LTR', name='fix', opacity=1, ori=0.0, pos=array([0., 0.]), rgb=UNKNOWN, text='+', units='height', win=Window(...), wrapWidth=1)
12.7755 	EXP 	Created slider_training = Slider(__class__=<class 'psychopy.visual.slider.Slider'>, autoDraw=False, autoLog=True, borderColor=None, color=None, colorSpace='rgb', depth=-2, fillColor=None, flip=False, font='Noto Sans', granularity=1, labelColor=None, labelHeight=np.float64(0.05), labelWrapWidth=None, labels=(0, 1, 2, 3, 4, 5, 6, 7, 8, 9), lineColor=None, markerColor=None, name='slider_training', opacity=None, ori=0.0, pos=array([ 0. , -0.4]), readOnly=False, self=UNKNOWN, size=array([1. , 0.1]), startValue=None, style='choice', styleTweaks=[], ticks=array([0, 1, 2, 3, 4, 5, 6, 7, 8, 9]), units='norm', win=Window(...))
12.7808 	EXP 	Created fix = TextStim(__class__=<class 'psychopy.visual.text.TextStim'>, alignHoriz=method-wrapper(...), alignText='center', alignVert=method-wrapper(...), anchorHoriz='center', anchorVert='center', antialias=True, autoDraw=False, autoLog=True, bold=False, color=array([1., 1., 1.]), colorSpace='rgb', contrast=1.0, depth=-1.0, draggable=False, flipHoriz=False, flipVert=False, font='Open Sans', fontFiles=[], height=np.float64(0.1), italic=False, languageStyle='LTR', name='fix', opacity=1, ori=0.0, pos=array([0., 0.]), rgb=UNKNOWN, text='+', units='height', win=Window(...), wrapWidth=1)
12.7816 	EXP 	Created prog = Progress(__class__=<class 'psychopy.visual.progress.Progress'>, anchor=('left', 'top'), autoDraw=False, autoLog=True, closeShape=True, color=method-wrapper(...), colorSpace='rgb', contrast=None, depth=-1, draggable=False, fillColor=array([-1.    ,  0.5373, -1.    ]), fillColorSpace='rgb', fillRGB=array([-1.    ,  0.5373, -1.    ]), interpolate=True, lineColor=array([1., 1., 1.]), lineColorSpace='rgb', lineRGB=array([1, 1, 1]), lineWidth=4.0, name='prog', opacity=1.0, ori=0.0, pos=array([-0.5,  0.5]), size=array([1. , 0.1]), units='norm', vertices=ndarray(...), win=Window(...), windingRule=None)
12.7823 	EXP 	Created progBar = ShapeStim(__class__=<class 'psychopy.visual.shape.ShapeStim'>, anchor=('left', 'top'), autoDraw=False, autoLog=True, closeShape=True, color=method-wrapper(...), colorSpace='rgb', contrast=None, depth=-1, draggable=False, fillColor=array([ 1., -1., -1.]), fillColorSpace='rgb', fillRGB=array([ 1., -1., -1.]), interpolate=True, lineColor=array([0., 0., 0.]), lineColorSpace='rgb', lineRGB=array([0, 0, 0]), lineWidth=1.5, name='progBar', opacity=1.0, ori=0.0, pos=array([-0.5,  0.5]), size=array([1. , 0.1]), units='norm', vertices=ndarray(...), win=Window(...), windingRule=None)
12.7829 	EXP 	Created greenbar = Rect(__class__=<class 'psychopy.visual.rect.Rect'>, anchor=('left', 'center'), autoDraw=False, autoLog=True, closeShape=True, color=method-wrapper(...), colorSpace='rgb', contrast=None, depth=-2.0, draggable=False, fillColor=array([-1.    ,  0.0039, -1.    ]), fillColorSpace='rgb', fillRGB=array([-1.    ,  0.0039, -1.    ]), interpolate=True, lineColor=array([1., 1., 1.]), lineColorSpace='rgb', lineRGB=array([1, 1, 1]), lineWidth=1.0, name='greenbar', opacity=1, ori=0.0, pos=array([0.33333333, 0.7       ]), size=array([0.66666667, 0.1       ]), units='norm', vertices=ndarray(...), win=Window(...))
12.7834 	EXP 	Created yellowbar = Rect(__class__=<class 'psychopy.visual.rect.Rect'>, anchor=('left', 'center'), autoDraw=False, autoLog=True, closeShape=True, color=method-wrapper(...), colorSpace='rgb', contrast=None, depth=-3.0, draggable=False, fillColor=array([ 1.,  1., -1.]), fillColorSpace='rgb', fillRGB=array([ 1.,  1., -1.]), interpolate=True, lineColor=array([1., 1., 1.]), lineColorSpace='rgb', lineRGB=array([1, 1, 1]), lineWidth=1.0, name='yellowbar', opacity=1, ori=0.0, pos=array([-0.33333333,  0.7       ]), size=array([0.66666667, 0.1       ]), units='norm', vertices=ndarray(...), win=Window(...))
12.7839 	EXP 	Created redbar = Rect(__class__=<class 'psychopy.visual.rect.Rect'>, anchor=('left', 'center'), autoDraw=False, autoLog=True, closeShape=True, color=method-wrapper(...), colorSpace='rgb', contrast=None, depth=-4.0, draggable=False, fillColor=array([ 1., -1., -1.]), fillColorSpace='rgb', fillRGB=array([ 1., -1., -1.]), interpolate=True, lineColor=array([1., 1., 1.]), lineColorSpace='rgb', lineRGB=array([1, 1, 1]), lineWidth=1.0, name='redbar', opacity=1, ori=0.0, pos=array([-1. ,  0.7]), size=array([0.66666667, 0.1       ]), units='norm', vertices=ndarray(...), win=Window(...))
12.7849 	EXP 	Created arrow = ShapeStim(__class__=<class 'psychopy.visual.shape.ShapeStim'>, anchor=('center', 'center'), autoDraw=False, autoLog=True, closeShape=True, color=method-wrapper(...), colorSpace='rgb', contrast=None, depth=-5.0, draggable=False, fillColor=array([1, 1, 1]), fillColorSpace='rgb', fillRGB=array([1, 1, 1]), interpolate=True, lineColor=array([1., 1., 1.]), lineColorSpace='rgb', lineRGB=array([1, 1, 1]), lineWidth=1.0, name='arrow', opacity=1, ori=0.0, pos=array([0., 0.]), size=array([0.05, 0.05]), units='norm', vertices=ndarray(...), win=Window(...), windingRule=None)
12.8577 	EXP 	Created slider = Slider(__class__=<class 'psychopy.visual.slider.Slider'>, autoDraw=False, autoLog=True, borderColor=None, color=None, colorSpace='rgb', depth=-7, fillColor=None, flip=False, font='Noto Sans', granularity=1, labelColor=None, labelHeight=np.float64(0.05), labelWrapWidth=None, labels=(0, 1, 2, 3, 4, 5, 6, 7, 8, 9), lineColor=None, markerColor=None, name='slider', opacity=None, ori=0.0, pos=array([ 0. , -0.4]), readOnly=False, self=UNKNOWN, size=array([1. , 0.1]), startValue=None, style='choice', styleTweaks=[], ticks=array([0, 1, 2, 3, 4, 5, 6, 7, 8, 9]), units='norm', win=Window(...))
0.0030 	EXP 	textbox_4: autoLog = True
0.0030 	EXP 	slider_3: autoLog = True
0.0030 	EXP 	slider_3: styleTweaks = []
0.0030 	EXP 	slider_3: styleTweaks = []
0.0030 	EXP 	slider_3: styleTweaks = []
0.0030 	EXP 	slider_3: styleTweaks = []
0.0030 	EXP 	slider_3: contrast = 1.0
0.0030 	EXP 	slider_3: markerPos = None
0.0030 	EXP 	slider_3: autoLog = True
0.0030 	EXP 	textbox_2: autoLog = True
0.0030 	EXP 	prog_3: direction = 'horizontal'
0.0030 	EXP 	prog_3: progress = 0.0
0.0030 	EXP 	textbox_5: autoLog = True
0.0030 	EXP 	slider_4: autoLog = True
0.0030 	EXP 	slider_4: styleTweaks = []
0.0030 	EXP 	slider_4: styleTweaks = []
0.0030 	EXP 	slider_4: styleTweaks = []
0.0030 	EXP 	slider_4: styleTweaks = []
0.0030 	EXP 	slider_4: contrast = 1.0
0.0030 	EXP 	slider_4: markerPos = None
0.0030 	EXP 	slider_4: autoLog = True
0.0030 	EXP 	textbox_2: autoLog = True
0.0030 	EXP 	textbox_3: autoLog = True
0.0030 	EXP 	slider_training: autoLog = True
0.0030 	EXP 	slider_training: styleTweaks = []
0.0030 	EXP 	slider_training: styleTweaks = []
0.0030 	EXP 	slider_training: styleTweaks = []
0.0030 	EXP 	slider_training: styleTweaks = []
0.0030 	EXP 	slider_training: contrast = 1.0
0.0030 	EXP 	slider_training: markerPos = None
0.0030 	EXP 	slider_training: autoLog = True
0.0030 	EXP 	textbox_2: autoLog = True
0.0030 	EXP 	prog: direction = 'horizontal'
0.0030 	EXP 	prog: progress = 0.0
0.0030 	EXP 	textbox: autoLog = True
0.0030 	EXP 	slider: autoLog = True
0.0030 	EXP 	slider: styleTweaks = []
0.0030 	EXP 	slider: styleTweaks = []
0.0030 	EXP 	slider: styleTweaks = []
0.0030 	EXP 	slider: styleTweaks = []
0.0030 	EXP 	slider: contrast = 1.0
0.0030 	EXP 	slider: markerPos = None
0.0030 	EXP 	slider: autoLog = True
0.0030 	EXP 	textbox_2: autoLog = True
0.0559 	INFO 	Keyboard events cleared
0.0558 	EXP 	text: autoDraw = True
1.9038 	EXP 	Device response: <KeyPress from None: t=1.6059170829998948, value=l, duration=None>
1.9040 	EXP 	Device response: <KeyPress from None: t=1.6059170829998948, value=l, duration=0.0789699169999949>
1.9129 	DATA 	Keypress: l
1.9156 	INFO 	Keyboard events cleared
1.9156 	EXP 	text: autoDraw = False
1.9156 	EXP 	intstructs: autoDraw = True
3.4698 	EXP 	Device response: <KeyPress from None: t=3.4658807499999966, value=space, duration=None>
3.4717 	DATA 	Keypress: space
3.4799 	DEBUG 	Read excel file with openpyxl: practice_difficulty.xlsx
3.4801 	EXP 	Imported practice_difficulty.xlsx as conditions, 3 conditions, 1 params
3.4833 	EXP 	intstructs: autoDraw = False
3.4833 	EXP 	text_2: autoDraw = True
3.6297 	EXP 	Device response: <KeyPress from None: t=3.4658807499999966, value=space, duration=0.15799074999995355>
5.4753 	DEBUG 	Read excel file with openpyxl: practice_difficulty.xlsx
5.4754 	EXP 	Imported practice_difficulty.xlsx as conditions, 3 conditions, 1 params
5.4790 	EXP 	text_2: autoDraw = False
5.4790 	EXP 	text_2: autoDraw = False
5.4790 	EXP 	text_3: autoDraw = True
7.4796 	DEBUG 	Read csv file with pandas: training.csv
7.4817 	DEBUG 	Clearing unnamed columns from training.csv
7.4821 	EXP 	Imported training.csv as conditions, 5 conditions, 2 params
7.4826 	EXP 	New trial (rep=0, index=0): <Trial 0 (0 in rep 0) data={'train_diff': 'med2', 'train_time': np.int64(5), 'thisN': 0, 'thisTrialN': 0, 'thisRepN': 0}>
7.4866 	EXP 	New trial (rep=0, index=0): <Trial 0 (0 in rep 0) data={'thisN': 0, 'thisTrialN': 0, 'thisRepN': 0}>
7.4947 	EXP 	text_3: autoDraw = False
7.4947 	EXP 	text_3: autoDraw = False
7.4947 	EXP 	fix: autoDraw = True
7.9832 	DEBUG 	TextBox2 loaded 1 chars with 0 blanks and 1 valid
7.9847 	DEBUG 	TextBox2 loaded 1 chars with 0 blanks and 1 valid
7.9856 	DEBUG 	TextBox2 loaded 1 chars with 0 blanks and 1 valid
7.9870 	DEBUG 	TextBox2 loaded 1 chars with 0 blanks and 1 valid
7.9876 	DEBUG 	TextBox2 loaded 1 chars with 0 blanks and 1 valid
7.9891 	DEBUG 	TextBox2 loaded 1 chars with 0 blanks and 1 valid
7.9902 	DEBUG 	TextBox2 loaded 1 chars with 0 blanks and 1 valid
7.9909 	DEBUG 	TextBox2 loaded 1 chars with 0 blanks and 1 valid
7.9920 	DEBUG 	TextBox2 loaded 1 chars with 0 blanks and 1 valid
7.9922 	DEBUG 	Uploading Texture Font fontname to graphics card
7.9960 	DEBUG 	Upload of Texture Font fontname complete
8.0276 	INFO 	Keyboard events cleared
8.0275 	EXP 	fix: autoDraw = False
8.0275 	EXP 	slider_training: markerPos = None
8.0275 	EXP 	slider_training: markerPos = None
8.0275 	EXP 	textbox_3: autoDraw = True
8.0275 	EXP 	slider_training: autoDraw = True
12.9898 	DEBUG 	TextBox2 loaded 1 chars with 0 blanks and 1 valid
12.9903 	DEBUG 	TextBox2 loaded 1 chars with 0 blanks and 1 valid
12.9909 	DEBUG 	TextBox2 loaded 1 chars with 0 blanks and 1 valid
12.9914 	DEBUG 	TextBox2 loaded 1 chars with 0 blanks and 1 valid
12.9919 	DEBUG 	TextBox2 loaded 1 chars with 0 blanks and 1 valid
12.9922 	DEBUG 	TextBox2 loaded 1 chars with 0 blanks and 1 valid
12.9923 	DEBUG 	Uploading Texture Font fontname to graphics card
12.9941 	DEBUG 	Upload of Texture Font fontname complete
13.0014 	EXP 	textbox_3: autoDraw = False
13.0014 	EXP 	slider_training: autoDraw = False
13.0014 	EXP 	textbox_2: autoDraw = True
13.9908 	EXP 	New trial (rep=1, index=0): <Trial 1 (0 in rep 1) data={'thisN': 1, 'thisTrialN': 0, 'thisRepN': 1}>
14.0020 	EXP 	textbox_2: autoDraw = False
14.0020 	EXP 	fix: autoDraw = True
14.5078 	DEBUG 	TextBox2 loaded 1 chars with 0 blanks and 1 valid
14.5093 	DEBUG 	TextBox2 loaded 1 chars with 0 blanks and 1 valid
14.5096 	DEBUG 	Uploading Texture Font fontname to graphics card
14.5129 	DEBUG 	Upload of Texture Font fontname complete
14.5262 	INFO 	Keyboard events cleared
14.5261 	EXP 	fix: autoDraw = False
14.5261 	EXP 	slider_training: markerPos = None
14.5261 	EXP 	slider_training: markerPos = None
14.5261 	EXP 	textbox_3: autoDraw = True
14.5261 	EXP 	slider_training: autoDraw = True
19.5238 	EXP 	textbox_3: autoDraw = False
19.5238 	EXP 	slider_training: autoDraw = False
19.5238 	EXP 	textbox_2: autoDraw = True
20.5130 	EXP 	New trial (rep=2, index=0): <Trial 2 (0 in rep 2) data={'thisN': 2, 'thisTrialN': 0, 'thisRepN': 2}>
20.5259 	EXP 	textbox_2: autoDraw = False
20.5259 	EXP 	fix: autoDraw = True
21.0266 	DEBUG 	TextBox2 loaded 1 chars with 0 blanks and 1 valid
21.0270 	DEBUG 	Uploading Texture Font fontname to graphics card
21.0310 	DEBUG 	Upload of Texture Font fontname complete
21.0450 	INFO 	Keyboard events cleared
21.0449 	EXP 	fix: autoDraw = False
21.0449 	EXP 	slider_training: markerPos = None
21.0449 	EXP 	slider_training: markerPos = None
21.0449 	EXP 	textbox_3: autoDraw = True
21.0449 	EXP 	slider_training: autoDraw = True
25.3679 	DATA 	Mouse: wheel shift=(0,0), pos=(307,389)
25.3808 	DATA 	Mouse: wheel shift=(0,0), pos=(307,389)
25.9010 	DATA 	Mouse: wheel shift=(0,0), pos=(307,389)
25.9143 	DATA 	Mouse: wheel shift=(0,0), pos=(307,389)
25.9276 	DATA 	Mouse: wheel shift=(0,0), pos=(307,389)
25.9410 	DATA 	Mouse: wheel shift=(0,0), pos=(307,389)
25.9543 	DATA 	Mouse: wheel shift=(0,0), pos=(307,389)
25.9676 	DATA 	Mouse: wheel shift=(0,0), pos=(307,389)
25.9810 	DATA 	Mouse: wheel shift=(1,0), pos=(307,389)
25.9943 	DATA 	Mouse: wheel shift=(0,0), pos=(307,389)
26.0076 	DATA 	Mouse: wheel shift=(0,0), pos=(307,389)
26.0209 	DATA 	Mouse: wheel shift=(0,0), pos=(307,389)
26.0351 	DATA 	Mouse: wheel shift=(0,0), pos=(307,389)
26.0463 	EXP 	textbox_3: autoDraw = False
26.0463 	EXP 	slider_training: autoDraw = False
26.0463 	EXP 	textbox_2: autoDraw = True
26.0478 	DATA 	Mouse: wheel shift=(0,0), pos=(307,389)
26.0611 	DATA 	Mouse: wheel shift=(0,0), pos=(307,389)
26.0746 	DATA 	Mouse: wheel shift=(0,0), pos=(307,389)
26.0881 	DATA 	Mouse: wheel shift=(0,0), pos=(307,389)
26.1014 	DATA 	Mouse: wheel shift=(1,0), pos=(307,389)
26.1148 	DATA 	Mouse: wheel shift=(0,0), pos=(307,389)
26.1283 	DATA 	Mouse: wheel shift=(0,0), pos=(307,389)
26.1419 	DATA 	Mouse: wheel shift=(0,0), pos=(307,389)
26.1555 	DATA 	Mouse: wheel shift=(0,0), pos=(307,389)
26.1689 	DATA 	Mouse: wheel shift=(0,0), pos=(307,389)
26.2899 	DATA 	Mouse: wheel shift=(0,0), pos=(307,389)
26.3030 	DATA 	Mouse: wheel shift=(0,0), pos=(307,389)
26.3167 	DATA 	Mouse: wheel shift=(0,0), pos=(307,389)
26.3569 	DATA 	Mouse: wheel shift=(0,0), pos=(307,389)
27.0355 	EXP 	New trial (rep=3, index=0): <Trial 3 (0 in rep 3) data={'thisN': 3, 'thisTrialN': 0, 'thisRepN': 3}>
27.0468 	EXP 	textbox_2: autoDraw = False
27.0468 	EXP 	fix: autoDraw = True
27.5488 	DEBUG 	TextBox2 loaded 1 chars with 0 blanks and 1 valid
27.5492 	DEBUG 	Uploading Texture Font fontname to graphics card
27.5533 	DEBUG 	Upload of Texture Font fontname complete
27.5674 	INFO 	Keyboard events cleared
27.5674 	EXP 	fix: autoDraw = False
27.5674 	EXP 	slider_training: markerPos = None
27.5674 	EXP 	slider_training: markerPos = None
27.5674 	EXP 	textbox_3: autoDraw = True
27.5674 	EXP 	slider_training: autoDraw = True
32.5685 	EXP 	textbox_3: autoDraw = False
32.5685 	EXP 	slider_training: autoDraw = False
32.5685 	EXP 	textbox_2: autoDraw = True
33.5578 	EXP 	New trial (rep=4, index=0): <Trial 4 (0 in rep 4) data={'thisN': 4, 'thisTrialN': 0, 'thisRepN': 4}>
33.5692 	EXP 	textbox_2: autoDraw = False
33.5692 	EXP 	fix: autoDraw = True
34.0771 	INFO 	Keyboard events cleared
34.0771 	EXP 	fix: autoDraw = False
34.0771 	EXP 	slider_training: markerPos = None
34.0771 	EXP 	slider_training: markerPos = None
34.0771 	EXP 	textbox_3: autoDraw = True
34.0771 	EXP 	slider_training: autoDraw = True
34.2510 	DATA 	Mouse: wheel shift=(0,0), pos=(322,296)
34.2511 	DATA 	Mouse: wheel shift=(0,0), pos=(322,296)
34.2641 	DATA 	Mouse: wheel shift=(0,0), pos=(322,296)
34.2774 	DATA 	Mouse: wheel shift=(0,0), pos=(322,296)
34.2907 	DATA 	Mouse: wheel shift=(0,0), pos=(322,296)
34.3041 	DATA 	Mouse: wheel shift=(0,0), pos=(322,296)
34.3173 	DATA 	Mouse: wheel shift=(0,0), pos=(322,296)
34.3308 	DATA 	Mouse: wheel shift=(0,1), pos=(322,296)
34.3440 	DATA 	Mouse: wheel shift=(0,0), pos=(322,296)
34.3573 	DATA 	Mouse: wheel shift=(0,0), pos=(322,296)
34.3707 	DATA 	Mouse: wheel shift=(0,0), pos=(322,296)
34.3974 	DATA 	Mouse: wheel shift=(0,0), pos=(322,296)
35.8004 	DATA 	Keypress: escape
35.8027 	EXP 	Device response: <KeyPress from None: t=35.78780949999964, value=escape, duration=None>
35.9174 	EXP 	Device response: <KeyPress from None: t=35.78780949999964, value=escape, duration=0.11899033300005613>
35.9175 	EXP 	misty_module: status = STOPPED
35.9297 	EXP 	textbox_3: autoDraw = False
35.9297 	EXP 	slider_training: autoDraw = False
35.9305 	EXP 	misty_module: status = STOPPED
35.9331 	INFO 	saved data to '/Users/hackerman/misty_py/data/pilot_misty_module_2026-01-30_17h41.46.669.csv'
35.9341 	INFO 	saved data to /Users/hackerman/misty_py/data/pilot_misty_module_2026-01-30_17h41.46.669.psydat
36.0256 	DEBUG 	Saving data for misty_module ExperimentHandler
36.0267 	WARNING 	Stopping key buffers but this could be dangerous ifother keyboards rely on the same.
