3.7953 	DEBUG 	Fullscreen settings ignored as running in pilot mode.
3.7962 	INFO 	Loaded monitor calibration from ['2025_12_08 16:52']
4.1704 	INFO 	Using renderer 'NVIDIA GeForce GTX 1660/PCIe/SSE2' for graphics
4.1705 	INFO 	OpenGL version supported by driver is 4..
4.1796 	EXP 	Created window1 = Window(allowGUI=False, allowStencil=True, autoLog=True, backendConf=UNKNOWN, backgroundFit=<method-wrapper '__getattribute__' of attributeSetter object at 0x711e32f75930>, backgroundImage=<method-wrapper '__getattribute__' of attributeSetter object at 0x711e32f758d0>, bitsMode=UNKNOWN, blendMode='avg', bpc=(8, 8, 8), color=array([0, 0, 0]), colorSpace='rgb', depthBits=8, fullscr=False, gamma=None, gammaErrorPolicy='raise', infoMsg=UNKNOWN, lms=UNKNOWN, monitor=<psychopy.monitors.calibTools.Monitor object at 0x711e29f2bb20>, multiSample=False, name='window1', numSamples=2, pos=[np.float64(560.0), np.float64(240.0)], screen=0, size=array([800, 600]), stencilBits=8, stereo=False, title='PsychoPy', units='height', useFBO=True, useRetina=False, viewOri=0.0, viewPos=None, viewScale=None, waitBlanking=True, winType='pyglet')
4.1797 	EXP 	window1: backgroundImage = ''
4.1797 	EXP 	window1: backgroundFit = 'none'
4.1969 	DEBUG 	TextBox2 loaded 1 chars with 0 blanks and 1 valid
4.1995 	DEBUG 	TextBox2 loaded 1 chars with 0 blanks and 1 valid
4.2022 	DEBUG 	TextBox2 loaded 1 chars with 0 blanks and 1 valid
4.2054 	DEBUG 	TextBox2 loaded 1 chars with 0 blanks and 1 valid
4.2088 	DEBUG 	TextBox2 loaded 1 chars with 0 blanks and 1 valid
4.2107 	DEBUG 	TextBox2 loaded 1 chars with 0 blanks and 1 valid
4.2133 	DEBUG 	TextBox2 loaded 1 chars with 0 blanks and 1 valid
4.2165 	DEBUG 	TextBox2 loaded 1 chars with 0 blanks and 1 valid
4.2180 	DEBUG 	TextBox2 loaded 1 chars with 0 blanks and 1 valid
4.2196 	DEBUG 	TextBox2 loaded 1 chars with 0 blanks and 1 valid
4.2223 	DEBUG 	TextBox2 loaded 1 chars with 0 blanks and 1 valid
4.2249 	DEBUG 	TextBox2 loaded 1 chars with 0 blanks and 1 valid
4.2274 	DEBUG 	TextBox2 loaded 1 chars with 0 blanks and 1 valid
4.2301 	DEBUG 	TextBox2 loaded 1 chars with 0 blanks and 1 valid
4.2325 	DEBUG 	TextBox2 loaded 1 chars with 0 blanks and 1 valid
4.2367 	DEBUG 	TextBox2 loaded 1 chars with 0 blanks and 1 valid
4.2394 	DEBUG 	TextBox2 loaded 1 chars with 0 blanks and 1 valid
4.2413 	DEBUG 	TextBox2 loaded 1 chars with 0 blanks and 1 valid
4.2432 	DEBUG 	TextBox2 loaded 1 chars with 0 blanks and 1 valid
4.2465 	DEBUG 	TextBox2 loaded 1 chars with 0 blanks and 1 valid
4.2483 	DEBUG 	TextBox2 loaded 1 chars with 0 blanks and 1 valid
4.2489 	DEBUG 	Uploading Texture Font fontname to graphics card
4.2579 	DEBUG 	Upload of Texture Font fontname complete
4.2718 	DEBUG 	TextBox2 loaded 1 chars with 0 blanks and 1 valid
4.2736 	DEBUG 	TextBox2 loaded 1 chars with 0 blanks and 1 valid
4.2753 	DEBUG 	TextBox2 loaded 1 chars with 0 blanks and 1 valid
4.2756 	DEBUG 	Uploading Texture Font fontname to graphics card
4.2800 	DEBUG 	Upload of Texture Font fontname complete
4.2825 	EXP 	window1: Attempting to measure frame rate of screen (0) ...
4.2826 	EXP 	window1: recordFrameIntervals = False
4.4377 	EXP 	window1: recordFrameIntervals = True
4.6224 	EXP 	Screen (0) actual frame rate measured at 59.54Hz
4.6225 	EXP 	window1: recordFrameIntervals = False
4.6314 	DEBUG 	TextBox2 loaded 1 chars with 0 blanks and 1 valid
4.6328 	DEBUG 	TextBox2 loaded 1 chars with 0 blanks and 1 valid
4.6344 	DEBUG 	TextBox2 loaded 1 chars with 0 blanks and 1 valid
4.6363 	DEBUG 	TextBox2 loaded 1 chars with 0 blanks and 1 valid
4.6382 	DEBUG 	TextBox2 loaded 1 chars with 0 blanks and 1 valid
4.6400 	DEBUG 	TextBox2 loaded 1 chars with 0 blanks and 1 valid
4.6412 	DEBUG 	TextBox2 loaded 1 chars with 0 blanks and 1 valid
4.6429 	DEBUG 	TextBox2 loaded 1 chars with 0 blanks and 1 valid
4.6448 	DEBUG 	TextBox2 loaded 1 chars with 0 blanks and 1 valid
4.6465 	DEBUG 	TextBox2 loaded 1 chars with 0 blanks and 1 valid
4.6469 	DEBUG 	Uploading Texture Font fontname to graphics card
4.6485 	DEBUG 	Upload of Texture Font fontname complete
4.6727 	INFO 	keyboard.Keyboard is using ptb backend.
4.6728 	EXP 	misty_module: status = STARTED
4.7159 	EXP 	Created text = TextStim(__class__=<class 'psychopy.visual.text.TextStim'>, alignHoriz=method-wrapper(...), alignText='center', alignVert=method-wrapper(...), anchorHoriz='center', anchorVert='center', antialias=True, autoDraw=False, autoLog=True, bold=False, color=array([1., 1., 1.]), colorSpace='rgb', contrast=1.0, depth=0.0, draggable=False, flipHoriz=False, flipVert=False, font='Arial', fontFiles=[], height=np.float64(0.05), italic=False, languageStyle='LTR', name='text', opacity=1, ori=0.0, pos=array([0., 0.]), rgb=UNKNOWN, text=str(...), units='height', win=Window(...), wrapWidth=1)
4.8217 	EXP 	Created intstructs = TextStim(__class__=<class 'psychopy.visual.text.TextStim'>, alignHoriz=method-wrapper(...), alignText='center', alignVert=method-wrapper(...), anchorHoriz='center', anchorVert='center', antialias=True, autoDraw=False, autoLog=True, bold=False, color=array([1., 1., 1.]), colorSpace='rgb', contrast=1.0, depth=0.0, draggable=False, flipHoriz=False, flipVert=False, font='Arial', fontFiles=[], height=np.float64(0.05), italic=False, languageStyle='LTR', name='intstructs', opacity=1, ori=0.0, pos=array([0., 0.]), rgb=UNKNOWN, text=str(...), units='height', win=Window(...), wrapWidth=1)
4.8286 	EXP 	Created fix = TextStim(__class__=<class 'psychopy.visual.text.TextStim'>, alignHoriz=method-wrapper(...), alignText='center', alignVert=method-wrapper(...), anchorHoriz='center', anchorVert='center', antialias=True, autoDraw=False, autoLog=True, bold=False, color=array([1., 1., 1.]), colorSpace='rgb', contrast=1.0, depth=-1.0, draggable=False, flipHoriz=False, flipVert=False, font='Open Sans', fontFiles=[], height=np.float64(0.1), italic=False, languageStyle='LTR', name='fix', opacity=1, ori=0.0, pos=array([0., 0.]), rgb=UNKNOWN, text='+', units='height', win=Window(...), wrapWidth=1)
4.8316 	WARNING 	Font b'Arial' was requested. No similar font found.
4.8376 	WARNING 	Font b'Arial' was requested. No similar font found.
4.8405 	DEBUG 	TextBox2 loaded 1 chars with 0 blanks and 1 valid
4.8424 	DEBUG 	TextBox2 loaded 1 chars with 0 blanks and 1 valid
4.8438 	DEBUG 	TextBox2 loaded 1 chars with 0 blanks and 1 valid
4.8450 	DEBUG 	TextBox2 loaded 1 chars with 0 blanks and 1 valid
4.8457 	DEBUG 	TextBox2 loaded 1 chars with 0 blanks and 1 valid
4.8463 	DEBUG 	TextBox2 loaded 1 chars with 0 blanks and 1 valid
4.8477 	DEBUG 	TextBox2 loaded 1 chars with 0 blanks and 1 valid
4.8488 	DEBUG 	TextBox2 loaded 1 chars with 0 blanks and 1 valid
4.8496 	DEBUG 	TextBox2 loaded 1 chars with 0 blanks and 1 valid
4.8499 	DEBUG 	Uploading Texture Font fontname to graphics card
4.8556 	DEBUG 	Upload of Texture Font fontname complete
4.8768 	DEBUG 	TextBox2 loaded 1 chars with 0 blanks and 1 valid
4.8771 	DEBUG 	Uploading Texture Font fontname to graphics card
4.8786 	DEBUG 	Upload of Texture Font fontname complete
4.8861 	DEBUG 	TextBox2 loaded 1 chars with 0 blanks and 1 valid
4.8872 	DEBUG 	TextBox2 loaded 1 chars with 0 blanks and 1 valid
4.8885 	DEBUG 	TextBox2 loaded 1 chars with 0 blanks and 1 valid
4.8895 	DEBUG 	TextBox2 loaded 1 chars with 0 blanks and 1 valid
4.8904 	DEBUG 	TextBox2 loaded 1 chars with 0 blanks and 1 valid
4.8913 	DEBUG 	TextBox2 loaded 1 chars with 0 blanks and 1 valid
4.8925 	DEBUG 	TextBox2 loaded 1 chars with 0 blanks and 1 valid
4.8934 	DEBUG 	TextBox2 loaded 1 chars with 0 blanks and 1 valid
4.8945 	DEBUG 	TextBox2 loaded 1 chars with 0 blanks and 1 valid
4.8954 	DEBUG 	TextBox2 loaded 1 chars with 0 blanks and 1 valid
4.8958 	DEBUG 	Uploading Texture Font fontname to graphics card
4.8970 	DEBUG 	Upload of Texture Font fontname complete
4.9043 	DEBUG 	TextBox2 loaded 1 chars with 0 blanks and 1 valid
4.9046 	DEBUG 	Uploading Texture Font fontname to graphics card
4.9094 	DEBUG 	Upload of Texture Font fontname complete
4.9233 	DEBUG 	TextBox2 loaded 1 chars with 0 blanks and 1 valid
4.9236 	DEBUG 	Uploading Texture Font fontname to graphics card
4.9248 	DEBUG 	Upload of Texture Font fontname complete
4.9382 	DEBUG 	TextBox2 loaded 1 chars with 0 blanks and 1 valid
4.9385 	DEBUG 	Uploading Texture Font fontname to graphics card
4.9397 	DEBUG 	Upload of Texture Font fontname complete
4.9528 	DEBUG 	TextBox2 loaded 1 chars with 0 blanks and 1 valid
4.9531 	DEBUG 	Uploading Texture Font fontname to graphics card
4.9543 	DEBUG 	Upload of Texture Font fontname complete
4.9679 	DEBUG 	TextBox2 loaded 1 chars with 0 blanks and 1 valid
4.9681 	DEBUG 	Uploading Texture Font fontname to graphics card
4.9694 	DEBUG 	Upload of Texture Font fontname complete
4.9828 	DEBUG 	TextBox2 loaded 1 chars with 0 blanks and 1 valid
4.9831 	DEBUG 	Uploading Texture Font fontname to graphics card
4.9844 	DEBUG 	Upload of Texture Font fontname complete
4.9976 	DEBUG 	TextBox2 loaded 1 chars with 0 blanks and 1 valid
4.9978 	DEBUG 	Uploading Texture Font fontname to graphics card
4.9991 	DEBUG 	Upload of Texture Font fontname complete
5.0127 	DEBUG 	TextBox2 loaded 1 chars with 0 blanks and 1 valid
5.0130 	DEBUG 	Uploading Texture Font fontname to graphics card
5.0142 	DEBUG 	Upload of Texture Font fontname complete
5.0277 	DEBUG 	TextBox2 loaded 1 chars with 0 blanks and 1 valid
5.0279 	DEBUG 	Uploading Texture Font fontname to graphics card
5.0292 	DEBUG 	Upload of Texture Font fontname complete
5.0965 	EXP 	Created slider_3 = Slider(__class__=<class 'psychopy.visual.slider.Slider'>, autoDraw=False, autoLog=True, borderColor=None, color=None, colorSpace='rgb', depth=-2, fillColor=None, flip=False, font='Noto Sans', granularity=1, labelColor=None, labelHeight=np.float64(0.05), labelWrapWidth=None, labels=(0, 1, 2, 3, 4, 5, 6, 7, 8, 9), lineColor=None, markerColor=None, name='slider_3', opacity=None, ori=0.0, pos=array([ 0. , -0.4]), readOnly=False, self=UNKNOWN, size=array([1. , 0.1]), startValue=None, style='choice', styleTweaks=[], ticks=array([0, 1, 2, 3, 4, 5, 6, 7, 8, 9]), units='norm', win=Window(...))
5.0997 	WARNING 	Font b'Arial' was requested. No similar font found.
5.1062 	WARNING 	Font b'Arial' was requested. No similar font found.
5.1140 	EXP 	Created text_2 = TextStim(__class__=<class 'psychopy.visual.text.TextStim'>, alignHoriz=method-wrapper(...), alignText='center', alignVert=method-wrapper(...), anchorHoriz='center', anchorVert='center', antialias=True, autoDraw=False, autoLog=True, bold=False, color=array([1., 1., 1.]), colorSpace='rgb', contrast=1.0, depth=0.0, draggable=False, flipHoriz=False, flipVert=False, font='Arial', fontFiles=[], height=np.float64(0.05), italic=False, languageStyle='LTR', name='text_2', opacity=1, ori=0.0, pos=array([0., 0.]), rgb=UNKNOWN, text=str(...), units='height', win=Window(...), wrapWidth=1)
5.1162 	EXP 	Created fix = TextStim(__class__=<class 'psychopy.visual.text.TextStim'>, alignHoriz=method-wrapper(...), alignText='center', alignVert=method-wrapper(...), anchorHoriz='center', anchorVert='center', antialias=True, autoDraw=False, autoLog=True, bold=False, color=array([1., 1., 1.]), colorSpace='rgb', contrast=1.0, depth=-1.0, draggable=False, flipHoriz=False, flipVert=False, font='Open Sans', fontFiles=[], height=np.float64(0.1), italic=False, languageStyle='LTR', name='fix', opacity=1, ori=0.0, pos=array([0., 0.]), rgb=UNKNOWN, text='+', units='height', win=Window(...), wrapWidth=1)
5.1200 	EXP 	Created prog_3 = Progress(__class__=<class 'psychopy.visual.progress.Progress'>, anchor=('left', 'top'), autoDraw=False, autoLog=True, closeShape=True, color=method-wrapper(...), colorSpace='rgb', contrast=None, depth=-1, draggable=False, fillColor=array([-1.    ,  0.5373, -1.    ]), fillColorSpace='rgb', fillRGB=array([-1.    ,  0.5373, -1.    ]), interpolate=True, lineColor=array([1., 1., 1.]), lineColorSpace='rgb', lineRGB=array([1, 1, 1]), lineWidth=4.0, name='prog_3', opacity=1.0, ori=0.0, pos=array([-0.5,  0.5]), size=array([1. , 0.1]), units='norm', vertices=ndarray(...), win=Window(...), windingRule=None)
5.1225 	EXP 	Created prog_3Bar = ShapeStim(__class__=<class 'psychopy.visual.shape.ShapeStim'>, anchor=('left', 'top'), autoDraw=False, autoLog=True, closeShape=True, color=method-wrapper(...), colorSpace='rgb', contrast=None, depth=-1, draggable=False, fillColor=array([ 1., -1., -1.]), fillColorSpace='rgb', fillRGB=array([ 1., -1., -1.]), interpolate=True, lineColor=array([0., 0., 0.]), lineColorSpace='rgb', lineRGB=array([0, 0, 0]), lineWidth=1.5, name='prog_3Bar', opacity=1.0, ori=0.0, pos=array([-0.5,  0.5]), size=array([1. , 0.1]), units='norm', vertices=ndarray(...), win=Window(...), windingRule=None)
5.1245 	EXP 	Created greenbar_3 = Rect(__class__=<class 'psychopy.visual.rect.Rect'>, anchor=('left', 'center'), autoDraw=False, autoLog=True, closeShape=True, color=method-wrapper(...), colorSpace='rgb', contrast=None, depth=-2.0, draggable=False, fillColor=array([-1.    ,  0.0039, -1.    ]), fillColorSpace='rgb', fillRGB=array([-1.    ,  0.0039, -1.    ]), interpolate=True, lineColor=array([1., 1., 1.]), lineColorSpace='rgb', lineRGB=array([1, 1, 1]), lineWidth=1.0, name='greenbar_3', opacity=1, ori=0.0, pos=array([0.33333333, 0.7       ]), size=array([0.66666667, 0.1       ]), units='norm', vertices=ndarray(...), win=Window(...))
5.1263 	EXP 	Created yellowbar_3 = Rect(__class__=<class 'psychopy.visual.rect.Rect'>, anchor=('left', 'center'), autoDraw=False, autoLog=True, closeShape=True, color=method-wrapper(...), colorSpace='rgb', contrast=None, depth=-3.0, draggable=False, fillColor=array([ 1.,  1., -1.]), fillColorSpace='rgb', fillRGB=array([ 1.,  1., -1.]), interpolate=True, lineColor=array([1., 1., 1.]), lineColorSpace='rgb', lineRGB=array([1, 1, 1]), lineWidth=1.0, name='yellowbar_3', opacity=1, ori=0.0, pos=array([-0.33333333,  0.7       ]), size=array([0.66666667, 0.1       ]), units='norm', vertices=ndarray(...), win=Window(...))
5.1281 	EXP 	Created redbar_3 = Rect(__class__=<class 'psychopy.visual.rect.Rect'>, anchor=('left', 'center'), autoDraw=False, autoLog=True, closeShape=True, color=method-wrapper(...), colorSpace='rgb', contrast=None, depth=-4.0, draggable=False, fillColor=array([ 1., -1., -1.]), fillColorSpace='rgb', fillRGB=array([ 1., -1., -1.]), interpolate=True, lineColor=array([1., 1., 1.]), lineColorSpace='rgb', lineRGB=array([1, 1, 1]), lineWidth=1.0, name='redbar_3', opacity=1, ori=0.0, pos=array([-1. ,  0.7]), size=array([0.66666667, 0.1       ]), units='norm', vertices=ndarray(...), win=Window(...))
5.1305 	EXP 	Created arrow_3 = ShapeStim(__class__=<class 'psychopy.visual.shape.ShapeStim'>, anchor=('center', 'center'), autoDraw=False, autoLog=True, closeShape=True, color=method-wrapper(...), colorSpace='rgb', contrast=None, depth=-5.0, draggable=False, fillColor=array([1, 1, 1]), fillColorSpace='rgb', fillRGB=array([1, 1, 1]), interpolate=True, lineColor=array([1., 1., 1.]), lineColorSpace='rgb', lineRGB=array([1, 1, 1]), lineWidth=1.0, name='arrow_3', opacity=1, ori=0.0, pos=array([0., 0.]), size=array([0.05, 0.05]), units='norm', vertices=ndarray(...), win=Window(...), windingRule=None)
5.1334 	WARNING 	Font b'Arial' was requested. No similar font found.
5.1395 	WARNING 	Font b'Arial' was requested. No similar font found.
5.3268 	EXP 	Created slider_4 = Slider(__class__=<class 'psychopy.visual.slider.Slider'>, autoDraw=False, autoLog=True, borderColor=None, color=None, colorSpace='rgb', depth=-7, fillColor=None, flip=False, font='Noto Sans', granularity=1, labelColor=None, labelHeight=np.float64(0.05), labelWrapWidth=None, labels=(0, 1, 2, 3, 4, 5, 6, 7, 8, 9), lineColor=None, markerColor=None, name='slider_4', opacity=None, ori=0.0, pos=array([ 0. , -0.4]), readOnly=False, self=UNKNOWN, size=array([1. , 0.1]), startValue=None, style='choice', styleTweaks=[], ticks=array([0, 1, 2, 3, 4, 5, 6, 7, 8, 9]), units='norm', win=Window(...))
5.3298 	WARNING 	Font b'Arial' was requested. No similar font found.
5.3353 	WARNING 	Font b'Arial' was requested. No similar font found.
5.3421 	EXP 	Created text_3 = TextStim(__class__=<class 'psychopy.visual.text.TextStim'>, alignHoriz=method-wrapper(...), alignText='center', alignVert=method-wrapper(...), anchorHoriz='center', anchorVert='center', antialias=True, autoDraw=False, autoLog=True, bold=False, color=array([1., 1., 1.]), colorSpace='rgb', contrast=1.0, depth=0.0, draggable=False, flipHoriz=False, flipVert=False, font='Arial', fontFiles=[], height=np.float64(0.05), italic=False, languageStyle='LTR', name='text_3', opacity=1, ori=0.0, pos=array([0., 0.]), rgb=UNKNOWN, text='Training instructions here', units='height', win=Window(...), wrapWidth=1)
5.3443 	EXP 	Created fix = TextStim(__class__=<class 'psychopy.visual.text.TextStim'>, alignHoriz=method-wrapper(...), alignText='center', alignVert=method-wrapper(...), anchorHoriz='center', anchorVert='center', antialias=True, autoDraw=False, autoLog=True, bold=False, color=array([1., 1., 1.]), colorSpace='rgb', contrast=1.0, depth=-1.0, draggable=False, flipHoriz=False, flipVert=False, font='Open Sans', fontFiles=[], height=np.float64(0.1), italic=False, languageStyle='LTR', name='fix', opacity=1, ori=0.0, pos=array([0., 0.]), rgb=UNKNOWN, text='+', units='height', win=Window(...), wrapWidth=1)
5.3470 	WARNING 	Font b'Arial' was requested. No similar font found.
5.3522 	WARNING 	Font b'Arial' was requested. No similar font found.
5.5305 	EXP 	Created slider_training = Slider(__class__=<class 'psychopy.visual.slider.Slider'>, autoDraw=False, autoLog=True, borderColor=None, color=None, colorSpace='rgb', depth=-2, fillColor=None, flip=False, font='Noto Sans', granularity=1, labelColor=None, labelHeight=np.float64(0.05), labelWrapWidth=None, labels=(0, 1, 2, 3, 4, 5, 6, 7, 8, 9), lineColor=None, markerColor=None, name='slider_training', opacity=None, ori=0.0, pos=array([ 0. , -0.4]), readOnly=False, self=UNKNOWN, size=array([1. , 0.1]), startValue=None, style='choice', styleTweaks=[], ticks=array([0, 1, 2, 3, 4, 5, 6, 7, 8, 9]), units='norm', win=Window(...))
5.5334 	WARNING 	Font b'Arial' was requested. No similar font found.
5.5389 	WARNING 	Font b'Arial' was requested. No similar font found.
5.5445 	EXP 	Created fix = TextStim(__class__=<class 'psychopy.visual.text.TextStim'>, alignHoriz=method-wrapper(...), alignText='center', alignVert=method-wrapper(...), anchorHoriz='center', anchorVert='center', antialias=True, autoDraw=False, autoLog=True, bold=False, color=array([1., 1., 1.]), colorSpace='rgb', contrast=1.0, depth=-1.0, draggable=False, flipHoriz=False, flipVert=False, font='Open Sans', fontFiles=[], height=np.float64(0.1), italic=False, languageStyle='LTR', name='fix', opacity=1, ori=0.0, pos=array([0., 0.]), rgb=UNKNOWN, text='+', units='height', win=Window(...), wrapWidth=1)
5.5470 	EXP 	Created prog = Progress(__class__=<class 'psychopy.visual.progress.Progress'>, anchor=('left', 'top'), autoDraw=False, autoLog=True, closeShape=True, color=method-wrapper(...), colorSpace='rgb', contrast=None, depth=-1, draggable=False, fillColor=array([-1.    ,  0.5373, -1.    ]), fillColorSpace='rgb', fillRGB=array([-1.    ,  0.5373, -1.    ]), interpolate=True, lineColor=array([1., 1., 1.]), lineColorSpace='rgb', lineRGB=array([1, 1, 1]), lineWidth=4.0, name='prog', opacity=1.0, ori=0.0, pos=array([-0.5,  0.5]), size=array([1. , 0.1]), units='norm', vertices=ndarray(...), win=Window(...), windingRule=None)
5.5492 	EXP 	Created progBar = ShapeStim(__class__=<class 'psychopy.visual.shape.ShapeStim'>, anchor=('left', 'top'), autoDraw=False, autoLog=True, closeShape=True, color=method-wrapper(...), colorSpace='rgb', contrast=None, depth=-1, draggable=False, fillColor=array([ 1., -1., -1.]), fillColorSpace='rgb', fillRGB=array([ 1., -1., -1.]), interpolate=True, lineColor=array([0., 0., 0.]), lineColorSpace='rgb', lineRGB=array([0, 0, 0]), lineWidth=1.5, name='progBar', opacity=1.0, ori=0.0, pos=array([-0.5,  0.5]), size=array([1. , 0.1]), units='norm', vertices=ndarray(...), win=Window(...), windingRule=None)
5.5513 	EXP 	Created greenbar = Rect(__class__=<class 'psychopy.visual.rect.Rect'>, anchor=('left', 'center'), autoDraw=False, autoLog=True, closeShape=True, color=method-wrapper(...), colorSpace='rgb', contrast=None, depth=-2.0, draggable=False, fillColor=array([-1.    ,  0.0039, -1.    ]), fillColorSpace='rgb', fillRGB=array([-1.    ,  0.0039, -1.    ]), interpolate=True, lineColor=array([1., 1., 1.]), lineColorSpace='rgb', lineRGB=array([1, 1, 1]), lineWidth=1.0, name='greenbar', opacity=1, ori=0.0, pos=array([0.33333333, 0.7       ]), size=array([0.66666667, 0.1       ]), units='norm', vertices=ndarray(...), win=Window(...))
5.5531 	EXP 	Created yellowbar = Rect(__class__=<class 'psychopy.visual.rect.Rect'>, anchor=('left', 'center'), autoDraw=False, autoLog=True, closeShape=True, color=method-wrapper(...), colorSpace='rgb', contrast=None, depth=-3.0, draggable=False, fillColor=array([ 1.,  1., -1.]), fillColorSpace='rgb', fillRGB=array([ 1.,  1., -1.]), interpolate=True, lineColor=array([1., 1., 1.]), lineColorSpace='rgb', lineRGB=array([1, 1, 1]), lineWidth=1.0, name='yellowbar', opacity=1, ori=0.0, pos=array([-0.33333333,  0.7       ]), size=array([0.66666667, 0.1       ]), units='norm', vertices=ndarray(...), win=Window(...))
5.5551 	EXP 	Created redbar = Rect(__class__=<class 'psychopy.visual.rect.Rect'>, anchor=('left', 'center'), autoDraw=False, autoLog=True, closeShape=True, color=method-wrapper(...), colorSpace='rgb', contrast=None, depth=-4.0, draggable=False, fillColor=array([ 1., -1., -1.]), fillColorSpace='rgb', fillRGB=array([ 1., -1., -1.]), interpolate=True, lineColor=array([1., 1., 1.]), lineColorSpace='rgb', lineRGB=array([1, 1, 1]), lineWidth=1.0, name='redbar', opacity=1, ori=0.0, pos=array([-1. ,  0.7]), size=array([0.66666667, 0.1       ]), units='norm', vertices=ndarray(...), win=Window(...))
5.5573 	EXP 	Created arrow = ShapeStim(__class__=<class 'psychopy.visual.shape.ShapeStim'>, anchor=('center', 'center'), autoDraw=False, autoLog=True, closeShape=True, color=method-wrapper(...), colorSpace='rgb', contrast=None, depth=-5.0, draggable=False, fillColor=array([1, 1, 1]), fillColorSpace='rgb', fillRGB=array([1, 1, 1]), interpolate=True, lineColor=array([1., 1., 1.]), lineColorSpace='rgb', lineRGB=array([1, 1, 1]), lineWidth=1.0, name='arrow', opacity=1, ori=0.0, pos=array([0., 0.]), size=array([0.05, 0.05]), units='norm', vertices=ndarray(...), win=Window(...), windingRule=None)
5.5600 	WARNING 	Font b'Arial' was requested. No similar font found.
5.5653 	WARNING 	Font b'Arial' was requested. No similar font found.
5.7449 	EXP 	Created slider = Slider(__class__=<class 'psychopy.visual.slider.Slider'>, autoDraw=False, autoLog=True, borderColor=None, color=None, colorSpace='rgb', depth=-7, fillColor=None, flip=False, font='Noto Sans', granularity=1, labelColor=None, labelHeight=np.float64(0.05), labelWrapWidth=None, labels=(0, 1, 2, 3, 4, 5, 6, 7, 8, 9), lineColor=None, markerColor=None, name='slider', opacity=None, ori=0.0, pos=array([ 0. , -0.4]), readOnly=False, self=UNKNOWN, size=array([1. , 0.1]), startValue=None, style='choice', styleTweaks=[], ticks=array([0, 1, 2, 3, 4, 5, 6, 7, 8, 9]), units='norm', win=Window(...))
5.7476 	WARNING 	Font b'Arial' was requested. No similar font found.
5.7534 	WARNING 	Font b'Arial' was requested. No similar font found.
0.0149 	EXP 	textbox_4: autoLog = True
0.0149 	EXP 	slider_3: autoLog = True
0.0149 	EXP 	slider_3: styleTweaks = []
0.0149 	EXP 	slider_3: styleTweaks = []
0.0149 	EXP 	slider_3: styleTweaks = []
0.0149 	EXP 	slider_3: styleTweaks = []
0.0149 	EXP 	slider_3: contrast = 1.0
0.0149 	EXP 	slider_3: markerPos = None
0.0149 	EXP 	slider_3: autoLog = True
0.0149 	EXP 	textbox_2: autoLog = True
0.0149 	EXP 	prog_3: direction = 'horizontal'
0.0149 	EXP 	prog_3: progress = 0.0
0.0149 	EXP 	textbox_5: autoLog = True
0.0149 	EXP 	slider_4: autoLog = True
0.0149 	EXP 	slider_4: styleTweaks = []
0.0149 	EXP 	slider_4: styleTweaks = []
0.0149 	EXP 	slider_4: styleTweaks = []
0.0149 	EXP 	slider_4: styleTweaks = []
0.0149 	EXP 	slider_4: contrast = 1.0
0.0149 	EXP 	slider_4: markerPos = None
0.0149 	EXP 	slider_4: autoLog = True
0.0149 	EXP 	textbox_2: autoLog = True
0.0149 	EXP 	textbox_3: autoLog = True
0.0149 	EXP 	slider_training: autoLog = True
0.0149 	EXP 	slider_training: styleTweaks = []
0.0149 	EXP 	slider_training: styleTweaks = []
0.0149 	EXP 	slider_training: styleTweaks = []
0.0149 	EXP 	slider_training: styleTweaks = []
0.0149 	EXP 	slider_training: contrast = 1.0
0.0149 	EXP 	slider_training: markerPos = None
0.0149 	EXP 	slider_training: autoLog = True
0.0149 	EXP 	textbox_2: autoLog = True
0.0149 	EXP 	prog: direction = 'horizontal'
0.0149 	EXP 	prog: progress = 0.0
0.0149 	EXP 	textbox: autoLog = True
0.0149 	EXP 	slider: autoLog = True
0.0149 	EXP 	slider: styleTweaks = []
0.0149 	EXP 	slider: styleTweaks = []
0.0149 	EXP 	slider: styleTweaks = []
0.0149 	EXP 	slider: styleTweaks = []
0.0149 	EXP 	slider: contrast = 1.0
0.0149 	EXP 	slider: markerPos = None
0.0149 	EXP 	slider: autoLog = True
0.0149 	EXP 	textbox_2: autoLog = True
0.0328 	INFO 	Keyboard events cleared
0.0327 	EXP 	text: autoDraw = True
1.3516 	EXP 	Device response: <KeyPress from None: t=1.338557243347168, value=l, duration=None>
1.3523 	DATA 	Keypress: l
1.3660 	INFO 	Keyboard events cleared
1.3659 	EXP 	text: autoDraw = False
1.3659 	EXP 	intstructs: autoDraw = True
1.4516 	EXP 	Device response: <KeyPress from None: t=1.338557243347168, value=l, duration=0.11166620254516602>
1.9512 	EXP 	Device response: <KeyPress from None: t=1.942518949508667, value=space, duration=None>
1.9514 	DATA 	Keypress: space
1.9654 	EXP 	intstructs: autoDraw = False
1.9654 	EXP 	text_2: autoDraw = True
2.0677 	EXP 	Device response: <KeyPress from None: t=1.942518949508667, value=space, duration=0.1117405891418457>
3.9654 	EXP 	text_2: autoDraw = False
3.9654 	EXP 	text_2: autoDraw = False
3.9654 	EXP 	text_3: autoDraw = True
5.9568 	DEBUG 	Read csv file with pandas: training.csv
5.9583 	DEBUG 	Clearing unnamed columns from training.csv
5.9586 	EXP 	Imported training.csv as conditions, 5 conditions, 1 params
5.9591 	EXP 	New trial (rep=0, index=0): <Trial 0 (0 in rep 0) data={'train_diff': '“hard”', 'thisN': 0, 'thisTrialN': 0, 'thisRepN': 0}>
5.9642 	EXP 	New trial (rep=0, index=0): <Trial 0 (0 in rep 0) data={'thisN': 0, 'thisTrialN': 0, 'thisRepN': 0}>
5.9815 	EXP 	text_3: autoDraw = False
5.9815 	EXP 	text_3: autoDraw = False
5.9815 	EXP 	fix: autoDraw = True
6.4838 	DEBUG 	Saving data for misty_module ExperimentHandler
6.4862 	INFO 	saved data to /home/hackerman/misty_py/data/pilot_misty_module_2026-01-29_18h31.05.372.psydat
6.4870 	INFO 	saved data to '/home/hackerman/misty_py/data/pilot_misty_module_2026-01-29_18h31.05.372.csv'
6.4933 	WARNING 	Stopping key buffers but this could be dangerous ifother keyboards rely on the same.
