8.6813 	WARNING 	Font Manager failed to load file /System/Library/PrivateFrameworks/FontServices.framework/Resources/Reserved/PingFangUI.ttc
8.7167 	WARNING 	Font Manager failed to load file /System/Library/PrivateFrameworks/FontServices.framework/Resources/Reserved/PingFangUI.ttc
10.3236 	DEBUG 	Fullscreen settings ignored as running in pilot mode.
10.3245 	INFO 	Loaded monitor calibration from ['2026_01_27 16:28']
10.4235 	INFO 	Using renderer 'Apple M4' for graphics
10.4235 	INFO 	OpenGL version supported by driver is 2..
10.4434 	EXP 	Created window1 = Window(allowGUI=False, allowStencil=True, autoLog=True, backendConf=UNKNOWN, backgroundFit=<method-wrapper '__getattribute__' of attributeSetter object at 0x1795a2980>, backgroundImage=<method-wrapper '__getattribute__' of attributeSetter object at 0x1795a2ec0>, bitsMode=UNKNOWN, blendMode='avg', bpc=(8, 8, 8), color=array([0, 0, 0]), colorSpace='rgb', depthBits=8, fullscr=False, gamma=None, gammaErrorPolicy='raise', infoMsg=UNKNOWN, lms=UNKNOWN, monitor=<psychopy.monitors.calibTools.Monitor object at 0x179653640>, multiSample=False, name='window1', numSamples=2, pos=[np.float64(560.0), np.float64(240.0)], screen=0, size=array([800, 600]), stencilBits=8, stereo=False, title='PsychoPy', units='height', useFBO=True, useRetina=False, viewOri=0.0, viewPos=None, viewScale=None, waitBlanking=True, winType='pyglet')
10.4434 	EXP 	window1: backgroundImage = ''
10.4434 	EXP 	window1: backgroundFit = 'none'
10.4575 	DEBUG 	TextBox2 loaded 1 chars with 0 blanks and 1 valid
10.4650 	DEBUG 	TextBox2 loaded 1 chars with 0 blanks and 1 valid
10.4726 	DEBUG 	TextBox2 loaded 1 chars with 0 blanks and 1 valid
10.4803 	DEBUG 	TextBox2 loaded 1 chars with 0 blanks and 1 valid
10.4879 	DEBUG 	TextBox2 loaded 1 chars with 0 blanks and 1 valid
10.4952 	DEBUG 	TextBox2 loaded 1 chars with 0 blanks and 1 valid
10.5028 	DEBUG 	TextBox2 loaded 1 chars with 0 blanks and 1 valid
10.5104 	DEBUG 	TextBox2 loaded 1 chars with 0 blanks and 1 valid
10.5177 	DEBUG 	TextBox2 loaded 1 chars with 0 blanks and 1 valid
10.5250 	DEBUG 	TextBox2 loaded 1 chars with 0 blanks and 1 valid
10.5325 	DEBUG 	TextBox2 loaded 1 chars with 0 blanks and 1 valid
10.5401 	DEBUG 	TextBox2 loaded 1 chars with 0 blanks and 1 valid
10.5476 	DEBUG 	TextBox2 loaded 1 chars with 0 blanks and 1 valid
10.5551 	DEBUG 	TextBox2 loaded 1 chars with 0 blanks and 1 valid
10.5626 	DEBUG 	TextBox2 loaded 1 chars with 0 blanks and 1 valid
10.5702 	DEBUG 	TextBox2 loaded 1 chars with 0 blanks and 1 valid
10.5777 	DEBUG 	TextBox2 loaded 1 chars with 0 blanks and 1 valid
10.5851 	DEBUG 	TextBox2 loaded 1 chars with 0 blanks and 1 valid
10.5925 	DEBUG 	TextBox2 loaded 1 chars with 0 blanks and 1 valid
10.6002 	DEBUG 	TextBox2 loaded 1 chars with 0 blanks and 1 valid
10.6076 	DEBUG 	TextBox2 loaded 1 chars with 0 blanks and 1 valid
10.6077 	DEBUG 	Uploading Texture Font fontname to graphics card
10.6104 	DEBUG 	Upload of Texture Font fontname complete
10.6208 	DEBUG 	TextBox2 loaded 1 chars with 0 blanks and 1 valid
10.6285 	DEBUG 	TextBox2 loaded 1 chars with 0 blanks and 1 valid
10.6362 	DEBUG 	TextBox2 loaded 1 chars with 0 blanks and 1 valid
10.6363 	DEBUG 	Uploading Texture Font fontname to graphics card
10.6378 	DEBUG 	Upload of Texture Font fontname complete
10.6387 	EXP 	window1: Attempting to measure frame rate of screen (0) ...
10.6387 	EXP 	window1: recordFrameIntervals = False
10.7871 	EXP 	window1: recordFrameIntervals = True
10.9353 	EXP 	Screen (0) actual frame rate measured at 74.53Hz
10.9354 	EXP 	window1: recordFrameIntervals = False
10.9607 	DEBUG 	TextBox2 loaded 1 chars with 0 blanks and 1 valid
10.9733 	DEBUG 	TextBox2 loaded 1 chars with 0 blanks and 1 valid
10.9840 	DEBUG 	TextBox2 loaded 1 chars with 0 blanks and 1 valid
10.9939 	DEBUG 	TextBox2 loaded 1 chars with 0 blanks and 1 valid
11.0031 	DEBUG 	TextBox2 loaded 1 chars with 0 blanks and 1 valid
11.0117 	DEBUG 	TextBox2 loaded 1 chars with 0 blanks and 1 valid
11.0197 	DEBUG 	TextBox2 loaded 1 chars with 0 blanks and 1 valid
11.0278 	DEBUG 	TextBox2 loaded 1 chars with 0 blanks and 1 valid
11.0355 	DEBUG 	TextBox2 loaded 1 chars with 0 blanks and 1 valid
11.0430 	DEBUG 	TextBox2 loaded 1 chars with 0 blanks and 1 valid
11.0431 	DEBUG 	Uploading Texture Font fontname to graphics card
11.0448 	DEBUG 	Upload of Texture Font fontname complete
11.9846 	INFO 	keyboard.Keyboard is using ptb backend.
11.9846 	EXP 	misty_module: status = STARTED
12.0200 	EXP 	Created text = TextStim(__class__=<class 'psychopy.visual.text.TextStim'>, alignHoriz=method-wrapper(...), alignText='center', alignVert=method-wrapper(...), anchorHoriz='center', anchorVert='center', antialias=True, autoDraw=False, autoLog=True, bold=False, color=array([1., 1., 1.]), colorSpace='rgb', contrast=1.0, depth=0.0, draggable=False, flipHoriz=False, flipVert=False, font='Arial', fontFiles=[], height=np.float64(0.05), italic=False, languageStyle='LTR', name='text', opacity=1, ori=0.0, pos=array([0., 0.]), rgb=UNKNOWN, text=str(...), units='height', win=Window(...), wrapWidth=1)
12.0273 	EXP 	Created intstructs = TextStim(__class__=<class 'psychopy.visual.text.TextStim'>, alignHoriz=method-wrapper(...), alignText='center', alignVert=method-wrapper(...), anchorHoriz='center', anchorVert='center', antialias=True, autoDraw=False, autoLog=True, bold=False, color=array([1., 1., 1.]), colorSpace='rgb', contrast=1.0, depth=0.0, draggable=False, flipHoriz=False, flipVert=False, font='Arial', fontFiles=[], height=np.float64(0.05), italic=False, languageStyle='LTR', name='intstructs', opacity=1, ori=0.0, pos=array([0., 0.]), rgb=UNKNOWN, text=str(...), units='height', win=Window(...), wrapWidth=1)
12.0294 	EXP 	Created fix = TextStim(__class__=<class 'psychopy.visual.text.TextStim'>, alignHoriz=method-wrapper(...), alignText='center', alignVert=method-wrapper(...), anchorHoriz='center', anchorVert='center', antialias=True, autoDraw=False, autoLog=True, bold=False, color=array([1., 1., 1.]), colorSpace='rgb', contrast=1.0, depth=-1.0, draggable=False, flipHoriz=False, flipVert=False, font='Open Sans', fontFiles=[], height=np.float64(0.1), italic=False, languageStyle='LTR', name='fix', opacity=1, ori=0.0, pos=array([0., 0.]), rgb=UNKNOWN, text='+', units='height', win=Window(...), wrapWidth=1)
12.0350 	DEBUG 	TextBox2 loaded 1 chars with 0 blanks and 1 valid
12.0355 	DEBUG 	TextBox2 loaded 1 chars with 0 blanks and 1 valid
12.0361 	DEBUG 	TextBox2 loaded 1 chars with 0 blanks and 1 valid
12.0365 	DEBUG 	TextBox2 loaded 1 chars with 0 blanks and 1 valid
12.0367 	DEBUG 	TextBox2 loaded 1 chars with 0 blanks and 1 valid
12.0369 	DEBUG 	TextBox2 loaded 1 chars with 0 blanks and 1 valid
12.0374 	DEBUG 	TextBox2 loaded 1 chars with 0 blanks and 1 valid
12.0377 	DEBUG 	TextBox2 loaded 1 chars with 0 blanks and 1 valid
12.0379 	DEBUG 	TextBox2 loaded 1 chars with 0 blanks and 1 valid
12.0380 	DEBUG 	Uploading Texture Font fontname to graphics card
12.0401 	DEBUG 	Upload of Texture Font fontname complete
12.0613 	DEBUG 	TextBox2 loaded 1 chars with 0 blanks and 1 valid
12.0614 	DEBUG 	Uploading Texture Font fontname to graphics card
12.0635 	DEBUG 	Upload of Texture Font fontname complete
12.0734 	DEBUG 	TextBox2 loaded 1 chars with 0 blanks and 1 valid
12.0810 	DEBUG 	TextBox2 loaded 1 chars with 0 blanks and 1 valid
12.0885 	DEBUG 	TextBox2 loaded 1 chars with 0 blanks and 1 valid
12.0960 	DEBUG 	TextBox2 loaded 1 chars with 0 blanks and 1 valid
12.1035 	DEBUG 	TextBox2 loaded 1 chars with 0 blanks and 1 valid
12.1108 	DEBUG 	TextBox2 loaded 1 chars with 0 blanks and 1 valid
12.1184 	DEBUG 	TextBox2 loaded 1 chars with 0 blanks and 1 valid
12.1258 	DEBUG 	TextBox2 loaded 1 chars with 0 blanks and 1 valid
12.1333 	DEBUG 	TextBox2 loaded 1 chars with 0 blanks and 1 valid
12.1407 	DEBUG 	TextBox2 loaded 1 chars with 0 blanks and 1 valid
12.1408 	DEBUG 	Uploading Texture Font fontname to graphics card
12.1426 	DEBUG 	Upload of Texture Font fontname complete
12.1526 	DEBUG 	TextBox2 loaded 1 chars with 0 blanks and 1 valid
12.1526 	DEBUG 	Uploading Texture Font fontname to graphics card
12.1541 	DEBUG 	Upload of Texture Font fontname complete
12.1678 	DEBUG 	TextBox2 loaded 1 chars with 0 blanks and 1 valid
12.1678 	DEBUG 	Uploading Texture Font fontname to graphics card
12.1693 	DEBUG 	Upload of Texture Font fontname complete
12.1814 	DEBUG 	TextBox2 loaded 1 chars with 0 blanks and 1 valid
12.1815 	DEBUG 	Uploading Texture Font fontname to graphics card
12.1829 	DEBUG 	Upload of Texture Font fontname complete
12.1950 	DEBUG 	TextBox2 loaded 1 chars with 0 blanks and 1 valid
12.1951 	DEBUG 	Uploading Texture Font fontname to graphics card
12.1965 	DEBUG 	Upload of Texture Font fontname complete
12.2085 	DEBUG 	TextBox2 loaded 1 chars with 0 blanks and 1 valid
12.2086 	DEBUG 	Uploading Texture Font fontname to graphics card
12.2100 	DEBUG 	Upload of Texture Font fontname complete
12.2220 	DEBUG 	TextBox2 loaded 1 chars with 0 blanks and 1 valid
12.2220 	DEBUG 	Uploading Texture Font fontname to graphics card
12.2235 	DEBUG 	Upload of Texture Font fontname complete
12.2354 	DEBUG 	TextBox2 loaded 1 chars with 0 blanks and 1 valid
12.2355 	DEBUG 	Uploading Texture Font fontname to graphics card
12.2369 	DEBUG 	Upload of Texture Font fontname complete
12.2489 	DEBUG 	TextBox2 loaded 1 chars with 0 blanks and 1 valid
12.2489 	DEBUG 	Uploading Texture Font fontname to graphics card
12.2504 	DEBUG 	Upload of Texture Font fontname complete
12.2624 	DEBUG 	TextBox2 loaded 1 chars with 0 blanks and 1 valid
12.2624 	DEBUG 	Uploading Texture Font fontname to graphics card
12.2638 	DEBUG 	Upload of Texture Font fontname complete
12.2862 	EXP 	Created slider_3 = Slider(__class__=<class 'psychopy.visual.slider.Slider'>, autoDraw=False, autoLog=True, borderColor=None, color=None, colorSpace='rgb', depth=-2, fillColor=None, flip=False, font='Noto Sans', granularity=1, labelColor=None, labelHeight=np.float64(0.05), labelWrapWidth=None, labels=(0, 1, 2, 3, 4, 5, 6, 7, 8, 9), lineColor=None, markerColor=None, name='slider_3', opacity=None, ori=0.0, pos=array([ 0. , -0.4]), readOnly=False, self=UNKNOWN, size=array([1. , 0.1]), startValue=None, style='choice', styleTweaks=[], ticks=array([0, 1, 2, 3, 4, 5, 6, 7, 8, 9]), units='norm', win=Window(...))
12.2930 	EXP 	Created text_2 = TextStim(__class__=<class 'psychopy.visual.text.TextStim'>, alignHoriz=method-wrapper(...), alignText='center', alignVert=method-wrapper(...), anchorHoriz='center', anchorVert='center', antialias=True, autoDraw=False, autoLog=True, bold=False, color=array([1., 1., 1.]), colorSpace='rgb', contrast=1.0, depth=0.0, draggable=False, flipHoriz=False, flipVert=False, font='Arial', fontFiles=[], height=np.float64(0.05), italic=False, languageStyle='LTR', name='text_2', opacity=1, ori=0.0, pos=array([0., 0.]), rgb=UNKNOWN, text=str(...), units='height', win=Window(...), wrapWidth=1)
12.2937 	EXP 	Created fix = TextStim(__class__=<class 'psychopy.visual.text.TextStim'>, alignHoriz=method-wrapper(...), alignText='center', alignVert=method-wrapper(...), anchorHoriz='center', anchorVert='center', antialias=True, autoDraw=False, autoLog=True, bold=False, color=array([1., 1., 1.]), colorSpace='rgb', contrast=1.0, depth=-1.0, draggable=False, flipHoriz=False, flipVert=False, font='Open Sans', fontFiles=[], height=np.float64(0.1), italic=False, languageStyle='LTR', name='fix', opacity=1, ori=0.0, pos=array([0., 0.]), rgb=UNKNOWN, text='+', units='height', win=Window(...), wrapWidth=1)
12.2958 	EXP 	Created prog_3 = Progress(__class__=<class 'psychopy.visual.progress.Progress'>, anchor=('left', 'top'), autoDraw=False, autoLog=True, closeShape=True, color=method-wrapper(...), colorSpace='rgb', contrast=None, depth=-1, draggable=False, fillColor=array([-1.    ,  0.5373, -1.    ]), fillColorSpace='rgb', fillRGB=array([-1.    ,  0.5373, -1.    ]), interpolate=True, lineColor=array([1., 1., 1.]), lineColorSpace='rgb', lineRGB=array([1, 1, 1]), lineWidth=4.0, name='prog_3', opacity=1.0, ori=0.0, pos=array([-0.5,  0.5]), size=array([1. , 0.1]), units='norm', vertices=ndarray(...), win=Window(...), windingRule=None)
12.2965 	EXP 	Created prog_3Bar = ShapeStim(__class__=<class 'psychopy.visual.shape.ShapeStim'>, anchor=('left', 'top'), autoDraw=False, autoLog=True, closeShape=True, color=method-wrapper(...), colorSpace='rgb', contrast=None, depth=-1, draggable=False, fillColor=array([ 1., -1., -1.]), fillColorSpace='rgb', fillRGB=array([ 1., -1., -1.]), interpolate=True, lineColor=array([0., 0., 0.]), lineColorSpace='rgb', lineRGB=array([0, 0, 0]), lineWidth=1.5, name='prog_3Bar', opacity=1.0, ori=0.0, pos=array([-0.5,  0.5]), size=array([1. , 0.1]), units='norm', vertices=ndarray(...), win=Window(...), windingRule=None)
12.2971 	EXP 	Created greenbar_3 = Rect(__class__=<class 'psychopy.visual.rect.Rect'>, anchor=('left', 'center'), autoDraw=False, autoLog=True, closeShape=True, color=method-wrapper(...), colorSpace='rgb', contrast=None, depth=-2.0, draggable=False, fillColor=array([-1.    ,  0.0039, -1.    ]), fillColorSpace='rgb', fillRGB=array([-1.    ,  0.0039, -1.    ]), interpolate=True, lineColor=array([1., 1., 1.]), lineColorSpace='rgb', lineRGB=array([1, 1, 1]), lineWidth=1.0, name='greenbar_3', opacity=1, ori=0.0, pos=array([0.33333333, 0.7       ]), size=array([0.66666667, 0.1       ]), units='norm', vertices=ndarray(...), win=Window(...))
12.2976 	EXP 	Created yellowbar_3 = Rect(__class__=<class 'psychopy.visual.rect.Rect'>, anchor=('left', 'center'), autoDraw=False, autoLog=True, closeShape=True, color=method-wrapper(...), colorSpace='rgb', contrast=None, depth=-3.0, draggable=False, fillColor=array([ 1.,  1., -1.]), fillColorSpace='rgb', fillRGB=array([ 1.,  1., -1.]), interpolate=True, lineColor=array([1., 1., 1.]), lineColorSpace='rgb', lineRGB=array([1, 1, 1]), lineWidth=1.0, name='yellowbar_3', opacity=1, ori=0.0, pos=array([-0.33333333,  0.7       ]), size=array([0.66666667, 0.1       ]), units='norm', vertices=ndarray(...), win=Window(...))
12.2981 	EXP 	Created redbar_3 = Rect(__class__=<class 'psychopy.visual.rect.Rect'>, anchor=('left', 'center'), autoDraw=False, autoLog=True, closeShape=True, color=method-wrapper(...), colorSpace='rgb', contrast=None, depth=-4.0, draggable=False, fillColor=array([ 1., -1., -1.]), fillColorSpace='rgb', fillRGB=array([ 1., -1., -1.]), interpolate=True, lineColor=array([1., 1., 1.]), lineColorSpace='rgb', lineRGB=array([1, 1, 1]), lineWidth=1.0, name='redbar_3', opacity=1, ori=0.0, pos=array([-1. ,  0.7]), size=array([0.66666667, 0.1       ]), units='norm', vertices=ndarray(...), win=Window(...))
12.2988 	EXP 	Created arrow_3 = ShapeStim(__class__=<class 'psychopy.visual.shape.ShapeStim'>, anchor=('center', 'center'), autoDraw=False, autoLog=True, closeShape=True, color=method-wrapper(...), colorSpace='rgb', contrast=None, depth=-5.0, draggable=False, fillColor=array([1, 1, 1]), fillColorSpace='rgb', fillRGB=array([1, 1, 1]), interpolate=True, lineColor=array([1., 1., 1.]), lineColorSpace='rgb', lineRGB=array([1, 1, 1]), lineWidth=1.0, name='arrow_3', opacity=1, ori=0.0, pos=array([0., 0.]), size=array([0.05, 0.05]), units='norm', vertices=ndarray(...), win=Window(...), windingRule=None)
12.3678 	EXP 	Created slider_4 = Slider(__class__=<class 'psychopy.visual.slider.Slider'>, autoDraw=False, autoLog=True, borderColor=None, color=None, colorSpace='rgb', depth=-7, fillColor=None, flip=False, font='Noto Sans', granularity=1, labelColor=None, labelHeight=np.float64(0.05), labelWrapWidth=None, labels=(0, 1, 2, 3, 4, 5, 6, 7, 8, 9), lineColor=None, markerColor=None, name='slider_4', opacity=None, ori=0.0, pos=array([ 0. , -0.4]), readOnly=False, self=UNKNOWN, size=array([1. , 0.1]), startValue=None, style='choice', styleTweaks=[], ticks=array([0, 1, 2, 3, 4, 5, 6, 7, 8, 9]), units='norm', win=Window(...))
12.3734 	EXP 	Created text_3 = TextStim(__class__=<class 'psychopy.visual.text.TextStim'>, alignHoriz=method-wrapper(...), alignText='center', alignVert=method-wrapper(...), anchorHoriz='center', anchorVert='center', antialias=True, autoDraw=False, autoLog=True, bold=False, color=array([1., 1., 1.]), colorSpace='rgb', contrast=1.0, depth=0.0, draggable=False, flipHoriz=False, flipVert=False, font='Arial', fontFiles=[], height=np.float64(0.05), italic=False, languageStyle='LTR', name='text_3', opacity=1, ori=0.0, pos=array([0., 0.]), rgb=UNKNOWN, text='Training instructions here', units='height', win=Window(...), wrapWidth=1)
12.3741 	EXP 	Created fix = TextStim(__class__=<class 'psychopy.visual.text.TextStim'>, alignHoriz=method-wrapper(...), alignText='center', alignVert=method-wrapper(...), anchorHoriz='center', anchorVert='center', antialias=True, autoDraw=False, autoLog=True, bold=False, color=array([1., 1., 1.]), colorSpace='rgb', contrast=1.0, depth=-1.0, draggable=False, flipHoriz=False, flipVert=False, font='Open Sans', fontFiles=[], height=np.float64(0.1), italic=False, languageStyle='LTR', name='fix', opacity=1, ori=0.0, pos=array([0., 0.]), rgb=UNKNOWN, text='+', units='height', win=Window(...), wrapWidth=1)
12.4428 	EXP 	Created slider_training = Slider(__class__=<class 'psychopy.visual.slider.Slider'>, autoDraw=False, autoLog=True, borderColor=None, color=None, colorSpace='rgb', depth=-2, fillColor=None, flip=False, font='Noto Sans', granularity=1, labelColor=None, labelHeight=np.float64(0.05), labelWrapWidth=None, labels=(0, 1, 2, 3, 4, 5, 6, 7, 8, 9), lineColor=None, markerColor=None, name='slider_training', opacity=None, ori=0.0, pos=array([ 0. , -0.4]), readOnly=False, self=UNKNOWN, size=array([1. , 0.1]), startValue=None, style='choice', styleTweaks=[], ticks=array([0, 1, 2, 3, 4, 5, 6, 7, 8, 9]), units='norm', win=Window(...))
12.4478 	EXP 	Created fix = TextStim(__class__=<class 'psychopy.visual.text.TextStim'>, alignHoriz=method-wrapper(...), alignText='center', alignVert=method-wrapper(...), anchorHoriz='center', anchorVert='center', antialias=True, autoDraw=False, autoLog=True, bold=False, color=array([1., 1., 1.]), colorSpace='rgb', contrast=1.0, depth=-1.0, draggable=False, flipHoriz=False, flipVert=False, font='Open Sans', fontFiles=[], height=np.float64(0.1), italic=False, languageStyle='LTR', name='fix', opacity=1, ori=0.0, pos=array([0., 0.]), rgb=UNKNOWN, text='+', units='height', win=Window(...), wrapWidth=1)
12.4485 	EXP 	Created prog = Progress(__class__=<class 'psychopy.visual.progress.Progress'>, anchor=('left', 'top'), autoDraw=False, autoLog=True, closeShape=True, color=method-wrapper(...), colorSpace='rgb', contrast=None, depth=-1, draggable=False, fillColor=array([-1.    ,  0.5373, -1.    ]), fillColorSpace='rgb', fillRGB=array([-1.    ,  0.5373, -1.    ]), interpolate=True, lineColor=array([1., 1., 1.]), lineColorSpace='rgb', lineRGB=array([1, 1, 1]), lineWidth=4.0, name='prog', opacity=1.0, ori=0.0, pos=array([-0.5,  0.5]), size=array([1. , 0.1]), units='norm', vertices=ndarray(...), win=Window(...), windingRule=None)
12.4492 	EXP 	Created progBar = ShapeStim(__class__=<class 'psychopy.visual.shape.ShapeStim'>, anchor=('left', 'top'), autoDraw=False, autoLog=True, closeShape=True, color=method-wrapper(...), colorSpace='rgb', contrast=None, depth=-1, draggable=False, fillColor=array([ 1., -1., -1.]), fillColorSpace='rgb', fillRGB=array([ 1., -1., -1.]), interpolate=True, lineColor=array([0., 0., 0.]), lineColorSpace='rgb', lineRGB=array([0, 0, 0]), lineWidth=1.5, name='progBar', opacity=1.0, ori=0.0, pos=array([-0.5,  0.5]), size=array([1. , 0.1]), units='norm', vertices=ndarray(...), win=Window(...), windingRule=None)
12.4498 	EXP 	Created greenbar = Rect(__class__=<class 'psychopy.visual.rect.Rect'>, anchor=('left', 'center'), autoDraw=False, autoLog=True, closeShape=True, color=method-wrapper(...), colorSpace='rgb', contrast=None, depth=-2.0, draggable=False, fillColor=array([-1.    ,  0.0039, -1.    ]), fillColorSpace='rgb', fillRGB=array([-1.    ,  0.0039, -1.    ]), interpolate=True, lineColor=array([1., 1., 1.]), lineColorSpace='rgb', lineRGB=array([1, 1, 1]), lineWidth=1.0, name='greenbar', opacity=1, ori=0.0, pos=array([0.33333333, 0.7       ]), size=array([0.66666667, 0.1       ]), units='norm', vertices=ndarray(...), win=Window(...))
12.4503 	EXP 	Created yellowbar = Rect(__class__=<class 'psychopy.visual.rect.Rect'>, anchor=('left', 'center'), autoDraw=False, autoLog=True, closeShape=True, color=method-wrapper(...), colorSpace='rgb', contrast=None, depth=-3.0, draggable=False, fillColor=array([ 1.,  1., -1.]), fillColorSpace='rgb', fillRGB=array([ 1.,  1., -1.]), interpolate=True, lineColor=array([1., 1., 1.]), lineColorSpace='rgb', lineRGB=array([1, 1, 1]), lineWidth=1.0, name='yellowbar', opacity=1, ori=0.0, pos=array([-0.33333333,  0.7       ]), size=array([0.66666667, 0.1       ]), units='norm', vertices=ndarray(...), win=Window(...))
12.4508 	EXP 	Created redbar = Rect(__class__=<class 'psychopy.visual.rect.Rect'>, anchor=('left', 'center'), autoDraw=False, autoLog=True, closeShape=True, color=method-wrapper(...), colorSpace='rgb', contrast=None, depth=-4.0, draggable=False, fillColor=array([ 1., -1., -1.]), fillColorSpace='rgb', fillRGB=array([ 1., -1., -1.]), interpolate=True, lineColor=array([1., 1., 1.]), lineColorSpace='rgb', lineRGB=array([1, 1, 1]), lineWidth=1.0, name='redbar', opacity=1, ori=0.0, pos=array([-1. ,  0.7]), size=array([0.66666667, 0.1       ]), units='norm', vertices=ndarray(...), win=Window(...))
12.4516 	EXP 	Created arrow = ShapeStim(__class__=<class 'psychopy.visual.shape.ShapeStim'>, anchor=('center', 'center'), autoDraw=False, autoLog=True, closeShape=True, color=method-wrapper(...), colorSpace='rgb', contrast=None, depth=-5.0, draggable=False, fillColor=array([1, 1, 1]), fillColorSpace='rgb', fillRGB=array([1, 1, 1]), interpolate=True, lineColor=array([1., 1., 1.]), lineColorSpace='rgb', lineRGB=array([1, 1, 1]), lineWidth=1.0, name='arrow', opacity=1, ori=0.0, pos=array([0., 0.]), size=array([0.05, 0.05]), units='norm', vertices=ndarray(...), win=Window(...), windingRule=None)
12.5202 	EXP 	Created slider = Slider(__class__=<class 'psychopy.visual.slider.Slider'>, autoDraw=False, autoLog=True, borderColor=None, color=None, colorSpace='rgb', depth=-7, fillColor=None, flip=False, font='Noto Sans', granularity=1, labelColor=None, labelHeight=np.float64(0.05), labelWrapWidth=None, labels=(0, 1, 2, 3, 4, 5, 6, 7, 8, 9), lineColor=None, markerColor=None, name='slider', opacity=None, ori=0.0, pos=array([ 0. , -0.4]), readOnly=False, self=UNKNOWN, size=array([1. , 0.1]), startValue=None, style='choice', styleTweaks=[], ticks=array([0, 1, 2, 3, 4, 5, 6, 7, 8, 9]), units='norm', win=Window(...))
0.0028 	EXP 	textbox_4: autoLog = True
0.0028 	EXP 	slider_3: autoLog = True
0.0028 	EXP 	slider_3: styleTweaks = []
0.0028 	EXP 	slider_3: styleTweaks = []
0.0028 	EXP 	slider_3: styleTweaks = []
0.0028 	EXP 	slider_3: styleTweaks = []
0.0028 	EXP 	slider_3: contrast = 1.0
0.0028 	EXP 	slider_3: markerPos = None
0.0028 	EXP 	slider_3: autoLog = True
0.0028 	EXP 	textbox_2: autoLog = True
0.0028 	EXP 	prog_3: direction = 'horizontal'
0.0028 	EXP 	prog_3: progress = 0.0
0.0028 	EXP 	textbox_5: autoLog = True
0.0028 	EXP 	slider_4: autoLog = True
0.0028 	EXP 	slider_4: styleTweaks = []
0.0028 	EXP 	slider_4: styleTweaks = []
0.0028 	EXP 	slider_4: styleTweaks = []
0.0028 	EXP 	slider_4: styleTweaks = []
0.0028 	EXP 	slider_4: contrast = 1.0
0.0028 	EXP 	slider_4: markerPos = None
0.0028 	EXP 	slider_4: autoLog = True
0.0028 	EXP 	textbox_2: autoLog = True
0.0028 	EXP 	textbox_3: autoLog = True
0.0028 	EXP 	slider_training: autoLog = True
0.0028 	EXP 	slider_training: styleTweaks = []
0.0028 	EXP 	slider_training: styleTweaks = []
0.0028 	EXP 	slider_training: styleTweaks = []
0.0028 	EXP 	slider_training: styleTweaks = []
0.0028 	EXP 	slider_training: contrast = 1.0
0.0028 	EXP 	slider_training: markerPos = None
0.0028 	EXP 	slider_training: autoLog = True
0.0028 	EXP 	textbox_2: autoLog = True
0.0028 	EXP 	prog: direction = 'horizontal'
0.0028 	EXP 	prog: progress = 0.0
0.0028 	EXP 	textbox: autoLog = True
0.0028 	EXP 	slider: autoLog = True
0.0028 	EXP 	slider: styleTweaks = []
0.0028 	EXP 	slider: styleTweaks = []
0.0028 	EXP 	slider: styleTweaks = []
0.0028 	EXP 	slider: styleTweaks = []
0.0028 	EXP 	slider: contrast = 1.0
0.0028 	EXP 	slider: markerPos = None
0.0028 	EXP 	slider: autoLog = True
0.0028 	EXP 	textbox_2: autoLog = True
0.0130 	INFO 	Keyboard events cleared
0.0129 	EXP 	text: autoDraw = True
1.4909 	EXP 	Device response: <KeyPress from None: t=1.3774398750001637, value=l, duration=None>
1.4946 	DATA 	Keypress: l
1.4970 	INFO 	Keyboard events cleared
1.4970 	EXP 	text: autoDraw = False
1.4970 	EXP 	intstructs: autoDraw = True
1.5450 	EXP 	Device response: <KeyPress from None: t=1.3774398750001637, value=l, duration=0.15500162499984071>
2.0032 	EXP 	Device response: <KeyPress from None: t=1.9954236670000682, value=space, duration=None>
2.0046 	DATA 	Keypress: space
2.0109 	DEBUG 	Read excel file with openpyxl: practice_difficulty.xlsx
2.0111 	EXP 	Imported practice_difficulty.xlsx as conditions, 3 conditions, 1 params
2.0135 	EXP 	intstructs: autoDraw = False
2.0135 	EXP 	text_2: autoDraw = True
2.1225 	EXP 	Device response: <KeyPress from None: t=1.9954236670000682, value=space, duration=0.11700958300025377>
4.0074 	DEBUG 	Read excel file with openpyxl: practice_difficulty.xlsx
4.0076 	EXP 	Imported practice_difficulty.xlsx as conditions, 3 conditions, 1 params
4.0114 	EXP 	text_2: autoDraw = False
4.0114 	EXP 	text_2: autoDraw = False
4.0114 	EXP 	text_3: autoDraw = True
6.0166 	DEBUG 	Read csv file with pandas: training.csv
6.0193 	DEBUG 	Clearing unnamed columns from training.csv
6.0200 	EXP 	Imported training.csv as conditions, 5 conditions, 2 params
6.0206 	EXP 	New trial (rep=0, index=0): <Trial 0 (0 in rep 0) data={'train_diff': 'easy2', 'train_time': np.int64(5), 'thisN': 0, 'thisTrialN': 0, 'thisRepN': 0}>
6.0253 	EXP 	New trial (rep=0, index=0): <Trial 0 (0 in rep 0) data={'thisN': 0, 'thisTrialN': 0, 'thisRepN': 0}>
6.0298 	EXP 	text_3: autoDraw = False
6.0298 	EXP 	text_3: autoDraw = False
6.0298 	EXP 	fix: autoDraw = True
6.5118 	DEBUG 	TextBox2 loaded 1 chars with 0 blanks and 1 valid
6.5134 	DEBUG 	TextBox2 loaded 1 chars with 0 blanks and 1 valid
6.5146 	DEBUG 	TextBox2 loaded 1 chars with 0 blanks and 1 valid
6.5152 	DEBUG 	TextBox2 loaded 1 chars with 0 blanks and 1 valid
6.5165 	DEBUG 	TextBox2 loaded 1 chars with 0 blanks and 1 valid
6.5173 	DEBUG 	TextBox2 loaded 1 chars with 0 blanks and 1 valid
6.5186 	DEBUG 	TextBox2 loaded 1 chars with 0 blanks and 1 valid
6.5189 	DEBUG 	Uploading Texture Font fontname to graphics card
6.5232 	DEBUG 	Upload of Texture Font fontname complete
6.5456 	INFO 	Keyboard events cleared
6.5456 	EXP 	fix: autoDraw = False
6.5456 	EXP 	slider_training: markerPos = None
6.5456 	EXP 	slider_training: markerPos = None
6.5456 	EXP 	textbox_3: autoDraw = True
6.5456 	EXP 	slider_training: autoDraw = True
8.7874 	EXP 	Device response: <KeyPress from None: t=8.781409292000262, value=6, duration=None>
8.7888 	DEBUG 	TextBox2 loaded 1 chars with 0 blanks and 1 valid
8.7894 	DEBUG 	TextBox2 loaded 1 chars with 0 blanks and 1 valid
8.7899 	DEBUG 	TextBox2 loaded 1 chars with 0 blanks and 1 valid
8.7903 	DEBUG 	TextBox2 loaded 1 chars with 0 blanks and 1 valid
8.7907 	DEBUG 	TextBox2 loaded 1 chars with 0 blanks and 1 valid
8.7908 	DEBUG 	Uploading Texture Font fontname to graphics card
8.7925 	DEBUG 	Upload of Texture Font fontname complete
8.7945 	DATA 	Keypress: 6
8.8001 	EXP 	textbox_3: autoDraw = False
8.8001 	EXP 	slider_training: autoDraw = False
8.8001 	EXP 	textbox_2: autoDraw = True
8.9083 	EXP 	Device response: <KeyPress from None: t=8.781409292000262, value=6, duration=0.11598958300010054>
9.7892 	EXP 	New trial (rep=1, index=0): <Trial 1 (0 in rep 1) data={'thisN': 1, 'thisTrialN': 0, 'thisRepN': 1}>
9.8005 	EXP 	textbox_2: autoDraw = False
9.8005 	EXP 	fix: autoDraw = True
10.3146 	INFO 	Keyboard events cleared
10.3146 	EXP 	fix: autoDraw = False
10.3146 	EXP 	slider_training: markerPos = None
10.3146 	EXP 	slider_training: markerPos = None
10.3146 	EXP 	textbox_3: autoDraw = True
10.3146 	EXP 	slider_training: autoDraw = True
12.2819 	EXP 	Device response: <KeyPress from None: t=12.275393708000138, value=5, duration=None>
12.2828 	DEBUG 	TextBox2 loaded 1 chars with 0 blanks and 1 valid
12.2833 	DEBUG 	TextBox2 loaded 1 chars with 0 blanks and 1 valid
12.2835 	DEBUG 	Uploading Texture Font fontname to graphics card
12.2852 	DEBUG 	Upload of Texture Font fontname complete
12.2868 	DATA 	Keypress: 5
12.2943 	EXP 	textbox_3: autoDraw = False
12.2943 	EXP 	slider_training: autoDraw = False
12.2943 	EXP 	textbox_2: autoDraw = True
12.3758 	EXP 	Device response: <KeyPress from None: t=12.275393708000138, value=5, duration=0.09400333399980809>
13.2857 	EXP 	New trial (rep=2, index=0): <Trial 2 (0 in rep 2) data={'thisN': 2, 'thisTrialN': 0, 'thisRepN': 2}>
13.2952 	EXP 	textbox_2: autoDraw = False
13.2952 	EXP 	fix: autoDraw = True
13.7944 	DEBUG 	TextBox2 loaded 1 chars with 0 blanks and 1 valid
13.7966 	DEBUG 	TextBox2 loaded 1 chars with 0 blanks and 1 valid
13.7969 	DEBUG 	Uploading Texture Font fontname to graphics card
13.8006 	DEBUG 	Upload of Texture Font fontname complete
13.8155 	INFO 	Keyboard events cleared
13.8154 	EXP 	fix: autoDraw = False
13.8154 	EXP 	slider_training: markerPos = None
13.8154 	EXP 	slider_training: markerPos = None
13.8154 	EXP 	textbox_3: autoDraw = True
13.8154 	EXP 	slider_training: autoDraw = True
15.9962 	DATA 	Keypress: 7
16.0033 	EXP 	Device response: <KeyPress from None: t=15.991360958000314, value=7, duration=None>
16.0155 	EXP 	textbox_3: autoDraw = False
16.0155 	EXP 	slider_training: autoDraw = False
16.0155 	EXP 	textbox_2: autoDraw = True
16.1107 	EXP 	Device response: <KeyPress from None: t=15.991360958000314, value=7, duration=0.11302983399991717>
17.0052 	EXP 	New trial (rep=3, index=0): <Trial 3 (0 in rep 3) data={'thisN': 3, 'thisTrialN': 0, 'thisRepN': 3}>
17.0171 	EXP 	textbox_2: autoDraw = False
17.0171 	EXP 	fix: autoDraw = True
17.5156 	DEBUG 	TextBox2 loaded 1 chars with 0 blanks and 1 valid
17.5173 	DEBUG 	TextBox2 loaded 1 chars with 0 blanks and 1 valid
17.5187 	DEBUG 	TextBox2 loaded 1 chars with 0 blanks and 1 valid
17.5190 	DEBUG 	Uploading Texture Font fontname to graphics card
17.5226 	DEBUG 	Upload of Texture Font fontname complete
17.5362 	INFO 	Keyboard events cleared
17.5361 	EXP 	fix: autoDraw = False
17.5361 	EXP 	slider_training: markerPos = None
17.5361 	EXP 	slider_training: markerPos = None
17.5361 	EXP 	textbox_3: autoDraw = True
17.5361 	EXP 	slider_training: autoDraw = True
20.8717 	EXP 	Device response: <KeyPress from None: t=20.86937770800023, value=9, duration=None>
20.8736 	DATA 	Keypress: 9
20.8840 	EXP 	textbox_3: autoDraw = False
20.8840 	EXP 	slider_training: autoDraw = False
20.8840 	EXP 	textbox_2: autoDraw = True
20.9926 	EXP 	Device response: <KeyPress from None: t=20.86937770800023, value=9, duration=0.11299749999989217>
21.8736 	EXP 	New trial (rep=4, index=0): <Trial 4 (0 in rep 4) data={'thisN': 4, 'thisTrialN': 0, 'thisRepN': 4}>
21.8855 	EXP 	textbox_2: autoDraw = False
21.8855 	EXP 	fix: autoDraw = True
22.4043 	INFO 	Keyboard events cleared
22.4042 	EXP 	fix: autoDraw = False
22.4042 	EXP 	slider_training: markerPos = None
22.4042 	EXP 	slider_training: markerPos = None
22.4042 	EXP 	textbox_3: autoDraw = True
22.4042 	EXP 	slider_training: autoDraw = True
26.5669 	EXP 	Device response: <KeyPress from None: t=26.563341542000217, value=7, duration=None>
26.5687 	DATA 	Keypress: 7
26.5794 	EXP 	textbox_3: autoDraw = False
26.5794 	EXP 	slider_training: autoDraw = False
26.5794 	EXP 	textbox_2: autoDraw = True
26.6747 	EXP 	Device response: <KeyPress from None: t=26.563341542000217, value=7, duration=0.10101241599977584>
27.5699 	EXP 	New trial (rep=5, index=0): <Trial 5 (0 in rep 5) data={'thisN': 5, 'thisTrialN': 0, 'thisRepN': 5}>
27.5803 	EXP 	textbox_2: autoDraw = False
27.5803 	EXP 	fix: autoDraw = True
28.0943 	INFO 	Keyboard events cleared
28.0943 	EXP 	fix: autoDraw = False
28.0943 	EXP 	slider_training: markerPos = None
28.0943 	EXP 	slider_training: markerPos = None
28.0943 	EXP 	textbox_3: autoDraw = True
28.0943 	EXP 	slider_training: autoDraw = True
33.1018 	EXP 	textbox_3: autoDraw = False
33.1018 	EXP 	slider_training: autoDraw = False
33.1018 	EXP 	textbox_2: autoDraw = True
34.0928 	EXP 	New trial (rep=0, index=1): <Trial 1 (1 in rep 0) data={'train_diff': 'med1', 'train_time': np.int64(5), 'thisN': 1, 'thisTrialN': 1, 'thisRepN': 0}>
34.0974 	EXP 	New trial (rep=0, index=0): <Trial 0 (0 in rep 0) data={'thisN': 0, 'thisTrialN': 0, 'thisRepN': 0}>
34.1029 	EXP 	textbox_2: autoDraw = False
34.1029 	EXP 	fix: autoDraw = True
34.6154 	INFO 	Keyboard events cleared
34.6153 	EXP 	fix: autoDraw = False
34.6153 	EXP 	slider_training: markerPos = None
34.6153 	EXP 	slider_training: markerPos = None
34.6153 	EXP 	textbox_3: autoDraw = True
34.6153 	EXP 	slider_training: autoDraw = True
38.3714 	EXP 	Device response: <KeyPress from None: t=38.370265375000145, value=5, duration=None>
38.3733 	DATA 	Keypress: 5
38.3837 	EXP 	textbox_3: autoDraw = False
38.3837 	EXP 	slider_training: autoDraw = False
38.3837 	EXP 	textbox_2: autoDraw = True
38.4923 	EXP 	Device response: <KeyPress from None: t=38.370265375000145, value=5, duration=0.11405262500011304>
39.3744 	EXP 	New trial (rep=1, index=0): <Trial 1 (0 in rep 1) data={'thisN': 1, 'thisTrialN': 0, 'thisRepN': 1}>
39.3848 	EXP 	textbox_2: autoDraw = False
39.3848 	EXP 	fix: autoDraw = True
39.9009 	INFO 	Keyboard events cleared
39.9009 	EXP 	fix: autoDraw = False
39.9009 	EXP 	slider_training: markerPos = None
39.9009 	EXP 	slider_training: markerPos = None
39.9009 	EXP 	textbox_3: autoDraw = True
39.9009 	EXP 	slider_training: autoDraw = True
42.3995 	EXP 	Device response: <KeyPress from None: t=42.394302625000364, value=7, duration=None>
42.4014 	DATA 	Keypress: 7
42.4118 	EXP 	textbox_3: autoDraw = False
42.4118 	EXP 	slider_training: autoDraw = False
42.4118 	EXP 	textbox_2: autoDraw = True
42.5204 	EXP 	Device response: <KeyPress from None: t=42.394302625000364, value=7, duration=0.11798833299963007>
43.4015 	EXP 	New trial (rep=2, index=0): <Trial 2 (0 in rep 2) data={'thisN': 2, 'thisTrialN': 0, 'thisRepN': 2}>
43.4130 	EXP 	textbox_2: autoDraw = False
43.4130 	EXP 	fix: autoDraw = True
43.9123 	DEBUG 	TextBox2 loaded 1 chars with 0 blanks and 1 valid
43.9128 	DEBUG 	Uploading Texture Font fontname to graphics card
43.9170 	DEBUG 	Upload of Texture Font fontname complete
43.9358 	INFO 	Keyboard events cleared
43.9358 	EXP 	fix: autoDraw = False
43.9358 	EXP 	slider_training: markerPos = None
43.9358 	EXP 	slider_training: markerPos = None
43.9358 	EXP 	textbox_3: autoDraw = True
43.9358 	EXP 	slider_training: autoDraw = True
45.7208 	EXP 	Device response: <KeyPress from None: t=45.71528266700034, value=6, duration=None>
45.7228 	DATA 	Keypress: 6
45.7331 	EXP 	textbox_3: autoDraw = False
45.7331 	EXP 	slider_training: autoDraw = False
45.7331 	EXP 	textbox_2: autoDraw = True
45.8956 	EXP 	Device response: <KeyPress from None: t=45.71528266700034, value=6, duration=0.17401266599972587>
46.7224 	EXP 	New trial (rep=3, index=0): <Trial 3 (0 in rep 3) data={'thisN': 3, 'thisTrialN': 0, 'thisRepN': 3}>
46.7345 	EXP 	textbox_2: autoDraw = False
46.7345 	EXP 	fix: autoDraw = True
47.2474 	INFO 	Keyboard events cleared
47.2473 	EXP 	fix: autoDraw = False
47.2473 	EXP 	slider_training: markerPos = None
47.2473 	EXP 	slider_training: markerPos = None
47.2473 	EXP 	textbox_3: autoDraw = True
47.2473 	EXP 	slider_training: autoDraw = True
51.1956 	DATA 	Keypress: 9
51.2028 	EXP 	Device response: <KeyPress from None: t=51.19124899999997, value=9, duration=None>
51.2151 	EXP 	textbox_3: autoDraw = False
51.2151 	EXP 	slider_training: autoDraw = False
51.2151 	EXP 	textbox_2: autoDraw = True
51.2967 	EXP 	Device response: <KeyPress from None: t=51.19124899999997, value=9, duration=0.10102733300027467>
52.2047 	EXP 	New trial (rep=4, index=0): <Trial 4 (0 in rep 4) data={'thisN': 4, 'thisTrialN': 0, 'thisRepN': 4}>
52.2163 	EXP 	textbox_2: autoDraw = False
52.2163 	EXP 	fix: autoDraw = True
52.7302 	INFO 	Keyboard events cleared
52.7302 	EXP 	fix: autoDraw = False
52.7302 	EXP 	slider_training: markerPos = None
52.7302 	EXP 	slider_training: markerPos = None
52.7302 	EXP 	textbox_3: autoDraw = True
52.7302 	EXP 	slider_training: autoDraw = True
57.7375 	EXP 	textbox_3: autoDraw = False
57.7375 	EXP 	slider_training: autoDraw = False
57.7375 	EXP 	textbox_2: autoDraw = True
58.7300 	EXP 	New trial (rep=0, index=2): <Trial 2 (2 in rep 0) data={'train_diff': 'easy1', 'train_time': np.int64(5), 'thisN': 2, 'thisTrialN': 2, 'thisRepN': 0}>
58.7347 	EXP 	New trial (rep=0, index=0): <Trial 0 (0 in rep 0) data={'thisN': 0, 'thisTrialN': 0, 'thisRepN': 0}>
58.7377 	EXP 	textbox_2: autoDraw = False
58.7377 	EXP 	fix: autoDraw = True
59.2521 	INFO 	Keyboard events cleared
59.2520 	EXP 	fix: autoDraw = False
59.2520 	EXP 	slider_training: markerPos = None
59.2520 	EXP 	slider_training: markerPos = None
59.2520 	EXP 	textbox_3: autoDraw = True
59.2520 	EXP 	slider_training: autoDraw = True
64.2598 	EXP 	textbox_3: autoDraw = False
64.2598 	EXP 	slider_training: autoDraw = False
64.2598 	EXP 	textbox_2: autoDraw = True
65.2520 	EXP 	New trial (rep=0, index=3): <Trial 3 (3 in rep 0) data={'train_diff': 'med2', 'train_time': np.int64(5), 'thisN': 3, 'thisTrialN': 3, 'thisRepN': 0}>
65.2566 	EXP 	New trial (rep=0, index=0): <Trial 0 (0 in rep 0) data={'thisN': 0, 'thisTrialN': 0, 'thisRepN': 0}>
65.2597 	EXP 	textbox_2: autoDraw = False
65.2597 	EXP 	fix: autoDraw = True
65.7683 	DEBUG 	TextBox2 loaded 1 chars with 0 blanks and 1 valid
65.7703 	DEBUG 	TextBox2 loaded 1 chars with 0 blanks and 1 valid
65.7706 	DEBUG 	Uploading Texture Font fontname to graphics card
65.7749 	DEBUG 	Upload of Texture Font fontname complete
65.7911 	INFO 	Keyboard events cleared
65.7910 	EXP 	fix: autoDraw = False
65.7910 	EXP 	slider_training: markerPos = None
65.7910 	EXP 	slider_training: markerPos = None
65.7910 	EXP 	textbox_3: autoDraw = True
65.7910 	EXP 	slider_training: autoDraw = True
70.7822 	EXP 	textbox_3: autoDraw = False
70.7822 	EXP 	slider_training: autoDraw = False
70.7822 	EXP 	textbox_2: autoDraw = True
71.7687 	EXP 	New trial (rep=0, index=4): <Trial 4 (4 in rep 0) data={'train_diff': 'hard', 'train_time': np.int64(5), 'thisN': 4, 'thisTrialN': 4, 'thisRepN': 0}>
71.7717 	EXP 	New trial (rep=0, index=0): <Trial 0 (0 in rep 0) data={'thisN': 0, 'thisTrialN': 0, 'thisRepN': 0}>
71.7730 	EXP 	textbox_2: autoDraw = False
71.7730 	EXP 	textbox_2: autoDraw = False
71.7730 	EXP 	fix: autoDraw = True
72.2655 	INFO 	Keyboard events cleared
72.2654 	EXP 	fix: autoDraw = False
72.2654 	EXP 	fix: autoDraw = False
72.2654 	EXP 	slider_training: markerPos = None
72.2654 	EXP 	slider_training: markerPos = None
72.2654 	EXP 	textbox_3: autoDraw = True
72.2654 	EXP 	slider_training: autoDraw = True
77.2778 	EXP 	textbox_3: autoDraw = False
77.2778 	EXP 	slider_training: autoDraw = False
77.2778 	EXP 	textbox_2: autoDraw = True
78.2715 	DEBUG 	Read excel file with openpyxl: experiment_difficulty.xlsx
78.2717 	EXP 	Imported experiment_difficulty.xlsx as conditions, 5 conditions, 2 params
78.2719 	EXP 	New trial (rep=0, index=0): <Trial 0 (0 in rep 0) data={'exp_diff': 'hard', 'exp_time': 5, 'thisN': 0, 'thisTrialN': 0, 'thisRepN': 0}>
78.2721 	EXP 	New trial (rep=0, index=0): <Trial 0 (0 in rep 0) data={'thisN': 0, 'thisTrialN': 0, 'thisRepN': 0}>
78.2790 	EXP 	textbox_2: autoDraw = False
78.2790 	EXP 	fix: autoDraw = True
78.7869 	DEBUG 	Saving data for misty_module ExperimentHandler
78.7880 	INFO 	saved data to /Users/hackerman/misty_py/data/pilot_misty_module_2026-01-30_17h55.41.346.psydat
78.7903 	INFO 	saved data to '/Users/hackerman/misty_py/data/pilot_misty_module_2026-01-30_17h55.41.346.csv'
78.7909 	WARNING 	Stopping key buffers but this could be dangerous ifother keyboards rely on the same.
