8.8416 	WARNING 	Font Manager failed to load file /System/Library/PrivateFrameworks/FontServices.framework/Resources/Reserved/PingFangUI.ttc
8.8877 	WARNING 	Font Manager failed to load file /System/Library/PrivateFrameworks/FontServices.framework/Resources/Reserved/PingFangUI.ttc
10.6692 	DEBUG 	Fullscreen settings ignored as running in pilot mode.
10.6709 	INFO 	Loaded monitor calibration from ['2026_01_27 16:28']
10.7825 	INFO 	Using renderer 'Apple M4' for graphics
10.7826 	INFO 	OpenGL version supported by driver is 2..
10.8032 	EXP 	Created window1 = Window(allowGUI=False, allowStencil=True, autoLog=True, backendConf=UNKNOWN, backgroundFit=<method-wrapper '__getattribute__' of attributeSetter object at 0x175217c10>, backgroundImage=<method-wrapper '__getattribute__' of attributeSetter object at 0x175217c70>, bitsMode=UNKNOWN, blendMode='avg', bpc=(8, 8, 8), color=array([0, 0, 0]), colorSpace='rgb', depthBits=8, fullscr=False, gamma=None, gammaErrorPolicy='raise', infoMsg=UNKNOWN, lms=UNKNOWN, monitor=<psychopy.monitors.calibTools.Monitor object at 0x1752b2260>, multiSample=False, name='window1', numSamples=2, pos=[np.float64(560.0), np.float64(240.0)], screen=0, size=array([800, 600]), stencilBits=8, stereo=False, title='PsychoPy', units='height', useFBO=True, useRetina=False, viewOri=0.0, viewPos=None, viewScale=None, waitBlanking=True, winType='pyglet')
10.8032 	EXP 	window1: backgroundImage = ''
10.8032 	EXP 	window1: backgroundFit = 'none'
10.8167 	DEBUG 	TextBox2 loaded 1 chars with 0 blanks and 1 valid
10.8243 	DEBUG 	TextBox2 loaded 1 chars with 0 blanks and 1 valid
10.8321 	DEBUG 	TextBox2 loaded 1 chars with 0 blanks and 1 valid
10.8399 	DEBUG 	TextBox2 loaded 1 chars with 0 blanks and 1 valid
10.8477 	DEBUG 	TextBox2 loaded 1 chars with 0 blanks and 1 valid
10.8552 	DEBUG 	TextBox2 loaded 1 chars with 0 blanks and 1 valid
10.8629 	DEBUG 	TextBox2 loaded 1 chars with 0 blanks and 1 valid
10.8707 	DEBUG 	TextBox2 loaded 1 chars with 0 blanks and 1 valid
10.8781 	DEBUG 	TextBox2 loaded 1 chars with 0 blanks and 1 valid
10.8856 	DEBUG 	TextBox2 loaded 1 chars with 0 blanks and 1 valid
10.8933 	DEBUG 	TextBox2 loaded 1 chars with 0 blanks and 1 valid
10.9010 	DEBUG 	TextBox2 loaded 1 chars with 0 blanks and 1 valid
10.9087 	DEBUG 	TextBox2 loaded 1 chars with 0 blanks and 1 valid
10.9164 	DEBUG 	TextBox2 loaded 1 chars with 0 blanks and 1 valid
10.9241 	DEBUG 	TextBox2 loaded 1 chars with 0 blanks and 1 valid
10.9318 	DEBUG 	TextBox2 loaded 1 chars with 0 blanks and 1 valid
10.9395 	DEBUG 	TextBox2 loaded 1 chars with 0 blanks and 1 valid
10.9471 	DEBUG 	TextBox2 loaded 1 chars with 0 blanks and 1 valid
10.9546 	DEBUG 	TextBox2 loaded 1 chars with 0 blanks and 1 valid
10.9625 	DEBUG 	TextBox2 loaded 1 chars with 0 blanks and 1 valid
10.9700 	DEBUG 	TextBox2 loaded 1 chars with 0 blanks and 1 valid
10.9702 	DEBUG 	Uploading Texture Font fontname to graphics card
10.9730 	DEBUG 	Upload of Texture Font fontname complete
10.9837 	DEBUG 	TextBox2 loaded 1 chars with 0 blanks and 1 valid
10.9917 	DEBUG 	TextBox2 loaded 1 chars with 0 blanks and 1 valid
10.9995 	DEBUG 	TextBox2 loaded 1 chars with 0 blanks and 1 valid
10.9997 	DEBUG 	Uploading Texture Font fontname to graphics card
11.0013 	DEBUG 	Upload of Texture Font fontname complete
11.0022 	EXP 	window1: Attempting to measure frame rate of screen (0) ...
11.0023 	EXP 	window1: recordFrameIntervals = False
11.1495 	EXP 	window1: recordFrameIntervals = True
11.2976 	EXP 	Screen (0) actual frame rate measured at 74.52Hz
11.2976 	EXP 	window1: recordFrameIntervals = False
11.3221 	DEBUG 	TextBox2 loaded 1 chars with 0 blanks and 1 valid
11.3345 	DEBUG 	TextBox2 loaded 1 chars with 0 blanks and 1 valid
11.3450 	DEBUG 	TextBox2 loaded 1 chars with 0 blanks and 1 valid
11.3549 	DEBUG 	TextBox2 loaded 1 chars with 0 blanks and 1 valid
11.3639 	DEBUG 	TextBox2 loaded 1 chars with 0 blanks and 1 valid
11.3725 	DEBUG 	TextBox2 loaded 1 chars with 0 blanks and 1 valid
11.3805 	DEBUG 	TextBox2 loaded 1 chars with 0 blanks and 1 valid
11.3884 	DEBUG 	TextBox2 loaded 1 chars with 0 blanks and 1 valid
11.3961 	DEBUG 	TextBox2 loaded 1 chars with 0 blanks and 1 valid
11.4038 	DEBUG 	TextBox2 loaded 1 chars with 0 blanks and 1 valid
11.4039 	DEBUG 	Uploading Texture Font fontname to graphics card
11.4063 	DEBUG 	Upload of Texture Font fontname complete
12.3638 	INFO 	keyboard.Keyboard is using ptb backend.
12.3639 	EXP 	misty_module: status = STARTED
12.3994 	EXP 	Created text = TextStim(__class__=<class 'psychopy.visual.text.TextStim'>, alignHoriz=method-wrapper(...), alignText='center', alignVert=method-wrapper(...), anchorHoriz='center', anchorVert='center', antialias=True, autoDraw=False, autoLog=True, bold=False, color=array([1., 1., 1.]), colorSpace='rgb', contrast=1.0, depth=0.0, draggable=False, flipHoriz=False, flipVert=False, font='Arial', fontFiles=[], height=np.float64(0.05), italic=False, languageStyle='LTR', name='text', opacity=1, ori=0.0, pos=array([0., 0.]), rgb=UNKNOWN, text=str(...), units='height', win=Window(...), wrapWidth=1)
12.4070 	EXP 	Created intstructs = TextStim(__class__=<class 'psychopy.visual.text.TextStim'>, alignHoriz=method-wrapper(...), alignText='center', alignVert=method-wrapper(...), anchorHoriz='center', anchorVert='center', antialias=True, autoDraw=False, autoLog=True, bold=False, color=array([1., 1., 1.]), colorSpace='rgb', contrast=1.0, depth=0.0, draggable=False, flipHoriz=False, flipVert=False, font='Arial', fontFiles=[], height=np.float64(0.05), italic=False, languageStyle='LTR', name='intstructs', opacity=1, ori=0.0, pos=array([0., 0.]), rgb=UNKNOWN, text=str(...), units='height', win=Window(...), wrapWidth=1)
12.4094 	EXP 	Created fix = TextStim(__class__=<class 'psychopy.visual.text.TextStim'>, alignHoriz=method-wrapper(...), alignText='center', alignVert=method-wrapper(...), anchorHoriz='center', anchorVert='center', antialias=True, autoDraw=False, autoLog=True, bold=False, color=array([1., 1., 1.]), colorSpace='rgb', contrast=1.0, depth=-1.0, draggable=False, flipHoriz=False, flipVert=False, font='Open Sans', fontFiles=[], height=np.float64(0.1), italic=False, languageStyle='LTR', name='fix', opacity=1, ori=0.0, pos=array([0., 0.]), rgb=UNKNOWN, text='+', units='height', win=Window(...), wrapWidth=1)
12.4152 	DEBUG 	TextBox2 loaded 1 chars with 0 blanks and 1 valid
12.4158 	DEBUG 	TextBox2 loaded 1 chars with 0 blanks and 1 valid
12.4163 	DEBUG 	TextBox2 loaded 1 chars with 0 blanks and 1 valid
12.4168 	DEBUG 	TextBox2 loaded 1 chars with 0 blanks and 1 valid
12.4169 	DEBUG 	TextBox2 loaded 1 chars with 0 blanks and 1 valid
12.4171 	DEBUG 	TextBox2 loaded 1 chars with 0 blanks and 1 valid
12.4176 	DEBUG 	TextBox2 loaded 1 chars with 0 blanks and 1 valid
12.4180 	DEBUG 	TextBox2 loaded 1 chars with 0 blanks and 1 valid
12.4182 	DEBUG 	TextBox2 loaded 1 chars with 0 blanks and 1 valid
12.4183 	DEBUG 	Uploading Texture Font fontname to graphics card
12.4204 	DEBUG 	Upload of Texture Font fontname complete
12.4416 	DEBUG 	TextBox2 loaded 1 chars with 0 blanks and 1 valid
12.4417 	DEBUG 	Uploading Texture Font fontname to graphics card
12.4439 	DEBUG 	Upload of Texture Font fontname complete
12.4539 	DEBUG 	TextBox2 loaded 1 chars with 0 blanks and 1 valid
12.4615 	DEBUG 	TextBox2 loaded 1 chars with 0 blanks and 1 valid
12.4690 	DEBUG 	TextBox2 loaded 1 chars with 0 blanks and 1 valid
12.4765 	DEBUG 	TextBox2 loaded 1 chars with 0 blanks and 1 valid
12.4839 	DEBUG 	TextBox2 loaded 1 chars with 0 blanks and 1 valid
12.4914 	DEBUG 	TextBox2 loaded 1 chars with 0 blanks and 1 valid
12.4989 	DEBUG 	TextBox2 loaded 1 chars with 0 blanks and 1 valid
12.5063 	DEBUG 	TextBox2 loaded 1 chars with 0 blanks and 1 valid
12.5138 	DEBUG 	TextBox2 loaded 1 chars with 0 blanks and 1 valid
12.5213 	DEBUG 	TextBox2 loaded 1 chars with 0 blanks and 1 valid
12.5214 	DEBUG 	Uploading Texture Font fontname to graphics card
12.5230 	DEBUG 	Upload of Texture Font fontname complete
12.5329 	DEBUG 	TextBox2 loaded 1 chars with 0 blanks and 1 valid
12.5330 	DEBUG 	Uploading Texture Font fontname to graphics card
12.5345 	DEBUG 	Upload of Texture Font fontname complete
12.5468 	DEBUG 	TextBox2 loaded 1 chars with 0 blanks and 1 valid
12.5469 	DEBUG 	Uploading Texture Font fontname to graphics card
12.5484 	DEBUG 	Upload of Texture Font fontname complete
12.5606 	DEBUG 	TextBox2 loaded 1 chars with 0 blanks and 1 valid
12.5607 	DEBUG 	Uploading Texture Font fontname to graphics card
12.5622 	DEBUG 	Upload of Texture Font fontname complete
12.5744 	DEBUG 	TextBox2 loaded 1 chars with 0 blanks and 1 valid
12.5745 	DEBUG 	Uploading Texture Font fontname to graphics card
12.5760 	DEBUG 	Upload of Texture Font fontname complete
12.5882 	DEBUG 	TextBox2 loaded 1 chars with 0 blanks and 1 valid
12.5883 	DEBUG 	Uploading Texture Font fontname to graphics card
12.5897 	DEBUG 	Upload of Texture Font fontname complete
12.6019 	DEBUG 	TextBox2 loaded 1 chars with 0 blanks and 1 valid
12.6019 	DEBUG 	Uploading Texture Font fontname to graphics card
12.6034 	DEBUG 	Upload of Texture Font fontname complete
12.6157 	DEBUG 	TextBox2 loaded 1 chars with 0 blanks and 1 valid
12.6157 	DEBUG 	Uploading Texture Font fontname to graphics card
12.6172 	DEBUG 	Upload of Texture Font fontname complete
12.6294 	DEBUG 	TextBox2 loaded 1 chars with 0 blanks and 1 valid
12.6295 	DEBUG 	Uploading Texture Font fontname to graphics card
12.6310 	DEBUG 	Upload of Texture Font fontname complete
12.6433 	DEBUG 	TextBox2 loaded 1 chars with 0 blanks and 1 valid
12.6433 	DEBUG 	Uploading Texture Font fontname to graphics card
12.6448 	DEBUG 	Upload of Texture Font fontname complete
12.6676 	EXP 	Created slider_3 = Slider(__class__=<class 'psychopy.visual.slider.Slider'>, autoDraw=False, autoLog=True, borderColor=None, color=None, colorSpace='rgb', depth=-2, fillColor=None, flip=False, font='Noto Sans', granularity=1, labelColor=None, labelHeight=np.float64(0.05), labelWrapWidth=None, labels=(0, 1, 2, 3, 4, 5, 6, 7, 8, 9), lineColor=None, markerColor=None, name='slider_3', opacity=None, ori=0.0, pos=array([ 0. , -0.4]), readOnly=False, self=UNKNOWN, size=array([1. , 0.1]), startValue=None, style='choice', styleTweaks=[], ticks=array([0, 1, 2, 3, 4, 5, 6, 7, 8, 9]), units='norm', win=Window(...))
12.6745 	EXP 	Created text_2 = TextStim(__class__=<class 'psychopy.visual.text.TextStim'>, alignHoriz=method-wrapper(...), alignText='center', alignVert=method-wrapper(...), anchorHoriz='center', anchorVert='center', antialias=True, autoDraw=False, autoLog=True, bold=False, color=array([1., 1., 1.]), colorSpace='rgb', contrast=1.0, depth=0.0, draggable=False, flipHoriz=False, flipVert=False, font='Arial', fontFiles=[], height=np.float64(0.05), italic=False, languageStyle='LTR', name='text_2', opacity=1, ori=0.0, pos=array([0., 0.]), rgb=UNKNOWN, text=str(...), units='height', win=Window(...), wrapWidth=1)
12.6752 	EXP 	Created fix = TextStim(__class__=<class 'psychopy.visual.text.TextStim'>, alignHoriz=method-wrapper(...), alignText='center', alignVert=method-wrapper(...), anchorHoriz='center', anchorVert='center', antialias=True, autoDraw=False, autoLog=True, bold=False, color=array([1., 1., 1.]), colorSpace='rgb', contrast=1.0, depth=-1.0, draggable=False, flipHoriz=False, flipVert=False, font='Open Sans', fontFiles=[], height=np.float64(0.1), italic=False, languageStyle='LTR', name='fix', opacity=1, ori=0.0, pos=array([0., 0.]), rgb=UNKNOWN, text='+', units='height', win=Window(...), wrapWidth=1)
12.6772 	EXP 	Created prog_3 = Progress(__class__=<class 'psychopy.visual.progress.Progress'>, anchor=('left', 'top'), autoDraw=False, autoLog=True, closeShape=True, color=method-wrapper(...), colorSpace='rgb', contrast=None, depth=-1, draggable=False, fillColor=array([-1.    ,  0.5373, -1.    ]), fillColorSpace='rgb', fillRGB=array([-1.    ,  0.5373, -1.    ]), interpolate=True, lineColor=array([1., 1., 1.]), lineColorSpace='rgb', lineRGB=array([1, 1, 1]), lineWidth=4.0, name='prog_3', opacity=1.0, ori=0.0, pos=array([-0.5,  0.5]), size=array([1. , 0.1]), units='norm', vertices=ndarray(...), win=Window(...), windingRule=None)
12.6779 	EXP 	Created prog_3Bar = ShapeStim(__class__=<class 'psychopy.visual.shape.ShapeStim'>, anchor=('left', 'top'), autoDraw=False, autoLog=True, closeShape=True, color=method-wrapper(...), colorSpace='rgb', contrast=None, depth=-1, draggable=False, fillColor=array([ 1., -1., -1.]), fillColorSpace='rgb', fillRGB=array([ 1., -1., -1.]), interpolate=True, lineColor=array([0., 0., 0.]), lineColorSpace='rgb', lineRGB=array([0, 0, 0]), lineWidth=1.5, name='prog_3Bar', opacity=1.0, ori=0.0, pos=array([-0.5,  0.5]), size=array([1. , 0.1]), units='norm', vertices=ndarray(...), win=Window(...), windingRule=None)
12.6785 	EXP 	Created greenbar_3 = Rect(__class__=<class 'psychopy.visual.rect.Rect'>, anchor=('left', 'center'), autoDraw=False, autoLog=True, closeShape=True, color=method-wrapper(...), colorSpace='rgb', contrast=None, depth=-2.0, draggable=False, fillColor=array([-1.    ,  0.0039, -1.    ]), fillColorSpace='rgb', fillRGB=array([-1.    ,  0.0039, -1.    ]), interpolate=True, lineColor=array([1., 1., 1.]), lineColorSpace='rgb', lineRGB=array([1, 1, 1]), lineWidth=1.0, name='greenbar_3', opacity=1, ori=0.0, pos=array([0.33333333, 0.7       ]), size=array([0.66666667, 0.1       ]), units='norm', vertices=ndarray(...), win=Window(...))
12.6790 	EXP 	Created yellowbar_3 = Rect(__class__=<class 'psychopy.visual.rect.Rect'>, anchor=('left', 'center'), autoDraw=False, autoLog=True, closeShape=True, color=method-wrapper(...), colorSpace='rgb', contrast=None, depth=-3.0, draggable=False, fillColor=array([ 1.,  1., -1.]), fillColorSpace='rgb', fillRGB=array([ 1.,  1., -1.]), interpolate=True, lineColor=array([1., 1., 1.]), lineColorSpace='rgb', lineRGB=array([1, 1, 1]), lineWidth=1.0, name='yellowbar_3', opacity=1, ori=0.0, pos=array([-0.33333333,  0.7       ]), size=array([0.66666667, 0.1       ]), units='norm', vertices=ndarray(...), win=Window(...))
12.6795 	EXP 	Created redbar_3 = Rect(__class__=<class 'psychopy.visual.rect.Rect'>, anchor=('left', 'center'), autoDraw=False, autoLog=True, closeShape=True, color=method-wrapper(...), colorSpace='rgb', contrast=None, depth=-4.0, draggable=False, fillColor=array([ 1., -1., -1.]), fillColorSpace='rgb', fillRGB=array([ 1., -1., -1.]), interpolate=True, lineColor=array([1., 1., 1.]), lineColorSpace='rgb', lineRGB=array([1, 1, 1]), lineWidth=1.0, name='redbar_3', opacity=1, ori=0.0, pos=array([-1. ,  0.7]), size=array([0.66666667, 0.1       ]), units='norm', vertices=ndarray(...), win=Window(...))
12.6804 	EXP 	Created arrow_3 = ShapeStim(__class__=<class 'psychopy.visual.shape.ShapeStim'>, anchor=('center', 'center'), autoDraw=False, autoLog=True, closeShape=True, color=method-wrapper(...), colorSpace='rgb', contrast=None, depth=-5.0, draggable=False, fillColor=array([1, 1, 1]), fillColorSpace='rgb', fillRGB=array([1, 1, 1]), interpolate=True, lineColor=array([1., 1., 1.]), lineColorSpace='rgb', lineRGB=array([1, 1, 1]), lineWidth=1.0, name='arrow_3', opacity=1, ori=0.0, pos=array([0., 0.]), size=array([0.05, 0.05]), units='norm', vertices=ndarray(...), win=Window(...), windingRule=None)
12.7539 	EXP 	Created slider_4 = Slider(__class__=<class 'psychopy.visual.slider.Slider'>, autoDraw=False, autoLog=True, borderColor=None, color=None, colorSpace='rgb', depth=-7, fillColor=None, flip=False, font='Noto Sans', granularity=1, labelColor=None, labelHeight=np.float64(0.05), labelWrapWidth=None, labels=(0, 1, 2, 3, 4, 5, 6, 7, 8, 9), lineColor=None, markerColor=None, name='slider_4', opacity=None, ori=0.0, pos=array([ 0. , -0.4]), readOnly=False, self=UNKNOWN, size=array([1. , 0.1]), startValue=None, style='choice', styleTweaks=[], ticks=array([0, 1, 2, 3, 4, 5, 6, 7, 8, 9]), units='norm', win=Window(...))
12.7598 	EXP 	Created text_3 = TextStim(__class__=<class 'psychopy.visual.text.TextStim'>, alignHoriz=method-wrapper(...), alignText='center', alignVert=method-wrapper(...), anchorHoriz='center', anchorVert='center', antialias=True, autoDraw=False, autoLog=True, bold=False, color=array([1., 1., 1.]), colorSpace='rgb', contrast=1.0, depth=0.0, draggable=False, flipHoriz=False, flipVert=False, font='Arial', fontFiles=[], height=np.float64(0.05), italic=False, languageStyle='LTR', name='text_3', opacity=1, ori=0.0, pos=array([0., 0.]), rgb=UNKNOWN, text='Training instructions here', units='height', win=Window(...), wrapWidth=1)
12.7605 	EXP 	Created fix = TextStim(__class__=<class 'psychopy.visual.text.TextStim'>, alignHoriz=method-wrapper(...), alignText='center', alignVert=method-wrapper(...), anchorHoriz='center', anchorVert='center', antialias=True, autoDraw=False, autoLog=True, bold=False, color=array([1., 1., 1.]), colorSpace='rgb', contrast=1.0, depth=-1.0, draggable=False, flipHoriz=False, flipVert=False, font='Open Sans', fontFiles=[], height=np.float64(0.1), italic=False, languageStyle='LTR', name='fix', opacity=1, ori=0.0, pos=array([0., 0.]), rgb=UNKNOWN, text='+', units='height', win=Window(...), wrapWidth=1)
12.8337 	EXP 	Created slider_training = Slider(__class__=<class 'psychopy.visual.slider.Slider'>, autoDraw=False, autoLog=True, borderColor=None, color=None, colorSpace='rgb', depth=-2, fillColor=None, flip=False, font='Noto Sans', granularity=1, labelColor=None, labelHeight=np.float64(0.05), labelWrapWidth=None, labels=(0, 1, 2, 3, 4, 5, 6, 7, 8, 9), lineColor=None, markerColor=None, name='slider_training', opacity=None, ori=0.0, pos=array([ 0. , -0.4]), readOnly=False, self=UNKNOWN, size=array([1. , 0.1]), startValue=None, style='choice', styleTweaks=[], ticks=array([0, 1, 2, 3, 4, 5, 6, 7, 8, 9]), units='norm', win=Window(...))
12.8391 	EXP 	Created fix = TextStim(__class__=<class 'psychopy.visual.text.TextStim'>, alignHoriz=method-wrapper(...), alignText='center', alignVert=method-wrapper(...), anchorHoriz='center', anchorVert='center', antialias=True, autoDraw=False, autoLog=True, bold=False, color=array([1., 1., 1.]), colorSpace='rgb', contrast=1.0, depth=-1.0, draggable=False, flipHoriz=False, flipVert=False, font='Open Sans', fontFiles=[], height=np.float64(0.1), italic=False, languageStyle='LTR', name='fix', opacity=1, ori=0.0, pos=array([0., 0.]), rgb=UNKNOWN, text='+', units='height', win=Window(...), wrapWidth=1)
12.8399 	EXP 	Created prog = Progress(__class__=<class 'psychopy.visual.progress.Progress'>, anchor=('left', 'top'), autoDraw=False, autoLog=True, closeShape=True, color=method-wrapper(...), colorSpace='rgb', contrast=None, depth=-1, draggable=False, fillColor=array([-1.    ,  0.5373, -1.    ]), fillColorSpace='rgb', fillRGB=array([-1.    ,  0.5373, -1.    ]), interpolate=True, lineColor=array([1., 1., 1.]), lineColorSpace='rgb', lineRGB=array([1, 1, 1]), lineWidth=4.0, name='prog', opacity=1.0, ori=0.0, pos=array([-0.5,  0.5]), size=array([1. , 0.1]), units='norm', vertices=ndarray(...), win=Window(...), windingRule=None)
12.8406 	EXP 	Created progBar = ShapeStim(__class__=<class 'psychopy.visual.shape.ShapeStim'>, anchor=('left', 'top'), autoDraw=False, autoLog=True, closeShape=True, color=method-wrapper(...), colorSpace='rgb', contrast=None, depth=-1, draggable=False, fillColor=array([ 1., -1., -1.]), fillColorSpace='rgb', fillRGB=array([ 1., -1., -1.]), interpolate=True, lineColor=array([0., 0., 0.]), lineColorSpace='rgb', lineRGB=array([0, 0, 0]), lineWidth=1.5, name='progBar', opacity=1.0, ori=0.0, pos=array([-0.5,  0.5]), size=array([1. , 0.1]), units='norm', vertices=ndarray(...), win=Window(...), windingRule=None)
12.8412 	EXP 	Created greenbar = Rect(__class__=<class 'psychopy.visual.rect.Rect'>, anchor=('left', 'center'), autoDraw=False, autoLog=True, closeShape=True, color=method-wrapper(...), colorSpace='rgb', contrast=None, depth=-2.0, draggable=False, fillColor=array([-1.    ,  0.0039, -1.    ]), fillColorSpace='rgb', fillRGB=array([-1.    ,  0.0039, -1.    ]), interpolate=True, lineColor=array([1., 1., 1.]), lineColorSpace='rgb', lineRGB=array([1, 1, 1]), lineWidth=1.0, name='greenbar', opacity=1, ori=0.0, pos=array([0.33333333, 0.7       ]), size=array([0.66666667, 0.1       ]), units='norm', vertices=ndarray(...), win=Window(...))
12.8417 	EXP 	Created yellowbar = Rect(__class__=<class 'psychopy.visual.rect.Rect'>, anchor=('left', 'center'), autoDraw=False, autoLog=True, closeShape=True, color=method-wrapper(...), colorSpace='rgb', contrast=None, depth=-3.0, draggable=False, fillColor=array([ 1.,  1., -1.]), fillColorSpace='rgb', fillRGB=array([ 1.,  1., -1.]), interpolate=True, lineColor=array([1., 1., 1.]), lineColorSpace='rgb', lineRGB=array([1, 1, 1]), lineWidth=1.0, name='yellowbar', opacity=1, ori=0.0, pos=array([-0.33333333,  0.7       ]), size=array([0.66666667, 0.1       ]), units='norm', vertices=ndarray(...), win=Window(...))
12.8422 	EXP 	Created redbar = Rect(__class__=<class 'psychopy.visual.rect.Rect'>, anchor=('left', 'center'), autoDraw=False, autoLog=True, closeShape=True, color=method-wrapper(...), colorSpace='rgb', contrast=None, depth=-4.0, draggable=False, fillColor=array([ 1., -1., -1.]), fillColorSpace='rgb', fillRGB=array([ 1., -1., -1.]), interpolate=True, lineColor=array([1., 1., 1.]), lineColorSpace='rgb', lineRGB=array([1, 1, 1]), lineWidth=1.0, name='redbar', opacity=1, ori=0.0, pos=array([-1. ,  0.7]), size=array([0.66666667, 0.1       ]), units='norm', vertices=ndarray(...), win=Window(...))
12.8431 	EXP 	Created arrow = ShapeStim(__class__=<class 'psychopy.visual.shape.ShapeStim'>, anchor=('center', 'center'), autoDraw=False, autoLog=True, closeShape=True, color=method-wrapper(...), colorSpace='rgb', contrast=None, depth=-5.0, draggable=False, fillColor=array([1, 1, 1]), fillColorSpace='rgb', fillRGB=array([1, 1, 1]), interpolate=True, lineColor=array([1., 1., 1.]), lineColorSpace='rgb', lineRGB=array([1, 1, 1]), lineWidth=1.0, name='arrow', opacity=1, ori=0.0, pos=array([0., 0.]), size=array([0.05, 0.05]), units='norm', vertices=ndarray(...), win=Window(...), windingRule=None)
12.9172 	EXP 	Created slider = Slider(__class__=<class 'psychopy.visual.slider.Slider'>, autoDraw=False, autoLog=True, borderColor=None, color=None, colorSpace='rgb', depth=-7, fillColor=None, flip=False, font='Noto Sans', granularity=1, labelColor=None, labelHeight=np.float64(0.05), labelWrapWidth=None, labels=(0, 1, 2, 3, 4, 5, 6, 7, 8, 9), lineColor=None, markerColor=None, name='slider', opacity=None, ori=0.0, pos=array([ 0. , -0.4]), readOnly=False, self=UNKNOWN, size=array([1. , 0.1]), startValue=None, style='choice', styleTweaks=[], ticks=array([0, 1, 2, 3, 4, 5, 6, 7, 8, 9]), units='norm', win=Window(...))
0.0029 	EXP 	textbox_4: autoLog = True
0.0029 	EXP 	slider_3: autoLog = True
0.0029 	EXP 	slider_3: styleTweaks = []
0.0029 	EXP 	slider_3: styleTweaks = []
0.0029 	EXP 	slider_3: styleTweaks = []
0.0029 	EXP 	slider_3: styleTweaks = []
0.0029 	EXP 	slider_3: contrast = 1.0
0.0029 	EXP 	slider_3: markerPos = None
0.0029 	EXP 	slider_3: autoLog = True
0.0029 	EXP 	textbox_2: autoLog = True
0.0029 	EXP 	prog_3: direction = 'horizontal'
0.0029 	EXP 	prog_3: progress = 0.0
0.0029 	EXP 	textbox_5: autoLog = True
0.0029 	EXP 	slider_4: autoLog = True
0.0029 	EXP 	slider_4: styleTweaks = []
0.0029 	EXP 	slider_4: styleTweaks = []
0.0029 	EXP 	slider_4: styleTweaks = []
0.0029 	EXP 	slider_4: styleTweaks = []
0.0029 	EXP 	slider_4: contrast = 1.0
0.0029 	EXP 	slider_4: markerPos = None
0.0029 	EXP 	slider_4: autoLog = True
0.0029 	EXP 	textbox_2: autoLog = True
0.0029 	EXP 	textbox_3: autoLog = True
0.0029 	EXP 	slider_training: autoLog = True
0.0029 	EXP 	slider_training: styleTweaks = []
0.0029 	EXP 	slider_training: styleTweaks = []
0.0029 	EXP 	slider_training: styleTweaks = []
0.0029 	EXP 	slider_training: styleTweaks = []
0.0029 	EXP 	slider_training: contrast = 1.0
0.0029 	EXP 	slider_training: markerPos = None
0.0029 	EXP 	slider_training: autoLog = True
0.0029 	EXP 	textbox_2: autoLog = True
0.0029 	EXP 	prog: direction = 'horizontal'
0.0029 	EXP 	prog: progress = 0.0
0.0029 	EXP 	textbox: autoLog = True
0.0029 	EXP 	slider: autoLog = True
0.0029 	EXP 	slider: styleTweaks = []
0.0029 	EXP 	slider: styleTweaks = []
0.0029 	EXP 	slider: styleTweaks = []
0.0029 	EXP 	slider: styleTweaks = []
0.0029 	EXP 	slider: contrast = 1.0
0.0029 	EXP 	slider: markerPos = None
0.0029 	EXP 	slider: autoLog = True
0.0029 	EXP 	textbox_2: autoLog = True
0.0100 	INFO 	Keyboard events cleared
0.0099 	EXP 	text: autoDraw = True
1.3555 	EXP 	Device response: <KeyPress from None: t=1.2420949170000313, value=l, duration=None>
1.3557 	EXP 	Device response: <KeyPress from None: t=1.2420949170000313, value=l, duration=0.07699245799994969>
1.3600 	DATA 	Keypress: l
1.3638 	INFO 	Keyboard events cleared
1.3638 	EXP 	text: autoDraw = False
1.3638 	EXP 	intstructs: autoDraw = True
2.5418 	EXP 	Device response: <KeyPress from None: t=2.5360997080001653, value=space, duration=None>
2.5437 	DATA 	Keypress: space
2.5516 	DEBUG 	Read excel file with openpyxl: practice_difficulty.xlsx
2.5517 	EXP 	Imported practice_difficulty.xlsx as conditions, 3 conditions, 1 params
2.5551 	EXP 	intstructs: autoDraw = False
2.5551 	EXP 	text_2: autoDraw = True
2.6879 	EXP 	Device response: <KeyPress from None: t=2.5360997080001653, value=space, duration=0.14299929199978578>
4.5463 	DEBUG 	Read excel file with openpyxl: practice_difficulty.xlsx
4.5464 	EXP 	Imported practice_difficulty.xlsx as conditions, 3 conditions, 1 params
4.5503 	EXP 	text_2: autoDraw = False
4.5503 	EXP 	text_2: autoDraw = False
4.5503 	EXP 	text_3: autoDraw = True
6.5526 	DEBUG 	Read csv file with pandas: training.csv
6.5549 	DEBUG 	Clearing unnamed columns from training.csv
6.5553 	EXP 	Imported training.csv as conditions, 5 conditions, 2 params
6.5558 	EXP 	New trial (rep=0, index=0): <Trial 0 (0 in rep 0) data={'train_diff': 'med2', 'train_time': np.int64(5), 'thisN': 0, 'thisTrialN': 0, 'thisRepN': 0}>
6.5594 	EXP 	New trial (rep=0, index=0): <Trial 0 (0 in rep 0) data={'thisN': 0, 'thisTrialN': 0, 'thisRepN': 0}>
6.5639 	EXP 	text_3: autoDraw = False
6.5639 	EXP 	text_3: autoDraw = False
6.5639 	EXP 	fix: autoDraw = True
7.0514 	DEBUG 	TextBox2 loaded 1 chars with 0 blanks and 1 valid
7.0529 	DEBUG 	TextBox2 loaded 1 chars with 0 blanks and 1 valid
7.0535 	DEBUG 	TextBox2 loaded 1 chars with 0 blanks and 1 valid
7.0548 	DEBUG 	TextBox2 loaded 1 chars with 0 blanks and 1 valid
7.0560 	DEBUG 	TextBox2 loaded 1 chars with 0 blanks and 1 valid
7.0569 	DEBUG 	TextBox2 loaded 1 chars with 0 blanks and 1 valid
7.0576 	DEBUG 	TextBox2 loaded 1 chars with 0 blanks and 1 valid
7.0587 	DEBUG 	TextBox2 loaded 1 chars with 0 blanks and 1 valid
7.0589 	DEBUG 	Uploading Texture Font fontname to graphics card
7.0635 	DEBUG 	Upload of Texture Font fontname complete
7.0853 	INFO 	Keyboard events cleared
7.0852 	EXP 	fix: autoDraw = False
7.0852 	EXP 	slider_training: markerPos = None
7.0852 	EXP 	slider_training: markerPos = None
7.0852 	EXP 	textbox_3: autoDraw = True
7.0852 	EXP 	slider_training: autoDraw = True
12.0611 	DEBUG 	TextBox2 loaded 1 chars with 0 blanks and 1 valid
12.0616 	DEBUG 	TextBox2 loaded 1 chars with 0 blanks and 1 valid
12.0622 	DEBUG 	TextBox2 loaded 1 chars with 0 blanks and 1 valid
12.0627 	DEBUG 	TextBox2 loaded 1 chars with 0 blanks and 1 valid
12.0631 	DEBUG 	TextBox2 loaded 1 chars with 0 blanks and 1 valid
12.0635 	DEBUG 	TextBox2 loaded 1 chars with 0 blanks and 1 valid
12.0636 	DEBUG 	Uploading Texture Font fontname to graphics card
12.0653 	DEBUG 	Upload of Texture Font fontname complete
12.0727 	EXP 	textbox_3: autoDraw = False
12.0727 	EXP 	slider_training: autoDraw = False
12.0727 	EXP 	textbox_2: autoDraw = True
13.0643 	EXP 	New trial (rep=0, index=1): <Trial 1 (1 in rep 0) data={'train_diff': 'easy2', 'train_time': np.int64(5), 'thisN': 1, 'thisTrialN': 1, 'thisRepN': 0}>
13.0688 	EXP 	New trial (rep=0, index=0): <Trial 0 (0 in rep 0) data={'thisN': 0, 'thisTrialN': 0, 'thisRepN': 0}>
13.0730 	EXP 	textbox_2: autoDraw = False
13.0730 	EXP 	fix: autoDraw = True
13.5737 	DEBUG 	TextBox2 loaded 1 chars with 0 blanks and 1 valid
13.5742 	DEBUG 	Uploading Texture Font fontname to graphics card
13.5785 	DEBUG 	Upload of Texture Font fontname complete
13.5934 	INFO 	Keyboard events cleared
13.5934 	EXP 	fix: autoDraw = False
13.5934 	EXP 	slider_training: markerPos = None
13.5934 	EXP 	slider_training: markerPos = None
13.5934 	EXP 	textbox_3: autoDraw = True
13.5934 	EXP 	slider_training: autoDraw = True
18.5951 	EXP 	textbox_3: autoDraw = False
18.5951 	EXP 	slider_training: autoDraw = False
18.5951 	EXP 	textbox_2: autoDraw = True
19.5857 	EXP 	New trial (rep=0, index=2): <Trial 2 (2 in rep 0) data={'train_diff': 'hard', 'train_time': np.int64(5), 'thisN': 2, 'thisTrialN': 2, 'thisRepN': 0}>
19.5906 	EXP 	New trial (rep=0, index=0): <Trial 0 (0 in rep 0) data={'thisN': 0, 'thisTrialN': 0, 'thisRepN': 0}>
19.5962 	EXP 	textbox_2: autoDraw = False
19.5962 	EXP 	fix: autoDraw = True
20.1013 	DEBUG 	TextBox2 loaded 1 chars with 0 blanks and 1 valid
20.1027 	DEBUG 	TextBox2 loaded 1 chars with 0 blanks and 1 valid
20.1039 	DEBUG 	TextBox2 loaded 1 chars with 0 blanks and 1 valid
20.1051 	DEBUG 	TextBox2 loaded 1 chars with 0 blanks and 1 valid
20.1053 	DEBUG 	Uploading Texture Font fontname to graphics card
20.1090 	DEBUG 	Upload of Texture Font fontname complete
20.1218 	INFO 	Keyboard events cleared
20.1217 	EXP 	fix: autoDraw = False
20.1217 	EXP 	slider_training: markerPos = None
20.1217 	EXP 	slider_training: markerPos = None
20.1217 	EXP 	textbox_3: autoDraw = True
20.1217 	EXP 	slider_training: autoDraw = True
25.1175 	EXP 	textbox_3: autoDraw = False
25.1175 	EXP 	slider_training: autoDraw = False
25.1175 	EXP 	textbox_2: autoDraw = True
26.1084 	EXP 	New trial (rep=0, index=3): <Trial 3 (3 in rep 0) data={'train_diff': 'easy1', 'train_time': np.int64(5), 'thisN': 3, 'thisTrialN': 3, 'thisRepN': 0}>
26.1134 	EXP 	New trial (rep=0, index=0): <Trial 0 (0 in rep 0) data={'thisN': 0, 'thisTrialN': 0, 'thisRepN': 0}>
26.1186 	EXP 	textbox_2: autoDraw = False
26.1186 	EXP 	fix: autoDraw = True
26.6179 	DEBUG 	TextBox2 loaded 1 chars with 0 blanks and 1 valid
26.6184 	DEBUG 	Uploading Texture Font fontname to graphics card
26.6219 	DEBUG 	Upload of Texture Font fontname complete
26.6398 	INFO 	Keyboard events cleared
26.6397 	EXP 	fix: autoDraw = False
26.6397 	EXP 	slider_training: markerPos = None
26.6397 	EXP 	slider_training: markerPos = None
26.6397 	EXP 	textbox_3: autoDraw = True
26.6397 	EXP 	slider_training: autoDraw = True
31.6399 	EXP 	textbox_3: autoDraw = False
31.6399 	EXP 	slider_training: autoDraw = False
31.6399 	EXP 	textbox_2: autoDraw = True
32.6303 	EXP 	New trial (rep=0, index=4): <Trial 4 (4 in rep 0) data={'train_diff': 'med1', 'train_time': np.int64(5), 'thisN': 4, 'thisTrialN': 4, 'thisRepN': 0}>
32.6344 	EXP 	New trial (rep=0, index=0): <Trial 0 (0 in rep 0) data={'thisN': 0, 'thisTrialN': 0, 'thisRepN': 0}>
32.6410 	EXP 	textbox_2: autoDraw = False
32.6410 	EXP 	fix: autoDraw = True
33.1551 	INFO 	Keyboard events cleared
33.1551 	EXP 	fix: autoDraw = False
33.1551 	EXP 	slider_training: markerPos = None
33.1551 	EXP 	slider_training: markerPos = None
33.1551 	EXP 	textbox_3: autoDraw = True
33.1551 	EXP 	slider_training: autoDraw = True
38.1623 	EXP 	textbox_3: autoDraw = False
38.1623 	EXP 	slider_training: autoDraw = False
38.1623 	EXP 	textbox_2: autoDraw = True
39.1527 	EXP 	New trial (rep=0, index=0): <Trial 0 (0 in rep 0) data={'thisN': 0, 'thisTrialN': 0, 'thisRepN': 0}>
39.1632 	EXP 	textbox_2: autoDraw = False
39.1632 	EXP 	fix: autoDraw = True
39.6879 	INFO 	Keyboard events cleared
39.6878 	EXP 	fix: autoDraw = False
39.6878 	EXP 	slider: markerPos = None
39.6878 	EXP 	slider: markerPos = None
39.6878 	EXP 	prog: autoDraw = True
39.6878 	EXP 	greenbar: autoDraw = True
39.6878 	EXP 	yellowbar: autoDraw = True
39.6878 	EXP 	redbar: autoDraw = True
39.6878 	EXP 	arrow: autoDraw = True
39.6878 	EXP 	textbox: autoDraw = True
39.6878 	EXP 	slider: autoDraw = True
42.2997 	DATA 	Keypress: escape
42.3019 	EXP 	Device response: <KeyPress from None: t=42.284996500000034, value=escape, duration=None>
42.4049 	EXP 	Device response: <KeyPress from None: t=42.284996500000034, value=escape, duration=0.11704420800015214>
42.4049 	EXP 	misty_module: status = STOPPED
42.4172 	EXP 	prog: autoDraw = False
42.4172 	EXP 	greenbar: autoDraw = False
42.4172 	EXP 	yellowbar: autoDraw = False
42.4172 	EXP 	redbar: autoDraw = False
42.4172 	EXP 	arrow: autoDraw = False
42.4172 	EXP 	textbox: autoDraw = False
42.4172 	EXP 	slider: autoDraw = False
42.4179 	EXP 	misty_module: status = STOPPED
42.4206 	INFO 	saved data to '/Users/hackerman/misty_py/data/pilot_misty_module_2026-01-30_17h43.22.580.csv'
42.4211 	INFO 	saved data to /Users/hackerman/misty_py/data/pilot_misty_module_2026-01-30_17h43.22.580.psydat
42.5122 	DEBUG 	Saving data for misty_module ExperimentHandler
42.5128 	WARNING 	Stopping key buffers but this could be dangerous ifother keyboards rely on the same.
