8.6448 	WARNING 	Font Manager failed to load file /System/Library/PrivateFrameworks/FontServices.framework/Resources/Reserved/PingFangUI.ttc
8.6754 	WARNING 	Font Manager failed to load file /System/Library/PrivateFrameworks/FontServices.framework/Resources/Reserved/PingFangUI.ttc
10.4798 	DEBUG 	Fullscreen settings ignored as running in pilot mode.
10.4805 	INFO 	Loaded monitor calibration from ['2026_01_27 16:28']
10.5769 	INFO 	Using renderer 'Apple M4' for graphics
10.5769 	INFO 	OpenGL version supported by driver is 2..
10.5969 	EXP 	Created window1 = Window(allowGUI=False, allowStencil=True, autoLog=True, backendConf=UNKNOWN, backgroundFit=<method-wrapper '__getattribute__' of attributeSetter object at 0x1753b97e0>, backgroundImage=<method-wrapper '__getattribute__' of attributeSetter object at 0x1753b9630>, bitsMode=UNKNOWN, blendMode='avg', bpc=(8, 8, 8), color=array([0, 0, 0]), colorSpace='rgb', depthBits=8, fullscr=False, gamma=None, gammaErrorPolicy='raise', infoMsg=UNKNOWN, lms=UNKNOWN, monitor=<psychopy.monitors.calibTools.Monitor object at 0x17545f6d0>, multiSample=False, name='window1', numSamples=2, pos=[np.float64(560.0), np.float64(240.0)], screen=0, size=array([800, 600]), stencilBits=8, stereo=False, title='PsychoPy', units='height', useFBO=True, useRetina=False, viewOri=0.0, viewPos=None, viewScale=None, waitBlanking=True, winType='pyglet')
10.5970 	EXP 	window1: backgroundImage = ''
10.5970 	EXP 	window1: backgroundFit = 'none'
10.6104 	DEBUG 	TextBox2 loaded 1 chars with 0 blanks and 1 valid
10.6179 	DEBUG 	TextBox2 loaded 1 chars with 0 blanks and 1 valid
10.6254 	DEBUG 	TextBox2 loaded 1 chars with 0 blanks and 1 valid
10.6331 	DEBUG 	TextBox2 loaded 1 chars with 0 blanks and 1 valid
10.6407 	DEBUG 	TextBox2 loaded 1 chars with 0 blanks and 1 valid
10.6481 	DEBUG 	TextBox2 loaded 1 chars with 0 blanks and 1 valid
10.6556 	DEBUG 	TextBox2 loaded 1 chars with 0 blanks and 1 valid
10.6633 	DEBUG 	TextBox2 loaded 1 chars with 0 blanks and 1 valid
10.6706 	DEBUG 	TextBox2 loaded 1 chars with 0 blanks and 1 valid
10.6780 	DEBUG 	TextBox2 loaded 1 chars with 0 blanks and 1 valid
10.6856 	DEBUG 	TextBox2 loaded 1 chars with 0 blanks and 1 valid
10.6931 	DEBUG 	TextBox2 loaded 1 chars with 0 blanks and 1 valid
10.7007 	DEBUG 	TextBox2 loaded 1 chars with 0 blanks and 1 valid
10.7083 	DEBUG 	TextBox2 loaded 1 chars with 0 blanks and 1 valid
10.7158 	DEBUG 	TextBox2 loaded 1 chars with 0 blanks and 1 valid
10.7235 	DEBUG 	TextBox2 loaded 1 chars with 0 blanks and 1 valid
10.7311 	DEBUG 	TextBox2 loaded 1 chars with 0 blanks and 1 valid
10.7385 	DEBUG 	TextBox2 loaded 1 chars with 0 blanks and 1 valid
10.7459 	DEBUG 	TextBox2 loaded 1 chars with 0 blanks and 1 valid
10.7536 	DEBUG 	TextBox2 loaded 1 chars with 0 blanks and 1 valid
10.7611 	DEBUG 	TextBox2 loaded 1 chars with 0 blanks and 1 valid
10.7612 	DEBUG 	Uploading Texture Font fontname to graphics card
10.7640 	DEBUG 	Upload of Texture Font fontname complete
10.7745 	DEBUG 	TextBox2 loaded 1 chars with 0 blanks and 1 valid
10.7823 	DEBUG 	TextBox2 loaded 1 chars with 0 blanks and 1 valid
10.7900 	DEBUG 	TextBox2 loaded 1 chars with 0 blanks and 1 valid
10.7901 	DEBUG 	Uploading Texture Font fontname to graphics card
10.7916 	DEBUG 	Upload of Texture Font fontname complete
10.7924 	EXP 	window1: Attempting to measure frame rate of screen (0) ...
10.7924 	EXP 	window1: recordFrameIntervals = False
10.9411 	EXP 	window1: recordFrameIntervals = True
11.0879 	EXP 	Screen (0) actual frame rate measured at 75.14Hz
11.0879 	EXP 	window1: recordFrameIntervals = False
11.1097 	DEBUG 	TextBox2 loaded 1 chars with 0 blanks and 1 valid
11.1216 	DEBUG 	TextBox2 loaded 1 chars with 0 blanks and 1 valid
11.1321 	DEBUG 	TextBox2 loaded 1 chars with 0 blanks and 1 valid
11.1419 	DEBUG 	TextBox2 loaded 1 chars with 0 blanks and 1 valid
11.1510 	DEBUG 	TextBox2 loaded 1 chars with 0 blanks and 1 valid
11.1596 	DEBUG 	TextBox2 loaded 1 chars with 0 blanks and 1 valid
11.1675 	DEBUG 	TextBox2 loaded 1 chars with 0 blanks and 1 valid
11.1755 	DEBUG 	TextBox2 loaded 1 chars with 0 blanks and 1 valid
11.1831 	DEBUG 	TextBox2 loaded 1 chars with 0 blanks and 1 valid
11.1907 	DEBUG 	TextBox2 loaded 1 chars with 0 blanks and 1 valid
11.1909 	DEBUG 	Uploading Texture Font fontname to graphics card
11.1923 	DEBUG 	Upload of Texture Font fontname complete
12.1227 	INFO 	keyboard.Keyboard is using ptb backend.
12.1228 	EXP 	misty_module: status = STARTED
12.1548 	EXP 	Created text = TextStim(__class__=<class 'psychopy.visual.text.TextStim'>, alignHoriz=method-wrapper(...), alignText='center', alignVert=method-wrapper(...), anchorHoriz='center', anchorVert='center', antialias=True, autoDraw=False, autoLog=True, bold=False, color=array([1., 1., 1.]), colorSpace='rgb', contrast=1.0, depth=0.0, draggable=False, flipHoriz=False, flipVert=False, font='Arial', fontFiles=[], height=np.float64(0.05), italic=False, languageStyle='LTR', name='text', opacity=1, ori=0.0, pos=array([0., 0.]), rgb=UNKNOWN, text=str(...), units='height', win=Window(...), wrapWidth=1)
12.1621 	EXP 	Created intstructs = TextStim(__class__=<class 'psychopy.visual.text.TextStim'>, alignHoriz=method-wrapper(...), alignText='center', alignVert=method-wrapper(...), anchorHoriz='center', anchorVert='center', antialias=True, autoDraw=False, autoLog=True, bold=False, color=array([1., 1., 1.]), colorSpace='rgb', contrast=1.0, depth=0.0, draggable=False, flipHoriz=False, flipVert=False, font='Arial', fontFiles=[], height=np.float64(0.05), italic=False, languageStyle='LTR', name='intstructs', opacity=1, ori=0.0, pos=array([0., 0.]), rgb=UNKNOWN, text=str(...), units='height', win=Window(...), wrapWidth=1)
12.1643 	EXP 	Created fix = TextStim(__class__=<class 'psychopy.visual.text.TextStim'>, alignHoriz=method-wrapper(...), alignText='center', alignVert=method-wrapper(...), anchorHoriz='center', anchorVert='center', antialias=True, autoDraw=False, autoLog=True, bold=False, color=array([1., 1., 1.]), colorSpace='rgb', contrast=1.0, depth=-1.0, draggable=False, flipHoriz=False, flipVert=False, font='Open Sans', fontFiles=[], height=np.float64(0.1), italic=False, languageStyle='LTR', name='fix', opacity=1, ori=0.0, pos=array([0., 0.]), rgb=UNKNOWN, text='+', units='height', win=Window(...), wrapWidth=1)
12.1701 	DEBUG 	TextBox2 loaded 1 chars with 0 blanks and 1 valid
12.1706 	DEBUG 	TextBox2 loaded 1 chars with 0 blanks and 1 valid
12.1712 	DEBUG 	TextBox2 loaded 1 chars with 0 blanks and 1 valid
12.1716 	DEBUG 	TextBox2 loaded 1 chars with 0 blanks and 1 valid
12.1718 	DEBUG 	TextBox2 loaded 1 chars with 0 blanks and 1 valid
12.1720 	DEBUG 	TextBox2 loaded 1 chars with 0 blanks and 1 valid
12.1725 	DEBUG 	TextBox2 loaded 1 chars with 0 blanks and 1 valid
12.1728 	DEBUG 	TextBox2 loaded 1 chars with 0 blanks and 1 valid
12.1730 	DEBUG 	TextBox2 loaded 1 chars with 0 blanks and 1 valid
12.1731 	DEBUG 	Uploading Texture Font fontname to graphics card
12.1752 	DEBUG 	Upload of Texture Font fontname complete
12.1957 	DEBUG 	TextBox2 loaded 1 chars with 0 blanks and 1 valid
12.1958 	DEBUG 	Uploading Texture Font fontname to graphics card
12.1979 	DEBUG 	Upload of Texture Font fontname complete
12.2079 	DEBUG 	TextBox2 loaded 1 chars with 0 blanks and 1 valid
12.2155 	DEBUG 	TextBox2 loaded 1 chars with 0 blanks and 1 valid
12.2230 	DEBUG 	TextBox2 loaded 1 chars with 0 blanks and 1 valid
12.2305 	DEBUG 	TextBox2 loaded 1 chars with 0 blanks and 1 valid
12.2379 	DEBUG 	TextBox2 loaded 1 chars with 0 blanks and 1 valid
12.2453 	DEBUG 	TextBox2 loaded 1 chars with 0 blanks and 1 valid
12.2527 	DEBUG 	TextBox2 loaded 1 chars with 0 blanks and 1 valid
12.2602 	DEBUG 	TextBox2 loaded 1 chars with 0 blanks and 1 valid
12.2676 	DEBUG 	TextBox2 loaded 1 chars with 0 blanks and 1 valid
12.2750 	DEBUG 	TextBox2 loaded 1 chars with 0 blanks and 1 valid
12.2751 	DEBUG 	Uploading Texture Font fontname to graphics card
12.2770 	DEBUG 	Upload of Texture Font fontname complete
12.2869 	DEBUG 	TextBox2 loaded 1 chars with 0 blanks and 1 valid
12.2870 	DEBUG 	Uploading Texture Font fontname to graphics card
12.2884 	DEBUG 	Upload of Texture Font fontname complete
12.3007 	DEBUG 	TextBox2 loaded 1 chars with 0 blanks and 1 valid
12.3008 	DEBUG 	Uploading Texture Font fontname to graphics card
12.3022 	DEBUG 	Upload of Texture Font fontname complete
12.3144 	DEBUG 	TextBox2 loaded 1 chars with 0 blanks and 1 valid
12.3145 	DEBUG 	Uploading Texture Font fontname to graphics card
12.3159 	DEBUG 	Upload of Texture Font fontname complete
12.3282 	DEBUG 	TextBox2 loaded 1 chars with 0 blanks and 1 valid
12.3282 	DEBUG 	Uploading Texture Font fontname to graphics card
12.3297 	DEBUG 	Upload of Texture Font fontname complete
12.3419 	DEBUG 	TextBox2 loaded 1 chars with 0 blanks and 1 valid
12.3420 	DEBUG 	Uploading Texture Font fontname to graphics card
12.3434 	DEBUG 	Upload of Texture Font fontname complete
12.3556 	DEBUG 	TextBox2 loaded 1 chars with 0 blanks and 1 valid
12.3557 	DEBUG 	Uploading Texture Font fontname to graphics card
12.3571 	DEBUG 	Upload of Texture Font fontname complete
12.3693 	DEBUG 	TextBox2 loaded 1 chars with 0 blanks and 1 valid
12.3694 	DEBUG 	Uploading Texture Font fontname to graphics card
12.3708 	DEBUG 	Upload of Texture Font fontname complete
12.3830 	DEBUG 	TextBox2 loaded 1 chars with 0 blanks and 1 valid
12.3830 	DEBUG 	Uploading Texture Font fontname to graphics card
12.3845 	DEBUG 	Upload of Texture Font fontname complete
12.3967 	DEBUG 	TextBox2 loaded 1 chars with 0 blanks and 1 valid
12.3967 	DEBUG 	Uploading Texture Font fontname to graphics card
12.3982 	DEBUG 	Upload of Texture Font fontname complete
12.4207 	EXP 	Created slider_3 = Slider(__class__=<class 'psychopy.visual.slider.Slider'>, autoDraw=False, autoLog=True, borderColor=None, color=None, colorSpace='rgb', depth=-2, fillColor=None, flip=False, font='Noto Sans', granularity=1, labelColor=None, labelHeight=np.float64(0.05), labelWrapWidth=None, labels=(0, 1, 2, 3, 4, 5, 6, 7, 8, 9), lineColor=None, markerColor=None, name='slider_3', opacity=None, ori=0.0, pos=array([ 0. , -0.4]), readOnly=False, self=UNKNOWN, size=array([1. , 0.1]), startValue=None, style='choice', styleTweaks=[], ticks=array([0, 1, 2, 3, 4, 5, 6, 7, 8, 9]), units='norm', win=Window(...))
12.4276 	EXP 	Created text_2 = TextStim(__class__=<class 'psychopy.visual.text.TextStim'>, alignHoriz=method-wrapper(...), alignText='center', alignVert=method-wrapper(...), anchorHoriz='center', anchorVert='center', antialias=True, autoDraw=False, autoLog=True, bold=False, color=array([1., 1., 1.]), colorSpace='rgb', contrast=1.0, depth=0.0, draggable=False, flipHoriz=False, flipVert=False, font='Arial', fontFiles=[], height=np.float64(0.05), italic=False, languageStyle='LTR', name='text_2', opacity=1, ori=0.0, pos=array([0., 0.]), rgb=UNKNOWN, text=str(...), units='height', win=Window(...), wrapWidth=1)
12.4283 	EXP 	Created fix = TextStim(__class__=<class 'psychopy.visual.text.TextStim'>, alignHoriz=method-wrapper(...), alignText='center', alignVert=method-wrapper(...), anchorHoriz='center', anchorVert='center', antialias=True, autoDraw=False, autoLog=True, bold=False, color=array([1., 1., 1.]), colorSpace='rgb', contrast=1.0, depth=-1.0, draggable=False, flipHoriz=False, flipVert=False, font='Open Sans', fontFiles=[], height=np.float64(0.1), italic=False, languageStyle='LTR', name='fix', opacity=1, ori=0.0, pos=array([0., 0.]), rgb=UNKNOWN, text='+', units='height', win=Window(...), wrapWidth=1)
12.4302 	EXP 	Created prog_3 = Progress(__class__=<class 'psychopy.visual.progress.Progress'>, anchor=('left', 'top'), autoDraw=False, autoLog=True, closeShape=True, color=method-wrapper(...), colorSpace='rgb', contrast=None, depth=-1, draggable=False, fillColor=array([-1.    ,  0.5373, -1.    ]), fillColorSpace='rgb', fillRGB=array([-1.    ,  0.5373, -1.    ]), interpolate=True, lineColor=array([1., 1., 1.]), lineColorSpace='rgb', lineRGB=array([1, 1, 1]), lineWidth=4.0, name='prog_3', opacity=1.0, ori=0.0, pos=array([-0.5,  0.5]), size=array([1. , 0.1]), units='norm', vertices=ndarray(...), win=Window(...), windingRule=None)
12.4309 	EXP 	Created prog_3Bar = ShapeStim(__class__=<class 'psychopy.visual.shape.ShapeStim'>, anchor=('left', 'top'), autoDraw=False, autoLog=True, closeShape=True, color=method-wrapper(...), colorSpace='rgb', contrast=None, depth=-1, draggable=False, fillColor=array([ 1., -1., -1.]), fillColorSpace='rgb', fillRGB=array([ 1., -1., -1.]), interpolate=True, lineColor=array([0., 0., 0.]), lineColorSpace='rgb', lineRGB=array([0, 0, 0]), lineWidth=1.5, name='prog_3Bar', opacity=1.0, ori=0.0, pos=array([-0.5,  0.5]), size=array([1. , 0.1]), units='norm', vertices=ndarray(...), win=Window(...), windingRule=None)
12.4315 	EXP 	Created greenbar_3 = Rect(__class__=<class 'psychopy.visual.rect.Rect'>, anchor=('left', 'center'), autoDraw=False, autoLog=True, closeShape=True, color=method-wrapper(...), colorSpace='rgb', contrast=None, depth=-2.0, draggable=False, fillColor=array([-1.    ,  0.0039, -1.    ]), fillColorSpace='rgb', fillRGB=array([-1.    ,  0.0039, -1.    ]), interpolate=True, lineColor=array([1., 1., 1.]), lineColorSpace='rgb', lineRGB=array([1, 1, 1]), lineWidth=1.0, name='greenbar_3', opacity=1, ori=0.0, pos=array([0.33333333, 0.7       ]), size=array([0.66666667, 0.1       ]), units='norm', vertices=ndarray(...), win=Window(...))
12.4320 	EXP 	Created yellowbar_3 = Rect(__class__=<class 'psychopy.visual.rect.Rect'>, anchor=('left', 'center'), autoDraw=False, autoLog=True, closeShape=True, color=method-wrapper(...), colorSpace='rgb', contrast=None, depth=-3.0, draggable=False, fillColor=array([ 1.,  1., -1.]), fillColorSpace='rgb', fillRGB=array([ 1.,  1., -1.]), interpolate=True, lineColor=array([1., 1., 1.]), lineColorSpace='rgb', lineRGB=array([1, 1, 1]), lineWidth=1.0, name='yellowbar_3', opacity=1, ori=0.0, pos=array([-0.33333333,  0.7       ]), size=array([0.66666667, 0.1       ]), units='norm', vertices=ndarray(...), win=Window(...))
12.4325 	EXP 	Created redbar_3 = Rect(__class__=<class 'psychopy.visual.rect.Rect'>, anchor=('left', 'center'), autoDraw=False, autoLog=True, closeShape=True, color=method-wrapper(...), colorSpace='rgb', contrast=None, depth=-4.0, draggable=False, fillColor=array([ 1., -1., -1.]), fillColorSpace='rgb', fillRGB=array([ 1., -1., -1.]), interpolate=True, lineColor=array([1., 1., 1.]), lineColorSpace='rgb', lineRGB=array([1, 1, 1]), lineWidth=1.0, name='redbar_3', opacity=1, ori=0.0, pos=array([-1. ,  0.7]), size=array([0.66666667, 0.1       ]), units='norm', vertices=ndarray(...), win=Window(...))
12.4333 	EXP 	Created arrow_3 = ShapeStim(__class__=<class 'psychopy.visual.shape.ShapeStim'>, anchor=('center', 'center'), autoDraw=False, autoLog=True, closeShape=True, color=method-wrapper(...), colorSpace='rgb', contrast=None, depth=-5.0, draggable=False, fillColor=array([1, 1, 1]), fillColorSpace='rgb', fillRGB=array([1, 1, 1]), interpolate=True, lineColor=array([1., 1., 1.]), lineColorSpace='rgb', lineRGB=array([1, 1, 1]), lineWidth=1.0, name='arrow_3', opacity=1, ori=0.0, pos=array([0., 0.]), size=array([0.05, 0.05]), units='norm', vertices=ndarray(...), win=Window(...), windingRule=None)
12.5053 	EXP 	Created slider_4 = Slider(__class__=<class 'psychopy.visual.slider.Slider'>, autoDraw=False, autoLog=True, borderColor=None, color=None, colorSpace='rgb', depth=-7, fillColor=None, flip=False, font='Noto Sans', granularity=1, labelColor=None, labelHeight=np.float64(0.05), labelWrapWidth=None, labels=(0, 1, 2, 3, 4, 5, 6, 7, 8, 9), lineColor=None, markerColor=None, name='slider_4', opacity=None, ori=0.0, pos=array([ 0. , -0.4]), readOnly=False, self=UNKNOWN, size=array([1. , 0.1]), startValue=None, style='choice', styleTweaks=[], ticks=array([0, 1, 2, 3, 4, 5, 6, 7, 8, 9]), units='norm', win=Window(...))
12.5111 	EXP 	Created text_3 = TextStim(__class__=<class 'psychopy.visual.text.TextStim'>, alignHoriz=method-wrapper(...), alignText='center', alignVert=method-wrapper(...), anchorHoriz='center', anchorVert='center', antialias=True, autoDraw=False, autoLog=True, bold=False, color=array([1., 1., 1.]), colorSpace='rgb', contrast=1.0, depth=0.0, draggable=False, flipHoriz=False, flipVert=False, font='Arial', fontFiles=[], height=np.float64(0.05), italic=False, languageStyle='LTR', name='text_3', opacity=1, ori=0.0, pos=array([0., 0.]), rgb=UNKNOWN, text='Training instructions here', units='height', win=Window(...), wrapWidth=1)
12.5118 	EXP 	Created fix = TextStim(__class__=<class 'psychopy.visual.text.TextStim'>, alignHoriz=method-wrapper(...), alignText='center', alignVert=method-wrapper(...), anchorHoriz='center', anchorVert='center', antialias=True, autoDraw=False, autoLog=True, bold=False, color=array([1., 1., 1.]), colorSpace='rgb', contrast=1.0, depth=-1.0, draggable=False, flipHoriz=False, flipVert=False, font='Open Sans', fontFiles=[], height=np.float64(0.1), italic=False, languageStyle='LTR', name='fix', opacity=1, ori=0.0, pos=array([0., 0.]), rgb=UNKNOWN, text='+', units='height', win=Window(...), wrapWidth=1)
12.5831 	EXP 	Created slider_training = Slider(__class__=<class 'psychopy.visual.slider.Slider'>, autoDraw=False, autoLog=True, borderColor=None, color=None, colorSpace='rgb', depth=-2, fillColor=None, flip=False, font='Noto Sans', granularity=1, labelColor=None, labelHeight=np.float64(0.05), labelWrapWidth=None, labels=(0, 1, 2, 3, 4, 5, 6, 7, 8, 9), lineColor=None, markerColor=None, name='slider_training', opacity=None, ori=0.0, pos=array([ 0. , -0.4]), readOnly=False, self=UNKNOWN, size=array([1. , 0.1]), startValue=None, style='choice', styleTweaks=[], ticks=array([0, 1, 2, 3, 4, 5, 6, 7, 8, 9]), units='norm', win=Window(...))
12.5882 	EXP 	Created fix = TextStim(__class__=<class 'psychopy.visual.text.TextStim'>, alignHoriz=method-wrapper(...), alignText='center', alignVert=method-wrapper(...), anchorHoriz='center', anchorVert='center', antialias=True, autoDraw=False, autoLog=True, bold=False, color=array([1., 1., 1.]), colorSpace='rgb', contrast=1.0, depth=-1.0, draggable=False, flipHoriz=False, flipVert=False, font='Open Sans', fontFiles=[], height=np.float64(0.1), italic=False, languageStyle='LTR', name='fix', opacity=1, ori=0.0, pos=array([0., 0.]), rgb=UNKNOWN, text='+', units='height', win=Window(...), wrapWidth=1)
12.5890 	EXP 	Created prog = Progress(__class__=<class 'psychopy.visual.progress.Progress'>, anchor=('left', 'top'), autoDraw=False, autoLog=True, closeShape=True, color=method-wrapper(...), colorSpace='rgb', contrast=None, depth=-1, draggable=False, fillColor=array([-1.    ,  0.5373, -1.    ]), fillColorSpace='rgb', fillRGB=array([-1.    ,  0.5373, -1.    ]), interpolate=True, lineColor=array([1., 1., 1.]), lineColorSpace='rgb', lineRGB=array([1, 1, 1]), lineWidth=4.0, name='prog', opacity=1.0, ori=0.0, pos=array([-0.5,  0.5]), size=array([1. , 0.1]), units='norm', vertices=ndarray(...), win=Window(...), windingRule=None)
12.5897 	EXP 	Created progBar = ShapeStim(__class__=<class 'psychopy.visual.shape.ShapeStim'>, anchor=('left', 'top'), autoDraw=False, autoLog=True, closeShape=True, color=method-wrapper(...), colorSpace='rgb', contrast=None, depth=-1, draggable=False, fillColor=array([ 1., -1., -1.]), fillColorSpace='rgb', fillRGB=array([ 1., -1., -1.]), interpolate=True, lineColor=array([0., 0., 0.]), lineColorSpace='rgb', lineRGB=array([0, 0, 0]), lineWidth=1.5, name='progBar', opacity=1.0, ori=0.0, pos=array([-0.5,  0.5]), size=array([1. , 0.1]), units='norm', vertices=ndarray(...), win=Window(...), windingRule=None)
12.5903 	EXP 	Created greenbar = Rect(__class__=<class 'psychopy.visual.rect.Rect'>, anchor=('left', 'center'), autoDraw=False, autoLog=True, closeShape=True, color=method-wrapper(...), colorSpace='rgb', contrast=None, depth=-2.0, draggable=False, fillColor=array([-1.    ,  0.0039, -1.    ]), fillColorSpace='rgb', fillRGB=array([-1.    ,  0.0039, -1.    ]), interpolate=True, lineColor=array([1., 1., 1.]), lineColorSpace='rgb', lineRGB=array([1, 1, 1]), lineWidth=1.0, name='greenbar', opacity=1, ori=0.0, pos=array([0.33333333, 0.7       ]), size=array([0.66666667, 0.1       ]), units='norm', vertices=ndarray(...), win=Window(...))
12.5908 	EXP 	Created yellowbar = Rect(__class__=<class 'psychopy.visual.rect.Rect'>, anchor=('left', 'center'), autoDraw=False, autoLog=True, closeShape=True, color=method-wrapper(...), colorSpace='rgb', contrast=None, depth=-3.0, draggable=False, fillColor=array([ 1.,  1., -1.]), fillColorSpace='rgb', fillRGB=array([ 1.,  1., -1.]), interpolate=True, lineColor=array([1., 1., 1.]), lineColorSpace='rgb', lineRGB=array([1, 1, 1]), lineWidth=1.0, name='yellowbar', opacity=1, ori=0.0, pos=array([-0.33333333,  0.7       ]), size=array([0.66666667, 0.1       ]), units='norm', vertices=ndarray(...), win=Window(...))
12.5913 	EXP 	Created redbar = Rect(__class__=<class 'psychopy.visual.rect.Rect'>, anchor=('left', 'center'), autoDraw=False, autoLog=True, closeShape=True, color=method-wrapper(...), colorSpace='rgb', contrast=None, depth=-4.0, draggable=False, fillColor=array([ 1., -1., -1.]), fillColorSpace='rgb', fillRGB=array([ 1., -1., -1.]), interpolate=True, lineColor=array([1., 1., 1.]), lineColorSpace='rgb', lineRGB=array([1, 1, 1]), lineWidth=1.0, name='redbar', opacity=1, ori=0.0, pos=array([-1. ,  0.7]), size=array([0.66666667, 0.1       ]), units='norm', vertices=ndarray(...), win=Window(...))
12.5921 	EXP 	Created arrow = ShapeStim(__class__=<class 'psychopy.visual.shape.ShapeStim'>, anchor=('center', 'center'), autoDraw=False, autoLog=True, closeShape=True, color=method-wrapper(...), colorSpace='rgb', contrast=None, depth=-5.0, draggable=False, fillColor=array([1, 1, 1]), fillColorSpace='rgb', fillRGB=array([1, 1, 1]), interpolate=True, lineColor=array([1., 1., 1.]), lineColorSpace='rgb', lineRGB=array([1, 1, 1]), lineWidth=1.0, name='arrow', opacity=1, ori=0.0, pos=array([0., 0.]), size=array([0.05, 0.05]), units='norm', vertices=ndarray(...), win=Window(...), windingRule=None)
12.6639 	EXP 	Created slider = Slider(__class__=<class 'psychopy.visual.slider.Slider'>, autoDraw=False, autoLog=True, borderColor=None, color=None, colorSpace='rgb', depth=-7, fillColor=None, flip=False, font='Noto Sans', granularity=1, labelColor=None, labelHeight=np.float64(0.05), labelWrapWidth=None, labels=(0, 1, 2, 3, 4, 5, 6, 7, 8, 9), lineColor=None, markerColor=None, name='slider', opacity=None, ori=0.0, pos=array([ 0. , -0.4]), readOnly=False, self=UNKNOWN, size=array([1. , 0.1]), startValue=None, style='choice', styleTweaks=[], ticks=array([0, 1, 2, 3, 4, 5, 6, 7, 8, 9]), units='norm', win=Window(...))
0.0013 	DATA 	Mouse: wheel shift=(0,0), pos=(323,385)
0.0015 	DATA 	Mouse: wheel shift=(0,-2), pos=(323,385)
0.0017 	DATA 	Mouse: wheel shift=(0,0), pos=(322,385)
0.0019 	DATA 	Mouse: wheel shift=(0,0), pos=(323,385)
0.0021 	DATA 	Mouse: wheel shift=(0,0), pos=(322,385)
0.0044 	EXP 	textbox_4: autoLog = True
0.0044 	EXP 	slider_3: autoLog = True
0.0044 	EXP 	slider_3: styleTweaks = []
0.0044 	EXP 	slider_3: styleTweaks = []
0.0044 	EXP 	slider_3: styleTweaks = []
0.0044 	EXP 	slider_3: styleTweaks = []
0.0044 	EXP 	slider_3: contrast = 1.0
0.0044 	EXP 	slider_3: markerPos = None
0.0044 	EXP 	slider_3: autoLog = True
0.0044 	EXP 	textbox_2: autoLog = True
0.0044 	EXP 	prog_3: direction = 'horizontal'
0.0044 	EXP 	prog_3: progress = 0.0
0.0044 	EXP 	textbox_5: autoLog = True
0.0044 	EXP 	slider_4: autoLog = True
0.0044 	EXP 	slider_4: styleTweaks = []
0.0044 	EXP 	slider_4: styleTweaks = []
0.0044 	EXP 	slider_4: styleTweaks = []
0.0044 	EXP 	slider_4: styleTweaks = []
0.0044 	EXP 	slider_4: contrast = 1.0
0.0044 	EXP 	slider_4: markerPos = None
0.0044 	EXP 	slider_4: autoLog = True
0.0044 	EXP 	textbox_2: autoLog = True
0.0044 	EXP 	textbox_3: autoLog = True
0.0044 	EXP 	slider_training: autoLog = True
0.0044 	EXP 	slider_training: styleTweaks = []
0.0044 	EXP 	slider_training: styleTweaks = []
0.0044 	EXP 	slider_training: styleTweaks = []
0.0044 	EXP 	slider_training: styleTweaks = []
0.0044 	EXP 	slider_training: contrast = 1.0
0.0044 	EXP 	slider_training: markerPos = None
0.0044 	EXP 	slider_training: autoLog = True
0.0044 	EXP 	textbox_2: autoLog = True
0.0044 	EXP 	prog: direction = 'horizontal'
0.0044 	EXP 	prog: progress = 0.0
0.0044 	EXP 	textbox: autoLog = True
0.0044 	EXP 	slider: autoLog = True
0.0044 	EXP 	slider: styleTweaks = []
0.0044 	EXP 	slider: styleTweaks = []
0.0044 	EXP 	slider: styleTweaks = []
0.0044 	EXP 	slider: styleTweaks = []
0.0044 	EXP 	slider: contrast = 1.0
0.0044 	EXP 	slider: markerPos = None
0.0044 	EXP 	slider: autoLog = True
0.0044 	EXP 	textbox_2: autoLog = True
0.0109 	INFO 	Keyboard events cleared
0.0109 	EXP 	text: autoDraw = True
1.2228 	DATA 	Mouse: wheel shift=(0,0), pos=(283,391)
2.0643 	EXP 	Device response: <KeyPress from None: t=1.9509790000001885, value=l, duration=None>
2.0681 	DATA 	Keypress: l
2.0699 	EXP 	Device response: <KeyPress from None: t=1.9509790000001885, value=l, duration=0.11599149999983638>
2.0717 	INFO 	Keyboard events cleared
2.0717 	EXP 	text: autoDraw = False
2.0717 	EXP 	intstructs: autoDraw = True
2.8119 	EXP 	Device response: <KeyPress from None: t=2.7990108340000006, value=space, duration=None>
2.8141 	DATA 	Keypress: space
2.8210 	DEBUG 	Read excel file with openpyxl: practice_difficulty.xlsx
2.8212 	EXP 	Imported practice_difficulty.xlsx as conditions, 3 conditions, 1 params
2.8243 	EXP 	intstructs: autoDraw = False
2.8243 	EXP 	text_2: autoDraw = True
2.9183 	EXP 	Device response: <KeyPress from None: t=2.7990108340000006, value=space, duration=0.11099237500002346>
4.8185 	DEBUG 	Read excel file with openpyxl: practice_difficulty.xlsx
4.8187 	EXP 	Imported practice_difficulty.xlsx as conditions, 3 conditions, 1 params
4.8235 	EXP 	text_2: autoDraw = False
4.8235 	EXP 	text_2: autoDraw = False
4.8235 	EXP 	text_3: autoDraw = True
6.8256 	DEBUG 	Read csv file with pandas: training.csv
6.8283 	DEBUG 	Clearing unnamed columns from training.csv
6.8289 	EXP 	Imported training.csv as conditions, 5 conditions, 2 params
6.8293 	EXP 	New trial (rep=0, index=0): <Trial 0 (0 in rep 0) data={'train_diff': 'hard', 'train_time': np.int64(5), 'thisN': 0, 'thisTrialN': 0, 'thisRepN': 0}>
6.8351 	EXP 	New trial (rep=0, index=0): <Trial 0 (0 in rep 0) data={'thisN': 0, 'thisTrialN': 0, 'thisRepN': 0}>
6.8397 	EXP 	text_3: autoDraw = False
6.8397 	EXP 	text_3: autoDraw = False
6.8397 	EXP 	fix: autoDraw = True
7.3226 	DEBUG 	TextBox2 loaded 1 chars with 0 blanks and 1 valid
7.3241 	DEBUG 	TextBox2 loaded 1 chars with 0 blanks and 1 valid
7.3247 	DEBUG 	TextBox2 loaded 1 chars with 0 blanks and 1 valid
7.3261 	DEBUG 	TextBox2 loaded 1 chars with 0 blanks and 1 valid
7.3271 	DEBUG 	TextBox2 loaded 1 chars with 0 blanks and 1 valid
7.3282 	DEBUG 	TextBox2 loaded 1 chars with 0 blanks and 1 valid
7.3294 	DEBUG 	TextBox2 loaded 1 chars with 0 blanks and 1 valid
7.3301 	DEBUG 	TextBox2 loaded 1 chars with 0 blanks and 1 valid
7.3312 	DEBUG 	TextBox2 loaded 1 chars with 0 blanks and 1 valid
7.3314 	DEBUG 	Uploading Texture Font fontname to graphics card
7.3355 	DEBUG 	Upload of Texture Font fontname complete
7.3561 	INFO 	Keyboard events cleared
7.3560 	EXP 	fix: autoDraw = False
7.3560 	EXP 	slider_training: markerPos = None
7.3560 	EXP 	slider_training: markerPos = None
7.3560 	EXP 	textbox_3: autoDraw = True
7.3560 	EXP 	slider_training: autoDraw = True
11.8115 	EXP 	Device response: <KeyPress from None: t=11.804928584000663, value=8, duration=None>
11.8124 	DEBUG 	TextBox2 loaded 1 chars with 0 blanks and 1 valid
11.8130 	DEBUG 	TextBox2 loaded 1 chars with 0 blanks and 1 valid
11.8135 	DEBUG 	TextBox2 loaded 1 chars with 0 blanks and 1 valid
11.8140 	DEBUG 	TextBox2 loaded 1 chars with 0 blanks and 1 valid
11.8144 	DEBUG 	TextBox2 loaded 1 chars with 0 blanks and 1 valid
11.8148 	DEBUG 	TextBox2 loaded 1 chars with 0 blanks and 1 valid
11.8149 	DEBUG 	Uploading Texture Font fontname to graphics card
11.8165 	DEBUG 	Upload of Texture Font fontname complete
11.8186 	DATA 	Keypress: 8
11.8237 	EXP 	textbox_3: autoDraw = False
11.8237 	EXP 	slider_training: autoDraw = False
11.8237 	EXP 	textbox_2: autoDraw = True
11.9724 	EXP 	Device response: <KeyPress from None: t=11.804928584000663, value=8, duration=0.15500370799964003>
12.8143 	EXP 	New trial (rep=1, index=0): <Trial 1 (0 in rep 1) data={'thisN': 1, 'thisTrialN': 0, 'thisRepN': 1}>
12.8248 	EXP 	textbox_2: autoDraw = False
12.8248 	EXP 	fix: autoDraw = True
13.3294 	DEBUG 	TextBox2 loaded 1 chars with 0 blanks and 1 valid
13.3314 	DEBUG 	TextBox2 loaded 1 chars with 0 blanks and 1 valid
13.3333 	DEBUG 	TextBox2 loaded 1 chars with 0 blanks and 1 valid
13.3338 	DEBUG 	Uploading Texture Font fontname to graphics card
13.3379 	DEBUG 	Upload of Texture Font fontname complete
13.3531 	INFO 	Keyboard events cleared
13.3531 	EXP 	fix: autoDraw = False
13.3531 	EXP 	slider_training: markerPos = None
13.3531 	EXP 	slider_training: markerPos = None
13.3531 	EXP 	textbox_3: autoDraw = True
13.3531 	EXP 	slider_training: autoDraw = True
16.4727 	DATA 	Keypress: 5
16.4733 	DATA 	Keypress: 6
16.4799 	EXP 	Device response: <KeyPress from None: t=16.468926084000486, value=6, duration=None>
16.4799 	EXP 	Device response: <KeyPress from None: t=16.468926084000486, value=5, duration=None>
16.4921 	EXP 	textbox_3: autoDraw = False
16.4921 	EXP 	slider_training: autoDraw = False
16.4921 	EXP 	textbox_2: autoDraw = True
16.5602 	EXP 	Device response: <KeyPress from None: t=16.468926084000486, value=6, duration=0.07798170800015214>
16.5603 	EXP 	Device response: <KeyPress from None: t=16.468926084000486, value=5, duration=0.07798170800015214>
17.4817 	EXP 	New trial (rep=2, index=0): <Trial 2 (0 in rep 2) data={'thisN': 2, 'thisTrialN': 0, 'thisRepN': 2}>
17.4929 	EXP 	textbox_2: autoDraw = False
17.4929 	EXP 	fix: autoDraw = True
17.9926 	DEBUG 	TextBox2 loaded 1 chars with 0 blanks and 1 valid
17.9931 	DEBUG 	Uploading Texture Font fontname to graphics card
17.9970 	DEBUG 	Upload of Texture Font fontname complete
18.0120 	INFO 	Keyboard events cleared
18.0119 	EXP 	fix: autoDraw = False
18.0119 	EXP 	slider_training: markerPos = None
18.0119 	EXP 	slider_training: markerPos = None
18.0119 	EXP 	textbox_3: autoDraw = True
18.0119 	EXP 	slider_training: autoDraw = True
20.8147 	EXP 	Device response: <KeyPress from None: t=20.813887250000334, value=9, duration=None>
20.8167 	DATA 	Keypress: 9
20.8270 	EXP 	textbox_3: autoDraw = False
20.8270 	EXP 	slider_training: autoDraw = False
20.8270 	EXP 	textbox_2: autoDraw = True
20.9086 	EXP 	Device response: <KeyPress from None: t=20.813887250000334, value=9, duration=0.09203041700038739>
21.8177 	EXP 	New trial (rep=3, index=0): <Trial 3 (0 in rep 3) data={'thisN': 3, 'thisTrialN': 0, 'thisRepN': 3}>
21.8279 	EXP 	textbox_2: autoDraw = False
21.8279 	EXP 	fix: autoDraw = True
22.3287 	DEBUG 	TextBox2 loaded 1 chars with 0 blanks and 1 valid
22.3306 	DEBUG 	TextBox2 loaded 1 chars with 0 blanks and 1 valid
22.3310 	DEBUG 	Uploading Texture Font fontname to graphics card
22.3348 	DEBUG 	Upload of Texture Font fontname complete
22.3491 	INFO 	Keyboard events cleared
22.3491 	EXP 	fix: autoDraw = False
22.3491 	EXP 	slider_training: markerPos = None
22.3491 	EXP 	slider_training: markerPos = None
22.3491 	EXP 	textbox_3: autoDraw = True
22.3491 	EXP 	slider_training: autoDraw = True
23.8025 	EXP 	Device response: <KeyPress from None: t=23.800907917000586, value=4, duration=None>
23.8044 	DATA 	Keypress: 4
23.8147 	EXP 	textbox_3: autoDraw = False
23.8147 	EXP 	slider_training: autoDraw = False
23.8147 	EXP 	textbox_2: autoDraw = True
23.9233 	EXP 	Device response: <KeyPress from None: t=23.800907917000586, value=4, duration=0.11302770800011785>
24.8032 	EXP 	New trial (rep=4, index=0): <Trial 4 (0 in rep 4) data={'thisN': 4, 'thisTrialN': 0, 'thisRepN': 4}>
24.8151 	EXP 	textbox_2: autoDraw = False
24.8151 	EXP 	fix: autoDraw = True
25.3214 	INFO 	Keyboard events cleared
25.3214 	EXP 	fix: autoDraw = False
25.3214 	EXP 	slider_training: markerPos = None
25.3214 	EXP 	slider_training: markerPos = None
25.3214 	EXP 	textbox_3: autoDraw = True
25.3214 	EXP 	slider_training: autoDraw = True
26.6761 	DATA 	Keypress: 6
26.6836 	EXP 	Device response: <KeyPress from None: t=26.67289037500086, value=6, duration=None>
26.6958 	EXP 	textbox_3: autoDraw = False
26.6958 	EXP 	slider_training: autoDraw = False
26.6958 	EXP 	textbox_2: autoDraw = True
26.7772 	EXP 	Device response: <KeyPress from None: t=26.67289037500086, value=6, duration=0.09302254199974413>
27.6850 	EXP 	New trial (rep=5, index=0): <Trial 5 (0 in rep 5) data={'thisN': 5, 'thisTrialN': 0, 'thisRepN': 5}>
27.6964 	EXP 	textbox_2: autoDraw = False
27.6964 	EXP 	fix: autoDraw = True
28.2111 	INFO 	Keyboard events cleared
28.2110 	EXP 	fix: autoDraw = False
28.2110 	EXP 	slider_training: markerPos = None
28.2110 	EXP 	slider_training: markerPos = None
28.2110 	EXP 	textbox_3: autoDraw = True
28.2110 	EXP 	slider_training: autoDraw = True
29.0845 	EXP 	Device response: <KeyPress from None: t=29.082887709000715, value=8, duration=None>
29.0864 	DATA 	Keypress: 8
29.0967 	EXP 	textbox_3: autoDraw = False
29.0967 	EXP 	slider_training: autoDraw = False
29.0967 	EXP 	textbox_2: autoDraw = True
29.1782 	EXP 	Device response: <KeyPress from None: t=29.082887709000715, value=8, duration=0.09301174999927753>
30.0862 	EXP 	New trial (rep=6, index=0): <Trial 6 (0 in rep 6) data={'thisN': 6, 'thisTrialN': 0, 'thisRepN': 6}>
30.0973 	EXP 	textbox_2: autoDraw = False
30.0973 	EXP 	fix: autoDraw = True
30.5996 	DEBUG 	TextBox2 loaded 1 chars with 0 blanks and 1 valid
30.6001 	DEBUG 	Uploading Texture Font fontname to graphics card
30.6041 	DEBUG 	Upload of Texture Font fontname complete
30.6221 	INFO 	Keyboard events cleared
30.6220 	EXP 	fix: autoDraw = False
30.6220 	EXP 	slider_training: markerPos = None
30.6220 	EXP 	slider_training: markerPos = None
30.6220 	EXP 	textbox_3: autoDraw = True
30.6220 	EXP 	slider_training: autoDraw = True
31.6381 	DATA 	Keypress: 4
31.6453 	EXP 	Device response: <KeyPress from None: t=31.631872875000226, value=4, duration=None>
31.6466 	DEBUG 	TextBox2 loaded 1 chars with 0 blanks and 1 valid
31.6467 	DEBUG 	Uploading Texture Font fontname to graphics card
31.6484 	DEBUG 	Upload of Texture Font fontname complete
31.6576 	EXP 	textbox_3: autoDraw = False
31.6576 	EXP 	slider_training: autoDraw = False
31.6576 	EXP 	textbox_2: autoDraw = True
31.7526 	EXP 	Device response: <KeyPress from None: t=31.631872875000226, value=4, duration=0.1160290839998197>
32.6467 	EXP 	New trial (rep=7, index=0): <Trial 7 (0 in rep 7) data={'thisN': 7, 'thisTrialN': 0, 'thisRepN': 7}>
32.6585 	EXP 	textbox_2: autoDraw = False
32.6585 	EXP 	fix: autoDraw = True
33.1758 	INFO 	Keyboard events cleared
33.1758 	EXP 	fix: autoDraw = False
33.1758 	EXP 	slider_training: markerPos = None
33.1758 	EXP 	slider_training: markerPos = None
33.1758 	EXP 	textbox_3: autoDraw = True
33.1758 	EXP 	slider_training: autoDraw = True
34.6128 	DATA 	Keypress: 6
34.6134 	DATA 	Keypress: 7
34.6198 	EXP 	Device response: <KeyPress from None: t=34.60887054200066, value=7, duration=None>
34.6198 	EXP 	Device response: <KeyPress from None: t=34.60887054200066, value=6, duration=None>
34.6320 	EXP 	textbox_3: autoDraw = False
34.6320 	EXP 	slider_training: autoDraw = False
34.6320 	EXP 	textbox_2: autoDraw = True
34.7001 	EXP 	Device response: <KeyPress from None: t=34.60887054200066, value=7, duration=0.08102975000019796>
34.7001 	EXP 	Device response: <KeyPress from None: t=34.60887054200066, value=6, duration=0.08102975000019796>
35.6236 	EXP 	New trial (rep=8, index=0): <Trial 8 (0 in rep 8) data={'thisN': 8, 'thisTrialN': 0, 'thisRepN': 8}>
35.6330 	EXP 	textbox_2: autoDraw = False
35.6330 	EXP 	fix: autoDraw = True
36.1503 	INFO 	Keyboard events cleared
36.1503 	EXP 	fix: autoDraw = False
36.1503 	EXP 	slider_training: markerPos = None
36.1503 	EXP 	slider_training: markerPos = None
36.1503 	EXP 	textbox_3: autoDraw = True
36.1503 	EXP 	slider_training: autoDraw = True
37.3807 	EXP 	Device response: <KeyPress from None: t=37.374871917000746, value=9, duration=None>
37.3828 	DATA 	Keypress: 9
37.3931 	EXP 	textbox_3: autoDraw = False
37.3931 	EXP 	slider_training: autoDraw = False
37.3931 	EXP 	textbox_2: autoDraw = True
37.4753 	EXP 	Device response: <KeyPress from None: t=37.374871917000746, value=9, duration=0.0960182499993607>
38.3823 	EXP 	New trial (rep=9, index=0): <Trial 9 (0 in rep 9) data={'thisN': 9, 'thisTrialN': 0, 'thisRepN': 9}>
38.3937 	EXP 	textbox_2: autoDraw = False
38.3937 	EXP 	fix: autoDraw = True
38.9161 	INFO 	Keyboard events cleared
38.9161 	EXP 	fix: autoDraw = False
38.9161 	EXP 	slider_training: markerPos = None
38.9161 	EXP 	slider_training: markerPos = None
38.9161 	EXP 	textbox_3: autoDraw = True
38.9161 	EXP 	slider_training: autoDraw = True
40.4549 	DATA 	Keypress: 4
40.4620 	EXP 	Device response: <KeyPress from None: t=40.45084787500036, value=4, duration=None>
40.4742 	EXP 	textbox_3: autoDraw = False
40.4742 	EXP 	slider_training: autoDraw = False
40.4742 	EXP 	textbox_2: autoDraw = True
40.5556 	EXP 	Device response: <KeyPress from None: t=40.45084787500036, value=4, duration=0.10301166699991882>
41.4638 	EXP 	New trial (rep=10, index=0): <Trial 10 (0 in rep 10) data={'thisN': 10, 'thisTrialN': 0, 'thisRepN': 10}>
41.4757 	EXP 	textbox_2: autoDraw = False
41.4757 	EXP 	fix: autoDraw = True
41.9943 	INFO 	Keyboard events cleared
41.9943 	EXP 	fix: autoDraw = False
41.9943 	EXP 	slider_training: markerPos = None
41.9943 	EXP 	slider_training: markerPos = None
41.9943 	EXP 	textbox_3: autoDraw = True
41.9943 	EXP 	slider_training: autoDraw = True
46.9964 	EXP 	textbox_3: autoDraw = False
46.9964 	EXP 	slider_training: autoDraw = False
46.9964 	EXP 	textbox_2: autoDraw = True
47.9861 	EXP 	New trial (rep=0, index=1): <Trial 1 (1 in rep 0) data={'train_diff': 'easy1', 'train_time': np.int64(5), 'thisN': 1, 'thisTrialN': 1, 'thisRepN': 0}>
47.9893 	EXP 	New trial (rep=0, index=0): <Trial 0 (0 in rep 0) data={'thisN': 0, 'thisTrialN': 0, 'thisRepN': 0}>
47.9968 	EXP 	textbox_2: autoDraw = False
47.9968 	EXP 	fix: autoDraw = True
48.5125 	INFO 	Keyboard events cleared
48.5124 	EXP 	fix: autoDraw = False
48.5124 	EXP 	slider_training: markerPos = None
48.5124 	EXP 	slider_training: markerPos = None
48.5124 	EXP 	textbox_3: autoDraw = True
48.5124 	EXP 	slider_training: autoDraw = True
50.7056 	EXP 	Device response: <KeyPress from None: t=50.70085350000045, value=5, duration=None>
50.7077 	DATA 	Keypress: 5
50.7179 	EXP 	textbox_3: autoDraw = False
50.7179 	EXP 	slider_training: autoDraw = False
50.7179 	EXP 	textbox_2: autoDraw = True
50.7994 	EXP 	Device response: <KeyPress from None: t=50.70085350000045, value=5, duration=0.08799854199969559>
51.7073 	EXP 	New trial (rep=1, index=0): <Trial 1 (0 in rep 1) data={'thisN': 1, 'thisTrialN': 0, 'thisRepN': 1}>
51.7193 	EXP 	textbox_2: autoDraw = False
51.7193 	EXP 	fix: autoDraw = True
52.2325 	INFO 	Keyboard events cleared
52.2325 	EXP 	fix: autoDraw = False
52.2325 	EXP 	slider_training: markerPos = None
52.2325 	EXP 	slider_training: markerPos = None
52.2325 	EXP 	textbox_3: autoDraw = True
52.2325 	EXP 	slider_training: autoDraw = True
53.1197 	EXP 	Device response: <KeyPress from None: t=53.11583370900007, value=7, duration=None>
53.1216 	DATA 	Keypress: 7
53.1321 	EXP 	textbox_3: autoDraw = False
53.1321 	EXP 	slider_training: autoDraw = False
53.1321 	EXP 	textbox_2: autoDraw = True
53.2273 	EXP 	Device response: <KeyPress from None: t=53.11583370900007, value=7, duration=0.1010107500005688>
54.1214 	EXP 	New trial (rep=2, index=0): <Trial 2 (0 in rep 2) data={'thisN': 2, 'thisTrialN': 0, 'thisRepN': 2}>
54.1337 	EXP 	textbox_2: autoDraw = False
54.1337 	EXP 	fix: autoDraw = True
54.6487 	INFO 	Keyboard events cleared
54.6486 	EXP 	fix: autoDraw = False
54.6486 	EXP 	slider_training: markerPos = None
54.6486 	EXP 	slider_training: markerPos = None
54.6486 	EXP 	textbox_3: autoDraw = True
54.6486 	EXP 	slider_training: autoDraw = True
55.4939 	EXP 	Device response: <KeyPress from None: t=55.49278579200018, value=4, duration=None>
55.4959 	DATA 	Keypress: 4
55.5063 	EXP 	textbox_3: autoDraw = False
55.5063 	EXP 	slider_training: autoDraw = False
55.5063 	EXP 	textbox_2: autoDraw = True
55.6011 	EXP 	Device response: <KeyPress from None: t=55.49278579200018, value=4, duration=0.10204991699993116>
56.4943 	EXP 	New trial (rep=3, index=0): <Trial 3 (0 in rep 3) data={'thisN': 3, 'thisTrialN': 0, 'thisRepN': 3}>
56.5066 	EXP 	textbox_2: autoDraw = False
56.5066 	EXP 	textbox_2: autoDraw = False
56.5066 	EXP 	fix: autoDraw = True
57.0256 	INFO 	Keyboard events cleared
57.0255 	EXP 	fix: autoDraw = False
57.0255 	EXP 	slider_training: markerPos = None
57.0255 	EXP 	slider_training: markerPos = None
57.0255 	EXP 	textbox_3: autoDraw = True
57.0255 	EXP 	slider_training: autoDraw = True
59.1150 	DATA 	Keypress: 8
59.1221 	EXP 	Device response: <KeyPress from None: t=59.10978637500011, value=8, duration=None>
59.1343 	EXP 	textbox_3: autoDraw = False
59.1343 	EXP 	slider_training: autoDraw = False
59.1343 	EXP 	textbox_2: autoDraw = True
59.2158 	EXP 	Device response: <KeyPress from None: t=59.10978637500011, value=8, duration=0.10003675000007206>
60.1239 	EXP 	New trial (rep=4, index=0): <Trial 4 (0 in rep 4) data={'thisN': 4, 'thisTrialN': 0, 'thisRepN': 4}>
60.1362 	EXP 	textbox_2: autoDraw = False
60.1362 	EXP 	fix: autoDraw = True
60.6497 	INFO 	Keyboard events cleared
60.6496 	EXP 	fix: autoDraw = False
60.6496 	EXP 	slider_training: markerPos = None
60.6496 	EXP 	slider_training: markerPos = None
60.6496 	EXP 	textbox_3: autoDraw = True
60.6496 	EXP 	slider_training: autoDraw = True
61.7155 	DATA 	Keypress: 5
61.7230 	EXP 	Device response: <KeyPress from None: t=61.71078750000015, value=5, duration=None>
61.7352 	EXP 	textbox_3: autoDraw = False
61.7352 	EXP 	slider_training: autoDraw = False
61.7352 	EXP 	textbox_2: autoDraw = True
61.8303 	EXP 	Device response: <KeyPress from None: t=61.71078750000015, value=5, duration=0.11202958400008356>
62.7242 	EXP 	New trial (rep=5, index=0): <Trial 5 (0 in rep 5) data={'thisN': 5, 'thisTrialN': 0, 'thisRepN': 5}>
62.7359 	EXP 	textbox_2: autoDraw = False
62.7359 	EXP 	fix: autoDraw = True
63.2443 	INFO 	Keyboard events cleared
63.2442 	EXP 	fix: autoDraw = False
63.2442 	EXP 	slider_training: markerPos = None
63.2442 	EXP 	slider_training: markerPos = None
63.2442 	EXP 	textbox_3: autoDraw = True
63.2442 	EXP 	slider_training: autoDraw = True
64.3033 	DATA 	Keypress: 6
64.3106 	EXP 	Device response: <KeyPress from None: t=64.29777687500064, value=6, duration=None>
64.3228 	EXP 	textbox_3: autoDraw = False
64.3228 	EXP 	slider_training: autoDraw = False
64.3228 	EXP 	textbox_2: autoDraw = True
64.4179 	EXP 	Device response: <KeyPress from None: t=64.29777687500064, value=6, duration=0.11703291699996043>
65.3134 	EXP 	New trial (rep=6, index=0): <Trial 6 (0 in rep 6) data={'thisN': 6, 'thisTrialN': 0, 'thisRepN': 6}>
65.3239 	EXP 	textbox_2: autoDraw = False
65.3239 	EXP 	fix: autoDraw = True
65.8383 	INFO 	Keyboard events cleared
65.8382 	EXP 	fix: autoDraw = False
65.8382 	EXP 	slider_training: markerPos = None
65.8382 	EXP 	slider_training: markerPos = None
65.8382 	EXP 	textbox_3: autoDraw = True
65.8382 	EXP 	slider_training: autoDraw = True
66.5040 	DATA 	Keypress: 8
66.5114 	EXP 	Device response: <KeyPress from None: t=66.50176125000053, value=8, duration=None>
66.5236 	EXP 	textbox_3: autoDraw = False
66.5236 	EXP 	slider_training: autoDraw = False
66.5236 	EXP 	textbox_2: autoDraw = True
66.6456 	EXP 	Device response: <KeyPress from None: t=66.50176125000053, value=8, duration=0.13202712499969493>
67.5132 	EXP 	New trial (rep=7, index=0): <Trial 7 (0 in rep 7) data={'thisN': 7, 'thisTrialN': 0, 'thisRepN': 7}>
67.5243 	EXP 	textbox_2: autoDraw = False
67.5243 	EXP 	fix: autoDraw = True
68.0438 	INFO 	Keyboard events cleared
68.0438 	EXP 	fix: autoDraw = False
68.0438 	EXP 	slider_training: markerPos = None
68.0438 	EXP 	slider_training: markerPos = None
68.0438 	EXP 	textbox_3: autoDraw = True
68.0438 	EXP 	slider_training: autoDraw = True
73.0461 	EXP 	textbox_3: autoDraw = False
73.0461 	EXP 	slider_training: autoDraw = False
73.0461 	EXP 	textbox_2: autoDraw = True
74.0372 	EXP 	New trial (rep=0, index=2): <Trial 2 (2 in rep 0) data={'train_diff': 'med2', 'train_time': np.int64(5), 'thisN': 2, 'thisTrialN': 2, 'thisRepN': 0}>
74.0422 	EXP 	New trial (rep=0, index=0): <Trial 0 (0 in rep 0) data={'thisN': 0, 'thisTrialN': 0, 'thisRepN': 0}>
74.0460 	EXP 	textbox_2: autoDraw = False
74.0460 	EXP 	fix: autoDraw = True
74.5667 	INFO 	Keyboard events cleared
74.5667 	EXP 	fix: autoDraw = False
74.5667 	EXP 	slider_training: markerPos = None
74.5667 	EXP 	slider_training: markerPos = None
74.5667 	EXP 	textbox_3: autoDraw = True
74.5667 	EXP 	slider_training: autoDraw = True
79.5684 	EXP 	textbox_3: autoDraw = False
79.5684 	EXP 	slider_training: autoDraw = False
79.5684 	EXP 	textbox_2: autoDraw = True
80.5579 	EXP 	New trial (rep=0, index=3): <Trial 3 (3 in rep 0) data={'train_diff': 'easy2', 'train_time': np.int64(5), 'thisN': 3, 'thisTrialN': 3, 'thisRepN': 0}>
80.5616 	EXP 	New trial (rep=0, index=0): <Trial 0 (0 in rep 0) data={'thisN': 0, 'thisTrialN': 0, 'thisRepN': 0}>
80.5689 	EXP 	textbox_2: autoDraw = False
80.5689 	EXP 	fix: autoDraw = True
81.0781 	INFO 	Keyboard events cleared
81.0780 	EXP 	fix: autoDraw = False
81.0780 	EXP 	slider_training: markerPos = None
81.0780 	EXP 	slider_training: markerPos = None
81.0780 	EXP 	textbox_3: autoDraw = True
81.0780 	EXP 	slider_training: autoDraw = True
83.9175 	EXP 	Device response: <KeyPress from None: t=83.90871425000023, value=escape, duration=None>
83.9258 	DATA 	Keypress: escape
83.9975 	EXP 	Device response: <KeyPress from None: t=83.90871425000023, value=escape, duration=0.0830405000006067>
83.9975 	EXP 	misty_module: status = STOPPED
84.0100 	EXP 	textbox_3: autoDraw = False
84.0100 	EXP 	slider_training: autoDraw = False
84.0107 	EXP 	misty_module: status = STOPPED
84.0148 	INFO 	saved data to '/Users/hackerman/misty_py/data/pilot_misty_module_2026-01-30_18h17.08.831.csv'
84.0158 	INFO 	saved data to /Users/hackerman/misty_py/data/pilot_misty_module_2026-01-30_18h17.08.831.psydat
84.0942 	DEBUG 	Saving data for misty_module ExperimentHandler
84.0947 	WARNING 	Stopping key buffers but this could be dangerous ifother keyboards rely on the same.
