8.6623 	WARNING 	Font Manager failed to load file /System/Library/PrivateFrameworks/FontServices.framework/Resources/Reserved/PingFangUI.ttc
8.6903 	WARNING 	Font Manager failed to load file /System/Library/PrivateFrameworks/FontServices.framework/Resources/Reserved/PingFangUI.ttc
10.0906 	DEBUG 	Fullscreen settings ignored as running in pilot mode.
10.0915 	INFO 	Loaded monitor calibration from ['2026_01_27 16:28']
10.1856 	INFO 	Using renderer 'Apple M4' for graphics
10.1857 	INFO 	OpenGL version supported by driver is 2..
10.2046 	EXP 	Created window1 = Window(allowGUI=False, allowStencil=True, autoLog=True, backendConf=UNKNOWN, backgroundFit=<method-wrapper '__getattribute__' of attributeSetter object at 0x179be3f40>, backgroundImage=<method-wrapper '__getattribute__' of attributeSetter object at 0x179be3ee0>, bitsMode=UNKNOWN, blendMode='avg', bpc=(8, 8, 8), color=array([0, 0, 0]), colorSpace='rgb', depthBits=8, fullscr=False, gamma=None, gammaErrorPolicy='raise', infoMsg=UNKNOWN, lms=UNKNOWN, monitor=<psychopy.monitors.calibTools.Monitor object at 0x17a0e3040>, multiSample=False, name='window1', numSamples=2, pos=[np.float64(560.0), np.float64(240.0)], screen=0, size=array([800, 600]), stencilBits=8, stereo=False, title='PsychoPy', units='height', useFBO=True, useRetina=False, viewOri=0.0, viewPos=None, viewScale=None, waitBlanking=True, winType='pyglet')
10.2046 	EXP 	window1: backgroundImage = ''
10.2046 	EXP 	window1: backgroundFit = 'none'
10.2180 	DEBUG 	TextBox2 loaded 1 chars with 0 blanks and 1 valid
10.2259 	DEBUG 	TextBox2 loaded 1 chars with 0 blanks and 1 valid
10.2339 	DEBUG 	TextBox2 loaded 1 chars with 0 blanks and 1 valid
10.2419 	DEBUG 	TextBox2 loaded 1 chars with 0 blanks and 1 valid
10.2499 	DEBUG 	TextBox2 loaded 1 chars with 0 blanks and 1 valid
10.2577 	DEBUG 	TextBox2 loaded 1 chars with 0 blanks and 1 valid
10.2656 	DEBUG 	TextBox2 loaded 1 chars with 0 blanks and 1 valid
10.2736 	DEBUG 	TextBox2 loaded 1 chars with 0 blanks and 1 valid
10.2812 	DEBUG 	TextBox2 loaded 1 chars with 0 blanks and 1 valid
10.2889 	DEBUG 	TextBox2 loaded 1 chars with 0 blanks and 1 valid
10.2968 	DEBUG 	TextBox2 loaded 1 chars with 0 blanks and 1 valid
10.3047 	DEBUG 	TextBox2 loaded 1 chars with 0 blanks and 1 valid
10.3125 	DEBUG 	TextBox2 loaded 1 chars with 0 blanks and 1 valid
10.3204 	DEBUG 	TextBox2 loaded 1 chars with 0 blanks and 1 valid
10.3282 	DEBUG 	TextBox2 loaded 1 chars with 0 blanks and 1 valid
10.3361 	DEBUG 	TextBox2 loaded 1 chars with 0 blanks and 1 valid
10.3440 	DEBUG 	TextBox2 loaded 1 chars with 0 blanks and 1 valid
10.3517 	DEBUG 	TextBox2 loaded 1 chars with 0 blanks and 1 valid
10.3594 	DEBUG 	TextBox2 loaded 1 chars with 0 blanks and 1 valid
10.3674 	DEBUG 	TextBox2 loaded 1 chars with 0 blanks and 1 valid
10.3752 	DEBUG 	TextBox2 loaded 1 chars with 0 blanks and 1 valid
10.3754 	DEBUG 	Uploading Texture Font fontname to graphics card
10.3783 	DEBUG 	Upload of Texture Font fontname complete
10.3890 	DEBUG 	TextBox2 loaded 1 chars with 0 blanks and 1 valid
10.3969 	DEBUG 	TextBox2 loaded 1 chars with 0 blanks and 1 valid
10.4047 	DEBUG 	TextBox2 loaded 1 chars with 0 blanks and 1 valid
10.4048 	DEBUG 	Uploading Texture Font fontname to graphics card
10.4062 	DEBUG 	Upload of Texture Font fontname complete
10.4072 	EXP 	window1: Attempting to measure frame rate of screen (0) ...
10.4072 	EXP 	window1: recordFrameIntervals = False
10.5500 	EXP 	window1: recordFrameIntervals = True
10.6967 	EXP 	Screen (0) actual frame rate measured at 74.83Hz
10.6968 	EXP 	window1: recordFrameIntervals = False
10.7218 	DEBUG 	TextBox2 loaded 1 chars with 0 blanks and 1 valid
10.7341 	DEBUG 	TextBox2 loaded 1 chars with 0 blanks and 1 valid
10.7450 	DEBUG 	TextBox2 loaded 1 chars with 0 blanks and 1 valid
10.7549 	DEBUG 	TextBox2 loaded 1 chars with 0 blanks and 1 valid
10.7641 	DEBUG 	TextBox2 loaded 1 chars with 0 blanks and 1 valid
10.7727 	DEBUG 	TextBox2 loaded 1 chars with 0 blanks and 1 valid
10.7807 	DEBUG 	TextBox2 loaded 1 chars with 0 blanks and 1 valid
10.7888 	DEBUG 	TextBox2 loaded 1 chars with 0 blanks and 1 valid
10.7964 	DEBUG 	TextBox2 loaded 1 chars with 0 blanks and 1 valid
10.8041 	DEBUG 	TextBox2 loaded 1 chars with 0 blanks and 1 valid
10.8043 	DEBUG 	Uploading Texture Font fontname to graphics card
10.8061 	DEBUG 	Upload of Texture Font fontname complete
11.7348 	INFO 	keyboard.Keyboard is using ptb backend.
11.7349 	EXP 	misty_module: status = STARTED
11.7672 	EXP 	Created text = TextStim(__class__=<class 'psychopy.visual.text.TextStim'>, alignHoriz=method-wrapper(...), alignText='center', alignVert=method-wrapper(...), anchorHoriz='center', anchorVert='center', antialias=True, autoDraw=False, autoLog=True, bold=False, color=array([1., 1., 1.]), colorSpace='rgb', contrast=1.0, depth=-1.0, draggable=False, flipHoriz=False, flipVert=False, font='Arial', fontFiles=[], height=np.float64(0.05), italic=False, languageStyle='LTR', name='text', opacity=1, ori=0.0, pos=array([0., 0.]), rgb=UNKNOWN, text=str(...), units='height', win=Window(...), wrapWidth=1)
11.7742 	EXP 	Created intstructs = TextStim(__class__=<class 'psychopy.visual.text.TextStim'>, alignHoriz=method-wrapper(...), alignText='center', alignVert=method-wrapper(...), anchorHoriz='center', anchorVert='center', antialias=True, autoDraw=False, autoLog=True, bold=False, color=array([1., 1., 1.]), colorSpace='rgb', contrast=1.0, depth=0.0, draggable=False, flipHoriz=False, flipVert=False, font='Arial', fontFiles=[], height=np.float64(0.05), italic=False, languageStyle='LTR', name='intstructs', opacity=1, ori=0.0, pos=array([0., 0.]), rgb=UNKNOWN, text=str(...), units='height', win=Window(...), wrapWidth=1)
11.7764 	EXP 	Created fix = TextStim(__class__=<class 'psychopy.visual.text.TextStim'>, alignHoriz=method-wrapper(...), alignText='center', alignVert=method-wrapper(...), anchorHoriz='center', anchorVert='center', antialias=True, autoDraw=False, autoLog=True, bold=False, color=array([1., 1., 1.]), colorSpace='rgb', contrast=1.0, depth=-1.0, draggable=False, flipHoriz=False, flipVert=False, font='Open Sans', fontFiles=[], height=np.float64(0.1), italic=False, languageStyle='LTR', name='fix', opacity=1, ori=0.0, pos=array([0., 0.]), rgb=UNKNOWN, text='+', units='height', win=Window(...), wrapWidth=1)
11.7824 	DEBUG 	TextBox2 loaded 1 chars with 0 blanks and 1 valid
11.7830 	DEBUG 	TextBox2 loaded 1 chars with 0 blanks and 1 valid
11.7835 	DEBUG 	TextBox2 loaded 1 chars with 0 blanks and 1 valid
11.7840 	DEBUG 	TextBox2 loaded 1 chars with 0 blanks and 1 valid
11.7842 	DEBUG 	TextBox2 loaded 1 chars with 0 blanks and 1 valid
11.7844 	DEBUG 	TextBox2 loaded 1 chars with 0 blanks and 1 valid
11.7850 	DEBUG 	TextBox2 loaded 1 chars with 0 blanks and 1 valid
11.7853 	DEBUG 	TextBox2 loaded 1 chars with 0 blanks and 1 valid
11.7856 	DEBUG 	TextBox2 loaded 1 chars with 0 blanks and 1 valid
11.7857 	DEBUG 	Uploading Texture Font fontname to graphics card
11.7877 	DEBUG 	Upload of Texture Font fontname complete
11.8082 	DEBUG 	TextBox2 loaded 1 chars with 0 blanks and 1 valid
11.8083 	DEBUG 	Uploading Texture Font fontname to graphics card
11.8103 	DEBUG 	Upload of Texture Font fontname complete
11.8201 	DEBUG 	TextBox2 loaded 1 chars with 0 blanks and 1 valid
11.8276 	DEBUG 	TextBox2 loaded 1 chars with 0 blanks and 1 valid
11.8352 	DEBUG 	TextBox2 loaded 1 chars with 0 blanks and 1 valid
11.8427 	DEBUG 	TextBox2 loaded 1 chars with 0 blanks and 1 valid
11.8501 	DEBUG 	TextBox2 loaded 1 chars with 0 blanks and 1 valid
11.8575 	DEBUG 	TextBox2 loaded 1 chars with 0 blanks and 1 valid
11.8650 	DEBUG 	TextBox2 loaded 1 chars with 0 blanks and 1 valid
11.8724 	DEBUG 	TextBox2 loaded 1 chars with 0 blanks and 1 valid
11.8799 	DEBUG 	TextBox2 loaded 1 chars with 0 blanks and 1 valid
11.8873 	DEBUG 	TextBox2 loaded 1 chars with 0 blanks and 1 valid
11.8874 	DEBUG 	Uploading Texture Font fontname to graphics card
11.8890 	DEBUG 	Upload of Texture Font fontname complete
11.8988 	DEBUG 	TextBox2 loaded 1 chars with 0 blanks and 1 valid
11.8989 	DEBUG 	Uploading Texture Font fontname to graphics card
11.9003 	DEBUG 	Upload of Texture Font fontname complete
11.9125 	DEBUG 	TextBox2 loaded 1 chars with 0 blanks and 1 valid
11.9125 	DEBUG 	Uploading Texture Font fontname to graphics card
11.9139 	DEBUG 	Upload of Texture Font fontname complete
11.9260 	DEBUG 	TextBox2 loaded 1 chars with 0 blanks and 1 valid
11.9261 	DEBUG 	Uploading Texture Font fontname to graphics card
11.9275 	DEBUG 	Upload of Texture Font fontname complete
11.9396 	DEBUG 	TextBox2 loaded 1 chars with 0 blanks and 1 valid
11.9397 	DEBUG 	Uploading Texture Font fontname to graphics card
11.9411 	DEBUG 	Upload of Texture Font fontname complete
11.9531 	DEBUG 	TextBox2 loaded 1 chars with 0 blanks and 1 valid
11.9532 	DEBUG 	Uploading Texture Font fontname to graphics card
11.9546 	DEBUG 	Upload of Texture Font fontname complete
11.9666 	DEBUG 	TextBox2 loaded 1 chars with 0 blanks and 1 valid
11.9667 	DEBUG 	Uploading Texture Font fontname to graphics card
11.9681 	DEBUG 	Upload of Texture Font fontname complete
11.9801 	DEBUG 	TextBox2 loaded 1 chars with 0 blanks and 1 valid
11.9802 	DEBUG 	Uploading Texture Font fontname to graphics card
11.9816 	DEBUG 	Upload of Texture Font fontname complete
11.9936 	DEBUG 	TextBox2 loaded 1 chars with 0 blanks and 1 valid
11.9936 	DEBUG 	Uploading Texture Font fontname to graphics card
11.9950 	DEBUG 	Upload of Texture Font fontname complete
12.0071 	DEBUG 	TextBox2 loaded 1 chars with 0 blanks and 1 valid
12.0072 	DEBUG 	Uploading Texture Font fontname to graphics card
12.0086 	DEBUG 	Upload of Texture Font fontname complete
12.0300 	EXP 	Created slider_3 = Slider(__class__=<class 'psychopy.visual.slider.Slider'>, autoDraw=False, autoLog=True, borderColor=None, color=None, colorSpace='rgb', depth=-2, fillColor=None, flip=False, font='Noto Sans', granularity=1, labelColor=None, labelHeight=np.float64(0.05), labelWrapWidth=None, labels=(0, 1, 2, 3, 4, 5, 6, 7, 8, 9), lineColor=None, markerColor=None, name='slider_3', opacity=None, ori=0.0, pos=array([ 0. , -0.4]), readOnly=False, self=UNKNOWN, size=array([1. , 0.1]), startValue=None, style='choice', styleTweaks=[], ticks=array([0, 1, 2, 3, 4, 5, 6, 7, 8, 9]), units='norm', win=Window(...))
12.0367 	EXP 	Created text_2 = TextStim(__class__=<class 'psychopy.visual.text.TextStim'>, alignHoriz=method-wrapper(...), alignText='center', alignVert=method-wrapper(...), anchorHoriz='center', anchorVert='center', antialias=True, autoDraw=False, autoLog=True, bold=False, color=array([1., 1., 1.]), colorSpace='rgb', contrast=1.0, depth=0.0, draggable=False, flipHoriz=False, flipVert=False, font='Arial', fontFiles=[], height=np.float64(0.05), italic=False, languageStyle='LTR', name='text_2', opacity=1, ori=0.0, pos=array([0., 0.]), rgb=UNKNOWN, text=str(...), units='height', win=Window(...), wrapWidth=1)
12.0374 	EXP 	Created fix = TextStim(__class__=<class 'psychopy.visual.text.TextStim'>, alignHoriz=method-wrapper(...), alignText='center', alignVert=method-wrapper(...), anchorHoriz='center', anchorVert='center', antialias=True, autoDraw=False, autoLog=True, bold=False, color=array([1., 1., 1.]), colorSpace='rgb', contrast=1.0, depth=-1.0, draggable=False, flipHoriz=False, flipVert=False, font='Open Sans', fontFiles=[], height=np.float64(0.1), italic=False, languageStyle='LTR', name='fix', opacity=1, ori=0.0, pos=array([0., 0.]), rgb=UNKNOWN, text='+', units='height', win=Window(...), wrapWidth=1)
12.0392 	EXP 	Created prog_3 = Progress(__class__=<class 'psychopy.visual.progress.Progress'>, anchor=('left', 'top'), autoDraw=False, autoLog=True, closeShape=True, color=method-wrapper(...), colorSpace='rgb', contrast=None, depth=-1, draggable=False, fillColor=array([-1.    ,  0.5373, -1.    ]), fillColorSpace='rgb', fillRGB=array([-1.    ,  0.5373, -1.    ]), interpolate=True, lineColor=array([1., 1., 1.]), lineColorSpace='rgb', lineRGB=array([1, 1, 1]), lineWidth=4.0, name='prog_3', opacity=1.0, ori=0.0, pos=array([-0.5,  0.5]), size=array([1. , 0.1]), units='norm', vertices=ndarray(...), win=Window(...), windingRule=None)
12.0399 	EXP 	Created prog_3Bar = ShapeStim(__class__=<class 'psychopy.visual.shape.ShapeStim'>, anchor=('left', 'top'), autoDraw=False, autoLog=True, closeShape=True, color=method-wrapper(...), colorSpace='rgb', contrast=None, depth=-1, draggable=False, fillColor=array([ 1., -1., -1.]), fillColorSpace='rgb', fillRGB=array([ 1., -1., -1.]), interpolate=True, lineColor=array([0., 0., 0.]), lineColorSpace='rgb', lineRGB=array([0, 0, 0]), lineWidth=1.5, name='prog_3Bar', opacity=1.0, ori=0.0, pos=array([-0.5,  0.5]), size=array([1. , 0.1]), units='norm', vertices=ndarray(...), win=Window(...), windingRule=None)
12.0404 	EXP 	Created greenbar_3 = Rect(__class__=<class 'psychopy.visual.rect.Rect'>, anchor=('left', 'center'), autoDraw=False, autoLog=True, closeShape=True, color=method-wrapper(...), colorSpace='rgb', contrast=None, depth=-2.0, draggable=False, fillColor=array([-1.    ,  0.0039, -1.    ]), fillColorSpace='rgb', fillRGB=array([-1.    ,  0.0039, -1.    ]), interpolate=True, lineColor=array([1., 1., 1.]), lineColorSpace='rgb', lineRGB=array([1, 1, 1]), lineWidth=1.0, name='greenbar_3', opacity=1, ori=0.0, pos=array([0.33333333, 0.7       ]), size=array([0.66666667, 0.1       ]), units='norm', vertices=ndarray(...), win=Window(...))
12.0409 	EXP 	Created yellowbar_3 = Rect(__class__=<class 'psychopy.visual.rect.Rect'>, anchor=('left', 'center'), autoDraw=False, autoLog=True, closeShape=True, color=method-wrapper(...), colorSpace='rgb', contrast=None, depth=-3.0, draggable=False, fillColor=array([ 1.,  1., -1.]), fillColorSpace='rgb', fillRGB=array([ 1.,  1., -1.]), interpolate=True, lineColor=array([1., 1., 1.]), lineColorSpace='rgb', lineRGB=array([1, 1, 1]), lineWidth=1.0, name='yellowbar_3', opacity=1, ori=0.0, pos=array([-0.33333333,  0.7       ]), size=array([0.66666667, 0.1       ]), units='norm', vertices=ndarray(...), win=Window(...))
12.0414 	EXP 	Created redbar_3 = Rect(__class__=<class 'psychopy.visual.rect.Rect'>, anchor=('left', 'center'), autoDraw=False, autoLog=True, closeShape=True, color=method-wrapper(...), colorSpace='rgb', contrast=None, depth=-4.0, draggable=False, fillColor=array([ 1., -1., -1.]), fillColorSpace='rgb', fillRGB=array([ 1., -1., -1.]), interpolate=True, lineColor=array([1., 1., 1.]), lineColorSpace='rgb', lineRGB=array([1, 1, 1]), lineWidth=1.0, name='redbar_3', opacity=1, ori=0.0, pos=array([-1. ,  0.7]), size=array([0.66666667, 0.1       ]), units='norm', vertices=ndarray(...), win=Window(...))
12.0421 	EXP 	Created arrow_3 = ShapeStim(__class__=<class 'psychopy.visual.shape.ShapeStim'>, anchor=('center', 'center'), autoDraw=False, autoLog=True, closeShape=True, color=method-wrapper(...), colorSpace='rgb', contrast=None, depth=-5.0, draggable=False, fillColor=array([1, 1, 1]), fillColorSpace='rgb', fillRGB=array([1, 1, 1]), interpolate=True, lineColor=array([1., 1., 1.]), lineColorSpace='rgb', lineRGB=array([1, 1, 1]), lineWidth=1.0, name='arrow_3', opacity=1, ori=0.0, pos=array([0., 0.]), size=array([0.05, 0.05]), units='norm', vertices=ndarray(...), win=Window(...), windingRule=None)
12.1112 	EXP 	Created slider_4 = Slider(__class__=<class 'psychopy.visual.slider.Slider'>, autoDraw=False, autoLog=True, borderColor=None, color=None, colorSpace='rgb', depth=-7, fillColor=None, flip=False, font='Noto Sans', granularity=1, labelColor=None, labelHeight=np.float64(0.05), labelWrapWidth=None, labels=(0, 1, 2, 3, 4, 5, 6, 7, 8, 9), lineColor=None, markerColor=None, name='slider_4', opacity=None, ori=0.0, pos=array([ 0. , -0.4]), readOnly=False, self=UNKNOWN, size=array([1. , 0.1]), startValue=None, style='choice', styleTweaks=[], ticks=array([0, 1, 2, 3, 4, 5, 6, 7, 8, 9]), units='norm', win=Window(...))
12.1168 	EXP 	Created text_3 = TextStim(__class__=<class 'psychopy.visual.text.TextStim'>, alignHoriz=method-wrapper(...), alignText='center', alignVert=method-wrapper(...), anchorHoriz='center', anchorVert='center', antialias=True, autoDraw=False, autoLog=True, bold=False, color=array([1., 1., 1.]), colorSpace='rgb', contrast=1.0, depth=0.0, draggable=False, flipHoriz=False, flipVert=False, font='Arial', fontFiles=[], height=np.float64(0.05), italic=False, languageStyle='LTR', name='text_3', opacity=1, ori=0.0, pos=array([0., 0.]), rgb=UNKNOWN, text='Training instructions here', units='height', win=Window(...), wrapWidth=1)
12.1174 	EXP 	Created fix = TextStim(__class__=<class 'psychopy.visual.text.TextStim'>, alignHoriz=method-wrapper(...), alignText='center', alignVert=method-wrapper(...), anchorHoriz='center', anchorVert='center', antialias=True, autoDraw=False, autoLog=True, bold=False, color=array([1., 1., 1.]), colorSpace='rgb', contrast=1.0, depth=-1.0, draggable=False, flipHoriz=False, flipVert=False, font='Open Sans', fontFiles=[], height=np.float64(0.1), italic=False, languageStyle='LTR', name='fix', opacity=1, ori=0.0, pos=array([0., 0.]), rgb=UNKNOWN, text='+', units='height', win=Window(...), wrapWidth=1)
12.1858 	EXP 	Created slider_training = Slider(__class__=<class 'psychopy.visual.slider.Slider'>, autoDraw=False, autoLog=True, borderColor=None, color=None, colorSpace='rgb', depth=-2, fillColor=None, flip=False, font='Noto Sans', granularity=1, labelColor=None, labelHeight=np.float64(0.05), labelWrapWidth=None, labels=(0, 1, 2, 3, 4, 5, 6, 7, 8, 9), lineColor=None, markerColor=None, name='slider_training', opacity=None, ori=0.0, pos=array([ 0. , -0.4]), readOnly=False, self=UNKNOWN, size=array([1. , 0.1]), startValue=None, style='choice', styleTweaks=[], ticks=array([0, 1, 2, 3, 4, 5, 6, 7, 8, 9]), units='norm', win=Window(...))
12.1917 	EXP 	Created text_4 = TextStim(__class__=<class 'psychopy.visual.text.TextStim'>, alignHoriz=method-wrapper(...), alignText='center', alignVert=method-wrapper(...), anchorHoriz='center', anchorVert='center', antialias=True, autoDraw=False, autoLog=True, bold=False, color=array([1., 1., 1.]), colorSpace='rgb', contrast=1.0, depth=0.0, draggable=False, flipHoriz=False, flipVert=False, font='Arial', fontFiles=[], height=np.float64(0.05), italic=False, languageStyle='LTR', name='text_4', opacity=1, ori=0.0, pos=array([0., 0.]), rgb=UNKNOWN, text='Please press space to move onto the next block', units='height', win=Window(...), wrapWidth=1)
12.1931 	EXP 	Created text_6 = TextStim(__class__=<class 'psychopy.visual.text.TextStim'>, alignHoriz=method-wrapper(...), alignText='center', alignVert=method-wrapper(...), anchorHoriz='center', anchorVert='center', antialias=True, autoDraw=False, autoLog=True, bold=False, color=array([1., 1., 1.]), colorSpace='rgb', contrast=1.0, depth=0.0, draggable=False, flipHoriz=False, flipVert=False, font='Arial', fontFiles=[], height=np.float64(0.05), italic=False, languageStyle='LTR', name='text_6', opacity=1, ori=0.0, pos=array([0., 0.]), rgb=UNKNOWN, text='Start of experiment', units='height', win=Window(...), wrapWidth=1)
12.1938 	EXP 	Created fix = TextStim(__class__=<class 'psychopy.visual.text.TextStim'>, alignHoriz=method-wrapper(...), alignText='center', alignVert=method-wrapper(...), anchorHoriz='center', anchorVert='center', antialias=True, autoDraw=False, autoLog=True, bold=False, color=array([1., 1., 1.]), colorSpace='rgb', contrast=1.0, depth=-1.0, draggable=False, flipHoriz=False, flipVert=False, font='Open Sans', fontFiles=[], height=np.float64(0.1), italic=False, languageStyle='LTR', name='fix', opacity=1, ori=0.0, pos=array([0., 0.]), rgb=UNKNOWN, text='+', units='height', win=Window(...), wrapWidth=1)
12.1945 	EXP 	Created prog = Progress(__class__=<class 'psychopy.visual.progress.Progress'>, anchor=('left', 'top'), autoDraw=False, autoLog=True, closeShape=True, color=method-wrapper(...), colorSpace='rgb', contrast=None, depth=-1, draggable=False, fillColor=array([-1.    ,  0.5373, -1.    ]), fillColorSpace='rgb', fillRGB=array([-1.    ,  0.5373, -1.    ]), interpolate=True, lineColor=array([1., 1., 1.]), lineColorSpace='rgb', lineRGB=array([1, 1, 1]), lineWidth=4.0, name='prog', opacity=1.0, ori=0.0, pos=array([-0.5,  0.5]), size=array([1. , 0.1]), units='norm', vertices=ndarray(...), win=Window(...), windingRule=None)
12.1952 	EXP 	Created progBar = ShapeStim(__class__=<class 'psychopy.visual.shape.ShapeStim'>, anchor=('left', 'top'), autoDraw=False, autoLog=True, closeShape=True, color=method-wrapper(...), colorSpace='rgb', contrast=None, depth=-1, draggable=False, fillColor=array([ 1., -1., -1.]), fillColorSpace='rgb', fillRGB=array([ 1., -1., -1.]), interpolate=True, lineColor=array([0., 0., 0.]), lineColorSpace='rgb', lineRGB=array([0, 0, 0]), lineWidth=1.5, name='progBar', opacity=1.0, ori=0.0, pos=array([-0.5,  0.5]), size=array([1. , 0.1]), units='norm', vertices=ndarray(...), win=Window(...), windingRule=None)
12.1957 	EXP 	Created redbar = Rect(__class__=<class 'psychopy.visual.rect.Rect'>, anchor=('left', 'center'), autoDraw=False, autoLog=True, closeShape=True, color=method-wrapper(...), colorSpace='rgb', contrast=None, depth=-2.0, draggable=False, fillColor=array([ 1., -1., -1.]), fillColorSpace='rgb', fillRGB=array([ 1., -1., -1.]), interpolate=True, lineColor=array([1., 1., 1.]), lineColorSpace='rgb', lineRGB=array([1, 1, 1]), lineWidth=1.0, name='redbar', opacity=1, ori=0.0, pos=array([-1. ,  0.7]), size=array([2. , 0.1]), units='norm', vertices=ndarray(...), win=Window(...))
12.1962 	EXP 	Created yellowbar = Rect(__class__=<class 'psychopy.visual.rect.Rect'>, anchor=('left', 'center'), autoDraw=False, autoLog=True, closeShape=True, color=method-wrapper(...), colorSpace='rgb', contrast=None, depth=-3.0, draggable=False, fillColor=array([ 1.,  1., -1.]), fillColorSpace='rgb', fillRGB=array([ 1.,  1., -1.]), interpolate=True, lineColor=array([1., 1., 1.]), lineColorSpace='rgb', lineRGB=array([1, 1, 1]), lineWidth=1.0, name='yellowbar', opacity=1, ori=0.0, pos=array([0. , 0.7]), size=array([1. , 0.1]), units='norm', vertices=ndarray(...), win=Window(...))
12.1967 	EXP 	Created greenbar = Rect(__class__=<class 'psychopy.visual.rect.Rect'>, anchor=('left', 'center'), autoDraw=False, autoLog=True, closeShape=True, color=method-wrapper(...), colorSpace='rgb', contrast=None, depth=-4.0, draggable=False, fillColor=array([-1.    ,  0.0039, -1.    ]), fillColorSpace='rgb', fillRGB=array([-1.    ,  0.0039, -1.    ]), interpolate=True, lineColor=array([1., 1., 1.]), lineColorSpace='rgb', lineRGB=array([1, 1, 1]), lineWidth=1.0, name='greenbar', opacity=1, ori=0.0, pos=array([0.7, 0.7]), size=array([0.3, 0.1]), units='norm', vertices=ndarray(...), win=Window(...))
12.1974 	EXP 	Created arrow = ShapeStim(__class__=<class 'psychopy.visual.shape.ShapeStim'>, anchor=('center', 'center'), autoDraw=False, autoLog=True, closeShape=True, color=method-wrapper(...), colorSpace='rgb', contrast=None, depth=-5.0, draggable=False, fillColor=array([1, 1, 1]), fillColorSpace='rgb', fillRGB=array([1, 1, 1]), interpolate=True, lineColor=array([1., 1., 1.]), lineColorSpace='rgb', lineRGB=array([1, 1, 1]), lineWidth=1.0, name='arrow', opacity=1, ori=0.0, pos=array([0., 0.]), size=array([0.05, 0.05]), units='norm', vertices=ndarray(...), win=Window(...), windingRule=None)
12.2673 	EXP 	Created slider = Slider(__class__=<class 'psychopy.visual.slider.Slider'>, autoDraw=False, autoLog=True, borderColor=None, color=None, colorSpace='rgb', depth=-7, fillColor=None, flip=False, font='Noto Sans', granularity=1, labelColor=None, labelHeight=np.float64(0.05), labelWrapWidth=None, labels=(0, 1, 2, 3, 4, 5, 6, 7, 8, 9), lineColor=None, markerColor=None, name='slider', opacity=None, ori=0.0, pos=array([ 0. , -0.4]), readOnly=False, self=UNKNOWN, size=array([1. , 0.1]), startValue=None, style='choice', styleTweaks=[], ticks=array([0, 1, 2, 3, 4, 5, 6, 7, 8, 9]), units='norm', win=Window(...))
12.2681 	EXP 	Created norm_arrow = ShapeStim(__class__=<class 'psychopy.visual.shape.ShapeStim'>, anchor=('center', 'center'), autoDraw=False, autoLog=True, closeShape=True, color=method-wrapper(...), colorSpace='rgb', contrast=None, depth=-9.0, draggable=False, fillColor=array([1, 1, 1]), fillColorSpace='rgb', fillRGB=array([1, 1, 1]), interpolate=True, lineColor=array([1., 1., 1.]), lineColorSpace='rgb', lineRGB=array([1, 1, 1]), lineWidth=1.0, name='norm_arrow', opacity=1, ori=0.0, pos=array([0.7, 0.6]), size=array([0.05, 0.05]), units='height', vertices=ndarray(...), win=Window(...), windingRule=None)
12.2726 	EXP 	Created text_5 = TextStim(__class__=<class 'psychopy.visual.text.TextStim'>, alignHoriz=method-wrapper(...), alignText='center', alignVert=method-wrapper(...), anchorHoriz='center', anchorVert='center', antialias=True, autoDraw=False, autoLog=True, bold=False, color=array([1., 1., 1.]), colorSpace='rgb', contrast=1.0, depth=0.0, draggable=False, flipHoriz=False, flipVert=False, font='Arial', fontFiles=[], height=0.05, italic=False, languageStyle='LTR', name='text_5', opacity=1, ori=0.0, pos=array([0., 0.]), rgb=UNKNOWN, text='', units='height', win=Window(...), wrapWidth=1)
12.2735 	EXP 	Created text_7 = TextStim(__class__=<class 'psychopy.visual.text.TextStim'>, alignHoriz=method-wrapper(...), alignText='center', alignVert=method-wrapper(...), anchorHoriz='center', anchorVert='center', antialias=True, autoDraw=False, autoLog=True, bold=False, color=array([1., 1., 1.]), colorSpace='rgb', contrast=1.0, depth=0.0, draggable=False, flipHoriz=False, flipVert=False, font='Arial', fontFiles=[], height=np.float64(0.05), italic=False, languageStyle='LTR', name='text_7', opacity=1, ori=0.0, pos=array([0., 0.]), rgb=UNKNOWN, text='Thanks', units='height', win=Window(...), wrapWidth=1)
0.0025 	EXP 	equation_practice_1: autoLog = True
0.0025 	EXP 	slider_3: autoLog = True
0.0025 	EXP 	slider_3: styleTweaks = []
0.0025 	EXP 	slider_3: styleTweaks = []
0.0025 	EXP 	slider_3: styleTweaks = []
0.0025 	EXP 	slider_3: styleTweaks = []
0.0025 	EXP 	slider_3: contrast = 1.0
0.0025 	EXP 	slider_3: markerPos = None
0.0025 	EXP 	slider_3: autoLog = True
0.0025 	EXP 	feedback_practice_1: autoLog = True
0.0025 	EXP 	prog_3: direction = 'horizontal'
0.0025 	EXP 	prog_3: progress = 0.0
0.0025 	EXP 	textbox_5: autoLog = True
0.0025 	EXP 	slider_4: autoLog = True
0.0025 	EXP 	slider_4: styleTweaks = []
0.0025 	EXP 	slider_4: styleTweaks = []
0.0025 	EXP 	slider_4: styleTweaks = []
0.0025 	EXP 	slider_4: styleTweaks = []
0.0025 	EXP 	slider_4: contrast = 1.0
0.0025 	EXP 	slider_4: markerPos = None
0.0025 	EXP 	slider_4: autoLog = True
0.0025 	EXP 	feedback_practice_1: autoLog = True
0.0025 	EXP 	textbox_3: autoLog = True
0.0025 	EXP 	slider_training: autoLog = True
0.0025 	EXP 	slider_training: styleTweaks = []
0.0025 	EXP 	slider_training: styleTweaks = []
0.0025 	EXP 	slider_training: styleTweaks = []
0.0025 	EXP 	slider_training: styleTweaks = []
0.0025 	EXP 	slider_training: contrast = 1.0
0.0025 	EXP 	slider_training: markerPos = None
0.0025 	EXP 	slider_training: autoLog = True
0.0025 	EXP 	feedback_practice_1: autoLog = True
0.0025 	EXP 	prog: direction = 'horizontal'
0.0025 	EXP 	prog: progress = 0.0
0.0025 	EXP 	textbox: autoLog = True
0.0025 	EXP 	slider: autoLog = True
0.0025 	EXP 	slider: styleTweaks = []
0.0025 	EXP 	slider: styleTweaks = []
0.0025 	EXP 	slider: styleTweaks = []
0.0025 	EXP 	slider: styleTweaks = []
0.0025 	EXP 	slider: contrast = 1.0
0.0025 	EXP 	slider: markerPos = None
0.0025 	EXP 	slider: autoLog = True
0.0025 	EXP 	feedback_practice_1: autoLog = True
0.0138 	INFO 	Keyboard events cleared
0.0138 	EXP 	text: autoDraw = True
1.2976 	EXP 	Device response: <KeyPress from None: t=1.1988634160006768, value=l, duration=None>
1.3001 	DATA 	Keypress: l
1.3016 	INFO 	Keyboard events cleared
1.3015 	EXP 	text: autoDraw = False
1.3015 	EXP 	intstructs: autoDraw = True
1.3445 	EXP 	Device response: <KeyPress from None: t=1.1988634160006768, value=l, duration=0.13399816699893563>
2.3756 	EXP 	Device response: <KeyPress from None: t=2.3718389160003426, value=l, duration=None>
2.3862 	DATA 	Keypress: l
2.5356 	EXP 	Device response: <KeyPress from None: t=2.3718389160003426, value=l, duration=0.15901054200003273>
3.0960 	EXP 	Device response: <KeyPress from None: t=3.092869915999472, value=space, duration=None>
3.1052 	DEBUG 	Read excel file with openpyxl: practice_difficulty.xlsx
3.1054 	EXP 	Imported practice_difficulty.xlsx as conditions, 3 conditions, 1 params
3.1103 	DATA 	Keypress: space
3.1126 	EXP 	intstructs: autoDraw = False
3.1126 	EXP 	text_2: autoDraw = True
3.2287 	EXP 	Device response: <KeyPress from None: t=3.092869915999472, value=space, duration=0.1219926249996206>
5.1149 	DEBUG 	Read excel file with openpyxl: practice_difficulty.xlsx
5.1152 	EXP 	Imported practice_difficulty.xlsx as conditions, 3 conditions, 1 params
5.1203 	EXP 	text_2: autoDraw = False
5.1203 	EXP 	text_3: autoDraw = True
7.1199 	DEBUG 	Read csv file with pandas: training.csv
7.1231 	DEBUG 	Clearing unnamed columns from training.csv
7.1252 	EXP 	Imported training.csv as conditions, 5 conditions, 2 params
7.1258 	EXP 	New trial (rep=0, index=0): <Trial 0 (0 in rep 0) data={'train_diff': 'hard', 'train_time': np.int64(5), 'thisN': 0, 'thisTrialN': 0, 'thisRepN': 0}>
7.1310 	EXP 	New trial (rep=0, index=0): <Trial 0 (0 in rep 0) data={'thisN': 0, 'thisTrialN': 0, 'thisRepN': 0}>
7.1354 	EXP 	text_3: autoDraw = False
7.1354 	EXP 	fix: autoDraw = True
7.6083 	DEBUG 	TextBox2 loaded 1 chars with 0 blanks and 1 valid
7.6103 	DEBUG 	TextBox2 loaded 1 chars with 0 blanks and 1 valid
7.6111 	DEBUG 	TextBox2 loaded 1 chars with 0 blanks and 1 valid
7.6127 	DEBUG 	TextBox2 loaded 1 chars with 0 blanks and 1 valid
7.6139 	DEBUG 	TextBox2 loaded 1 chars with 0 blanks and 1 valid
7.6154 	DEBUG 	TextBox2 loaded 1 chars with 0 blanks and 1 valid
7.6175 	DEBUG 	TextBox2 loaded 1 chars with 0 blanks and 1 valid
7.6191 	DEBUG 	TextBox2 loaded 1 chars with 0 blanks and 1 valid
7.6199 	DEBUG 	TextBox2 loaded 1 chars with 0 blanks and 1 valid
7.6212 	DEBUG 	TextBox2 loaded 1 chars with 0 blanks and 1 valid
7.6215 	DEBUG 	Uploading Texture Font fontname to graphics card
7.6251 	DEBUG 	Upload of Texture Font fontname complete
7.6463 	INFO 	Keyboard events cleared
7.6462 	EXP 	fix: autoDraw = False
7.6462 	EXP 	slider_training: markerPos = None
7.6462 	EXP 	slider_training: markerPos = None
7.6462 	EXP 	textbox_3: autoDraw = True
7.6462 	EXP 	slider_training: autoDraw = True
8.1000 	DATA 	Keypress: 4
8.1071 	EXP 	Device response: <KeyPress from None: t=8.096836000000621, value=4, duration=None>
8.1071 	EXP 	Device response: <KeyPress from None: t=8.100856166000085, value=3, duration=None>
8.1080 	DEBUG 	TextBox2 loaded 1 chars with 0 blanks and 1 valid
8.1086 	DEBUG 	TextBox2 loaded 1 chars with 0 blanks and 1 valid
8.1091 	DEBUG 	TextBox2 loaded 1 chars with 0 blanks and 1 valid
8.1096 	DEBUG 	TextBox2 loaded 1 chars with 0 blanks and 1 valid
8.1101 	DEBUG 	TextBox2 loaded 1 chars with 0 blanks and 1 valid
8.1104 	DEBUG 	TextBox2 loaded 1 chars with 0 blanks and 1 valid
8.1105 	DEBUG 	Uploading Texture Font fontname to graphics card
8.1122 	DEBUG 	Upload of Texture Font fontname complete
8.1142 	DATA 	Keypress: 3
8.1191 	EXP 	textbox_3: autoDraw = False
8.1191 	EXP 	slider_training: autoDraw = False
8.1191 	EXP 	feedback_practice_1: autoDraw = True
8.1604 	EXP 	Device response: <KeyPress from None: t=8.100856166000085, value=3, duration=0.058087416999114794>
8.2948 	EXP 	Device response: <KeyPress from None: t=8.096836000000621, value=4, duration=0.19599629099866434>
9.1093 	EXP 	New trial (rep=1, index=0): <Trial 1 (0 in rep 1) data={'thisN': 1, 'thisTrialN': 0, 'thisRepN': 1}>
9.1198 	EXP 	feedback_practice_1: autoDraw = False
9.1198 	EXP 	fix: autoDraw = True
9.6250 	DEBUG 	TextBox2 loaded 1 chars with 0 blanks and 1 valid
9.6255 	DEBUG 	Uploading Texture Font fontname to graphics card
9.6296 	DEBUG 	Upload of Texture Font fontname complete
9.6449 	INFO 	Keyboard events cleared
9.6449 	EXP 	fix: autoDraw = False
9.6449 	EXP 	slider_training: markerPos = None
9.6449 	EXP 	slider_training: markerPos = None
9.6449 	EXP 	textbox_3: autoDraw = True
9.6449 	EXP 	slider_training: autoDraw = True
10.0008 	EXP 	Device response: <KeyPress from None: t=9.997845249999955, value=4, duration=None>
10.0028 	DATA 	Keypress: 4
10.0132 	EXP 	textbox_3: autoDraw = False
10.0132 	EXP 	slider_training: autoDraw = False
10.0132 	EXP 	feedback_practice_1: autoDraw = True
10.1891 	EXP 	Device response: <KeyPress from None: t=9.997845249999955, value=4, duration=0.1869927080006164>
11.0023 	EXP 	New trial (rep=2, index=0): <Trial 2 (0 in rep 2) data={'thisN': 2, 'thisTrialN': 0, 'thisRepN': 2}>
11.0139 	EXP 	feedback_practice_1: autoDraw = False
11.0139 	EXP 	fix: autoDraw = True
11.5169 	DEBUG 	TextBox2 loaded 1 chars with 0 blanks and 1 valid
11.5173 	DEBUG 	Uploading Texture Font fontname to graphics card
11.5211 	DEBUG 	Upload of Texture Font fontname complete
11.5348 	INFO 	Keyboard events cleared
11.5348 	EXP 	fix: autoDraw = False
11.5348 	EXP 	slider_training: markerPos = None
11.5348 	EXP 	slider_training: markerPos = None
11.5348 	EXP 	textbox_3: autoDraw = True
11.5348 	EXP 	slider_training: autoDraw = True
11.5883 	EXP 	Device response: <KeyPress from None: t=11.582832624999355, value=5, duration=None>
11.5906 	DATA 	Keypress: 5
11.6005 	EXP 	textbox_3: autoDraw = False
11.6005 	EXP 	slider_training: autoDraw = False
11.6005 	EXP 	feedback_practice_1: autoDraw = True
11.7500 	EXP 	Device response: <KeyPress from None: t=11.73982254099974, value=6, duration=None>
11.7528 	DATA 	Keypress: 6
11.7897 	EXP 	Device response: <KeyPress from None: t=11.582832624999355, value=5, duration=0.2000156659996719>
11.8815 	EXP 	Device response: <KeyPress from None: t=11.73982254099974, value=6, duration=0.1369741670005169>
12.5911 	EXP 	New trial (rep=3, index=0): <Trial 3 (0 in rep 3) data={'thisN': 3, 'thisTrialN': 0, 'thisRepN': 3}>
12.6011 	EXP 	feedback_practice_1: autoDraw = False
12.6011 	EXP 	fix: autoDraw = True
13.1018 	DEBUG 	TextBox2 loaded 1 chars with 0 blanks and 1 valid
13.1027 	DEBUG 	TextBox2 loaded 1 chars with 0 blanks and 1 valid
13.1039 	DEBUG 	TextBox2 loaded 1 chars with 0 blanks and 1 valid
13.1041 	DEBUG 	Uploading Texture Font fontname to graphics card
13.1077 	DEBUG 	Upload of Texture Font fontname complete
13.1110 	DEBUG 	TextBox2 loaded 1 chars with 0 blanks and 1 valid
13.1122 	DEBUG 	TextBox2 loaded 1 chars with 0 blanks and 1 valid
13.1131 	DEBUG 	TextBox2 loaded 1 chars with 0 blanks and 1 valid
13.1142 	DEBUG 	TextBox2 loaded 1 chars with 0 blanks and 1 valid
13.1147 	DEBUG 	TextBox2 loaded 1 chars with 0 blanks and 1 valid
13.1158 	DEBUG 	TextBox2 loaded 1 chars with 0 blanks and 1 valid
13.1159 	DEBUG 	Uploading Texture Font fontname to graphics card
13.1187 	DEBUG 	Upload of Texture Font fontname complete
13.1222 	INFO 	Keyboard events cleared
13.1222 	EXP 	fix: autoDraw = False
13.1222 	EXP 	slider_training: markerPos = None
13.1222 	EXP 	slider_training: markerPos = None
13.1222 	EXP 	textbox_3: autoDraw = True
13.1222 	EXP 	slider_training: autoDraw = True
13.1222 	EXP 	textbox_3: autoDraw = False
13.1222 	EXP 	slider_training: autoDraw = False
13.1222 	EXP 	feedback_practice_1: autoDraw = True
13.3509 	EXP 	Device response: <KeyPress from None: t=13.339844333000656, value=4, duration=None>
13.3541 	DATA 	Keypress: 4
13.6041 	EXP 	Device response: <KeyPress from None: t=13.59383600000001, value=7, duration=None>
13.6064 	DATA 	Keypress: 7
13.6301 	EXP 	Device response: <KeyPress from None: t=13.339844333000656, value=4, duration=0.28700199999912>
13.7240 	EXP 	Device response: <KeyPress from None: t=13.59383600000001, value=7, duration=0.12799987499965937>
14.1216 	EXP 	feedback_practice_1: autoDraw = False
14.1216 	EXP 	text_4: autoDraw = True
15.1124 	EXP 	New trial (rep=0, index=1): <Trial 1 (1 in rep 0) data={'train_diff': 'easy2', 'train_time': np.int64(5), 'thisN': 1, 'thisTrialN': 1, 'thisRepN': 0}>
15.1199 	EXP 	New trial (rep=0, index=0): <Trial 0 (0 in rep 0) data={'thisN': 0, 'thisTrialN': 0, 'thisRepN': 0}>
15.1235 	EXP 	text_4: autoDraw = False
15.1235 	EXP 	fix: autoDraw = True
15.6378 	INFO 	Keyboard events cleared
15.6377 	EXP 	fix: autoDraw = False
15.6377 	EXP 	slider_training: markerPos = None
15.6377 	EXP 	slider_training: markerPos = None
15.6377 	EXP 	textbox_3: autoDraw = True
15.6377 	EXP 	slider_training: autoDraw = True
16.4833 	EXP 	Device response: <KeyPress from None: t=16.48185891600042, value=4, duration=None>
16.4852 	DATA 	Keypress: 4
16.4956 	EXP 	textbox_3: autoDraw = False
16.4956 	EXP 	slider_training: autoDraw = False
16.4956 	EXP 	feedback_practice_1: autoDraw = True
16.5773 	EXP 	Device response: <KeyPress from None: t=16.563812915999733, value=5, duration=None>
16.5787 	DATA 	Keypress: 5
16.6309 	EXP 	Device response: <KeyPress from None: t=16.48185891600042, value=4, duration=0.13696912500017788>
16.7259 	EXP 	Device response: <KeyPress from None: t=16.563812915999733, value=5, duration=0.15003858400086756>
17.4850 	EXP 	New trial (rep=1, index=0): <Trial 1 (0 in rep 1) data={'thisN': 1, 'thisTrialN': 0, 'thisRepN': 1}>
17.4969 	EXP 	feedback_practice_1: autoDraw = False
17.4969 	EXP 	fix: autoDraw = True
18.0149 	INFO 	Keyboard events cleared
18.0148 	EXP 	fix: autoDraw = False
18.0148 	EXP 	slider_training: markerPos = None
18.0148 	EXP 	slider_training: markerPos = None
18.0148 	EXP 	textbox_3: autoDraw = True
18.0148 	EXP 	slider_training: autoDraw = True
18.4238 	DATA 	Keypress: 4
18.4243 	DATA 	Keypress: 5
18.4307 	EXP 	Device response: <KeyPress from None: t=18.418806290999783, value=5, duration=None>
18.4308 	EXP 	Device response: <KeyPress from None: t=18.418806290999783, value=4, duration=None>
18.4426 	EXP 	textbox_3: autoDraw = False
18.4426 	EXP 	slider_training: autoDraw = False
18.4426 	EXP 	feedback_practice_1: autoDraw = True
18.5245 	EXP 	Device response: <KeyPress from None: t=18.516843416000484, value=7, duration=None>
18.5246 	EXP 	Device response: <KeyPress from None: t=18.516843416000484, value=6, duration=None>
18.5261 	DATA 	Keypress: 6
18.5267 	DATA 	Keypress: 7
18.5378 	EXP 	Device response: <KeyPress from None: t=18.418806290999783, value=5, duration=0.11602333399969211>
18.5379 	EXP 	Device response: <KeyPress from None: t=18.418806290999783, value=4, duration=0.11602333399969211>
18.6320 	EXP 	Device response: <KeyPress from None: t=18.516843416000484, value=7, duration=0.1139906249991327>
18.6589 	EXP 	Device response: <KeyPress from None: t=18.516843416000484, value=6, duration=0.12799066699881223>
19.4315 	EXP 	New trial (rep=2, index=0): <Trial 2 (0 in rep 2) data={'thisN': 2, 'thisTrialN': 0, 'thisRepN': 2}>
19.4435 	EXP 	feedback_practice_1: autoDraw = False
19.4435 	EXP 	fix: autoDraw = True
19.9382 	DEBUG 	TextBox2 loaded 1 chars with 0 blanks and 1 valid
19.9384 	DEBUG 	Uploading Texture Font fontname to graphics card
19.9399 	DEBUG 	Upload of Texture Font fontname complete
19.9481 	INFO 	Keyboard events cleared
19.9481 	EXP 	fix: autoDraw = False
19.9481 	EXP 	slider_training: markerPos = None
19.9481 	EXP 	slider_training: markerPos = None
19.9481 	EXP 	textbox_3: autoDraw = True
19.9481 	EXP 	slider_training: autoDraw = True
20.0043 	EXP 	Device response: <KeyPress from None: t=20.002786458000628, value=4, duration=None>
20.0062 	DATA 	Keypress: 4
20.0168 	EXP 	textbox_3: autoDraw = False
20.0168 	EXP 	slider_training: autoDraw = False
20.0168 	EXP 	feedback_practice_1: autoDraw = True
20.1117 	EXP 	Device response: <KeyPress from None: t=20.10483183299948, value=6, duration=None>
20.1132 	DATA 	Keypress: 6
20.1781 	EXP 	Device response: <KeyPress from None: t=20.002786458000628, value=4, duration=0.16501433299890778>
20.2451 	EXP 	Device response: <KeyPress from None: t=20.10483183299948, value=6, duration=0.13599441699989256>
21.0043 	EXP 	New trial (rep=3, index=0): <Trial 3 (0 in rep 3) data={'thisN': 3, 'thisTrialN': 0, 'thisRepN': 3}>
21.0168 	EXP 	feedback_practice_1: autoDraw = False
21.0168 	EXP 	feedback_practice_1: autoDraw = False
21.0168 	EXP 	fix: autoDraw = True
21.5244 	INFO 	Keyboard events cleared
21.5244 	EXP 	fix: autoDraw = False
21.5244 	EXP 	slider_training: markerPos = None
21.5244 	EXP 	slider_training: markerPos = None
21.5244 	EXP 	textbox_3: autoDraw = True
21.5244 	EXP 	slider_training: autoDraw = True
21.5244 	EXP 	textbox_3: autoDraw = False
21.5244 	EXP 	slider_training: autoDraw = False
21.5244 	EXP 	feedback_practice_1: autoDraw = True
21.9124 	EXP 	Device response: <KeyPress from None: t=21.89880783300032, value=3, duration=None>
21.9141 	DATA 	Keypress: 3
21.9930 	EXP 	Device response: <KeyPress from None: t=21.98079320800025, value=4, duration=None>
21.9951 	DATA 	Keypress: 4
21.9960 	DATA 	Keypress: 5
22.0065 	EXP 	Device response: <KeyPress from None: t=21.992808708000666, value=5, duration=None>
22.0871 	EXP 	Device response: <KeyPress from None: t=21.89880783300032, value=3, duration=0.18102091699984157>
22.1271 	EXP 	Device response: <KeyPress from None: t=21.992808708000666, value=5, duration=0.12306612499924086>
22.1272 	EXP 	Device response: <KeyPress from None: t=21.98079320800025, value=4, duration=0.13508162499965692>
22.5241 	EXP 	feedback_practice_1: autoDraw = False
22.5241 	EXP 	feedback_practice_1: autoDraw = False
22.5241 	EXP 	text_4: autoDraw = True
23.5119 	EXP 	New trial (rep=0, index=2): <Trial 2 (2 in rep 0) data={'train_diff': 'med1', 'train_time': np.int64(5), 'thisN': 2, 'thisTrialN': 2, 'thisRepN': 0}>
23.5138 	EXP 	New trial (rep=0, index=0): <Trial 0 (0 in rep 0) data={'thisN': 0, 'thisTrialN': 0, 'thisRepN': 0}>
23.5245 	EXP 	text_4: autoDraw = False
23.5245 	EXP 	text_4: autoDraw = False
23.5245 	EXP 	fix: autoDraw = True
23.9936 	EXP 	Device response: <KeyPress from None: t=23.992808375000095, value=4, duration=None>
24.0078 	DATA 	Keypress: 4
24.0322 	INFO 	Keyboard events cleared
24.0322 	EXP 	fix: autoDraw = False
24.0322 	EXP 	slider_training: markerPos = None
24.0322 	EXP 	slider_training: markerPos = None
24.0322 	EXP 	textbox_3: autoDraw = True
24.0322 	EXP 	slider_training: autoDraw = True
24.0542 	DATA 	Keypress: 6
24.0584 	EXP 	Device response: <KeyPress from None: t=24.051776041000267, value=6, duration=None>
24.0717 	EXP 	textbox_3: autoDraw = False
24.0717 	EXP 	slider_training: autoDraw = False
24.0717 	EXP 	feedback_practice_1: autoDraw = True
24.1401 	EXP 	Device response: <KeyPress from None: t=23.992808375000095, value=4, duration=0.13700116600011825>
24.2207 	EXP 	Device response: <KeyPress from None: t=24.051776041000267, value=6, duration=0.16804616700028419>
25.0591 	EXP 	New trial (rep=1, index=0): <Trial 1 (0 in rep 1) data={'thisN': 1, 'thisTrialN': 0, 'thisRepN': 1}>
25.0716 	EXP 	feedback_practice_1: autoDraw = False
25.0716 	EXP 	fix: autoDraw = True
25.5785 	INFO 	Keyboard events cleared
25.5785 	EXP 	fix: autoDraw = False
25.5785 	EXP 	slider_training: markerPos = None
25.5785 	EXP 	slider_training: markerPos = None
25.5785 	EXP 	textbox_3: autoDraw = True
25.5785 	EXP 	slider_training: autoDraw = True
25.7397 	EXP 	Device response: <KeyPress from None: t=25.738783415999933, value=5, duration=None>
25.7417 	DATA 	Keypress: 5
25.7518 	EXP 	textbox_3: autoDraw = False
25.7518 	EXP 	slider_training: autoDraw = False
25.7518 	EXP 	feedback_practice_1: autoDraw = True
25.7664 	EXP 	Device response: <KeyPress from None: t=25.760807208000188, value=6, duration=None>
25.7676 	DATA 	Keypress: 6
25.8331 	EXP 	Device response: <KeyPress from None: t=25.738783415999933, value=5, duration=0.08298391700009233>
25.9271 	EXP 	Device response: <KeyPress from None: t=25.760807208000188, value=6, duration=0.15502070799993817>
26.7398 	EXP 	New trial (rep=2, index=0): <Trial 2 (0 in rep 2) data={'thisN': 2, 'thisTrialN': 0, 'thisRepN': 2}>
26.7522 	EXP 	feedback_practice_1: autoDraw = False
26.7522 	EXP 	feedback_practice_1: autoDraw = False
26.7522 	EXP 	fix: autoDraw = True
27.2592 	INFO 	Keyboard events cleared
27.2591 	EXP 	fix: autoDraw = False
27.2591 	EXP 	slider_training: markerPos = None
27.2591 	EXP 	slider_training: markerPos = None
27.2591 	EXP 	textbox_3: autoDraw = True
27.2591 	EXP 	slider_training: autoDraw = True
27.3803 	EXP 	Device response: <KeyPress from None: t=27.375773499999923, value=4, duration=None>
27.3823 	DATA 	Keypress: 4
27.3924 	EXP 	textbox_3: autoDraw = False
27.3924 	EXP 	slider_training: autoDraw = False
27.3924 	EXP 	feedback_practice_1: autoDraw = True
27.5003 	EXP 	Device response: <KeyPress from None: t=27.491781082999296, value=6, duration=None>
27.5004 	EXP 	Device response: <KeyPress from None: t=27.491781082999296, value=5, duration=None>
27.5016 	DATA 	Keypress: 5
27.5021 	DATA 	Keypress: 6
27.5937 	EXP 	Device response: <KeyPress from None: t=27.375773499999923, value=4, duration=0.2130200829997193>
27.6470 	EXP 	Device response: <KeyPress from None: t=27.491781082999296, value=5, duration=0.15002766700126813>
27.6740 	EXP 	Device response: <KeyPress from None: t=27.491781082999296, value=6, duration=0.17802583299999242>
28.3804 	EXP 	New trial (rep=3, index=0): <Trial 3 (0 in rep 3) data={'thisN': 3, 'thisTrialN': 0, 'thisRepN': 3}>
28.3928 	EXP 	feedback_practice_1: autoDraw = False
28.3928 	EXP 	feedback_practice_1: autoDraw = False
28.3928 	EXP 	fix: autoDraw = True
28.8997 	INFO 	Keyboard events cleared
28.8997 	EXP 	fix: autoDraw = False
28.8997 	EXP 	slider_training: markerPos = None
28.8997 	EXP 	slider_training: markerPos = None
28.8997 	EXP 	textbox_3: autoDraw = True
28.8997 	EXP 	slider_training: autoDraw = True
29.0331 	EXP 	textbox_3: autoDraw = False
29.0331 	EXP 	slider_training: autoDraw = False
29.0331 	EXP 	feedback_practice_1: autoDraw = True
29.2210 	EXP 	Device response: <KeyPress from None: t=29.211779875000502, value=4, duration=None>
29.2210 	EXP 	Device response: <KeyPress from None: t=29.215784624999287, value=5, duration=None>
29.2222 	DATA 	Keypress: 4
29.2228 	DATA 	Keypress: 5
29.3010 	EXP 	Device response: <KeyPress from None: t=29.211779875000502, value=4, duration=0.0799964159996307>
29.3547 	EXP 	Device response: <KeyPress from None: t=29.215784624999287, value=5, duration=0.13402908300122363>
30.0334 	EXP 	feedback_practice_1: autoDraw = False
30.0334 	EXP 	text_4: autoDraw = True
30.9149 	EXP 	Device response: <KeyPress from None: t=30.905781875000685, value=4, duration=None>
30.9157 	DATA 	Keypress: 4
30.9816 	EXP 	Device response: <KeyPress from None: t=30.969766041000184, value=6, duration=None>
30.9817 	EXP 	Device response: <KeyPress from None: t=30.969766041000184, value=5, duration=None>
30.9825 	DATA 	Keypress: 5
30.9829 	DATA 	Keypress: 6
31.0213 	EXP 	New trial (rep=0, index=3): <Trial 3 (3 in rep 0) data={'train_diff': 'med2', 'train_time': np.int64(5), 'thisN': 3, 'thisTrialN': 3, 'thisRepN': 0}>
31.0234 	EXP 	New trial (rep=0, index=0): <Trial 0 (0 in rep 0) data={'thisN': 0, 'thisTrialN': 0, 'thisRepN': 0}>
31.0338 	EXP 	text_4: autoDraw = False
31.0338 	EXP 	fix: autoDraw = True
31.0482 	EXP 	Device response: <KeyPress from None: t=30.905781875000685, value=4, duration=0.13798766599938972>
31.0883 	EXP 	Device response: <KeyPress from None: t=30.969766041000184, value=6, duration=0.11303224999937811>
31.0884 	EXP 	Device response: <KeyPress from None: t=30.969766041000184, value=5, duration=0.11303224999937811>
31.5408 	INFO 	Keyboard events cleared
31.5408 	EXP 	fix: autoDraw = False
31.5408 	EXP 	slider_training: markerPos = None
31.5408 	EXP 	slider_training: markerPos = None
31.5408 	EXP 	textbox_3: autoDraw = True
31.5408 	EXP 	slider_training: autoDraw = True
32.0887 	EXP 	Device response: <KeyPress from None: t=32.086774332999994, value=5, duration=None>
32.0908 	DATA 	Keypress: 5
32.1009 	EXP 	textbox_3: autoDraw = False
32.1009 	EXP 	slider_training: autoDraw = False
32.1009 	EXP 	feedback_practice_1: autoDraw = True
32.1020 	EXP 	Device response: <KeyPress from None: t=32.09975495800063, value=6, duration=None>
32.1034 	DATA 	Keypress: 6
32.1153 	EXP 	Device response: <KeyPress from None: t=32.11276033300055, value=4, duration=None>
32.1165 	DATA 	Keypress: 4
32.1690 	EXP 	Device response: <KeyPress from None: t=32.11276033300055, value=4, duration=0.05302299999857496>
32.1956 	EXP 	Device response: <KeyPress from None: t=32.086774332999994, value=5, duration=0.09600275000047986>
32.2892 	EXP 	Device response: <KeyPress from None: t=32.09975495800063, value=6, duration=0.17704891699941072>
33.0888 	EXP 	New trial (rep=1, index=0): <Trial 1 (0 in rep 1) data={'thisN': 1, 'thisTrialN': 0, 'thisRepN': 1}>
33.1012 	EXP 	feedback_practice_1: autoDraw = False
33.1012 	EXP 	feedback_practice_1: autoDraw = False
33.1012 	EXP 	fix: autoDraw = True
33.5840 	EXP 	Device response: <KeyPress from None: t=33.57780787499905, value=4, duration=None>
33.5856 	DATA 	Keypress: 4
33.6118 	INFO 	Keyboard events cleared
33.6118 	EXP 	fix: autoDraw = False
33.6118 	EXP 	slider_training: markerPos = None
33.6118 	EXP 	slider_training: markerPos = None
33.6118 	EXP 	textbox_3: autoDraw = True
33.6118 	EXP 	slider_training: autoDraw = True
33.6961 	DATA 	Keypress: 6
33.7029 	EXP 	Device response: <KeyPress from None: t=33.69177225000021, value=6, duration=None>
33.7152 	EXP 	textbox_3: autoDraw = False
33.7152 	EXP 	slider_training: autoDraw = False
33.7152 	EXP 	feedback_practice_1: autoDraw = True
33.7163 	EXP 	Device response: <KeyPress from None: t=33.70378020799944, value=5, duration=None>
33.7174 	DATA 	Keypress: 5
33.7431 	EXP 	Device response: <KeyPress from None: t=33.74079524999979, value=8, duration=None>
33.7444 	DATA 	Keypress: 8
33.7699 	EXP 	Device response: <KeyPress from None: t=33.57780787499905, value=4, duration=0.18000387500069337>
33.7832 	EXP 	Device response: <KeyPress from None: t=33.70378020799944, value=5, duration=0.07301745800032222>
33.8103 	EXP 	Device response: <KeyPress from None: t=33.69177225000021, value=6, duration=0.10607933299979777>
33.9179 	EXP 	Device response: <KeyPress from None: t=33.74079524999979, value=8, duration=0.1739951250001468>
34.7028 	EXP 	New trial (rep=2, index=0): <Trial 2 (0 in rep 2) data={'thisN': 2, 'thisTrialN': 0, 'thisRepN': 2}>
34.7151 	EXP 	feedback_practice_1: autoDraw = False
34.7151 	EXP 	feedback_practice_1: autoDraw = False
34.7151 	EXP 	fix: autoDraw = True
34.8097 	EXP 	Device response: <KeyPress from None: t=34.79677141600041, value=5, duration=None>
34.8105 	DATA 	Keypress: 5
34.8764 	EXP 	Device response: <KeyPress from None: t=34.86877116600044, value=6, duration=None>
34.8764 	EXP 	Device response: <KeyPress from None: t=34.87175004100027, value=7, duration=None>
34.8773 	DATA 	Keypress: 6
34.8779 	DATA 	Keypress: 7
34.9964 	EXP 	Device response: <KeyPress from None: t=34.98476104099973, value=8, duration=None>
34.9964 	EXP 	Device response: <KeyPress from None: t=34.79677141600041, value=5, duration=0.18798962499931804>
34.9973 	DATA 	Keypress: 8
35.0098 	EXP 	Device response: <KeyPress from None: t=34.87175004100027, value=7, duration=0.13503887499973644>
35.0364 	EXP 	Device response: <KeyPress from None: t=34.86877116600044, value=6, duration=0.15599541699884867>
35.1164 	EXP 	Device response: <KeyPress from None: t=34.98476104099973, value=8, duration=0.11901412500083097>
35.2208 	INFO 	Keyboard events cleared
35.2208 	EXP 	fix: autoDraw = False
35.2208 	EXP 	slider_training: markerPos = None
35.2208 	EXP 	slider_training: markerPos = None
35.2208 	EXP 	textbox_3: autoDraw = True
35.2208 	EXP 	slider_training: autoDraw = True
35.8901 	EXP 	Device response: <KeyPress from None: t=35.88377358300022, value=5, duration=None>
35.8920 	DATA 	Keypress: 5
35.9023 	EXP 	textbox_3: autoDraw = False
35.9023 	EXP 	slider_training: autoDraw = False
35.9023 	EXP 	feedback_practice_1: autoDraw = True
35.9434 	EXP 	Device response: <KeyPress from None: t=35.931742082999335, value=6, duration=None>
35.9446 	DATA 	Keypress: 6
35.9567 	EXP 	Device response: <KeyPress from None: t=35.94675458299935, value=7, duration=None>
35.9578 	DATA 	Keypress: 7
36.0234 	EXP 	Device response: <KeyPress from None: t=36.02175183299914, value=8, duration=None>
36.0247 	DATA 	Keypress: 8
36.0504 	EXP 	Device response: <KeyPress from None: t=35.94675458299935, value=7, duration=0.09603900000001886>
36.0633 	EXP 	Device response: <KeyPress from None: t=35.88377358300022, value=5, duration=0.1730228750002425>
36.0767 	EXP 	Device response: <KeyPress from None: t=35.931742082999335, value=6, duration=0.13999962500020047>
36.1701 	EXP 	Device response: <KeyPress from None: t=36.02175183299914, value=8, duration=0.14504870800010394>
36.8902 	EXP 	New trial (rep=3, index=0): <Trial 3 (0 in rep 3) data={'thisN': 3, 'thisTrialN': 0, 'thisRepN': 3}>
36.9026 	EXP 	feedback_practice_1: autoDraw = False
36.9026 	EXP 	feedback_practice_1: autoDraw = False
36.9026 	EXP 	fix: autoDraw = True
37.4095 	INFO 	Keyboard events cleared
37.4094 	EXP 	fix: autoDraw = False
37.4094 	EXP 	slider_training: markerPos = None
37.4094 	EXP 	slider_training: markerPos = None
37.4094 	EXP 	textbox_3: autoDraw = True
37.4094 	EXP 	slider_training: autoDraw = True
37.4094 	EXP 	textbox_3: autoDraw = False
37.4094 	EXP 	slider_training: autoDraw = False
37.4094 	EXP 	feedback_practice_1: autoDraw = True
37.6373 	EXP 	Device response: <KeyPress from None: t=37.63180350000039, value=6, duration=None>
37.6386 	DATA 	Keypress: 6
37.7841 	EXP 	Device response: <KeyPress from None: t=37.63180350000039, value=6, duration=0.1509870409990981>
38.1442 	EXP 	Device response: <KeyPress from None: t=38.13879404100044, value=5, duration=None>
38.1443 	EXP 	Device response: <KeyPress from None: t=38.14175012499982, value=4, duration=None>
38.1456 	DATA 	Keypress: 5
38.1460 	DATA 	Keypress: 4
38.1576 	EXP 	Device response: <KeyPress from None: t=38.156748040999446, value=6, duration=None>
38.1589 	DATA 	Keypress: 6
38.2642 	EXP 	Device response: <KeyPress from None: t=38.251767333000316, value=8, duration=None>
38.2643 	EXP 	Device response: <KeyPress from None: t=38.14175012499982, value=4, duration=0.11001720800049952>
38.2656 	DATA 	Keypress: 8
38.2776 	EXP 	Device response: <KeyPress from None: t=38.156748040999446, value=6, duration=0.1080149170011282>
38.2777 	EXP 	Device response: <KeyPress from None: t=38.13879404100044, value=5, duration=0.12596891700013657>
38.3046 	EXP 	Device response: <KeyPress from None: t=38.251767333000316, value=8, duration=0.047031000000060885>
38.4098 	EXP 	feedback_practice_1: autoDraw = False
38.4098 	EXP 	feedback_practice_1: autoDraw = False
38.4098 	EXP 	text_4: autoDraw = True
39.3977 	EXP 	New trial (rep=0, index=4): <Trial 4 (4 in rep 0) data={'train_diff': 'easy1', 'train_time': np.int64(5), 'thisN': 4, 'thisTrialN': 4, 'thisRepN': 0}>
39.3996 	EXP 	New trial (rep=0, index=0): <Trial 0 (0 in rep 0) data={'thisN': 0, 'thisTrialN': 0, 'thisRepN': 0}>
39.4102 	EXP 	text_4: autoDraw = False
39.4102 	EXP 	text_4: autoDraw = False
39.4102 	EXP 	fix: autoDraw = True
39.4780 	EXP 	Device response: <KeyPress from None: t=39.46976058300061, value=5, duration=None>
39.4788 	DATA 	Keypress: 5
39.5181 	EXP 	Device response: <KeyPress from None: t=39.50475308299974, value=6, duration=None>
39.5189 	DATA 	Keypress: 6
39.6255 	EXP 	Device response: <KeyPress from None: t=39.62387479099925, value=8, duration=None>
39.6256 	EXP 	Device response: <KeyPress from None: t=39.62387479099925, value=7, duration=None>
39.6265 	DATA 	Keypress: 7
39.6272 	DATA 	Keypress: 8
39.6928 	EXP 	Device response: <KeyPress from None: t=39.50475308299974, value=6, duration=0.1750387079991924>
39.6929 	EXP 	Device response: <KeyPress from None: t=39.46976058300061, value=5, duration=0.21003120799832686>
39.7451 	EXP 	Device response: <KeyPress from None: t=39.62387479099925, value=8, duration=0.11687887500011129>
39.7452 	EXP 	Device response: <KeyPress from None: t=39.62387479099925, value=7, duration=0.11687887500011129>
39.9171 	INFO 	Keyboard events cleared
39.9170 	EXP 	fix: autoDraw = False
39.9170 	EXP 	slider_training: markerPos = None
39.9170 	EXP 	slider_training: markerPos = None
39.9170 	EXP 	textbox_3: autoDraw = True
39.9170 	EXP 	slider_training: autoDraw = True
41.1734 	DATA 	Keypress: escape
41.1760 	EXP 	Device response: <KeyPress from None: t=41.160755165999944, value=escape, duration=None>
41.2920 	EXP 	Device response: <KeyPress from None: t=41.160755165999944, value=escape, duration=0.12198845899911248>
41.2920 	EXP 	misty_module: status = STOPPED
41.3043 	EXP 	textbox_3: autoDraw = False
41.3043 	EXP 	slider_training: autoDraw = False
41.3051 	EXP 	misty_module: status = STOPPED
41.3091 	INFO 	saved data to '/Users/hackerman/misty_py/data/pilot_misty_module_2026-01-31_19h44.50.395.csv'
41.3101 	INFO 	saved data to /Users/hackerman/misty_py/data/pilot_misty_module_2026-01-31_19h44.50.395.psydat
41.3945 	DEBUG 	Saving data for misty_module ExperimentHandler
41.3951 	WARNING 	Stopping key buffers but this could be dangerous ifother keyboards rely on the same.
