8.5464 	WARNING 	Font Manager failed to load file /System/Library/PrivateFrameworks/FontServices.framework/Resources/Reserved/PingFangUI.ttc
8.5889 	WARNING 	Font Manager failed to load file /System/Library/PrivateFrameworks/FontServices.framework/Resources/Reserved/PingFangUI.ttc
10.0975 	DEBUG 	Fullscreen settings ignored as running in pilot mode.
10.0980 	INFO 	Loaded monitor calibration from ['2026_01_27 16:28']
10.1886 	INFO 	Using renderer 'Apple M4' for graphics
10.1886 	INFO 	OpenGL version supported by driver is 2..
10.2080 	EXP 	Created window1 = Window(allowGUI=False, allowStencil=True, autoLog=True, backendConf=UNKNOWN, backgroundFit=<method-wrapper '__getattribute__' of attributeSetter object at 0x175a26830>, backgroundImage=<method-wrapper '__getattribute__' of attributeSetter object at 0x175a269e0>, bitsMode=UNKNOWN, blendMode='avg', bpc=(8, 8, 8), color=array([0, 0, 0]), colorSpace='rgb', depthBits=8, fullscr=False, gamma=None, gammaErrorPolicy='raise', infoMsg=UNKNOWN, lms=UNKNOWN, monitor=<psychopy.monitors.calibTools.Monitor object at 0x175a576a0>, multiSample=False, name='window1', numSamples=2, pos=[np.float64(560.0), np.float64(240.0)], screen=0, size=array([800, 600]), stencilBits=8, stereo=False, title='PsychoPy', units='height', useFBO=True, useRetina=False, viewOri=0.0, viewPos=None, viewScale=None, waitBlanking=True, winType='pyglet')
10.2080 	EXP 	window1: backgroundImage = ''
10.2080 	EXP 	window1: backgroundFit = 'none'
10.2215 	DEBUG 	TextBox2 loaded 1 chars with 0 blanks and 1 valid
10.2292 	DEBUG 	TextBox2 loaded 1 chars with 0 blanks and 1 valid
10.2368 	DEBUG 	TextBox2 loaded 1 chars with 0 blanks and 1 valid
10.2446 	DEBUG 	TextBox2 loaded 1 chars with 0 blanks and 1 valid
10.2524 	DEBUG 	TextBox2 loaded 1 chars with 0 blanks and 1 valid
10.2598 	DEBUG 	TextBox2 loaded 1 chars with 0 blanks and 1 valid
10.2675 	DEBUG 	TextBox2 loaded 1 chars with 0 blanks and 1 valid
10.2753 	DEBUG 	TextBox2 loaded 1 chars with 0 blanks and 1 valid
10.2828 	DEBUG 	TextBox2 loaded 1 chars with 0 blanks and 1 valid
10.2902 	DEBUG 	TextBox2 loaded 1 chars with 0 blanks and 1 valid
10.2979 	DEBUG 	TextBox2 loaded 1 chars with 0 blanks and 1 valid
10.3056 	DEBUG 	TextBox2 loaded 1 chars with 0 blanks and 1 valid
10.3132 	DEBUG 	TextBox2 loaded 1 chars with 0 blanks and 1 valid
10.3209 	DEBUG 	TextBox2 loaded 1 chars with 0 blanks and 1 valid
10.3285 	DEBUG 	TextBox2 loaded 1 chars with 0 blanks and 1 valid
10.3362 	DEBUG 	TextBox2 loaded 1 chars with 0 blanks and 1 valid
10.3439 	DEBUG 	TextBox2 loaded 1 chars with 0 blanks and 1 valid
10.3514 	DEBUG 	TextBox2 loaded 1 chars with 0 blanks and 1 valid
10.3589 	DEBUG 	TextBox2 loaded 1 chars with 0 blanks and 1 valid
10.3667 	DEBUG 	TextBox2 loaded 1 chars with 0 blanks and 1 valid
10.3742 	DEBUG 	TextBox2 loaded 1 chars with 0 blanks and 1 valid
10.3744 	DEBUG 	Uploading Texture Font fontname to graphics card
10.3770 	DEBUG 	Upload of Texture Font fontname complete
10.3876 	DEBUG 	TextBox2 loaded 1 chars with 0 blanks and 1 valid
10.3954 	DEBUG 	TextBox2 loaded 1 chars with 0 blanks and 1 valid
10.4032 	DEBUG 	TextBox2 loaded 1 chars with 0 blanks and 1 valid
10.4033 	DEBUG 	Uploading Texture Font fontname to graphics card
10.4047 	DEBUG 	Upload of Texture Font fontname complete
10.4056 	EXP 	window1: Attempting to measure frame rate of screen (0) ...
10.4056 	EXP 	window1: recordFrameIntervals = False
10.5485 	EXP 	window1: recordFrameIntervals = True
10.6958 	EXP 	Screen (0) actual frame rate measured at 74.83Hz
10.6958 	EXP 	window1: recordFrameIntervals = False
10.7180 	DEBUG 	TextBox2 loaded 1 chars with 0 blanks and 1 valid
10.7301 	DEBUG 	TextBox2 loaded 1 chars with 0 blanks and 1 valid
10.7405 	DEBUG 	TextBox2 loaded 1 chars with 0 blanks and 1 valid
10.7502 	DEBUG 	TextBox2 loaded 1 chars with 0 blanks and 1 valid
10.7592 	DEBUG 	TextBox2 loaded 1 chars with 0 blanks and 1 valid
10.7678 	DEBUG 	TextBox2 loaded 1 chars with 0 blanks and 1 valid
10.7757 	DEBUG 	TextBox2 loaded 1 chars with 0 blanks and 1 valid
10.7836 	DEBUG 	TextBox2 loaded 1 chars with 0 blanks and 1 valid
10.7912 	DEBUG 	TextBox2 loaded 1 chars with 0 blanks and 1 valid
10.7989 	DEBUG 	TextBox2 loaded 1 chars with 0 blanks and 1 valid
10.7990 	DEBUG 	Uploading Texture Font fontname to graphics card
10.8005 	DEBUG 	Upload of Texture Font fontname complete
11.7424 	INFO 	keyboard.Keyboard is using ptb backend.
11.7424 	EXP 	misty_module: status = STARTED
11.7740 	EXP 	Created text = TextStim(__class__=<class 'psychopy.visual.text.TextStim'>, alignHoriz=method-wrapper(...), alignText='center', alignVert=method-wrapper(...), anchorHoriz='center', anchorVert='center', antialias=True, autoDraw=False, autoLog=True, bold=False, color=array([1., 1., 1.]), colorSpace='rgb', contrast=1.0, depth=0.0, draggable=False, flipHoriz=False, flipVert=False, font='Arial', fontFiles=[], height=np.float64(0.05), italic=False, languageStyle='LTR', name='text', opacity=1, ori=0.0, pos=array([0., 0.]), rgb=UNKNOWN, text=str(...), units='height', win=Window(...), wrapWidth=1)
11.7812 	EXP 	Created intstructs = TextStim(__class__=<class 'psychopy.visual.text.TextStim'>, alignHoriz=method-wrapper(...), alignText='center', alignVert=method-wrapper(...), anchorHoriz='center', anchorVert='center', antialias=True, autoDraw=False, autoLog=True, bold=False, color=array([1., 1., 1.]), colorSpace='rgb', contrast=1.0, depth=0.0, draggable=False, flipHoriz=False, flipVert=False, font='Arial', fontFiles=[], height=np.float64(0.05), italic=False, languageStyle='LTR', name='intstructs', opacity=1, ori=0.0, pos=array([0., 0.]), rgb=UNKNOWN, text=str(...), units='height', win=Window(...), wrapWidth=1)
11.7834 	EXP 	Created fix = TextStim(__class__=<class 'psychopy.visual.text.TextStim'>, alignHoriz=method-wrapper(...), alignText='center', alignVert=method-wrapper(...), anchorHoriz='center', anchorVert='center', antialias=True, autoDraw=False, autoLog=True, bold=False, color=array([1., 1., 1.]), colorSpace='rgb', contrast=1.0, depth=-1.0, draggable=False, flipHoriz=False, flipVert=False, font='Open Sans', fontFiles=[], height=np.float64(0.1), italic=False, languageStyle='LTR', name='fix', opacity=1, ori=0.0, pos=array([0., 0.]), rgb=UNKNOWN, text='+', units='height', win=Window(...), wrapWidth=1)
11.7899 	DEBUG 	TextBox2 loaded 1 chars with 0 blanks and 1 valid
11.7904 	DEBUG 	TextBox2 loaded 1 chars with 0 blanks and 1 valid
11.7910 	DEBUG 	TextBox2 loaded 1 chars with 0 blanks and 1 valid
11.7914 	DEBUG 	TextBox2 loaded 1 chars with 0 blanks and 1 valid
11.7916 	DEBUG 	TextBox2 loaded 1 chars with 0 blanks and 1 valid
11.7918 	DEBUG 	TextBox2 loaded 1 chars with 0 blanks and 1 valid
11.7923 	DEBUG 	TextBox2 loaded 1 chars with 0 blanks and 1 valid
11.7927 	DEBUG 	TextBox2 loaded 1 chars with 0 blanks and 1 valid
11.7929 	DEBUG 	TextBox2 loaded 1 chars with 0 blanks and 1 valid
11.7930 	DEBUG 	Uploading Texture Font fontname to graphics card
11.7952 	DEBUG 	Upload of Texture Font fontname complete
11.8158 	DEBUG 	TextBox2 loaded 1 chars with 0 blanks and 1 valid
11.8159 	DEBUG 	Uploading Texture Font fontname to graphics card
11.8179 	DEBUG 	Upload of Texture Font fontname complete
11.8278 	DEBUG 	TextBox2 loaded 1 chars with 0 blanks and 1 valid
11.8354 	DEBUG 	TextBox2 loaded 1 chars with 0 blanks and 1 valid
11.8429 	DEBUG 	TextBox2 loaded 1 chars with 0 blanks and 1 valid
11.8503 	DEBUG 	TextBox2 loaded 1 chars with 0 blanks and 1 valid
11.8577 	DEBUG 	TextBox2 loaded 1 chars with 0 blanks and 1 valid
11.8651 	DEBUG 	TextBox2 loaded 1 chars with 0 blanks and 1 valid
11.8726 	DEBUG 	TextBox2 loaded 1 chars with 0 blanks and 1 valid
11.8800 	DEBUG 	TextBox2 loaded 1 chars with 0 blanks and 1 valid
11.8874 	DEBUG 	TextBox2 loaded 1 chars with 0 blanks and 1 valid
11.8948 	DEBUG 	TextBox2 loaded 1 chars with 0 blanks and 1 valid
11.8949 	DEBUG 	Uploading Texture Font fontname to graphics card
11.8964 	DEBUG 	Upload of Texture Font fontname complete
11.9062 	DEBUG 	TextBox2 loaded 1 chars with 0 blanks and 1 valid
11.9063 	DEBUG 	Uploading Texture Font fontname to graphics card
11.9078 	DEBUG 	Upload of Texture Font fontname complete
11.9200 	DEBUG 	TextBox2 loaded 1 chars with 0 blanks and 1 valid
11.9201 	DEBUG 	Uploading Texture Font fontname to graphics card
11.9215 	DEBUG 	Upload of Texture Font fontname complete
11.9336 	DEBUG 	TextBox2 loaded 1 chars with 0 blanks and 1 valid
11.9337 	DEBUG 	Uploading Texture Font fontname to graphics card
11.9352 	DEBUG 	Upload of Texture Font fontname complete
11.9472 	DEBUG 	TextBox2 loaded 1 chars with 0 blanks and 1 valid
11.9473 	DEBUG 	Uploading Texture Font fontname to graphics card
11.9487 	DEBUG 	Upload of Texture Font fontname complete
11.9608 	DEBUG 	TextBox2 loaded 1 chars with 0 blanks and 1 valid
11.9609 	DEBUG 	Uploading Texture Font fontname to graphics card
11.9623 	DEBUG 	Upload of Texture Font fontname complete
11.9743 	DEBUG 	TextBox2 loaded 1 chars with 0 blanks and 1 valid
11.9744 	DEBUG 	Uploading Texture Font fontname to graphics card
11.9758 	DEBUG 	Upload of Texture Font fontname complete
11.9879 	DEBUG 	TextBox2 loaded 1 chars with 0 blanks and 1 valid
11.9880 	DEBUG 	Uploading Texture Font fontname to graphics card
11.9894 	DEBUG 	Upload of Texture Font fontname complete
12.0015 	DEBUG 	TextBox2 loaded 1 chars with 0 blanks and 1 valid
12.0015 	DEBUG 	Uploading Texture Font fontname to graphics card
12.0030 	DEBUG 	Upload of Texture Font fontname complete
12.0150 	DEBUG 	TextBox2 loaded 1 chars with 0 blanks and 1 valid
12.0151 	DEBUG 	Uploading Texture Font fontname to graphics card
12.0165 	DEBUG 	Upload of Texture Font fontname complete
12.0382 	EXP 	Created slider_3 = Slider(__class__=<class 'psychopy.visual.slider.Slider'>, autoDraw=False, autoLog=True, borderColor=None, color=None, colorSpace='rgb', depth=-2, fillColor=None, flip=False, font='Noto Sans', granularity=1, labelColor=None, labelHeight=np.float64(0.05), labelWrapWidth=None, labels=(0, 1, 2, 3, 4, 5, 6, 7, 8, 9), lineColor=None, markerColor=None, name='slider_3', opacity=None, ori=0.0, pos=array([ 0. , -0.4]), readOnly=False, self=UNKNOWN, size=array([1. , 0.1]), startValue=None, style='choice', styleTweaks=[], ticks=array([0, 1, 2, 3, 4, 5, 6, 7, 8, 9]), units='norm', win=Window(...))
12.0450 	EXP 	Created text_2 = TextStim(__class__=<class 'psychopy.visual.text.TextStim'>, alignHoriz=method-wrapper(...), alignText='center', alignVert=method-wrapper(...), anchorHoriz='center', anchorVert='center', antialias=True, autoDraw=False, autoLog=True, bold=False, color=array([1., 1., 1.]), colorSpace='rgb', contrast=1.0, depth=0.0, draggable=False, flipHoriz=False, flipVert=False, font='Arial', fontFiles=[], height=np.float64(0.05), italic=False, languageStyle='LTR', name='text_2', opacity=1, ori=0.0, pos=array([0., 0.]), rgb=UNKNOWN, text=str(...), units='height', win=Window(...), wrapWidth=1)
12.0458 	EXP 	Created fix = TextStim(__class__=<class 'psychopy.visual.text.TextStim'>, alignHoriz=method-wrapper(...), alignText='center', alignVert=method-wrapper(...), anchorHoriz='center', anchorVert='center', antialias=True, autoDraw=False, autoLog=True, bold=False, color=array([1., 1., 1.]), colorSpace='rgb', contrast=1.0, depth=-1.0, draggable=False, flipHoriz=False, flipVert=False, font='Open Sans', fontFiles=[], height=np.float64(0.1), italic=False, languageStyle='LTR', name='fix', opacity=1, ori=0.0, pos=array([0., 0.]), rgb=UNKNOWN, text='+', units='height', win=Window(...), wrapWidth=1)
12.0476 	EXP 	Created prog_3 = Progress(__class__=<class 'psychopy.visual.progress.Progress'>, anchor=('left', 'top'), autoDraw=False, autoLog=True, closeShape=True, color=method-wrapper(...), colorSpace='rgb', contrast=None, depth=-1, draggable=False, fillColor=array([-1.    ,  0.5373, -1.    ]), fillColorSpace='rgb', fillRGB=array([-1.    ,  0.5373, -1.    ]), interpolate=True, lineColor=array([1., 1., 1.]), lineColorSpace='rgb', lineRGB=array([1, 1, 1]), lineWidth=4.0, name='prog_3', opacity=1.0, ori=0.0, pos=array([-0.5,  0.5]), size=array([1. , 0.1]), units='norm', vertices=ndarray(...), win=Window(...), windingRule=None)
12.0483 	EXP 	Created prog_3Bar = ShapeStim(__class__=<class 'psychopy.visual.shape.ShapeStim'>, anchor=('left', 'top'), autoDraw=False, autoLog=True, closeShape=True, color=method-wrapper(...), colorSpace='rgb', contrast=None, depth=-1, draggable=False, fillColor=array([ 1., -1., -1.]), fillColorSpace='rgb', fillRGB=array([ 1., -1., -1.]), interpolate=True, lineColor=array([0., 0., 0.]), lineColorSpace='rgb', lineRGB=array([0, 0, 0]), lineWidth=1.5, name='prog_3Bar', opacity=1.0, ori=0.0, pos=array([-0.5,  0.5]), size=array([1. , 0.1]), units='norm', vertices=ndarray(...), win=Window(...), windingRule=None)
12.0489 	EXP 	Created greenbar_3 = Rect(__class__=<class 'psychopy.visual.rect.Rect'>, anchor=('left', 'center'), autoDraw=False, autoLog=True, closeShape=True, color=method-wrapper(...), colorSpace='rgb', contrast=None, depth=-2.0, draggable=False, fillColor=array([-1.    ,  0.0039, -1.    ]), fillColorSpace='rgb', fillRGB=array([-1.    ,  0.0039, -1.    ]), interpolate=True, lineColor=array([1., 1., 1.]), lineColorSpace='rgb', lineRGB=array([1, 1, 1]), lineWidth=1.0, name='greenbar_3', opacity=1, ori=0.0, pos=array([0.33333333, 0.7       ]), size=array([0.66666667, 0.1       ]), units='norm', vertices=ndarray(...), win=Window(...))
12.0494 	EXP 	Created yellowbar_3 = Rect(__class__=<class 'psychopy.visual.rect.Rect'>, anchor=('left', 'center'), autoDraw=False, autoLog=True, closeShape=True, color=method-wrapper(...), colorSpace='rgb', contrast=None, depth=-3.0, draggable=False, fillColor=array([ 1.,  1., -1.]), fillColorSpace='rgb', fillRGB=array([ 1.,  1., -1.]), interpolate=True, lineColor=array([1., 1., 1.]), lineColorSpace='rgb', lineRGB=array([1, 1, 1]), lineWidth=1.0, name='yellowbar_3', opacity=1, ori=0.0, pos=array([-0.33333333,  0.7       ]), size=array([0.66666667, 0.1       ]), units='norm', vertices=ndarray(...), win=Window(...))
12.0499 	EXP 	Created redbar_3 = Rect(__class__=<class 'psychopy.visual.rect.Rect'>, anchor=('left', 'center'), autoDraw=False, autoLog=True, closeShape=True, color=method-wrapper(...), colorSpace='rgb', contrast=None, depth=-4.0, draggable=False, fillColor=array([ 1., -1., -1.]), fillColorSpace='rgb', fillRGB=array([ 1., -1., -1.]), interpolate=True, lineColor=array([1., 1., 1.]), lineColorSpace='rgb', lineRGB=array([1, 1, 1]), lineWidth=1.0, name='redbar_3', opacity=1, ori=0.0, pos=array([-1. ,  0.7]), size=array([0.66666667, 0.1       ]), units='norm', vertices=ndarray(...), win=Window(...))
12.0506 	EXP 	Created arrow_3 = ShapeStim(__class__=<class 'psychopy.visual.shape.ShapeStim'>, anchor=('center', 'center'), autoDraw=False, autoLog=True, closeShape=True, color=method-wrapper(...), colorSpace='rgb', contrast=None, depth=-5.0, draggable=False, fillColor=array([1, 1, 1]), fillColorSpace='rgb', fillRGB=array([1, 1, 1]), interpolate=True, lineColor=array([1., 1., 1.]), lineColorSpace='rgb', lineRGB=array([1, 1, 1]), lineWidth=1.0, name='arrow_3', opacity=1, ori=0.0, pos=array([0., 0.]), size=array([0.05, 0.05]), units='norm', vertices=ndarray(...), win=Window(...), windingRule=None)
12.1206 	EXP 	Created slider_4 = Slider(__class__=<class 'psychopy.visual.slider.Slider'>, autoDraw=False, autoLog=True, borderColor=None, color=None, colorSpace='rgb', depth=-7, fillColor=None, flip=False, font='Noto Sans', granularity=1, labelColor=None, labelHeight=np.float64(0.05), labelWrapWidth=None, labels=(0, 1, 2, 3, 4, 5, 6, 7, 8, 9), lineColor=None, markerColor=None, name='slider_4', opacity=None, ori=0.0, pos=array([ 0. , -0.4]), readOnly=False, self=UNKNOWN, size=array([1. , 0.1]), startValue=None, style='choice', styleTweaks=[], ticks=array([0, 1, 2, 3, 4, 5, 6, 7, 8, 9]), units='norm', win=Window(...))
12.1261 	EXP 	Created text_3 = TextStim(__class__=<class 'psychopy.visual.text.TextStim'>, alignHoriz=method-wrapper(...), alignText='center', alignVert=method-wrapper(...), anchorHoriz='center', anchorVert='center', antialias=True, autoDraw=False, autoLog=True, bold=False, color=array([1., 1., 1.]), colorSpace='rgb', contrast=1.0, depth=0.0, draggable=False, flipHoriz=False, flipVert=False, font='Arial', fontFiles=[], height=np.float64(0.05), italic=False, languageStyle='LTR', name='text_3', opacity=1, ori=0.0, pos=array([0., 0.]), rgb=UNKNOWN, text='Training instructions here', units='height', win=Window(...), wrapWidth=1)
12.1268 	EXP 	Created fix = TextStim(__class__=<class 'psychopy.visual.text.TextStim'>, alignHoriz=method-wrapper(...), alignText='center', alignVert=method-wrapper(...), anchorHoriz='center', anchorVert='center', antialias=True, autoDraw=False, autoLog=True, bold=False, color=array([1., 1., 1.]), colorSpace='rgb', contrast=1.0, depth=-1.0, draggable=False, flipHoriz=False, flipVert=False, font='Open Sans', fontFiles=[], height=np.float64(0.1), italic=False, languageStyle='LTR', name='fix', opacity=1, ori=0.0, pos=array([0., 0.]), rgb=UNKNOWN, text='+', units='height', win=Window(...), wrapWidth=1)
12.1960 	EXP 	Created slider_training = Slider(__class__=<class 'psychopy.visual.slider.Slider'>, autoDraw=False, autoLog=True, borderColor=None, color=None, colorSpace='rgb', depth=-2, fillColor=None, flip=False, font='Noto Sans', granularity=1, labelColor=None, labelHeight=np.float64(0.05), labelWrapWidth=None, labels=(0, 1, 2, 3, 4, 5, 6, 7, 8, 9), lineColor=None, markerColor=None, name='slider_training', opacity=None, ori=0.0, pos=array([ 0. , -0.4]), readOnly=False, self=UNKNOWN, size=array([1. , 0.1]), startValue=None, style='choice', styleTweaks=[], ticks=array([0, 1, 2, 3, 4, 5, 6, 7, 8, 9]), units='norm', win=Window(...))
12.2010 	EXP 	Created fix = TextStim(__class__=<class 'psychopy.visual.text.TextStim'>, alignHoriz=method-wrapper(...), alignText='center', alignVert=method-wrapper(...), anchorHoriz='center', anchorVert='center', antialias=True, autoDraw=False, autoLog=True, bold=False, color=array([1., 1., 1.]), colorSpace='rgb', contrast=1.0, depth=-1.0, draggable=False, flipHoriz=False, flipVert=False, font='Open Sans', fontFiles=[], height=np.float64(0.1), italic=False, languageStyle='LTR', name='fix', opacity=1, ori=0.0, pos=array([0., 0.]), rgb=UNKNOWN, text='+', units='height', win=Window(...), wrapWidth=1)
12.2018 	EXP 	Created prog = Progress(__class__=<class 'psychopy.visual.progress.Progress'>, anchor=('left', 'top'), autoDraw=False, autoLog=True, closeShape=True, color=method-wrapper(...), colorSpace='rgb', contrast=None, depth=-1, draggable=False, fillColor=array([-1.    ,  0.5373, -1.    ]), fillColorSpace='rgb', fillRGB=array([-1.    ,  0.5373, -1.    ]), interpolate=True, lineColor=array([1., 1., 1.]), lineColorSpace='rgb', lineRGB=array([1, 1, 1]), lineWidth=4.0, name='prog', opacity=1.0, ori=0.0, pos=array([-0.5,  0.5]), size=array([1. , 0.1]), units='norm', vertices=ndarray(...), win=Window(...), windingRule=None)
12.2025 	EXP 	Created progBar = ShapeStim(__class__=<class 'psychopy.visual.shape.ShapeStim'>, anchor=('left', 'top'), autoDraw=False, autoLog=True, closeShape=True, color=method-wrapper(...), colorSpace='rgb', contrast=None, depth=-1, draggable=False, fillColor=array([ 1., -1., -1.]), fillColorSpace='rgb', fillRGB=array([ 1., -1., -1.]), interpolate=True, lineColor=array([0., 0., 0.]), lineColorSpace='rgb', lineRGB=array([0, 0, 0]), lineWidth=1.5, name='progBar', opacity=1.0, ori=0.0, pos=array([-0.5,  0.5]), size=array([1. , 0.1]), units='norm', vertices=ndarray(...), win=Window(...), windingRule=None)
12.2030 	EXP 	Created greenbar = Rect(__class__=<class 'psychopy.visual.rect.Rect'>, anchor=('left', 'center'), autoDraw=False, autoLog=True, closeShape=True, color=method-wrapper(...), colorSpace='rgb', contrast=None, depth=-2.0, draggable=False, fillColor=array([-1.    ,  0.0039, -1.    ]), fillColorSpace='rgb', fillRGB=array([-1.    ,  0.0039, -1.    ]), interpolate=True, lineColor=array([1., 1., 1.]), lineColorSpace='rgb', lineRGB=array([1, 1, 1]), lineWidth=1.0, name='greenbar', opacity=1, ori=0.0, pos=array([0.33333333, 0.7       ]), size=array([0.66666667, 0.1       ]), units='norm', vertices=ndarray(...), win=Window(...))
12.2035 	EXP 	Created yellowbar = Rect(__class__=<class 'psychopy.visual.rect.Rect'>, anchor=('left', 'center'), autoDraw=False, autoLog=True, closeShape=True, color=method-wrapper(...), colorSpace='rgb', contrast=None, depth=-3.0, draggable=False, fillColor=array([ 1.,  1., -1.]), fillColorSpace='rgb', fillRGB=array([ 1.,  1., -1.]), interpolate=True, lineColor=array([1., 1., 1.]), lineColorSpace='rgb', lineRGB=array([1, 1, 1]), lineWidth=1.0, name='yellowbar', opacity=1, ori=0.0, pos=array([-0.33333333,  0.7       ]), size=array([0.66666667, 0.1       ]), units='norm', vertices=ndarray(...), win=Window(...))
12.2040 	EXP 	Created redbar = Rect(__class__=<class 'psychopy.visual.rect.Rect'>, anchor=('left', 'center'), autoDraw=False, autoLog=True, closeShape=True, color=method-wrapper(...), colorSpace='rgb', contrast=None, depth=-4.0, draggable=False, fillColor=array([ 1., -1., -1.]), fillColorSpace='rgb', fillRGB=array([ 1., -1., -1.]), interpolate=True, lineColor=array([1., 1., 1.]), lineColorSpace='rgb', lineRGB=array([1, 1, 1]), lineWidth=1.0, name='redbar', opacity=1, ori=0.0, pos=array([-1. ,  0.7]), size=array([0.66666667, 0.1       ]), units='norm', vertices=ndarray(...), win=Window(...))
12.2049 	EXP 	Created arrow = ShapeStim(__class__=<class 'psychopy.visual.shape.ShapeStim'>, anchor=('center', 'center'), autoDraw=False, autoLog=True, closeShape=True, color=method-wrapper(...), colorSpace='rgb', contrast=None, depth=-5.0, draggable=False, fillColor=array([1, 1, 1]), fillColorSpace='rgb', fillRGB=array([1, 1, 1]), interpolate=True, lineColor=array([1., 1., 1.]), lineColorSpace='rgb', lineRGB=array([1, 1, 1]), lineWidth=1.0, name='arrow', opacity=1, ori=0.0, pos=array([0., 0.]), size=array([0.05, 0.05]), units='norm', vertices=ndarray(...), win=Window(...), windingRule=None)
12.2750 	EXP 	Created slider = Slider(__class__=<class 'psychopy.visual.slider.Slider'>, autoDraw=False, autoLog=True, borderColor=None, color=None, colorSpace='rgb', depth=-7, fillColor=None, flip=False, font='Noto Sans', granularity=1, labelColor=None, labelHeight=np.float64(0.05), labelWrapWidth=None, labels=(0, 1, 2, 3, 4, 5, 6, 7, 8, 9), lineColor=None, markerColor=None, name='slider', opacity=None, ori=0.0, pos=array([ 0. , -0.4]), readOnly=False, self=UNKNOWN, size=array([1. , 0.1]), startValue=None, style='choice', styleTweaks=[], ticks=array([0, 1, 2, 3, 4, 5, 6, 7, 8, 9]), units='norm', win=Window(...))
0.0030 	EXP 	textbox_4: autoLog = True
0.0030 	EXP 	slider_3: autoLog = True
0.0030 	EXP 	slider_3: styleTweaks = []
0.0030 	EXP 	slider_3: styleTweaks = []
0.0030 	EXP 	slider_3: styleTweaks = []
0.0030 	EXP 	slider_3: styleTweaks = []
0.0030 	EXP 	slider_3: contrast = 1.0
0.0030 	EXP 	slider_3: markerPos = None
0.0030 	EXP 	slider_3: autoLog = True
0.0030 	EXP 	textbox_2: autoLog = True
0.0030 	EXP 	prog_3: direction = 'horizontal'
0.0030 	EXP 	prog_3: progress = 0.0
0.0030 	EXP 	textbox_5: autoLog = True
0.0030 	EXP 	slider_4: autoLog = True
0.0030 	EXP 	slider_4: styleTweaks = []
0.0030 	EXP 	slider_4: styleTweaks = []
0.0030 	EXP 	slider_4: styleTweaks = []
0.0030 	EXP 	slider_4: styleTweaks = []
0.0030 	EXP 	slider_4: contrast = 1.0
0.0030 	EXP 	slider_4: markerPos = None
0.0030 	EXP 	slider_4: autoLog = True
0.0030 	EXP 	textbox_2: autoLog = True
0.0030 	EXP 	textbox_3: autoLog = True
0.0030 	EXP 	slider_training: autoLog = True
0.0030 	EXP 	slider_training: styleTweaks = []
0.0030 	EXP 	slider_training: styleTweaks = []
0.0030 	EXP 	slider_training: styleTweaks = []
0.0030 	EXP 	slider_training: styleTweaks = []
0.0030 	EXP 	slider_training: contrast = 1.0
0.0030 	EXP 	slider_training: markerPos = None
0.0030 	EXP 	slider_training: autoLog = True
0.0030 	EXP 	textbox_2: autoLog = True
0.0030 	EXP 	prog: direction = 'horizontal'
0.0030 	EXP 	prog: progress = 0.0
0.0030 	EXP 	textbox: autoLog = True
0.0030 	EXP 	slider: autoLog = True
0.0030 	EXP 	slider: styleTweaks = []
0.0030 	EXP 	slider: styleTweaks = []
0.0030 	EXP 	slider: styleTweaks = []
0.0030 	EXP 	slider: styleTweaks = []
0.0030 	EXP 	slider: contrast = 1.0
0.0030 	EXP 	slider: markerPos = None
0.0030 	EXP 	slider: autoLog = True
0.0030 	EXP 	textbox_2: autoLog = True
0.0123 	INFO 	Keyboard events cleared
0.0123 	EXP 	text: autoDraw = True
1.9340 	EXP 	Device response: <KeyPress from None: t=1.8255053749999206, value=l, duration=None>
1.9377 	DATA 	Keypress: l
1.9402 	INFO 	Keyboard events cleared
1.9401 	EXP 	text: autoDraw = False
1.9401 	EXP 	intstructs: autoDraw = True
1.9917 	EXP 	Device response: <KeyPress from None: t=1.8255053749999206, value=l, duration=0.15498104099970078>
2.3817 	EXP 	Device response: <KeyPress from None: t=2.378469999999652, value=space, duration=None>
2.3832 	DATA 	Keypress: space
2.3904 	DEBUG 	Read excel file with openpyxl: practice_difficulty.xlsx
2.3906 	EXP 	Imported practice_difficulty.xlsx as conditions, 3 conditions, 1 params
2.3937 	EXP 	intstructs: autoDraw = False
2.3937 	EXP 	text_2: autoDraw = True
2.5423 	EXP 	Device response: <KeyPress from None: t=2.378469999999652, value=space, duration=0.1570289999999659>
4.3885 	DEBUG 	Read excel file with openpyxl: practice_difficulty.xlsx
4.3887 	EXP 	Imported practice_difficulty.xlsx as conditions, 3 conditions, 1 params
4.3931 	EXP 	text_2: autoDraw = False
4.3931 	EXP 	text_2: autoDraw = False
4.3931 	EXP 	text_3: autoDraw = True
6.3960 	DEBUG 	Read csv file with pandas: training.csv
6.3993 	DEBUG 	Clearing unnamed columns from training.csv
6.4000 	EXP 	Imported training.csv as conditions, 5 conditions, 2 params
6.4006 	EXP 	New trial (rep=0, index=0): <Trial 0 (0 in rep 0) data={'train_diff': 'hard', 'train_time': np.int64(5), 'thisN': 0, 'thisTrialN': 0, 'thisRepN': 0}>
6.4052 	EXP 	New trial (rep=0, index=0): <Trial 0 (0 in rep 0) data={'thisN': 0, 'thisTrialN': 0, 'thisRepN': 0}>
6.4098 	EXP 	text_3: autoDraw = False
6.4098 	EXP 	text_3: autoDraw = False
6.4098 	EXP 	fix: autoDraw = True
6.8963 	DEBUG 	TextBox2 loaded 1 chars with 0 blanks and 1 valid
6.8984 	DEBUG 	TextBox2 loaded 1 chars with 0 blanks and 1 valid
6.8995 	DEBUG 	TextBox2 loaded 1 chars with 0 blanks and 1 valid
6.9012 	DEBUG 	TextBox2 loaded 1 chars with 0 blanks and 1 valid
6.9023 	DEBUG 	TextBox2 loaded 1 chars with 0 blanks and 1 valid
6.9036 	DEBUG 	TextBox2 loaded 1 chars with 0 blanks and 1 valid
6.9049 	DEBUG 	TextBox2 loaded 1 chars with 0 blanks and 1 valid
6.9057 	DEBUG 	TextBox2 loaded 1 chars with 0 blanks and 1 valid
6.9068 	DEBUG 	TextBox2 loaded 1 chars with 0 blanks and 1 valid
6.9070 	DEBUG 	Uploading Texture Font fontname to graphics card
6.9109 	DEBUG 	Upload of Texture Font fontname complete
6.9319 	INFO 	Keyboard events cleared
6.9318 	EXP 	fix: autoDraw = False
6.9318 	EXP 	slider_training: markerPos = None
6.9318 	EXP 	slider_training: markerPos = None
6.9318 	EXP 	textbox_3: autoDraw = True
6.9318 	EXP 	slider_training: autoDraw = True
11.9024 	DEBUG 	TextBox2 loaded 1 chars with 0 blanks and 1 valid
11.9030 	DEBUG 	TextBox2 loaded 1 chars with 0 blanks and 1 valid
11.9035 	DEBUG 	TextBox2 loaded 1 chars with 0 blanks and 1 valid
11.9040 	DEBUG 	TextBox2 loaded 1 chars with 0 blanks and 1 valid
11.9045 	DEBUG 	TextBox2 loaded 1 chars with 0 blanks and 1 valid
11.9048 	DEBUG 	TextBox2 loaded 1 chars with 0 blanks and 1 valid
11.9050 	DEBUG 	Uploading Texture Font fontname to graphics card
11.9067 	DEBUG 	Upload of Texture Font fontname complete
11.9140 	EXP 	textbox_3: autoDraw = False
11.9140 	EXP 	slider_training: autoDraw = False
11.9140 	EXP 	textbox_2: autoDraw = True
12.9053 	EXP 	New trial (rep=0, index=1): <Trial 1 (1 in rep 0) data={'train_diff': 'med1', 'train_time': np.int64(5), 'thisN': 1, 'thisTrialN': 1, 'thisRepN': 0}>
12.9097 	EXP 	New trial (rep=0, index=0): <Trial 0 (0 in rep 0) data={'thisN': 0, 'thisTrialN': 0, 'thisRepN': 0}>
12.9149 	EXP 	textbox_2: autoDraw = False
12.9149 	EXP 	fix: autoDraw = True
13.4141 	DEBUG 	TextBox2 loaded 1 chars with 0 blanks and 1 valid
13.4152 	DEBUG 	TextBox2 loaded 1 chars with 0 blanks and 1 valid
13.4156 	DEBUG 	Uploading Texture Font fontname to graphics card
13.4193 	DEBUG 	Upload of Texture Font fontname complete
13.4342 	INFO 	Keyboard events cleared
13.4342 	EXP 	fix: autoDraw = False
13.4342 	EXP 	slider_training: markerPos = None
13.4342 	EXP 	slider_training: markerPos = None
13.4342 	EXP 	textbox_3: autoDraw = True
13.4342 	EXP 	slider_training: autoDraw = True
18.4364 	EXP 	textbox_3: autoDraw = False
18.4364 	EXP 	slider_training: autoDraw = False
18.4364 	EXP 	textbox_2: autoDraw = True
19.4270 	EXP 	New trial (rep=0, index=2): <Trial 2 (2 in rep 0) data={'train_diff': 'easy1', 'train_time': np.int64(5), 'thisN': 2, 'thisTrialN': 2, 'thisRepN': 0}>
19.4317 	EXP 	New trial (rep=0, index=0): <Trial 0 (0 in rep 0) data={'thisN': 0, 'thisTrialN': 0, 'thisRepN': 0}>
19.4376 	EXP 	textbox_2: autoDraw = False
19.4376 	EXP 	fix: autoDraw = True
19.9522 	INFO 	Keyboard events cleared
19.9522 	EXP 	fix: autoDraw = False
19.9522 	EXP 	slider_training: markerPos = None
19.9522 	EXP 	slider_training: markerPos = None
19.9522 	EXP 	textbox_3: autoDraw = True
19.9522 	EXP 	slider_training: autoDraw = True
24.9587 	EXP 	textbox_3: autoDraw = False
24.9587 	EXP 	slider_training: autoDraw = False
24.9587 	EXP 	textbox_2: autoDraw = True
25.9494 	EXP 	New trial (rep=0, index=3): <Trial 3 (3 in rep 0) data={'train_diff': 'med2', 'train_time': np.int64(5), 'thisN': 3, 'thisTrialN': 3, 'thisRepN': 0}>
25.9538 	EXP 	New trial (rep=0, index=0): <Trial 0 (0 in rep 0) data={'thisN': 0, 'thisTrialN': 0, 'thisRepN': 0}>
25.9599 	EXP 	textbox_2: autoDraw = False
25.9599 	EXP 	fix: autoDraw = True
26.4605 	DEBUG 	TextBox2 loaded 1 chars with 0 blanks and 1 valid
26.4625 	DEBUG 	TextBox2 loaded 1 chars with 0 blanks and 1 valid
26.4629 	DEBUG 	Uploading Texture Font fontname to graphics card
26.4668 	DEBUG 	Upload of Texture Font fontname complete
26.4819 	INFO 	Keyboard events cleared
26.4819 	EXP 	fix: autoDraw = False
26.4819 	EXP 	slider_training: markerPos = None
26.4819 	EXP 	slider_training: markerPos = None
26.4819 	EXP 	textbox_3: autoDraw = True
26.4819 	EXP 	slider_training: autoDraw = True
28.7270 	DATA 	Mouse: Left button down, pos=(437,490)
28.8467 	DATA 	Mouse:  Left button up, pos=(437,490)
30.9809 	DATA 	Keypress: lctrl
30.9887 	EXP 	Device response: <KeyPress from None: t=30.976392499999747, value=lctrl, duration=None>
31.2687 	EXP 	Device response: <KeyPress from None: t=31.260394625000117, value=c, duration=None>
31.2878 	DATA 	Keypress: c
31.3755 	EXP 	Device response: <KeyPress from None: t=31.260394625000117, value=c, duration=0.11202954100008355>
31.4811 	EXP 	textbox_3: autoDraw = False
31.4811 	EXP 	slider_training: autoDraw = False
31.4811 	EXP 	textbox_2: autoDraw = True
31.5764 	EXP 	Device response: <KeyPress from None: t=30.976392499999747, value=lctrl, duration=0.5970453330000964>
32.0967 	EXP 	Device response: <KeyPress from None: t=32.09241037499942, value=escape, duration=None>
32.0991 	DATA 	Keypress: escape
32.2307 	EXP 	Device response: <KeyPress from None: t=32.09241037499942, value=escape, duration=0.13701112500075396>
32.2308 	EXP 	misty_module: status = STOPPED
32.2419 	EXP 	textbox_2: autoDraw = False
32.2439 	EXP 	misty_module: status = STOPPED
32.2497 	INFO 	saved data to '/Users/hackerman/misty_py/data/pilot_misty_module_2026-01-30_18h05.08.334.csv'
32.2506 	INFO 	saved data to /Users/hackerman/misty_py/data/pilot_misty_module_2026-01-30_18h05.08.334.psydat
32.3466 	DEBUG 	Saving data for misty_module ExperimentHandler
32.3472 	WARNING 	Stopping key buffers but this could be dangerous ifother keyboards rely on the same.
