4.1253 	DEBUG 	Fullscreen settings ignored as running in pilot mode.
4.1270 	INFO 	Loaded monitor calibration from ['2025_12_08 16:52']
4.4826 	INFO 	Using renderer 'NVIDIA GeForce GTX 1660/PCIe/SSE2' for graphics
4.4826 	INFO 	OpenGL version supported by driver is 4..
4.4893 	EXP 	Created window1 = Window(allowGUI=False, allowStencil=True, autoLog=True, backendConf=UNKNOWN, backgroundFit=<method-wrapper '__getattribute__' of attributeSetter object at 0x7bf46a720460>, backgroundImage=<method-wrapper '__getattribute__' of attributeSetter object at 0x7bf46a720400>, bitsMode=UNKNOWN, blendMode='avg', bpc=(8, 8, 8), color=array([0, 0, 0]), colorSpace='rgb', depthBits=8, fullscr=False, gamma=None, gammaErrorPolicy='raise', infoMsg=UNKNOWN, lms=UNKNOWN, monitor=<psychopy.monitors.calibTools.Monitor object at 0x7bf46a7e2650>, multiSample=False, name='window1', numSamples=2, pos=[np.float64(560.0), np.float64(240.0)], screen=0, size=array([800, 600]), stencilBits=8, stereo=False, title='PsychoPy', units='height', useFBO=True, useRetina=False, viewOri=0.0, viewPos=None, viewScale=None, waitBlanking=True, winType='pyglet')
4.4894 	EXP 	window1: backgroundImage = ''
4.4894 	EXP 	window1: backgroundFit = 'none'
4.5005 	DEBUG 	TextBox2 loaded 1 chars with 0 blanks and 1 valid
4.5020 	DEBUG 	TextBox2 loaded 1 chars with 0 blanks and 1 valid
4.5035 	DEBUG 	TextBox2 loaded 1 chars with 0 blanks and 1 valid
4.5052 	DEBUG 	TextBox2 loaded 1 chars with 0 blanks and 1 valid
4.5069 	DEBUG 	TextBox2 loaded 1 chars with 0 blanks and 1 valid
4.5080 	DEBUG 	TextBox2 loaded 1 chars with 0 blanks and 1 valid
4.5095 	DEBUG 	TextBox2 loaded 1 chars with 0 blanks and 1 valid
4.5112 	DEBUG 	TextBox2 loaded 1 chars with 0 blanks and 1 valid
4.5121 	DEBUG 	TextBox2 loaded 1 chars with 0 blanks and 1 valid
4.5130 	DEBUG 	TextBox2 loaded 1 chars with 0 blanks and 1 valid
4.5145 	DEBUG 	TextBox2 loaded 1 chars with 0 blanks and 1 valid
4.5159 	DEBUG 	TextBox2 loaded 1 chars with 0 blanks and 1 valid
4.5173 	DEBUG 	TextBox2 loaded 1 chars with 0 blanks and 1 valid
4.5188 	DEBUG 	TextBox2 loaded 1 chars with 0 blanks and 1 valid
4.5201 	DEBUG 	TextBox2 loaded 1 chars with 0 blanks and 1 valid
4.5217 	DEBUG 	TextBox2 loaded 1 chars with 0 blanks and 1 valid
4.5232 	DEBUG 	TextBox2 loaded 1 chars with 0 blanks and 1 valid
4.5243 	DEBUG 	TextBox2 loaded 1 chars with 0 blanks and 1 valid
4.5253 	DEBUG 	TextBox2 loaded 1 chars with 0 blanks and 1 valid
4.5271 	DEBUG 	TextBox2 loaded 1 chars with 0 blanks and 1 valid
4.5282 	DEBUG 	TextBox2 loaded 1 chars with 0 blanks and 1 valid
4.5286 	DEBUG 	Uploading Texture Font fontname to graphics card
4.5356 	DEBUG 	Upload of Texture Font fontname complete
4.5456 	DEBUG 	TextBox2 loaded 1 chars with 0 blanks and 1 valid
4.5474 	DEBUG 	TextBox2 loaded 1 chars with 0 blanks and 1 valid
4.5491 	DEBUG 	TextBox2 loaded 1 chars with 0 blanks and 1 valid
4.5494 	DEBUG 	Uploading Texture Font fontname to graphics card
4.5538 	DEBUG 	Upload of Texture Font fontname complete
4.5564 	EXP 	window1: Attempting to measure frame rate of screen (0) ...
4.5564 	EXP 	window1: recordFrameIntervals = False
4.7145 	EXP 	window1: recordFrameIntervals = True
4.8979 	EXP 	Screen (0) actual frame rate measured at 60.00Hz
4.8980 	EXP 	window1: recordFrameIntervals = False
4.9067 	DEBUG 	TextBox2 loaded 1 chars with 0 blanks and 1 valid
4.9081 	DEBUG 	TextBox2 loaded 1 chars with 0 blanks and 1 valid
4.9097 	DEBUG 	TextBox2 loaded 1 chars with 0 blanks and 1 valid
4.9115 	DEBUG 	TextBox2 loaded 1 chars with 0 blanks and 1 valid
4.9134 	DEBUG 	TextBox2 loaded 1 chars with 0 blanks and 1 valid
4.9152 	DEBUG 	TextBox2 loaded 1 chars with 0 blanks and 1 valid
4.9164 	DEBUG 	TextBox2 loaded 1 chars with 0 blanks and 1 valid
4.9180 	DEBUG 	TextBox2 loaded 1 chars with 0 blanks and 1 valid
4.9198 	DEBUG 	TextBox2 loaded 1 chars with 0 blanks and 1 valid
4.9215 	DEBUG 	TextBox2 loaded 1 chars with 0 blanks and 1 valid
4.9219 	DEBUG 	Uploading Texture Font fontname to graphics card
4.9233 	DEBUG 	Upload of Texture Font fontname complete
4.9589 	INFO 	keyboard.Keyboard is using ptb backend.
4.9591 	EXP 	misty_module: status = STARTED
5.0251 	EXP 	Created intstructs = TextStim(__class__=<class 'psychopy.visual.text.TextStim'>, alignHoriz=method-wrapper(...), alignText='center', alignVert=method-wrapper(...), anchorHoriz='center', anchorVert='center', antialias=True, autoDraw=False, autoLog=True, bold=False, color=array([1., 1., 1.]), colorSpace='rgb', contrast=1.0, depth=0.0, draggable=False, flipHoriz=False, flipVert=False, font='Arial', fontFiles=[], height=np.float64(0.05), italic=False, languageStyle='LTR', name='intstructs', opacity=1, ori=0.0, pos=array([0., 0.]), rgb=UNKNOWN, text=str(...), units='height', win=Window(...), wrapWidth=1)
5.1810 	EXP 	Created fix = TextStim(__class__=<class 'psychopy.visual.text.TextStim'>, alignHoriz=method-wrapper(...), alignText='center', alignVert=method-wrapper(...), anchorHoriz='center', anchorVert='center', antialias=True, autoDraw=False, autoLog=True, bold=False, color=array([1., 1., 1.]), colorSpace='rgb', contrast=1.0, depth=-1.0, draggable=False, flipHoriz=False, flipVert=False, font='Open Sans', fontFiles=[], height=np.float64(0.1), italic=False, languageStyle='LTR', name='fix', opacity=1, ori=0.0, pos=array([0., 0.]), rgb=UNKNOWN, text='+', units='height', win=Window(...), wrapWidth=1)
5.1853 	EXP 	Created prog = Progress(__class__=<class 'psychopy.visual.progress.Progress'>, anchor=('left', 'top'), autoDraw=False, autoLog=True, closeShape=True, color=method-wrapper(...), colorSpace='rgb', contrast=None, depth=-1, draggable=False, fillColor=array([-1.    ,  0.5373, -1.    ]), fillColorSpace='rgb', fillRGB=array([-1.    ,  0.5373, -1.    ]), interpolate=True, lineColor=array([1., 1., 1.]), lineColorSpace='rgb', lineRGB=array([1, 1, 1]), lineWidth=4.0, name='prog', opacity=1.0, ori=0.0, pos=array([-0.5,  0.5]), size=array([1. , 0.1]), units='norm', vertices=ndarray(...), win=Window(...), windingRule=None)
5.1876 	EXP 	Created progBar = ShapeStim(__class__=<class 'psychopy.visual.shape.ShapeStim'>, anchor=('left', 'top'), autoDraw=False, autoLog=True, closeShape=True, color=method-wrapper(...), colorSpace='rgb', contrast=None, depth=-1, draggable=False, fillColor=array([ 1., -1., -1.]), fillColorSpace='rgb', fillRGB=array([ 1., -1., -1.]), interpolate=True, lineColor=array([0., 0., 0.]), lineColorSpace='rgb', lineRGB=array([0, 0, 0]), lineWidth=1.5, name='progBar', opacity=1.0, ori=0.0, pos=array([-0.5,  0.5]), size=array([1. , 0.1]), units='norm', vertices=ndarray(...), win=Window(...), windingRule=None)
5.1896 	EXP 	Created greenbar = Rect(__class__=<class 'psychopy.visual.rect.Rect'>, anchor=('left', 'center'), autoDraw=False, autoLog=True, closeShape=True, color=method-wrapper(...), colorSpace='rgb', contrast=None, depth=-2.0, draggable=False, fillColor=array([-1.    ,  0.0039, -1.    ]), fillColorSpace='rgb', fillRGB=array([-1.    ,  0.0039, -1.    ]), interpolate=True, lineColor=array([1., 1., 1.]), lineColorSpace='rgb', lineRGB=array([1, 1, 1]), lineWidth=1.0, name='greenbar', opacity=1, ori=0.0, pos=array([0.33333333, 0.7       ]), size=array([0.66666667, 0.1       ]), units='norm', vertices=ndarray(...), win=Window(...))
5.1915 	EXP 	Created yellowbar = Rect(__class__=<class 'psychopy.visual.rect.Rect'>, anchor=('left', 'center'), autoDraw=False, autoLog=True, closeShape=True, color=method-wrapper(...), colorSpace='rgb', contrast=None, depth=-3.0, draggable=False, fillColor=array([ 1.,  1., -1.]), fillColorSpace='rgb', fillRGB=array([ 1.,  1., -1.]), interpolate=True, lineColor=array([1., 1., 1.]), lineColorSpace='rgb', lineRGB=array([1, 1, 1]), lineWidth=1.0, name='yellowbar', opacity=1, ori=0.0, pos=array([-0.33333333,  0.7       ]), size=array([0.66666667, 0.1       ]), units='norm', vertices=ndarray(...), win=Window(...))
5.1934 	EXP 	Created redbar = Rect(__class__=<class 'psychopy.visual.rect.Rect'>, anchor=('left', 'center'), autoDraw=False, autoLog=True, closeShape=True, color=method-wrapper(...), colorSpace='rgb', contrast=None, depth=-4.0, draggable=False, fillColor=array([ 1., -1., -1.]), fillColorSpace='rgb', fillRGB=array([ 1., -1., -1.]), interpolate=True, lineColor=array([1., 1., 1.]), lineColorSpace='rgb', lineRGB=array([1, 1, 1]), lineWidth=1.0, name='redbar', opacity=1, ori=0.0, pos=array([-1. ,  0.7]), size=array([0.66666667, 0.1       ]), units='norm', vertices=ndarray(...), win=Window(...))
5.1957 	EXP 	Created arrow = ShapeStim(__class__=<class 'psychopy.visual.shape.ShapeStim'>, anchor=('center', 'center'), autoDraw=False, autoLog=True, closeShape=True, color=method-wrapper(...), colorSpace='rgb', contrast=None, depth=-5.0, draggable=False, fillColor=array([1, 1, 1]), fillColorSpace='rgb', fillRGB=array([1, 1, 1]), interpolate=True, lineColor=array([1., 1., 1.]), lineColorSpace='rgb', lineRGB=array([1, 1, 1]), lineWidth=1.0, name='arrow', opacity=1, ori=0.0, pos=array([0., 0.]), size=array([0.05, 0.05]), units='norm', vertices=ndarray(...), win=Window(...), windingRule=None)
5.1984 	WARNING 	Font b'Arial' was requested. No similar font found.
5.2044 	WARNING 	Font b'Arial' was requested. No similar font found.
5.2072 	DEBUG 	TextBox2 loaded 1 chars with 0 blanks and 1 valid
5.2086 	DEBUG 	TextBox2 loaded 1 chars with 0 blanks and 1 valid
5.2100 	DEBUG 	TextBox2 loaded 1 chars with 0 blanks and 1 valid
5.2112 	DEBUG 	TextBox2 loaded 1 chars with 0 blanks and 1 valid
5.2118 	DEBUG 	TextBox2 loaded 1 chars with 0 blanks and 1 valid
5.2125 	DEBUG 	TextBox2 loaded 1 chars with 0 blanks and 1 valid
5.2139 	DEBUG 	TextBox2 loaded 1 chars with 0 blanks and 1 valid
5.2149 	DEBUG 	TextBox2 loaded 1 chars with 0 blanks and 1 valid
5.2156 	DEBUG 	TextBox2 loaded 1 chars with 0 blanks and 1 valid
5.2159 	DEBUG 	Uploading Texture Font fontname to graphics card
5.2206 	DEBUG 	Upload of Texture Font fontname complete
5.2390 	DEBUG 	TextBox2 loaded 1 chars with 0 blanks and 1 valid
5.2393 	DEBUG 	Uploading Texture Font fontname to graphics card
5.2407 	DEBUG 	Upload of Texture Font fontname complete
5.2475 	DEBUG 	TextBox2 loaded 1 chars with 0 blanks and 1 valid
5.2487 	DEBUG 	TextBox2 loaded 1 chars with 0 blanks and 1 valid
5.2498 	DEBUG 	TextBox2 loaded 1 chars with 0 blanks and 1 valid
5.2509 	DEBUG 	TextBox2 loaded 1 chars with 0 blanks and 1 valid
5.2518 	DEBUG 	TextBox2 loaded 1 chars with 0 blanks and 1 valid
5.2527 	DEBUG 	TextBox2 loaded 1 chars with 0 blanks and 1 valid
5.2538 	DEBUG 	TextBox2 loaded 1 chars with 0 blanks and 1 valid
5.2547 	DEBUG 	TextBox2 loaded 1 chars with 0 blanks and 1 valid
5.2558 	DEBUG 	TextBox2 loaded 1 chars with 0 blanks and 1 valid
5.2567 	DEBUG 	TextBox2 loaded 1 chars with 0 blanks and 1 valid
5.2571 	DEBUG 	Uploading Texture Font fontname to graphics card
5.2582 	DEBUG 	Upload of Texture Font fontname complete
5.2651 	DEBUG 	TextBox2 loaded 1 chars with 0 blanks and 1 valid
5.2654 	DEBUG 	Uploading Texture Font fontname to graphics card
5.2696 	DEBUG 	Upload of Texture Font fontname complete
5.2824 	DEBUG 	TextBox2 loaded 1 chars with 0 blanks and 1 valid
5.2827 	DEBUG 	Uploading Texture Font fontname to graphics card
5.2838 	DEBUG 	Upload of Texture Font fontname complete
5.2966 	DEBUG 	TextBox2 loaded 1 chars with 0 blanks and 1 valid
5.2969 	DEBUG 	Uploading Texture Font fontname to graphics card
5.2980 	DEBUG 	Upload of Texture Font fontname complete
5.3107 	DEBUG 	TextBox2 loaded 1 chars with 0 blanks and 1 valid
5.3109 	DEBUG 	Uploading Texture Font fontname to graphics card
5.3120 	DEBUG 	Upload of Texture Font fontname complete
5.3247 	DEBUG 	TextBox2 loaded 1 chars with 0 blanks and 1 valid
5.3250 	DEBUG 	Uploading Texture Font fontname to graphics card
5.3261 	DEBUG 	Upload of Texture Font fontname complete
5.3386 	DEBUG 	TextBox2 loaded 1 chars with 0 blanks and 1 valid
5.3389 	DEBUG 	Uploading Texture Font fontname to graphics card
5.3400 	DEBUG 	Upload of Texture Font fontname complete
5.3528 	DEBUG 	TextBox2 loaded 1 chars with 0 blanks and 1 valid
5.3530 	DEBUG 	Uploading Texture Font fontname to graphics card
5.3541 	DEBUG 	Upload of Texture Font fontname complete
5.3667 	DEBUG 	TextBox2 loaded 1 chars with 0 blanks and 1 valid
5.3670 	DEBUG 	Uploading Texture Font fontname to graphics card
5.3681 	DEBUG 	Upload of Texture Font fontname complete
5.3806 	DEBUG 	TextBox2 loaded 1 chars with 0 blanks and 1 valid
5.3809 	DEBUG 	Uploading Texture Font fontname to graphics card
5.3820 	DEBUG 	Upload of Texture Font fontname complete
5.4458 	EXP 	Created slider = Slider(__class__=<class 'psychopy.visual.slider.Slider'>, autoDraw=False, autoLog=True, borderColor=None, color=None, colorSpace='rgb', depth=-7, fillColor=None, flip=False, font='Noto Sans', granularity=1, labelColor=None, labelHeight=np.float64(0.05), labelWrapWidth=None, labels=(0, 1, 2, 3, 4, 5, 6, 7, 8, 9), lineColor=None, markerColor=None, name='slider', opacity=None, ori=0.0, pos=array([ 0. , -0.4]), readOnly=False, self=UNKNOWN, size=array([1. , 0.1]), startValue=None, style='choice', styleTweaks=[], ticks=array([0, 1, 2, 3, 4, 5, 6, 7, 8, 9]), units='norm', win=Window(...))
5.4486 	WARNING 	Font b'Arial' was requested. No similar font found.
5.4541 	WARNING 	Font b'Arial' was requested. No similar font found.
0.0097 	EXP 	prog: direction = 'horizontal'
0.0097 	EXP 	prog: progress = 0.0
0.0097 	EXP 	textbox: autoLog = True
0.0097 	EXP 	slider: autoLog = True
0.0097 	EXP 	slider: styleTweaks = []
0.0097 	EXP 	slider: styleTweaks = []
0.0097 	EXP 	slider: styleTweaks = []
0.0097 	EXP 	slider: styleTweaks = []
0.0097 	EXP 	slider: contrast = 1.0
0.0097 	EXP 	slider: markerPos = None
0.0097 	EXP 	slider: autoLog = True
0.0097 	EXP 	textbox_2: autoLog = True
0.0254 	INFO 	Keyboard events cleared
0.0253 	EXP 	intstructs: autoDraw = True
1.3277 	EXP 	Device response: <KeyPress from None: t=1.3242523670196533, value=space, duration=None>
1.3281 	DATA 	Keypress: space
1.3292 	EXP 	New trial (rep=0, index=0): <Trial 0 (0 in rep 0) data={'thisN': 0, 'thisTrialN': 0, 'thisRepN': 0}>
1.3768 	DEBUG 	Saving data for misty_module ExperimentHandler
1.3777 	INFO 	saved data to /home/hackerman/misty_py/data/pilot_misty_module_2026-01-20_15h02.54.995.psydat
1.3782 	INFO 	saved data to '/home/hackerman/misty_py/data/pilot_misty_module_2026-01-20_15h02.54.995.csv'
1.3827 	WARNING 	Stopping key buffers but this could be dangerous ifother keyboards rely on the same.
