8.7184 	WARNING 	Font Manager failed to load file /System/Library/PrivateFrameworks/FontServices.framework/Resources/Reserved/PingFangUI.ttc
8.7599 	WARNING 	Font Manager failed to load file /System/Library/PrivateFrameworks/FontServices.framework/Resources/Reserved/PingFangUI.ttc
10.4841 	DEBUG 	Fullscreen settings ignored as running in pilot mode.
10.4848 	INFO 	Loaded monitor calibration from ['2026_01_27 16:28']
10.5814 	INFO 	Using renderer 'Apple M4' for graphics
10.5815 	INFO 	OpenGL version supported by driver is 2..
10.6006 	EXP 	Created window1 = Window(allowGUI=False, allowStencil=True, autoLog=True, backendConf=UNKNOWN, backgroundFit=<method-wrapper '__getattribute__' of attributeSetter object at 0x176da2b00>, backgroundImage=<method-wrapper '__getattribute__' of attributeSetter object at 0x176da2b60>, bitsMode=UNKNOWN, blendMode='avg', bpc=(8, 8, 8), color=array([0, 0, 0]), colorSpace='rgb', depthBits=8, fullscr=False, gamma=None, gammaErrorPolicy='raise', infoMsg=UNKNOWN, lms=UNKNOWN, monitor=<psychopy.monitors.calibTools.Monitor object at 0x176d81ab0>, multiSample=False, name='window1', numSamples=2, pos=[np.float64(560.0), np.float64(240.0)], screen=0, size=array([800, 600]), stencilBits=8, stereo=False, title='PsychoPy', units='height', useFBO=True, useRetina=False, viewOri=0.0, viewPos=None, viewScale=None, waitBlanking=True, winType='pyglet')
10.6007 	EXP 	window1: backgroundImage = ''
10.6007 	EXP 	window1: backgroundFit = 'none'
10.6151 	DEBUG 	TextBox2 loaded 1 chars with 0 blanks and 1 valid
10.6230 	DEBUG 	TextBox2 loaded 1 chars with 0 blanks and 1 valid
10.6309 	DEBUG 	TextBox2 loaded 1 chars with 0 blanks and 1 valid
10.6390 	DEBUG 	TextBox2 loaded 1 chars with 0 blanks and 1 valid
10.6470 	DEBUG 	TextBox2 loaded 1 chars with 0 blanks and 1 valid
10.6547 	DEBUG 	TextBox2 loaded 1 chars with 0 blanks and 1 valid
10.6626 	DEBUG 	TextBox2 loaded 1 chars with 0 blanks and 1 valid
10.6707 	DEBUG 	TextBox2 loaded 1 chars with 0 blanks and 1 valid
10.6783 	DEBUG 	TextBox2 loaded 1 chars with 0 blanks and 1 valid
10.6861 	DEBUG 	TextBox2 loaded 1 chars with 0 blanks and 1 valid
10.6940 	DEBUG 	TextBox2 loaded 1 chars with 0 blanks and 1 valid
10.7020 	DEBUG 	TextBox2 loaded 1 chars with 0 blanks and 1 valid
10.7099 	DEBUG 	TextBox2 loaded 1 chars with 0 blanks and 1 valid
10.7179 	DEBUG 	TextBox2 loaded 1 chars with 0 blanks and 1 valid
10.7258 	DEBUG 	TextBox2 loaded 1 chars with 0 blanks and 1 valid
10.7337 	DEBUG 	TextBox2 loaded 1 chars with 0 blanks and 1 valid
10.7417 	DEBUG 	TextBox2 loaded 1 chars with 0 blanks and 1 valid
10.7495 	DEBUG 	TextBox2 loaded 1 chars with 0 blanks and 1 valid
10.7573 	DEBUG 	TextBox2 loaded 1 chars with 0 blanks and 1 valid
10.7654 	DEBUG 	TextBox2 loaded 1 chars with 0 blanks and 1 valid
10.7732 	DEBUG 	TextBox2 loaded 1 chars with 0 blanks and 1 valid
10.7733 	DEBUG 	Uploading Texture Font fontname to graphics card
10.7762 	DEBUG 	Upload of Texture Font fontname complete
10.7869 	DEBUG 	TextBox2 loaded 1 chars with 0 blanks and 1 valid
10.7949 	DEBUG 	TextBox2 loaded 1 chars with 0 blanks and 1 valid
10.8029 	DEBUG 	TextBox2 loaded 1 chars with 0 blanks and 1 valid
10.8030 	DEBUG 	Uploading Texture Font fontname to graphics card
10.8045 	DEBUG 	Upload of Texture Font fontname complete
10.8055 	EXP 	window1: Attempting to measure frame rate of screen (0) ...
10.8055 	EXP 	window1: recordFrameIntervals = False
10.9519 	EXP 	window1: recordFrameIntervals = True
11.0988 	EXP 	Screen (0) actual frame rate measured at 75.32Hz
11.0988 	EXP 	window1: recordFrameIntervals = False
11.1090 	DEBUG 	TextBox2 loaded 1 chars with 0 blanks and 1 valid
11.1167 	DEBUG 	TextBox2 loaded 1 chars with 0 blanks and 1 valid
11.1244 	DEBUG 	TextBox2 loaded 1 chars with 0 blanks and 1 valid
11.1323 	DEBUG 	TextBox2 loaded 1 chars with 0 blanks and 1 valid
11.1401 	DEBUG 	TextBox2 loaded 1 chars with 0 blanks and 1 valid
11.1479 	DEBUG 	TextBox2 loaded 1 chars with 0 blanks and 1 valid
11.1554 	DEBUG 	TextBox2 loaded 1 chars with 0 blanks and 1 valid
11.1632 	DEBUG 	TextBox2 loaded 1 chars with 0 blanks and 1 valid
11.1710 	DEBUG 	TextBox2 loaded 1 chars with 0 blanks and 1 valid
11.1788 	DEBUG 	TextBox2 loaded 1 chars with 0 blanks and 1 valid
11.1790 	DEBUG 	Uploading Texture Font fontname to graphics card
11.1806 	DEBUG 	Upload of Texture Font fontname complete
12.1426 	INFO 	keyboard.Keyboard is using ptb backend.
12.1426 	EXP 	misty_module: status = STARTED
12.1754 	EXP 	Created text = TextStim(__class__=<class 'psychopy.visual.text.TextStim'>, alignHoriz=method-wrapper(...), alignText='center', alignVert=method-wrapper(...), anchorHoriz='center', anchorVert='center', antialias=True, autoDraw=False, autoLog=True, bold=False, color=array([1., 1., 1.]), colorSpace='rgb', contrast=1.0, depth=-1.0, draggable=False, flipHoriz=False, flipVert=False, font='Arial', fontFiles=[], height=np.float64(0.05), italic=False, languageStyle='LTR', name='text', opacity=1, ori=0.0, pos=array([0., 0.]), rgb=UNKNOWN, text=str(...), units='height', win=Window(...), wrapWidth=1)
12.1825 	EXP 	Created intstructs = TextStim(__class__=<class 'psychopy.visual.text.TextStim'>, alignHoriz=method-wrapper(...), alignText='center', alignVert=method-wrapper(...), anchorHoriz='center', anchorVert='center', antialias=True, autoDraw=False, autoLog=True, bold=False, color=array([1., 1., 1.]), colorSpace='rgb', contrast=1.0, depth=0.0, draggable=False, flipHoriz=False, flipVert=False, font='Arial', fontFiles=[], height=np.float64(0.05), italic=False, languageStyle='LTR', name='intstructs', opacity=1, ori=0.0, pos=array([0., 0.]), rgb=UNKNOWN, text=str(...), units='height', win=Window(...), wrapWidth=1)
12.1847 	EXP 	Created fix = TextStim(__class__=<class 'psychopy.visual.text.TextStim'>, alignHoriz=method-wrapper(...), alignText='center', alignVert=method-wrapper(...), anchorHoriz='center', anchorVert='center', antialias=True, autoDraw=False, autoLog=True, bold=False, color=array([1., 1., 1.]), colorSpace='rgb', contrast=1.0, depth=-1.0, draggable=False, flipHoriz=False, flipVert=False, font='Open Sans', fontFiles=[], height=np.float64(0.1), italic=False, languageStyle='LTR', name='fix', opacity=1, ori=0.0, pos=array([0., 0.]), rgb=UNKNOWN, text='+', units='height', win=Window(...), wrapWidth=1)
12.1905 	DEBUG 	TextBox2 loaded 1 chars with 0 blanks and 1 valid
12.1911 	DEBUG 	TextBox2 loaded 1 chars with 0 blanks and 1 valid
12.1917 	DEBUG 	TextBox2 loaded 1 chars with 0 blanks and 1 valid
12.1922 	DEBUG 	TextBox2 loaded 1 chars with 0 blanks and 1 valid
12.1924 	DEBUG 	TextBox2 loaded 1 chars with 0 blanks and 1 valid
12.1926 	DEBUG 	TextBox2 loaded 1 chars with 0 blanks and 1 valid
12.1931 	DEBUG 	TextBox2 loaded 1 chars with 0 blanks and 1 valid
12.1935 	DEBUG 	TextBox2 loaded 1 chars with 0 blanks and 1 valid
12.1937 	DEBUG 	TextBox2 loaded 1 chars with 0 blanks and 1 valid
12.1938 	DEBUG 	Uploading Texture Font fontname to graphics card
12.1959 	DEBUG 	Upload of Texture Font fontname complete
12.2168 	DEBUG 	TextBox2 loaded 1 chars with 0 blanks and 1 valid
12.2169 	DEBUG 	Uploading Texture Font fontname to graphics card
12.2190 	DEBUG 	Upload of Texture Font fontname complete
12.2290 	DEBUG 	TextBox2 loaded 1 chars with 0 blanks and 1 valid
12.2366 	DEBUG 	TextBox2 loaded 1 chars with 0 blanks and 1 valid
12.2442 	DEBUG 	TextBox2 loaded 1 chars with 0 blanks and 1 valid
12.2517 	DEBUG 	TextBox2 loaded 1 chars with 0 blanks and 1 valid
12.2592 	DEBUG 	TextBox2 loaded 1 chars with 0 blanks and 1 valid
12.2666 	DEBUG 	TextBox2 loaded 1 chars with 0 blanks and 1 valid
12.2742 	DEBUG 	TextBox2 loaded 1 chars with 0 blanks and 1 valid
12.2815 	DEBUG 	TextBox2 loaded 1 chars with 0 blanks and 1 valid
12.2891 	DEBUG 	TextBox2 loaded 1 chars with 0 blanks and 1 valid
12.2966 	DEBUG 	TextBox2 loaded 1 chars with 0 blanks and 1 valid
12.2967 	DEBUG 	Uploading Texture Font fontname to graphics card
12.2982 	DEBUG 	Upload of Texture Font fontname complete
12.3083 	DEBUG 	TextBox2 loaded 1 chars with 0 blanks and 1 valid
12.3084 	DEBUG 	Uploading Texture Font fontname to graphics card
12.3099 	DEBUG 	Upload of Texture Font fontname complete
12.3224 	DEBUG 	TextBox2 loaded 1 chars with 0 blanks and 1 valid
12.3225 	DEBUG 	Uploading Texture Font fontname to graphics card
12.3239 	DEBUG 	Upload of Texture Font fontname complete
12.3364 	DEBUG 	TextBox2 loaded 1 chars with 0 blanks and 1 valid
12.3365 	DEBUG 	Uploading Texture Font fontname to graphics card
12.3379 	DEBUG 	Upload of Texture Font fontname complete
12.3504 	DEBUG 	TextBox2 loaded 1 chars with 0 blanks and 1 valid
12.3505 	DEBUG 	Uploading Texture Font fontname to graphics card
12.3519 	DEBUG 	Upload of Texture Font fontname complete
12.3644 	DEBUG 	TextBox2 loaded 1 chars with 0 blanks and 1 valid
12.3645 	DEBUG 	Uploading Texture Font fontname to graphics card
12.3659 	DEBUG 	Upload of Texture Font fontname complete
12.3783 	DEBUG 	TextBox2 loaded 1 chars with 0 blanks and 1 valid
12.3784 	DEBUG 	Uploading Texture Font fontname to graphics card
12.3798 	DEBUG 	Upload of Texture Font fontname complete
12.3922 	DEBUG 	TextBox2 loaded 1 chars with 0 blanks and 1 valid
12.3923 	DEBUG 	Uploading Texture Font fontname to graphics card
12.3938 	DEBUG 	Upload of Texture Font fontname complete
12.4062 	DEBUG 	TextBox2 loaded 1 chars with 0 blanks and 1 valid
12.4063 	DEBUG 	Uploading Texture Font fontname to graphics card
12.4077 	DEBUG 	Upload of Texture Font fontname complete
12.4201 	DEBUG 	TextBox2 loaded 1 chars with 0 blanks and 1 valid
12.4202 	DEBUG 	Uploading Texture Font fontname to graphics card
12.4216 	DEBUG 	Upload of Texture Font fontname complete
12.4438 	EXP 	Created slider_3 = Slider(__class__=<class 'psychopy.visual.slider.Slider'>, autoDraw=False, autoLog=True, borderColor=None, color=None, colorSpace='rgb', depth=-2, fillColor=None, flip=False, font='Noto Sans', granularity=1, labelColor=None, labelHeight=np.float64(0.05), labelWrapWidth=None, labels=(0, 1, 2, 3, 4, 5, 6, 7, 8, 9), lineColor=None, markerColor=None, name='slider_3', opacity=None, ori=0.0, pos=array([ 0. , -0.4]), readOnly=False, self=UNKNOWN, size=array([1. , 0.1]), startValue=None, style='choice', styleTweaks=[], ticks=array([0, 1, 2, 3, 4, 5, 6, 7, 8, 9]), units='norm', win=Window(...))
12.4508 	EXP 	Created text_2 = TextStim(__class__=<class 'psychopy.visual.text.TextStim'>, alignHoriz=method-wrapper(...), alignText='center', alignVert=method-wrapper(...), anchorHoriz='center', anchorVert='center', antialias=True, autoDraw=False, autoLog=True, bold=False, color=array([1., 1., 1.]), colorSpace='rgb', contrast=1.0, depth=0.0, draggable=False, flipHoriz=False, flipVert=False, font='Arial', fontFiles=[], height=np.float64(0.05), italic=False, languageStyle='LTR', name='text_2', opacity=1, ori=0.0, pos=array([0., 0.]), rgb=UNKNOWN, text=str(...), units='height', win=Window(...), wrapWidth=1)
12.4515 	EXP 	Created fix = TextStim(__class__=<class 'psychopy.visual.text.TextStim'>, alignHoriz=method-wrapper(...), alignText='center', alignVert=method-wrapper(...), anchorHoriz='center', anchorVert='center', antialias=True, autoDraw=False, autoLog=True, bold=False, color=array([1., 1., 1.]), colorSpace='rgb', contrast=1.0, depth=-1.0, draggable=False, flipHoriz=False, flipVert=False, font='Open Sans', fontFiles=[], height=np.float64(0.1), italic=False, languageStyle='LTR', name='fix', opacity=1, ori=0.0, pos=array([0., 0.]), rgb=UNKNOWN, text='+', units='height', win=Window(...), wrapWidth=1)
12.4534 	EXP 	Created prog_3 = Progress(__class__=<class 'psychopy.visual.progress.Progress'>, anchor=('left', 'top'), autoDraw=False, autoLog=True, closeShape=True, color=method-wrapper(...), colorSpace='rgb', contrast=None, depth=-1, draggable=False, fillColor=array([-1.    ,  0.5373, -1.    ]), fillColorSpace='rgb', fillRGB=array([-1.    ,  0.5373, -1.    ]), interpolate=True, lineColor=array([1., 1., 1.]), lineColorSpace='rgb', lineRGB=array([1, 1, 1]), lineWidth=4.0, name='prog_3', opacity=1.0, ori=0.0, pos=array([-0.5,  0.5]), size=array([1. , 0.1]), units='norm', vertices=ndarray(...), win=Window(...), windingRule=None)
12.4541 	EXP 	Created prog_3Bar = ShapeStim(__class__=<class 'psychopy.visual.shape.ShapeStim'>, anchor=('left', 'top'), autoDraw=False, autoLog=True, closeShape=True, color=method-wrapper(...), colorSpace='rgb', contrast=None, depth=-1, draggable=False, fillColor=array([ 1., -1., -1.]), fillColorSpace='rgb', fillRGB=array([ 1., -1., -1.]), interpolate=True, lineColor=array([0., 0., 0.]), lineColorSpace='rgb', lineRGB=array([0, 0, 0]), lineWidth=1.5, name='prog_3Bar', opacity=1.0, ori=0.0, pos=array([-0.5,  0.5]), size=array([1. , 0.1]), units='norm', vertices=ndarray(...), win=Window(...), windingRule=None)
12.4547 	EXP 	Created greenbar_3 = Rect(__class__=<class 'psychopy.visual.rect.Rect'>, anchor=('left', 'center'), autoDraw=False, autoLog=True, closeShape=True, color=method-wrapper(...), colorSpace='rgb', contrast=None, depth=-2.0, draggable=False, fillColor=array([-1.    ,  0.0039, -1.    ]), fillColorSpace='rgb', fillRGB=array([-1.    ,  0.0039, -1.    ]), interpolate=True, lineColor=array([1., 1., 1.]), lineColorSpace='rgb', lineRGB=array([1, 1, 1]), lineWidth=1.0, name='greenbar_3', opacity=1, ori=0.0, pos=array([0.33333333, 0.7       ]), size=array([0.66666667, 0.1       ]), units='norm', vertices=ndarray(...), win=Window(...))
12.4552 	EXP 	Created yellowbar_3 = Rect(__class__=<class 'psychopy.visual.rect.Rect'>, anchor=('left', 'center'), autoDraw=False, autoLog=True, closeShape=True, color=method-wrapper(...), colorSpace='rgb', contrast=None, depth=-3.0, draggable=False, fillColor=array([ 1.,  1., -1.]), fillColorSpace='rgb', fillRGB=array([ 1.,  1., -1.]), interpolate=True, lineColor=array([1., 1., 1.]), lineColorSpace='rgb', lineRGB=array([1, 1, 1]), lineWidth=1.0, name='yellowbar_3', opacity=1, ori=0.0, pos=array([-0.33333333,  0.7       ]), size=array([0.66666667, 0.1       ]), units='norm', vertices=ndarray(...), win=Window(...))
12.4557 	EXP 	Created redbar_3 = Rect(__class__=<class 'psychopy.visual.rect.Rect'>, anchor=('left', 'center'), autoDraw=False, autoLog=True, closeShape=True, color=method-wrapper(...), colorSpace='rgb', contrast=None, depth=-4.0, draggable=False, fillColor=array([ 1., -1., -1.]), fillColorSpace='rgb', fillRGB=array([ 1., -1., -1.]), interpolate=True, lineColor=array([1., 1., 1.]), lineColorSpace='rgb', lineRGB=array([1, 1, 1]), lineWidth=1.0, name='redbar_3', opacity=1, ori=0.0, pos=array([-1. ,  0.7]), size=array([0.66666667, 0.1       ]), units='norm', vertices=ndarray(...), win=Window(...))
12.4565 	EXP 	Created arrow_3 = ShapeStim(__class__=<class 'psychopy.visual.shape.ShapeStim'>, anchor=('center', 'center'), autoDraw=False, autoLog=True, closeShape=True, color=method-wrapper(...), colorSpace='rgb', contrast=None, depth=-5.0, draggable=False, fillColor=array([1, 1, 1]), fillColorSpace='rgb', fillRGB=array([1, 1, 1]), interpolate=True, lineColor=array([1., 1., 1.]), lineColorSpace='rgb', lineRGB=array([1, 1, 1]), lineWidth=1.0, name='arrow_3', opacity=1, ori=0.0, pos=array([0., 0.]), size=array([0.05, 0.05]), units='norm', vertices=ndarray(...), win=Window(...), windingRule=None)
12.5285 	EXP 	Created slider_4 = Slider(__class__=<class 'psychopy.visual.slider.Slider'>, autoDraw=False, autoLog=True, borderColor=None, color=None, colorSpace='rgb', depth=-7, fillColor=None, flip=False, font='Noto Sans', granularity=1, labelColor=None, labelHeight=np.float64(0.05), labelWrapWidth=None, labels=(0, 1, 2, 3, 4, 5, 6, 7, 8, 9), lineColor=None, markerColor=None, name='slider_4', opacity=None, ori=0.0, pos=array([ 0. , -0.4]), readOnly=False, self=UNKNOWN, size=array([1. , 0.1]), startValue=None, style='choice', styleTweaks=[], ticks=array([0, 1, 2, 3, 4, 5, 6, 7, 8, 9]), units='norm', win=Window(...))
12.5343 	EXP 	Created text_3 = TextStim(__class__=<class 'psychopy.visual.text.TextStim'>, alignHoriz=method-wrapper(...), alignText='center', alignVert=method-wrapper(...), anchorHoriz='center', anchorVert='center', antialias=True, autoDraw=False, autoLog=True, bold=False, color=array([1., 1., 1.]), colorSpace='rgb', contrast=1.0, depth=0.0, draggable=False, flipHoriz=False, flipVert=False, font='Arial', fontFiles=[], height=np.float64(0.05), italic=False, languageStyle='LTR', name='text_3', opacity=1, ori=0.0, pos=array([0., 0.]), rgb=UNKNOWN, text='Training instructions here', units='height', win=Window(...), wrapWidth=1)
12.5350 	EXP 	Created fix = TextStim(__class__=<class 'psychopy.visual.text.TextStim'>, alignHoriz=method-wrapper(...), alignText='center', alignVert=method-wrapper(...), anchorHoriz='center', anchorVert='center', antialias=True, autoDraw=False, autoLog=True, bold=False, color=array([1., 1., 1.]), colorSpace='rgb', contrast=1.0, depth=-1.0, draggable=False, flipHoriz=False, flipVert=False, font='Open Sans', fontFiles=[], height=np.float64(0.1), italic=False, languageStyle='LTR', name='fix', opacity=1, ori=0.0, pos=array([0., 0.]), rgb=UNKNOWN, text='+', units='height', win=Window(...), wrapWidth=1)
12.6066 	EXP 	Created slider_training = Slider(__class__=<class 'psychopy.visual.slider.Slider'>, autoDraw=False, autoLog=True, borderColor=None, color=None, colorSpace='rgb', depth=-2, fillColor=None, flip=False, font='Noto Sans', granularity=1, labelColor=None, labelHeight=np.float64(0.05), labelWrapWidth=None, labels=(0, 1, 2, 3, 4, 5, 6, 7, 8, 9), lineColor=None, markerColor=None, name='slider_training', opacity=None, ori=0.0, pos=array([ 0. , -0.4]), readOnly=False, self=UNKNOWN, size=array([1. , 0.1]), startValue=None, style='choice', styleTweaks=[], ticks=array([0, 1, 2, 3, 4, 5, 6, 7, 8, 9]), units='norm', win=Window(...))
12.6128 	EXP 	Created text_4 = TextStim(__class__=<class 'psychopy.visual.text.TextStim'>, alignHoriz=method-wrapper(...), alignText='center', alignVert=method-wrapper(...), anchorHoriz='center', anchorVert='center', antialias=True, autoDraw=False, autoLog=True, bold=False, color=array([1., 1., 1.]), colorSpace='rgb', contrast=1.0, depth=0.0, draggable=False, flipHoriz=False, flipVert=False, font='Arial', fontFiles=[], height=np.float64(0.05), italic=False, languageStyle='LTR', name='text_4', opacity=1, ori=0.0, pos=array([0., 0.]), rgb=UNKNOWN, text='Please press space to move onto the next block', units='height', win=Window(...), wrapWidth=1)
12.6142 	EXP 	Created text_6 = TextStim(__class__=<class 'psychopy.visual.text.TextStim'>, alignHoriz=method-wrapper(...), alignText='center', alignVert=method-wrapper(...), anchorHoriz='center', anchorVert='center', antialias=True, autoDraw=False, autoLog=True, bold=False, color=array([1., 1., 1.]), colorSpace='rgb', contrast=1.0, depth=0.0, draggable=False, flipHoriz=False, flipVert=False, font='Arial', fontFiles=[], height=np.float64(0.05), italic=False, languageStyle='LTR', name='text_6', opacity=1, ori=0.0, pos=array([0., 0.]), rgb=UNKNOWN, text='Start of experiment', units='height', win=Window(...), wrapWidth=1)
12.6149 	EXP 	Created fix = TextStim(__class__=<class 'psychopy.visual.text.TextStim'>, alignHoriz=method-wrapper(...), alignText='center', alignVert=method-wrapper(...), anchorHoriz='center', anchorVert='center', antialias=True, autoDraw=False, autoLog=True, bold=False, color=array([1., 1., 1.]), colorSpace='rgb', contrast=1.0, depth=-1.0, draggable=False, flipHoriz=False, flipVert=False, font='Open Sans', fontFiles=[], height=np.float64(0.1), italic=False, languageStyle='LTR', name='fix', opacity=1, ori=0.0, pos=array([0., 0.]), rgb=UNKNOWN, text='+', units='height', win=Window(...), wrapWidth=1)
12.6157 	EXP 	Created prog = Progress(__class__=<class 'psychopy.visual.progress.Progress'>, anchor=('left', 'top'), autoDraw=False, autoLog=True, closeShape=True, color=method-wrapper(...), colorSpace='rgb', contrast=None, depth=-1, draggable=False, fillColor=array([-1.    ,  0.5373, -1.    ]), fillColorSpace='rgb', fillRGB=array([-1.    ,  0.5373, -1.    ]), interpolate=True, lineColor=array([1., 1., 1.]), lineColorSpace='rgb', lineRGB=array([1, 1, 1]), lineWidth=4.0, name='prog', opacity=1.0, ori=0.0, pos=array([-0.5,  0.5]), size=array([1. , 0.1]), units='norm', vertices=ndarray(...), win=Window(...), windingRule=None)
12.6164 	EXP 	Created progBar = ShapeStim(__class__=<class 'psychopy.visual.shape.ShapeStim'>, anchor=('left', 'top'), autoDraw=False, autoLog=True, closeShape=True, color=method-wrapper(...), colorSpace='rgb', contrast=None, depth=-1, draggable=False, fillColor=array([ 1., -1., -1.]), fillColorSpace='rgb', fillRGB=array([ 1., -1., -1.]), interpolate=True, lineColor=array([0., 0., 0.]), lineColorSpace='rgb', lineRGB=array([0, 0, 0]), lineWidth=1.5, name='progBar', opacity=1.0, ori=0.0, pos=array([-0.5,  0.5]), size=array([1. , 0.1]), units='norm', vertices=ndarray(...), win=Window(...), windingRule=None)
12.6170 	EXP 	Created redbar = Rect(__class__=<class 'psychopy.visual.rect.Rect'>, anchor=('left', 'center'), autoDraw=False, autoLog=True, closeShape=True, color=method-wrapper(...), colorSpace='rgb', contrast=None, depth=-2.0, draggable=False, fillColor=array([ 1., -1., -1.]), fillColorSpace='rgb', fillRGB=array([ 1., -1., -1.]), interpolate=True, lineColor=array([1., 1., 1.]), lineColorSpace='rgb', lineRGB=array([1, 1, 1]), lineWidth=1.0, name='redbar', opacity=1, ori=0.0, pos=array([-1. ,  0.7]), size=array([2. , 0.1]), units='norm', vertices=ndarray(...), win=Window(...))
12.6175 	EXP 	Created yellowbar = Rect(__class__=<class 'psychopy.visual.rect.Rect'>, anchor=('left', 'center'), autoDraw=False, autoLog=True, closeShape=True, color=method-wrapper(...), colorSpace='rgb', contrast=None, depth=-3.0, draggable=False, fillColor=array([ 1.,  1., -1.]), fillColorSpace='rgb', fillRGB=array([ 1.,  1., -1.]), interpolate=True, lineColor=array([1., 1., 1.]), lineColorSpace='rgb', lineRGB=array([1, 1, 1]), lineWidth=1.0, name='yellowbar', opacity=1, ori=0.0, pos=array([0. , 0.7]), size=array([1. , 0.1]), units='norm', vertices=ndarray(...), win=Window(...))
12.6181 	EXP 	Created greenbar = Rect(__class__=<class 'psychopy.visual.rect.Rect'>, anchor=('left', 'center'), autoDraw=False, autoLog=True, closeShape=True, color=method-wrapper(...), colorSpace='rgb', contrast=None, depth=-4.0, draggable=False, fillColor=array([-1.    ,  0.0039, -1.    ]), fillColorSpace='rgb', fillRGB=array([-1.    ,  0.0039, -1.    ]), interpolate=True, lineColor=array([1., 1., 1.]), lineColorSpace='rgb', lineRGB=array([1, 1, 1]), lineWidth=1.0, name='greenbar', opacity=1, ori=0.0, pos=array([0.7, 0.7]), size=array([0.3, 0.1]), units='norm', vertices=ndarray(...), win=Window(...))
12.6188 	EXP 	Created arrow = ShapeStim(__class__=<class 'psychopy.visual.shape.ShapeStim'>, anchor=('center', 'center'), autoDraw=False, autoLog=True, closeShape=True, color=method-wrapper(...), colorSpace='rgb', contrast=None, depth=-5.0, draggable=False, fillColor=array([1, 1, 1]), fillColorSpace='rgb', fillRGB=array([1, 1, 1]), interpolate=True, lineColor=array([1., 1., 1.]), lineColorSpace='rgb', lineRGB=array([1, 1, 1]), lineWidth=1.0, name='arrow', opacity=1, ori=0.0, pos=array([0., 0.]), size=array([0.05, 0.05]), units='norm', vertices=ndarray(...), win=Window(...), windingRule=None)
12.6911 	EXP 	Created slider = Slider(__class__=<class 'psychopy.visual.slider.Slider'>, autoDraw=False, autoLog=True, borderColor=None, color=None, colorSpace='rgb', depth=-7, fillColor=None, flip=False, font='Noto Sans', granularity=1, labelColor=None, labelHeight=np.float64(0.05), labelWrapWidth=None, labels=(0, 1, 2, 3, 4, 5, 6, 7, 8, 9), lineColor=None, markerColor=None, name='slider', opacity=None, ori=0.0, pos=array([ 0. , -0.4]), readOnly=False, self=UNKNOWN, size=array([1. , 0.1]), startValue=None, style='choice', styleTweaks=[], ticks=array([0, 1, 2, 3, 4, 5, 6, 7, 8, 9]), units='norm', win=Window(...))
12.6920 	EXP 	Created norm_arrow = ShapeStim(__class__=<class 'psychopy.visual.shape.ShapeStim'>, anchor=('center', 'center'), autoDraw=False, autoLog=True, closeShape=True, color=method-wrapper(...), colorSpace='rgb', contrast=None, depth=-9.0, draggable=False, fillColor=array([1, 1, 1]), fillColorSpace='rgb', fillRGB=array([1, 1, 1]), interpolate=True, lineColor=array([1., 1., 1.]), lineColorSpace='rgb', lineRGB=array([1, 1, 1]), lineWidth=1.0, name='norm_arrow', opacity=1, ori=0.0, pos=array([0.7, 0.6]), size=array([0.05, 0.05]), units='height', vertices=ndarray(...), win=Window(...), windingRule=None)
12.6966 	EXP 	Created text_5 = TextStim(__class__=<class 'psychopy.visual.text.TextStim'>, alignHoriz=method-wrapper(...), alignText='center', alignVert=method-wrapper(...), anchorHoriz='center', anchorVert='center', antialias=True, autoDraw=False, autoLog=True, bold=False, color=array([1., 1., 1.]), colorSpace='rgb', contrast=1.0, depth=0.0, draggable=False, flipHoriz=False, flipVert=False, font='Arial', fontFiles=[], height=0.05, italic=False, languageStyle='LTR', name='text_5', opacity=1, ori=0.0, pos=array([0., 0.]), rgb=UNKNOWN, text='', units='height', win=Window(...), wrapWidth=1)
12.6975 	EXP 	Created text_7 = TextStim(__class__=<class 'psychopy.visual.text.TextStim'>, alignHoriz=method-wrapper(...), alignText='center', alignVert=method-wrapper(...), anchorHoriz='center', anchorVert='center', antialias=True, autoDraw=False, autoLog=True, bold=False, color=array([1., 1., 1.]), colorSpace='rgb', contrast=1.0, depth=0.0, draggable=False, flipHoriz=False, flipVert=False, font='Arial', fontFiles=[], height=np.float64(0.05), italic=False, languageStyle='LTR', name='text_7', opacity=1, ori=0.0, pos=array([0., 0.]), rgb=UNKNOWN, text='Thanks', units='height', win=Window(...), wrapWidth=1)
0.0031 	EXP 	equation_practice_1: autoLog = True
0.0031 	EXP 	slider_3: autoLog = True
0.0031 	EXP 	slider_3: styleTweaks = []
0.0031 	EXP 	slider_3: styleTweaks = []
0.0031 	EXP 	slider_3: styleTweaks = []
0.0031 	EXP 	slider_3: styleTweaks = []
0.0031 	EXP 	slider_3: contrast = 1.0
0.0031 	EXP 	slider_3: markerPos = None
0.0031 	EXP 	slider_3: autoLog = True
0.0031 	EXP 	feedback_practice_1: autoLog = True
0.0031 	EXP 	prog_3: direction = 'horizontal'
0.0031 	EXP 	prog_3: progress = 0.0
0.0031 	EXP 	textbox_5: autoLog = True
0.0031 	EXP 	slider_4: autoLog = True
0.0031 	EXP 	slider_4: styleTweaks = []
0.0031 	EXP 	slider_4: styleTweaks = []
0.0031 	EXP 	slider_4: styleTweaks = []
0.0031 	EXP 	slider_4: styleTweaks = []
0.0031 	EXP 	slider_4: contrast = 1.0
0.0031 	EXP 	slider_4: markerPos = None
0.0031 	EXP 	slider_4: autoLog = True
0.0031 	EXP 	feedback_practice_1: autoLog = True
0.0031 	EXP 	textbox_3: autoLog = True
0.0031 	EXP 	slider_training: autoLog = True
0.0031 	EXP 	slider_training: styleTweaks = []
0.0031 	EXP 	slider_training: styleTweaks = []
0.0031 	EXP 	slider_training: styleTweaks = []
0.0031 	EXP 	slider_training: styleTweaks = []
0.0031 	EXP 	slider_training: contrast = 1.0
0.0031 	EXP 	slider_training: markerPos = None
0.0031 	EXP 	slider_training: autoLog = True
0.0031 	EXP 	feedback_practice_1: autoLog = True
0.0031 	EXP 	prog: direction = 'horizontal'
0.0031 	EXP 	prog: progress = 0.0
0.0031 	EXP 	textbox: autoLog = True
0.0031 	EXP 	slider: autoLog = True
0.0031 	EXP 	slider: styleTweaks = []
0.0031 	EXP 	slider: styleTweaks = []
0.0031 	EXP 	slider: styleTweaks = []
0.0031 	EXP 	slider: styleTweaks = []
0.0031 	EXP 	slider: contrast = 1.0
0.0031 	EXP 	slider: markerPos = None
0.0031 	EXP 	slider: autoLog = True
0.0031 	EXP 	feedback_practice_1: autoLog = True
0.0094 	INFO 	Keyboard events cleared
0.0093 	EXP 	text: autoDraw = True
0.4716 	EXP 	Device response: <KeyPress from None: t=0.37599137500001234, value=l, duration=None>
0.4758 	DATA 	Keypress: l
0.4778 	INFO 	Keyboard events cleared
0.4777 	EXP 	text: autoDraw = False
0.4777 	EXP 	intstructs: autoDraw = True
0.7370 	EXP 	Device response: <KeyPress from None: t=0.7259892920010316, value=space, duration=None>
0.7408 	DEBUG 	Read excel file with openpyxl: practice_difficulty.xlsx
0.7409 	EXP 	Imported practice_difficulty.xlsx as conditions, 3 conditions, 1 params
0.7427 	DATA 	Keypress: space
0.7490 	EXP 	intstructs: autoDraw = False
0.7490 	EXP 	text_2: autoDraw = True
0.8175 	EXP 	Device response: <KeyPress from None: t=0.7259892920010316, value=space, duration=0.077984124998693>
2.7451 	DEBUG 	Read excel file with openpyxl: practice_difficulty.xlsx
2.7453 	EXP 	Imported practice_difficulty.xlsx as conditions, 3 conditions, 1 params
2.7492 	EXP 	text_2: autoDraw = False
2.7492 	EXP 	text_3: autoDraw = True
4.7535 	DEBUG 	Read csv file with pandas: training.csv
4.7566 	DEBUG 	Clearing unnamed columns from training.csv
4.7572 	EXP 	Imported training.csv as conditions, 5 conditions, 2 params
4.7577 	EXP 	New trial (rep=0, index=0): <Trial 0 (0 in rep 0) data={'train_diff': 'med2', 'train_time': np.int64(5), 'thisN': 0, 'thisTrialN': 0, 'thisRepN': 0}>
4.7623 	EXP 	New trial (rep=0, index=0): <Trial 0 (0 in rep 0) data={'thisN': 0, 'thisTrialN': 0, 'thisRepN': 0}>
4.7666 	EXP 	text_3: autoDraw = False
4.7666 	EXP 	fix: autoDraw = True
5.2511 	DEBUG 	TextBox2 loaded 1 chars with 0 blanks and 1 valid
5.2530 	DEBUG 	TextBox2 loaded 1 chars with 0 blanks and 1 valid
5.2540 	DEBUG 	TextBox2 loaded 1 chars with 0 blanks and 1 valid
5.2554 	DEBUG 	TextBox2 loaded 1 chars with 0 blanks and 1 valid
5.2568 	DEBUG 	TextBox2 loaded 1 chars with 0 blanks and 1 valid
5.2576 	DEBUG 	TextBox2 loaded 1 chars with 0 blanks and 1 valid
5.2584 	DEBUG 	TextBox2 loaded 1 chars with 0 blanks and 1 valid
5.2597 	DEBUG 	TextBox2 loaded 1 chars with 0 blanks and 1 valid
5.2600 	DEBUG 	Uploading Texture Font fontname to graphics card
5.2642 	DEBUG 	Upload of Texture Font fontname complete
5.2864 	INFO 	Keyboard events cleared
5.2864 	EXP 	fix: autoDraw = False
5.2864 	EXP 	slider_training: markerPos = None
5.2864 	EXP 	slider_training: markerPos = None
5.2864 	EXP 	textbox_3: autoDraw = True
5.2864 	EXP 	slider_training: autoDraw = True
6.2595 	DEBUG 	TextBox2 loaded 1 chars with 0 blanks and 1 valid
6.2600 	DEBUG 	TextBox2 loaded 1 chars with 0 blanks and 1 valid
6.2607 	DEBUG 	TextBox2 loaded 1 chars with 0 blanks and 1 valid
6.2612 	DEBUG 	TextBox2 loaded 1 chars with 0 blanks and 1 valid
6.2617 	DEBUG 	TextBox2 loaded 1 chars with 0 blanks and 1 valid
6.2622 	DEBUG 	TextBox2 loaded 1 chars with 0 blanks and 1 valid
6.2625 	DEBUG 	TextBox2 loaded 1 chars with 0 blanks and 1 valid
6.2630 	DEBUG 	TextBox2 loaded 1 chars with 0 blanks and 1 valid
6.2636 	DEBUG 	TextBox2 loaded 1 chars with 0 blanks and 1 valid
6.2637 	DEBUG 	Uploading Texture Font fontname to graphics card
6.2654 	DEBUG 	Upload of Texture Font fontname complete
6.2708 	EXP 	textbox_3: autoDraw = False
6.2708 	EXP 	slider_training: autoDraw = False
6.2708 	EXP 	feedback_practice_1: autoDraw = True
7.2723 	EXP 	feedback_practice_1: autoDraw = False
7.2723 	EXP 	text_4: autoDraw = True
8.2620 	EXP 	New trial (rep=0, index=1): <Trial 1 (1 in rep 0) data={'train_diff': 'hard', 'train_time': np.int64(5), 'thisN': 1, 'thisTrialN': 1, 'thisRepN': 0}>
8.2684 	EXP 	New trial (rep=0, index=0): <Trial 0 (0 in rep 0) data={'thisN': 0, 'thisTrialN': 0, 'thisRepN': 0}>
8.2721 	EXP 	text_4: autoDraw = False
8.2721 	EXP 	fix: autoDraw = True
8.7725 	DEBUG 	TextBox2 loaded 1 chars with 0 blanks and 1 valid
8.7746 	DEBUG 	TextBox2 loaded 1 chars with 0 blanks and 1 valid
8.7761 	DEBUG 	TextBox2 loaded 1 chars with 0 blanks and 1 valid
8.7780 	DEBUG 	TextBox2 loaded 1 chars with 0 blanks and 1 valid
8.7784 	DEBUG 	Uploading Texture Font fontname to graphics card
8.7826 	DEBUG 	Upload of Texture Font fontname complete
8.7988 	INFO 	Keyboard events cleared
8.7988 	EXP 	fix: autoDraw = False
8.7988 	EXP 	slider_training: markerPos = None
8.7988 	EXP 	slider_training: markerPos = None
8.7988 	EXP 	textbox_3: autoDraw = True
8.7988 	EXP 	slider_training: autoDraw = True
9.7923 	EXP 	textbox_3: autoDraw = False
9.7923 	EXP 	slider_training: autoDraw = False
9.7923 	EXP 	feedback_practice_1: autoDraw = True
10.7926 	EXP 	feedback_practice_1: autoDraw = False
10.7926 	EXP 	text_4: autoDraw = True
11.7840 	EXP 	New trial (rep=0, index=2): <Trial 2 (2 in rep 0) data={'train_diff': 'easy2', 'train_time': np.int64(5), 'thisN': 2, 'thisTrialN': 2, 'thisRepN': 0}>
11.7909 	EXP 	New trial (rep=0, index=0): <Trial 0 (0 in rep 0) data={'thisN': 0, 'thisTrialN': 0, 'thisRepN': 0}>
11.7945 	EXP 	text_4: autoDraw = False
11.7945 	EXP 	fix: autoDraw = True
12.2934 	DEBUG 	TextBox2 loaded 1 chars with 0 blanks and 1 valid
12.2939 	DEBUG 	Uploading Texture Font fontname to graphics card
12.2982 	DEBUG 	Upload of Texture Font fontname complete
12.3165 	INFO 	Keyboard events cleared
12.3164 	EXP 	fix: autoDraw = False
12.3164 	EXP 	slider_training: markerPos = None
12.3164 	EXP 	slider_training: markerPos = None
12.3164 	EXP 	textbox_3: autoDraw = True
12.3164 	EXP 	slider_training: autoDraw = True
13.3132 	EXP 	textbox_3: autoDraw = False
13.3132 	EXP 	slider_training: autoDraw = False
13.3132 	EXP 	feedback_practice_1: autoDraw = True
14.3143 	EXP 	feedback_practice_1: autoDraw = False
14.3143 	EXP 	text_4: autoDraw = True
15.3049 	EXP 	New trial (rep=0, index=3): <Trial 3 (3 in rep 0) data={'train_diff': 'easy1', 'train_time': np.int64(5), 'thisN': 3, 'thisTrialN': 3, 'thisRepN': 0}>
15.3115 	EXP 	New trial (rep=0, index=0): <Trial 0 (0 in rep 0) data={'thisN': 0, 'thisTrialN': 0, 'thisRepN': 0}>
15.3149 	EXP 	text_4: autoDraw = False
15.3149 	EXP 	fix: autoDraw = True
15.8348 	INFO 	Keyboard events cleared
15.8347 	EXP 	fix: autoDraw = False
15.8347 	EXP 	slider_training: markerPos = None
15.8347 	EXP 	slider_training: markerPos = None
15.8347 	EXP 	textbox_3: autoDraw = True
15.8347 	EXP 	slider_training: autoDraw = True
16.8348 	EXP 	textbox_3: autoDraw = False
16.8348 	EXP 	slider_training: autoDraw = False
16.8348 	EXP 	feedback_practice_1: autoDraw = True
17.8356 	EXP 	feedback_practice_1: autoDraw = False
17.8356 	EXP 	text_4: autoDraw = True
18.8265 	EXP 	New trial (rep=0, index=4): <Trial 4 (4 in rep 0) data={'train_diff': 'med1', 'train_time': np.int64(5), 'thisN': 4, 'thisTrialN': 4, 'thisRepN': 0}>
18.8333 	EXP 	New trial (rep=0, index=0): <Trial 0 (0 in rep 0) data={'thisN': 0, 'thisTrialN': 0, 'thisRepN': 0}>
18.8370 	EXP 	text_4: autoDraw = False
18.8370 	EXP 	fix: autoDraw = True
19.3550 	INFO 	Keyboard events cleared
19.3550 	EXP 	fix: autoDraw = False
19.3550 	EXP 	slider_training: markerPos = None
19.3550 	EXP 	slider_training: markerPos = None
19.3550 	EXP 	textbox_3: autoDraw = True
19.3550 	EXP 	slider_training: autoDraw = True
20.3561 	EXP 	textbox_3: autoDraw = False
20.3561 	EXP 	slider_training: autoDraw = False
20.3561 	EXP 	feedback_practice_1: autoDraw = True
21.3564 	EXP 	feedback_practice_1: autoDraw = False
21.3564 	EXP 	text_4: autoDraw = True
22.3576 	EXP 	text_4: autoDraw = False
22.3576 	EXP 	text_6: autoDraw = True
23.3553 	DEBUG 	Read excel file with openpyxl: experiment_difficulty.xlsx
23.3559 	EXP 	Imported experiment_difficulty.xlsx as conditions, 5 conditions, 3 params
23.3564 	EXP 	New trial (rep=0, index=0): <Trial 0 (0 in rep 0) data={'exp_diff': 'hard', 'exp_time': 5, 'diffbyt': 7.0, 'thisN': 0, 'thisTrialN': 0, 'thisRepN': 0}>
23.3566 	EXP 	New trial (rep=0, index=0): <Trial 0 (0 in rep 0) data={'thisN': 0, 'thisTrialN': 0, 'thisRepN': 0}>
23.3610 	EXP 	text_6: autoDraw = False
23.3610 	EXP 	fix: autoDraw = True
23.8609 	DEBUG 	TextBox2 loaded 1 chars with 0 blanks and 1 valid
23.8613 	DEBUG 	Uploading Texture Font fontname to graphics card
23.8660 	DEBUG 	Upload of Texture Font fontname complete
23.8894 	INFO 	Keyboard events cleared
23.8893 	EXP 	fix: autoDraw = False
23.8893 	EXP 	slider: markerPos = None
23.8893 	EXP 	slider: markerPos = None
23.8893 	EXP 	prog: autoDraw = True
23.8893 	EXP 	redbar: autoDraw = True
23.8893 	EXP 	yellowbar: autoDraw = True
23.8893 	EXP 	greenbar: autoDraw = True
23.8893 	EXP 	arrow: autoDraw = True
23.8893 	EXP 	textbox: autoDraw = True
23.8893 	EXP 	slider: autoDraw = True
23.8893 	EXP 	norm_arrow: autoDraw = True
28.8793 	EXP 	prog: autoDraw = False
28.8793 	EXP 	redbar: autoDraw = False
28.8793 	EXP 	yellowbar: autoDraw = False
28.8793 	EXP 	greenbar: autoDraw = False
28.8793 	EXP 	arrow: autoDraw = False
28.8793 	EXP 	textbox: autoDraw = False
28.8793 	EXP 	slider: autoDraw = False
28.8793 	EXP 	norm_arrow: autoDraw = False
28.8793 	EXP 	feedback_practice_1: autoDraw = True
29.8793 	INFO 	Keyboard events cleared
29.8793 	EXP 	feedback_practice_1: autoDraw = False
29.8793 	EXP 	text_5: height = np.float64(0.05)
29.8793 	EXP 	text_5: height = np.float64(0.05)
29.8793 	EXP 	text_5: height = np.float64(0.05)
29.8793 	EXP 	text_5: text = 'You scored 0 out of 0 on this block \n\n Please press space to continue.'
29.8793 	EXP 	text_5: autoDraw = True
30.8803 	EXP 	text_5: autoDraw = False
33.4570 	EXP 	Device response: <KeyPress from None: t=33.45291100000031, value=space, duration=None>
33.4573 	EXP 	New trial (rep=0, index=1): <Trial 1 (1 in rep 0) data={'exp_diff': 'med2', 'exp_time': 5, 'diffbyt': 6.0, 'thisN': 1, 'thisTrialN': 1, 'thisRepN': 0}>
33.4576 	EXP 	New trial (rep=0, index=0): <Trial 0 (0 in rep 0) data={'thisN': 0, 'thisTrialN': 0, 'thisRepN': 0}>
33.4649 	DATA 	Keypress: space
33.4673 	EXP 	text_5: autoDraw = False
33.4673 	EXP 	fix: autoDraw = True
33.5789 	EXP 	Device response: <KeyPress from None: t=33.45291100000031, value=space, duration=0.1160416670008999>
33.9726 	DEBUG 	TextBox2 loaded 1 chars with 0 blanks and 1 valid
33.9730 	DEBUG 	Uploading Texture Font fontname to graphics card
33.9769 	DEBUG 	Upload of Texture Font fontname complete
33.9906 	INFO 	Keyboard events cleared
33.9906 	EXP 	fix: autoDraw = False
33.9906 	EXP 	slider: markerPos = None
33.9906 	EXP 	slider: markerPos = None
33.9906 	EXP 	prog: autoDraw = True
33.9906 	EXP 	redbar: autoDraw = True
33.9906 	EXP 	yellowbar: autoDraw = True
33.9906 	EXP 	greenbar: autoDraw = True
33.9906 	EXP 	arrow: autoDraw = True
33.9906 	EXP 	textbox: autoDraw = True
33.9906 	EXP 	slider: autoDraw = True
33.9906 	EXP 	norm_arrow: autoDraw = True
34.4488 	DATA 	Keypress: x
34.4554 	EXP 	Device response: <KeyPress from None: t=34.44390920800106, value=x, duration=None>
34.5488 	EXP 	Device response: <KeyPress from None: t=34.44390920800106, value=x, duration=0.09903120899980422>
35.2957 	EXP 	Device response: <KeyPress from None: t=35.29193604200009, value=4, duration=None>
35.2957 	EXP 	Device response: <KeyPress from None: t=35.29193604200009, value=3, duration=None>
35.2966 	DEBUG 	TextBox2 loaded 1 chars with 0 blanks and 1 valid
35.2972 	DEBUG 	TextBox2 loaded 1 chars with 0 blanks and 1 valid
35.2976 	DEBUG 	TextBox2 loaded 1 chars with 0 blanks and 1 valid
35.2977 	DEBUG 	Uploading Texture Font fontname to graphics card
35.2993 	DEBUG 	Upload of Texture Font fontname complete
35.3008 	DATA 	Keypress: 3
35.3013 	DATA 	Keypress: 4
35.3083 	EXP 	prog: autoDraw = False
35.3083 	EXP 	redbar: autoDraw = False
35.3083 	EXP 	yellowbar: autoDraw = False
35.3083 	EXP 	greenbar: autoDraw = False
35.3083 	EXP 	arrow: autoDraw = False
35.3083 	EXP 	textbox: autoDraw = False
35.3083 	EXP 	slider: autoDraw = False
35.3083 	EXP 	norm_arrow: autoDraw = False
35.3083 	EXP 	feedback_practice_1: autoDraw = True
35.3763 	EXP 	Device response: <KeyPress from None: t=35.29193604200009, value=4, duration=0.07899241599989182>
35.3763 	EXP 	Device response: <KeyPress from None: t=35.29193604200009, value=3, duration=0.07899241599989182>
36.2979 	EXP 	New trial (rep=1, index=0): <Trial 1 (0 in rep 1) data={'thisN': 1, 'thisTrialN': 0, 'thisRepN': 1}>
36.3095 	EXP 	feedback_practice_1: autoDraw = False
36.3095 	EXP 	fix: autoDraw = True
36.8272 	INFO 	Keyboard events cleared
36.8272 	EXP 	fix: autoDraw = False
36.8272 	EXP 	slider: markerPos = None
36.8272 	EXP 	slider: markerPos = None
36.8272 	EXP 	prog: autoDraw = True
36.8272 	EXP 	redbar: autoDraw = True
36.8272 	EXP 	yellowbar: autoDraw = True
36.8272 	EXP 	greenbar: autoDraw = True
36.8272 	EXP 	arrow: autoDraw = True
36.8272 	EXP 	textbox: autoDraw = True
36.8272 	EXP 	slider: autoDraw = True
36.8272 	EXP 	norm_arrow: autoDraw = True
37.9295 	DATA 	Keypress: 5
37.9372 	EXP 	Device response: <KeyPress from None: t=37.92689308300032, value=5, duration=None>
37.9492 	EXP 	prog: autoDraw = False
37.9492 	EXP 	redbar: autoDraw = False
37.9492 	EXP 	yellowbar: autoDraw = False
37.9492 	EXP 	greenbar: autoDraw = False
37.9492 	EXP 	arrow: autoDraw = False
37.9492 	EXP 	textbox: autoDraw = False
37.9492 	EXP 	slider: autoDraw = False
37.9492 	EXP 	norm_arrow: autoDraw = False
37.9492 	EXP 	feedback_practice_1: autoDraw = True
37.9502 	EXP 	Device response: <KeyPress from None: t=37.944924792000165, value=4, duration=None>
37.9512 	DATA 	Keypress: 4
38.0038 	EXP 	Device response: <KeyPress from None: t=37.944924792000165, value=4, duration=0.048004000000219094>
38.0439 	EXP 	Device response: <KeyPress from None: t=37.92689308300032, value=5, duration=0.10803200000009383>
38.9387 	EXP 	New trial (rep=2, index=0): <Trial 2 (0 in rep 2) data={'thisN': 2, 'thisTrialN': 0, 'thisRepN': 2}>
38.9505 	EXP 	feedback_practice_1: autoDraw = False
38.9505 	EXP 	fix: autoDraw = True
39.4595 	INFO 	Keyboard events cleared
39.4593 	EXP 	fix: autoDraw = False
39.4593 	EXP 	slider: markerPos = None
39.4593 	EXP 	slider: markerPos = None
39.4593 	EXP 	prog: autoDraw = True
39.4593 	EXP 	redbar: autoDraw = True
39.4593 	EXP 	yellowbar: autoDraw = True
39.4593 	EXP 	greenbar: autoDraw = True
39.4593 	EXP 	arrow: autoDraw = True
39.4593 	EXP 	textbox: autoDraw = True
39.4593 	EXP 	slider: autoDraw = True
39.4593 	EXP 	norm_arrow: autoDraw = True
39.4593 	EXP 	prog: autoDraw = False
39.4593 	EXP 	redbar: autoDraw = False
39.4593 	EXP 	yellowbar: autoDraw = False
39.4593 	EXP 	greenbar: autoDraw = False
39.4593 	EXP 	arrow: autoDraw = False
39.4593 	EXP 	textbox: autoDraw = False
39.4593 	EXP 	slider: autoDraw = False
39.4593 	EXP 	norm_arrow: autoDraw = False
39.4593 	EXP 	feedback_practice_1: autoDraw = True
39.4749 	DATA 	Mouse: wheel shift=(0,0), pos=(265,327)
39.4868 	DATA 	Mouse: wheel shift=(0,0), pos=(265,327)
39.5004 	DATA 	Mouse: wheel shift=(0,0), pos=(265,327)
39.5137 	DATA 	Mouse: wheel shift=(0,0), pos=(265,327)
39.5267 	DATA 	Mouse: wheel shift=(0,0), pos=(265,327)
39.6206 	DATA 	Mouse: wheel shift=(0,0), pos=(265,327)
39.6339 	DATA 	Mouse: wheel shift=(0,0), pos=(265,327)
40.0745 	DATA 	Mouse: wheel shift=(0,0), pos=(265,327)
40.0870 	DATA 	Mouse: wheel shift=(0,0), pos=(265,327)
40.1141 	DATA 	Mouse: wheel shift=(0,0), pos=(265,327)
40.1676 	DATA 	Mouse: wheel shift=(0,0), pos=(265,327)
40.4563 	INFO 	Keyboard events cleared
40.4562 	EXP 	feedback_practice_1: autoDraw = False
40.4562 	EXP 	feedback_practice_1: autoDraw = False
40.4562 	EXP 	text_5: height = np.float64(0.05)
40.4562 	EXP 	text_5: height = np.float64(0.05)
40.4562 	EXP 	text_5: height = np.float64(0.05)
40.4562 	EXP 	text_5: text = 'You scored 0 out of 2 on this block \n\n Please press space to continue.'
40.4562 	EXP 	text_5: autoDraw = True
41.4575 	EXP 	text_5: autoDraw = False
43.6491 	EXP 	Device response: <KeyPress from None: t=43.64389808300075, value=space, duration=None>
43.6495 	EXP 	New trial (rep=0, index=2): <Trial 2 (2 in rep 0) data={'exp_diff': 'med1', 'exp_time': 5, 'diffbyt': 5.0, 'thisN': 2, 'thisTrialN': 2, 'thisRepN': 0}>
43.6499 	EXP 	New trial (rep=0, index=0): <Trial 0 (0 in rep 0) data={'thisN': 0, 'thisTrialN': 0, 'thisRepN': 0}>
43.6530 	DATA 	Keypress: space
43.6585 	EXP 	text_5: autoDraw = False
43.6585 	EXP 	fix: autoDraw = True
43.7556 	EXP 	Device response: <KeyPress from None: t=43.64389808300075, value=space, duration=0.09800199999881443>
44.1741 	INFO 	Keyboard events cleared
44.1741 	EXP 	fix: autoDraw = False
44.1741 	EXP 	slider: markerPos = None
44.1741 	EXP 	slider: markerPos = None
44.1741 	EXP 	prog: autoDraw = True
44.1741 	EXP 	redbar: autoDraw = True
44.1741 	EXP 	yellowbar: autoDraw = True
44.1741 	EXP 	greenbar: autoDraw = True
44.1741 	EXP 	arrow: autoDraw = True
44.1741 	EXP 	textbox: autoDraw = True
44.1741 	EXP 	slider: autoDraw = True
44.1741 	EXP 	norm_arrow: autoDraw = True
44.9795 	EXP 	Device response: <KeyPress from None: t=44.972894124999584, value=8, duration=None>
44.9812 	DATA 	Keypress: 8
44.9917 	EXP 	prog: autoDraw = False
44.9917 	EXP 	redbar: autoDraw = False
44.9917 	EXP 	yellowbar: autoDraw = False
44.9917 	EXP 	greenbar: autoDraw = False
44.9917 	EXP 	arrow: autoDraw = False
44.9917 	EXP 	textbox: autoDraw = False
44.9917 	EXP 	slider: autoDraw = False
44.9917 	EXP 	norm_arrow: autoDraw = False
44.9917 	EXP 	feedback_practice_1: autoDraw = True
45.0731 	EXP 	Device response: <KeyPress from None: t=44.972894124999584, value=8, duration=0.09803129200008698>
45.9812 	EXP 	New trial (rep=1, index=0): <Trial 1 (0 in rep 1) data={'thisN': 1, 'thisTrialN': 0, 'thisRepN': 1}>
45.9931 	EXP 	feedback_practice_1: autoDraw = False
45.9931 	EXP 	fix: autoDraw = True
46.5125 	INFO 	Keyboard events cleared
46.5125 	EXP 	fix: autoDraw = False
46.5125 	EXP 	slider: markerPos = None
46.5125 	EXP 	slider: markerPos = None
46.5125 	EXP 	prog: autoDraw = True
46.5125 	EXP 	redbar: autoDraw = True
46.5125 	EXP 	yellowbar: autoDraw = True
46.5125 	EXP 	greenbar: autoDraw = True
46.5125 	EXP 	arrow: autoDraw = True
46.5125 	EXP 	textbox: autoDraw = True
46.5125 	EXP 	slider: autoDraw = True
46.5125 	EXP 	norm_arrow: autoDraw = True
49.1800 	EXP 	prog: autoDraw = False
49.1800 	EXP 	redbar: autoDraw = False
49.1800 	EXP 	yellowbar: autoDraw = False
49.1800 	EXP 	greenbar: autoDraw = False
49.1800 	EXP 	arrow: autoDraw = False
49.1800 	EXP 	textbox: autoDraw = False
49.1800 	EXP 	slider: autoDraw = False
49.1800 	EXP 	norm_arrow: autoDraw = False
49.1800 	EXP 	feedback_practice_1: autoDraw = True
50.1795 	INFO 	Keyboard events cleared
50.1794 	EXP 	feedback_practice_1: autoDraw = False
50.1794 	EXP 	text_5: height = np.float64(0.05)
50.1794 	EXP 	text_5: height = np.float64(0.05)
50.1794 	EXP 	text_5: height = np.float64(0.05)
50.1794 	EXP 	text_5: text = 'You scored 0 out of 1 on this block \n\n Please press space to continue.'
50.1794 	EXP 	text_5: autoDraw = True
50.2642 	DATA 	Mouse: wheel shift=(0,0), pos=(124,409)
50.2766 	DATA 	Mouse: wheel shift=(0,0), pos=(124,409)
50.2929 	DATA 	Mouse: wheel shift=(0,0), pos=(124,409)
50.3040 	DATA 	Mouse: wheel shift=(0,1), pos=(124,409)
50.3043 	DATA 	Mouse: wheel shift=(0,0), pos=(124,409)
50.3168 	DATA 	Mouse: wheel shift=(0,0), pos=(124,409)
50.3316 	DATA 	Mouse: wheel shift=(0,0), pos=(124,409)
50.3451 	DATA 	Mouse: wheel shift=(0,0), pos=(124,409)
50.3579 	DATA 	Mouse: wheel shift=(0,1), pos=(124,409)
50.3711 	DATA 	Mouse: wheel shift=(0,0), pos=(124,409)
50.3848 	DATA 	Mouse: wheel shift=(0,0), pos=(124,409)
50.3977 	DATA 	Mouse: wheel shift=(0,0), pos=(124,409)
50.4104 	DATA 	Mouse: wheel shift=(0,0), pos=(124,409)
50.4233 	DATA 	Mouse: wheel shift=(0,1), pos=(124,409)
50.4378 	DATA 	Mouse: wheel shift=(0,0), pos=(124,409)
50.4512 	DATA 	Mouse: wheel shift=(0,0), pos=(124,409)
50.4630 	DATA 	Mouse: wheel shift=(0,0), pos=(124,409)
50.4766 	DATA 	Mouse: wheel shift=(0,0), pos=(124,409)
50.4913 	DATA 	Mouse: wheel shift=(0,0), pos=(124,409)
50.5048 	DATA 	Mouse: wheel shift=(0,1), pos=(124,409)
50.5176 	DATA 	Mouse: wheel shift=(0,0), pos=(124,409)
50.5453 	DATA 	Mouse: wheel shift=(0,0), pos=(125,409)
50.5568 	DATA 	Mouse: wheel shift=(0,0), pos=(125,409)
50.5698 	DATA 	Mouse: wheel shift=(0,0), pos=(127,408)
50.5837 	DATA 	Mouse: wheel shift=(0,0), pos=(129,408)
50.5983 	DATA 	Mouse: wheel shift=(0,0), pos=(130,408)
50.6234 	DATA 	Mouse: wheel shift=(0,1), pos=(130,408)
50.6368 	DATA 	Mouse: wheel shift=(0,0), pos=(131,408)
50.6499 	DATA 	Mouse: wheel shift=(0,0), pos=(131,408)
50.6649 	DATA 	Mouse: wheel shift=(0,0), pos=(131,408)
50.6899 	DATA 	Mouse: wheel shift=(0,0), pos=(131,408)
50.7031 	DATA 	Mouse: wheel shift=(0,0), pos=(131,408)
50.7165 	DATA 	Mouse: wheel shift=(0,0), pos=(131,408)
50.7298 	DATA 	Mouse: wheel shift=(0,0), pos=(132,408)
50.7702 	DATA 	Mouse: wheel shift=(0,0), pos=(132,408)
50.8107 	DATA 	Mouse: wheel shift=(0,0), pos=(132,408)
50.8365 	DATA 	Mouse: wheel shift=(0,0), pos=(133,409)
50.9035 	DATA 	Mouse: wheel shift=(0,0), pos=(135,413)
51.1810 	EXP 	text_5: autoDraw = False
53.2397 	EXP 	Device response: <KeyPress from None: t=53.23388708300081, value=space, duration=None>
53.2401 	EXP 	New trial (rep=0, index=3): <Trial 3 (3 in rep 0) data={'exp_diff': 'easy1', 'exp_time': 5, 'diffbyt': 3.0, 'thisN': 3, 'thisTrialN': 3, 'thisRepN': 0}>
53.2405 	EXP 	New trial (rep=0, index=0): <Trial 0 (0 in rep 0) data={'thisN': 0, 'thisTrialN': 0, 'thisRepN': 0}>
53.2438 	DATA 	Keypress: space
53.2480 	EXP 	text_5: autoDraw = False
53.2480 	EXP 	fix: autoDraw = True
53.3598 	EXP 	Device response: <KeyPress from None: t=53.23388708300081, value=space, duration=0.12299079199874541>
53.7658 	INFO 	Keyboard events cleared
53.7657 	EXP 	fix: autoDraw = False
53.7657 	EXP 	slider: markerPos = None
53.7657 	EXP 	slider: markerPos = None
53.7657 	EXP 	prog: autoDraw = True
53.7657 	EXP 	redbar: autoDraw = True
53.7657 	EXP 	yellowbar: autoDraw = True
53.7657 	EXP 	greenbar: autoDraw = True
53.7657 	EXP 	arrow: autoDraw = True
53.7657 	EXP 	textbox: autoDraw = True
53.7657 	EXP 	slider: autoDraw = True
53.7657 	EXP 	norm_arrow: autoDraw = True
56.4903 	EXP 	Device response: <KeyPress from None: t=56.48286087500128, value=8, duration=None>
56.4904 	EXP 	Device response: <KeyPress from None: t=56.48286087500128, value=7, duration=None>
56.4915 	DEBUG 	TextBox2 loaded 1 chars with 0 blanks and 1 valid
56.4917 	DEBUG 	Uploading Texture Font fontname to graphics card
56.4935 	DEBUG 	Upload of Texture Font fontname complete
56.4948 	DATA 	Keypress: 7
56.4953 	DATA 	Keypress: 8
56.5024 	EXP 	prog: autoDraw = False
56.5024 	EXP 	redbar: autoDraw = False
56.5024 	EXP 	yellowbar: autoDraw = False
56.5024 	EXP 	greenbar: autoDraw = False
56.5024 	EXP 	arrow: autoDraw = False
56.5024 	EXP 	textbox: autoDraw = False
56.5024 	EXP 	slider: autoDraw = False
56.5024 	EXP 	norm_arrow: autoDraw = False
56.5024 	EXP 	feedback_practice_1: autoDraw = True
56.5837 	EXP 	Device response: <KeyPress from None: t=56.48286087500128, value=8, duration=0.09202295799877902>
56.5838 	EXP 	Device response: <KeyPress from None: t=56.48286087500128, value=7, duration=0.09202295799877902>
56.9604 	DATA 	Mouse: wheel shift=(0,0), pos=(263,431)
56.9607 	DATA 	Mouse: wheel shift=(0,0), pos=(263,431)
56.9736 	DATA 	Mouse: wheel shift=(0,0), pos=(263,431)
57.2793 	DATA 	Mouse: wheel shift=(0,0), pos=(262,430)
57.2928 	DATA 	Mouse: wheel shift=(0,0), pos=(262,429)
57.4921 	EXP 	New trial (rep=1, index=0): <Trial 1 (0 in rep 1) data={'thisN': 1, 'thisTrialN': 0, 'thisRepN': 1}>
57.5041 	EXP 	feedback_practice_1: autoDraw = False
57.5041 	EXP 	fix: autoDraw = True
57.5610 	DATA 	Mouse: wheel shift=(0,0), pos=(261,429)
57.5747 	DATA 	Mouse: wheel shift=(0,0), pos=(261,429)
57.5868 	DATA 	Mouse: wheel shift=(0,0), pos=(261,429)
57.5995 	DATA 	Mouse: wheel shift=(0,0), pos=(261,429)
57.6146 	DATA 	Mouse: wheel shift=(0,0), pos=(261,429)
57.6276 	DATA 	Mouse: wheel shift=(0,0), pos=(261,429)
57.6409 	DATA 	Mouse: wheel shift=(0,0), pos=(261,429)
57.6543 	DATA 	Mouse: wheel shift=(0,0), pos=(261,429)
57.6813 	DATA 	Mouse: wheel shift=(0,0), pos=(261,429)
57.6938 	DATA 	Mouse: wheel shift=(0,0), pos=(261,429)
57.7211 	DATA 	Mouse: wheel shift=(0,0), pos=(261,429)
57.7336 	DATA 	Mouse: wheel shift=(0,0), pos=(261,429)
57.8554 	DATA 	Mouse: wheel shift=(0,0), pos=(261,429)
57.8688 	DATA 	Mouse: wheel shift=(0,0), pos=(261,429)
58.0242 	INFO 	Keyboard events cleared
58.0241 	EXP 	fix: autoDraw = False
58.0241 	EXP 	slider: markerPos = None
58.0241 	EXP 	slider: markerPos = None
58.0241 	EXP 	prog: autoDraw = True
58.0241 	EXP 	redbar: autoDraw = True
58.0241 	EXP 	yellowbar: autoDraw = True
58.0241 	EXP 	greenbar: autoDraw = True
58.0241 	EXP 	arrow: autoDraw = True
58.0241 	EXP 	textbox: autoDraw = True
58.0241 	EXP 	slider: autoDraw = True
58.0241 	EXP 	norm_arrow: autoDraw = True
58.6517 	DATA 	Mouse: wheel shift=(0,0), pos=(263,436)
58.7703 	EXP 	prog: autoDraw = False
58.7703 	EXP 	redbar: autoDraw = False
58.7703 	EXP 	yellowbar: autoDraw = False
58.7703 	EXP 	greenbar: autoDraw = False
58.7703 	EXP 	arrow: autoDraw = False
58.7703 	EXP 	textbox: autoDraw = False
58.7703 	EXP 	slider: autoDraw = False
58.7703 	EXP 	norm_arrow: autoDraw = False
58.7703 	EXP 	feedback_practice_1: autoDraw = True
59.7709 	INFO 	Keyboard events cleared
59.7709 	EXP 	feedback_practice_1: autoDraw = False
59.7709 	EXP 	text_5: height = np.float64(0.05)
59.7709 	EXP 	text_5: height = np.float64(0.05)
59.7709 	EXP 	text_5: height = np.float64(0.05)
59.7709 	EXP 	text_5: text = 'You scored 1 out of 1 on this block \n\n Please press space to continue.'
59.7709 	EXP 	text_5: autoDraw = True
60.1759 	DATA 	Mouse: wheel shift=(0,0), pos=(315,466)
60.2150 	DATA 	Mouse: wheel shift=(0,0), pos=(315,466)
60.4683 	DATA 	Mouse: wheel shift=(0,0), pos=(315,466)
60.4810 	DATA 	Mouse: wheel shift=(0,0), pos=(315,466)
60.4933 	DATA 	Mouse: wheel shift=(0,0), pos=(315,466)
60.5068 	DATA 	Mouse: wheel shift=(0,0), pos=(315,466)
60.5203 	DATA 	Mouse: wheel shift=(0,0), pos=(315,466)
60.5339 	DATA 	Mouse: wheel shift=(0,0), pos=(315,466)
60.5630 	EXP 	Device response: <KeyPress from None: t=60.558844000001045, value=escape, duration=None>
60.5813 	DATA 	Keypress: escape
60.7222 	EXP 	Device response: <KeyPress from None: t=60.558844000001045, value=escape, duration=0.15801537500010454>
60.7223 	EXP 	misty_module: status = STOPPED
60.7316 	EXP 	text_5: autoDraw = False
60.7343 	EXP 	misty_module: status = STOPPED
60.7462 	INFO 	saved data to '/Users/hackerman/misty_py/data/pilot_misty_module_2026-01-31_19h36.24.727.csv'
60.7472 	INFO 	saved data to /Users/hackerman/misty_py/data/pilot_misty_module_2026-01-31_19h36.24.727.psydat
60.8415 	DEBUG 	Saving data for misty_module ExperimentHandler
60.8421 	WARNING 	Stopping key buffers but this could be dangerous ifother keyboards rely on the same.
