8.5710 	WARNING 	Font Manager failed to load file /System/Library/PrivateFrameworks/FontServices.framework/Resources/Reserved/PingFangUI.ttc
8.6004 	WARNING 	Font Manager failed to load file /System/Library/PrivateFrameworks/FontServices.framework/Resources/Reserved/PingFangUI.ttc
10.2100 	DEBUG 	Fullscreen settings ignored as running in pilot mode.
10.2107 	INFO 	Loaded monitor calibration from ['2026_01_27 16:28']
10.3016 	INFO 	Using renderer 'Apple M4' for graphics
10.3016 	INFO 	OpenGL version supported by driver is 2..
10.3218 	EXP 	Created window1 = Window(allowGUI=False, allowStencil=True, autoLog=True, backendConf=UNKNOWN, backgroundFit=<method-wrapper '__getattribute__' of attributeSetter object at 0x1758d6830>, backgroundImage=<method-wrapper '__getattribute__' of attributeSetter object at 0x1758d6890>, bitsMode=UNKNOWN, blendMode='avg', bpc=(8, 8, 8), color=array([0, 0, 0]), colorSpace='rgb', depthBits=8, fullscr=False, gamma=None, gammaErrorPolicy='raise', infoMsg=UNKNOWN, lms=UNKNOWN, monitor=<psychopy.monitors.calibTools.Monitor object at 0x17591f760>, multiSample=False, name='window1', numSamples=2, pos=[np.float64(560.0), np.float64(240.0)], screen=0, size=array([800, 600]), stencilBits=8, stereo=False, title='PsychoPy', units='height', useFBO=True, useRetina=False, viewOri=0.0, viewPos=None, viewScale=None, waitBlanking=True, winType='pyglet')
10.3218 	EXP 	window1: backgroundImage = ''
10.3218 	EXP 	window1: backgroundFit = 'none'
10.3351 	DEBUG 	TextBox2 loaded 1 chars with 0 blanks and 1 valid
10.3426 	DEBUG 	TextBox2 loaded 1 chars with 0 blanks and 1 valid
10.3502 	DEBUG 	TextBox2 loaded 1 chars with 0 blanks and 1 valid
10.3579 	DEBUG 	TextBox2 loaded 1 chars with 0 blanks and 1 valid
10.3655 	DEBUG 	TextBox2 loaded 1 chars with 0 blanks and 1 valid
10.3729 	DEBUG 	TextBox2 loaded 1 chars with 0 blanks and 1 valid
10.3805 	DEBUG 	TextBox2 loaded 1 chars with 0 blanks and 1 valid
10.3882 	DEBUG 	TextBox2 loaded 1 chars with 0 blanks and 1 valid
10.3956 	DEBUG 	TextBox2 loaded 1 chars with 0 blanks and 1 valid
10.4029 	DEBUG 	TextBox2 loaded 1 chars with 0 blanks and 1 valid
10.4105 	DEBUG 	TextBox2 loaded 1 chars with 0 blanks and 1 valid
10.4182 	DEBUG 	TextBox2 loaded 1 chars with 0 blanks and 1 valid
10.4258 	DEBUG 	TextBox2 loaded 1 chars with 0 blanks and 1 valid
10.4334 	DEBUG 	TextBox2 loaded 1 chars with 0 blanks and 1 valid
10.4409 	DEBUG 	TextBox2 loaded 1 chars with 0 blanks and 1 valid
10.4485 	DEBUG 	TextBox2 loaded 1 chars with 0 blanks and 1 valid
10.4562 	DEBUG 	TextBox2 loaded 1 chars with 0 blanks and 1 valid
10.4636 	DEBUG 	TextBox2 loaded 1 chars with 0 blanks and 1 valid
10.4711 	DEBUG 	TextBox2 loaded 1 chars with 0 blanks and 1 valid
10.4789 	DEBUG 	TextBox2 loaded 1 chars with 0 blanks and 1 valid
10.4863 	DEBUG 	TextBox2 loaded 1 chars with 0 blanks and 1 valid
10.4865 	DEBUG 	Uploading Texture Font fontname to graphics card
10.4894 	DEBUG 	Upload of Texture Font fontname complete
10.5000 	DEBUG 	TextBox2 loaded 1 chars with 0 blanks and 1 valid
10.5079 	DEBUG 	TextBox2 loaded 1 chars with 0 blanks and 1 valid
10.5157 	DEBUG 	TextBox2 loaded 1 chars with 0 blanks and 1 valid
10.5158 	DEBUG 	Uploading Texture Font fontname to graphics card
10.5173 	DEBUG 	Upload of Texture Font fontname complete
10.5182 	EXP 	window1: Attempting to measure frame rate of screen (0) ...
10.5182 	EXP 	window1: recordFrameIntervals = False
10.6641 	EXP 	window1: recordFrameIntervals = True
10.8113 	EXP 	Screen (0) actual frame rate measured at 74.79Hz
10.8113 	EXP 	window1: recordFrameIntervals = False
10.8337 	DEBUG 	TextBox2 loaded 1 chars with 0 blanks and 1 valid
10.8458 	DEBUG 	TextBox2 loaded 1 chars with 0 blanks and 1 valid
10.8562 	DEBUG 	TextBox2 loaded 1 chars with 0 blanks and 1 valid
10.8659 	DEBUG 	TextBox2 loaded 1 chars with 0 blanks and 1 valid
10.8750 	DEBUG 	TextBox2 loaded 1 chars with 0 blanks and 1 valid
10.8836 	DEBUG 	TextBox2 loaded 1 chars with 0 blanks and 1 valid
10.8915 	DEBUG 	TextBox2 loaded 1 chars with 0 blanks and 1 valid
10.8994 	DEBUG 	TextBox2 loaded 1 chars with 0 blanks and 1 valid
10.9071 	DEBUG 	TextBox2 loaded 1 chars with 0 blanks and 1 valid
10.9148 	DEBUG 	TextBox2 loaded 1 chars with 0 blanks and 1 valid
10.9150 	DEBUG 	Uploading Texture Font fontname to graphics card
10.9165 	DEBUG 	Upload of Texture Font fontname complete
11.8501 	INFO 	keyboard.Keyboard is using ptb backend.
11.8501 	EXP 	misty_module: status = STARTED
11.8819 	EXP 	Created text = TextStim(__class__=<class 'psychopy.visual.text.TextStim'>, alignHoriz=method-wrapper(...), alignText='center', alignVert=method-wrapper(...), anchorHoriz='center', anchorVert='center', antialias=True, autoDraw=False, autoLog=True, bold=False, color=array([1., 1., 1.]), colorSpace='rgb', contrast=1.0, depth=0.0, draggable=False, flipHoriz=False, flipVert=False, font='Arial', fontFiles=[], height=np.float64(0.05), italic=False, languageStyle='LTR', name='text', opacity=1, ori=0.0, pos=array([0., 0.]), rgb=UNKNOWN, text=str(...), units='height', win=Window(...), wrapWidth=1)
11.8890 	EXP 	Created intstructs = TextStim(__class__=<class 'psychopy.visual.text.TextStim'>, alignHoriz=method-wrapper(...), alignText='center', alignVert=method-wrapper(...), anchorHoriz='center', anchorVert='center', antialias=True, autoDraw=False, autoLog=True, bold=False, color=array([1., 1., 1.]), colorSpace='rgb', contrast=1.0, depth=0.0, draggable=False, flipHoriz=False, flipVert=False, font='Arial', fontFiles=[], height=np.float64(0.05), italic=False, languageStyle='LTR', name='intstructs', opacity=1, ori=0.0, pos=array([0., 0.]), rgb=UNKNOWN, text=str(...), units='height', win=Window(...), wrapWidth=1)
11.8912 	EXP 	Created fix = TextStim(__class__=<class 'psychopy.visual.text.TextStim'>, alignHoriz=method-wrapper(...), alignText='center', alignVert=method-wrapper(...), anchorHoriz='center', anchorVert='center', antialias=True, autoDraw=False, autoLog=True, bold=False, color=array([1., 1., 1.]), colorSpace='rgb', contrast=1.0, depth=-1.0, draggable=False, flipHoriz=False, flipVert=False, font='Open Sans', fontFiles=[], height=np.float64(0.1), italic=False, languageStyle='LTR', name='fix', opacity=1, ori=0.0, pos=array([0., 0.]), rgb=UNKNOWN, text='+', units='height', win=Window(...), wrapWidth=1)
11.8971 	DEBUG 	TextBox2 loaded 1 chars with 0 blanks and 1 valid
11.8976 	DEBUG 	TextBox2 loaded 1 chars with 0 blanks and 1 valid
11.8982 	DEBUG 	TextBox2 loaded 1 chars with 0 blanks and 1 valid
11.8986 	DEBUG 	TextBox2 loaded 1 chars with 0 blanks and 1 valid
11.8988 	DEBUG 	TextBox2 loaded 1 chars with 0 blanks and 1 valid
11.8990 	DEBUG 	TextBox2 loaded 1 chars with 0 blanks and 1 valid
11.8995 	DEBUG 	TextBox2 loaded 1 chars with 0 blanks and 1 valid
11.8999 	DEBUG 	TextBox2 loaded 1 chars with 0 blanks and 1 valid
11.9001 	DEBUG 	TextBox2 loaded 1 chars with 0 blanks and 1 valid
11.9002 	DEBUG 	Uploading Texture Font fontname to graphics card
11.9023 	DEBUG 	Upload of Texture Font fontname complete
11.9226 	DEBUG 	TextBox2 loaded 1 chars with 0 blanks and 1 valid
11.9227 	DEBUG 	Uploading Texture Font fontname to graphics card
11.9248 	DEBUG 	Upload of Texture Font fontname complete
11.9348 	DEBUG 	TextBox2 loaded 1 chars with 0 blanks and 1 valid
11.9423 	DEBUG 	TextBox2 loaded 1 chars with 0 blanks and 1 valid
11.9497 	DEBUG 	TextBox2 loaded 1 chars with 0 blanks and 1 valid
11.9572 	DEBUG 	TextBox2 loaded 1 chars with 0 blanks and 1 valid
11.9645 	DEBUG 	TextBox2 loaded 1 chars with 0 blanks and 1 valid
11.9719 	DEBUG 	TextBox2 loaded 1 chars with 0 blanks and 1 valid
11.9794 	DEBUG 	TextBox2 loaded 1 chars with 0 blanks and 1 valid
11.9867 	DEBUG 	TextBox2 loaded 1 chars with 0 blanks and 1 valid
11.9942 	DEBUG 	TextBox2 loaded 1 chars with 0 blanks and 1 valid
12.0015 	DEBUG 	TextBox2 loaded 1 chars with 0 blanks and 1 valid
12.0017 	DEBUG 	Uploading Texture Font fontname to graphics card
12.0031 	DEBUG 	Upload of Texture Font fontname complete
12.0130 	DEBUG 	TextBox2 loaded 1 chars with 0 blanks and 1 valid
12.0131 	DEBUG 	Uploading Texture Font fontname to graphics card
12.0145 	DEBUG 	Upload of Texture Font fontname complete
12.0267 	DEBUG 	TextBox2 loaded 1 chars with 0 blanks and 1 valid
12.0268 	DEBUG 	Uploading Texture Font fontname to graphics card
12.0286 	DEBUG 	Upload of Texture Font fontname complete
12.0407 	DEBUG 	TextBox2 loaded 1 chars with 0 blanks and 1 valid
12.0408 	DEBUG 	Uploading Texture Font fontname to graphics card
12.0422 	DEBUG 	Upload of Texture Font fontname complete
12.0543 	DEBUG 	TextBox2 loaded 1 chars with 0 blanks and 1 valid
12.0544 	DEBUG 	Uploading Texture Font fontname to graphics card
12.0558 	DEBUG 	Upload of Texture Font fontname complete
12.0679 	DEBUG 	TextBox2 loaded 1 chars with 0 blanks and 1 valid
12.0680 	DEBUG 	Uploading Texture Font fontname to graphics card
12.0694 	DEBUG 	Upload of Texture Font fontname complete
12.0814 	DEBUG 	TextBox2 loaded 1 chars with 0 blanks and 1 valid
12.0815 	DEBUG 	Uploading Texture Font fontname to graphics card
12.0829 	DEBUG 	Upload of Texture Font fontname complete
12.0950 	DEBUG 	TextBox2 loaded 1 chars with 0 blanks and 1 valid
12.0950 	DEBUG 	Uploading Texture Font fontname to graphics card
12.0965 	DEBUG 	Upload of Texture Font fontname complete
12.1085 	DEBUG 	TextBox2 loaded 1 chars with 0 blanks and 1 valid
12.1086 	DEBUG 	Uploading Texture Font fontname to graphics card
12.1100 	DEBUG 	Upload of Texture Font fontname complete
12.1220 	DEBUG 	TextBox2 loaded 1 chars with 0 blanks and 1 valid
12.1221 	DEBUG 	Uploading Texture Font fontname to graphics card
12.1235 	DEBUG 	Upload of Texture Font fontname complete
12.1452 	EXP 	Created slider_3 = Slider(__class__=<class 'psychopy.visual.slider.Slider'>, autoDraw=False, autoLog=True, borderColor=None, color=None, colorSpace='rgb', depth=-2, fillColor=None, flip=False, font='Noto Sans', granularity=1, labelColor=None, labelHeight=np.float64(0.05), labelWrapWidth=None, labels=(0, 1, 2, 3, 4, 5, 6, 7, 8, 9), lineColor=None, markerColor=None, name='slider_3', opacity=None, ori=0.0, pos=array([ 0. , -0.4]), readOnly=False, self=UNKNOWN, size=array([1. , 0.1]), startValue=None, style='choice', styleTweaks=[], ticks=array([0, 1, 2, 3, 4, 5, 6, 7, 8, 9]), units='norm', win=Window(...))
12.1519 	EXP 	Created text_2 = TextStim(__class__=<class 'psychopy.visual.text.TextStim'>, alignHoriz=method-wrapper(...), alignText='center', alignVert=method-wrapper(...), anchorHoriz='center', anchorVert='center', antialias=True, autoDraw=False, autoLog=True, bold=False, color=array([1., 1., 1.]), colorSpace='rgb', contrast=1.0, depth=0.0, draggable=False, flipHoriz=False, flipVert=False, font='Arial', fontFiles=[], height=np.float64(0.05), italic=False, languageStyle='LTR', name='text_2', opacity=1, ori=0.0, pos=array([0., 0.]), rgb=UNKNOWN, text=str(...), units='height', win=Window(...), wrapWidth=1)
12.1526 	EXP 	Created fix = TextStim(__class__=<class 'psychopy.visual.text.TextStim'>, alignHoriz=method-wrapper(...), alignText='center', alignVert=method-wrapper(...), anchorHoriz='center', anchorVert='center', antialias=True, autoDraw=False, autoLog=True, bold=False, color=array([1., 1., 1.]), colorSpace='rgb', contrast=1.0, depth=-1.0, draggable=False, flipHoriz=False, flipVert=False, font='Open Sans', fontFiles=[], height=np.float64(0.1), italic=False, languageStyle='LTR', name='fix', opacity=1, ori=0.0, pos=array([0., 0.]), rgb=UNKNOWN, text='+', units='height', win=Window(...), wrapWidth=1)
12.1544 	EXP 	Created prog_3 = Progress(__class__=<class 'psychopy.visual.progress.Progress'>, anchor=('left', 'top'), autoDraw=False, autoLog=True, closeShape=True, color=method-wrapper(...), colorSpace='rgb', contrast=None, depth=-1, draggable=False, fillColor=array([-1.    ,  0.5373, -1.    ]), fillColorSpace='rgb', fillRGB=array([-1.    ,  0.5373, -1.    ]), interpolate=True, lineColor=array([1., 1., 1.]), lineColorSpace='rgb', lineRGB=array([1, 1, 1]), lineWidth=4.0, name='prog_3', opacity=1.0, ori=0.0, pos=array([-0.5,  0.5]), size=array([1. , 0.1]), units='norm', vertices=ndarray(...), win=Window(...), windingRule=None)
12.1551 	EXP 	Created prog_3Bar = ShapeStim(__class__=<class 'psychopy.visual.shape.ShapeStim'>, anchor=('left', 'top'), autoDraw=False, autoLog=True, closeShape=True, color=method-wrapper(...), colorSpace='rgb', contrast=None, depth=-1, draggable=False, fillColor=array([ 1., -1., -1.]), fillColorSpace='rgb', fillRGB=array([ 1., -1., -1.]), interpolate=True, lineColor=array([0., 0., 0.]), lineColorSpace='rgb', lineRGB=array([0, 0, 0]), lineWidth=1.5, name='prog_3Bar', opacity=1.0, ori=0.0, pos=array([-0.5,  0.5]), size=array([1. , 0.1]), units='norm', vertices=ndarray(...), win=Window(...), windingRule=None)
12.1557 	EXP 	Created greenbar_3 = Rect(__class__=<class 'psychopy.visual.rect.Rect'>, anchor=('left', 'center'), autoDraw=False, autoLog=True, closeShape=True, color=method-wrapper(...), colorSpace='rgb', contrast=None, depth=-2.0, draggable=False, fillColor=array([-1.    ,  0.0039, -1.    ]), fillColorSpace='rgb', fillRGB=array([-1.    ,  0.0039, -1.    ]), interpolate=True, lineColor=array([1., 1., 1.]), lineColorSpace='rgb', lineRGB=array([1, 1, 1]), lineWidth=1.0, name='greenbar_3', opacity=1, ori=0.0, pos=array([0.33333333, 0.7       ]), size=array([0.66666667, 0.1       ]), units='norm', vertices=ndarray(...), win=Window(...))
12.1562 	EXP 	Created yellowbar_3 = Rect(__class__=<class 'psychopy.visual.rect.Rect'>, anchor=('left', 'center'), autoDraw=False, autoLog=True, closeShape=True, color=method-wrapper(...), colorSpace='rgb', contrast=None, depth=-3.0, draggable=False, fillColor=array([ 1.,  1., -1.]), fillColorSpace='rgb', fillRGB=array([ 1.,  1., -1.]), interpolate=True, lineColor=array([1., 1., 1.]), lineColorSpace='rgb', lineRGB=array([1, 1, 1]), lineWidth=1.0, name='yellowbar_3', opacity=1, ori=0.0, pos=array([-0.33333333,  0.7       ]), size=array([0.66666667, 0.1       ]), units='norm', vertices=ndarray(...), win=Window(...))
12.1567 	EXP 	Created redbar_3 = Rect(__class__=<class 'psychopy.visual.rect.Rect'>, anchor=('left', 'center'), autoDraw=False, autoLog=True, closeShape=True, color=method-wrapper(...), colorSpace='rgb', contrast=None, depth=-4.0, draggable=False, fillColor=array([ 1., -1., -1.]), fillColorSpace='rgb', fillRGB=array([ 1., -1., -1.]), interpolate=True, lineColor=array([1., 1., 1.]), lineColorSpace='rgb', lineRGB=array([1, 1, 1]), lineWidth=1.0, name='redbar_3', opacity=1, ori=0.0, pos=array([-1. ,  0.7]), size=array([0.66666667, 0.1       ]), units='norm', vertices=ndarray(...), win=Window(...))
12.1574 	EXP 	Created arrow_3 = ShapeStim(__class__=<class 'psychopy.visual.shape.ShapeStim'>, anchor=('center', 'center'), autoDraw=False, autoLog=True, closeShape=True, color=method-wrapper(...), colorSpace='rgb', contrast=None, depth=-5.0, draggable=False, fillColor=array([1, 1, 1]), fillColorSpace='rgb', fillRGB=array([1, 1, 1]), interpolate=True, lineColor=array([1., 1., 1.]), lineColorSpace='rgb', lineRGB=array([1, 1, 1]), lineWidth=1.0, name='arrow_3', opacity=1, ori=0.0, pos=array([0., 0.]), size=array([0.05, 0.05]), units='norm', vertices=ndarray(...), win=Window(...), windingRule=None)
12.2272 	EXP 	Created slider_4 = Slider(__class__=<class 'psychopy.visual.slider.Slider'>, autoDraw=False, autoLog=True, borderColor=None, color=None, colorSpace='rgb', depth=-7, fillColor=None, flip=False, font='Noto Sans', granularity=1, labelColor=None, labelHeight=np.float64(0.05), labelWrapWidth=None, labels=(0, 1, 2, 3, 4, 5, 6, 7, 8, 9), lineColor=None, markerColor=None, name='slider_4', opacity=None, ori=0.0, pos=array([ 0. , -0.4]), readOnly=False, self=UNKNOWN, size=array([1. , 0.1]), startValue=None, style='choice', styleTweaks=[], ticks=array([0, 1, 2, 3, 4, 5, 6, 7, 8, 9]), units='norm', win=Window(...))
12.2328 	EXP 	Created text_3 = TextStim(__class__=<class 'psychopy.visual.text.TextStim'>, alignHoriz=method-wrapper(...), alignText='center', alignVert=method-wrapper(...), anchorHoriz='center', anchorVert='center', antialias=True, autoDraw=False, autoLog=True, bold=False, color=array([1., 1., 1.]), colorSpace='rgb', contrast=1.0, depth=0.0, draggable=False, flipHoriz=False, flipVert=False, font='Arial', fontFiles=[], height=np.float64(0.05), italic=False, languageStyle='LTR', name='text_3', opacity=1, ori=0.0, pos=array([0., 0.]), rgb=UNKNOWN, text='Training instructions here', units='height', win=Window(...), wrapWidth=1)
12.2335 	EXP 	Created fix = TextStim(__class__=<class 'psychopy.visual.text.TextStim'>, alignHoriz=method-wrapper(...), alignText='center', alignVert=method-wrapper(...), anchorHoriz='center', anchorVert='center', antialias=True, autoDraw=False, autoLog=True, bold=False, color=array([1., 1., 1.]), colorSpace='rgb', contrast=1.0, depth=-1.0, draggable=False, flipHoriz=False, flipVert=False, font='Open Sans', fontFiles=[], height=np.float64(0.1), italic=False, languageStyle='LTR', name='fix', opacity=1, ori=0.0, pos=array([0., 0.]), rgb=UNKNOWN, text='+', units='height', win=Window(...), wrapWidth=1)
12.3027 	EXP 	Created slider_training = Slider(__class__=<class 'psychopy.visual.slider.Slider'>, autoDraw=False, autoLog=True, borderColor=None, color=None, colorSpace='rgb', depth=-2, fillColor=None, flip=False, font='Noto Sans', granularity=1, labelColor=None, labelHeight=np.float64(0.05), labelWrapWidth=None, labels=(0, 1, 2, 3, 4, 5, 6, 7, 8, 9), lineColor=None, markerColor=None, name='slider_training', opacity=None, ori=0.0, pos=array([ 0. , -0.4]), readOnly=False, self=UNKNOWN, size=array([1. , 0.1]), startValue=None, style='choice', styleTweaks=[], ticks=array([0, 1, 2, 3, 4, 5, 6, 7, 8, 9]), units='norm', win=Window(...))
12.3076 	EXP 	Created fix = TextStim(__class__=<class 'psychopy.visual.text.TextStim'>, alignHoriz=method-wrapper(...), alignText='center', alignVert=method-wrapper(...), anchorHoriz='center', anchorVert='center', antialias=True, autoDraw=False, autoLog=True, bold=False, color=array([1., 1., 1.]), colorSpace='rgb', contrast=1.0, depth=-1.0, draggable=False, flipHoriz=False, flipVert=False, font='Open Sans', fontFiles=[], height=np.float64(0.1), italic=False, languageStyle='LTR', name='fix', opacity=1, ori=0.0, pos=array([0., 0.]), rgb=UNKNOWN, text='+', units='height', win=Window(...), wrapWidth=1)
12.3084 	EXP 	Created prog = Progress(__class__=<class 'psychopy.visual.progress.Progress'>, anchor=('left', 'top'), autoDraw=False, autoLog=True, closeShape=True, color=method-wrapper(...), colorSpace='rgb', contrast=None, depth=-1, draggable=False, fillColor=array([-1.    ,  0.5373, -1.    ]), fillColorSpace='rgb', fillRGB=array([-1.    ,  0.5373, -1.    ]), interpolate=True, lineColor=array([1., 1., 1.]), lineColorSpace='rgb', lineRGB=array([1, 1, 1]), lineWidth=4.0, name='prog', opacity=1.0, ori=0.0, pos=array([-0.5,  0.5]), size=array([1. , 0.1]), units='norm', vertices=ndarray(...), win=Window(...), windingRule=None)
12.3091 	EXP 	Created progBar = ShapeStim(__class__=<class 'psychopy.visual.shape.ShapeStim'>, anchor=('left', 'top'), autoDraw=False, autoLog=True, closeShape=True, color=method-wrapper(...), colorSpace='rgb', contrast=None, depth=-1, draggable=False, fillColor=array([ 1., -1., -1.]), fillColorSpace='rgb', fillRGB=array([ 1., -1., -1.]), interpolate=True, lineColor=array([0., 0., 0.]), lineColorSpace='rgb', lineRGB=array([0, 0, 0]), lineWidth=1.5, name='progBar', opacity=1.0, ori=0.0, pos=array([-0.5,  0.5]), size=array([1. , 0.1]), units='norm', vertices=ndarray(...), win=Window(...), windingRule=None)
12.3096 	EXP 	Created greenbar = Rect(__class__=<class 'psychopy.visual.rect.Rect'>, anchor=('left', 'center'), autoDraw=False, autoLog=True, closeShape=True, color=method-wrapper(...), colorSpace='rgb', contrast=None, depth=-2.0, draggable=False, fillColor=array([-1.    ,  0.0039, -1.    ]), fillColorSpace='rgb', fillRGB=array([-1.    ,  0.0039, -1.    ]), interpolate=True, lineColor=array([1., 1., 1.]), lineColorSpace='rgb', lineRGB=array([1, 1, 1]), lineWidth=1.0, name='greenbar', opacity=1, ori=0.0, pos=array([0.33333333, 0.7       ]), size=array([0.66666667, 0.1       ]), units='norm', vertices=ndarray(...), win=Window(...))
12.3101 	EXP 	Created yellowbar = Rect(__class__=<class 'psychopy.visual.rect.Rect'>, anchor=('left', 'center'), autoDraw=False, autoLog=True, closeShape=True, color=method-wrapper(...), colorSpace='rgb', contrast=None, depth=-3.0, draggable=False, fillColor=array([ 1.,  1., -1.]), fillColorSpace='rgb', fillRGB=array([ 1.,  1., -1.]), interpolate=True, lineColor=array([1., 1., 1.]), lineColorSpace='rgb', lineRGB=array([1, 1, 1]), lineWidth=1.0, name='yellowbar', opacity=1, ori=0.0, pos=array([-0.33333333,  0.7       ]), size=array([0.66666667, 0.1       ]), units='norm', vertices=ndarray(...), win=Window(...))
12.3106 	EXP 	Created redbar = Rect(__class__=<class 'psychopy.visual.rect.Rect'>, anchor=('left', 'center'), autoDraw=False, autoLog=True, closeShape=True, color=method-wrapper(...), colorSpace='rgb', contrast=None, depth=-4.0, draggable=False, fillColor=array([ 1., -1., -1.]), fillColorSpace='rgb', fillRGB=array([ 1., -1., -1.]), interpolate=True, lineColor=array([1., 1., 1.]), lineColorSpace='rgb', lineRGB=array([1, 1, 1]), lineWidth=1.0, name='redbar', opacity=1, ori=0.0, pos=array([-1. ,  0.7]), size=array([0.66666667, 0.1       ]), units='norm', vertices=ndarray(...), win=Window(...))
12.3115 	EXP 	Created arrow = ShapeStim(__class__=<class 'psychopy.visual.shape.ShapeStim'>, anchor=('center', 'center'), autoDraw=False, autoLog=True, closeShape=True, color=method-wrapper(...), colorSpace='rgb', contrast=None, depth=-5.0, draggable=False, fillColor=array([1, 1, 1]), fillColorSpace='rgb', fillRGB=array([1, 1, 1]), interpolate=True, lineColor=array([1., 1., 1.]), lineColorSpace='rgb', lineRGB=array([1, 1, 1]), lineWidth=1.0, name='arrow', opacity=1, ori=0.0, pos=array([0., 0.]), size=array([0.05, 0.05]), units='norm', vertices=ndarray(...), win=Window(...), windingRule=None)
12.3825 	EXP 	Created slider = Slider(__class__=<class 'psychopy.visual.slider.Slider'>, autoDraw=False, autoLog=True, borderColor=None, color=None, colorSpace='rgb', depth=-7, fillColor=None, flip=False, font='Noto Sans', granularity=1, labelColor=None, labelHeight=np.float64(0.05), labelWrapWidth=None, labels=(0, 1, 2, 3, 4, 5, 6, 7, 8, 9), lineColor=None, markerColor=None, name='slider', opacity=None, ori=0.0, pos=array([ 0. , -0.4]), readOnly=False, self=UNKNOWN, size=array([1. , 0.1]), startValue=None, style='choice', styleTweaks=[], ticks=array([0, 1, 2, 3, 4, 5, 6, 7, 8, 9]), units='norm', win=Window(...))
0.0026 	EXP 	textbox_4: autoLog = True
0.0026 	EXP 	slider_3: autoLog = True
0.0026 	EXP 	slider_3: styleTweaks = []
0.0026 	EXP 	slider_3: styleTweaks = []
0.0026 	EXP 	slider_3: styleTweaks = []
0.0026 	EXP 	slider_3: styleTweaks = []
0.0026 	EXP 	slider_3: contrast = 1.0
0.0026 	EXP 	slider_3: markerPos = None
0.0026 	EXP 	slider_3: autoLog = True
0.0026 	EXP 	textbox_2: autoLog = True
0.0026 	EXP 	prog_3: direction = 'horizontal'
0.0026 	EXP 	prog_3: progress = 0.0
0.0026 	EXP 	textbox_5: autoLog = True
0.0026 	EXP 	slider_4: autoLog = True
0.0026 	EXP 	slider_4: styleTweaks = []
0.0026 	EXP 	slider_4: styleTweaks = []
0.0026 	EXP 	slider_4: styleTweaks = []
0.0026 	EXP 	slider_4: styleTweaks = []
0.0026 	EXP 	slider_4: contrast = 1.0
0.0026 	EXP 	slider_4: markerPos = None
0.0026 	EXP 	slider_4: autoLog = True
0.0026 	EXP 	textbox_2: autoLog = True
0.0026 	EXP 	textbox_3: autoLog = True
0.0026 	EXP 	slider_training: autoLog = True
0.0026 	EXP 	slider_training: styleTweaks = []
0.0026 	EXP 	slider_training: styleTweaks = []
0.0026 	EXP 	slider_training: styleTweaks = []
0.0026 	EXP 	slider_training: styleTweaks = []
0.0026 	EXP 	slider_training: contrast = 1.0
0.0026 	EXP 	slider_training: markerPos = None
0.0026 	EXP 	slider_training: autoLog = True
0.0026 	EXP 	textbox_2: autoLog = True
0.0026 	EXP 	prog: direction = 'horizontal'
0.0026 	EXP 	prog: progress = 0.0
0.0026 	EXP 	textbox: autoLog = True
0.0026 	EXP 	slider: autoLog = True
0.0026 	EXP 	slider: styleTweaks = []
0.0026 	EXP 	slider: styleTweaks = []
0.0026 	EXP 	slider: styleTweaks = []
0.0026 	EXP 	slider: styleTweaks = []
0.0026 	EXP 	slider: contrast = 1.0
0.0026 	EXP 	slider: markerPos = None
0.0026 	EXP 	slider: autoLog = True
0.0026 	EXP 	textbox_2: autoLog = True
0.0134 	INFO 	Keyboard events cleared
0.0134 	EXP 	text: autoDraw = True
1.3934 	EXP 	Device response: <KeyPress from None: t=1.2882734999993772, value=l, duration=None>
1.3971 	DATA 	Keypress: l
1.3995 	INFO 	Keyboard events cleared
1.3994 	EXP 	text: autoDraw = False
1.3994 	EXP 	intstructs: autoDraw = True
1.4262 	EXP 	Device response: <KeyPress from None: t=1.2882734999993772, value=l, duration=0.134958208000171>
1.6428 	EXP 	Device response: <KeyPress from None: t=1.6392314999993687, value=space, duration=None>
1.6445 	DATA 	Keypress: space
1.6516 	DEBUG 	Read excel file with openpyxl: practice_difficulty.xlsx
1.6517 	EXP 	Imported practice_difficulty.xlsx as conditions, 3 conditions, 1 params
1.6551 	EXP 	intstructs: autoDraw = False
1.6551 	EXP 	text_2: autoDraw = True
1.7626 	EXP 	Device response: <KeyPress from None: t=1.6392314999993687, value=space, duration=0.11002179100069043>
3.6479 	DEBUG 	Read excel file with openpyxl: practice_difficulty.xlsx
3.6481 	EXP 	Imported practice_difficulty.xlsx as conditions, 3 conditions, 1 params
3.6524 	EXP 	text_2: autoDraw = False
3.6524 	EXP 	text_2: autoDraw = False
3.6524 	EXP 	text_3: autoDraw = True
5.6547 	DEBUG 	Read csv file with pandas: training.csv
5.6578 	DEBUG 	Clearing unnamed columns from training.csv
5.6584 	EXP 	Imported training.csv as conditions, 5 conditions, 2 params
5.6590 	EXP 	New trial (rep=0, index=0): <Trial 0 (0 in rep 0) data={'train_diff': 'med2', 'train_time': np.int64(5), 'thisN': 0, 'thisTrialN': 0, 'thisRepN': 0}>
5.6638 	EXP 	New trial (rep=0, index=0): <Trial 0 (0 in rep 0) data={'thisN': 0, 'thisTrialN': 0, 'thisRepN': 0}>
5.6682 	EXP 	text_3: autoDraw = False
5.6682 	EXP 	text_3: autoDraw = False
5.6682 	EXP 	fix: autoDraw = True
6.1532 	DEBUG 	TextBox2 loaded 1 chars with 0 blanks and 1 valid
6.1550 	DEBUG 	TextBox2 loaded 1 chars with 0 blanks and 1 valid
6.1559 	DEBUG 	TextBox2 loaded 1 chars with 0 blanks and 1 valid
6.1572 	DEBUG 	TextBox2 loaded 1 chars with 0 blanks and 1 valid
6.1584 	DEBUG 	TextBox2 loaded 1 chars with 0 blanks and 1 valid
6.1598 	DEBUG 	TextBox2 loaded 1 chars with 0 blanks and 1 valid
6.1612 	DEBUG 	TextBox2 loaded 1 chars with 0 blanks and 1 valid
6.1621 	DEBUG 	TextBox2 loaded 1 chars with 0 blanks and 1 valid
6.1634 	DEBUG 	TextBox2 loaded 1 chars with 0 blanks and 1 valid
6.1636 	DEBUG 	Uploading Texture Font fontname to graphics card
6.1681 	DEBUG 	Upload of Texture Font fontname complete
6.1893 	INFO 	Keyboard events cleared
6.1892 	EXP 	fix: autoDraw = False
6.1892 	EXP 	slider_training: markerPos = None
6.1892 	EXP 	slider_training: markerPos = None
6.1892 	EXP 	textbox_3: autoDraw = True
6.1892 	EXP 	slider_training: autoDraw = True
6.8206 	DATA 	Keypress: 5
6.8277 	EXP 	Device response: <KeyPress from None: t=6.8142149159994005, value=5, duration=None>
6.8286 	DEBUG 	TextBox2 loaded 1 chars with 0 blanks and 1 valid
6.8291 	DEBUG 	TextBox2 loaded 1 chars with 0 blanks and 1 valid
6.8296 	DEBUG 	TextBox2 loaded 1 chars with 0 blanks and 1 valid
6.8301 	DEBUG 	TextBox2 loaded 1 chars with 0 blanks and 1 valid
6.8306 	DEBUG 	TextBox2 loaded 1 chars with 0 blanks and 1 valid
6.8309 	DEBUG 	TextBox2 loaded 1 chars with 0 blanks and 1 valid
6.8310 	DEBUG 	Uploading Texture Font fontname to graphics card
6.8326 	DEBUG 	Upload of Texture Font fontname complete
6.8399 	EXP 	textbox_3: autoDraw = False
6.8399 	EXP 	slider_training: autoDraw = False
6.8399 	EXP 	textbox_2: autoDraw = True
6.9623 	EXP 	Device response: <KeyPress from None: t=6.8142149159994005, value=5, duration=0.1420405840008243>
7.8312 	EXP 	New trial (rep=1, index=0): <Trial 1 (0 in rep 1) data={'thisN': 1, 'thisTrialN': 0, 'thisRepN': 1}>
7.8411 	EXP 	textbox_2: autoDraw = False
7.8411 	EXP 	fix: autoDraw = True
8.3418 	DEBUG 	TextBox2 loaded 1 chars with 0 blanks and 1 valid
8.3421 	DEBUG 	Uploading Texture Font fontname to graphics card
8.3459 	DEBUG 	Upload of Texture Font fontname complete
8.3602 	INFO 	Keyboard events cleared
8.3602 	EXP 	fix: autoDraw = False
8.3602 	EXP 	slider_training: markerPos = None
8.3602 	EXP 	slider_training: markerPos = None
8.3602 	EXP 	textbox_3: autoDraw = True
8.3602 	EXP 	slider_training: autoDraw = True
9.1618 	EXP 	Device response: <KeyPress from None: t=9.156242749999365, value=4, duration=None>
9.1637 	DATA 	Keypress: 4
9.1741 	EXP 	textbox_3: autoDraw = False
9.1741 	EXP 	slider_training: autoDraw = False
9.1741 	EXP 	textbox_2: autoDraw = True
9.2692 	EXP 	Device response: <KeyPress from None: t=9.156242749999365, value=4, duration=0.11197333300060563>
10.1645 	EXP 	New trial (rep=2, index=0): <Trial 2 (0 in rep 2) data={'thisN': 2, 'thisTrialN': 0, 'thisRepN': 2}>
10.1750 	EXP 	textbox_2: autoDraw = False
10.1750 	EXP 	fix: autoDraw = True
10.6779 	DEBUG 	TextBox2 loaded 1 chars with 0 blanks and 1 valid
10.6799 	DEBUG 	TextBox2 loaded 1 chars with 0 blanks and 1 valid
10.6804 	DEBUG 	Uploading Texture Font fontname to graphics card
10.6846 	DEBUG 	Upload of Texture Font fontname complete
10.7000 	INFO 	Keyboard events cleared
10.6999 	EXP 	fix: autoDraw = False
10.6999 	EXP 	slider_training: markerPos = None
10.6999 	EXP 	slider_training: markerPos = None
10.6999 	EXP 	textbox_3: autoDraw = True
10.6999 	EXP 	slider_training: autoDraw = True
11.1091 	EXP 	Device response: <KeyPress from None: t=11.105230707999908, value=8, duration=None>
11.1109 	DATA 	Keypress: 8
11.1215 	EXP 	textbox_3: autoDraw = False
11.1215 	EXP 	slider_training: autoDraw = False
11.1215 	EXP 	textbox_2: autoDraw = True
11.2568 	EXP 	Device response: <KeyPress from None: t=11.105230707999908, value=8, duration=0.1389896669998052>
12.1111 	EXP 	New trial (rep=3, index=0): <Trial 3 (0 in rep 3) data={'thisN': 3, 'thisTrialN': 0, 'thisRepN': 3}>
12.1229 	EXP 	textbox_2: autoDraw = False
12.1229 	EXP 	fix: autoDraw = True
12.6358 	INFO 	Keyboard events cleared
12.6358 	EXP 	fix: autoDraw = False
12.6358 	EXP 	slider_training: markerPos = None
12.6358 	EXP 	slider_training: markerPos = None
12.6358 	EXP 	textbox_3: autoDraw = True
12.6358 	EXP 	slider_training: autoDraw = True
12.9498 	EXP 	Device response: <KeyPress from None: t=12.944200207999529, value=3, duration=None>
12.9515 	DATA 	Keypress: 3
12.9621 	EXP 	textbox_3: autoDraw = False
12.9621 	EXP 	slider_training: autoDraw = False
12.9621 	EXP 	textbox_2: autoDraw = True
12.9631 	EXP 	Device response: <KeyPress from None: t=12.959190165999644, value=4, duration=None>
12.9641 	DATA 	Keypress: 4
13.0436 	EXP 	Device response: <KeyPress from None: t=12.959190165999644, value=4, duration=0.07704587500029447>
13.0570 	EXP 	Device response: <KeyPress from None: t=12.944200207999529, value=3, duration=0.10501637500055949>
13.9518 	EXP 	New trial (rep=4, index=0): <Trial 4 (0 in rep 4) data={'thisN': 4, 'thisTrialN': 0, 'thisRepN': 4}>
13.9628 	EXP 	textbox_2: autoDraw = False
13.9628 	EXP 	fix: autoDraw = True
14.4674 	DEBUG 	TextBox2 loaded 1 chars with 0 blanks and 1 valid
14.4681 	DEBUG 	Uploading Texture Font fontname to graphics card
14.4721 	DEBUG 	Upload of Texture Font fontname complete
14.4899 	INFO 	Keyboard events cleared
14.4899 	EXP 	fix: autoDraw = False
14.4899 	EXP 	slider_training: markerPos = None
14.4899 	EXP 	slider_training: markerPos = None
14.4899 	EXP 	textbox_3: autoDraw = True
14.4899 	EXP 	slider_training: autoDraw = True
14.8770 	DATA 	Keypress: 6
14.8840 	EXP 	Device response: <KeyPress from None: t=14.871197165999547, value=6, duration=None>
14.8962 	EXP 	textbox_3: autoDraw = False
14.8962 	EXP 	slider_training: autoDraw = False
14.8962 	EXP 	textbox_2: autoDraw = True
15.0452 	EXP 	Device response: <KeyPress from None: t=14.871197165999547, value=6, duration=0.16207341700010147>
15.8858 	EXP 	New trial (rep=5, index=0): <Trial 5 (0 in rep 5) data={'thisN': 5, 'thisTrialN': 0, 'thisRepN': 5}>
15.8971 	EXP 	textbox_2: autoDraw = False
15.8971 	EXP 	fix: autoDraw = True
16.4122 	INFO 	Keyboard events cleared
16.4121 	EXP 	fix: autoDraw = False
16.4121 	EXP 	slider_training: markerPos = None
16.4121 	EXP 	slider_training: markerPos = None
16.4121 	EXP 	textbox_3: autoDraw = True
16.4121 	EXP 	slider_training: autoDraw = True
16.5974 	DATA 	Keypress: 9
16.6047 	EXP 	Device response: <KeyPress from None: t=16.594178624999586, value=9, duration=None>
16.6168 	EXP 	textbox_3: autoDraw = False
16.6168 	EXP 	slider_training: autoDraw = False
16.6168 	EXP 	textbox_2: autoDraw = True
16.7796 	EXP 	Device response: <KeyPress from None: t=16.594178624999586, value=9, duration=0.17806587500035675>
17.6080 	EXP 	New trial (rep=6, index=0): <Trial 6 (0 in rep 6) data={'thisN': 6, 'thisTrialN': 0, 'thisRepN': 6}>
17.6179 	EXP 	textbox_2: autoDraw = False
17.6179 	EXP 	fix: autoDraw = True
18.1374 	INFO 	Keyboard events cleared
18.1374 	EXP 	fix: autoDraw = False
18.1374 	EXP 	slider_training: markerPos = None
18.1374 	EXP 	slider_training: markerPos = None
18.1374 	EXP 	textbox_3: autoDraw = True
18.1374 	EXP 	slider_training: autoDraw = True
18.3715 	DATA 	Keypress: 4
18.3786 	EXP 	Device response: <KeyPress from None: t=18.36919450000005, value=4, duration=None>
18.3908 	EXP 	textbox_3: autoDraw = False
18.3908 	EXP 	slider_training: autoDraw = False
18.3908 	EXP 	textbox_2: autoDraw = True
18.4859 	EXP 	Device response: <KeyPress from None: t=18.36919450000005, value=4, duration=0.10300566600017191>
19.3801 	EXP 	New trial (rep=7, index=0): <Trial 7 (0 in rep 7) data={'thisN': 7, 'thisTrialN': 0, 'thisRepN': 7}>
19.3922 	EXP 	textbox_2: autoDraw = False
19.3922 	EXP 	fix: autoDraw = True
19.7436 	EXP 	Device response: <KeyPress from None: t=19.73522445799972, value=7, duration=None>
19.7471 	DATA 	Keypress: 7
19.8925 	EXP 	Device response: <KeyPress from None: t=19.73522445799972, value=7, duration=0.15397991700046987>
19.9089 	INFO 	Keyboard events cleared
19.9089 	EXP 	fix: autoDraw = False
19.9089 	EXP 	slider_training: markerPos = None
19.9089 	EXP 	slider_training: markerPos = None
19.9089 	EXP 	textbox_3: autoDraw = True
19.9089 	EXP 	slider_training: autoDraw = True
20.6409 	DATA 	Keypress: 7
20.6465 	EXP 	Device response: <KeyPress from None: t=20.633178332999705, value=7, duration=None>
20.6583 	EXP 	textbox_3: autoDraw = False
20.6583 	EXP 	slider_training: autoDraw = False
20.6583 	EXP 	textbox_2: autoDraw = True
20.7803 	EXP 	Device response: <KeyPress from None: t=20.633178332999705, value=7, duration=0.1380284169999868>
21.6479 	EXP 	New trial (rep=8, index=0): <Trial 8 (0 in rep 8) data={'thisN': 8, 'thisTrialN': 0, 'thisRepN': 8}>
21.6589 	EXP 	textbox_2: autoDraw = False
21.6589 	EXP 	fix: autoDraw = True
22.1595 	DEBUG 	TextBox2 loaded 1 chars with 0 blanks and 1 valid
22.1601 	DEBUG 	Uploading Texture Font fontname to graphics card
22.1643 	DEBUG 	Upload of Texture Font fontname complete
22.1825 	INFO 	Keyboard events cleared
22.1824 	EXP 	fix: autoDraw = False
22.1824 	EXP 	slider_training: markerPos = None
22.1824 	EXP 	slider_training: markerPos = None
22.1824 	EXP 	textbox_3: autoDraw = True
22.1824 	EXP 	slider_training: autoDraw = True
22.2334 	EXP 	Device response: <KeyPress from None: t=22.227183207999587, value=9, duration=None>
22.2348 	DEBUG 	TextBox2 loaded 1 chars with 0 blanks and 1 valid
22.2349 	DEBUG 	Uploading Texture Font fontname to graphics card
22.2368 	DEBUG 	Upload of Texture Font fontname complete
22.2384 	DATA 	Keypress: 9
22.2456 	EXP 	textbox_3: autoDraw = False
22.2456 	EXP 	slider_training: autoDraw = False
22.2456 	EXP 	textbox_2: autoDraw = True
22.3676 	EXP 	Device response: <KeyPress from None: t=22.227183207999587, value=9, duration=0.13202637500035053>
23.2352 	EXP 	New trial (rep=9, index=0): <Trial 9 (0 in rep 9) data={'thisN': 9, 'thisTrialN': 0, 'thisRepN': 9}>
23.2475 	EXP 	textbox_2: autoDraw = False
23.2475 	EXP 	fix: autoDraw = True
23.7046 	EXP 	Device response: <KeyPress from None: t=23.698194458000216, value=4, duration=None>
23.7079 	DATA 	Keypress: 4
23.7628 	INFO 	Keyboard events cleared
23.7628 	EXP 	fix: autoDraw = False
23.7628 	EXP 	slider_training: markerPos = None
23.7628 	EXP 	slider_training: markerPos = None
23.7628 	EXP 	textbox_3: autoDraw = True
23.7628 	EXP 	slider_training: autoDraw = True
23.8604 	EXP 	Device response: <KeyPress from None: t=23.698194458000216, value=4, duration=0.15298041699952591>
24.4205 	EXP 	Device response: <KeyPress from None: t=24.41619616600019, value=4, duration=None>
24.4223 	DATA 	Keypress: 4
24.4330 	EXP 	textbox_3: autoDraw = False
24.4330 	EXP 	slider_training: autoDraw = False
24.4330 	EXP 	textbox_2: autoDraw = True
24.5553 	EXP 	Device response: <KeyPress from None: t=24.41619616600019, value=4, duration=0.13600462499925925>
25.4239 	EXP 	New trial (rep=10, index=0): <Trial 10 (0 in rep 10) data={'thisN': 10, 'thisTrialN': 0, 'thisRepN': 10}>
25.4339 	EXP 	textbox_2: autoDraw = False
25.4339 	EXP 	fix: autoDraw = True
25.9184 	EXP 	Device response: <KeyPress from None: t=25.910203333000027, value=7, duration=None>
25.9215 	DATA 	Keypress: 7
25.9532 	INFO 	Keyboard events cleared
25.9531 	EXP 	fix: autoDraw = False
25.9531 	EXP 	slider_training: markerPos = None
25.9531 	EXP 	slider_training: markerPos = None
25.9531 	EXP 	textbox_3: autoDraw = True
25.9531 	EXP 	slider_training: autoDraw = True
26.0747 	EXP 	Device response: <KeyPress from None: t=25.910203333000027, value=7, duration=0.1529687920001379>
27.9347 	DATA 	Keypress: 6
27.9421 	EXP 	Device response: <KeyPress from None: t=27.931151791000048, value=6, duration=None>
27.9542 	EXP 	textbox_3: autoDraw = False
27.9542 	EXP 	slider_training: autoDraw = False
27.9542 	EXP 	textbox_2: autoDraw = True
28.0774 	EXP 	Device response: <KeyPress from None: t=27.931151791000048, value=6, duration=0.13404179200006183>
28.9433 	EXP 	New trial (rep=11, index=0): <Trial 11 (0 in rep 11) data={'thisN': 11, 'thisTrialN': 0, 'thisRepN': 11}>
28.9551 	EXP 	textbox_2: autoDraw = False
28.9551 	EXP 	fix: autoDraw = True
29.4672 	INFO 	Keyboard events cleared
29.4671 	EXP 	fix: autoDraw = False
29.4671 	EXP 	slider_training: markerPos = None
29.4671 	EXP 	slider_training: markerPos = None
29.4671 	EXP 	textbox_3: autoDraw = True
29.4671 	EXP 	slider_training: autoDraw = True
29.5032 	EXP 	Device response: <KeyPress from None: t=29.50017333300002, value=3, duration=None>
29.5056 	DATA 	Keypress: 3
29.5148 	EXP 	textbox_3: autoDraw = False
29.5148 	EXP 	slider_training: autoDraw = False
29.5148 	EXP 	textbox_2: autoDraw = True
29.6369 	EXP 	Device response: <KeyPress from None: t=29.50017333300002, value=3, duration=0.13304429199979495>
30.5029 	EXP 	New trial (rep=12, index=0): <Trial 12 (0 in rep 12) data={'thisN': 12, 'thisTrialN': 0, 'thisRepN': 12}>
30.5153 	EXP 	textbox_2: autoDraw = False
30.5153 	EXP 	textbox_2: autoDraw = False
30.5153 	EXP 	fix: autoDraw = True
30.9336 	EXP 	Device response: <KeyPress from None: t=30.930156040999464, value=6, duration=None>
30.9354 	DATA 	Keypress: 6
31.0278 	INFO 	Keyboard events cleared
31.0277 	EXP 	fix: autoDraw = False
31.0277 	EXP 	slider_training: markerPos = None
31.0277 	EXP 	slider_training: markerPos = None
31.0277 	EXP 	textbox_3: autoDraw = True
31.0277 	EXP 	slider_training: autoDraw = True
31.1033 	EXP 	Device response: <KeyPress from None: t=30.930156040999464, value=6, duration=0.1629965420006556>
32.3568 	EXP 	Device response: <KeyPress from None: t=32.35118216599949, value=8, duration=None>
32.3587 	DATA 	Keypress: 8
32.3692 	EXP 	textbox_3: autoDraw = False
32.3692 	EXP 	slider_training: autoDraw = False
32.3692 	EXP 	textbox_2: autoDraw = True
32.4770 	EXP 	Device response: <KeyPress from None: t=32.35118216599949, value=8, duration=0.11700220900002023>
33.3589 	EXP 	New trial (rep=13, index=0): <Trial 13 (0 in rep 13) data={'thisN': 13, 'thisTrialN': 0, 'thisRepN': 13}>
33.3707 	EXP 	textbox_2: autoDraw = False
33.3707 	EXP 	fix: autoDraw = True
33.8850 	INFO 	Keyboard events cleared
33.8849 	EXP 	fix: autoDraw = False
33.8849 	EXP 	slider_training: markerPos = None
33.8849 	EXP 	slider_training: markerPos = None
33.8849 	EXP 	textbox_3: autoDraw = True
33.8849 	EXP 	slider_training: autoDraw = True
34.0642 	EXP 	Device response: <KeyPress from None: t=34.06311079099942, value=9, duration=None>
34.0662 	DATA 	Keypress: 9
34.0765 	EXP 	textbox_3: autoDraw = False
34.0765 	EXP 	slider_training: autoDraw = False
34.0765 	EXP 	textbox_2: autoDraw = True
34.2392 	EXP 	Device response: <KeyPress from None: t=34.06311079099942, value=9, duration=0.1620416670002669>
35.0659 	EXP 	New trial (rep=14, index=0): <Trial 14 (0 in rep 14) data={'thisN': 14, 'thisTrialN': 0, 'thisRepN': 14}>
35.0771 	EXP 	textbox_2: autoDraw = False
35.0771 	EXP 	fix: autoDraw = True
35.5951 	INFO 	Keyboard events cleared
35.5950 	EXP 	fix: autoDraw = False
35.5950 	EXP 	slider_training: markerPos = None
35.5950 	EXP 	slider_training: markerPos = None
35.5950 	EXP 	textbox_3: autoDraw = True
35.5950 	EXP 	slider_training: autoDraw = True
35.7318 	EXP 	Device response: <KeyPress from None: t=35.726181874999384, value=5, duration=None>
35.7337 	DATA 	Keypress: 5
35.7438 	EXP 	textbox_3: autoDraw = False
35.7438 	EXP 	slider_training: autoDraw = False
35.7438 	EXP 	textbox_2: autoDraw = True
35.8924 	EXP 	Device response: <KeyPress from None: t=35.726181874999384, value=5, duration=0.1539745000000039>
36.7335 	EXP 	New trial (rep=15, index=0): <Trial 15 (0 in rep 15) data={'thisN': 15, 'thisTrialN': 0, 'thisRepN': 15}>
36.7453 	EXP 	textbox_2: autoDraw = False
36.7453 	EXP 	fix: autoDraw = True
37.2592 	INFO 	Keyboard events cleared
37.2591 	EXP 	fix: autoDraw = False
37.2591 	EXP 	slider_training: markerPos = None
37.2591 	EXP 	slider_training: markerPos = None
37.2591 	EXP 	textbox_3: autoDraw = True
37.2591 	EXP 	slider_training: autoDraw = True
37.4254 	EXP 	Device response: <KeyPress from None: t=37.42016237499956, value=7, duration=None>
37.4273 	DATA 	Keypress: 7
37.4377 	EXP 	textbox_3: autoDraw = False
37.4377 	EXP 	slider_training: autoDraw = False
37.4377 	EXP 	textbox_2: autoDraw = True
37.5463 	EXP 	Device response: <KeyPress from None: t=37.42016237499956, value=7, duration=0.12099633300022106>
38.4267 	EXP 	New trial (rep=16, index=0): <Trial 16 (0 in rep 16) data={'thisN': 16, 'thisTrialN': 0, 'thisRepN': 16}>
38.4386 	EXP 	textbox_2: autoDraw = False
38.4386 	EXP 	fix: autoDraw = True
38.8298 	EXP 	Device response: <KeyPress from None: t=38.82017212499977, value=4, duration=None>
38.8321 	DATA 	Keypress: 4
38.9525 	INFO 	Keyboard events cleared
38.9524 	EXP 	fix: autoDraw = False
38.9524 	EXP 	slider_training: markerPos = None
38.9524 	EXP 	slider_training: markerPos = None
38.9524 	EXP 	textbox_3: autoDraw = True
38.9524 	EXP 	slider_training: autoDraw = True
39.0128 	EXP 	Device response: <KeyPress from None: t=38.82017212499977, value=4, duration=0.1819370829998661>
43.9601 	EXP 	textbox_3: autoDraw = False
43.9601 	EXP 	slider_training: autoDraw = False
43.9601 	EXP 	textbox_2: autoDraw = True
44.9510 	EXP 	New trial (rep=0, index=1): <Trial 1 (1 in rep 0) data={'train_diff': 'easy2', 'train_time': np.int64(5), 'thisN': 1, 'thisTrialN': 1, 'thisRepN': 0}>
44.9553 	EXP 	New trial (rep=0, index=0): <Trial 0 (0 in rep 0) data={'thisN': 0, 'thisTrialN': 0, 'thisRepN': 0}>
44.9611 	EXP 	textbox_2: autoDraw = False
44.9611 	EXP 	fix: autoDraw = True
45.4588 	DEBUG 	TextBox2 loaded 1 chars with 0 blanks and 1 valid
45.4592 	DEBUG 	Uploading Texture Font fontname to graphics card
45.4629 	DEBUG 	Upload of Texture Font fontname complete
45.4779 	INFO 	Keyboard events cleared
45.4778 	EXP 	fix: autoDraw = False
45.4778 	EXP 	slider_training: markerPos = None
45.4778 	EXP 	slider_training: markerPos = None
45.4778 	EXP 	textbox_3: autoDraw = True
45.4778 	EXP 	slider_training: autoDraw = True
46.3756 	EXP 	Device response: <KeyPress from None: t=46.37015316599991, value=escape, duration=None>
46.3840 	DATA 	Keypress: escape
46.5359 	EXP 	Device response: <KeyPress from None: t=46.37015316599991, value=escape, duration=0.15796150000005582>
46.5359 	EXP 	misty_module: status = STOPPED
46.5481 	EXP 	textbox_3: autoDraw = False
46.5481 	EXP 	slider_training: autoDraw = False
46.5489 	EXP 	misty_module: status = STOPPED
46.5530 	INFO 	saved data to '/Users/hackerman/misty_py/data/pilot_misty_module_2026-01-30_18h21.08.261.csv'
46.5540 	INFO 	saved data to /Users/hackerman/misty_py/data/pilot_misty_module_2026-01-30_18h21.08.261.psydat
46.6365 	DEBUG 	Saving data for misty_module ExperimentHandler
46.6371 	WARNING 	Stopping key buffers but this could be dangerous ifother keyboards rely on the same.
