11.3892 	WARNING 	Font Manager failed to load file /System/Library/PrivateFrameworks/FontServices.framework/Resources/Reserved/PingFangUI.ttc
11.4377 	WARNING 	Font Manager failed to load file /System/Library/PrivateFrameworks/FontServices.framework/Resources/Reserved/PingFangUI.ttc
13.7288 	DEBUG 	Fullscreen settings ignored as running in pilot mode.
13.7297 	INFO 	Loaded monitor calibration from ['2026_01_21 12:15']
13.8392 	INFO 	Using renderer 'Apple M4' for graphics
13.8392 	INFO 	OpenGL version supported by driver is 2..
13.8588 	EXP 	Created window1 = Window(allowGUI=False, allowStencil=True, autoLog=True, backendConf=UNKNOWN, backgroundFit=<method-wrapper '__getattribute__' of attributeSetter object at 0x17976d7e0>, backgroundImage=<method-wrapper '__getattribute__' of attributeSetter object at 0x17976d780>, bitsMode=UNKNOWN, blendMode='avg', bpc=(8, 8, 8), color=array([0, 0, 0]), colorSpace='rgb', depthBits=8, fullscr=False, gamma=None, gammaErrorPolicy='raise', infoMsg=UNKNOWN, lms=UNKNOWN, monitor=<psychopy.monitors.calibTools.Monitor object at 0x1797888e0>, multiSample=False, name='window1', numSamples=2, pos=[np.float64(335.0), np.float64(178.0)], screen=0, size=array([1600, 1200]), stencilBits=8, stereo=False, title='PsychoPy', units='height', useFBO=True, useRetina=True, viewOri=0.0, viewPos=None, viewScale=None, waitBlanking=True, winType='pyglet')
13.8588 	EXP 	window1: backgroundImage = ''
13.8588 	EXP 	window1: backgroundFit = 'none'
13.8756 	DEBUG 	TextBox2 loaded 1 chars with 0 blanks and 1 valid
13.8838 	DEBUG 	TextBox2 loaded 1 chars with 0 blanks and 1 valid
13.8920 	DEBUG 	TextBox2 loaded 1 chars with 0 blanks and 1 valid
13.9004 	DEBUG 	TextBox2 loaded 1 chars with 0 blanks and 1 valid
13.9088 	DEBUG 	TextBox2 loaded 1 chars with 0 blanks and 1 valid
13.9168 	DEBUG 	TextBox2 loaded 1 chars with 0 blanks and 1 valid
13.9251 	DEBUG 	TextBox2 loaded 1 chars with 0 blanks and 1 valid
13.9335 	DEBUG 	TextBox2 loaded 1 chars with 0 blanks and 1 valid
13.9415 	DEBUG 	TextBox2 loaded 1 chars with 0 blanks and 1 valid
13.9495 	DEBUG 	TextBox2 loaded 1 chars with 0 blanks and 1 valid
13.9578 	DEBUG 	TextBox2 loaded 1 chars with 0 blanks and 1 valid
13.9661 	DEBUG 	TextBox2 loaded 1 chars with 0 blanks and 1 valid
13.9744 	DEBUG 	TextBox2 loaded 1 chars with 0 blanks and 1 valid
13.9827 	DEBUG 	TextBox2 loaded 1 chars with 0 blanks and 1 valid
13.9909 	DEBUG 	TextBox2 loaded 1 chars with 0 blanks and 1 valid
13.9992 	DEBUG 	TextBox2 loaded 1 chars with 0 blanks and 1 valid
14.0076 	DEBUG 	TextBox2 loaded 1 chars with 0 blanks and 1 valid
14.0157 	DEBUG 	TextBox2 loaded 1 chars with 0 blanks and 1 valid
14.0238 	DEBUG 	TextBox2 loaded 1 chars with 0 blanks and 1 valid
14.0323 	DEBUG 	TextBox2 loaded 1 chars with 0 blanks and 1 valid
14.0404 	DEBUG 	TextBox2 loaded 1 chars with 0 blanks and 1 valid
14.0405 	DEBUG 	Uploading Texture Font fontname to graphics card
14.0434 	DEBUG 	Upload of Texture Font fontname complete
14.0545 	DEBUG 	TextBox2 loaded 1 chars with 0 blanks and 1 valid
14.0627 	DEBUG 	TextBox2 loaded 1 chars with 0 blanks and 1 valid
14.0709 	DEBUG 	TextBox2 loaded 1 chars with 0 blanks and 1 valid
14.0710 	DEBUG 	Uploading Texture Font fontname to graphics card
14.0726 	DEBUG 	Upload of Texture Font fontname complete
14.0735 	EXP 	window1: Attempting to measure frame rate of screen (0) ...
14.0735 	EXP 	window1: recordFrameIntervals = False
14.1915 	EXP 	window1: recordFrameIntervals = True
15.0257 	WARNING 	Couldn't measure a consistent frame rate!
  - Is your graphics card set to sync to vertical blank?
  - Are you running other processes on your computer?

15.0496 	DEBUG 	TextBox2 loaded 1 chars with 0 blanks and 1 valid
15.0616 	DEBUG 	TextBox2 loaded 1 chars with 0 blanks and 1 valid
15.0722 	DEBUG 	TextBox2 loaded 1 chars with 0 blanks and 1 valid
15.0821 	DEBUG 	TextBox2 loaded 1 chars with 0 blanks and 1 valid
15.0912 	DEBUG 	TextBox2 loaded 1 chars with 0 blanks and 1 valid
15.0998 	DEBUG 	TextBox2 loaded 1 chars with 0 blanks and 1 valid
15.1077 	DEBUG 	TextBox2 loaded 1 chars with 0 blanks and 1 valid
15.1158 	DEBUG 	TextBox2 loaded 1 chars with 0 blanks and 1 valid
15.1237 	DEBUG 	TextBox2 loaded 1 chars with 0 blanks and 1 valid
15.1317 	DEBUG 	TextBox2 loaded 1 chars with 0 blanks and 1 valid
15.1318 	DEBUG 	Uploading Texture Font fontname to graphics card
15.1340 	DEBUG 	Upload of Texture Font fontname complete
15.7348 	INFO 	keyboard.Keyboard is using ptb backend.
15.7349 	EXP 	misty_module: status = STARTED
15.7695 	EXP 	Created text = TextStim(__class__=<class 'psychopy.visual.text.TextStim'>, alignHoriz=method-wrapper(...), alignText='center', alignVert=method-wrapper(...), anchorHoriz='center', anchorVert='center', antialias=True, autoDraw=False, autoLog=True, bold=False, color=array([1., 1., 1.]), colorSpace='rgb', contrast=1.0, depth=-1.0, draggable=False, flipHoriz=False, flipVert=False, font='Arial', fontFiles=[], height=np.float64(0.05), italic=False, languageStyle='LTR', name='text', opacity=1, ori=0.0, pos=array([0., 0.]), rgb=UNKNOWN, text=str(...), units='height', win=Window(...), wrapWidth=1)
15.7770 	EXP 	Created intstructs = TextStim(__class__=<class 'psychopy.visual.text.TextStim'>, alignHoriz=method-wrapper(...), alignText='center', alignVert=method-wrapper(...), anchorHoriz='center', anchorVert='center', antialias=True, autoDraw=False, autoLog=True, bold=False, color=array([1., 1., 1.]), colorSpace='rgb', contrast=1.0, depth=0.0, draggable=False, flipHoriz=False, flipVert=False, font='Arial', fontFiles=[], height=np.float64(0.05), italic=False, languageStyle='LTR', name='intstructs', opacity=1, ori=0.0, pos=array([0., 0.]), rgb=UNKNOWN, text=str(...), units='height', win=Window(...), wrapWidth=1)
15.7791 	EXP 	Created fix = TextStim(__class__=<class 'psychopy.visual.text.TextStim'>, alignHoriz=method-wrapper(...), alignText='center', alignVert=method-wrapper(...), anchorHoriz='center', anchorVert='center', antialias=True, autoDraw=False, autoLog=True, bold=False, color=array([1., 1., 1.]), colorSpace='rgb', contrast=1.0, depth=-1.0, draggable=False, flipHoriz=False, flipVert=False, font='Open Sans', fontFiles=[], height=np.float64(0.1), italic=False, languageStyle='LTR', name='fix', opacity=1, ori=0.0, pos=array([0., 0.]), rgb=UNKNOWN, text='+', units='height', win=Window(...), wrapWidth=1)
15.7850 	DEBUG 	TextBox2 loaded 1 chars with 0 blanks and 1 valid
15.7856 	DEBUG 	TextBox2 loaded 1 chars with 0 blanks and 1 valid
15.7862 	DEBUG 	TextBox2 loaded 1 chars with 0 blanks and 1 valid
15.7867 	DEBUG 	TextBox2 loaded 1 chars with 0 blanks and 1 valid
15.7869 	DEBUG 	TextBox2 loaded 1 chars with 0 blanks and 1 valid
15.7871 	DEBUG 	TextBox2 loaded 1 chars with 0 blanks and 1 valid
15.7877 	DEBUG 	TextBox2 loaded 1 chars with 0 blanks and 1 valid
15.7881 	DEBUG 	TextBox2 loaded 1 chars with 0 blanks and 1 valid
15.7883 	DEBUG 	TextBox2 loaded 1 chars with 0 blanks and 1 valid
15.7884 	DEBUG 	Uploading Texture Font fontname to graphics card
15.7907 	DEBUG 	Upload of Texture Font fontname complete
15.8116 	DEBUG 	TextBox2 loaded 1 chars with 0 blanks and 1 valid
15.8117 	DEBUG 	Uploading Texture Font fontname to graphics card
15.8139 	DEBUG 	Upload of Texture Font fontname complete
15.8245 	DEBUG 	TextBox2 loaded 1 chars with 0 blanks and 1 valid
15.8325 	DEBUG 	TextBox2 loaded 1 chars with 0 blanks and 1 valid
15.8404 	DEBUG 	TextBox2 loaded 1 chars with 0 blanks and 1 valid
15.8483 	DEBUG 	TextBox2 loaded 1 chars with 0 blanks and 1 valid
15.8561 	DEBUG 	TextBox2 loaded 1 chars with 0 blanks and 1 valid
15.8639 	DEBUG 	TextBox2 loaded 1 chars with 0 blanks and 1 valid
15.8718 	DEBUG 	TextBox2 loaded 1 chars with 0 blanks and 1 valid
15.8797 	DEBUG 	TextBox2 loaded 1 chars with 0 blanks and 1 valid
15.8875 	DEBUG 	TextBox2 loaded 1 chars with 0 blanks and 1 valid
15.8953 	DEBUG 	TextBox2 loaded 1 chars with 0 blanks and 1 valid
15.8955 	DEBUG 	Uploading Texture Font fontname to graphics card
15.8969 	DEBUG 	Upload of Texture Font fontname complete
15.9073 	DEBUG 	TextBox2 loaded 1 chars with 0 blanks and 1 valid
15.9074 	DEBUG 	Uploading Texture Font fontname to graphics card
15.9089 	DEBUG 	Upload of Texture Font fontname complete
15.9217 	DEBUG 	TextBox2 loaded 1 chars with 0 blanks and 1 valid
15.9218 	DEBUG 	Uploading Texture Font fontname to graphics card
15.9233 	DEBUG 	Upload of Texture Font fontname complete
15.9361 	DEBUG 	TextBox2 loaded 1 chars with 0 blanks and 1 valid
15.9362 	DEBUG 	Uploading Texture Font fontname to graphics card
15.9377 	DEBUG 	Upload of Texture Font fontname complete
15.9504 	DEBUG 	TextBox2 loaded 1 chars with 0 blanks and 1 valid
15.9505 	DEBUG 	Uploading Texture Font fontname to graphics card
15.9520 	DEBUG 	Upload of Texture Font fontname complete
15.9648 	DEBUG 	TextBox2 loaded 1 chars with 0 blanks and 1 valid
15.9648 	DEBUG 	Uploading Texture Font fontname to graphics card
15.9663 	DEBUG 	Upload of Texture Font fontname complete
15.9790 	DEBUG 	TextBox2 loaded 1 chars with 0 blanks and 1 valid
15.9791 	DEBUG 	Uploading Texture Font fontname to graphics card
15.9806 	DEBUG 	Upload of Texture Font fontname complete
15.9934 	DEBUG 	TextBox2 loaded 1 chars with 0 blanks and 1 valid
15.9934 	DEBUG 	Uploading Texture Font fontname to graphics card
15.9949 	DEBUG 	Upload of Texture Font fontname complete
16.0076 	DEBUG 	TextBox2 loaded 1 chars with 0 blanks and 1 valid
16.0077 	DEBUG 	Uploading Texture Font fontname to graphics card
16.0092 	DEBUG 	Upload of Texture Font fontname complete
16.0220 	DEBUG 	TextBox2 loaded 1 chars with 0 blanks and 1 valid
16.0221 	DEBUG 	Uploading Texture Font fontname to graphics card
16.0235 	DEBUG 	Upload of Texture Font fontname complete
16.0459 	EXP 	Created slider_3 = Slider(__class__=<class 'psychopy.visual.slider.Slider'>, autoDraw=False, autoLog=True, borderColor=None, color=None, colorSpace='rgb', depth=-2, fillColor=None, flip=False, font='Noto Sans', granularity=1, labelColor=None, labelHeight=np.float64(0.05), labelWrapWidth=None, labels=(0, 1, 2, 3, 4, 5, 6, 7, 8, 9), lineColor=None, markerColor=None, name='slider_3', opacity=None, ori=0.0, pos=array([ 0. , -0.4]), readOnly=False, self=UNKNOWN, size=array([1. , 0.1]), startValue=None, style='choice', styleTweaks=[], ticks=array([0, 1, 2, 3, 4, 5, 6, 7, 8, 9]), units='norm', win=Window(...))
16.0528 	EXP 	Created text_2 = TextStim(__class__=<class 'psychopy.visual.text.TextStim'>, alignHoriz=method-wrapper(...), alignText='center', alignVert=method-wrapper(...), anchorHoriz='center', anchorVert='center', antialias=True, autoDraw=False, autoLog=True, bold=False, color=array([1., 1., 1.]), colorSpace='rgb', contrast=1.0, depth=0.0, draggable=False, flipHoriz=False, flipVert=False, font='Arial', fontFiles=[], height=np.float64(0.05), italic=False, languageStyle='LTR', name='text_2', opacity=1, ori=0.0, pos=array([0., 0.]), rgb=UNKNOWN, text=str(...), units='height', win=Window(...), wrapWidth=1)
16.0536 	EXP 	Created fix = TextStim(__class__=<class 'psychopy.visual.text.TextStim'>, alignHoriz=method-wrapper(...), alignText='center', alignVert=method-wrapper(...), anchorHoriz='center', anchorVert='center', antialias=True, autoDraw=False, autoLog=True, bold=False, color=array([1., 1., 1.]), colorSpace='rgb', contrast=1.0, depth=-1.0, draggable=False, flipHoriz=False, flipVert=False, font='Open Sans', fontFiles=[], height=np.float64(0.1), italic=False, languageStyle='LTR', name='fix', opacity=1, ori=0.0, pos=array([0., 0.]), rgb=UNKNOWN, text='+', units='height', win=Window(...), wrapWidth=1)
16.0558 	EXP 	Created prog_3 = Progress(__class__=<class 'psychopy.visual.progress.Progress'>, anchor=('left', 'top'), autoDraw=False, autoLog=True, closeShape=True, color=method-wrapper(...), colorSpace='rgb', contrast=None, depth=-1, draggable=False, fillColor=array([-1.    ,  0.5373, -1.    ]), fillColorSpace='rgb', fillRGB=array([-1.    ,  0.5373, -1.    ]), interpolate=True, lineColor=array([1., 1., 1.]), lineColorSpace='rgb', lineRGB=array([1, 1, 1]), lineWidth=4.0, name='prog_3', opacity=1.0, ori=0.0, pos=array([-0.5,  0.5]), size=array([1. , 0.1]), units='norm', vertices=ndarray(...), win=Window(...), windingRule=None)
16.0565 	EXP 	Created prog_3Bar = ShapeStim(__class__=<class 'psychopy.visual.shape.ShapeStim'>, anchor=('left', 'top'), autoDraw=False, autoLog=True, closeShape=True, color=method-wrapper(...), colorSpace='rgb', contrast=None, depth=-1, draggable=False, fillColor=array([ 1., -1., -1.]), fillColorSpace='rgb', fillRGB=array([ 1., -1., -1.]), interpolate=True, lineColor=array([0., 0., 0.]), lineColorSpace='rgb', lineRGB=array([0, 0, 0]), lineWidth=1.5, name='prog_3Bar', opacity=1.0, ori=0.0, pos=array([-0.5,  0.5]), size=array([1. , 0.1]), units='norm', vertices=ndarray(...), win=Window(...), windingRule=None)
16.0571 	EXP 	Created redbar_3 = Rect(__class__=<class 'psychopy.visual.rect.Rect'>, anchor=('left', 'center'), autoDraw=False, autoLog=True, closeShape=True, color=method-wrapper(...), colorSpace='rgb', contrast=None, depth=-2.0, draggable=False, fillColor=array([ 1., -1., -1.]), fillColorSpace='rgb', fillRGB=array([ 1., -1., -1.]), interpolate=True, lineColor=array([1., 1., 1.]), lineColorSpace='rgb', lineRGB=array([1, 1, 1]), lineWidth=1.0, name='redbar_3', opacity=1, ori=0.0, pos=array([-1. ,  0.7]), size=array([2. , 0.1]), units='norm', vertices=ndarray(...), win=Window(...))
16.0577 	EXP 	Created yellowbar_3 = Rect(__class__=<class 'psychopy.visual.rect.Rect'>, anchor=('left', 'center'), autoDraw=False, autoLog=True, closeShape=True, color=method-wrapper(...), colorSpace='rgb', contrast=None, depth=-3.0, draggable=False, fillColor=array([ 1.,  1., -1.]), fillColorSpace='rgb', fillRGB=array([ 1.,  1., -1.]), interpolate=True, lineColor=array([1., 1., 1.]), lineColorSpace='rgb', lineRGB=array([1, 1, 1]), lineWidth=1.0, name='yellowbar_3', opacity=1, ori=0.0, pos=array([0. , 0.7]), size=array([1. , 0.1]), units='norm', vertices=ndarray(...), win=Window(...))
16.0582 	EXP 	Created greenbar_3 = Rect(__class__=<class 'psychopy.visual.rect.Rect'>, anchor=('left', 'center'), autoDraw=False, autoLog=True, closeShape=True, color=method-wrapper(...), colorSpace='rgb', contrast=None, depth=-4.0, draggable=False, fillColor=array([-1.    ,  0.0039, -1.    ]), fillColorSpace='rgb', fillRGB=array([-1.    ,  0.0039, -1.    ]), interpolate=True, lineColor=array([1., 1., 1.]), lineColorSpace='rgb', lineRGB=array([1, 1, 1]), lineWidth=1.0, name='greenbar_3', opacity=1, ori=0.0, pos=array([0.7, 0.7]), size=array([0.3, 0.1]), units='norm', vertices=ndarray(...), win=Window(...))
16.0590 	EXP 	Created arrow_3 = ShapeStim(__class__=<class 'psychopy.visual.shape.ShapeStim'>, anchor=('center', 'center'), autoDraw=False, autoLog=True, closeShape=True, color=method-wrapper(...), colorSpace='rgb', contrast=None, depth=-5.0, draggable=False, fillColor=array([1, 1, 1]), fillColorSpace='rgb', fillRGB=array([1, 1, 1]), interpolate=True, lineColor=array([1., 1., 1.]), lineColorSpace='rgb', lineRGB=array([1, 1, 1]), lineWidth=1.0, name='arrow_3', opacity=1, ori=0.0, pos=array([0., 0.]), size=array([0.05, 0.05]), units='norm', vertices=ndarray(...), win=Window(...), windingRule=None)
16.0597 	EXP 	Created arrow_4 = ShapeStim(__class__=<class 'psychopy.visual.shape.ShapeStim'>, anchor=('center', 'center'), autoDraw=False, autoLog=True, closeShape=True, color=method-wrapper(...), colorSpace='rgb', contrast=None, depth=-6.0, draggable=False, fillColor=array([1, 1, 1]), fillColorSpace='rgb', fillRGB=array([1, 1, 1]), interpolate=True, lineColor=array([1., 1., 1.]), lineColorSpace='rgb', lineRGB=array([1, 1, 1]), lineWidth=1.0, name='arrow_4', opacity=1, ori=0.0, pos=array([0., 0.]), size=array([0.05, 0.05]), units='norm', vertices=ndarray(...), win=Window(...), windingRule=None)
16.0631 	DEBUG 	TextBox2 loaded 1 chars with 0 blanks and 1 valid
16.0634 	DEBUG 	TextBox2 loaded 1 chars with 0 blanks and 1 valid
16.0636 	DEBUG 	TextBox2 loaded 1 chars with 0 blanks and 1 valid
16.0639 	DEBUG 	TextBox2 loaded 1 chars with 0 blanks and 1 valid
16.0642 	DEBUG 	TextBox2 loaded 1 chars with 0 blanks and 1 valid
16.0645 	DEBUG 	TextBox2 loaded 1 chars with 0 blanks and 1 valid
16.0646 	DEBUG 	Uploading Texture Font fontname to graphics card
16.0668 	DEBUG 	Upload of Texture Font fontname complete
16.0701 	DEBUG 	TextBox2 loaded 1 chars with 0 blanks and 1 valid
16.0705 	DEBUG 	TextBox2 loaded 1 chars with 0 blanks and 1 valid
16.0707 	DEBUG 	TextBox2 loaded 1 chars with 0 blanks and 1 valid
16.0709 	DEBUG 	TextBox2 loaded 1 chars with 0 blanks and 1 valid
16.0712 	DEBUG 	TextBox2 loaded 1 chars with 0 blanks and 1 valid
16.0714 	DEBUG 	TextBox2 loaded 1 chars with 0 blanks and 1 valid
16.0715 	DEBUG 	Uploading Texture Font fontname to graphics card
16.0733 	DEBUG 	Upload of Texture Font fontname complete
16.0762 	DEBUG 	TextBox2 loaded 1 chars with 0 blanks and 1 valid
16.0765 	DEBUG 	TextBox2 loaded 1 chars with 0 blanks and 1 valid
16.0768 	DEBUG 	TextBox2 loaded 1 chars with 0 blanks and 1 valid
16.0768 	DEBUG 	Uploading Texture Font fontname to graphics card
16.0783 	DEBUG 	Upload of Texture Font fontname complete
16.1511 	EXP 	Created slider_4 = Slider(__class__=<class 'psychopy.visual.slider.Slider'>, autoDraw=False, autoLog=True, borderColor=None, color=None, colorSpace='rgb', depth=-9, fillColor=None, flip=False, font='Noto Sans', granularity=1, labelColor=None, labelHeight=np.float64(0.05), labelWrapWidth=None, labels=(0, 1, 2, 3, 4, 5, 6, 7, 8, 9), lineColor=None, markerColor=None, name='slider_4', opacity=None, ori=0.0, pos=array([ 0. , -0.4]), readOnly=False, self=UNKNOWN, size=array([1. , 0.1]), startValue=None, style='choice', styleTweaks=[], ticks=array([0, 1, 2, 3, 4, 5, 6, 7, 8, 9]), units='norm', win=Window(...))
16.1613 	EXP 	Created text_3 = TextStim(__class__=<class 'psychopy.visual.text.TextStim'>, alignHoriz=method-wrapper(...), alignText='center', alignVert=method-wrapper(...), anchorHoriz='center', anchorVert='center', antialias=True, autoDraw=False, autoLog=True, bold=False, color=array([1., 1., 1.]), colorSpace='rgb', contrast=1.0, depth=0.0, draggable=False, flipHoriz=False, flipVert=False, font='Arial', fontFiles=[], height=np.float64(0.05), italic=False, languageStyle='LTR', name='text_3', opacity=1, ori=0.0, pos=array([0., 0.]), rgb=UNKNOWN, text='Training instructions here', units='height', win=Window(...), wrapWidth=1)
16.1621 	EXP 	Created fix = TextStim(__class__=<class 'psychopy.visual.text.TextStim'>, alignHoriz=method-wrapper(...), alignText='center', alignVert=method-wrapper(...), anchorHoriz='center', anchorVert='center', antialias=True, autoDraw=False, autoLog=True, bold=False, color=array([1., 1., 1.]), colorSpace='rgb', contrast=1.0, depth=-1.0, draggable=False, flipHoriz=False, flipVert=False, font='Open Sans', fontFiles=[], height=np.float64(0.1), italic=False, languageStyle='LTR', name='fix', opacity=1, ori=0.0, pos=array([0., 0.]), rgb=UNKNOWN, text='+', units='height', win=Window(...), wrapWidth=1)
16.2358 	EXP 	Created slider_training = Slider(__class__=<class 'psychopy.visual.slider.Slider'>, autoDraw=False, autoLog=True, borderColor=None, color=None, colorSpace='rgb', depth=-2, fillColor=None, flip=False, font='Noto Sans', granularity=1, labelColor=None, labelHeight=np.float64(0.05), labelWrapWidth=None, labels=(0, 1, 2, 3, 4, 5, 6, 7, 8, 9), lineColor=None, markerColor=None, name='slider_training', opacity=None, ori=0.0, pos=array([ 0. , -0.4]), readOnly=False, self=UNKNOWN, size=array([1. , 0.1]), startValue=None, style='choice', styleTweaks=[], ticks=array([0, 1, 2, 3, 4, 5, 6, 7, 8, 9]), units='norm', win=Window(...))
16.2427 	EXP 	Created text_4 = TextStim(__class__=<class 'psychopy.visual.text.TextStim'>, alignHoriz=method-wrapper(...), alignText='center', alignVert=method-wrapper(...), anchorHoriz='center', anchorVert='center', antialias=True, autoDraw=False, autoLog=True, bold=False, color=array([1., 1., 1.]), colorSpace='rgb', contrast=1.0, depth=0.0, draggable=False, flipHoriz=False, flipVert=False, font='Arial', fontFiles=[], height=np.float64(0.05), italic=False, languageStyle='LTR', name='text_4', opacity=1, ori=0.0, pos=array([0., 0.]), rgb=UNKNOWN, text='Please press space to move onto the next block', units='height', win=Window(...), wrapWidth=1)
16.2442 	EXP 	Created text_6 = TextStim(__class__=<class 'psychopy.visual.text.TextStim'>, alignHoriz=method-wrapper(...), alignText='center', alignVert=method-wrapper(...), anchorHoriz='center', anchorVert='center', antialias=True, autoDraw=False, autoLog=True, bold=False, color=array([1., 1., 1.]), colorSpace='rgb', contrast=1.0, depth=0.0, draggable=False, flipHoriz=False, flipVert=False, font='Arial', fontFiles=[], height=np.float64(0.05), italic=False, languageStyle='LTR', name='text_6', opacity=1, ori=0.0, pos=array([0., 0.]), rgb=UNKNOWN, text='Press Space to Start experiment', units='height', win=Window(...), wrapWidth=1)
16.2450 	EXP 	Created fix = TextStim(__class__=<class 'psychopy.visual.text.TextStim'>, alignHoriz=method-wrapper(...), alignText='center', alignVert=method-wrapper(...), anchorHoriz='center', anchorVert='center', antialias=True, autoDraw=False, autoLog=True, bold=False, color=array([1., 1., 1.]), colorSpace='rgb', contrast=1.0, depth=-1.0, draggable=False, flipHoriz=False, flipVert=False, font='Open Sans', fontFiles=[], height=np.float64(0.1), italic=False, languageStyle='LTR', name='fix', opacity=1, ori=0.0, pos=array([0., 0.]), rgb=UNKNOWN, text='+', units='height', win=Window(...), wrapWidth=1)
16.2458 	EXP 	Created prog = Progress(__class__=<class 'psychopy.visual.progress.Progress'>, anchor=('left', 'top'), autoDraw=False, autoLog=True, closeShape=True, color=method-wrapper(...), colorSpace='rgb', contrast=None, depth=-1, draggable=False, fillColor=array([-1.    ,  0.5373, -1.    ]), fillColorSpace='rgb', fillRGB=array([-1.    ,  0.5373, -1.    ]), interpolate=True, lineColor=array([1., 1., 1.]), lineColorSpace='rgb', lineRGB=array([1, 1, 1]), lineWidth=4.0, name='prog', opacity=1.0, ori=0.0, pos=array([-0.5,  0.5]), size=array([1. , 0.1]), units='norm', vertices=ndarray(...), win=Window(...), windingRule=None)
16.2465 	EXP 	Created progBar = ShapeStim(__class__=<class 'psychopy.visual.shape.ShapeStim'>, anchor=('left', 'top'), autoDraw=False, autoLog=True, closeShape=True, color=method-wrapper(...), colorSpace='rgb', contrast=None, depth=-1, draggable=False, fillColor=array([ 1., -1., -1.]), fillColorSpace='rgb', fillRGB=array([ 1., -1., -1.]), interpolate=True, lineColor=array([0., 0., 0.]), lineColorSpace='rgb', lineRGB=array([0, 0, 0]), lineWidth=1.5, name='progBar', opacity=1.0, ori=0.0, pos=array([-0.5,  0.5]), size=array([1. , 0.1]), units='norm', vertices=ndarray(...), win=Window(...), windingRule=None)
16.2471 	EXP 	Created redbar = Rect(__class__=<class 'psychopy.visual.rect.Rect'>, anchor=('left', 'center'), autoDraw=False, autoLog=True, closeShape=True, color=method-wrapper(...), colorSpace='rgb', contrast=None, depth=-2.0, draggable=False, fillColor=array([ 1., -1., -1.]), fillColorSpace='rgb', fillRGB=array([ 1., -1., -1.]), interpolate=True, lineColor=array([1., 1., 1.]), lineColorSpace='rgb', lineRGB=array([1, 1, 1]), lineWidth=1.0, name='redbar', opacity=1, ori=0.0, pos=array([-1. ,  0.7]), size=array([2. , 0.1]), units='norm', vertices=ndarray(...), win=Window(...))
16.2476 	EXP 	Created yellowbar = Rect(__class__=<class 'psychopy.visual.rect.Rect'>, anchor=('left', 'center'), autoDraw=False, autoLog=True, closeShape=True, color=method-wrapper(...), colorSpace='rgb', contrast=None, depth=-3.0, draggable=False, fillColor=array([ 1.,  1., -1.]), fillColorSpace='rgb', fillRGB=array([ 1.,  1., -1.]), interpolate=True, lineColor=array([1., 1., 1.]), lineColorSpace='rgb', lineRGB=array([1, 1, 1]), lineWidth=1.0, name='yellowbar', opacity=1, ori=0.0, pos=array([0. , 0.7]), size=array([1. , 0.1]), units='norm', vertices=ndarray(...), win=Window(...))
16.2482 	EXP 	Created greenbar = Rect(__class__=<class 'psychopy.visual.rect.Rect'>, anchor=('left', 'center'), autoDraw=False, autoLog=True, closeShape=True, color=method-wrapper(...), colorSpace='rgb', contrast=None, depth=-4.0, draggable=False, fillColor=array([-1.    ,  0.0039, -1.    ]), fillColorSpace='rgb', fillRGB=array([-1.    ,  0.0039, -1.    ]), interpolate=True, lineColor=array([1., 1., 1.]), lineColorSpace='rgb', lineRGB=array([1, 1, 1]), lineWidth=1.0, name='greenbar', opacity=1, ori=0.0, pos=array([0.7, 0.7]), size=array([0.3, 0.1]), units='norm', vertices=ndarray(...), win=Window(...))
16.2490 	EXP 	Created targarrow = ShapeStim(__class__=<class 'psychopy.visual.shape.ShapeStim'>, anchor=('center', 'center'), autoDraw=False, autoLog=True, closeShape=True, color=method-wrapper(...), colorSpace='rgb', contrast=None, depth=-5.0, draggable=False, fillColor=array([1, 1, 1]), fillColorSpace='rgb', fillRGB=array([1, 1, 1]), interpolate=True, lineColor=array([1., 1., 1.]), lineColorSpace='rgb', lineRGB=array([1, 1, 1]), lineWidth=1.0, name='targarrow', opacity=1, ori=0.0, pos=array([0.7, 0.6]), size=array([0.05, 0.05]), units='norm', vertices=ndarray(...), win=Window(...), windingRule=None)
16.2497 	EXP 	Created userArrow = ShapeStim(__class__=<class 'psychopy.visual.shape.ShapeStim'>, anchor=('center', 'center'), autoDraw=False, autoLog=True, closeShape=True, color=method-wrapper(...), colorSpace='rgb', contrast=None, depth=-6.0, draggable=False, fillColor=array([1, 1, 1]), fillColorSpace='rgb', fillRGB=array([1, 1, 1]), interpolate=True, lineColor=array([1., 1., 1.]), lineColorSpace='rgb', lineRGB=array([1, 1, 1]), lineWidth=1.0, name='userArrow', opacity=1, ori=0.0, pos=array([0., 0.]), size=array([0.05, 0.05]), units='norm', vertices=ndarray(...), win=Window(...), windingRule=None)
16.3331 	EXP 	Created slider = Slider(__class__=<class 'psychopy.visual.slider.Slider'>, autoDraw=False, autoLog=True, borderColor=None, color=None, colorSpace='rgb', depth=-10, fillColor=None, flip=False, font='Noto Sans', granularity=1, labelColor=None, labelHeight=np.float64(0.05), labelWrapWidth=None, labels=(0, 1, 2, 3, 4, 5, 6, 7, 8, 9), lineColor=None, markerColor=None, name='slider', opacity=None, ori=0.0, pos=array([ 0. , -0.4]), readOnly=False, self=UNKNOWN, size=array([1. , 0.1]), startValue=None, style='choice', styleTweaks=[], ticks=array([0, 1, 2, 3, 4, 5, 6, 7, 8, 9]), units='norm', win=Window(...))
16.3339 	EXP 	Created norm_arrow = ShapeStim(__class__=<class 'psychopy.visual.shape.ShapeStim'>, anchor=('center', 'center'), autoDraw=False, autoLog=True, closeShape=True, color=method-wrapper(...), colorSpace='rgb', contrast=None, depth=-12.0, draggable=False, fillColor=array([1, 1, 1]), fillColorSpace='rgb', fillRGB=array([1, 1, 1]), interpolate=True, lineColor=array([1., 1., 1.]), lineColorSpace='rgb', lineRGB=array([1, 1, 1]), lineWidth=1.0, name='norm_arrow', opacity=1, ori=0.0, pos=array([0.7, 0.6]), size=array([0.05, 0.05]), units='height', vertices=ndarray(...), win=Window(...), windingRule=None)
16.3386 	EXP 	Created text_5 = TextStim(__class__=<class 'psychopy.visual.text.TextStim'>, alignHoriz=method-wrapper(...), alignText='center', alignVert=method-wrapper(...), anchorHoriz='center', anchorVert='center', antialias=True, autoDraw=False, autoLog=True, bold=False, color=array([1., 1., 1.]), colorSpace='rgb', contrast=1.0, depth=0.0, draggable=False, flipHoriz=False, flipVert=False, font='Arial', fontFiles=[], height=0.05, italic=False, languageStyle='LTR', name='text_5', opacity=1, ori=0.0, pos=array([0., 0.]), rgb=UNKNOWN, text='', units='height', win=Window(...), wrapWidth=1)
16.3403 	EXP 	Created text_7 = TextStim(__class__=<class 'psychopy.visual.text.TextStim'>, alignHoriz=method-wrapper(...), alignText='center', alignVert=method-wrapper(...), anchorHoriz='center', anchorVert='center', antialias=True, autoDraw=False, autoLog=True, bold=False, color=array([1., 1., 1.]), colorSpace='rgb', contrast=1.0, depth=0.0, draggable=False, flipHoriz=False, flipVert=False, font='Arial', fontFiles=[], height=np.float64(0.05), italic=False, languageStyle='LTR', name='text_7', opacity=1, ori=0.0, pos=array([0., 0.]), rgb=UNKNOWN, text=str(...), units='height', win=Window(...), wrapWidth=1)
0.0046 	EXP 	equation_practice_1: autoLog = True
0.0046 	EXP 	slider_3: autoLog = True
0.0046 	EXP 	slider_3: styleTweaks = []
0.0046 	EXP 	slider_3: styleTweaks = []
0.0046 	EXP 	slider_3: styleTweaks = []
0.0046 	EXP 	slider_3: styleTweaks = []
0.0046 	EXP 	slider_3: contrast = 1.0
0.0046 	EXP 	slider_3: markerPos = None
0.0046 	EXP 	slider_3: autoLog = True
0.0046 	EXP 	feedback_practice_1: autoLog = True
0.0046 	EXP 	prog_3: direction = 'horizontal'
0.0046 	EXP 	prog_3: progress = 0.0
0.0046 	EXP 	targlab: autoLog = True
0.0046 	EXP 	yourperf: autoLog = True
0.0046 	EXP 	slider_4: autoLog = True
0.0046 	EXP 	slider_4: styleTweaks = []
0.0046 	EXP 	slider_4: styleTweaks = []
0.0046 	EXP 	slider_4: styleTweaks = []
0.0046 	EXP 	slider_4: styleTweaks = []
0.0046 	EXP 	slider_4: contrast = 1.0
0.0046 	EXP 	slider_4: markerPos = None
0.0046 	EXP 	slider_4: autoLog = True
0.0046 	EXP 	textbox_5: autoLog = True
0.0046 	EXP 	feedback_practice_1: autoLog = True
0.0046 	EXP 	textbox_3: autoLog = True
0.0046 	EXP 	slider_training: autoLog = True
0.0046 	EXP 	slider_training: styleTweaks = []
0.0046 	EXP 	slider_training: styleTweaks = []
0.0046 	EXP 	slider_training: styleTweaks = []
0.0046 	EXP 	slider_training: styleTweaks = []
0.0046 	EXP 	slider_training: contrast = 1.0
0.0046 	EXP 	slider_training: markerPos = None
0.0046 	EXP 	slider_training: autoLog = True
0.0046 	EXP 	feedback_practice_1: autoLog = True
0.0046 	EXP 	prog: direction = 'horizontal'
0.0046 	EXP 	prog: progress = 0.0
0.0046 	EXP 	yourperfexp: autoLog = True
0.0046 	EXP 	tarlabexp: autoLog = True
0.0046 	EXP 	textbox: autoLog = True
0.0046 	EXP 	slider: autoLog = True
0.0046 	EXP 	slider: styleTweaks = []
0.0046 	EXP 	slider: styleTweaks = []
0.0046 	EXP 	slider: styleTweaks = []
0.0046 	EXP 	slider: styleTweaks = []
0.0046 	EXP 	slider: contrast = 1.0
0.0046 	EXP 	slider: markerPos = None
0.0046 	EXP 	slider: autoLog = True
0.0046 	EXP 	feedback_practice_1: autoLog = True
0.0129 	DEBUG 	Read excel file with openpyxl: experiment_difficulty.xlsx
0.0131 	EXP 	Imported experiment_difficulty.xlsx as conditions, 5 conditions, 3 params
0.0134 	EXP 	New trial (rep=0, index=0): <Trial 0 (0 in rep 0) data={'exp_diff': 'hard', 'exp_time': 120, 'diffbyt': 7.0, 'thisN': 0, 'thisTrialN': 0, 'thisRepN': 0}>
0.0160 	EXP 	New trial (rep=0, index=0): <Trial 0 (0 in rep 0) data={'thisN': 0, 'thisTrialN': 0, 'thisRepN': 0}>
0.0212 	EXP 	fix: autoDraw = True
0.5127 	DEBUG 	TextBox2 loaded 1 chars with 0 blanks and 1 valid
0.5139 	DEBUG 	TextBox2 loaded 1 chars with 0 blanks and 1 valid
0.5146 	DEBUG 	TextBox2 loaded 1 chars with 0 blanks and 1 valid
0.5159 	DEBUG 	TextBox2 loaded 1 chars with 0 blanks and 1 valid
0.5168 	DEBUG 	TextBox2 loaded 1 chars with 0 blanks and 1 valid
0.5173 	DEBUG 	TextBox2 loaded 1 chars with 0 blanks and 1 valid
0.5184 	DEBUG 	TextBox2 loaded 1 chars with 0 blanks and 1 valid
0.5190 	DEBUG 	TextBox2 loaded 1 chars with 0 blanks and 1 valid
0.5200 	DEBUG 	TextBox2 loaded 1 chars with 0 blanks and 1 valid
0.5201 	DEBUG 	Uploading Texture Font fontname to graphics card
0.5237 	DEBUG 	Upload of Texture Font fontname complete
0.5505 	INFO 	Keyboard events cleared
0.5504 	WARNING 	t of last frame was 49.00ms (=1/20)
0.5504 	EXP 	fix: autoDraw = False
0.5504 	EXP 	slider: markerPos = None
0.5504 	EXP 	slider: markerPos = None
0.5504 	EXP 	prog: autoDraw = True
0.5504 	EXP 	redbar: autoDraw = True
0.5504 	EXP 	yellowbar: autoDraw = True
0.5504 	EXP 	greenbar: autoDraw = True
0.5504 	EXP 	targarrow: autoDraw = True
0.5504 	EXP 	userArrow: autoDraw = True
0.5504 	EXP 	yourperfexp: autoDraw = True
0.5504 	EXP 	tarlabexp: autoDraw = True
0.5504 	EXP 	textbox: autoDraw = True
0.5504 	EXP 	slider: autoDraw = True
0.5504 	EXP 	norm_arrow: autoDraw = True
0.6010 	WARNING 	t of last frame was 26.74ms (=1/37)
9.1718 	EXP 	Device response: <KeyPress from None: t=9.048328832999687, value=3, duration=None>
9.1720 	EXP 	Device response: <KeyPress from None: t=9.048328832999687, value=3, duration=0.09424845800094772>
9.1728 	DEBUG 	TextBox2 loaded 1 chars with 0 blanks and 1 valid
9.1733 	DEBUG 	TextBox2 loaded 1 chars with 0 blanks and 1 valid
9.1738 	DEBUG 	TextBox2 loaded 1 chars with 0 blanks and 1 valid
9.1743 	DEBUG 	TextBox2 loaded 1 chars with 0 blanks and 1 valid
9.1747 	DEBUG 	TextBox2 loaded 1 chars with 0 blanks and 1 valid
9.1750 	DEBUG 	TextBox2 loaded 1 chars with 0 blanks and 1 valid
9.1751 	DEBUG 	Uploading Texture Font fontname to graphics card
9.1767 	DEBUG 	Upload of Texture Font fontname complete
9.1824 	DATA 	Keypress: 3
9.1863 	WARNING 	t of last frame was 135.54ms (=1/7)
9.1863 	EXP 	prog: autoDraw = False
9.1863 	EXP 	redbar: autoDraw = False
9.1863 	EXP 	yellowbar: autoDraw = False
9.1863 	EXP 	greenbar: autoDraw = False
9.1863 	EXP 	targarrow: autoDraw = False
9.1863 	EXP 	userArrow: autoDraw = False
9.1863 	EXP 	yourperfexp: autoDraw = False
9.1863 	EXP 	tarlabexp: autoDraw = False
9.1863 	EXP 	textbox: autoDraw = False
9.1863 	EXP 	slider: autoDraw = False
9.1863 	EXP 	norm_arrow: autoDraw = False
9.1863 	EXP 	feedback_practice_1: autoDraw = True
10.1759 	EXP 	New trial (rep=1, index=0): <Trial 1 (0 in rep 1) data={'thisN': 1, 'thisTrialN': 0, 'thisRepN': 1}>
10.1847 	EXP 	feedback_practice_1: autoDraw = False
10.1847 	EXP 	fix: autoDraw = True
10.6781 	DEBUG 	TextBox2 loaded 1 chars with 0 blanks and 1 valid
10.6792 	DEBUG 	TextBox2 loaded 1 chars with 0 blanks and 1 valid
10.6803 	DEBUG 	TextBox2 loaded 1 chars with 0 blanks and 1 valid
10.6806 	DEBUG 	Uploading Texture Font fontname to graphics card
10.6839 	DEBUG 	Upload of Texture Font fontname complete
10.7007 	INFO 	Keyboard events cleared
10.7007 	WARNING 	t of last frame was 32.75ms (=1/30)
10.7007 	EXP 	fix: autoDraw = False
10.7007 	EXP 	fix: autoDraw = False
10.7007 	EXP 	slider: markerPos = None
10.7007 	EXP 	slider: markerPos = None
10.7007 	EXP 	prog: autoDraw = True
10.7007 	EXP 	redbar: autoDraw = True
10.7007 	EXP 	yellowbar: autoDraw = True
10.7007 	EXP 	greenbar: autoDraw = True
10.7007 	EXP 	targarrow: autoDraw = True
10.7007 	EXP 	userArrow: autoDraw = True
10.7007 	EXP 	yourperfexp: autoDraw = True
10.7007 	EXP 	tarlabexp: autoDraw = True
10.7007 	EXP 	textbox: autoDraw = True
10.7007 	EXP 	slider: autoDraw = True
10.7007 	EXP 	norm_arrow: autoDraw = True
12.2068 	EXP 	Device response: <KeyPress from None: t=12.195172125007957, value=f2, duration=None>
12.2675 	WARNING 	Multiple dropped frames have occurred - I'll stop bothering you about them!
12.3112 	EXP 	Device response: <KeyPress from None: t=12.195172125007957, value=f2, duration=0.11232591599400621>
13.0227 	EXP 	Device response: <KeyPress from None: t=13.017165915996884, value=3, duration=None>
13.0265 	DATA 	Keypress: 3
13.0338 	EXP 	prog: autoDraw = False
13.0338 	EXP 	redbar: autoDraw = False
13.0338 	EXP 	yellowbar: autoDraw = False
13.0338 	EXP 	greenbar: autoDraw = False
13.0338 	EXP 	targarrow: autoDraw = False
13.0338 	EXP 	userArrow: autoDraw = False
13.0338 	EXP 	yourperfexp: autoDraw = False
13.0338 	EXP 	tarlabexp: autoDraw = False
13.0338 	EXP 	textbox: autoDraw = False
13.0338 	EXP 	slider: autoDraw = False
13.0338 	EXP 	norm_arrow: autoDraw = False
13.0338 	EXP 	feedback_practice_1: autoDraw = True
13.0348 	EXP 	Device response: <KeyPress from None: t=13.033186000000569, value=4, duration=None>
13.0387 	DATA 	Keypress: 4
13.1019 	EXP 	Device response: <KeyPress from None: t=13.033186000000569, value=4, duration=0.05596345799858682>
13.1185 	EXP 	Device response: <KeyPress from None: t=13.017165915996884, value=3, duration=0.09639895900909323>
14.0195 	EXP 	New trial (rep=2, index=0): <Trial 2 (0 in rep 2) data={'thisN': 2, 'thisTrialN': 0, 'thisRepN': 2}>
14.0240 	EXP 	feedback_practice_1: autoDraw = False
14.0240 	EXP 	feedback_practice_1: autoDraw = False
14.0240 	EXP 	fix: autoDraw = True
14.5142 	DEBUG 	TextBox2 loaded 1 chars with 0 blanks and 1 valid
14.5156 	DEBUG 	TextBox2 loaded 1 chars with 0 blanks and 1 valid
14.5159 	DEBUG 	Uploading Texture Font fontname to graphics card
14.5192 	DEBUG 	Upload of Texture Font fontname complete
14.5363 	INFO 	Keyboard events cleared
14.5363 	EXP 	fix: autoDraw = False
14.5363 	EXP 	fix: autoDraw = False
14.5363 	EXP 	slider: markerPos = None
14.5363 	EXP 	slider: markerPos = None
14.5363 	EXP 	prog: autoDraw = True
14.5363 	EXP 	redbar: autoDraw = True
14.5363 	EXP 	yellowbar: autoDraw = True
14.5363 	EXP 	greenbar: autoDraw = True
14.5363 	EXP 	targarrow: autoDraw = True
14.5363 	EXP 	userArrow: autoDraw = True
14.5363 	EXP 	yourperfexp: autoDraw = True
14.5363 	EXP 	tarlabexp: autoDraw = True
14.5363 	EXP 	textbox: autoDraw = True
14.5363 	EXP 	slider: autoDraw = True
14.5363 	EXP 	norm_arrow: autoDraw = True
17.5620 	DATA 	Keypress: s
17.5676 	EXP 	Device response: <KeyPress from None: t=17.555752665997716, value=s, duration=None>
17.5712 	EXP 	prog: autoDraw = False
17.5712 	EXP 	redbar: autoDraw = False
17.5712 	EXP 	yellowbar: autoDraw = False
17.5712 	EXP 	greenbar: autoDraw = False
17.5712 	EXP 	targarrow: autoDraw = False
17.5712 	EXP 	userArrow: autoDraw = False
17.5712 	EXP 	yourperfexp: autoDraw = False
17.5712 	EXP 	tarlabexp: autoDraw = False
17.5712 	EXP 	textbox: autoDraw = False
17.5712 	EXP 	slider: autoDraw = False
17.5712 	EXP 	norm_arrow: autoDraw = False
17.5712 	EXP 	feedback_practice_1: autoDraw = True
17.6182 	EXP 	Device response: <KeyPress from None: t=17.555752665997716, value=s, duration=0.05432387501059566>
18.5677 	INFO 	Keyboard events cleared
18.5677 	EXP 	feedback_practice_1: autoDraw = False
18.5677 	EXP 	feedback_practice_1: autoDraw = False
18.5677 	EXP 	text_5: text = ''
18.5677 	EXP 	text_5: autoDraw = True
18.5677 	EXP 	text_5: height = np.float64(0.05)
18.5677 	EXP 	text_5: height = np.float64(0.05)
18.5677 	EXP 	text_5: height = np.float64(0.05)
18.5677 	EXP 	text_5: text = ''
19.5369 	EXP 	Device response: <KeyPress from None: t=19.53194029100996, value=space, duration=None>
19.5371 	EXP 	New trial (rep=0, index=1): <Trial 1 (1 in rep 0) data={'exp_diff': 'med2', 'exp_time': 120, 'diffbyt': 6.0, 'thisN': 1, 'thisTrialN': 1, 'thisRepN': 0}>
19.5420 	EXP 	New trial (rep=0, index=0): <Trial 0 (0 in rep 0) data={'thisN': 0, 'thisTrialN': 0, 'thisRepN': 0}>
19.5439 	DATA 	Keypress: space
19.5479 	EXP 	text_5: autoDraw = False
19.5479 	EXP 	fix: autoDraw = True
19.6534 	EXP 	Device response: <KeyPress from None: t=19.53194029100996, value=space, duration=0.11609549999411684>
20.0472 	DEBUG 	TextBox2 loaded 1 chars with 0 blanks and 1 valid
20.0476 	DEBUG 	Uploading Texture Font fontname to graphics card
20.0514 	DEBUG 	Upload of Texture Font fontname complete
20.0693 	INFO 	Keyboard events cleared
20.0693 	EXP 	fix: autoDraw = False
20.0693 	EXP 	slider: markerPos = None
20.0693 	EXP 	slider: markerPos = None
20.0693 	EXP 	prog: autoDraw = True
20.0693 	EXP 	redbar: autoDraw = True
20.0693 	EXP 	yellowbar: autoDraw = True
20.0693 	EXP 	greenbar: autoDraw = True
20.0693 	EXP 	targarrow: autoDraw = True
20.0693 	EXP 	userArrow: autoDraw = True
20.0693 	EXP 	yourperfexp: autoDraw = True
20.0693 	EXP 	tarlabexp: autoDraw = True
20.0693 	EXP 	textbox: autoDraw = True
20.0693 	EXP 	slider: autoDraw = True
20.0693 	EXP 	norm_arrow: autoDraw = True
22.1450 	EXP 	Device response: <KeyPress from None: t=22.140567499998724, value=s, duration=None>
22.1466 	DATA 	Keypress: s
22.1498 	EXP 	prog: autoDraw = False
22.1498 	EXP 	redbar: autoDraw = False
22.1498 	EXP 	yellowbar: autoDraw = False
22.1498 	EXP 	greenbar: autoDraw = False
22.1498 	EXP 	targarrow: autoDraw = False
22.1498 	EXP 	userArrow: autoDraw = False
22.1498 	EXP 	yourperfexp: autoDraw = False
22.1498 	EXP 	tarlabexp: autoDraw = False
22.1498 	EXP 	textbox: autoDraw = False
22.1498 	EXP 	slider: autoDraw = False
22.1498 	EXP 	norm_arrow: autoDraw = False
22.1498 	EXP 	feedback_practice_1: autoDraw = True
22.2220 	EXP 	Device response: <KeyPress from None: t=22.140567499998724, value=s, duration=0.08031458299956284>
23.1408 	INFO 	Keyboard events cleared
23.1407 	EXP 	feedback_practice_1: autoDraw = False
23.1407 	EXP 	feedback_practice_1: autoDraw = False
23.1407 	EXP 	text_5: text = ''
23.1407 	EXP 	text_5: autoDraw = True
24.3757 	EXP 	Device response: <KeyPress from None: t=24.371530290998635, value=space, duration=None>
24.3759 	EXP 	New trial (rep=0, index=2): <Trial 2 (2 in rep 0) data={'exp_diff': 'easy2', 'exp_time': 120, 'diffbyt': 4.0, 'thisN': 2, 'thisTrialN': 2, 'thisRepN': 0}>
24.3810 	EXP 	New trial (rep=0, index=0): <Trial 0 (0 in rep 0) data={'thisN': 0, 'thisTrialN': 0, 'thisRepN': 0}>
24.3827 	DATA 	Keypress: space
24.3868 	EXP 	text_5: autoDraw = False
24.3868 	EXP 	fix: autoDraw = True
24.4928 	EXP 	Device response: <KeyPress from None: t=24.371530290998635, value=space, duration=0.11639004200696945>
24.9001 	INFO 	Keyboard events cleared
24.9000 	EXP 	fix: autoDraw = False
24.9000 	EXP 	slider: markerPos = None
24.9000 	EXP 	slider: markerPos = None
24.9000 	EXP 	prog: autoDraw = True
24.9000 	EXP 	redbar: autoDraw = True
24.9000 	EXP 	yellowbar: autoDraw = True
24.9000 	EXP 	greenbar: autoDraw = True
24.9000 	EXP 	targarrow: autoDraw = True
24.9000 	EXP 	userArrow: autoDraw = True
24.9000 	EXP 	yourperfexp: autoDraw = True
24.9000 	EXP 	tarlabexp: autoDraw = True
24.9000 	EXP 	textbox: autoDraw = True
24.9000 	EXP 	slider: autoDraw = True
24.9000 	EXP 	norm_arrow: autoDraw = True
29.0943 	DATA 	Keypress: 7
29.1015 	EXP 	Device response: <KeyPress from None: t=29.08842916600406, value=7, duration=None>
29.1027 	DEBUG 	TextBox2 loaded 1 chars with 0 blanks and 1 valid
29.1028 	DEBUG 	Uploading Texture Font fontname to graphics card
29.1046 	DEBUG 	Upload of Texture Font fontname complete
29.1081 	EXP 	prog: autoDraw = False
29.1081 	EXP 	redbar: autoDraw = False
29.1081 	EXP 	yellowbar: autoDraw = False
29.1081 	EXP 	greenbar: autoDraw = False
29.1081 	EXP 	targarrow: autoDraw = False
29.1081 	EXP 	userArrow: autoDraw = False
29.1081 	EXP 	yourperfexp: autoDraw = False
29.1081 	EXP 	tarlabexp: autoDraw = False
29.1081 	EXP 	textbox: autoDraw = False
29.1081 	EXP 	slider: autoDraw = False
29.1081 	EXP 	norm_arrow: autoDraw = False
29.1081 	EXP 	feedback_practice_1: autoDraw = True
29.1512 	EXP 	Device response: <KeyPress from None: t=29.08842916600406, value=7, duration=0.06225258400081657>
30.0922 	EXP 	New trial (rep=1, index=0): <Trial 1 (0 in rep 1) data={'thisN': 1, 'thisTrialN': 0, 'thisRepN': 1}>
30.1009 	EXP 	feedback_practice_1: autoDraw = False
30.1009 	EXP 	feedback_practice_1: autoDraw = False
30.1009 	EXP 	fix: autoDraw = True
30.6130 	INFO 	Keyboard events cleared
30.6130 	EXP 	fix: autoDraw = False
30.6130 	EXP 	fix: autoDraw = False
30.6130 	EXP 	slider: markerPos = None
30.6130 	EXP 	slider: markerPos = None
30.6130 	EXP 	prog: autoDraw = True
30.6130 	EXP 	redbar: autoDraw = True
30.6130 	EXP 	yellowbar: autoDraw = True
30.6130 	EXP 	greenbar: autoDraw = True
30.6130 	EXP 	targarrow: autoDraw = True
30.6130 	EXP 	userArrow: autoDraw = True
30.6130 	EXP 	yourperfexp: autoDraw = True
30.6130 	EXP 	tarlabexp: autoDraw = True
30.6130 	EXP 	textbox: autoDraw = True
30.6130 	EXP 	slider: autoDraw = True
30.6130 	EXP 	norm_arrow: autoDraw = True
35.1014 	EXP 	Device response: <KeyPress from None: t=35.09668804099783, value=2, duration=None>
35.1031 	DATA 	Keypress: 2
35.1065 	EXP 	prog: autoDraw = False
35.1065 	EXP 	redbar: autoDraw = False
35.1065 	EXP 	yellowbar: autoDraw = False
35.1065 	EXP 	greenbar: autoDraw = False
35.1065 	EXP 	targarrow: autoDraw = False
35.1065 	EXP 	userArrow: autoDraw = False
35.1065 	EXP 	yourperfexp: autoDraw = False
35.1065 	EXP 	tarlabexp: autoDraw = False
35.1065 	EXP 	textbox: autoDraw = False
35.1065 	EXP 	slider: autoDraw = False
35.1065 	EXP 	norm_arrow: autoDraw = False
35.1065 	EXP 	feedback_practice_1: autoDraw = True
35.1683 	EXP 	Device response: <KeyPress from None: t=35.09668804099783, value=2, duration=0.058371292005176656>
36.0922 	EXP 	New trial (rep=2, index=0): <Trial 2 (0 in rep 2) data={'thisN': 2, 'thisTrialN': 0, 'thisRepN': 2}>
36.1008 	EXP 	feedback_practice_1: autoDraw = False
36.1008 	EXP 	feedback_practice_1: autoDraw = False
36.1008 	EXP 	fix: autoDraw = True
36.6088 	INFO 	Keyboard events cleared
36.6087 	EXP 	fix: autoDraw = False
36.6087 	EXP 	fix: autoDraw = False
36.6087 	EXP 	slider: markerPos = None
36.6087 	EXP 	slider: markerPos = None
36.6087 	EXP 	prog: autoDraw = True
36.6087 	EXP 	redbar: autoDraw = True
36.6087 	EXP 	yellowbar: autoDraw = True
36.6087 	EXP 	greenbar: autoDraw = True
36.6087 	EXP 	targarrow: autoDraw = True
36.6087 	EXP 	userArrow: autoDraw = True
36.6087 	EXP 	yourperfexp: autoDraw = True
36.6087 	EXP 	tarlabexp: autoDraw = True
36.6087 	EXP 	textbox: autoDraw = True
36.6087 	EXP 	slider: autoDraw = True
36.6087 	EXP 	norm_arrow: autoDraw = True
38.9221 	DATA 	Keypress: escape
38.9261 	EXP 	Device response: <KeyPress from None: t=38.906895541003905, value=escape, duration=None>
39.0273 	EXP 	Device response: <KeyPress from None: t=38.906895541003905, value=escape, duration=0.11185870900226291>
39.0273 	EXP 	misty_module: status = STOPPED
39.0334 	EXP 	prog: autoDraw = False
39.0334 	EXP 	redbar: autoDraw = False
39.0334 	EXP 	yellowbar: autoDraw = False
39.0334 	EXP 	greenbar: autoDraw = False
39.0334 	EXP 	targarrow: autoDraw = False
39.0334 	EXP 	userArrow: autoDraw = False
39.0334 	EXP 	yourperfexp: autoDraw = False
39.0334 	EXP 	tarlabexp: autoDraw = False
39.0334 	EXP 	textbox: autoDraw = False
39.0334 	EXP 	slider: autoDraw = False
39.0334 	EXP 	norm_arrow: autoDraw = False
39.0341 	EXP 	misty_module: status = STOPPED
39.0371 	INFO 	saved data to '/Users/oliverclark/misty_py/data/pilot_misty_module_2026-02-04_15h04.54.259.csv'
39.0379 	INFO 	saved data to /Users/oliverclark/misty_py/data/pilot_misty_module_2026-02-04_15h04.54.259.psydat
39.1238 	DEBUG 	Saving data for misty_module ExperimentHandler
39.1243 	WARNING 	Stopping key buffers but this could be dangerous ifother keyboards rely on the same.
