3.7590 	DEBUG 	Fullscreen settings ignored as running in pilot mode.
3.7610 	INFO 	Loaded monitor calibration from ['2025_12_08 16:52']
4.1399 	INFO 	Using renderer 'NVIDIA GeForce GTX 1660/PCIe/SSE2' for graphics
4.1399 	INFO 	OpenGL version supported by driver is 4..
4.1463 	EXP 	Created window1 = Window(allowGUI=False, allowStencil=True, autoLog=True, backendConf=UNKNOWN, backgroundFit=<method-wrapper '__getattribute__' of attributeSetter object at 0x7e686dd622c0>, backgroundImage=<method-wrapper '__getattribute__' of attributeSetter object at 0x7e686dd62260>, bitsMode=UNKNOWN, blendMode='avg', bpc=(8, 8, 8), color=array([0, 0, 0]), colorSpace='rgb', depthBits=8, fullscr=False, gamma=None, gammaErrorPolicy='raise', infoMsg=UNKNOWN, lms=UNKNOWN, monitor=<psychopy.monitors.calibTools.Monitor object at 0x7e6868d384c0>, multiSample=False, name='window1', numSamples=2, pos=[np.float64(560.0), np.float64(240.0)], screen=0, size=array([800, 600]), stencilBits=8, stereo=False, title='PsychoPy', units='height', useFBO=True, useRetina=False, viewOri=0.0, viewPos=None, viewScale=None, waitBlanking=True, winType='pyglet')
4.1464 	EXP 	window1: backgroundImage = ''
4.1465 	EXP 	window1: backgroundFit = 'none'
4.1576 	DEBUG 	TextBox2 loaded 1 chars with 0 blanks and 1 valid
4.1591 	DEBUG 	TextBox2 loaded 1 chars with 0 blanks and 1 valid
4.1606 	DEBUG 	TextBox2 loaded 1 chars with 0 blanks and 1 valid
4.1623 	DEBUG 	TextBox2 loaded 1 chars with 0 blanks and 1 valid
4.1641 	DEBUG 	TextBox2 loaded 1 chars with 0 blanks and 1 valid
4.1652 	DEBUG 	TextBox2 loaded 1 chars with 0 blanks and 1 valid
4.1666 	DEBUG 	TextBox2 loaded 1 chars with 0 blanks and 1 valid
4.1683 	DEBUG 	TextBox2 loaded 1 chars with 0 blanks and 1 valid
4.1692 	DEBUG 	TextBox2 loaded 1 chars with 0 blanks and 1 valid
4.1702 	DEBUG 	TextBox2 loaded 1 chars with 0 blanks and 1 valid
4.1716 	DEBUG 	TextBox2 loaded 1 chars with 0 blanks and 1 valid
4.1731 	DEBUG 	TextBox2 loaded 1 chars with 0 blanks and 1 valid
4.1744 	DEBUG 	TextBox2 loaded 1 chars with 0 blanks and 1 valid
4.1759 	DEBUG 	TextBox2 loaded 1 chars with 0 blanks and 1 valid
4.1772 	DEBUG 	TextBox2 loaded 1 chars with 0 blanks and 1 valid
4.1787 	DEBUG 	TextBox2 loaded 1 chars with 0 blanks and 1 valid
4.1802 	DEBUG 	TextBox2 loaded 1 chars with 0 blanks and 1 valid
4.1813 	DEBUG 	TextBox2 loaded 1 chars with 0 blanks and 1 valid
4.1824 	DEBUG 	TextBox2 loaded 1 chars with 0 blanks and 1 valid
4.1841 	DEBUG 	TextBox2 loaded 1 chars with 0 blanks and 1 valid
4.1852 	DEBUG 	TextBox2 loaded 1 chars with 0 blanks and 1 valid
4.1855 	DEBUG 	Uploading Texture Font fontname to graphics card
4.1928 	DEBUG 	Upload of Texture Font fontname complete
4.2028 	DEBUG 	TextBox2 loaded 1 chars with 0 blanks and 1 valid
4.2057 	DEBUG 	TextBox2 loaded 1 chars with 0 blanks and 1 valid
4.2075 	DEBUG 	TextBox2 loaded 1 chars with 0 blanks and 1 valid
4.2078 	DEBUG 	Uploading Texture Font fontname to graphics card
4.2120 	DEBUG 	Upload of Texture Font fontname complete
4.2145 	EXP 	window1: Attempting to measure frame rate of screen (0) ...
4.2146 	EXP 	window1: recordFrameIntervals = False
4.3805 	EXP 	window1: recordFrameIntervals = True
4.5639 	EXP 	Screen (0) actual frame rate measured at 60.00Hz
4.5639 	EXP 	window1: recordFrameIntervals = False
4.5728 	DEBUG 	TextBox2 loaded 1 chars with 0 blanks and 1 valid
4.5742 	DEBUG 	TextBox2 loaded 1 chars with 0 blanks and 1 valid
4.5758 	DEBUG 	TextBox2 loaded 1 chars with 0 blanks and 1 valid
4.5777 	DEBUG 	TextBox2 loaded 1 chars with 0 blanks and 1 valid
4.5796 	DEBUG 	TextBox2 loaded 1 chars with 0 blanks and 1 valid
4.5814 	DEBUG 	TextBox2 loaded 1 chars with 0 blanks and 1 valid
4.5826 	DEBUG 	TextBox2 loaded 1 chars with 0 blanks and 1 valid
4.5843 	DEBUG 	TextBox2 loaded 1 chars with 0 blanks and 1 valid
4.5861 	DEBUG 	TextBox2 loaded 1 chars with 0 blanks and 1 valid
4.5878 	DEBUG 	TextBox2 loaded 1 chars with 0 blanks and 1 valid
4.5883 	DEBUG 	Uploading Texture Font fontname to graphics card
4.5898 	DEBUG 	Upload of Texture Font fontname complete
4.6244 	INFO 	keyboard.Keyboard is using ptb backend.
4.6245 	EXP 	misty_module: status = STARTED
4.6768 	EXP 	Created text = TextStim(__class__=<class 'psychopy.visual.text.TextStim'>, alignHoriz=method-wrapper(...), alignText='center', alignVert=method-wrapper(...), anchorHoriz='center', anchorVert='center', antialias=True, autoDraw=False, autoLog=True, bold=False, color=array([1., 1., 1.]), colorSpace='rgb', contrast=1.0, depth=0.0, draggable=False, flipHoriz=False, flipVert=False, font='Arial', fontFiles=[], height=np.float64(0.05), italic=False, languageStyle='LTR', name='text', opacity=1, ori=0.0, pos=array([0., 0.]), rgb=UNKNOWN, text=str(...), units='height', win=Window(...), wrapWidth=1)
4.7884 	EXP 	Created intstructs = TextStim(__class__=<class 'psychopy.visual.text.TextStim'>, alignHoriz=method-wrapper(...), alignText='center', alignVert=method-wrapper(...), anchorHoriz='center', anchorVert='center', antialias=True, autoDraw=False, autoLog=True, bold=False, color=array([1., 1., 1.]), colorSpace='rgb', contrast=1.0, depth=0.0, draggable=False, flipHoriz=False, flipVert=False, font='Arial', fontFiles=[], height=np.float64(0.05), italic=False, languageStyle='LTR', name='intstructs', opacity=1, ori=0.0, pos=array([0., 0.]), rgb=UNKNOWN, text=str(...), units='height', win=Window(...), wrapWidth=1)
4.7997 	EXP 	Created fix = TextStim(__class__=<class 'psychopy.visual.text.TextStim'>, alignHoriz=method-wrapper(...), alignText='center', alignVert=method-wrapper(...), anchorHoriz='center', anchorVert='center', antialias=True, autoDraw=False, autoLog=True, bold=False, color=array([1., 1., 1.]), colorSpace='rgb', contrast=1.0, depth=-1.0, draggable=False, flipHoriz=False, flipVert=False, font='Open Sans', fontFiles=[], height=np.float64(0.1), italic=False, languageStyle='LTR', name='fix', opacity=1, ori=0.0, pos=array([0., 0.]), rgb=UNKNOWN, text='+', units='height', win=Window(...), wrapWidth=1)
4.8028 	EXP 	Created greenbar_3 = Rect(__class__=<class 'psychopy.visual.rect.Rect'>, anchor=('left', 'center'), autoDraw=False, autoLog=True, closeShape=True, color=method-wrapper(...), colorSpace='rgb', contrast=None, depth=-1.0, draggable=False, fillColor=array([-1.    ,  0.0039, -1.    ]), fillColorSpace='rgb', fillRGB=array([-1.    ,  0.0039, -1.    ]), interpolate=True, lineColor=array([1., 1., 1.]), lineColorSpace='rgb', lineRGB=array([1, 1, 1]), lineWidth=1.0, name='greenbar_3', opacity=1, ori=0.0, pos=array([0.33333333, 0.7       ]), size=array([0.66666667, 0.1       ]), units='norm', vertices=ndarray(...), win=Window(...))
4.8051 	EXP 	Created yellowbar_3 = Rect(__class__=<class 'psychopy.visual.rect.Rect'>, anchor=('left', 'center'), autoDraw=False, autoLog=True, closeShape=True, color=method-wrapper(...), colorSpace='rgb', contrast=None, depth=-2.0, draggable=False, fillColor=array([ 1.,  1., -1.]), fillColorSpace='rgb', fillRGB=array([ 1.,  1., -1.]), interpolate=True, lineColor=array([1., 1., 1.]), lineColorSpace='rgb', lineRGB=array([1, 1, 1]), lineWidth=1.0, name='yellowbar_3', opacity=1, ori=0.0, pos=array([-0.33333333,  0.7       ]), size=array([0.66666667, 0.1       ]), units='norm', vertices=ndarray(...), win=Window(...))
4.8071 	EXP 	Created redbar_3 = Rect(__class__=<class 'psychopy.visual.rect.Rect'>, anchor=('left', 'center'), autoDraw=False, autoLog=True, closeShape=True, color=method-wrapper(...), colorSpace='rgb', contrast=None, depth=-3.0, draggable=False, fillColor=array([ 1., -1., -1.]), fillColorSpace='rgb', fillRGB=array([ 1., -1., -1.]), interpolate=True, lineColor=array([1., 1., 1.]), lineColorSpace='rgb', lineRGB=array([1, 1, 1]), lineWidth=1.0, name='redbar_3', opacity=1, ori=0.0, pos=array([-1. ,  0.7]), size=array([0.66666667, 0.1       ]), units='norm', vertices=ndarray(...), win=Window(...))
4.8104 	EXP 	Created arrow_3 = ShapeStim(__class__=<class 'psychopy.visual.shape.ShapeStim'>, anchor=('center', 'center'), autoDraw=False, autoLog=True, closeShape=True, color=method-wrapper(...), colorSpace='rgb', contrast=None, depth=-4.0, draggable=False, fillColor=array([1, 1, 1]), fillColorSpace='rgb', fillRGB=array([1, 1, 1]), interpolate=True, lineColor=array([1., 1., 1.]), lineColorSpace='rgb', lineRGB=array([1, 1, 1]), lineWidth=1.0, name='arrow_3', opacity=1, ori=0.0, pos=array([0., 0.]), size=array([0.05, 0.05]), units='norm', vertices=ndarray(...), win=Window(...), windingRule=None)
4.8137 	WARNING 	Font b'Arial' was requested. No similar font found.
4.8195 	WARNING 	Font b'Arial' was requested. No similar font found.
4.8224 	DEBUG 	TextBox2 loaded 1 chars with 0 blanks and 1 valid
4.8238 	DEBUG 	TextBox2 loaded 1 chars with 0 blanks and 1 valid
4.8251 	DEBUG 	TextBox2 loaded 1 chars with 0 blanks and 1 valid
4.8263 	DEBUG 	TextBox2 loaded 1 chars with 0 blanks and 1 valid
4.8270 	DEBUG 	TextBox2 loaded 1 chars with 0 blanks and 1 valid
4.8276 	DEBUG 	TextBox2 loaded 1 chars with 0 blanks and 1 valid
4.8289 	DEBUG 	TextBox2 loaded 1 chars with 0 blanks and 1 valid
4.8300 	DEBUG 	TextBox2 loaded 1 chars with 0 blanks and 1 valid
4.8306 	DEBUG 	TextBox2 loaded 1 chars with 0 blanks and 1 valid
4.8310 	DEBUG 	Uploading Texture Font fontname to graphics card
4.8356 	DEBUG 	Upload of Texture Font fontname complete
4.8542 	DEBUG 	TextBox2 loaded 1 chars with 0 blanks and 1 valid
4.8545 	DEBUG 	Uploading Texture Font fontname to graphics card
4.8559 	DEBUG 	Upload of Texture Font fontname complete
4.8627 	DEBUG 	TextBox2 loaded 1 chars with 0 blanks and 1 valid
4.8639 	DEBUG 	TextBox2 loaded 1 chars with 0 blanks and 1 valid
4.8650 	DEBUG 	TextBox2 loaded 1 chars with 0 blanks and 1 valid
4.8661 	DEBUG 	TextBox2 loaded 1 chars with 0 blanks and 1 valid
4.8669 	DEBUG 	TextBox2 loaded 1 chars with 0 blanks and 1 valid
4.8678 	DEBUG 	TextBox2 loaded 1 chars with 0 blanks and 1 valid
4.8689 	DEBUG 	TextBox2 loaded 1 chars with 0 blanks and 1 valid
4.8699 	DEBUG 	TextBox2 loaded 1 chars with 0 blanks and 1 valid
4.8709 	DEBUG 	TextBox2 loaded 1 chars with 0 blanks and 1 valid
4.8718 	DEBUG 	TextBox2 loaded 1 chars with 0 blanks and 1 valid
4.8722 	DEBUG 	Uploading Texture Font fontname to graphics card
4.8734 	DEBUG 	Upload of Texture Font fontname complete
4.8802 	DEBUG 	TextBox2 loaded 1 chars with 0 blanks and 1 valid
4.8805 	DEBUG 	Uploading Texture Font fontname to graphics card
4.8846 	DEBUG 	Upload of Texture Font fontname complete
4.8975 	DEBUG 	TextBox2 loaded 1 chars with 0 blanks and 1 valid
4.8977 	DEBUG 	Uploading Texture Font fontname to graphics card
4.8989 	DEBUG 	Upload of Texture Font fontname complete
4.9118 	DEBUG 	TextBox2 loaded 1 chars with 0 blanks and 1 valid
4.9121 	DEBUG 	Uploading Texture Font fontname to graphics card
4.9133 	DEBUG 	Upload of Texture Font fontname complete
4.9259 	DEBUG 	TextBox2 loaded 1 chars with 0 blanks and 1 valid
4.9261 	DEBUG 	Uploading Texture Font fontname to graphics card
4.9273 	DEBUG 	Upload of Texture Font fontname complete
4.9401 	DEBUG 	TextBox2 loaded 1 chars with 0 blanks and 1 valid
4.9403 	DEBUG 	Uploading Texture Font fontname to graphics card
4.9415 	DEBUG 	Upload of Texture Font fontname complete
4.9541 	DEBUG 	TextBox2 loaded 1 chars with 0 blanks and 1 valid
4.9544 	DEBUG 	Uploading Texture Font fontname to graphics card
4.9556 	DEBUG 	Upload of Texture Font fontname complete
4.9683 	DEBUG 	TextBox2 loaded 1 chars with 0 blanks and 1 valid
4.9685 	DEBUG 	Uploading Texture Font fontname to graphics card
4.9697 	DEBUG 	Upload of Texture Font fontname complete
4.9824 	DEBUG 	TextBox2 loaded 1 chars with 0 blanks and 1 valid
4.9827 	DEBUG 	Uploading Texture Font fontname to graphics card
4.9838 	DEBUG 	Upload of Texture Font fontname complete
4.9966 	DEBUG 	TextBox2 loaded 1 chars with 0 blanks and 1 valid
4.9968 	DEBUG 	Uploading Texture Font fontname to graphics card
4.9981 	DEBUG 	Upload of Texture Font fontname complete
5.0621 	EXP 	Created slider_3 = Slider(__class__=<class 'psychopy.visual.slider.Slider'>, autoDraw=False, autoLog=True, borderColor=None, color=None, colorSpace='rgb', depth=-6, fillColor=None, flip=False, font='Noto Sans', granularity=1, labelColor=None, labelHeight=np.float64(0.05), labelWrapWidth=None, labels=(0, 1, 2, 3, 4, 5, 6, 7, 8, 9), lineColor=None, markerColor=None, name='slider_3', opacity=None, ori=0.0, pos=array([ 0. , -0.4]), readOnly=False, self=UNKNOWN, size=array([1. , 0.1]), startValue=None, style='choice', styleTweaks=[], ticks=array([0, 1, 2, 3, 4, 5, 6, 7, 8, 9]), units='norm', win=Window(...))
5.0659 	EXP 	Created prog_3 = Progress(__class__=<class 'psychopy.visual.progress.Progress'>, anchor=('left', 'top'), autoDraw=False, autoLog=True, closeShape=True, color=method-wrapper(...), colorSpace='rgb', contrast=None, depth=-8, draggable=False, fillColor=array([-1.    ,  0.5373, -1.    ]), fillColorSpace='rgb', fillRGB=array([-1.    ,  0.5373, -1.    ]), interpolate=True, lineColor=array([1., 1., 1.]), lineColorSpace='rgb', lineRGB=array([1, 1, 1]), lineWidth=4.0, name='prog_3', opacity=1.0, ori=0.0, pos=array([-0.5,  0.5]), size=array([1. , 0.1]), units='norm', vertices=ndarray(...), win=Window(...), windingRule=None)
5.0682 	EXP 	Created prog_3Bar = ShapeStim(__class__=<class 'psychopy.visual.shape.ShapeStim'>, anchor=('left', 'top'), autoDraw=False, autoLog=True, closeShape=True, color=method-wrapper(...), colorSpace='rgb', contrast=None, depth=-8, draggable=False, fillColor=array([ 1., -1., -1.]), fillColorSpace='rgb', fillRGB=array([ 1., -1., -1.]), interpolate=True, lineColor=array([0., 0., 0.]), lineColorSpace='rgb', lineRGB=array([0, 0, 0]), lineWidth=1.5, name='prog_3Bar', opacity=1.0, ori=0.0, pos=array([-0.5,  0.5]), size=array([1. , 0.1]), units='norm', vertices=ndarray(...), win=Window(...), windingRule=None)
5.0710 	WARNING 	Font b'Arial' was requested. No similar font found.
5.0764 	WARNING 	Font b'Arial' was requested. No similar font found.
5.0816 	EXP 	Created fix = TextStim(__class__=<class 'psychopy.visual.text.TextStim'>, alignHoriz=method-wrapper(...), alignText='center', alignVert=method-wrapper(...), anchorHoriz='center', anchorVert='center', antialias=True, autoDraw=False, autoLog=True, bold=False, color=array([1., 1., 1.]), colorSpace='rgb', contrast=1.0, depth=-1.0, draggable=False, flipHoriz=False, flipVert=False, font='Open Sans', fontFiles=[], height=np.float64(0.1), italic=False, languageStyle='LTR', name='fix', opacity=1, ori=0.0, pos=array([0., 0.]), rgb=UNKNOWN, text='+', units='height', win=Window(...), wrapWidth=1)
5.0839 	EXP 	Created prog_2 = Progress(__class__=<class 'psychopy.visual.progress.Progress'>, anchor=('left', 'top'), autoDraw=False, autoLog=True, closeShape=True, color=method-wrapper(...), colorSpace='rgb', contrast=None, depth=-1, draggable=False, fillColor=array([-1.    ,  0.5373, -1.    ]), fillColorSpace='rgb', fillRGB=array([-1.    ,  0.5373, -1.    ]), interpolate=True, lineColor=array([1., 1., 1.]), lineColorSpace='rgb', lineRGB=array([1, 1, 1]), lineWidth=4.0, name='prog_2', opacity=1.0, ori=0.0, pos=array([-0.5,  0.5]), size=array([1. , 0.1]), units='norm', vertices=ndarray(...), win=Window(...), windingRule=None)
5.0861 	EXP 	Created prog_2Bar = ShapeStim(__class__=<class 'psychopy.visual.shape.ShapeStim'>, anchor=('left', 'top'), autoDraw=False, autoLog=True, closeShape=True, color=method-wrapper(...), colorSpace='rgb', contrast=None, depth=-1, draggable=False, fillColor=array([ 1., -1., -1.]), fillColorSpace='rgb', fillRGB=array([ 1., -1., -1.]), interpolate=True, lineColor=array([0., 0., 0.]), lineColorSpace='rgb', lineRGB=array([0, 0, 0]), lineWidth=1.5, name='prog_2Bar', opacity=1.0, ori=0.0, pos=array([-0.5,  0.5]), size=array([1. , 0.1]), units='norm', vertices=ndarray(...), win=Window(...), windingRule=None)
5.0883 	EXP 	Created greenbar_2 = Rect(__class__=<class 'psychopy.visual.rect.Rect'>, anchor=('left', 'center'), autoDraw=False, autoLog=True, closeShape=True, color=method-wrapper(...), colorSpace='rgb', contrast=None, depth=-2.0, draggable=False, fillColor=array([-1.    ,  0.0039, -1.    ]), fillColorSpace='rgb', fillRGB=array([-1.    ,  0.0039, -1.    ]), interpolate=True, lineColor=array([1., 1., 1.]), lineColorSpace='rgb', lineRGB=array([1, 1, 1]), lineWidth=1.0, name='greenbar_2', opacity=1, ori=0.0, pos=array([0.33333333, 0.7       ]), size=array([0.66666667, 0.1       ]), units='norm', vertices=ndarray(...), win=Window(...))
5.0902 	EXP 	Created yellowbar_2 = Rect(__class__=<class 'psychopy.visual.rect.Rect'>, anchor=('left', 'center'), autoDraw=False, autoLog=True, closeShape=True, color=method-wrapper(...), colorSpace='rgb', contrast=None, depth=-3.0, draggable=False, fillColor=array([ 1.,  1., -1.]), fillColorSpace='rgb', fillRGB=array([ 1.,  1., -1.]), interpolate=True, lineColor=array([1., 1., 1.]), lineColorSpace='rgb', lineRGB=array([1, 1, 1]), lineWidth=1.0, name='yellowbar_2', opacity=1, ori=0.0, pos=array([-0.33333333,  0.7       ]), size=array([0.66666667, 0.1       ]), units='norm', vertices=ndarray(...), win=Window(...))
5.0921 	EXP 	Created redbar_2 = Rect(__class__=<class 'psychopy.visual.rect.Rect'>, anchor=('left', 'center'), autoDraw=False, autoLog=True, closeShape=True, color=method-wrapper(...), colorSpace='rgb', contrast=None, depth=-4.0, draggable=False, fillColor=array([ 1., -1., -1.]), fillColorSpace='rgb', fillRGB=array([ 1., -1., -1.]), interpolate=True, lineColor=array([1., 1., 1.]), lineColorSpace='rgb', lineRGB=array([1, 1, 1]), lineWidth=1.0, name='redbar_2', opacity=1, ori=0.0, pos=array([-1. ,  0.7]), size=array([0.66666667, 0.1       ]), units='norm', vertices=ndarray(...), win=Window(...))
5.0944 	EXP 	Created arrow_2 = ShapeStim(__class__=<class 'psychopy.visual.shape.ShapeStim'>, anchor=('center', 'center'), autoDraw=False, autoLog=True, closeShape=True, color=method-wrapper(...), colorSpace='rgb', contrast=None, depth=-5.0, draggable=False, fillColor=array([1, 1, 1]), fillColorSpace='rgb', fillRGB=array([1, 1, 1]), interpolate=True, lineColor=array([1., 1., 1.]), lineColorSpace='rgb', lineRGB=array([1, 1, 1]), lineWidth=1.0, name='arrow_2', opacity=1, ori=0.0, pos=array([0., 0.]), size=array([0.05, 0.05]), units='norm', vertices=ndarray(...), win=Window(...), windingRule=None)
5.0971 	WARNING 	Font b'Arial' was requested. No similar font found.
5.1024 	WARNING 	Font b'Arial' was requested. No similar font found.
5.2872 	EXP 	Created slider_2 = Slider(__class__=<class 'psychopy.visual.slider.Slider'>, autoDraw=False, autoLog=True, borderColor=None, color=None, colorSpace='rgb', depth=-7, fillColor=None, flip=False, font='Noto Sans', granularity=1, labelColor=None, labelHeight=np.float64(0.05), labelWrapWidth=None, labels=(0, 1, 2, 3, 4, 5, 6, 7, 8, 9), lineColor=None, markerColor=None, name='slider_2', opacity=None, ori=0.0, pos=array([ 0. , -0.4]), readOnly=False, self=UNKNOWN, size=array([1. , 0.1]), startValue=None, style='choice', styleTweaks=[], ticks=array([0, 1, 2, 3, 4, 5, 6, 7, 8, 9]), units='norm', win=Window(...))
5.2908 	WARNING 	Font b'Arial' was requested. No similar font found.
5.2973 	WARNING 	Font b'Arial' was requested. No similar font found.
5.3029 	EXP 	Created fix = TextStim(__class__=<class 'psychopy.visual.text.TextStim'>, alignHoriz=method-wrapper(...), alignText='center', alignVert=method-wrapper(...), anchorHoriz='center', anchorVert='center', antialias=True, autoDraw=False, autoLog=True, bold=False, color=array([1., 1., 1.]), colorSpace='rgb', contrast=1.0, depth=-1.0, draggable=False, flipHoriz=False, flipVert=False, font='Open Sans', fontFiles=[], height=np.float64(0.1), italic=False, languageStyle='LTR', name='fix', opacity=1, ori=0.0, pos=array([0., 0.]), rgb=UNKNOWN, text='+', units='height', win=Window(...), wrapWidth=1)
5.3055 	EXP 	Created prog = Progress(__class__=<class 'psychopy.visual.progress.Progress'>, anchor=('left', 'top'), autoDraw=False, autoLog=True, closeShape=True, color=method-wrapper(...), colorSpace='rgb', contrast=None, depth=-1, draggable=False, fillColor=array([-1.    ,  0.5373, -1.    ]), fillColorSpace='rgb', fillRGB=array([-1.    ,  0.5373, -1.    ]), interpolate=True, lineColor=array([1., 1., 1.]), lineColorSpace='rgb', lineRGB=array([1, 1, 1]), lineWidth=4.0, name='prog', opacity=1.0, ori=0.0, pos=array([-0.5,  0.5]), size=array([1. , 0.1]), units='norm', vertices=ndarray(...), win=Window(...), windingRule=None)
5.3077 	EXP 	Created progBar = ShapeStim(__class__=<class 'psychopy.visual.shape.ShapeStim'>, anchor=('left', 'top'), autoDraw=False, autoLog=True, closeShape=True, color=method-wrapper(...), colorSpace='rgb', contrast=None, depth=-1, draggable=False, fillColor=array([ 1., -1., -1.]), fillColorSpace='rgb', fillRGB=array([ 1., -1., -1.]), interpolate=True, lineColor=array([0., 0., 0.]), lineColorSpace='rgb', lineRGB=array([0, 0, 0]), lineWidth=1.5, name='progBar', opacity=1.0, ori=0.0, pos=array([-0.5,  0.5]), size=array([1. , 0.1]), units='norm', vertices=ndarray(...), win=Window(...), windingRule=None)
5.3097 	EXP 	Created greenbar = Rect(__class__=<class 'psychopy.visual.rect.Rect'>, anchor=('left', 'center'), autoDraw=False, autoLog=True, closeShape=True, color=method-wrapper(...), colorSpace='rgb', contrast=None, depth=-2.0, draggable=False, fillColor=array([-1.    ,  0.0039, -1.    ]), fillColorSpace='rgb', fillRGB=array([-1.    ,  0.0039, -1.    ]), interpolate=True, lineColor=array([1., 1., 1.]), lineColorSpace='rgb', lineRGB=array([1, 1, 1]), lineWidth=1.0, name='greenbar', opacity=1, ori=0.0, pos=array([0.33333333, 0.7       ]), size=array([0.66666667, 0.1       ]), units='norm', vertices=ndarray(...), win=Window(...))
5.3115 	EXP 	Created yellowbar = Rect(__class__=<class 'psychopy.visual.rect.Rect'>, anchor=('left', 'center'), autoDraw=False, autoLog=True, closeShape=True, color=method-wrapper(...), colorSpace='rgb', contrast=None, depth=-3.0, draggable=False, fillColor=array([ 1.,  1., -1.]), fillColorSpace='rgb', fillRGB=array([ 1.,  1., -1.]), interpolate=True, lineColor=array([1., 1., 1.]), lineColorSpace='rgb', lineRGB=array([1, 1, 1]), lineWidth=1.0, name='yellowbar', opacity=1, ori=0.0, pos=array([-0.33333333,  0.7       ]), size=array([0.66666667, 0.1       ]), units='norm', vertices=ndarray(...), win=Window(...))
5.3134 	EXP 	Created redbar = Rect(__class__=<class 'psychopy.visual.rect.Rect'>, anchor=('left', 'center'), autoDraw=False, autoLog=True, closeShape=True, color=method-wrapper(...), colorSpace='rgb', contrast=None, depth=-4.0, draggable=False, fillColor=array([ 1., -1., -1.]), fillColorSpace='rgb', fillRGB=array([ 1., -1., -1.]), interpolate=True, lineColor=array([1., 1., 1.]), lineColorSpace='rgb', lineRGB=array([1, 1, 1]), lineWidth=1.0, name='redbar', opacity=1, ori=0.0, pos=array([-1. ,  0.7]), size=array([0.66666667, 0.1       ]), units='norm', vertices=ndarray(...), win=Window(...))
5.3156 	EXP 	Created arrow = ShapeStim(__class__=<class 'psychopy.visual.shape.ShapeStim'>, anchor=('center', 'center'), autoDraw=False, autoLog=True, closeShape=True, color=method-wrapper(...), colorSpace='rgb', contrast=None, depth=-5.0, draggable=False, fillColor=array([1, 1, 1]), fillColorSpace='rgb', fillRGB=array([1, 1, 1]), interpolate=True, lineColor=array([1., 1., 1.]), lineColorSpace='rgb', lineRGB=array([1, 1, 1]), lineWidth=1.0, name='arrow', opacity=1, ori=0.0, pos=array([0., 0.]), size=array([0.05, 0.05]), units='norm', vertices=ndarray(...), win=Window(...), windingRule=None)
5.3183 	WARNING 	Font b'Arial' was requested. No similar font found.
5.3237 	WARNING 	Font b'Arial' was requested. No similar font found.
5.5049 	EXP 	Created slider = Slider(__class__=<class 'psychopy.visual.slider.Slider'>, autoDraw=False, autoLog=True, borderColor=None, color=None, colorSpace='rgb', depth=-7, fillColor=None, flip=False, font='Noto Sans', granularity=1, labelColor=None, labelHeight=np.float64(0.05), labelWrapWidth=None, labels=(0, 1, 2, 3, 4, 5, 6, 7, 8, 9), lineColor=None, markerColor=None, name='slider', opacity=None, ori=0.0, pos=array([ 0. , -0.4]), readOnly=False, self=UNKNOWN, size=array([1. , 0.1]), startValue=None, style='choice', styleTweaks=[], ticks=array([0, 1, 2, 3, 4, 5, 6, 7, 8, 9]), units='norm', win=Window(...))
5.5077 	WARNING 	Font b'Arial' was requested. No similar font found.
5.5134 	WARNING 	Font b'Arial' was requested. No similar font found.
0.0163 	EXP 	textbox_4: autoLog = True
0.0163 	EXP 	slider_3: autoLog = True
0.0163 	EXP 	slider_3: styleTweaks = []
0.0163 	EXP 	slider_3: styleTweaks = []
0.0163 	EXP 	slider_3: styleTweaks = []
0.0163 	EXP 	slider_3: styleTweaks = []
0.0163 	EXP 	slider_3: contrast = 1.0
0.0163 	EXP 	slider_3: markerPos = None
0.0163 	EXP 	slider_3: autoLog = True
0.0163 	EXP 	prog_3: direction = 'horizontal'
0.0163 	EXP 	prog_3: progress = 0.0
0.0163 	EXP 	textbox_2: autoLog = True
0.0163 	EXP 	prog_2: direction = 'horizontal'
0.0163 	EXP 	prog_2: progress = 0.0
0.0163 	EXP 	textbox_3: autoLog = True
0.0163 	EXP 	slider_2: autoLog = True
0.0163 	EXP 	slider_2: styleTweaks = []
0.0163 	EXP 	slider_2: styleTweaks = []
0.0163 	EXP 	slider_2: styleTweaks = []
0.0163 	EXP 	slider_2: styleTweaks = []
0.0163 	EXP 	slider_2: contrast = 1.0
0.0163 	EXP 	slider_2: markerPos = None
0.0163 	EXP 	slider_2: autoLog = True
0.0163 	EXP 	textbox_2: autoLog = True
0.0163 	EXP 	prog: direction = 'horizontal'
0.0163 	EXP 	prog: progress = 0.0
0.0163 	EXP 	textbox: autoLog = True
0.0163 	EXP 	slider: autoLog = True
0.0163 	EXP 	slider: styleTweaks = []
0.0163 	EXP 	slider: styleTweaks = []
0.0163 	EXP 	slider: styleTweaks = []
0.0163 	EXP 	slider: styleTweaks = []
0.0163 	EXP 	slider: contrast = 1.0
0.0163 	EXP 	slider: markerPos = None
0.0163 	EXP 	slider: autoLog = True
0.0163 	EXP 	textbox_2: autoLog = True
0.0322 	INFO 	Keyboard events cleared
0.0321 	EXP 	text: autoDraw = True
0.1844 	EXP 	Device response: <KeyPress from None: t=0.18219804763793945, value=l, duration=None>
0.1850 	DATA 	Keypress: l
0.1989 	INFO 	Keyboard events cleared
0.1988 	EXP 	text: autoDraw = False
0.1988 	EXP 	intstructs: autoDraw = True
0.3176 	EXP 	Device response: <KeyPress from None: t=0.18219804763793945, value=l, duration=0.13233590126037598>
0.8843 	EXP 	Device response: <KeyPress from None: t=0.876885175704956, value=space, duration=None>
0.8845 	DATA 	Keypress: space
0.8852 	EXP 	New trial (rep=0, index=0): <Trial 0 (0 in rep 0) data={'thisN': 0, 'thisTrialN': 0, 'thisRepN': 0}>
0.8987 	EXP 	intstructs: autoDraw = False
0.8987 	EXP 	fix: autoDraw = True
1.0343 	EXP 	Device response: <KeyPress from None: t=0.876885175704956, value=space, duration=0.14168405532836914>
1.3867 	DEBUG 	TextBox2 loaded 1 chars with 0 blanks and 1 valid
1.3875 	DEBUG 	TextBox2 loaded 1 chars with 0 blanks and 1 valid
1.3889 	DEBUG 	TextBox2 loaded 1 chars with 0 blanks and 1 valid
1.3899 	DEBUG 	TextBox2 loaded 1 chars with 0 blanks and 1 valid
1.3912 	DEBUG 	TextBox2 loaded 1 chars with 0 blanks and 1 valid
1.3914 	DEBUG 	Uploading Texture Font fontname to graphics card
1.3925 	DEBUG 	Upload of Texture Font fontname complete
1.4311 	INFO 	Keyboard events cleared
1.4310 	EXP 	fix: autoDraw = False
1.4310 	EXP 	fix: autoDraw = False
1.4310 	EXP 	slider_3: markerPos = None
1.4310 	EXP 	slider_3: markerPos = None
1.4310 	EXP 	textbox_4: autoDraw = True
1.4310 	EXP 	slider_3: autoDraw = True
4.0842 	DATA 	Keypress: 3
4.1000 	EXP 	Device response: <KeyPress from None: t=4.076021671295166, value=3, duration=None>
4.1024 	DEBUG 	TextBox2 loaded 1 chars with 0 blanks and 1 valid
4.1036 	DEBUG 	TextBox2 loaded 1 chars with 0 blanks and 1 valid
4.1048 	DEBUG 	TextBox2 loaded 1 chars with 0 blanks and 1 valid
4.1060 	DEBUG 	TextBox2 loaded 1 chars with 0 blanks and 1 valid
4.1073 	DEBUG 	TextBox2 loaded 1 chars with 0 blanks and 1 valid
4.1082 	DEBUG 	TextBox2 loaded 1 chars with 0 blanks and 1 valid
4.1085 	DEBUG 	Uploading Texture Font fontname to graphics card
4.1095 	DEBUG 	Upload of Texture Font fontname complete
4.1310 	EXP 	greenbar_3: autoDraw = False
4.1310 	EXP 	yellowbar_3: autoDraw = False
4.1310 	EXP 	redbar_3: autoDraw = False
4.1310 	EXP 	arrow_3: autoDraw = False
4.1310 	EXP 	textbox_4: autoDraw = False
4.1310 	EXP 	slider_3: autoDraw = False
4.1310 	EXP 	prog_3: autoDraw = False
4.1310 	EXP 	textbox_2: autoDraw = True
4.1678 	EXP 	Device response: <KeyPress from None: t=4.076021671295166, value=3, duration=0.09164166450500488>
5.1013 	EXP 	New trial (rep=1, index=0): <Trial 1 (0 in rep 1) data={'thisN': 1, 'thisTrialN': 0, 'thisRepN': 1}>
5.1156 	EXP 	textbox_2: autoDraw = False
5.1156 	EXP 	fix: autoDraw = True
5.6036 	DEBUG 	TextBox2 loaded 1 chars with 0 blanks and 1 valid
5.6052 	DEBUG 	TextBox2 loaded 1 chars with 0 blanks and 1 valid
5.6066 	DEBUG 	TextBox2 loaded 1 chars with 0 blanks and 1 valid
5.6070 	DEBUG 	Uploading Texture Font fontname to graphics card
5.6082 	DEBUG 	Upload of Texture Font fontname complete
5.6478 	INFO 	Keyboard events cleared
5.6477 	EXP 	fix: autoDraw = False
5.6477 	EXP 	slider_3: markerPos = None
5.6477 	EXP 	slider_3: markerPos = None
5.6477 	EXP 	textbox_4: autoDraw = True
5.6477 	EXP 	slider_3: autoDraw = True
6.9346 	DATA 	Keypress: 6
6.9501 	EXP 	Device response: <KeyPress from None: t=6.929188013076782, value=6, duration=None>
6.9655 	EXP 	greenbar_3: autoDraw = False
6.9655 	EXP 	yellowbar_3: autoDraw = False
6.9655 	EXP 	redbar_3: autoDraw = False
6.9655 	EXP 	arrow_3: autoDraw = False
6.9655 	EXP 	textbox_4: autoDraw = False
6.9655 	EXP 	slider_3: autoDraw = False
6.9655 	EXP 	prog_3: autoDraw = False
6.9655 	EXP 	textbox_2: autoDraw = True
7.0179 	EXP 	Device response: <KeyPress from None: t=6.929188013076782, value=6, duration=0.08263707160949707>
7.9512 	EXP 	New trial (rep=2, index=0): <Trial 2 (0 in rep 2) data={'thisN': 2, 'thisTrialN': 0, 'thisRepN': 2}>
7.9655 	EXP 	textbox_2: autoDraw = False
7.9655 	EXP 	fix: autoDraw = True
8.4534 	DEBUG 	TextBox2 loaded 1 chars with 0 blanks and 1 valid
8.4538 	DEBUG 	Uploading Texture Font fontname to graphics card
8.4550 	DEBUG 	Upload of Texture Font fontname complete
8.4811 	INFO 	Keyboard events cleared
8.4810 	EXP 	fix: autoDraw = False
8.4810 	EXP 	slider_3: markerPos = None
8.4810 	EXP 	slider_3: markerPos = None
8.4810 	EXP 	textbox_4: autoDraw = True
8.4810 	EXP 	slider_3: autoDraw = True
9.4833 	EXP 	Device response: <KeyPress from None: t=9.482183694839478, value=4, duration=None>
9.4874 	DATA 	Keypress: 4
9.4988 	EXP 	greenbar_3: autoDraw = False
9.4988 	EXP 	yellowbar_3: autoDraw = False
9.4988 	EXP 	redbar_3: autoDraw = False
9.4988 	EXP 	arrow_3: autoDraw = False
9.4988 	EXP 	textbox_4: autoDraw = False
9.4988 	EXP 	slider_3: autoDraw = False
9.4988 	EXP 	prog_3: autoDraw = False
9.4988 	EXP 	textbox_2: autoDraw = True
9.5677 	EXP 	Device response: <KeyPress from None: t=9.482183694839478, value=4, duration=0.07864499092102051>
10.4844 	EXP 	New trial (rep=3, index=0): <Trial 3 (0 in rep 3) data={'thisN': 3, 'thisTrialN': 0, 'thisRepN': 3}>
10.4988 	EXP 	textbox_2: autoDraw = False
10.4988 	EXP 	fix: autoDraw = True
11.0143 	INFO 	Keyboard events cleared
11.0143 	EXP 	fix: autoDraw = False
11.0143 	EXP 	slider_3: markerPos = None
11.0143 	EXP 	slider_3: markerPos = None
11.0143 	EXP 	textbox_4: autoDraw = True
11.0143 	EXP 	slider_3: autoDraw = True
12.7010 	DATA 	Keypress: 6
12.7165 	EXP 	Device response: <KeyPress from None: t=12.697439670562744, value=6, duration=None>
12.7321 	EXP 	greenbar_3: autoDraw = False
12.7321 	EXP 	yellowbar_3: autoDraw = False
12.7321 	EXP 	redbar_3: autoDraw = False
12.7321 	EXP 	arrow_3: autoDraw = False
12.7321 	EXP 	textbox_4: autoDraw = False
12.7321 	EXP 	slider_3: autoDraw = False
12.7321 	EXP 	prog_3: autoDraw = False
12.7321 	EXP 	textbox_2: autoDraw = True
12.8010 	EXP 	Device response: <KeyPress from None: t=12.697439670562744, value=6, duration=0.09150147438049316>
13.7177 	EXP 	New trial (rep=4, index=0): <Trial 4 (0 in rep 4) data={'thisN': 4, 'thisTrialN': 0, 'thisRepN': 4}>
13.7321 	EXP 	textbox_2: autoDraw = False
13.7321 	EXP 	fix: autoDraw = True
14.2477 	INFO 	Keyboard events cleared
14.2475 	EXP 	fix: autoDraw = False
14.2475 	EXP 	slider_3: markerPos = None
14.2475 	EXP 	slider_3: markerPos = None
14.2475 	EXP 	textbox_4: autoDraw = True
14.2475 	EXP 	slider_3: autoDraw = True
15.7834 	EXP 	Device response: <KeyPress from None: t=15.771451711654663, value=0, duration=None>
15.7834 	EXP 	Device response: <KeyPress from None: t=15.771974325180054, value=minus, duration=None>
15.7879 	DATA 	Keypress: 0
15.7881 	DATA 	Keypress: minus
15.7987 	EXP 	greenbar_3: autoDraw = False
15.7987 	EXP 	yellowbar_3: autoDraw = False
15.7987 	EXP 	redbar_3: autoDraw = False
15.7987 	EXP 	arrow_3: autoDraw = False
15.7987 	EXP 	textbox_4: autoDraw = False
15.7987 	EXP 	slider_3: autoDraw = False
15.7987 	EXP 	prog_3: autoDraw = False
15.7987 	EXP 	textbox_2: autoDraw = True
15.8511 	EXP 	Device response: <KeyPress from None: t=15.771974325180054, value=minus, duration=0.07809185981750488>
15.8677 	EXP 	Device response: <KeyPress from None: t=15.771451711654663, value=0, duration=0.08658576011657715>
16.7845 	EXP 	New trial (rep=5, index=0): <Trial 5 (0 in rep 5) data={'thisN': 5, 'thisTrialN': 0, 'thisRepN': 5}>
16.7987 	EXP 	textbox_2: autoDraw = False
16.7987 	EXP 	textbox_2: autoDraw = False
16.7987 	EXP 	fix: autoDraw = True
17.2869 	DEBUG 	TextBox2 loaded 1 chars with 0 blanks and 1 valid
17.2873 	DEBUG 	Uploading Texture Font fontname to graphics card
17.2885 	DEBUG 	Upload of Texture Font fontname complete
17.3143 	INFO 	Keyboard events cleared
17.3142 	EXP 	fix: autoDraw = False
17.3142 	EXP 	fix: autoDraw = False
17.3142 	EXP 	slider_3: markerPos = None
17.3142 	EXP 	slider_3: markerPos = None
17.3142 	EXP 	textbox_4: autoDraw = True
17.3142 	EXP 	slider_3: autoDraw = True
18.7165 	EXP 	Device response: <KeyPress from None: t=18.70752787590027, value=9, duration=None>
18.7204 	DATA 	Keypress: 9
18.7320 	EXP 	greenbar_3: autoDraw = False
18.7320 	EXP 	yellowbar_3: autoDraw = False
18.7320 	EXP 	redbar_3: autoDraw = False
18.7320 	EXP 	arrow_3: autoDraw = False
18.7320 	EXP 	textbox_4: autoDraw = False
18.7320 	EXP 	slider_3: autoDraw = False
18.7320 	EXP 	prog_3: autoDraw = False
18.7320 	EXP 	textbox_2: autoDraw = True
18.8177 	EXP 	Device response: <KeyPress from None: t=18.70752787590027, value=9, duration=0.10771894454956055>
19.7225 	EXP 	New trial (rep=0, index=0): <Trial 0 (0 in rep 0) data={'thisN': 0, 'thisTrialN': 0, 'thisRepN': 0}>
19.7320 	EXP 	textbox_2: autoDraw = False
19.7320 	EXP 	fix: autoDraw = True
20.2198 	DEBUG 	TextBox2 loaded 1 chars with 0 blanks and 1 valid
20.2202 	DEBUG 	Uploading Texture Font fontname to graphics card
20.2213 	DEBUG 	Upload of Texture Font fontname complete
20.2342 	DEBUG 	Saving data for misty_module ExperimentHandler
20.2362 	INFO 	saved data to /home/hackerman/misty_py/data/pilot_misty_module_2026-01-29_17h48.18.518.psydat
20.2373 	INFO 	saved data to '/home/hackerman/misty_py/data/pilot_misty_module_2026-01-29_17h48.18.518.csv'
20.2463 	WARNING 	Stopping key buffers but this could be dangerous ifother keyboards rely on the same.
