8.6571 	WARNING 	Font Manager failed to load file /System/Library/PrivateFrameworks/FontServices.framework/Resources/Reserved/PingFangUI.ttc
8.6860 	WARNING 	Font Manager failed to load file /System/Library/PrivateFrameworks/FontServices.framework/Resources/Reserved/PingFangUI.ttc
12.5760 	DEBUG 	Fullscreen settings ignored as running in pilot mode.
12.5766 	INFO 	Loaded monitor calibration from ['2026_01_27 16:28']
12.6691 	INFO 	Using renderer 'Apple M4' for graphics
12.6691 	INFO 	OpenGL version supported by driver is 2..
12.6878 	EXP 	Created window1 = Window(allowGUI=False, allowStencil=True, autoLog=True, backendConf=UNKNOWN, backgroundFit=<method-wrapper '__getattribute__' of attributeSetter object at 0x1752ebf40>, backgroundImage=<method-wrapper '__getattribute__' of attributeSetter object at 0x1752e8040>, bitsMode=UNKNOWN, blendMode='avg', bpc=(8, 8, 8), color=array([0, 0, 0]), colorSpace='rgb', depthBits=8, fullscr=False, gamma=None, gammaErrorPolicy='raise', infoMsg=UNKNOWN, lms=UNKNOWN, monitor=<psychopy.monitors.calibTools.Monitor object at 0x175740c10>, multiSample=False, name='window1', numSamples=2, pos=[np.float64(560.0), np.float64(240.0)], screen=0, size=array([800, 600]), stencilBits=8, stereo=False, title='PsychoPy', units='height', useFBO=True, useRetina=False, viewOri=0.0, viewPos=None, viewScale=None, waitBlanking=True, winType='pyglet')
12.6878 	EXP 	window1: backgroundImage = ''
12.6878 	EXP 	window1: backgroundFit = 'none'
12.7022 	DEBUG 	TextBox2 loaded 1 chars with 0 blanks and 1 valid
12.7101 	DEBUG 	TextBox2 loaded 1 chars with 0 blanks and 1 valid
12.7180 	DEBUG 	TextBox2 loaded 1 chars with 0 blanks and 1 valid
12.7260 	DEBUG 	TextBox2 loaded 1 chars with 0 blanks and 1 valid
12.7341 	DEBUG 	TextBox2 loaded 1 chars with 0 blanks and 1 valid
12.7418 	DEBUG 	TextBox2 loaded 1 chars with 0 blanks and 1 valid
12.7497 	DEBUG 	TextBox2 loaded 1 chars with 0 blanks and 1 valid
12.7577 	DEBUG 	TextBox2 loaded 1 chars with 0 blanks and 1 valid
12.7653 	DEBUG 	TextBox2 loaded 1 chars with 0 blanks and 1 valid
12.7729 	DEBUG 	TextBox2 loaded 1 chars with 0 blanks and 1 valid
12.7808 	DEBUG 	TextBox2 loaded 1 chars with 0 blanks and 1 valid
12.7887 	DEBUG 	TextBox2 loaded 1 chars with 0 blanks and 1 valid
12.7966 	DEBUG 	TextBox2 loaded 1 chars with 0 blanks and 1 valid
12.8045 	DEBUG 	TextBox2 loaded 1 chars with 0 blanks and 1 valid
12.8123 	DEBUG 	TextBox2 loaded 1 chars with 0 blanks and 1 valid
12.8203 	DEBUG 	TextBox2 loaded 1 chars with 0 blanks and 1 valid
12.8282 	DEBUG 	TextBox2 loaded 1 chars with 0 blanks and 1 valid
12.8359 	DEBUG 	TextBox2 loaded 1 chars with 0 blanks and 1 valid
12.8437 	DEBUG 	TextBox2 loaded 1 chars with 0 blanks and 1 valid
12.8517 	DEBUG 	TextBox2 loaded 1 chars with 0 blanks and 1 valid
12.8595 	DEBUG 	TextBox2 loaded 1 chars with 0 blanks and 1 valid
12.8597 	DEBUG 	Uploading Texture Font fontname to graphics card
12.8625 	DEBUG 	Upload of Texture Font fontname complete
12.8733 	DEBUG 	TextBox2 loaded 1 chars with 0 blanks and 1 valid
12.8812 	DEBUG 	TextBox2 loaded 1 chars with 0 blanks and 1 valid
12.8891 	DEBUG 	TextBox2 loaded 1 chars with 0 blanks and 1 valid
12.8893 	DEBUG 	Uploading Texture Font fontname to graphics card
12.8908 	DEBUG 	Upload of Texture Font fontname complete
12.8917 	EXP 	window1: Attempting to measure frame rate of screen (0) ...
12.8918 	EXP 	window1: recordFrameIntervals = False
13.0339 	EXP 	window1: recordFrameIntervals = True
13.1810 	EXP 	Screen (0) actual frame rate measured at 74.73Hz
13.1810 	EXP 	window1: recordFrameIntervals = False
13.2023 	DEBUG 	TextBox2 loaded 1 chars with 0 blanks and 1 valid
13.2140 	DEBUG 	TextBox2 loaded 1 chars with 0 blanks and 1 valid
13.2242 	DEBUG 	TextBox2 loaded 1 chars with 0 blanks and 1 valid
13.2338 	DEBUG 	TextBox2 loaded 1 chars with 0 blanks and 1 valid
13.2428 	DEBUG 	TextBox2 loaded 1 chars with 0 blanks and 1 valid
13.2513 	DEBUG 	TextBox2 loaded 1 chars with 0 blanks and 1 valid
13.2592 	DEBUG 	TextBox2 loaded 1 chars with 0 blanks and 1 valid
13.2671 	DEBUG 	TextBox2 loaded 1 chars with 0 blanks and 1 valid
13.2749 	DEBUG 	TextBox2 loaded 1 chars with 0 blanks and 1 valid
13.2827 	DEBUG 	TextBox2 loaded 1 chars with 0 blanks and 1 valid
13.2828 	DEBUG 	Uploading Texture Font fontname to graphics card
13.2846 	DEBUG 	Upload of Texture Font fontname complete
14.2148 	INFO 	keyboard.Keyboard is using ptb backend.
14.2149 	EXP 	misty_module: status = STARTED
14.2470 	EXP 	Created text = TextStim(__class__=<class 'psychopy.visual.text.TextStim'>, alignHoriz=method-wrapper(...), alignText='center', alignVert=method-wrapper(...), anchorHoriz='center', anchorVert='center', antialias=True, autoDraw=False, autoLog=True, bold=False, color=array([1., 1., 1.]), colorSpace='rgb', contrast=1.0, depth=-1.0, draggable=False, flipHoriz=False, flipVert=False, font='Arial', fontFiles=[], height=np.float64(0.05), italic=False, languageStyle='LTR', name='text', opacity=1, ori=0.0, pos=array([0., 0.]), rgb=UNKNOWN, text=str(...), units='height', win=Window(...), wrapWidth=1)
14.2541 	EXP 	Created intstructs = TextStim(__class__=<class 'psychopy.visual.text.TextStim'>, alignHoriz=method-wrapper(...), alignText='center', alignVert=method-wrapper(...), anchorHoriz='center', anchorVert='center', antialias=True, autoDraw=False, autoLog=True, bold=False, color=array([1., 1., 1.]), colorSpace='rgb', contrast=1.0, depth=0.0, draggable=False, flipHoriz=False, flipVert=False, font='Arial', fontFiles=[], height=np.float64(0.05), italic=False, languageStyle='LTR', name='intstructs', opacity=1, ori=0.0, pos=array([0., 0.]), rgb=UNKNOWN, text=str(...), units='height', win=Window(...), wrapWidth=1)
14.2563 	EXP 	Created fix = TextStim(__class__=<class 'psychopy.visual.text.TextStim'>, alignHoriz=method-wrapper(...), alignText='center', alignVert=method-wrapper(...), anchorHoriz='center', anchorVert='center', antialias=True, autoDraw=False, autoLog=True, bold=False, color=array([1., 1., 1.]), colorSpace='rgb', contrast=1.0, depth=-1.0, draggable=False, flipHoriz=False, flipVert=False, font='Open Sans', fontFiles=[], height=np.float64(0.1), italic=False, languageStyle='LTR', name='fix', opacity=1, ori=0.0, pos=array([0., 0.]), rgb=UNKNOWN, text='+', units='height', win=Window(...), wrapWidth=1)
14.2620 	DEBUG 	TextBox2 loaded 1 chars with 0 blanks and 1 valid
14.2626 	DEBUG 	TextBox2 loaded 1 chars with 0 blanks and 1 valid
14.2631 	DEBUG 	TextBox2 loaded 1 chars with 0 blanks and 1 valid
14.2636 	DEBUG 	TextBox2 loaded 1 chars with 0 blanks and 1 valid
14.2638 	DEBUG 	TextBox2 loaded 1 chars with 0 blanks and 1 valid
14.2640 	DEBUG 	TextBox2 loaded 1 chars with 0 blanks and 1 valid
14.2646 	DEBUG 	TextBox2 loaded 1 chars with 0 blanks and 1 valid
14.2650 	DEBUG 	TextBox2 loaded 1 chars with 0 blanks and 1 valid
14.2652 	DEBUG 	TextBox2 loaded 1 chars with 0 blanks and 1 valid
14.2653 	DEBUG 	Uploading Texture Font fontname to graphics card
14.2673 	DEBUG 	Upload of Texture Font fontname complete
14.2877 	DEBUG 	TextBox2 loaded 1 chars with 0 blanks and 1 valid
14.2878 	DEBUG 	Uploading Texture Font fontname to graphics card
14.2898 	DEBUG 	Upload of Texture Font fontname complete
14.2997 	DEBUG 	TextBox2 loaded 1 chars with 0 blanks and 1 valid
14.3072 	DEBUG 	TextBox2 loaded 1 chars with 0 blanks and 1 valid
14.3148 	DEBUG 	TextBox2 loaded 1 chars with 0 blanks and 1 valid
14.3224 	DEBUG 	TextBox2 loaded 1 chars with 0 blanks and 1 valid
14.3300 	DEBUG 	TextBox2 loaded 1 chars with 0 blanks and 1 valid
14.3375 	DEBUG 	TextBox2 loaded 1 chars with 0 blanks and 1 valid
14.3452 	DEBUG 	TextBox2 loaded 1 chars with 0 blanks and 1 valid
14.3528 	DEBUG 	TextBox2 loaded 1 chars with 0 blanks and 1 valid
14.3604 	DEBUG 	TextBox2 loaded 1 chars with 0 blanks and 1 valid
14.3680 	DEBUG 	TextBox2 loaded 1 chars with 0 blanks and 1 valid
14.3681 	DEBUG 	Uploading Texture Font fontname to graphics card
14.3695 	DEBUG 	Upload of Texture Font fontname complete
14.3797 	DEBUG 	TextBox2 loaded 1 chars with 0 blanks and 1 valid
14.3798 	DEBUG 	Uploading Texture Font fontname to graphics card
14.3812 	DEBUG 	Upload of Texture Font fontname complete
14.3937 	DEBUG 	TextBox2 loaded 1 chars with 0 blanks and 1 valid
14.3938 	DEBUG 	Uploading Texture Font fontname to graphics card
14.3952 	DEBUG 	Upload of Texture Font fontname complete
14.4078 	DEBUG 	TextBox2 loaded 1 chars with 0 blanks and 1 valid
14.4078 	DEBUG 	Uploading Texture Font fontname to graphics card
14.4092 	DEBUG 	Upload of Texture Font fontname complete
14.4217 	DEBUG 	TextBox2 loaded 1 chars with 0 blanks and 1 valid
14.4217 	DEBUG 	Uploading Texture Font fontname to graphics card
14.4234 	DEBUG 	Upload of Texture Font fontname complete
14.4358 	DEBUG 	TextBox2 loaded 1 chars with 0 blanks and 1 valid
14.4359 	DEBUG 	Uploading Texture Font fontname to graphics card
14.4374 	DEBUG 	Upload of Texture Font fontname complete
14.4497 	DEBUG 	TextBox2 loaded 1 chars with 0 blanks and 1 valid
14.4498 	DEBUG 	Uploading Texture Font fontname to graphics card
14.4512 	DEBUG 	Upload of Texture Font fontname complete
14.4637 	DEBUG 	TextBox2 loaded 1 chars with 0 blanks and 1 valid
14.4638 	DEBUG 	Uploading Texture Font fontname to graphics card
14.4652 	DEBUG 	Upload of Texture Font fontname complete
14.4776 	DEBUG 	TextBox2 loaded 1 chars with 0 blanks and 1 valid
14.4777 	DEBUG 	Uploading Texture Font fontname to graphics card
14.4791 	DEBUG 	Upload of Texture Font fontname complete
14.4915 	DEBUG 	TextBox2 loaded 1 chars with 0 blanks and 1 valid
14.4915 	DEBUG 	Uploading Texture Font fontname to graphics card
14.4930 	DEBUG 	Upload of Texture Font fontname complete
14.5151 	EXP 	Created slider_3 = Slider(__class__=<class 'psychopy.visual.slider.Slider'>, autoDraw=False, autoLog=True, borderColor=None, color=None, colorSpace='rgb', depth=-2, fillColor=None, flip=False, font='Noto Sans', granularity=1, labelColor=None, labelHeight=np.float64(0.05), labelWrapWidth=None, labels=(0, 1, 2, 3, 4, 5, 6, 7, 8, 9), lineColor=None, markerColor=None, name='slider_3', opacity=None, ori=0.0, pos=array([ 0. , -0.4]), readOnly=False, self=UNKNOWN, size=array([1. , 0.1]), startValue=None, style='choice', styleTweaks=[], ticks=array([0, 1, 2, 3, 4, 5, 6, 7, 8, 9]), units='norm', win=Window(...))
14.5220 	EXP 	Created text_2 = TextStim(__class__=<class 'psychopy.visual.text.TextStim'>, alignHoriz=method-wrapper(...), alignText='center', alignVert=method-wrapper(...), anchorHoriz='center', anchorVert='center', antialias=True, autoDraw=False, autoLog=True, bold=False, color=array([1., 1., 1.]), colorSpace='rgb', contrast=1.0, depth=0.0, draggable=False, flipHoriz=False, flipVert=False, font='Arial', fontFiles=[], height=np.float64(0.05), italic=False, languageStyle='LTR', name='text_2', opacity=1, ori=0.0, pos=array([0., 0.]), rgb=UNKNOWN, text=str(...), units='height', win=Window(...), wrapWidth=1)
14.5227 	EXP 	Created fix = TextStim(__class__=<class 'psychopy.visual.text.TextStim'>, alignHoriz=method-wrapper(...), alignText='center', alignVert=method-wrapper(...), anchorHoriz='center', anchorVert='center', antialias=True, autoDraw=False, autoLog=True, bold=False, color=array([1., 1., 1.]), colorSpace='rgb', contrast=1.0, depth=-1.0, draggable=False, flipHoriz=False, flipVert=False, font='Open Sans', fontFiles=[], height=np.float64(0.1), italic=False, languageStyle='LTR', name='fix', opacity=1, ori=0.0, pos=array([0., 0.]), rgb=UNKNOWN, text='+', units='height', win=Window(...), wrapWidth=1)
14.5246 	EXP 	Created prog_3 = Progress(__class__=<class 'psychopy.visual.progress.Progress'>, anchor=('left', 'top'), autoDraw=False, autoLog=True, closeShape=True, color=method-wrapper(...), colorSpace='rgb', contrast=None, depth=-1, draggable=False, fillColor=array([-1.    ,  0.5373, -1.    ]), fillColorSpace='rgb', fillRGB=array([-1.    ,  0.5373, -1.    ]), interpolate=True, lineColor=array([1., 1., 1.]), lineColorSpace='rgb', lineRGB=array([1, 1, 1]), lineWidth=4.0, name='prog_3', opacity=1.0, ori=0.0, pos=array([-0.5,  0.5]), size=array([1. , 0.1]), units='norm', vertices=ndarray(...), win=Window(...), windingRule=None)
14.5253 	EXP 	Created prog_3Bar = ShapeStim(__class__=<class 'psychopy.visual.shape.ShapeStim'>, anchor=('left', 'top'), autoDraw=False, autoLog=True, closeShape=True, color=method-wrapper(...), colorSpace='rgb', contrast=None, depth=-1, draggable=False, fillColor=array([ 1., -1., -1.]), fillColorSpace='rgb', fillRGB=array([ 1., -1., -1.]), interpolate=True, lineColor=array([0., 0., 0.]), lineColorSpace='rgb', lineRGB=array([0, 0, 0]), lineWidth=1.5, name='prog_3Bar', opacity=1.0, ori=0.0, pos=array([-0.5,  0.5]), size=array([1. , 0.1]), units='norm', vertices=ndarray(...), win=Window(...), windingRule=None)
14.5259 	EXP 	Created greenbar_3 = Rect(__class__=<class 'psychopy.visual.rect.Rect'>, anchor=('left', 'center'), autoDraw=False, autoLog=True, closeShape=True, color=method-wrapper(...), colorSpace='rgb', contrast=None, depth=-2.0, draggable=False, fillColor=array([-1.    ,  0.0039, -1.    ]), fillColorSpace='rgb', fillRGB=array([-1.    ,  0.0039, -1.    ]), interpolate=True, lineColor=array([1., 1., 1.]), lineColorSpace='rgb', lineRGB=array([1, 1, 1]), lineWidth=1.0, name='greenbar_3', opacity=1, ori=0.0, pos=array([0.33333333, 0.7       ]), size=array([0.66666667, 0.1       ]), units='norm', vertices=ndarray(...), win=Window(...))
14.5264 	EXP 	Created yellowbar_3 = Rect(__class__=<class 'psychopy.visual.rect.Rect'>, anchor=('left', 'center'), autoDraw=False, autoLog=True, closeShape=True, color=method-wrapper(...), colorSpace='rgb', contrast=None, depth=-3.0, draggable=False, fillColor=array([ 1.,  1., -1.]), fillColorSpace='rgb', fillRGB=array([ 1.,  1., -1.]), interpolate=True, lineColor=array([1., 1., 1.]), lineColorSpace='rgb', lineRGB=array([1, 1, 1]), lineWidth=1.0, name='yellowbar_3', opacity=1, ori=0.0, pos=array([-0.33333333,  0.7       ]), size=array([0.66666667, 0.1       ]), units='norm', vertices=ndarray(...), win=Window(...))
14.5269 	EXP 	Created redbar_3 = Rect(__class__=<class 'psychopy.visual.rect.Rect'>, anchor=('left', 'center'), autoDraw=False, autoLog=True, closeShape=True, color=method-wrapper(...), colorSpace='rgb', contrast=None, depth=-4.0, draggable=False, fillColor=array([ 1., -1., -1.]), fillColorSpace='rgb', fillRGB=array([ 1., -1., -1.]), interpolate=True, lineColor=array([1., 1., 1.]), lineColorSpace='rgb', lineRGB=array([1, 1, 1]), lineWidth=1.0, name='redbar_3', opacity=1, ori=0.0, pos=array([-1. ,  0.7]), size=array([0.66666667, 0.1       ]), units='norm', vertices=ndarray(...), win=Window(...))
14.5277 	EXP 	Created arrow_3 = ShapeStim(__class__=<class 'psychopy.visual.shape.ShapeStim'>, anchor=('center', 'center'), autoDraw=False, autoLog=True, closeShape=True, color=method-wrapper(...), colorSpace='rgb', contrast=None, depth=-5.0, draggable=False, fillColor=array([1, 1, 1]), fillColorSpace='rgb', fillRGB=array([1, 1, 1]), interpolate=True, lineColor=array([1., 1., 1.]), lineColorSpace='rgb', lineRGB=array([1, 1, 1]), lineWidth=1.0, name='arrow_3', opacity=1, ori=0.0, pos=array([0., 0.]), size=array([0.05, 0.05]), units='norm', vertices=ndarray(...), win=Window(...), windingRule=None)
14.5995 	EXP 	Created slider_4 = Slider(__class__=<class 'psychopy.visual.slider.Slider'>, autoDraw=False, autoLog=True, borderColor=None, color=None, colorSpace='rgb', depth=-7, fillColor=None, flip=False, font='Noto Sans', granularity=1, labelColor=None, labelHeight=np.float64(0.05), labelWrapWidth=None, labels=(0, 1, 2, 3, 4, 5, 6, 7, 8, 9), lineColor=None, markerColor=None, name='slider_4', opacity=None, ori=0.0, pos=array([ 0. , -0.4]), readOnly=False, self=UNKNOWN, size=array([1. , 0.1]), startValue=None, style='choice', styleTweaks=[], ticks=array([0, 1, 2, 3, 4, 5, 6, 7, 8, 9]), units='norm', win=Window(...))
14.6053 	EXP 	Created text_3 = TextStim(__class__=<class 'psychopy.visual.text.TextStim'>, alignHoriz=method-wrapper(...), alignText='center', alignVert=method-wrapper(...), anchorHoriz='center', anchorVert='center', antialias=True, autoDraw=False, autoLog=True, bold=False, color=array([1., 1., 1.]), colorSpace='rgb', contrast=1.0, depth=0.0, draggable=False, flipHoriz=False, flipVert=False, font='Arial', fontFiles=[], height=np.float64(0.05), italic=False, languageStyle='LTR', name='text_3', opacity=1, ori=0.0, pos=array([0., 0.]), rgb=UNKNOWN, text='Training instructions here', units='height', win=Window(...), wrapWidth=1)
14.6061 	EXP 	Created fix = TextStim(__class__=<class 'psychopy.visual.text.TextStim'>, alignHoriz=method-wrapper(...), alignText='center', alignVert=method-wrapper(...), anchorHoriz='center', anchorVert='center', antialias=True, autoDraw=False, autoLog=True, bold=False, color=array([1., 1., 1.]), colorSpace='rgb', contrast=1.0, depth=-1.0, draggable=False, flipHoriz=False, flipVert=False, font='Open Sans', fontFiles=[], height=np.float64(0.1), italic=False, languageStyle='LTR', name='fix', opacity=1, ori=0.0, pos=array([0., 0.]), rgb=UNKNOWN, text='+', units='height', win=Window(...), wrapWidth=1)
14.6776 	EXP 	Created slider_training = Slider(__class__=<class 'psychopy.visual.slider.Slider'>, autoDraw=False, autoLog=True, borderColor=None, color=None, colorSpace='rgb', depth=-2, fillColor=None, flip=False, font='Noto Sans', granularity=1, labelColor=None, labelHeight=np.float64(0.05), labelWrapWidth=None, labels=(0, 1, 2, 3, 4, 5, 6, 7, 8, 9), lineColor=None, markerColor=None, name='slider_training', opacity=None, ori=0.0, pos=array([ 0. , -0.4]), readOnly=False, self=UNKNOWN, size=array([1. , 0.1]), startValue=None, style='choice', styleTweaks=[], ticks=array([0, 1, 2, 3, 4, 5, 6, 7, 8, 9]), units='norm', win=Window(...))
14.6838 	EXP 	Created text_4 = TextStim(__class__=<class 'psychopy.visual.text.TextStim'>, alignHoriz=method-wrapper(...), alignText='center', alignVert=method-wrapper(...), anchorHoriz='center', anchorVert='center', antialias=True, autoDraw=False, autoLog=True, bold=False, color=array([1., 1., 1.]), colorSpace='rgb', contrast=1.0, depth=0.0, draggable=False, flipHoriz=False, flipVert=False, font='Arial', fontFiles=[], height=np.float64(0.05), italic=False, languageStyle='LTR', name='text_4', opacity=1, ori=0.0, pos=array([0., 0.]), rgb=UNKNOWN, text='Please press space to move onto the next block', units='height', win=Window(...), wrapWidth=1)
14.6852 	EXP 	Created text_6 = TextStim(__class__=<class 'psychopy.visual.text.TextStim'>, alignHoriz=method-wrapper(...), alignText='center', alignVert=method-wrapper(...), anchorHoriz='center', anchorVert='center', antialias=True, autoDraw=False, autoLog=True, bold=False, color=array([1., 1., 1.]), colorSpace='rgb', contrast=1.0, depth=0.0, draggable=False, flipHoriz=False, flipVert=False, font='Arial', fontFiles=[], height=np.float64(0.05), italic=False, languageStyle='LTR', name='text_6', opacity=1, ori=0.0, pos=array([0., 0.]), rgb=UNKNOWN, text='Start of experiment', units='height', win=Window(...), wrapWidth=1)
14.6860 	EXP 	Created fix = TextStim(__class__=<class 'psychopy.visual.text.TextStim'>, alignHoriz=method-wrapper(...), alignText='center', alignVert=method-wrapper(...), anchorHoriz='center', anchorVert='center', antialias=True, autoDraw=False, autoLog=True, bold=False, color=array([1., 1., 1.]), colorSpace='rgb', contrast=1.0, depth=-1.0, draggable=False, flipHoriz=False, flipVert=False, font='Open Sans', fontFiles=[], height=np.float64(0.1), italic=False, languageStyle='LTR', name='fix', opacity=1, ori=0.0, pos=array([0., 0.]), rgb=UNKNOWN, text='+', units='height', win=Window(...), wrapWidth=1)
14.6867 	EXP 	Created prog = Progress(__class__=<class 'psychopy.visual.progress.Progress'>, anchor=('left', 'top'), autoDraw=False, autoLog=True, closeShape=True, color=method-wrapper(...), colorSpace='rgb', contrast=None, depth=-1, draggable=False, fillColor=array([-1.    ,  0.5373, -1.    ]), fillColorSpace='rgb', fillRGB=array([-1.    ,  0.5373, -1.    ]), interpolate=True, lineColor=array([1., 1., 1.]), lineColorSpace='rgb', lineRGB=array([1, 1, 1]), lineWidth=4.0, name='prog', opacity=1.0, ori=0.0, pos=array([-0.5,  0.5]), size=array([1. , 0.1]), units='norm', vertices=ndarray(...), win=Window(...), windingRule=None)
14.6875 	EXP 	Created progBar = ShapeStim(__class__=<class 'psychopy.visual.shape.ShapeStim'>, anchor=('left', 'top'), autoDraw=False, autoLog=True, closeShape=True, color=method-wrapper(...), colorSpace='rgb', contrast=None, depth=-1, draggable=False, fillColor=array([ 1., -1., -1.]), fillColorSpace='rgb', fillRGB=array([ 1., -1., -1.]), interpolate=True, lineColor=array([0., 0., 0.]), lineColorSpace='rgb', lineRGB=array([0, 0, 0]), lineWidth=1.5, name='progBar', opacity=1.0, ori=0.0, pos=array([-0.5,  0.5]), size=array([1. , 0.1]), units='norm', vertices=ndarray(...), win=Window(...), windingRule=None)
14.6880 	EXP 	Created redbar = Rect(__class__=<class 'psychopy.visual.rect.Rect'>, anchor=('left', 'center'), autoDraw=False, autoLog=True, closeShape=True, color=method-wrapper(...), colorSpace='rgb', contrast=None, depth=-2.0, draggable=False, fillColor=array([ 1., -1., -1.]), fillColorSpace='rgb', fillRGB=array([ 1., -1., -1.]), interpolate=True, lineColor=array([1., 1., 1.]), lineColorSpace='rgb', lineRGB=array([1, 1, 1]), lineWidth=1.0, name='redbar', opacity=1, ori=0.0, pos=array([-1. ,  0.7]), size=array([2. , 0.1]), units='norm', vertices=ndarray(...), win=Window(...))
14.6886 	EXP 	Created yellowbar = Rect(__class__=<class 'psychopy.visual.rect.Rect'>, anchor=('left', 'center'), autoDraw=False, autoLog=True, closeShape=True, color=method-wrapper(...), colorSpace='rgb', contrast=None, depth=-3.0, draggable=False, fillColor=array([ 1.,  1., -1.]), fillColorSpace='rgb', fillRGB=array([ 1.,  1., -1.]), interpolate=True, lineColor=array([1., 1., 1.]), lineColorSpace='rgb', lineRGB=array([1, 1, 1]), lineWidth=1.0, name='yellowbar', opacity=1, ori=0.0, pos=array([0. , 0.7]), size=array([1. , 0.1]), units='norm', vertices=ndarray(...), win=Window(...))
14.6891 	EXP 	Created greenbar = Rect(__class__=<class 'psychopy.visual.rect.Rect'>, anchor=('left', 'center'), autoDraw=False, autoLog=True, closeShape=True, color=method-wrapper(...), colorSpace='rgb', contrast=None, depth=-4.0, draggable=False, fillColor=array([-1.    ,  0.0039, -1.    ]), fillColorSpace='rgb', fillRGB=array([-1.    ,  0.0039, -1.    ]), interpolate=True, lineColor=array([1., 1., 1.]), lineColorSpace='rgb', lineRGB=array([1, 1, 1]), lineWidth=1.0, name='greenbar', opacity=1, ori=0.0, pos=array([0.7, 0.7]), size=array([0.3, 0.1]), units='norm', vertices=ndarray(...), win=Window(...))
14.6898 	EXP 	Created arrow = ShapeStim(__class__=<class 'psychopy.visual.shape.ShapeStim'>, anchor=('center', 'center'), autoDraw=False, autoLog=True, closeShape=True, color=method-wrapper(...), colorSpace='rgb', contrast=None, depth=-5.0, draggable=False, fillColor=array([1, 1, 1]), fillColorSpace='rgb', fillRGB=array([1, 1, 1]), interpolate=True, lineColor=array([1., 1., 1.]), lineColorSpace='rgb', lineRGB=array([1, 1, 1]), lineWidth=1.0, name='arrow', opacity=1, ori=0.0, pos=array([0., 0.]), size=array([0.05, 0.05]), units='norm', vertices=ndarray(...), win=Window(...), windingRule=None)
14.7599 	EXP 	Created slider = Slider(__class__=<class 'psychopy.visual.slider.Slider'>, autoDraw=False, autoLog=True, borderColor=None, color=None, colorSpace='rgb', depth=-7, fillColor=None, flip=False, font='Noto Sans', granularity=1, labelColor=None, labelHeight=np.float64(0.05), labelWrapWidth=None, labels=(0, 1, 2, 3, 4, 5, 6, 7, 8, 9), lineColor=None, markerColor=None, name='slider', opacity=None, ori=0.0, pos=array([ 0. , -0.4]), readOnly=False, self=UNKNOWN, size=array([1. , 0.1]), startValue=None, style='choice', styleTweaks=[], ticks=array([0, 1, 2, 3, 4, 5, 6, 7, 8, 9]), units='norm', win=Window(...))
14.7607 	EXP 	Created norm_arrow = ShapeStim(__class__=<class 'psychopy.visual.shape.ShapeStim'>, anchor=('center', 'center'), autoDraw=False, autoLog=True, closeShape=True, color=method-wrapper(...), colorSpace='rgb', contrast=None, depth=-9.0, draggable=False, fillColor=array([1, 1, 1]), fillColorSpace='rgb', fillRGB=array([1, 1, 1]), interpolate=True, lineColor=array([1., 1., 1.]), lineColorSpace='rgb', lineRGB=array([1, 1, 1]), lineWidth=1.0, name='norm_arrow', opacity=1, ori=0.0, pos=array([0.7, 0.6]), size=array([0.05, 0.05]), units='height', vertices=ndarray(...), win=Window(...), windingRule=None)
14.7652 	EXP 	Created text_5 = TextStim(__class__=<class 'psychopy.visual.text.TextStim'>, alignHoriz=method-wrapper(...), alignText='center', alignVert=method-wrapper(...), anchorHoriz='center', anchorVert='center', antialias=True, autoDraw=False, autoLog=True, bold=False, color=array([1., 1., 1.]), colorSpace='rgb', contrast=1.0, depth=0.0, draggable=False, flipHoriz=False, flipVert=False, font='Arial', fontFiles=[], height=0.05, italic=False, languageStyle='LTR', name='text_5', opacity=1, ori=0.0, pos=array([0., 0.]), rgb=UNKNOWN, text='', units='height', win=Window(...), wrapWidth=1)
14.7661 	EXP 	Created text_7 = TextStim(__class__=<class 'psychopy.visual.text.TextStim'>, alignHoriz=method-wrapper(...), alignText='center', alignVert=method-wrapper(...), anchorHoriz='center', anchorVert='center', antialias=True, autoDraw=False, autoLog=True, bold=False, color=array([1., 1., 1.]), colorSpace='rgb', contrast=1.0, depth=0.0, draggable=False, flipHoriz=False, flipVert=False, font='Arial', fontFiles=[], height=np.float64(0.05), italic=False, languageStyle='LTR', name='text_7', opacity=1, ori=0.0, pos=array([0., 0.]), rgb=UNKNOWN, text='Thanks', units='height', win=Window(...), wrapWidth=1)
0.0033 	EXP 	equation_practice_1: autoLog = True
0.0033 	EXP 	slider_3: autoLog = True
0.0033 	EXP 	slider_3: styleTweaks = []
0.0033 	EXP 	slider_3: styleTweaks = []
0.0033 	EXP 	slider_3: styleTweaks = []
0.0033 	EXP 	slider_3: styleTweaks = []
0.0033 	EXP 	slider_3: contrast = 1.0
0.0033 	EXP 	slider_3: markerPos = None
0.0033 	EXP 	slider_3: autoLog = True
0.0033 	EXP 	feedback_practice_1: autoLog = True
0.0033 	EXP 	prog_3: direction = 'horizontal'
0.0033 	EXP 	prog_3: progress = 0.0
0.0033 	EXP 	textbox_5: autoLog = True
0.0033 	EXP 	slider_4: autoLog = True
0.0033 	EXP 	slider_4: styleTweaks = []
0.0033 	EXP 	slider_4: styleTweaks = []
0.0033 	EXP 	slider_4: styleTweaks = []
0.0033 	EXP 	slider_4: styleTweaks = []
0.0033 	EXP 	slider_4: contrast = 1.0
0.0033 	EXP 	slider_4: markerPos = None
0.0033 	EXP 	slider_4: autoLog = True
0.0033 	EXP 	feedback_practice_1: autoLog = True
0.0033 	EXP 	textbox_3: autoLog = True
0.0033 	EXP 	slider_training: autoLog = True
0.0033 	EXP 	slider_training: styleTweaks = []
0.0033 	EXP 	slider_training: styleTweaks = []
0.0033 	EXP 	slider_training: styleTweaks = []
0.0033 	EXP 	slider_training: styleTweaks = []
0.0033 	EXP 	slider_training: contrast = 1.0
0.0033 	EXP 	slider_training: markerPos = None
0.0033 	EXP 	slider_training: autoLog = True
0.0033 	EXP 	feedback_practice_1: autoLog = True
0.0033 	EXP 	prog: direction = 'horizontal'
0.0033 	EXP 	prog: progress = 0.0
0.0033 	EXP 	textbox: autoLog = True
0.0033 	EXP 	slider: autoLog = True
0.0033 	EXP 	slider: styleTweaks = []
0.0033 	EXP 	slider: styleTweaks = []
0.0033 	EXP 	slider: styleTweaks = []
0.0033 	EXP 	slider: styleTweaks = []
0.0033 	EXP 	slider: contrast = 1.0
0.0033 	EXP 	slider: markerPos = None
0.0033 	EXP 	slider: autoLog = True
0.0033 	EXP 	feedback_practice_1: autoLog = True
0.0097 	INFO 	Keyboard events cleared
0.0097 	EXP 	text: autoDraw = True
4.0068 	EXP 	Device response: <KeyPress from None: t=3.8954565419990104, value=l, duration=None>
4.0113 	DATA 	Keypress: l
4.0129 	INFO 	Keyboard events cleared
4.0128 	EXP 	text: autoDraw = False
4.0128 	EXP 	intstructs: autoDraw = True
4.0303 	EXP 	Device response: <KeyPress from None: t=3.8954565419990104, value=l, duration=0.13304687500021828>
4.3810 	EXP 	Device response: <KeyPress from None: t=4.370493250000436, value=space, duration=None>
4.3879 	DEBUG 	Read excel file with openpyxl: practice_difficulty.xlsx
4.3881 	EXP 	Imported practice_difficulty.xlsx as conditions, 3 conditions, 1 params
4.3909 	DATA 	Keypress: space
4.3929 	EXP 	intstructs: autoDraw = False
4.3929 	EXP 	text_2: autoDraw = True
4.5139 	EXP 	Device response: <KeyPress from None: t=4.370493250000436, value=space, duration=0.13400374999946507>
6.3866 	DEBUG 	Read excel file with openpyxl: practice_difficulty.xlsx
6.3867 	EXP 	Imported practice_difficulty.xlsx as conditions, 3 conditions, 1 params
6.3902 	EXP 	text_2: autoDraw = False
6.3902 	EXP 	text_2: autoDraw = False
6.3902 	EXP 	text_3: autoDraw = True
8.3928 	DEBUG 	Read csv file with pandas: training.csv
8.3958 	DEBUG 	Clearing unnamed columns from training.csv
8.3963 	EXP 	Imported training.csv as conditions, 5 conditions, 2 params
8.3967 	EXP 	New trial (rep=0, index=0): <Trial 0 (0 in rep 0) data={'train_diff': 'easy2', 'train_time': np.int64(5), 'thisN': 0, 'thisTrialN': 0, 'thisRepN': 0}>
8.4004 	EXP 	New trial (rep=0, index=0): <Trial 0 (0 in rep 0) data={'thisN': 0, 'thisTrialN': 0, 'thisRepN': 0}>
8.4046 	EXP 	text_3: autoDraw = False
8.4046 	EXP 	fix: autoDraw = True
8.9119 	DEBUG 	Saving data for misty_module ExperimentHandler
8.9143 	INFO 	saved data to /Users/hackerman/misty_py/data/pilot_misty_module_2026-01-31_19h42.04.419.psydat
8.9151 	INFO 	saved data to '/Users/hackerman/misty_py/data/pilot_misty_module_2026-01-31_19h42.04.419.csv'
8.9169 	WARNING 	Stopping key buffers but this could be dangerous ifother keyboards rely on the same.
