3.8632 	DEBUG 	Fullscreen settings ignored as running in pilot mode.
3.8642 	INFO 	Loaded monitor calibration from ['2025_12_08 16:52']
4.2489 	INFO 	Using renderer 'NVIDIA GeForce GTX 1660/PCIe/SSE2' for graphics
4.2489 	INFO 	OpenGL version supported by driver is 4..
4.2554 	EXP 	Created window1 = Window(allowGUI=False, allowStencil=True, autoLog=True, backendConf=UNKNOWN, backgroundFit=<method-wrapper '__getattribute__' of attributeSetter object at 0x7fcf6814a290>, backgroundImage=<method-wrapper '__getattribute__' of attributeSetter object at 0x7fcf6814a230>, bitsMode=UNKNOWN, blendMode='avg', bpc=(8, 8, 8), color=array([0, 0, 0]), colorSpace='rgb', depthBits=8, fullscr=False, gamma=None, gammaErrorPolicy='raise', infoMsg=UNKNOWN, lms=UNKNOWN, monitor=<psychopy.monitors.calibTools.Monitor object at 0x7fcf6402c490>, multiSample=False, name='window1', numSamples=2, pos=[np.float64(560.0), np.float64(240.0)], screen=0, size=array([800, 600]), stencilBits=8, stereo=False, title='PsychoPy', units='height', useFBO=True, useRetina=False, viewOri=0.0, viewPos=None, viewScale=None, waitBlanking=True, winType='pyglet')
4.2555 	EXP 	window1: backgroundImage = ''
4.2555 	EXP 	window1: backgroundFit = 'none'
4.2670 	DEBUG 	TextBox2 loaded 1 chars with 0 blanks and 1 valid
4.2685 	DEBUG 	TextBox2 loaded 1 chars with 0 blanks and 1 valid
4.2700 	DEBUG 	TextBox2 loaded 1 chars with 0 blanks and 1 valid
4.2717 	DEBUG 	TextBox2 loaded 1 chars with 0 blanks and 1 valid
4.2735 	DEBUG 	TextBox2 loaded 1 chars with 0 blanks and 1 valid
4.2746 	DEBUG 	TextBox2 loaded 1 chars with 0 blanks and 1 valid
4.2761 	DEBUG 	TextBox2 loaded 1 chars with 0 blanks and 1 valid
4.2778 	DEBUG 	TextBox2 loaded 1 chars with 0 blanks and 1 valid
4.2786 	DEBUG 	TextBox2 loaded 1 chars with 0 blanks and 1 valid
4.2796 	DEBUG 	TextBox2 loaded 1 chars with 0 blanks and 1 valid
4.2811 	DEBUG 	TextBox2 loaded 1 chars with 0 blanks and 1 valid
4.2825 	DEBUG 	TextBox2 loaded 1 chars with 0 blanks and 1 valid
4.2839 	DEBUG 	TextBox2 loaded 1 chars with 0 blanks and 1 valid
4.2854 	DEBUG 	TextBox2 loaded 1 chars with 0 blanks and 1 valid
4.2867 	DEBUG 	TextBox2 loaded 1 chars with 0 blanks and 1 valid
4.2882 	DEBUG 	TextBox2 loaded 1 chars with 0 blanks and 1 valid
4.2897 	DEBUG 	TextBox2 loaded 1 chars with 0 blanks and 1 valid
4.2907 	DEBUG 	TextBox2 loaded 1 chars with 0 blanks and 1 valid
4.2918 	DEBUG 	TextBox2 loaded 1 chars with 0 blanks and 1 valid
4.2936 	DEBUG 	TextBox2 loaded 1 chars with 0 blanks and 1 valid
4.2947 	DEBUG 	TextBox2 loaded 1 chars with 0 blanks and 1 valid
4.2951 	DEBUG 	Uploading Texture Font fontname to graphics card
4.3021 	DEBUG 	Upload of Texture Font fontname complete
4.3125 	DEBUG 	TextBox2 loaded 1 chars with 0 blanks and 1 valid
4.3143 	DEBUG 	TextBox2 loaded 1 chars with 0 blanks and 1 valid
4.3160 	DEBUG 	TextBox2 loaded 1 chars with 0 blanks and 1 valid
4.3164 	DEBUG 	Uploading Texture Font fontname to graphics card
4.3208 	DEBUG 	Upload of Texture Font fontname complete
4.3234 	EXP 	window1: Attempting to measure frame rate of screen (0) ...
4.3235 	EXP 	window1: recordFrameIntervals = False
4.4849 	EXP 	window1: recordFrameIntervals = True
4.6684 	EXP 	Screen (0) actual frame rate measured at 60.01Hz
4.6684 	EXP 	window1: recordFrameIntervals = False
4.6780 	DEBUG 	TextBox2 loaded 1 chars with 0 blanks and 1 valid
4.6795 	DEBUG 	TextBox2 loaded 1 chars with 0 blanks and 1 valid
4.6811 	DEBUG 	TextBox2 loaded 1 chars with 0 blanks and 1 valid
4.6830 	DEBUG 	TextBox2 loaded 1 chars with 0 blanks and 1 valid
4.6849 	DEBUG 	TextBox2 loaded 1 chars with 0 blanks and 1 valid
4.6867 	DEBUG 	TextBox2 loaded 1 chars with 0 blanks and 1 valid
4.6878 	DEBUG 	TextBox2 loaded 1 chars with 0 blanks and 1 valid
4.6895 	DEBUG 	TextBox2 loaded 1 chars with 0 blanks and 1 valid
4.6913 	DEBUG 	TextBox2 loaded 1 chars with 0 blanks and 1 valid
4.6930 	DEBUG 	TextBox2 loaded 1 chars with 0 blanks and 1 valid
4.6935 	DEBUG 	Uploading Texture Font fontname to graphics card
4.6950 	DEBUG 	Upload of Texture Font fontname complete
4.7227 	INFO 	keyboard.Keyboard is using ptb backend.
4.7228 	EXP 	misty_module: status = STARTED
4.7695 	EXP 	Created text = TextStim(__class__=<class 'psychopy.visual.text.TextStim'>, alignHoriz=method-wrapper(...), alignText='center', alignVert=method-wrapper(...), anchorHoriz='center', anchorVert='center', antialias=True, autoDraw=False, autoLog=True, bold=False, color=array([1., 1., 1.]), colorSpace='rgb', contrast=1.0, depth=0.0, draggable=False, flipHoriz=False, flipVert=False, font='Arial', fontFiles=[], height=np.float64(0.05), italic=False, languageStyle='LTR', name='text', opacity=1, ori=0.0, pos=array([0., 0.]), rgb=UNKNOWN, text=str(...), units='height', win=Window(...), wrapWidth=1)
4.8673 	EXP 	Created intstructs = TextStim(__class__=<class 'psychopy.visual.text.TextStim'>, alignHoriz=method-wrapper(...), alignText='center', alignVert=method-wrapper(...), anchorHoriz='center', anchorVert='center', antialias=True, autoDraw=False, autoLog=True, bold=False, color=array([1., 1., 1.]), colorSpace='rgb', contrast=1.0, depth=0.0, draggable=False, flipHoriz=False, flipVert=False, font='Arial', fontFiles=[], height=np.float64(0.05), italic=False, languageStyle='LTR', name='intstructs', opacity=1, ori=0.0, pos=array([0., 0.]), rgb=UNKNOWN, text=str(...), units='height', win=Window(...), wrapWidth=1)
4.8740 	EXP 	Created fix = TextStim(__class__=<class 'psychopy.visual.text.TextStim'>, alignHoriz=method-wrapper(...), alignText='center', alignVert=method-wrapper(...), anchorHoriz='center', anchorVert='center', antialias=True, autoDraw=False, autoLog=True, bold=False, color=array([1., 1., 1.]), colorSpace='rgb', contrast=1.0, depth=-1.0, draggable=False, flipHoriz=False, flipVert=False, font='Open Sans', fontFiles=[], height=np.float64(0.1), italic=False, languageStyle='LTR', name='fix', opacity=1, ori=0.0, pos=array([0., 0.]), rgb=UNKNOWN, text='+', units='height', win=Window(...), wrapWidth=1)
4.8784 	EXP 	Created prog_3 = Progress(__class__=<class 'psychopy.visual.progress.Progress'>, anchor=('left', 'top'), autoDraw=False, autoLog=True, closeShape=True, color=method-wrapper(...), colorSpace='rgb', contrast=None, depth=0, draggable=False, fillColor=array([-1.    ,  0.5373, -1.    ]), fillColorSpace='rgb', fillRGB=array([-1.    ,  0.5373, -1.    ]), interpolate=True, lineColor=array([1., 1., 1.]), lineColorSpace='rgb', lineRGB=array([1, 1, 1]), lineWidth=4.0, name='prog_3', opacity=1.0, ori=0.0, pos=array([-0.5,  0.5]), size=array([1. , 0.1]), units='norm', vertices=ndarray(...), win=Window(...), windingRule=None)
4.8809 	EXP 	Created prog_3Bar = ShapeStim(__class__=<class 'psychopy.visual.shape.ShapeStim'>, anchor=('left', 'top'), autoDraw=False, autoLog=True, closeShape=True, color=method-wrapper(...), colorSpace='rgb', contrast=None, depth=0, draggable=False, fillColor=array([ 1., -1., -1.]), fillColorSpace='rgb', fillRGB=array([ 1., -1., -1.]), interpolate=True, lineColor=array([0., 0., 0.]), lineColorSpace='rgb', lineRGB=array([0, 0, 0]), lineWidth=1.5, name='prog_3Bar', opacity=1.0, ori=0.0, pos=array([-0.5,  0.5]), size=array([1. , 0.1]), units='norm', vertices=ndarray(...), win=Window(...), windingRule=None)
4.8830 	EXP 	Created greenbar_3 = Rect(__class__=<class 'psychopy.visual.rect.Rect'>, anchor=('left', 'center'), autoDraw=False, autoLog=True, closeShape=True, color=method-wrapper(...), colorSpace='rgb', contrast=None, depth=-1.0, draggable=False, fillColor=array([-1.    ,  0.0039, -1.    ]), fillColorSpace='rgb', fillRGB=array([-1.    ,  0.0039, -1.    ]), interpolate=True, lineColor=array([1., 1., 1.]), lineColorSpace='rgb', lineRGB=array([1, 1, 1]), lineWidth=1.0, name='greenbar_3', opacity=1, ori=0.0, pos=array([0.33333333, 0.7       ]), size=array([0.66666667, 0.1       ]), units='norm', vertices=ndarray(...), win=Window(...))
4.8850 	EXP 	Created yellowbar_3 = Rect(__class__=<class 'psychopy.visual.rect.Rect'>, anchor=('left', 'center'), autoDraw=False, autoLog=True, closeShape=True, color=method-wrapper(...), colorSpace='rgb', contrast=None, depth=-2.0, draggable=False, fillColor=array([ 1.,  1., -1.]), fillColorSpace='rgb', fillRGB=array([ 1.,  1., -1.]), interpolate=True, lineColor=array([1., 1., 1.]), lineColorSpace='rgb', lineRGB=array([1, 1, 1]), lineWidth=1.0, name='yellowbar_3', opacity=1, ori=0.0, pos=array([-0.33333333,  0.7       ]), size=array([0.66666667, 0.1       ]), units='norm', vertices=ndarray(...), win=Window(...))
4.8869 	EXP 	Created redbar_3 = Rect(__class__=<class 'psychopy.visual.rect.Rect'>, anchor=('left', 'center'), autoDraw=False, autoLog=True, closeShape=True, color=method-wrapper(...), colorSpace='rgb', contrast=None, depth=-3.0, draggable=False, fillColor=array([ 1., -1., -1.]), fillColorSpace='rgb', fillRGB=array([ 1., -1., -1.]), interpolate=True, lineColor=array([1., 1., 1.]), lineColorSpace='rgb', lineRGB=array([1, 1, 1]), lineWidth=1.0, name='redbar_3', opacity=1, ori=0.0, pos=array([-1. ,  0.7]), size=array([0.66666667, 0.1       ]), units='norm', vertices=ndarray(...), win=Window(...))
4.8893 	EXP 	Created arrow_3 = ShapeStim(__class__=<class 'psychopy.visual.shape.ShapeStim'>, anchor=('center', 'center'), autoDraw=False, autoLog=True, closeShape=True, color=method-wrapper(...), colorSpace='rgb', contrast=None, depth=-4.0, draggable=False, fillColor=array([1, 1, 1]), fillColorSpace='rgb', fillRGB=array([1, 1, 1]), interpolate=True, lineColor=array([1., 1., 1.]), lineColorSpace='rgb', lineRGB=array([1, 1, 1]), lineWidth=1.0, name='arrow_3', opacity=1, ori=0.0, pos=array([0., 0.]), size=array([0.05, 0.05]), units='norm', vertices=ndarray(...), win=Window(...), windingRule=None)
4.8924 	WARNING 	Font b'Arial' was requested. No similar font found.
4.8991 	WARNING 	Font b'Arial' was requested. No similar font found.
4.9020 	DEBUG 	TextBox2 loaded 1 chars with 0 blanks and 1 valid
4.9034 	DEBUG 	TextBox2 loaded 1 chars with 0 blanks and 1 valid
4.9047 	DEBUG 	TextBox2 loaded 1 chars with 0 blanks and 1 valid
4.9059 	DEBUG 	TextBox2 loaded 1 chars with 0 blanks and 1 valid
4.9065 	DEBUG 	TextBox2 loaded 1 chars with 0 blanks and 1 valid
4.9072 	DEBUG 	TextBox2 loaded 1 chars with 0 blanks and 1 valid
4.9085 	DEBUG 	TextBox2 loaded 1 chars with 0 blanks and 1 valid
4.9095 	DEBUG 	TextBox2 loaded 1 chars with 0 blanks and 1 valid
4.9102 	DEBUG 	TextBox2 loaded 1 chars with 0 blanks and 1 valid
4.9106 	DEBUG 	Uploading Texture Font fontname to graphics card
4.9157 	DEBUG 	Upload of Texture Font fontname complete
4.9357 	DEBUG 	TextBox2 loaded 1 chars with 0 blanks and 1 valid
4.9360 	DEBUG 	Uploading Texture Font fontname to graphics card
4.9376 	DEBUG 	Upload of Texture Font fontname complete
4.9453 	DEBUG 	TextBox2 loaded 1 chars with 0 blanks and 1 valid
4.9465 	DEBUG 	TextBox2 loaded 1 chars with 0 blanks and 1 valid
4.9476 	DEBUG 	TextBox2 loaded 1 chars with 0 blanks and 1 valid
4.9487 	DEBUG 	TextBox2 loaded 1 chars with 0 blanks and 1 valid
4.9495 	DEBUG 	TextBox2 loaded 1 chars with 0 blanks and 1 valid
4.9504 	DEBUG 	TextBox2 loaded 1 chars with 0 blanks and 1 valid
4.9515 	DEBUG 	TextBox2 loaded 1 chars with 0 blanks and 1 valid
4.9524 	DEBUG 	TextBox2 loaded 1 chars with 0 blanks and 1 valid
4.9535 	DEBUG 	TextBox2 loaded 1 chars with 0 blanks and 1 valid
4.9544 	DEBUG 	TextBox2 loaded 1 chars with 0 blanks and 1 valid
4.9548 	DEBUG 	Uploading Texture Font fontname to graphics card
4.9561 	DEBUG 	Upload of Texture Font fontname complete
4.9638 	DEBUG 	TextBox2 loaded 1 chars with 0 blanks and 1 valid
4.9641 	DEBUG 	Uploading Texture Font fontname to graphics card
4.9686 	DEBUG 	Upload of Texture Font fontname complete
4.9830 	DEBUG 	TextBox2 loaded 1 chars with 0 blanks and 1 valid
4.9833 	DEBUG 	Uploading Texture Font fontname to graphics card
4.9846 	DEBUG 	Upload of Texture Font fontname complete
4.9989 	DEBUG 	TextBox2 loaded 1 chars with 0 blanks and 1 valid
4.9992 	DEBUG 	Uploading Texture Font fontname to graphics card
5.0004 	DEBUG 	Upload of Texture Font fontname complete
5.0149 	DEBUG 	TextBox2 loaded 1 chars with 0 blanks and 1 valid
5.0152 	DEBUG 	Uploading Texture Font fontname to graphics card
5.0164 	DEBUG 	Upload of Texture Font fontname complete
5.0305 	DEBUG 	TextBox2 loaded 1 chars with 0 blanks and 1 valid
5.0308 	DEBUG 	Uploading Texture Font fontname to graphics card
5.0321 	DEBUG 	Upload of Texture Font fontname complete
5.0464 	DEBUG 	TextBox2 loaded 1 chars with 0 blanks and 1 valid
5.0467 	DEBUG 	Uploading Texture Font fontname to graphics card
5.0480 	DEBUG 	Upload of Texture Font fontname complete
5.0625 	DEBUG 	TextBox2 loaded 1 chars with 0 blanks and 1 valid
5.0629 	DEBUG 	Uploading Texture Font fontname to graphics card
5.0641 	DEBUG 	Upload of Texture Font fontname complete
5.0785 	DEBUG 	TextBox2 loaded 1 chars with 0 blanks and 1 valid
5.0788 	DEBUG 	Uploading Texture Font fontname to graphics card
5.0801 	DEBUG 	Upload of Texture Font fontname complete
5.0946 	DEBUG 	TextBox2 loaded 1 chars with 0 blanks and 1 valid
5.0949 	DEBUG 	Uploading Texture Font fontname to graphics card
5.0962 	DEBUG 	Upload of Texture Font fontname complete
5.1637 	EXP 	Created slider_3 = Slider(__class__=<class 'psychopy.visual.slider.Slider'>, autoDraw=False, autoLog=True, borderColor=None, color=None, colorSpace='rgb', depth=-6, fillColor=None, flip=False, font='Noto Sans', granularity=1, labelColor=None, labelHeight=np.float64(0.05), labelWrapWidth=None, labels=(0, 1, 2, 3, 4, 5, 6, 7, 8, 9), lineColor=None, markerColor=None, name='slider_3', opacity=None, ori=0.0, pos=array([ 0. , -0.4]), readOnly=False, self=UNKNOWN, size=array([1. , 0.1]), startValue=None, style='choice', styleTweaks=[], ticks=array([0, 1, 2, 3, 4, 5, 6, 7, 8, 9]), units='norm', win=Window(...))
5.1670 	WARNING 	Font b'Arial' was requested. No similar font found.
5.1730 	WARNING 	Font b'Arial' was requested. No similar font found.
5.1788 	EXP 	Created fix = TextStim(__class__=<class 'psychopy.visual.text.TextStim'>, alignHoriz=method-wrapper(...), alignText='center', alignVert=method-wrapper(...), anchorHoriz='center', anchorVert='center', antialias=True, autoDraw=False, autoLog=True, bold=False, color=array([1., 1., 1.]), colorSpace='rgb', contrast=1.0, depth=-1.0, draggable=False, flipHoriz=False, flipVert=False, font='Open Sans', fontFiles=[], height=np.float64(0.1), italic=False, languageStyle='LTR', name='fix', opacity=1, ori=0.0, pos=array([0., 0.]), rgb=UNKNOWN, text='+', units='height', win=Window(...), wrapWidth=1)
5.1814 	EXP 	Created prog_2 = Progress(__class__=<class 'psychopy.visual.progress.Progress'>, anchor=('left', 'top'), autoDraw=False, autoLog=True, closeShape=True, color=method-wrapper(...), colorSpace='rgb', contrast=None, depth=-1, draggable=False, fillColor=array([-1.    ,  0.5373, -1.    ]), fillColorSpace='rgb', fillRGB=array([-1.    ,  0.5373, -1.    ]), interpolate=True, lineColor=array([1., 1., 1.]), lineColorSpace='rgb', lineRGB=array([1, 1, 1]), lineWidth=4.0, name='prog_2', opacity=1.0, ori=0.0, pos=array([-0.5,  0.5]), size=array([1. , 0.1]), units='norm', vertices=ndarray(...), win=Window(...), windingRule=None)
5.1839 	EXP 	Created prog_2Bar = ShapeStim(__class__=<class 'psychopy.visual.shape.ShapeStim'>, anchor=('left', 'top'), autoDraw=False, autoLog=True, closeShape=True, color=method-wrapper(...), colorSpace='rgb', contrast=None, depth=-1, draggable=False, fillColor=array([ 1., -1., -1.]), fillColorSpace='rgb', fillRGB=array([ 1., -1., -1.]), interpolate=True, lineColor=array([0., 0., 0.]), lineColorSpace='rgb', lineRGB=array([0, 0, 0]), lineWidth=1.5, name='prog_2Bar', opacity=1.0, ori=0.0, pos=array([-0.5,  0.5]), size=array([1. , 0.1]), units='norm', vertices=ndarray(...), win=Window(...), windingRule=None)
5.1860 	EXP 	Created greenbar_2 = Rect(__class__=<class 'psychopy.visual.rect.Rect'>, anchor=('left', 'center'), autoDraw=False, autoLog=True, closeShape=True, color=method-wrapper(...), colorSpace='rgb', contrast=None, depth=-2.0, draggable=False, fillColor=array([-1.    ,  0.0039, -1.    ]), fillColorSpace='rgb', fillRGB=array([-1.    ,  0.0039, -1.    ]), interpolate=True, lineColor=array([1., 1., 1.]), lineColorSpace='rgb', lineRGB=array([1, 1, 1]), lineWidth=1.0, name='greenbar_2', opacity=1, ori=0.0, pos=array([0.33333333, 0.7       ]), size=array([0.66666667, 0.1       ]), units='norm', vertices=ndarray(...), win=Window(...))
5.1879 	EXP 	Created yellowbar_2 = Rect(__class__=<class 'psychopy.visual.rect.Rect'>, anchor=('left', 'center'), autoDraw=False, autoLog=True, closeShape=True, color=method-wrapper(...), colorSpace='rgb', contrast=None, depth=-3.0, draggable=False, fillColor=array([ 1.,  1., -1.]), fillColorSpace='rgb', fillRGB=array([ 1.,  1., -1.]), interpolate=True, lineColor=array([1., 1., 1.]), lineColorSpace='rgb', lineRGB=array([1, 1, 1]), lineWidth=1.0, name='yellowbar_2', opacity=1, ori=0.0, pos=array([-0.33333333,  0.7       ]), size=array([0.66666667, 0.1       ]), units='norm', vertices=ndarray(...), win=Window(...))
5.1901 	EXP 	Created redbar_2 = Rect(__class__=<class 'psychopy.visual.rect.Rect'>, anchor=('left', 'center'), autoDraw=False, autoLog=True, closeShape=True, color=method-wrapper(...), colorSpace='rgb', contrast=None, depth=-4.0, draggable=False, fillColor=array([ 1., -1., -1.]), fillColorSpace='rgb', fillRGB=array([ 1., -1., -1.]), interpolate=True, lineColor=array([1., 1., 1.]), lineColorSpace='rgb', lineRGB=array([1, 1, 1]), lineWidth=1.0, name='redbar_2', opacity=1, ori=0.0, pos=array([-1. ,  0.7]), size=array([0.66666667, 0.1       ]), units='norm', vertices=ndarray(...), win=Window(...))
5.1926 	EXP 	Created arrow_2 = ShapeStim(__class__=<class 'psychopy.visual.shape.ShapeStim'>, anchor=('center', 'center'), autoDraw=False, autoLog=True, closeShape=True, color=method-wrapper(...), colorSpace='rgb', contrast=None, depth=-5.0, draggable=False, fillColor=array([1, 1, 1]), fillColorSpace='rgb', fillRGB=array([1, 1, 1]), interpolate=True, lineColor=array([1., 1., 1.]), lineColorSpace='rgb', lineRGB=array([1, 1, 1]), lineWidth=1.0, name='arrow_2', opacity=1, ori=0.0, pos=array([0., 0.]), size=array([0.05, 0.05]), units='norm', vertices=ndarray(...), win=Window(...), windingRule=None)
5.1957 	WARNING 	Font b'Arial' was requested. No similar font found.
5.2016 	WARNING 	Font b'Arial' was requested. No similar font found.
5.4001 	EXP 	Created slider_2 = Slider(__class__=<class 'psychopy.visual.slider.Slider'>, autoDraw=False, autoLog=True, borderColor=None, color=None, colorSpace='rgb', depth=-7, fillColor=None, flip=False, font='Noto Sans', granularity=1, labelColor=None, labelHeight=np.float64(0.05), labelWrapWidth=None, labels=(0, 1, 2, 3, 4, 5, 6, 7, 8, 9), lineColor=None, markerColor=None, name='slider_2', opacity=None, ori=0.0, pos=array([ 0. , -0.4]), readOnly=False, self=UNKNOWN, size=array([1. , 0.1]), startValue=None, style='choice', styleTweaks=[], ticks=array([0, 1, 2, 3, 4, 5, 6, 7, 8, 9]), units='norm', win=Window(...))
5.4034 	WARNING 	Font b'Arial' was requested. No similar font found.
5.4091 	WARNING 	Font b'Arial' was requested. No similar font found.
5.4149 	EXP 	Created fix = TextStim(__class__=<class 'psychopy.visual.text.TextStim'>, alignHoriz=method-wrapper(...), alignText='center', alignVert=method-wrapper(...), anchorHoriz='center', anchorVert='center', antialias=True, autoDraw=False, autoLog=True, bold=False, color=array([1., 1., 1.]), colorSpace='rgb', contrast=1.0, depth=-1.0, draggable=False, flipHoriz=False, flipVert=False, font='Open Sans', fontFiles=[], height=np.float64(0.1), italic=False, languageStyle='LTR', name='fix', opacity=1, ori=0.0, pos=array([0., 0.]), rgb=UNKNOWN, text='+', units='height', win=Window(...), wrapWidth=1)
5.4175 	EXP 	Created prog = Progress(__class__=<class 'psychopy.visual.progress.Progress'>, anchor=('left', 'top'), autoDraw=False, autoLog=True, closeShape=True, color=method-wrapper(...), colorSpace='rgb', contrast=None, depth=-1, draggable=False, fillColor=array([-1.    ,  0.5373, -1.    ]), fillColorSpace='rgb', fillRGB=array([-1.    ,  0.5373, -1.    ]), interpolate=True, lineColor=array([1., 1., 1.]), lineColorSpace='rgb', lineRGB=array([1, 1, 1]), lineWidth=4.0, name='prog', opacity=1.0, ori=0.0, pos=array([-0.5,  0.5]), size=array([1. , 0.1]), units='norm', vertices=ndarray(...), win=Window(...), windingRule=None)
5.4198 	EXP 	Created progBar = ShapeStim(__class__=<class 'psychopy.visual.shape.ShapeStim'>, anchor=('left', 'top'), autoDraw=False, autoLog=True, closeShape=True, color=method-wrapper(...), colorSpace='rgb', contrast=None, depth=-1, draggable=False, fillColor=array([ 1., -1., -1.]), fillColorSpace='rgb', fillRGB=array([ 1., -1., -1.]), interpolate=True, lineColor=array([0., 0., 0.]), lineColorSpace='rgb', lineRGB=array([0, 0, 0]), lineWidth=1.5, name='progBar', opacity=1.0, ori=0.0, pos=array([-0.5,  0.5]), size=array([1. , 0.1]), units='norm', vertices=ndarray(...), win=Window(...), windingRule=None)
5.4219 	EXP 	Created greenbar = Rect(__class__=<class 'psychopy.visual.rect.Rect'>, anchor=('left', 'center'), autoDraw=False, autoLog=True, closeShape=True, color=method-wrapper(...), colorSpace='rgb', contrast=None, depth=-2.0, draggable=False, fillColor=array([-1.    ,  0.0039, -1.    ]), fillColorSpace='rgb', fillRGB=array([-1.    ,  0.0039, -1.    ]), interpolate=True, lineColor=array([1., 1., 1.]), lineColorSpace='rgb', lineRGB=array([1, 1, 1]), lineWidth=1.0, name='greenbar', opacity=1, ori=0.0, pos=array([0.33333333, 0.7       ]), size=array([0.66666667, 0.1       ]), units='norm', vertices=ndarray(...), win=Window(...))
5.4238 	EXP 	Created yellowbar = Rect(__class__=<class 'psychopy.visual.rect.Rect'>, anchor=('left', 'center'), autoDraw=False, autoLog=True, closeShape=True, color=method-wrapper(...), colorSpace='rgb', contrast=None, depth=-3.0, draggable=False, fillColor=array([ 1.,  1., -1.]), fillColorSpace='rgb', fillRGB=array([ 1.,  1., -1.]), interpolate=True, lineColor=array([1., 1., 1.]), lineColorSpace='rgb', lineRGB=array([1, 1, 1]), lineWidth=1.0, name='yellowbar', opacity=1, ori=0.0, pos=array([-0.33333333,  0.7       ]), size=array([0.66666667, 0.1       ]), units='norm', vertices=ndarray(...), win=Window(...))
5.4257 	EXP 	Created redbar = Rect(__class__=<class 'psychopy.visual.rect.Rect'>, anchor=('left', 'center'), autoDraw=False, autoLog=True, closeShape=True, color=method-wrapper(...), colorSpace='rgb', contrast=None, depth=-4.0, draggable=False, fillColor=array([ 1., -1., -1.]), fillColorSpace='rgb', fillRGB=array([ 1., -1., -1.]), interpolate=True, lineColor=array([1., 1., 1.]), lineColorSpace='rgb', lineRGB=array([1, 1, 1]), lineWidth=1.0, name='redbar', opacity=1, ori=0.0, pos=array([-1. ,  0.7]), size=array([0.66666667, 0.1       ]), units='norm', vertices=ndarray(...), win=Window(...))
5.4280 	EXP 	Created arrow = ShapeStim(__class__=<class 'psychopy.visual.shape.ShapeStim'>, anchor=('center', 'center'), autoDraw=False, autoLog=True, closeShape=True, color=method-wrapper(...), colorSpace='rgb', contrast=None, depth=-5.0, draggable=False, fillColor=array([1, 1, 1]), fillColorSpace='rgb', fillRGB=array([1, 1, 1]), interpolate=True, lineColor=array([1., 1., 1.]), lineColorSpace='rgb', lineRGB=array([1, 1, 1]), lineWidth=1.0, name='arrow', opacity=1, ori=0.0, pos=array([0., 0.]), size=array([0.05, 0.05]), units='norm', vertices=ndarray(...), win=Window(...), windingRule=None)
5.4311 	WARNING 	Font b'Arial' was requested. No similar font found.
5.4369 	WARNING 	Font b'Arial' was requested. No similar font found.
5.6312 	EXP 	Created slider = Slider(__class__=<class 'psychopy.visual.slider.Slider'>, autoDraw=False, autoLog=True, borderColor=None, color=None, colorSpace='rgb', depth=-7, fillColor=None, flip=False, font='Noto Sans', granularity=1, labelColor=None, labelHeight=np.float64(0.05), labelWrapWidth=None, labels=(0, 1, 2, 3, 4, 5, 6, 7, 8, 9), lineColor=None, markerColor=None, name='slider', opacity=None, ori=0.0, pos=array([ 0. , -0.4]), readOnly=False, self=UNKNOWN, size=array([1. , 0.1]), startValue=None, style='choice', styleTweaks=[], ticks=array([0, 1, 2, 3, 4, 5, 6, 7, 8, 9]), units='norm', win=Window(...))
5.6345 	WARNING 	Font b'Arial' was requested. No similar font found.
5.6406 	WARNING 	Font b'Arial' was requested. No similar font found.
0.0014 	DATA 	Keypress: l
0.0101 	EXP 	prog_3: direction = 'horizontal'
0.0101 	EXP 	prog_3: progress = 0.0
0.0101 	EXP 	textbox_4: autoLog = True
0.0101 	EXP 	slider_3: autoLog = True
0.0101 	EXP 	slider_3: styleTweaks = []
0.0101 	EXP 	slider_3: styleTweaks = []
0.0101 	EXP 	slider_3: styleTweaks = []
0.0101 	EXP 	slider_3: styleTweaks = []
0.0101 	EXP 	slider_3: contrast = 1.0
0.0101 	EXP 	slider_3: markerPos = None
0.0101 	EXP 	slider_3: autoLog = True
0.0101 	EXP 	textbox_2: autoLog = True
0.0101 	EXP 	prog_2: direction = 'horizontal'
0.0101 	EXP 	prog_2: progress = 0.0
0.0101 	EXP 	textbox_3: autoLog = True
0.0101 	EXP 	slider_2: autoLog = True
0.0101 	EXP 	slider_2: styleTweaks = []
0.0101 	EXP 	slider_2: styleTweaks = []
0.0101 	EXP 	slider_2: styleTweaks = []
0.0101 	EXP 	slider_2: styleTweaks = []
0.0101 	EXP 	slider_2: contrast = 1.0
0.0101 	EXP 	slider_2: markerPos = None
0.0101 	EXP 	slider_2: autoLog = True
0.0101 	EXP 	textbox_2: autoLog = True
0.0101 	EXP 	prog: direction = 'horizontal'
0.0101 	EXP 	prog: progress = 0.0
0.0101 	EXP 	textbox: autoLog = True
0.0101 	EXP 	slider: autoLog = True
0.0101 	EXP 	slider: styleTweaks = []
0.0101 	EXP 	slider: styleTweaks = []
0.0101 	EXP 	slider: styleTweaks = []
0.0101 	EXP 	slider: styleTweaks = []
0.0101 	EXP 	slider: contrast = 1.0
0.0101 	EXP 	slider: markerPos = None
0.0101 	EXP 	slider: autoLog = True
0.0101 	EXP 	textbox_2: autoLog = True
0.0139 	EXP 	Device response: <KeyPress from None: t=-0.7565648555755615, value=l, duration=None>
0.0139 	EXP 	Device response: <KeyPress from None: t=-0.7565648555755615, value=l, duration=0.13263845443725586>
0.0263 	INFO 	Keyboard events cleared
0.0259 	EXP 	text: autoDraw = True
0.3947 	EXP 	Device response: <KeyPress from None: t=0.3933556079864502, value=l, duration=None>
0.3951 	DATA 	Keypress: l
0.4090 	INFO 	Keyboard events cleared
0.4088 	EXP 	text: autoDraw = False
0.4088 	EXP 	intstructs: autoDraw = True
0.5282 	EXP 	Device response: <KeyPress from None: t=0.3933556079864502, value=l, duration=0.11975455284118652>
1.1281 	EXP 	Device response: <KeyPress from None: t=1.1265337467193604, value=space, duration=None>
1.1283 	DATA 	Keypress: space
1.1290 	EXP 	New trial (rep=0, index=0): <Trial 0 (0 in rep 0) data={'thisN': 0, 'thisTrialN': 0, 'thisRepN': 0}>
1.1420 	EXP 	intstructs: autoDraw = False
1.1420 	EXP 	fix: autoDraw = True
1.2280 	EXP 	Device response: <KeyPress from None: t=1.1265337467193604, value=space, duration=0.09467434883117676>
1.6436 	DEBUG 	Saving data for misty_module ExperimentHandler
1.6442 	INFO 	saved data to /home/hackerman/misty_py/data/pilot_misty_module_2026-01-29_17h38.35.085.psydat
1.6446 	INFO 	saved data to '/home/hackerman/misty_py/data/pilot_misty_module_2026-01-29_17h38.35.085.csv'
1.6481 	WARNING 	Stopping key buffers but this could be dangerous ifother keyboards rely on the same.
