8.9526 	WARNING 	Font Manager failed to load file /System/Library/PrivateFrameworks/FontServices.framework/Resources/Reserved/PingFangUI.ttc
8.9825 	WARNING 	Font Manager failed to load file /System/Library/PrivateFrameworks/FontServices.framework/Resources/Reserved/PingFangUI.ttc
10.9121 	DEBUG 	Fullscreen settings ignored as running in pilot mode.
10.9130 	INFO 	Loaded monitor calibration from ['2026_01_27 16:28']
11.0178 	INFO 	Using renderer 'Apple M4' for graphics
11.0178 	INFO 	OpenGL version supported by driver is 2..
11.0538 	EXP 	Created window1 = Window(allowGUI=False, allowStencil=True, autoLog=True, backendConf=UNKNOWN, backgroundFit=<method-wrapper '__getattribute__' of attributeSetter object at 0x174e61780>, backgroundImage=<method-wrapper '__getattribute__' of attributeSetter object at 0x174e616f0>, bitsMode=UNKNOWN, blendMode='avg', bpc=(8, 8, 8), color=array([0, 0, 0]), colorSpace='rgb', depthBits=8, fullscr=False, gamma=None, gammaErrorPolicy='raise', infoMsg=UNKNOWN, lms=UNKNOWN, monitor=<psychopy.monitors.calibTools.Monitor object at 0x1752a6dd0>, multiSample=False, name='window1', numSamples=2, pos=[np.float64(560.0), np.float64(240.0)], screen=0, size=array([800, 600]), stencilBits=8, stereo=False, title='PsychoPy', units='height', useFBO=True, useRetina=False, viewOri=0.0, viewPos=None, viewScale=None, waitBlanking=True, winType='pyglet')
11.0538 	EXP 	window1: backgroundImage = ''
11.0538 	EXP 	window1: backgroundFit = 'none'
11.0753 	DEBUG 	TextBox2 loaded 1 chars with 0 blanks and 1 valid
11.0831 	DEBUG 	TextBox2 loaded 1 chars with 0 blanks and 1 valid
11.0908 	DEBUG 	TextBox2 loaded 1 chars with 0 blanks and 1 valid
11.0985 	DEBUG 	TextBox2 loaded 1 chars with 0 blanks and 1 valid
11.1062 	DEBUG 	TextBox2 loaded 1 chars with 0 blanks and 1 valid
11.1136 	DEBUG 	TextBox2 loaded 1 chars with 0 blanks and 1 valid
11.1212 	DEBUG 	TextBox2 loaded 1 chars with 0 blanks and 1 valid
11.1290 	DEBUG 	TextBox2 loaded 1 chars with 0 blanks and 1 valid
11.1366 	DEBUG 	TextBox2 loaded 1 chars with 0 blanks and 1 valid
11.1441 	DEBUG 	TextBox2 loaded 1 chars with 0 blanks and 1 valid
11.1518 	DEBUG 	TextBox2 loaded 1 chars with 0 blanks and 1 valid
11.1594 	DEBUG 	TextBox2 loaded 1 chars with 0 blanks and 1 valid
11.1670 	DEBUG 	TextBox2 loaded 1 chars with 0 blanks and 1 valid
11.1746 	DEBUG 	TextBox2 loaded 1 chars with 0 blanks and 1 valid
11.1821 	DEBUG 	TextBox2 loaded 1 chars with 0 blanks and 1 valid
11.1898 	DEBUG 	TextBox2 loaded 1 chars with 0 blanks and 1 valid
11.1974 	DEBUG 	TextBox2 loaded 1 chars with 0 blanks and 1 valid
11.2048 	DEBUG 	TextBox2 loaded 1 chars with 0 blanks and 1 valid
11.2123 	DEBUG 	TextBox2 loaded 1 chars with 0 blanks and 1 valid
11.2201 	DEBUG 	TextBox2 loaded 1 chars with 0 blanks and 1 valid
11.2275 	DEBUG 	TextBox2 loaded 1 chars with 0 blanks and 1 valid
11.2280 	DEBUG 	Uploading Texture Font fontname to graphics card
11.2310 	DEBUG 	Upload of Texture Font fontname complete
11.2414 	DEBUG 	TextBox2 loaded 1 chars with 0 blanks and 1 valid
11.2491 	DEBUG 	TextBox2 loaded 1 chars with 0 blanks and 1 valid
11.2567 	DEBUG 	TextBox2 loaded 1 chars with 0 blanks and 1 valid
11.2568 	DEBUG 	Uploading Texture Font fontname to graphics card
11.2584 	DEBUG 	Upload of Texture Font fontname complete
11.2593 	EXP 	window1: Attempting to measure frame rate of screen (0) ...
11.2593 	EXP 	window1: recordFrameIntervals = False
11.4157 	EXP 	window1: recordFrameIntervals = True
11.5627 	EXP 	Screen (0) actual frame rate measured at 74.79Hz
11.5627 	EXP 	window1: recordFrameIntervals = False
11.5758 	DEBUG 	TextBox2 loaded 1 chars with 0 blanks and 1 valid
11.5846 	DEBUG 	TextBox2 loaded 1 chars with 0 blanks and 1 valid
11.5930 	DEBUG 	TextBox2 loaded 1 chars with 0 blanks and 1 valid
11.6013 	DEBUG 	TextBox2 loaded 1 chars with 0 blanks and 1 valid
11.6093 	DEBUG 	TextBox2 loaded 1 chars with 0 blanks and 1 valid
11.6169 	DEBUG 	TextBox2 loaded 1 chars with 0 blanks and 1 valid
11.6242 	DEBUG 	TextBox2 loaded 1 chars with 0 blanks and 1 valid
11.6318 	DEBUG 	TextBox2 loaded 1 chars with 0 blanks and 1 valid
11.6394 	DEBUG 	TextBox2 loaded 1 chars with 0 blanks and 1 valid
11.6470 	DEBUG 	TextBox2 loaded 1 chars with 0 blanks and 1 valid
11.6472 	DEBUG 	Uploading Texture Font fontname to graphics card
11.6489 	DEBUG 	Upload of Texture Font fontname complete
12.8579 	INFO 	keyboard.Keyboard is using ptb backend.
12.8579 	EXP 	misty_module: status = STARTED
12.8940 	EXP 	Created text = TextStim(__class__=<class 'psychopy.visual.text.TextStim'>, alignHoriz=method-wrapper(...), alignText='center', alignVert=method-wrapper(...), anchorHoriz='center', anchorVert='center', antialias=True, autoDraw=False, autoLog=True, bold=False, color=array([1., 1., 1.]), colorSpace='rgb', contrast=1.0, depth=0.0, draggable=False, flipHoriz=False, flipVert=False, font='Arial', fontFiles=[], height=np.float64(0.05), italic=False, languageStyle='LTR', name='text', opacity=1, ori=0.0, pos=array([0., 0.]), rgb=UNKNOWN, text=str(...), units='height', win=Window(...), wrapWidth=1)
12.9018 	EXP 	Created intstructs = TextStim(__class__=<class 'psychopy.visual.text.TextStim'>, alignHoriz=method-wrapper(...), alignText='center', alignVert=method-wrapper(...), anchorHoriz='center', anchorVert='center', antialias=True, autoDraw=False, autoLog=True, bold=False, color=array([1., 1., 1.]), colorSpace='rgb', contrast=1.0, depth=0.0, draggable=False, flipHoriz=False, flipVert=False, font='Arial', fontFiles=[], height=np.float64(0.05), italic=False, languageStyle='LTR', name='intstructs', opacity=1, ori=0.0, pos=array([0., 0.]), rgb=UNKNOWN, text=str(...), units='height', win=Window(...), wrapWidth=1)
12.9052 	EXP 	Created fix = TextStim(__class__=<class 'psychopy.visual.text.TextStim'>, alignHoriz=method-wrapper(...), alignText='center', alignVert=method-wrapper(...), anchorHoriz='center', anchorVert='center', antialias=True, autoDraw=False, autoLog=True, bold=False, color=array([1., 1., 1.]), colorSpace='rgb', contrast=1.0, depth=-1.0, draggable=False, flipHoriz=False, flipVert=False, font='Open Sans', fontFiles=[], height=np.float64(0.1), italic=False, languageStyle='LTR', name='fix', opacity=1, ori=0.0, pos=array([0., 0.]), rgb=UNKNOWN, text='+', units='height', win=Window(...), wrapWidth=1)
12.9115 	DEBUG 	TextBox2 loaded 1 chars with 0 blanks and 1 valid
12.9121 	DEBUG 	TextBox2 loaded 1 chars with 0 blanks and 1 valid
12.9127 	DEBUG 	TextBox2 loaded 1 chars with 0 blanks and 1 valid
12.9131 	DEBUG 	TextBox2 loaded 1 chars with 0 blanks and 1 valid
12.9133 	DEBUG 	TextBox2 loaded 1 chars with 0 blanks and 1 valid
12.9136 	DEBUG 	TextBox2 loaded 1 chars with 0 blanks and 1 valid
12.9141 	DEBUG 	TextBox2 loaded 1 chars with 0 blanks and 1 valid
12.9145 	DEBUG 	TextBox2 loaded 1 chars with 0 blanks and 1 valid
12.9147 	DEBUG 	TextBox2 loaded 1 chars with 0 blanks and 1 valid
12.9148 	DEBUG 	Uploading Texture Font fontname to graphics card
12.9169 	DEBUG 	Upload of Texture Font fontname complete
12.9405 	DEBUG 	TextBox2 loaded 1 chars with 0 blanks and 1 valid
12.9406 	DEBUG 	Uploading Texture Font fontname to graphics card
12.9426 	DEBUG 	Upload of Texture Font fontname complete
12.9525 	DEBUG 	TextBox2 loaded 1 chars with 0 blanks and 1 valid
12.9599 	DEBUG 	TextBox2 loaded 1 chars with 0 blanks and 1 valid
12.9674 	DEBUG 	TextBox2 loaded 1 chars with 0 blanks and 1 valid
12.9748 	DEBUG 	TextBox2 loaded 1 chars with 0 blanks and 1 valid
12.9821 	DEBUG 	TextBox2 loaded 1 chars with 0 blanks and 1 valid
12.9893 	DEBUG 	TextBox2 loaded 1 chars with 0 blanks and 1 valid
12.9967 	DEBUG 	TextBox2 loaded 1 chars with 0 blanks and 1 valid
13.0040 	DEBUG 	TextBox2 loaded 1 chars with 0 blanks and 1 valid
13.0113 	DEBUG 	TextBox2 loaded 1 chars with 0 blanks and 1 valid
13.0187 	DEBUG 	TextBox2 loaded 1 chars with 0 blanks and 1 valid
13.0188 	DEBUG 	Uploading Texture Font fontname to graphics card
13.0202 	DEBUG 	Upload of Texture Font fontname complete
13.0300 	DEBUG 	TextBox2 loaded 1 chars with 0 blanks and 1 valid
13.0301 	DEBUG 	Uploading Texture Font fontname to graphics card
13.0315 	DEBUG 	Upload of Texture Font fontname complete
13.0436 	DEBUG 	TextBox2 loaded 1 chars with 0 blanks and 1 valid
13.0436 	DEBUG 	Uploading Texture Font fontname to graphics card
13.0450 	DEBUG 	Upload of Texture Font fontname complete
13.0571 	DEBUG 	TextBox2 loaded 1 chars with 0 blanks and 1 valid
13.0572 	DEBUG 	Uploading Texture Font fontname to graphics card
13.0587 	DEBUG 	Upload of Texture Font fontname complete
13.0708 	DEBUG 	TextBox2 loaded 1 chars with 0 blanks and 1 valid
13.0709 	DEBUG 	Uploading Texture Font fontname to graphics card
13.0723 	DEBUG 	Upload of Texture Font fontname complete
13.0844 	DEBUG 	TextBox2 loaded 1 chars with 0 blanks and 1 valid
13.0845 	DEBUG 	Uploading Texture Font fontname to graphics card
13.0860 	DEBUG 	Upload of Texture Font fontname complete
13.0981 	DEBUG 	TextBox2 loaded 1 chars with 0 blanks and 1 valid
13.0982 	DEBUG 	Uploading Texture Font fontname to graphics card
13.0996 	DEBUG 	Upload of Texture Font fontname complete
13.1115 	DEBUG 	TextBox2 loaded 1 chars with 0 blanks and 1 valid
13.1115 	DEBUG 	Uploading Texture Font fontname to graphics card
13.1130 	DEBUG 	Upload of Texture Font fontname complete
13.1248 	DEBUG 	TextBox2 loaded 1 chars with 0 blanks and 1 valid
13.1248 	DEBUG 	Uploading Texture Font fontname to graphics card
13.1263 	DEBUG 	Upload of Texture Font fontname complete
13.1381 	DEBUG 	TextBox2 loaded 1 chars with 0 blanks and 1 valid
13.1381 	DEBUG 	Uploading Texture Font fontname to graphics card
13.1396 	DEBUG 	Upload of Texture Font fontname complete
13.1653 	EXP 	Created slider_3 = Slider(__class__=<class 'psychopy.visual.slider.Slider'>, autoDraw=False, autoLog=True, borderColor=None, color=None, colorSpace='rgb', depth=-2, fillColor=None, flip=False, font='Noto Sans', granularity=1, labelColor=None, labelHeight=np.float64(0.05), labelWrapWidth=None, labels=(0, 1, 2, 3, 4, 5, 6, 7, 8, 9), lineColor=None, markerColor=None, name='slider_3', opacity=None, ori=0.0, pos=array([ 0. , -0.4]), readOnly=False, self=UNKNOWN, size=array([1. , 0.1]), startValue=None, style='choice', styleTweaks=[], ticks=array([0, 1, 2, 3, 4, 5, 6, 7, 8, 9]), units='norm', win=Window(...))
13.1723 	EXP 	Created text_2 = TextStim(__class__=<class 'psychopy.visual.text.TextStim'>, alignHoriz=method-wrapper(...), alignText='center', alignVert=method-wrapper(...), anchorHoriz='center', anchorVert='center', antialias=True, autoDraw=False, autoLog=True, bold=False, color=array([1., 1., 1.]), colorSpace='rgb', contrast=1.0, depth=0.0, draggable=False, flipHoriz=False, flipVert=False, font='Arial', fontFiles=[], height=np.float64(0.05), italic=False, languageStyle='LTR', name='text_2', opacity=1, ori=0.0, pos=array([0., 0.]), rgb=UNKNOWN, text=str(...), units='height', win=Window(...), wrapWidth=1)
13.1731 	EXP 	Created fix = TextStim(__class__=<class 'psychopy.visual.text.TextStim'>, alignHoriz=method-wrapper(...), alignText='center', alignVert=method-wrapper(...), anchorHoriz='center', anchorVert='center', antialias=True, autoDraw=False, autoLog=True, bold=False, color=array([1., 1., 1.]), colorSpace='rgb', contrast=1.0, depth=-1.0, draggable=False, flipHoriz=False, flipVert=False, font='Open Sans', fontFiles=[], height=np.float64(0.1), italic=False, languageStyle='LTR', name='fix', opacity=1, ori=0.0, pos=array([0., 0.]), rgb=UNKNOWN, text='+', units='height', win=Window(...), wrapWidth=1)
13.1751 	EXP 	Created prog_3 = Progress(__class__=<class 'psychopy.visual.progress.Progress'>, anchor=('left', 'top'), autoDraw=False, autoLog=True, closeShape=True, color=method-wrapper(...), colorSpace='rgb', contrast=None, depth=-1, draggable=False, fillColor=array([-1.    ,  0.5373, -1.    ]), fillColorSpace='rgb', fillRGB=array([-1.    ,  0.5373, -1.    ]), interpolate=True, lineColor=array([1., 1., 1.]), lineColorSpace='rgb', lineRGB=array([1, 1, 1]), lineWidth=4.0, name='prog_3', opacity=1.0, ori=0.0, pos=array([-0.5,  0.5]), size=array([1. , 0.1]), units='norm', vertices=ndarray(...), win=Window(...), windingRule=None)
13.1757 	EXP 	Created prog_3Bar = ShapeStim(__class__=<class 'psychopy.visual.shape.ShapeStim'>, anchor=('left', 'top'), autoDraw=False, autoLog=True, closeShape=True, color=method-wrapper(...), colorSpace='rgb', contrast=None, depth=-1, draggable=False, fillColor=array([ 1., -1., -1.]), fillColorSpace='rgb', fillRGB=array([ 1., -1., -1.]), interpolate=True, lineColor=array([0., 0., 0.]), lineColorSpace='rgb', lineRGB=array([0, 0, 0]), lineWidth=1.5, name='prog_3Bar', opacity=1.0, ori=0.0, pos=array([-0.5,  0.5]), size=array([1. , 0.1]), units='norm', vertices=ndarray(...), win=Window(...), windingRule=None)
13.1763 	EXP 	Created greenbar_3 = Rect(__class__=<class 'psychopy.visual.rect.Rect'>, anchor=('left', 'center'), autoDraw=False, autoLog=True, closeShape=True, color=method-wrapper(...), colorSpace='rgb', contrast=None, depth=-2.0, draggable=False, fillColor=array([-1.    ,  0.0039, -1.    ]), fillColorSpace='rgb', fillRGB=array([-1.    ,  0.0039, -1.    ]), interpolate=True, lineColor=array([1., 1., 1.]), lineColorSpace='rgb', lineRGB=array([1, 1, 1]), lineWidth=1.0, name='greenbar_3', opacity=1, ori=0.0, pos=array([0.33333333, 0.7       ]), size=array([0.66666667, 0.1       ]), units='norm', vertices=ndarray(...), win=Window(...))
13.1768 	EXP 	Created yellowbar_3 = Rect(__class__=<class 'psychopy.visual.rect.Rect'>, anchor=('left', 'center'), autoDraw=False, autoLog=True, closeShape=True, color=method-wrapper(...), colorSpace='rgb', contrast=None, depth=-3.0, draggable=False, fillColor=array([ 1.,  1., -1.]), fillColorSpace='rgb', fillRGB=array([ 1.,  1., -1.]), interpolate=True, lineColor=array([1., 1., 1.]), lineColorSpace='rgb', lineRGB=array([1, 1, 1]), lineWidth=1.0, name='yellowbar_3', opacity=1, ori=0.0, pos=array([-0.33333333,  0.7       ]), size=array([0.66666667, 0.1       ]), units='norm', vertices=ndarray(...), win=Window(...))
13.1773 	EXP 	Created redbar_3 = Rect(__class__=<class 'psychopy.visual.rect.Rect'>, anchor=('left', 'center'), autoDraw=False, autoLog=True, closeShape=True, color=method-wrapper(...), colorSpace='rgb', contrast=None, depth=-4.0, draggable=False, fillColor=array([ 1., -1., -1.]), fillColorSpace='rgb', fillRGB=array([ 1., -1., -1.]), interpolate=True, lineColor=array([1., 1., 1.]), lineColorSpace='rgb', lineRGB=array([1, 1, 1]), lineWidth=1.0, name='redbar_3', opacity=1, ori=0.0, pos=array([-1. ,  0.7]), size=array([0.66666667, 0.1       ]), units='norm', vertices=ndarray(...), win=Window(...))
13.1780 	EXP 	Created arrow_3 = ShapeStim(__class__=<class 'psychopy.visual.shape.ShapeStim'>, anchor=('center', 'center'), autoDraw=False, autoLog=True, closeShape=True, color=method-wrapper(...), colorSpace='rgb', contrast=None, depth=-5.0, draggable=False, fillColor=array([1, 1, 1]), fillColorSpace='rgb', fillRGB=array([1, 1, 1]), interpolate=True, lineColor=array([1., 1., 1.]), lineColorSpace='rgb', lineRGB=array([1, 1, 1]), lineWidth=1.0, name='arrow_3', opacity=1, ori=0.0, pos=array([0., 0.]), size=array([0.05, 0.05]), units='norm', vertices=ndarray(...), win=Window(...), windingRule=None)
13.2469 	EXP 	Created slider_4 = Slider(__class__=<class 'psychopy.visual.slider.Slider'>, autoDraw=False, autoLog=True, borderColor=None, color=None, colorSpace='rgb', depth=-7, fillColor=None, flip=False, font='Noto Sans', granularity=1, labelColor=None, labelHeight=np.float64(0.05), labelWrapWidth=None, labels=(0, 1, 2, 3, 4, 5, 6, 7, 8, 9), lineColor=None, markerColor=None, name='slider_4', opacity=None, ori=0.0, pos=array([ 0. , -0.4]), readOnly=False, self=UNKNOWN, size=array([1. , 0.1]), startValue=None, style='choice', styleTweaks=[], ticks=array([0, 1, 2, 3, 4, 5, 6, 7, 8, 9]), units='norm', win=Window(...))
13.2529 	EXP 	Created text_3 = TextStim(__class__=<class 'psychopy.visual.text.TextStim'>, alignHoriz=method-wrapper(...), alignText='center', alignVert=method-wrapper(...), anchorHoriz='center', anchorVert='center', antialias=True, autoDraw=False, autoLog=True, bold=False, color=array([1., 1., 1.]), colorSpace='rgb', contrast=1.0, depth=0.0, draggable=False, flipHoriz=False, flipVert=False, font='Arial', fontFiles=[], height=np.float64(0.05), italic=False, languageStyle='LTR', name='text_3', opacity=1, ori=0.0, pos=array([0., 0.]), rgb=UNKNOWN, text='Training instructions here', units='height', win=Window(...), wrapWidth=1)
13.2536 	EXP 	Created fix = TextStim(__class__=<class 'psychopy.visual.text.TextStim'>, alignHoriz=method-wrapper(...), alignText='center', alignVert=method-wrapper(...), anchorHoriz='center', anchorVert='center', antialias=True, autoDraw=False, autoLog=True, bold=False, color=array([1., 1., 1.]), colorSpace='rgb', contrast=1.0, depth=-1.0, draggable=False, flipHoriz=False, flipVert=False, font='Open Sans', fontFiles=[], height=np.float64(0.1), italic=False, languageStyle='LTR', name='fix', opacity=1, ori=0.0, pos=array([0., 0.]), rgb=UNKNOWN, text='+', units='height', win=Window(...), wrapWidth=1)
13.3215 	EXP 	Created slider_training = Slider(__class__=<class 'psychopy.visual.slider.Slider'>, autoDraw=False, autoLog=True, borderColor=None, color=None, colorSpace='rgb', depth=-2, fillColor=None, flip=False, font='Noto Sans', granularity=1, labelColor=None, labelHeight=np.float64(0.05), labelWrapWidth=None, labels=(0, 1, 2, 3, 4, 5, 6, 7, 8, 9), lineColor=None, markerColor=None, name='slider_training', opacity=None, ori=0.0, pos=array([ 0. , -0.4]), readOnly=False, self=UNKNOWN, size=array([1. , 0.1]), startValue=None, style='choice', styleTweaks=[], ticks=array([0, 1, 2, 3, 4, 5, 6, 7, 8, 9]), units='norm', win=Window(...))
13.3264 	EXP 	Created fix = TextStim(__class__=<class 'psychopy.visual.text.TextStim'>, alignHoriz=method-wrapper(...), alignText='center', alignVert=method-wrapper(...), anchorHoriz='center', anchorVert='center', antialias=True, autoDraw=False, autoLog=True, bold=False, color=array([1., 1., 1.]), colorSpace='rgb', contrast=1.0, depth=-1.0, draggable=False, flipHoriz=False, flipVert=False, font='Open Sans', fontFiles=[], height=np.float64(0.1), italic=False, languageStyle='LTR', name='fix', opacity=1, ori=0.0, pos=array([0., 0.]), rgb=UNKNOWN, text='+', units='height', win=Window(...), wrapWidth=1)
13.3273 	EXP 	Created prog = Progress(__class__=<class 'psychopy.visual.progress.Progress'>, anchor=('left', 'top'), autoDraw=False, autoLog=True, closeShape=True, color=method-wrapper(...), colorSpace='rgb', contrast=None, depth=-1, draggable=False, fillColor=array([-1.    ,  0.5373, -1.    ]), fillColorSpace='rgb', fillRGB=array([-1.    ,  0.5373, -1.    ]), interpolate=True, lineColor=array([1., 1., 1.]), lineColorSpace='rgb', lineRGB=array([1, 1, 1]), lineWidth=4.0, name='prog', opacity=1.0, ori=0.0, pos=array([-0.5,  0.5]), size=array([1. , 0.1]), units='norm', vertices=ndarray(...), win=Window(...), windingRule=None)
13.3281 	EXP 	Created progBar = ShapeStim(__class__=<class 'psychopy.visual.shape.ShapeStim'>, anchor=('left', 'top'), autoDraw=False, autoLog=True, closeShape=True, color=method-wrapper(...), colorSpace='rgb', contrast=None, depth=-1, draggable=False, fillColor=array([ 1., -1., -1.]), fillColorSpace='rgb', fillRGB=array([ 1., -1., -1.]), interpolate=True, lineColor=array([0., 0., 0.]), lineColorSpace='rgb', lineRGB=array([0, 0, 0]), lineWidth=1.5, name='progBar', opacity=1.0, ori=0.0, pos=array([-0.5,  0.5]), size=array([1. , 0.1]), units='norm', vertices=ndarray(...), win=Window(...), windingRule=None)
13.3287 	EXP 	Created greenbar = Rect(__class__=<class 'psychopy.visual.rect.Rect'>, anchor=('left', 'center'), autoDraw=False, autoLog=True, closeShape=True, color=method-wrapper(...), colorSpace='rgb', contrast=None, depth=-2.0, draggable=False, fillColor=array([-1.    ,  0.0039, -1.    ]), fillColorSpace='rgb', fillRGB=array([-1.    ,  0.0039, -1.    ]), interpolate=True, lineColor=array([1., 1., 1.]), lineColorSpace='rgb', lineRGB=array([1, 1, 1]), lineWidth=1.0, name='greenbar', opacity=1, ori=0.0, pos=array([0.33333333, 0.7       ]), size=array([0.66666667, 0.1       ]), units='norm', vertices=ndarray(...), win=Window(...))
13.3292 	EXP 	Created yellowbar = Rect(__class__=<class 'psychopy.visual.rect.Rect'>, anchor=('left', 'center'), autoDraw=False, autoLog=True, closeShape=True, color=method-wrapper(...), colorSpace='rgb', contrast=None, depth=-3.0, draggable=False, fillColor=array([ 1.,  1., -1.]), fillColorSpace='rgb', fillRGB=array([ 1.,  1., -1.]), interpolate=True, lineColor=array([1., 1., 1.]), lineColorSpace='rgb', lineRGB=array([1, 1, 1]), lineWidth=1.0, name='yellowbar', opacity=1, ori=0.0, pos=array([-0.33333333,  0.7       ]), size=array([0.66666667, 0.1       ]), units='norm', vertices=ndarray(...), win=Window(...))
13.3297 	EXP 	Created redbar = Rect(__class__=<class 'psychopy.visual.rect.Rect'>, anchor=('left', 'center'), autoDraw=False, autoLog=True, closeShape=True, color=method-wrapper(...), colorSpace='rgb', contrast=None, depth=-4.0, draggable=False, fillColor=array([ 1., -1., -1.]), fillColorSpace='rgb', fillRGB=array([ 1., -1., -1.]), interpolate=True, lineColor=array([1., 1., 1.]), lineColorSpace='rgb', lineRGB=array([1, 1, 1]), lineWidth=1.0, name='redbar', opacity=1, ori=0.0, pos=array([-1. ,  0.7]), size=array([0.66666667, 0.1       ]), units='norm', vertices=ndarray(...), win=Window(...))
13.3306 	EXP 	Created arrow = ShapeStim(__class__=<class 'psychopy.visual.shape.ShapeStim'>, anchor=('center', 'center'), autoDraw=False, autoLog=True, closeShape=True, color=method-wrapper(...), colorSpace='rgb', contrast=None, depth=-5.0, draggable=False, fillColor=array([1, 1, 1]), fillColorSpace='rgb', fillRGB=array([1, 1, 1]), interpolate=True, lineColor=array([1., 1., 1.]), lineColorSpace='rgb', lineRGB=array([1, 1, 1]), lineWidth=1.0, name='arrow', opacity=1, ori=0.0, pos=array([0., 0.]), size=array([0.05, 0.05]), units='norm', vertices=ndarray(...), win=Window(...), windingRule=None)
13.4007 	EXP 	Created slider = Slider(__class__=<class 'psychopy.visual.slider.Slider'>, autoDraw=False, autoLog=True, borderColor=None, color=None, colorSpace='rgb', depth=-7, fillColor=None, flip=False, font='Noto Sans', granularity=1, labelColor=None, labelHeight=np.float64(0.05), labelWrapWidth=None, labels=(0, 1, 2, 3, 4, 5, 6, 7, 8, 9), lineColor=None, markerColor=None, name='slider', opacity=None, ori=0.0, pos=array([ 0. , -0.4]), readOnly=False, self=UNKNOWN, size=array([1. , 0.1]), startValue=None, style='choice', styleTweaks=[], ticks=array([0, 1, 2, 3, 4, 5, 6, 7, 8, 9]), units='norm', win=Window(...))
0.0029 	EXP 	textbox_4: autoLog = True
0.0029 	EXP 	slider_3: autoLog = True
0.0029 	EXP 	slider_3: styleTweaks = []
0.0029 	EXP 	slider_3: styleTweaks = []
0.0029 	EXP 	slider_3: styleTweaks = []
0.0029 	EXP 	slider_3: styleTweaks = []
0.0029 	EXP 	slider_3: contrast = 1.0
0.0029 	EXP 	slider_3: markerPos = None
0.0029 	EXP 	slider_3: autoLog = True
0.0029 	EXP 	textbox_2: autoLog = True
0.0029 	EXP 	prog_3: direction = 'horizontal'
0.0029 	EXP 	prog_3: progress = 0.0
0.0029 	EXP 	textbox_5: autoLog = True
0.0029 	EXP 	slider_4: autoLog = True
0.0029 	EXP 	slider_4: styleTweaks = []
0.0029 	EXP 	slider_4: styleTweaks = []
0.0029 	EXP 	slider_4: styleTweaks = []
0.0029 	EXP 	slider_4: styleTweaks = []
0.0029 	EXP 	slider_4: contrast = 1.0
0.0029 	EXP 	slider_4: markerPos = None
0.0029 	EXP 	slider_4: autoLog = True
0.0029 	EXP 	textbox_2: autoLog = True
0.0029 	EXP 	textbox_3: autoLog = True
0.0029 	EXP 	slider_training: autoLog = True
0.0029 	EXP 	slider_training: styleTweaks = []
0.0029 	EXP 	slider_training: styleTweaks = []
0.0029 	EXP 	slider_training: styleTweaks = []
0.0029 	EXP 	slider_training: styleTweaks = []
0.0029 	EXP 	slider_training: contrast = 1.0
0.0029 	EXP 	slider_training: markerPos = None
0.0029 	EXP 	slider_training: autoLog = True
0.0029 	EXP 	textbox_2: autoLog = True
0.0029 	EXP 	prog: direction = 'horizontal'
0.0029 	EXP 	prog: progress = 0.0
0.0029 	EXP 	textbox: autoLog = True
0.0029 	EXP 	slider: autoLog = True
0.0029 	EXP 	slider: styleTweaks = []
0.0029 	EXP 	slider: styleTweaks = []
0.0029 	EXP 	slider: styleTweaks = []
0.0029 	EXP 	slider: styleTweaks = []
0.0029 	EXP 	slider: contrast = 1.0
0.0029 	EXP 	slider: markerPos = None
0.0029 	EXP 	slider: autoLog = True
0.0029 	EXP 	textbox_2: autoLog = True
0.0140 	INFO 	Keyboard events cleared
0.0139 	EXP 	text: autoDraw = True
1.6157 	EXP 	Device response: <KeyPress from None: t=1.4929896669999607, value=l, duration=None>
1.6200 	DATA 	Keypress: l
1.6230 	INFO 	Keyboard events cleared
1.6230 	EXP 	text: autoDraw = False
1.6230 	EXP 	intstructs: autoDraw = True
1.6394 	EXP 	Device response: <KeyPress from None: t=1.4929896669999607, value=l, duration=0.14103812500002277>
2.2440 	EXP 	Device response: <KeyPress from None: t=2.227986458999908, value=space, duration=None>
2.2457 	DATA 	Keypress: space
2.2542 	DEBUG 	Read excel file with openpyxl: practice_difficulty.xlsx
2.2543 	EXP 	Imported practice_difficulty.xlsx as conditions, 3 conditions, 1 params
2.2577 	EXP 	intstructs: autoDraw = False
2.2577 	EXP 	text_2: autoDraw = True
2.3901 	EXP 	Device response: <KeyPress from None: t=2.227986458999908, value=space, duration=0.1589998330000526>
4.2479 	DEBUG 	Read excel file with openpyxl: practice_difficulty.xlsx
4.2480 	EXP 	Imported practice_difficulty.xlsx as conditions, 3 conditions, 1 params
4.2527 	EXP 	text_2: autoDraw = False
4.2527 	EXP 	text_2: autoDraw = False
4.2527 	EXP 	text_3: autoDraw = True
6.2596 	DEBUG 	Read csv file with pandas: training.csv
6.2646 	DEBUG 	Clearing unnamed columns from training.csv
6.2652 	EXP 	Imported training.csv as conditions, 5 conditions, 2 params
6.2662 	EXP 	New trial (rep=0, index=0): <Trial 0 (0 in rep 0) data={'train_diff': 'med1', 'train_time': np.int64(5), 'thisN': 0, 'thisTrialN': 0, 'thisRepN': 0}>
6.2694 	EXP 	New trial (rep=0, index=0): <Trial 0 (0 in rep 0) data={'thisN': 0, 'thisTrialN': 0, 'thisRepN': 0}>
6.2747 	EXP 	text_3: autoDraw = False
6.2747 	EXP 	text_3: autoDraw = False
6.2747 	EXP 	fix: autoDraw = True
6.7549 	DEBUG 	TextBox2 loaded 1 chars with 0 blanks and 1 valid
6.7556 	DEBUG 	TextBox2 loaded 1 chars with 0 blanks and 1 valid
6.7570 	DEBUG 	TextBox2 loaded 1 chars with 0 blanks and 1 valid
6.7581 	DEBUG 	TextBox2 loaded 1 chars with 0 blanks and 1 valid
6.7594 	DEBUG 	TextBox2 loaded 1 chars with 0 blanks and 1 valid
6.7607 	DEBUG 	TextBox2 loaded 1 chars with 0 blanks and 1 valid
6.7614 	DEBUG 	TextBox2 loaded 1 chars with 0 blanks and 1 valid
6.7626 	DEBUG 	TextBox2 loaded 1 chars with 0 blanks and 1 valid
6.7628 	DEBUG 	Uploading Texture Font fontname to graphics card
6.7662 	DEBUG 	Upload of Texture Font fontname complete
6.7869 	INFO 	Keyboard events cleared
6.7868 	EXP 	fix: autoDraw = False
6.7868 	EXP 	slider_training: markerPos = None
6.7868 	EXP 	slider_training: markerPos = None
6.7868 	EXP 	textbox_3: autoDraw = True
6.7868 	EXP 	slider_training: autoDraw = True
7.4312 	DATA 	Keypress: escape
7.4337 	EXP 	Device response: <KeyPress from None: t=7.414976374999924, value=escape, duration=None>
7.5481 	EXP 	Device response: <KeyPress from None: t=7.414976374999924, value=escape, duration=0.13198533400009183>
7.5481 	EXP 	misty_module: status = STOPPED
7.5608 	EXP 	textbox_3: autoDraw = False
7.5608 	EXP 	slider_training: autoDraw = False
7.5616 	EXP 	misty_module: status = STOPPED
7.5968 	INFO 	saved data to '/Users/hackerman/misty_py/data/pilot_misty_module_2026-01-31_17h17.05.891.csv'
7.5988 	INFO 	saved data to /Users/hackerman/misty_py/data/pilot_misty_module_2026-01-31_17h17.05.891.psydat
7.7314 	DEBUG 	Saving data for misty_module ExperimentHandler
7.7337 	WARNING 	Stopping key buffers but this could be dangerous ifother keyboards rely on the same.
