8.7098 	WARNING 	Font Manager failed to load file /System/Library/PrivateFrameworks/FontServices.framework/Resources/Reserved/PingFangUI.ttc
8.7474 	WARNING 	Font Manager failed to load file /System/Library/PrivateFrameworks/FontServices.framework/Resources/Reserved/PingFangUI.ttc
10.6444 	DEBUG 	Fullscreen settings ignored as running in pilot mode.
10.6454 	INFO 	Loaded monitor calibration from ['2026_01_27 16:28']
10.7435 	INFO 	Using renderer 'Apple M4' for graphics
10.7435 	INFO 	OpenGL version supported by driver is 2..
10.7638 	EXP 	Created window1 = Window(allowGUI=False, allowStencil=True, autoLog=True, backendConf=UNKNOWN, backgroundFit=<method-wrapper '__getattribute__' of attributeSetter object at 0x1791480d0>, backgroundImage=<method-wrapper '__getattribute__' of attributeSetter object at 0x179148130>, bitsMode=UNKNOWN, blendMode='avg', bpc=(8, 8, 8), color=array([0, 0, 0]), colorSpace='rgb', depthBits=8, fullscr=False, gamma=None, gammaErrorPolicy='raise', infoMsg=UNKNOWN, lms=UNKNOWN, monitor=<psychopy.monitors.calibTools.Monitor object at 0x17916ac80>, multiSample=False, name='window1', numSamples=2, pos=[np.float64(560.0), np.float64(240.0)], screen=0, size=array([800, 600]), stencilBits=8, stereo=False, title='PsychoPy', units='height', useFBO=True, useRetina=False, viewOri=0.0, viewPos=None, viewScale=None, waitBlanking=True, winType='pyglet')
10.7638 	EXP 	window1: backgroundImage = ''
10.7638 	EXP 	window1: backgroundFit = 'none'
10.7791 	DEBUG 	TextBox2 loaded 1 chars with 0 blanks and 1 valid
10.7868 	DEBUG 	TextBox2 loaded 1 chars with 0 blanks and 1 valid
10.7945 	DEBUG 	TextBox2 loaded 1 chars with 0 blanks and 1 valid
10.8023 	DEBUG 	TextBox2 loaded 1 chars with 0 blanks and 1 valid
10.8102 	DEBUG 	TextBox2 loaded 1 chars with 0 blanks and 1 valid
10.8177 	DEBUG 	TextBox2 loaded 1 chars with 0 blanks and 1 valid
10.8254 	DEBUG 	TextBox2 loaded 1 chars with 0 blanks and 1 valid
10.8333 	DEBUG 	TextBox2 loaded 1 chars with 0 blanks and 1 valid
10.8408 	DEBUG 	TextBox2 loaded 1 chars with 0 blanks and 1 valid
10.8492 	DEBUG 	TextBox2 loaded 1 chars with 0 blanks and 1 valid
10.8570 	DEBUG 	TextBox2 loaded 1 chars with 0 blanks and 1 valid
10.8648 	DEBUG 	TextBox2 loaded 1 chars with 0 blanks and 1 valid
10.8725 	DEBUG 	TextBox2 loaded 1 chars with 0 blanks and 1 valid
10.8803 	DEBUG 	TextBox2 loaded 1 chars with 0 blanks and 1 valid
10.8880 	DEBUG 	TextBox2 loaded 1 chars with 0 blanks and 1 valid
10.8959 	DEBUG 	TextBox2 loaded 1 chars with 0 blanks and 1 valid
10.9037 	DEBUG 	TextBox2 loaded 1 chars with 0 blanks and 1 valid
10.9113 	DEBUG 	TextBox2 loaded 1 chars with 0 blanks and 1 valid
10.9189 	DEBUG 	TextBox2 loaded 1 chars with 0 blanks and 1 valid
10.9268 	DEBUG 	TextBox2 loaded 1 chars with 0 blanks and 1 valid
10.9344 	DEBUG 	TextBox2 loaded 1 chars with 0 blanks and 1 valid
10.9346 	DEBUG 	Uploading Texture Font fontname to graphics card
10.9375 	DEBUG 	Upload of Texture Font fontname complete
10.9481 	DEBUG 	TextBox2 loaded 1 chars with 0 blanks and 1 valid
10.9558 	DEBUG 	TextBox2 loaded 1 chars with 0 blanks and 1 valid
10.9636 	DEBUG 	TextBox2 loaded 1 chars with 0 blanks and 1 valid
10.9637 	DEBUG 	Uploading Texture Font fontname to graphics card
10.9651 	DEBUG 	Upload of Texture Font fontname complete
10.9660 	EXP 	window1: Attempting to measure frame rate of screen (0) ...
10.9660 	EXP 	window1: recordFrameIntervals = False
11.1076 	EXP 	window1: recordFrameIntervals = True
11.2557 	EXP 	Screen (0) actual frame rate measured at 74.50Hz
11.2557 	EXP 	window1: recordFrameIntervals = False
11.2788 	DEBUG 	TextBox2 loaded 1 chars with 0 blanks and 1 valid
11.2909 	DEBUG 	TextBox2 loaded 1 chars with 0 blanks and 1 valid
11.3015 	DEBUG 	TextBox2 loaded 1 chars with 0 blanks and 1 valid
11.3113 	DEBUG 	TextBox2 loaded 1 chars with 0 blanks and 1 valid
11.3204 	DEBUG 	TextBox2 loaded 1 chars with 0 blanks and 1 valid
11.3290 	DEBUG 	TextBox2 loaded 1 chars with 0 blanks and 1 valid
11.3369 	DEBUG 	TextBox2 loaded 1 chars with 0 blanks and 1 valid
11.3449 	DEBUG 	TextBox2 loaded 1 chars with 0 blanks and 1 valid
11.3525 	DEBUG 	TextBox2 loaded 1 chars with 0 blanks and 1 valid
11.3601 	DEBUG 	TextBox2 loaded 1 chars with 0 blanks and 1 valid
11.3603 	DEBUG 	Uploading Texture Font fontname to graphics card
11.3623 	DEBUG 	Upload of Texture Font fontname complete
12.2893 	INFO 	keyboard.Keyboard is using ptb backend.
12.2893 	EXP 	misty_module: status = STARTED
12.3239 	EXP 	Created text = TextStim(__class__=<class 'psychopy.visual.text.TextStim'>, alignHoriz=method-wrapper(...), alignText='center', alignVert=method-wrapper(...), anchorHoriz='center', anchorVert='center', antialias=True, autoDraw=False, autoLog=True, bold=False, color=array([1., 1., 1.]), colorSpace='rgb', contrast=1.0, depth=0.0, draggable=False, flipHoriz=False, flipVert=False, font='Arial', fontFiles=[], height=np.float64(0.05), italic=False, languageStyle='LTR', name='text', opacity=1, ori=0.0, pos=array([0., 0.]), rgb=UNKNOWN, text=str(...), units='height', win=Window(...), wrapWidth=1)
12.3317 	EXP 	Created intstructs = TextStim(__class__=<class 'psychopy.visual.text.TextStim'>, alignHoriz=method-wrapper(...), alignText='center', alignVert=method-wrapper(...), anchorHoriz='center', anchorVert='center', antialias=True, autoDraw=False, autoLog=True, bold=False, color=array([1., 1., 1.]), colorSpace='rgb', contrast=1.0, depth=0.0, draggable=False, flipHoriz=False, flipVert=False, font='Arial', fontFiles=[], height=np.float64(0.05), italic=False, languageStyle='LTR', name='intstructs', opacity=1, ori=0.0, pos=array([0., 0.]), rgb=UNKNOWN, text=str(...), units='height', win=Window(...), wrapWidth=1)
12.3338 	EXP 	Created fix = TextStim(__class__=<class 'psychopy.visual.text.TextStim'>, alignHoriz=method-wrapper(...), alignText='center', alignVert=method-wrapper(...), anchorHoriz='center', anchorVert='center', antialias=True, autoDraw=False, autoLog=True, bold=False, color=array([1., 1., 1.]), colorSpace='rgb', contrast=1.0, depth=-1.0, draggable=False, flipHoriz=False, flipVert=False, font='Open Sans', fontFiles=[], height=np.float64(0.1), italic=False, languageStyle='LTR', name='fix', opacity=1, ori=0.0, pos=array([0., 0.]), rgb=UNKNOWN, text='+', units='height', win=Window(...), wrapWidth=1)
12.3396 	DEBUG 	TextBox2 loaded 1 chars with 0 blanks and 1 valid
12.3401 	DEBUG 	TextBox2 loaded 1 chars with 0 blanks and 1 valid
12.3407 	DEBUG 	TextBox2 loaded 1 chars with 0 blanks and 1 valid
12.3411 	DEBUG 	TextBox2 loaded 1 chars with 0 blanks and 1 valid
12.3413 	DEBUG 	TextBox2 loaded 1 chars with 0 blanks and 1 valid
12.3415 	DEBUG 	TextBox2 loaded 1 chars with 0 blanks and 1 valid
12.3420 	DEBUG 	TextBox2 loaded 1 chars with 0 blanks and 1 valid
12.3424 	DEBUG 	TextBox2 loaded 1 chars with 0 blanks and 1 valid
12.3426 	DEBUG 	TextBox2 loaded 1 chars with 0 blanks and 1 valid
12.3427 	DEBUG 	Uploading Texture Font fontname to graphics card
12.3447 	DEBUG 	Upload of Texture Font fontname complete
12.3662 	DEBUG 	TextBox2 loaded 1 chars with 0 blanks and 1 valid
12.3663 	DEBUG 	Uploading Texture Font fontname to graphics card
12.3683 	DEBUG 	Upload of Texture Font fontname complete
12.3783 	DEBUG 	TextBox2 loaded 1 chars with 0 blanks and 1 valid
12.3858 	DEBUG 	TextBox2 loaded 1 chars with 0 blanks and 1 valid
12.3932 	DEBUG 	TextBox2 loaded 1 chars with 0 blanks and 1 valid
12.4007 	DEBUG 	TextBox2 loaded 1 chars with 0 blanks and 1 valid
12.4080 	DEBUG 	TextBox2 loaded 1 chars with 0 blanks and 1 valid
12.4153 	DEBUG 	TextBox2 loaded 1 chars with 0 blanks and 1 valid
12.4228 	DEBUG 	TextBox2 loaded 1 chars with 0 blanks and 1 valid
12.4301 	DEBUG 	TextBox2 loaded 1 chars with 0 blanks and 1 valid
12.4376 	DEBUG 	TextBox2 loaded 1 chars with 0 blanks and 1 valid
12.4450 	DEBUG 	TextBox2 loaded 1 chars with 0 blanks and 1 valid
12.4451 	DEBUG 	Uploading Texture Font fontname to graphics card
12.4466 	DEBUG 	Upload of Texture Font fontname complete
12.4566 	DEBUG 	TextBox2 loaded 1 chars with 0 blanks and 1 valid
12.4567 	DEBUG 	Uploading Texture Font fontname to graphics card
12.4583 	DEBUG 	Upload of Texture Font fontname complete
12.4710 	DEBUG 	TextBox2 loaded 1 chars with 0 blanks and 1 valid
12.4711 	DEBUG 	Uploading Texture Font fontname to graphics card
12.4725 	DEBUG 	Upload of Texture Font fontname complete
12.4848 	DEBUG 	TextBox2 loaded 1 chars with 0 blanks and 1 valid
12.4849 	DEBUG 	Uploading Texture Font fontname to graphics card
12.4863 	DEBUG 	Upload of Texture Font fontname complete
12.4983 	DEBUG 	TextBox2 loaded 1 chars with 0 blanks and 1 valid
12.4984 	DEBUG 	Uploading Texture Font fontname to graphics card
12.4998 	DEBUG 	Upload of Texture Font fontname complete
12.5122 	DEBUG 	TextBox2 loaded 1 chars with 0 blanks and 1 valid
12.5123 	DEBUG 	Uploading Texture Font fontname to graphics card
12.5137 	DEBUG 	Upload of Texture Font fontname complete
12.5257 	DEBUG 	TextBox2 loaded 1 chars with 0 blanks and 1 valid
12.5258 	DEBUG 	Uploading Texture Font fontname to graphics card
12.5272 	DEBUG 	Upload of Texture Font fontname complete
12.5392 	DEBUG 	TextBox2 loaded 1 chars with 0 blanks and 1 valid
12.5393 	DEBUG 	Uploading Texture Font fontname to graphics card
12.5407 	DEBUG 	Upload of Texture Font fontname complete
12.5527 	DEBUG 	TextBox2 loaded 1 chars with 0 blanks and 1 valid
12.5528 	DEBUG 	Uploading Texture Font fontname to graphics card
12.5542 	DEBUG 	Upload of Texture Font fontname complete
12.5662 	DEBUG 	TextBox2 loaded 1 chars with 0 blanks and 1 valid
12.5662 	DEBUG 	Uploading Texture Font fontname to graphics card
12.5677 	DEBUG 	Upload of Texture Font fontname complete
12.5904 	EXP 	Created slider_3 = Slider(__class__=<class 'psychopy.visual.slider.Slider'>, autoDraw=False, autoLog=True, borderColor=None, color=None, colorSpace='rgb', depth=-2, fillColor=None, flip=False, font='Noto Sans', granularity=1, labelColor=None, labelHeight=np.float64(0.05), labelWrapWidth=None, labels=(0, 1, 2, 3, 4, 5, 6, 7, 8, 9), lineColor=None, markerColor=None, name='slider_3', opacity=None, ori=0.0, pos=array([ 0. , -0.4]), readOnly=False, self=UNKNOWN, size=array([1. , 0.1]), startValue=None, style='choice', styleTweaks=[], ticks=array([0, 1, 2, 3, 4, 5, 6, 7, 8, 9]), units='norm', win=Window(...))
12.5969 	EXP 	Created text_2 = TextStim(__class__=<class 'psychopy.visual.text.TextStim'>, alignHoriz=method-wrapper(...), alignText='center', alignVert=method-wrapper(...), anchorHoriz='center', anchorVert='center', antialias=True, autoDraw=False, autoLog=True, bold=False, color=array([1., 1., 1.]), colorSpace='rgb', contrast=1.0, depth=0.0, draggable=False, flipHoriz=False, flipVert=False, font='Arial', fontFiles=[], height=np.float64(0.05), italic=False, languageStyle='LTR', name='text_2', opacity=1, ori=0.0, pos=array([0., 0.]), rgb=UNKNOWN, text=str(...), units='height', win=Window(...), wrapWidth=1)
12.5977 	EXP 	Created fix = TextStim(__class__=<class 'psychopy.visual.text.TextStim'>, alignHoriz=method-wrapper(...), alignText='center', alignVert=method-wrapper(...), anchorHoriz='center', anchorVert='center', antialias=True, autoDraw=False, autoLog=True, bold=False, color=array([1., 1., 1.]), colorSpace='rgb', contrast=1.0, depth=-1.0, draggable=False, flipHoriz=False, flipVert=False, font='Open Sans', fontFiles=[], height=np.float64(0.1), italic=False, languageStyle='LTR', name='fix', opacity=1, ori=0.0, pos=array([0., 0.]), rgb=UNKNOWN, text='+', units='height', win=Window(...), wrapWidth=1)
12.5996 	EXP 	Created prog_3 = Progress(__class__=<class 'psychopy.visual.progress.Progress'>, anchor=('left', 'top'), autoDraw=False, autoLog=True, closeShape=True, color=method-wrapper(...), colorSpace='rgb', contrast=None, depth=-1, draggable=False, fillColor=array([-1.    ,  0.5373, -1.    ]), fillColorSpace='rgb', fillRGB=array([-1.    ,  0.5373, -1.    ]), interpolate=True, lineColor=array([1., 1., 1.]), lineColorSpace='rgb', lineRGB=array([1, 1, 1]), lineWidth=4.0, name='prog_3', opacity=1.0, ori=0.0, pos=array([-0.5,  0.5]), size=array([1. , 0.1]), units='norm', vertices=ndarray(...), win=Window(...), windingRule=None)
12.6003 	EXP 	Created prog_3Bar = ShapeStim(__class__=<class 'psychopy.visual.shape.ShapeStim'>, anchor=('left', 'top'), autoDraw=False, autoLog=True, closeShape=True, color=method-wrapper(...), colorSpace='rgb', contrast=None, depth=-1, draggable=False, fillColor=array([ 1., -1., -1.]), fillColorSpace='rgb', fillRGB=array([ 1., -1., -1.]), interpolate=True, lineColor=array([0., 0., 0.]), lineColorSpace='rgb', lineRGB=array([0, 0, 0]), lineWidth=1.5, name='prog_3Bar', opacity=1.0, ori=0.0, pos=array([-0.5,  0.5]), size=array([1. , 0.1]), units='norm', vertices=ndarray(...), win=Window(...), windingRule=None)
12.6009 	EXP 	Created greenbar_3 = Rect(__class__=<class 'psychopy.visual.rect.Rect'>, anchor=('left', 'center'), autoDraw=False, autoLog=True, closeShape=True, color=method-wrapper(...), colorSpace='rgb', contrast=None, depth=-2.0, draggable=False, fillColor=array([-1.    ,  0.0039, -1.    ]), fillColorSpace='rgb', fillRGB=array([-1.    ,  0.0039, -1.    ]), interpolate=True, lineColor=array([1., 1., 1.]), lineColorSpace='rgb', lineRGB=array([1, 1, 1]), lineWidth=1.0, name='greenbar_3', opacity=1, ori=0.0, pos=array([0.33333333, 0.7       ]), size=array([0.66666667, 0.1       ]), units='norm', vertices=ndarray(...), win=Window(...))
12.6014 	EXP 	Created yellowbar_3 = Rect(__class__=<class 'psychopy.visual.rect.Rect'>, anchor=('left', 'center'), autoDraw=False, autoLog=True, closeShape=True, color=method-wrapper(...), colorSpace='rgb', contrast=None, depth=-3.0, draggable=False, fillColor=array([ 1.,  1., -1.]), fillColorSpace='rgb', fillRGB=array([ 1.,  1., -1.]), interpolate=True, lineColor=array([1., 1., 1.]), lineColorSpace='rgb', lineRGB=array([1, 1, 1]), lineWidth=1.0, name='yellowbar_3', opacity=1, ori=0.0, pos=array([-0.33333333,  0.7       ]), size=array([0.66666667, 0.1       ]), units='norm', vertices=ndarray(...), win=Window(...))
12.6019 	EXP 	Created redbar_3 = Rect(__class__=<class 'psychopy.visual.rect.Rect'>, anchor=('left', 'center'), autoDraw=False, autoLog=True, closeShape=True, color=method-wrapper(...), colorSpace='rgb', contrast=None, depth=-4.0, draggable=False, fillColor=array([ 1., -1., -1.]), fillColorSpace='rgb', fillRGB=array([ 1., -1., -1.]), interpolate=True, lineColor=array([1., 1., 1.]), lineColorSpace='rgb', lineRGB=array([1, 1, 1]), lineWidth=1.0, name='redbar_3', opacity=1, ori=0.0, pos=array([-1. ,  0.7]), size=array([0.66666667, 0.1       ]), units='norm', vertices=ndarray(...), win=Window(...))
12.6027 	EXP 	Created arrow_3 = ShapeStim(__class__=<class 'psychopy.visual.shape.ShapeStim'>, anchor=('center', 'center'), autoDraw=False, autoLog=True, closeShape=True, color=method-wrapper(...), colorSpace='rgb', contrast=None, depth=-5.0, draggable=False, fillColor=array([1, 1, 1]), fillColorSpace='rgb', fillRGB=array([1, 1, 1]), interpolate=True, lineColor=array([1., 1., 1.]), lineColorSpace='rgb', lineRGB=array([1, 1, 1]), lineWidth=1.0, name='arrow_3', opacity=1, ori=0.0, pos=array([0., 0.]), size=array([0.05, 0.05]), units='norm', vertices=ndarray(...), win=Window(...), windingRule=None)
12.6712 	EXP 	Created slider_4 = Slider(__class__=<class 'psychopy.visual.slider.Slider'>, autoDraw=False, autoLog=True, borderColor=None, color=None, colorSpace='rgb', depth=-7, fillColor=None, flip=False, font='Noto Sans', granularity=1, labelColor=None, labelHeight=np.float64(0.05), labelWrapWidth=None, labels=(0, 1, 2, 3, 4, 5, 6, 7, 8, 9), lineColor=None, markerColor=None, name='slider_4', opacity=None, ori=0.0, pos=array([ 0. , -0.4]), readOnly=False, self=UNKNOWN, size=array([1. , 0.1]), startValue=None, style='choice', styleTweaks=[], ticks=array([0, 1, 2, 3, 4, 5, 6, 7, 8, 9]), units='norm', win=Window(...))
12.6766 	EXP 	Created text_3 = TextStim(__class__=<class 'psychopy.visual.text.TextStim'>, alignHoriz=method-wrapper(...), alignText='center', alignVert=method-wrapper(...), anchorHoriz='center', anchorVert='center', antialias=True, autoDraw=False, autoLog=True, bold=False, color=array([1., 1., 1.]), colorSpace='rgb', contrast=1.0, depth=0.0, draggable=False, flipHoriz=False, flipVert=False, font='Arial', fontFiles=[], height=np.float64(0.05), italic=False, languageStyle='LTR', name='text_3', opacity=1, ori=0.0, pos=array([0., 0.]), rgb=UNKNOWN, text='Training instructions here', units='height', win=Window(...), wrapWidth=1)
12.6773 	EXP 	Created fix = TextStim(__class__=<class 'psychopy.visual.text.TextStim'>, alignHoriz=method-wrapper(...), alignText='center', alignVert=method-wrapper(...), anchorHoriz='center', anchorVert='center', antialias=True, autoDraw=False, autoLog=True, bold=False, color=array([1., 1., 1.]), colorSpace='rgb', contrast=1.0, depth=-1.0, draggable=False, flipHoriz=False, flipVert=False, font='Open Sans', fontFiles=[], height=np.float64(0.1), italic=False, languageStyle='LTR', name='fix', opacity=1, ori=0.0, pos=array([0., 0.]), rgb=UNKNOWN, text='+', units='height', win=Window(...), wrapWidth=1)
12.7452 	EXP 	Created slider_training = Slider(__class__=<class 'psychopy.visual.slider.Slider'>, autoDraw=False, autoLog=True, borderColor=None, color=None, colorSpace='rgb', depth=-2, fillColor=None, flip=False, font='Noto Sans', granularity=1, labelColor=None, labelHeight=np.float64(0.05), labelWrapWidth=None, labels=(0, 1, 2, 3, 4, 5, 6, 7, 8, 9), lineColor=None, markerColor=None, name='slider_training', opacity=None, ori=0.0, pos=array([ 0. , -0.4]), readOnly=False, self=UNKNOWN, size=array([1. , 0.1]), startValue=None, style='choice', styleTweaks=[], ticks=array([0, 1, 2, 3, 4, 5, 6, 7, 8, 9]), units='norm', win=Window(...))
12.7501 	EXP 	Created fix = TextStim(__class__=<class 'psychopy.visual.text.TextStim'>, alignHoriz=method-wrapper(...), alignText='center', alignVert=method-wrapper(...), anchorHoriz='center', anchorVert='center', antialias=True, autoDraw=False, autoLog=True, bold=False, color=array([1., 1., 1.]), colorSpace='rgb', contrast=1.0, depth=-1.0, draggable=False, flipHoriz=False, flipVert=False, font='Open Sans', fontFiles=[], height=np.float64(0.1), italic=False, languageStyle='LTR', name='fix', opacity=1, ori=0.0, pos=array([0., 0.]), rgb=UNKNOWN, text='+', units='height', win=Window(...), wrapWidth=1)
12.7509 	EXP 	Created prog = Progress(__class__=<class 'psychopy.visual.progress.Progress'>, anchor=('left', 'top'), autoDraw=False, autoLog=True, closeShape=True, color=method-wrapper(...), colorSpace='rgb', contrast=None, depth=-1, draggable=False, fillColor=array([-1.    ,  0.5373, -1.    ]), fillColorSpace='rgb', fillRGB=array([-1.    ,  0.5373, -1.    ]), interpolate=True, lineColor=array([1., 1., 1.]), lineColorSpace='rgb', lineRGB=array([1, 1, 1]), lineWidth=4.0, name='prog', opacity=1.0, ori=0.0, pos=array([-0.5,  0.5]), size=array([1. , 0.1]), units='norm', vertices=ndarray(...), win=Window(...), windingRule=None)
12.7520 	EXP 	Created progBar = ShapeStim(__class__=<class 'psychopy.visual.shape.ShapeStim'>, anchor=('left', 'top'), autoDraw=False, autoLog=True, closeShape=True, color=method-wrapper(...), colorSpace='rgb', contrast=None, depth=-1, draggable=False, fillColor=array([ 1., -1., -1.]), fillColorSpace='rgb', fillRGB=array([ 1., -1., -1.]), interpolate=True, lineColor=array([0., 0., 0.]), lineColorSpace='rgb', lineRGB=array([0, 0, 0]), lineWidth=1.5, name='progBar', opacity=1.0, ori=0.0, pos=array([-0.5,  0.5]), size=array([1. , 0.1]), units='norm', vertices=ndarray(...), win=Window(...), windingRule=None)
12.7525 	EXP 	Created greenbar = Rect(__class__=<class 'psychopy.visual.rect.Rect'>, anchor=('left', 'center'), autoDraw=False, autoLog=True, closeShape=True, color=method-wrapper(...), colorSpace='rgb', contrast=None, depth=-2.0, draggable=False, fillColor=array([-1.    ,  0.0039, -1.    ]), fillColorSpace='rgb', fillRGB=array([-1.    ,  0.0039, -1.    ]), interpolate=True, lineColor=array([1., 1., 1.]), lineColorSpace='rgb', lineRGB=array([1, 1, 1]), lineWidth=1.0, name='greenbar', opacity=1, ori=0.0, pos=array([0.33333333, 0.7       ]), size=array([0.66666667, 0.1       ]), units='norm', vertices=ndarray(...), win=Window(...))
12.7530 	EXP 	Created yellowbar = Rect(__class__=<class 'psychopy.visual.rect.Rect'>, anchor=('left', 'center'), autoDraw=False, autoLog=True, closeShape=True, color=method-wrapper(...), colorSpace='rgb', contrast=None, depth=-3.0, draggable=False, fillColor=array([ 1.,  1., -1.]), fillColorSpace='rgb', fillRGB=array([ 1.,  1., -1.]), interpolate=True, lineColor=array([1., 1., 1.]), lineColorSpace='rgb', lineRGB=array([1, 1, 1]), lineWidth=1.0, name='yellowbar', opacity=1, ori=0.0, pos=array([-0.33333333,  0.7       ]), size=array([0.66666667, 0.1       ]), units='norm', vertices=ndarray(...), win=Window(...))
12.7535 	EXP 	Created redbar = Rect(__class__=<class 'psychopy.visual.rect.Rect'>, anchor=('left', 'center'), autoDraw=False, autoLog=True, closeShape=True, color=method-wrapper(...), colorSpace='rgb', contrast=None, depth=-4.0, draggable=False, fillColor=array([ 1., -1., -1.]), fillColorSpace='rgb', fillRGB=array([ 1., -1., -1.]), interpolate=True, lineColor=array([1., 1., 1.]), lineColorSpace='rgb', lineRGB=array([1, 1, 1]), lineWidth=1.0, name='redbar', opacity=1, ori=0.0, pos=array([-1. ,  0.7]), size=array([0.66666667, 0.1       ]), units='norm', vertices=ndarray(...), win=Window(...))
12.7542 	EXP 	Created arrow = ShapeStim(__class__=<class 'psychopy.visual.shape.ShapeStim'>, anchor=('center', 'center'), autoDraw=False, autoLog=True, closeShape=True, color=method-wrapper(...), colorSpace='rgb', contrast=None, depth=-5.0, draggable=False, fillColor=array([1, 1, 1]), fillColorSpace='rgb', fillRGB=array([1, 1, 1]), interpolate=True, lineColor=array([1., 1., 1.]), lineColorSpace='rgb', lineRGB=array([1, 1, 1]), lineWidth=1.0, name='arrow', opacity=1, ori=0.0, pos=array([0., 0.]), size=array([0.05, 0.05]), units='norm', vertices=ndarray(...), win=Window(...), windingRule=None)
12.8226 	EXP 	Created slider = Slider(__class__=<class 'psychopy.visual.slider.Slider'>, autoDraw=False, autoLog=True, borderColor=None, color=None, colorSpace='rgb', depth=-7, fillColor=None, flip=False, font='Noto Sans', granularity=1, labelColor=None, labelHeight=np.float64(0.05), labelWrapWidth=None, labels=(0, 1, 2, 3, 4, 5, 6, 7, 8, 9), lineColor=None, markerColor=None, name='slider', opacity=None, ori=0.0, pos=array([ 0. , -0.4]), readOnly=False, self=UNKNOWN, size=array([1. , 0.1]), startValue=None, style='choice', styleTweaks=[], ticks=array([0, 1, 2, 3, 4, 5, 6, 7, 8, 9]), units='norm', win=Window(...))
0.0030 	EXP 	equation_practice_1: autoLog = True
0.0030 	EXP 	slider_3: autoLog = True
0.0030 	EXP 	slider_3: styleTweaks = []
0.0030 	EXP 	slider_3: styleTweaks = []
0.0030 	EXP 	slider_3: styleTweaks = []
0.0030 	EXP 	slider_3: styleTweaks = []
0.0030 	EXP 	slider_3: contrast = 1.0
0.0030 	EXP 	slider_3: markerPos = None
0.0030 	EXP 	slider_3: autoLog = True
0.0030 	EXP 	feedback_practice_1: autoLog = True
0.0030 	EXP 	prog_3: direction = 'horizontal'
0.0030 	EXP 	prog_3: progress = 0.0
0.0030 	EXP 	textbox_5: autoLog = True
0.0030 	EXP 	slider_4: autoLog = True
0.0030 	EXP 	slider_4: styleTweaks = []
0.0030 	EXP 	slider_4: styleTweaks = []
0.0030 	EXP 	slider_4: styleTweaks = []
0.0030 	EXP 	slider_4: styleTweaks = []
0.0030 	EXP 	slider_4: contrast = 1.0
0.0030 	EXP 	slider_4: markerPos = None
0.0030 	EXP 	slider_4: autoLog = True
0.0030 	EXP 	feedback_practice_1: autoLog = True
0.0030 	EXP 	textbox_3: autoLog = True
0.0030 	EXP 	slider_training: autoLog = True
0.0030 	EXP 	slider_training: styleTweaks = []
0.0030 	EXP 	slider_training: styleTweaks = []
0.0030 	EXP 	slider_training: styleTweaks = []
0.0030 	EXP 	slider_training: styleTweaks = []
0.0030 	EXP 	slider_training: contrast = 1.0
0.0030 	EXP 	slider_training: markerPos = None
0.0030 	EXP 	slider_training: autoLog = True
0.0030 	EXP 	feedback_practice_1: autoLog = True
0.0030 	EXP 	prog: direction = 'horizontal'
0.0030 	EXP 	prog: progress = 0.0
0.0030 	EXP 	textbox: autoLog = True
0.0030 	EXP 	slider: autoLog = True
0.0030 	EXP 	slider: styleTweaks = []
0.0030 	EXP 	slider: styleTweaks = []
0.0030 	EXP 	slider: styleTweaks = []
0.0030 	EXP 	slider: styleTweaks = []
0.0030 	EXP 	slider: contrast = 1.0
0.0030 	EXP 	slider: markerPos = None
0.0030 	EXP 	slider: autoLog = True
0.0030 	EXP 	feedback_practice_1: autoLog = True
0.0146 	INFO 	Keyboard events cleared
0.0146 	EXP 	text: autoDraw = True
1.2039 	EXP 	Device response: <KeyPress from None: t=1.085277875000429, value=l, duration=None>
1.2078 	DATA 	Keypress: l
1.2103 	INFO 	Keyboard events cleared
1.2102 	EXP 	text: autoDraw = False
1.2102 	EXP 	intstructs: autoDraw = True
1.2295 	EXP 	Device response: <KeyPress from None: t=1.085277875000429, value=l, duration=0.13602424999953655>
2.1120 	EXP 	Device response: <KeyPress from None: t=2.102278834000572, value=space, duration=None>
2.1139 	DATA 	Keypress: space
2.1222 	DEBUG 	Read excel file with openpyxl: practice_difficulty.xlsx
2.1223 	EXP 	Imported practice_difficulty.xlsx as conditions, 3 conditions, 1 params
2.1230 	EXP 	New trial (rep=0, index=0): <Trial 0 (0 in rep 0) data={'prac_diff': 'easy1', 'thisN': 0, 'thisTrialN': 0, 'thisRepN': 0}>
2.1273 	EXP 	intstructs: autoDraw = False
2.1273 	EXP 	fix: autoDraw = True
2.2470 	EXP 	Device response: <KeyPress from None: t=2.102278834000572, value=space, duration=0.13199516599979688>
2.6359 	DEBUG 	Saving data for misty_module ExperimentHandler
2.6368 	INFO 	saved data to /Users/hackerman/misty_py/data/pilot_misty_module_2026-01-31_18h22.40.329.psydat
2.6373 	INFO 	saved data to '/Users/hackerman/misty_py/data/pilot_misty_module_2026-01-31_18h22.40.329.csv'
2.6390 	WARNING 	Stopping key buffers but this could be dangerous ifother keyboards rely on the same.
