8.9299 	WARNING 	Font Manager failed to load file /System/Library/PrivateFrameworks/FontServices.framework/Resources/Reserved/PingFangUI.ttc
8.9609 	WARNING 	Font Manager failed to load file /System/Library/PrivateFrameworks/FontServices.framework/Resources/Reserved/PingFangUI.ttc
10.9599 	DEBUG 	Fullscreen settings ignored as running in pilot mode.
10.9609 	INFO 	Loaded monitor calibration from ['2026_01_27 16:28']
11.0635 	INFO 	Using renderer 'Apple M4' for graphics
11.0635 	INFO 	OpenGL version supported by driver is 2..
11.0843 	EXP 	Created window1 = Window(allowGUI=False, allowStencil=True, autoLog=True, backendConf=UNKNOWN, backgroundFit=<method-wrapper '__getattribute__' of attributeSetter object at 0x1796783d0>, backgroundImage=<method-wrapper '__getattribute__' of attributeSetter object at 0x179678430>, bitsMode=UNKNOWN, blendMode='avg', bpc=(8, 8, 8), color=array([0, 0, 0]), colorSpace='rgb', depthBits=8, fullscr=False, gamma=None, gammaErrorPolicy='raise', infoMsg=UNKNOWN, lms=UNKNOWN, monitor=<psychopy.monitors.calibTools.Monitor object at 0x179b835e0>, multiSample=False, name='window1', numSamples=2, pos=[np.float64(560.0), np.float64(240.0)], screen=0, size=array([800, 600]), stencilBits=8, stereo=False, title='PsychoPy', units='height', useFBO=True, useRetina=False, viewOri=0.0, viewPos=None, viewScale=None, waitBlanking=True, winType='pyglet')
11.0843 	EXP 	window1: backgroundImage = ''
11.0843 	EXP 	window1: backgroundFit = 'none'
11.0999 	DEBUG 	TextBox2 loaded 1 chars with 0 blanks and 1 valid
11.1077 	DEBUG 	TextBox2 loaded 1 chars with 0 blanks and 1 valid
11.1156 	DEBUG 	TextBox2 loaded 1 chars with 0 blanks and 1 valid
11.1236 	DEBUG 	TextBox2 loaded 1 chars with 0 blanks and 1 valid
11.1316 	DEBUG 	TextBox2 loaded 1 chars with 0 blanks and 1 valid
11.1394 	DEBUG 	TextBox2 loaded 1 chars with 0 blanks and 1 valid
11.1472 	DEBUG 	TextBox2 loaded 1 chars with 0 blanks and 1 valid
11.1552 	DEBUG 	TextBox2 loaded 1 chars with 0 blanks and 1 valid
11.1628 	DEBUG 	TextBox2 loaded 1 chars with 0 blanks and 1 valid
11.1711 	DEBUG 	TextBox2 loaded 1 chars with 0 blanks and 1 valid
11.1789 	DEBUG 	TextBox2 loaded 1 chars with 0 blanks and 1 valid
11.1868 	DEBUG 	TextBox2 loaded 1 chars with 0 blanks and 1 valid
11.1946 	DEBUG 	TextBox2 loaded 1 chars with 0 blanks and 1 valid
11.2025 	DEBUG 	TextBox2 loaded 1 chars with 0 blanks and 1 valid
11.2103 	DEBUG 	TextBox2 loaded 1 chars with 0 blanks and 1 valid
11.2182 	DEBUG 	TextBox2 loaded 1 chars with 0 blanks and 1 valid
11.2261 	DEBUG 	TextBox2 loaded 1 chars with 0 blanks and 1 valid
11.2337 	DEBUG 	TextBox2 loaded 1 chars with 0 blanks and 1 valid
11.2414 	DEBUG 	TextBox2 loaded 1 chars with 0 blanks and 1 valid
11.2495 	DEBUG 	TextBox2 loaded 1 chars with 0 blanks and 1 valid
11.2572 	DEBUG 	TextBox2 loaded 1 chars with 0 blanks and 1 valid
11.2574 	DEBUG 	Uploading Texture Font fontname to graphics card
11.2602 	DEBUG 	Upload of Texture Font fontname complete
11.2709 	DEBUG 	TextBox2 loaded 1 chars with 0 blanks and 1 valid
11.2788 	DEBUG 	TextBox2 loaded 1 chars with 0 blanks and 1 valid
11.2867 	DEBUG 	TextBox2 loaded 1 chars with 0 blanks and 1 valid
11.2868 	DEBUG 	Uploading Texture Font fontname to graphics card
11.2883 	DEBUG 	Upload of Texture Font fontname complete
11.2893 	EXP 	window1: Attempting to measure frame rate of screen (0) ...
11.2893 	EXP 	window1: recordFrameIntervals = False
11.4185 	EXP 	window1: recordFrameIntervals = True
11.5660 	EXP 	Screen (0) actual frame rate measured at 74.94Hz
11.5661 	EXP 	window1: recordFrameIntervals = False
11.5864 	DEBUG 	TextBox2 loaded 1 chars with 0 blanks and 1 valid
11.5976 	DEBUG 	TextBox2 loaded 1 chars with 0 blanks and 1 valid
11.6079 	DEBUG 	TextBox2 loaded 1 chars with 0 blanks and 1 valid
11.6175 	DEBUG 	TextBox2 loaded 1 chars with 0 blanks and 1 valid
11.6263 	DEBUG 	TextBox2 loaded 1 chars with 0 blanks and 1 valid
11.6348 	DEBUG 	TextBox2 loaded 1 chars with 0 blanks and 1 valid
11.6427 	DEBUG 	TextBox2 loaded 1 chars with 0 blanks and 1 valid
11.6505 	DEBUG 	TextBox2 loaded 1 chars with 0 blanks and 1 valid
11.6581 	DEBUG 	TextBox2 loaded 1 chars with 0 blanks and 1 valid
11.6657 	DEBUG 	TextBox2 loaded 1 chars with 0 blanks and 1 valid
11.6659 	DEBUG 	Uploading Texture Font fontname to graphics card
11.6677 	DEBUG 	Upload of Texture Font fontname complete
12.6361 	INFO 	keyboard.Keyboard is using ptb backend.
12.6362 	EXP 	misty_module: status = STARTED
12.6729 	EXP 	Created text = TextStim(__class__=<class 'psychopy.visual.text.TextStim'>, alignHoriz=method-wrapper(...), alignText='center', alignVert=method-wrapper(...), anchorHoriz='center', anchorVert='center', antialias=True, autoDraw=False, autoLog=True, bold=False, color=array([1., 1., 1.]), colorSpace='rgb', contrast=1.0, depth=-1.0, draggable=False, flipHoriz=False, flipVert=False, font='Arial', fontFiles=[], height=np.float64(0.05), italic=False, languageStyle='LTR', name='text', opacity=1, ori=0.0, pos=array([0., 0.]), rgb=UNKNOWN, text=str(...), units='height', win=Window(...), wrapWidth=1)
12.6800 	EXP 	Created intstructs = TextStim(__class__=<class 'psychopy.visual.text.TextStim'>, alignHoriz=method-wrapper(...), alignText='center', alignVert=method-wrapper(...), anchorHoriz='center', anchorVert='center', antialias=True, autoDraw=False, autoLog=True, bold=False, color=array([1., 1., 1.]), colorSpace='rgb', contrast=1.0, depth=0.0, draggable=False, flipHoriz=False, flipVert=False, font='Arial', fontFiles=[], height=np.float64(0.05), italic=False, languageStyle='LTR', name='intstructs', opacity=1, ori=0.0, pos=array([0., 0.]), rgb=UNKNOWN, text=str(...), units='height', win=Window(...), wrapWidth=1)
12.6821 	EXP 	Created fix = TextStim(__class__=<class 'psychopy.visual.text.TextStim'>, alignHoriz=method-wrapper(...), alignText='center', alignVert=method-wrapper(...), anchorHoriz='center', anchorVert='center', antialias=True, autoDraw=False, autoLog=True, bold=False, color=array([1., 1., 1.]), colorSpace='rgb', contrast=1.0, depth=-1.0, draggable=False, flipHoriz=False, flipVert=False, font='Open Sans', fontFiles=[], height=np.float64(0.1), italic=False, languageStyle='LTR', name='fix', opacity=1, ori=0.0, pos=array([0., 0.]), rgb=UNKNOWN, text='+', units='height', win=Window(...), wrapWidth=1)
12.6878 	DEBUG 	TextBox2 loaded 1 chars with 0 blanks and 1 valid
12.6884 	DEBUG 	TextBox2 loaded 1 chars with 0 blanks and 1 valid
12.6890 	DEBUG 	TextBox2 loaded 1 chars with 0 blanks and 1 valid
12.6894 	DEBUG 	TextBox2 loaded 1 chars with 0 blanks and 1 valid
12.6896 	DEBUG 	TextBox2 loaded 1 chars with 0 blanks and 1 valid
12.6899 	DEBUG 	TextBox2 loaded 1 chars with 0 blanks and 1 valid
12.6904 	DEBUG 	TextBox2 loaded 1 chars with 0 blanks and 1 valid
12.6907 	DEBUG 	TextBox2 loaded 1 chars with 0 blanks and 1 valid
12.6910 	DEBUG 	TextBox2 loaded 1 chars with 0 blanks and 1 valid
12.6911 	DEBUG 	Uploading Texture Font fontname to graphics card
12.6931 	DEBUG 	Upload of Texture Font fontname complete
12.7147 	DEBUG 	TextBox2 loaded 1 chars with 0 blanks and 1 valid
12.7148 	DEBUG 	Uploading Texture Font fontname to graphics card
12.7168 	DEBUG 	Upload of Texture Font fontname complete
12.7267 	DEBUG 	TextBox2 loaded 1 chars with 0 blanks and 1 valid
12.7342 	DEBUG 	TextBox2 loaded 1 chars with 0 blanks and 1 valid
12.7418 	DEBUG 	TextBox2 loaded 1 chars with 0 blanks and 1 valid
12.7492 	DEBUG 	TextBox2 loaded 1 chars with 0 blanks and 1 valid
12.7566 	DEBUG 	TextBox2 loaded 1 chars with 0 blanks and 1 valid
12.7639 	DEBUG 	TextBox2 loaded 1 chars with 0 blanks and 1 valid
12.7714 	DEBUG 	TextBox2 loaded 1 chars with 0 blanks and 1 valid
12.7788 	DEBUG 	TextBox2 loaded 1 chars with 0 blanks and 1 valid
12.7862 	DEBUG 	TextBox2 loaded 1 chars with 0 blanks and 1 valid
12.7936 	DEBUG 	TextBox2 loaded 1 chars with 0 blanks and 1 valid
12.7937 	DEBUG 	Uploading Texture Font fontname to graphics card
12.7952 	DEBUG 	Upload of Texture Font fontname complete
12.8050 	DEBUG 	TextBox2 loaded 1 chars with 0 blanks and 1 valid
12.8050 	DEBUG 	Uploading Texture Font fontname to graphics card
12.8064 	DEBUG 	Upload of Texture Font fontname complete
12.8185 	DEBUG 	TextBox2 loaded 1 chars with 0 blanks and 1 valid
12.8186 	DEBUG 	Uploading Texture Font fontname to graphics card
12.8200 	DEBUG 	Upload of Texture Font fontname complete
12.8324 	DEBUG 	TextBox2 loaded 1 chars with 0 blanks and 1 valid
12.8324 	DEBUG 	Uploading Texture Font fontname to graphics card
12.8339 	DEBUG 	Upload of Texture Font fontname complete
12.8461 	DEBUG 	TextBox2 loaded 1 chars with 0 blanks and 1 valid
12.8462 	DEBUG 	Uploading Texture Font fontname to graphics card
12.8476 	DEBUG 	Upload of Texture Font fontname complete
12.8597 	DEBUG 	TextBox2 loaded 1 chars with 0 blanks and 1 valid
12.8598 	DEBUG 	Uploading Texture Font fontname to graphics card
12.8612 	DEBUG 	Upload of Texture Font fontname complete
12.8733 	DEBUG 	TextBox2 loaded 1 chars with 0 blanks and 1 valid
12.8733 	DEBUG 	Uploading Texture Font fontname to graphics card
12.8748 	DEBUG 	Upload of Texture Font fontname complete
12.8868 	DEBUG 	TextBox2 loaded 1 chars with 0 blanks and 1 valid
12.8869 	DEBUG 	Uploading Texture Font fontname to graphics card
12.8883 	DEBUG 	Upload of Texture Font fontname complete
12.9004 	DEBUG 	TextBox2 loaded 1 chars with 0 blanks and 1 valid
12.9005 	DEBUG 	Uploading Texture Font fontname to graphics card
12.9019 	DEBUG 	Upload of Texture Font fontname complete
12.9139 	DEBUG 	TextBox2 loaded 1 chars with 0 blanks and 1 valid
12.9140 	DEBUG 	Uploading Texture Font fontname to graphics card
12.9154 	DEBUG 	Upload of Texture Font fontname complete
12.9377 	EXP 	Created slider_3 = Slider(__class__=<class 'psychopy.visual.slider.Slider'>, autoDraw=False, autoLog=True, borderColor=None, color=None, colorSpace='rgb', depth=-2, fillColor=None, flip=False, font='Noto Sans', granularity=1, labelColor=None, labelHeight=np.float64(0.05), labelWrapWidth=None, labels=(0, 1, 2, 3, 4, 5, 6, 7, 8, 9), lineColor=None, markerColor=None, name='slider_3', opacity=None, ori=0.0, pos=array([ 0. , -0.4]), readOnly=False, self=UNKNOWN, size=array([1. , 0.1]), startValue=None, style='choice', styleTweaks=[], ticks=array([0, 1, 2, 3, 4, 5, 6, 7, 8, 9]), units='norm', win=Window(...))
12.9444 	EXP 	Created text_2 = TextStim(__class__=<class 'psychopy.visual.text.TextStim'>, alignHoriz=method-wrapper(...), alignText='center', alignVert=method-wrapper(...), anchorHoriz='center', anchorVert='center', antialias=True, autoDraw=False, autoLog=True, bold=False, color=array([1., 1., 1.]), colorSpace='rgb', contrast=1.0, depth=0.0, draggable=False, flipHoriz=False, flipVert=False, font='Arial', fontFiles=[], height=np.float64(0.05), italic=False, languageStyle='LTR', name='text_2', opacity=1, ori=0.0, pos=array([0., 0.]), rgb=UNKNOWN, text=str(...), units='height', win=Window(...), wrapWidth=1)
12.9451 	EXP 	Created fix = TextStim(__class__=<class 'psychopy.visual.text.TextStim'>, alignHoriz=method-wrapper(...), alignText='center', alignVert=method-wrapper(...), anchorHoriz='center', anchorVert='center', antialias=True, autoDraw=False, autoLog=True, bold=False, color=array([1., 1., 1.]), colorSpace='rgb', contrast=1.0, depth=-1.0, draggable=False, flipHoriz=False, flipVert=False, font='Open Sans', fontFiles=[], height=np.float64(0.1), italic=False, languageStyle='LTR', name='fix', opacity=1, ori=0.0, pos=array([0., 0.]), rgb=UNKNOWN, text='+', units='height', win=Window(...), wrapWidth=1)
12.9472 	EXP 	Created prog_3 = Progress(__class__=<class 'psychopy.visual.progress.Progress'>, anchor=('left', 'top'), autoDraw=False, autoLog=True, closeShape=True, color=method-wrapper(...), colorSpace='rgb', contrast=None, depth=-1, draggable=False, fillColor=array([-1.    ,  0.5373, -1.    ]), fillColorSpace='rgb', fillRGB=array([-1.    ,  0.5373, -1.    ]), interpolate=True, lineColor=array([1., 1., 1.]), lineColorSpace='rgb', lineRGB=array([1, 1, 1]), lineWidth=4.0, name='prog_3', opacity=1.0, ori=0.0, pos=array([-0.5,  0.5]), size=array([1. , 0.1]), units='norm', vertices=ndarray(...), win=Window(...), windingRule=None)
12.9478 	EXP 	Created prog_3Bar = ShapeStim(__class__=<class 'psychopy.visual.shape.ShapeStim'>, anchor=('left', 'top'), autoDraw=False, autoLog=True, closeShape=True, color=method-wrapper(...), colorSpace='rgb', contrast=None, depth=-1, draggable=False, fillColor=array([ 1., -1., -1.]), fillColorSpace='rgb', fillRGB=array([ 1., -1., -1.]), interpolate=True, lineColor=array([0., 0., 0.]), lineColorSpace='rgb', lineRGB=array([0, 0, 0]), lineWidth=1.5, name='prog_3Bar', opacity=1.0, ori=0.0, pos=array([-0.5,  0.5]), size=array([1. , 0.1]), units='norm', vertices=ndarray(...), win=Window(...), windingRule=None)
12.9484 	EXP 	Created greenbar_3 = Rect(__class__=<class 'psychopy.visual.rect.Rect'>, anchor=('left', 'center'), autoDraw=False, autoLog=True, closeShape=True, color=method-wrapper(...), colorSpace='rgb', contrast=None, depth=-2.0, draggable=False, fillColor=array([-1.    ,  0.0039, -1.    ]), fillColorSpace='rgb', fillRGB=array([-1.    ,  0.0039, -1.    ]), interpolate=True, lineColor=array([1., 1., 1.]), lineColorSpace='rgb', lineRGB=array([1, 1, 1]), lineWidth=1.0, name='greenbar_3', opacity=1, ori=0.0, pos=array([0.33333333, 0.7       ]), size=array([0.66666667, 0.1       ]), units='norm', vertices=ndarray(...), win=Window(...))
12.9489 	EXP 	Created yellowbar_3 = Rect(__class__=<class 'psychopy.visual.rect.Rect'>, anchor=('left', 'center'), autoDraw=False, autoLog=True, closeShape=True, color=method-wrapper(...), colorSpace='rgb', contrast=None, depth=-3.0, draggable=False, fillColor=array([ 1.,  1., -1.]), fillColorSpace='rgb', fillRGB=array([ 1.,  1., -1.]), interpolate=True, lineColor=array([1., 1., 1.]), lineColorSpace='rgb', lineRGB=array([1, 1, 1]), lineWidth=1.0, name='yellowbar_3', opacity=1, ori=0.0, pos=array([-0.33333333,  0.7       ]), size=array([0.66666667, 0.1       ]), units='norm', vertices=ndarray(...), win=Window(...))
12.9494 	EXP 	Created redbar_3 = Rect(__class__=<class 'psychopy.visual.rect.Rect'>, anchor=('left', 'center'), autoDraw=False, autoLog=True, closeShape=True, color=method-wrapper(...), colorSpace='rgb', contrast=None, depth=-4.0, draggable=False, fillColor=array([ 1., -1., -1.]), fillColorSpace='rgb', fillRGB=array([ 1., -1., -1.]), interpolate=True, lineColor=array([1., 1., 1.]), lineColorSpace='rgb', lineRGB=array([1, 1, 1]), lineWidth=1.0, name='redbar_3', opacity=1, ori=0.0, pos=array([-1. ,  0.7]), size=array([0.66666667, 0.1       ]), units='norm', vertices=ndarray(...), win=Window(...))
12.9501 	EXP 	Created arrow_3 = ShapeStim(__class__=<class 'psychopy.visual.shape.ShapeStim'>, anchor=('center', 'center'), autoDraw=False, autoLog=True, closeShape=True, color=method-wrapper(...), colorSpace='rgb', contrast=None, depth=-5.0, draggable=False, fillColor=array([1, 1, 1]), fillColorSpace='rgb', fillRGB=array([1, 1, 1]), interpolate=True, lineColor=array([1., 1., 1.]), lineColorSpace='rgb', lineRGB=array([1, 1, 1]), lineWidth=1.0, name='arrow_3', opacity=1, ori=0.0, pos=array([0., 0.]), size=array([0.05, 0.05]), units='norm', vertices=ndarray(...), win=Window(...), windingRule=None)
13.0195 	EXP 	Created slider_4 = Slider(__class__=<class 'psychopy.visual.slider.Slider'>, autoDraw=False, autoLog=True, borderColor=None, color=None, colorSpace='rgb', depth=-7, fillColor=None, flip=False, font='Noto Sans', granularity=1, labelColor=None, labelHeight=np.float64(0.05), labelWrapWidth=None, labels=(0, 1, 2, 3, 4, 5, 6, 7, 8, 9), lineColor=None, markerColor=None, name='slider_4', opacity=None, ori=0.0, pos=array([ 0. , -0.4]), readOnly=False, self=UNKNOWN, size=array([1. , 0.1]), startValue=None, style='choice', styleTweaks=[], ticks=array([0, 1, 2, 3, 4, 5, 6, 7, 8, 9]), units='norm', win=Window(...))
13.0252 	EXP 	Created text_3 = TextStim(__class__=<class 'psychopy.visual.text.TextStim'>, alignHoriz=method-wrapper(...), alignText='center', alignVert=method-wrapper(...), anchorHoriz='center', anchorVert='center', antialias=True, autoDraw=False, autoLog=True, bold=False, color=array([1., 1., 1.]), colorSpace='rgb', contrast=1.0, depth=0.0, draggable=False, flipHoriz=False, flipVert=False, font='Arial', fontFiles=[], height=np.float64(0.05), italic=False, languageStyle='LTR', name='text_3', opacity=1, ori=0.0, pos=array([0., 0.]), rgb=UNKNOWN, text='Training instructions here', units='height', win=Window(...), wrapWidth=1)
13.0259 	EXP 	Created fix = TextStim(__class__=<class 'psychopy.visual.text.TextStim'>, alignHoriz=method-wrapper(...), alignText='center', alignVert=method-wrapper(...), anchorHoriz='center', anchorVert='center', antialias=True, autoDraw=False, autoLog=True, bold=False, color=array([1., 1., 1.]), colorSpace='rgb', contrast=1.0, depth=-1.0, draggable=False, flipHoriz=False, flipVert=False, font='Open Sans', fontFiles=[], height=np.float64(0.1), italic=False, languageStyle='LTR', name='fix', opacity=1, ori=0.0, pos=array([0., 0.]), rgb=UNKNOWN, text='+', units='height', win=Window(...), wrapWidth=1)
13.0948 	EXP 	Created slider_training = Slider(__class__=<class 'psychopy.visual.slider.Slider'>, autoDraw=False, autoLog=True, borderColor=None, color=None, colorSpace='rgb', depth=-2, fillColor=None, flip=False, font='Noto Sans', granularity=1, labelColor=None, labelHeight=np.float64(0.05), labelWrapWidth=None, labels=(0, 1, 2, 3, 4, 5, 6, 7, 8, 9), lineColor=None, markerColor=None, name='slider_training', opacity=None, ori=0.0, pos=array([ 0. , -0.4]), readOnly=False, self=UNKNOWN, size=array([1. , 0.1]), startValue=None, style='choice', styleTweaks=[], ticks=array([0, 1, 2, 3, 4, 5, 6, 7, 8, 9]), units='norm', win=Window(...))
13.1009 	EXP 	Created text_4 = TextStim(__class__=<class 'psychopy.visual.text.TextStim'>, alignHoriz=method-wrapper(...), alignText='center', alignVert=method-wrapper(...), anchorHoriz='center', anchorVert='center', antialias=True, autoDraw=False, autoLog=True, bold=False, color=array([1., 1., 1.]), colorSpace='rgb', contrast=1.0, depth=0.0, draggable=False, flipHoriz=False, flipVert=False, font='Arial', fontFiles=[], height=np.float64(0.05), italic=False, languageStyle='LTR', name='text_4', opacity=1, ori=0.0, pos=array([0., 0.]), rgb=UNKNOWN, text='Please press space to move onto the next block', units='height', win=Window(...), wrapWidth=1)
13.1022 	EXP 	Created text_6 = TextStim(__class__=<class 'psychopy.visual.text.TextStim'>, alignHoriz=method-wrapper(...), alignText='center', alignVert=method-wrapper(...), anchorHoriz='center', anchorVert='center', antialias=True, autoDraw=False, autoLog=True, bold=False, color=array([1., 1., 1.]), colorSpace='rgb', contrast=1.0, depth=0.0, draggable=False, flipHoriz=False, flipVert=False, font='Arial', fontFiles=[], height=np.float64(0.05), italic=False, languageStyle='LTR', name='text_6', opacity=1, ori=0.0, pos=array([0., 0.]), rgb=UNKNOWN, text='Start of experiment', units='height', win=Window(...), wrapWidth=1)
13.1029 	EXP 	Created fix = TextStim(__class__=<class 'psychopy.visual.text.TextStim'>, alignHoriz=method-wrapper(...), alignText='center', alignVert=method-wrapper(...), anchorHoriz='center', anchorVert='center', antialias=True, autoDraw=False, autoLog=True, bold=False, color=array([1., 1., 1.]), colorSpace='rgb', contrast=1.0, depth=-1.0, draggable=False, flipHoriz=False, flipVert=False, font='Open Sans', fontFiles=[], height=np.float64(0.1), italic=False, languageStyle='LTR', name='fix', opacity=1, ori=0.0, pos=array([0., 0.]), rgb=UNKNOWN, text='+', units='height', win=Window(...), wrapWidth=1)
13.1036 	EXP 	Created prog = Progress(__class__=<class 'psychopy.visual.progress.Progress'>, anchor=('left', 'top'), autoDraw=False, autoLog=True, closeShape=True, color=method-wrapper(...), colorSpace='rgb', contrast=None, depth=-1, draggable=False, fillColor=array([-1.    ,  0.5373, -1.    ]), fillColorSpace='rgb', fillRGB=array([-1.    ,  0.5373, -1.    ]), interpolate=True, lineColor=array([1., 1., 1.]), lineColorSpace='rgb', lineRGB=array([1, 1, 1]), lineWidth=4.0, name='prog', opacity=1.0, ori=0.0, pos=array([-0.5,  0.5]), size=array([1. , 0.1]), units='norm', vertices=ndarray(...), win=Window(...), windingRule=None)
13.1043 	EXP 	Created progBar = ShapeStim(__class__=<class 'psychopy.visual.shape.ShapeStim'>, anchor=('left', 'top'), autoDraw=False, autoLog=True, closeShape=True, color=method-wrapper(...), colorSpace='rgb', contrast=None, depth=-1, draggable=False, fillColor=array([ 1., -1., -1.]), fillColorSpace='rgb', fillRGB=array([ 1., -1., -1.]), interpolate=True, lineColor=array([0., 0., 0.]), lineColorSpace='rgb', lineRGB=array([0, 0, 0]), lineWidth=1.5, name='progBar', opacity=1.0, ori=0.0, pos=array([-0.5,  0.5]), size=array([1. , 0.1]), units='norm', vertices=ndarray(...), win=Window(...), windingRule=None)
13.1049 	EXP 	Created greenbar = Rect(__class__=<class 'psychopy.visual.rect.Rect'>, anchor=('left', 'center'), autoDraw=False, autoLog=True, closeShape=True, color=method-wrapper(...), colorSpace='rgb', contrast=None, depth=-2.0, draggable=False, fillColor=array([-1.    ,  0.0039, -1.    ]), fillColorSpace='rgb', fillRGB=array([-1.    ,  0.0039, -1.    ]), interpolate=True, lineColor=array([1., 1., 1.]), lineColorSpace='rgb', lineRGB=array([1, 1, 1]), lineWidth=1.0, name='greenbar', opacity=1, ori=0.0, pos=array([0.33333333, 0.7       ]), size=array([0.33333333, 0.1       ]), units='norm', vertices=ndarray(...), win=Window(...))
13.1054 	EXP 	Created yellowbar = Rect(__class__=<class 'psychopy.visual.rect.Rect'>, anchor=('left', 'center'), autoDraw=False, autoLog=True, closeShape=True, color=method-wrapper(...), colorSpace='rgb', contrast=None, depth=-3.0, draggable=False, fillColor=array([ 1.,  1., -1.]), fillColorSpace='rgb', fillRGB=array([ 1.,  1., -1.]), interpolate=True, lineColor=array([1., 1., 1.]), lineColorSpace='rgb', lineRGB=array([1, 1, 1]), lineWidth=1.0, name='yellowbar', opacity=1, ori=0.0, pos=array([0. , 0.7]), size=array([1. , 0.1]), units='norm', vertices=ndarray(...), win=Window(...))
13.1059 	EXP 	Created redbar = Rect(__class__=<class 'psychopy.visual.rect.Rect'>, anchor=('left', 'center'), autoDraw=False, autoLog=True, closeShape=True, color=method-wrapper(...), colorSpace='rgb', contrast=None, depth=-4.0, draggable=False, fillColor=array([ 1., -1., -1.]), fillColorSpace='rgb', fillRGB=array([ 1., -1., -1.]), interpolate=True, lineColor=array([1., 1., 1.]), lineColorSpace='rgb', lineRGB=array([1, 1, 1]), lineWidth=1.0, name='redbar', opacity=1, ori=0.0, pos=array([-1. ,  0.7]), size=array([2. , 0.1]), units='norm', vertices=ndarray(...), win=Window(...))
13.1065 	EXP 	Created arrow = ShapeStim(__class__=<class 'psychopy.visual.shape.ShapeStim'>, anchor=('center', 'center'), autoDraw=False, autoLog=True, closeShape=True, color=method-wrapper(...), colorSpace='rgb', contrast=None, depth=-5.0, draggable=False, fillColor=array([1, 1, 1]), fillColorSpace='rgb', fillRGB=array([1, 1, 1]), interpolate=True, lineColor=array([1., 1., 1.]), lineColorSpace='rgb', lineRGB=array([1, 1, 1]), lineWidth=1.0, name='arrow', opacity=1, ori=0.0, pos=array([0., 0.]), size=array([0.05, 0.05]), units='norm', vertices=ndarray(...), win=Window(...), windingRule=None)
13.1759 	EXP 	Created slider = Slider(__class__=<class 'psychopy.visual.slider.Slider'>, autoDraw=False, autoLog=True, borderColor=None, color=None, colorSpace='rgb', depth=-7, fillColor=None, flip=False, font='Noto Sans', granularity=1, labelColor=None, labelHeight=np.float64(0.05), labelWrapWidth=None, labels=(0, 1, 2, 3, 4, 5, 6, 7, 8, 9), lineColor=None, markerColor=None, name='slider', opacity=None, ori=0.0, pos=array([ 0. , -0.4]), readOnly=False, self=UNKNOWN, size=array([1. , 0.1]), startValue=None, style='choice', styleTweaks=[], ticks=array([0, 1, 2, 3, 4, 5, 6, 7, 8, 9]), units='norm', win=Window(...))
13.1806 	EXP 	Created text_5 = TextStim(__class__=<class 'psychopy.visual.text.TextStim'>, alignHoriz=method-wrapper(...), alignText='center', alignVert=method-wrapper(...), anchorHoriz='center', anchorVert='center', antialias=True, autoDraw=False, autoLog=True, bold=False, color=array([1., 1., 1.]), colorSpace='rgb', contrast=1.0, depth=0.0, draggable=False, flipHoriz=False, flipVert=False, font='Arial', fontFiles=[], height=0.05, italic=False, languageStyle='LTR', name='text_5', opacity=1, ori=0.0, pos=array([0., 0.]), rgb=UNKNOWN, text='', units='height', win=Window(...), wrapWidth=1)
13.1815 	EXP 	Created text_7 = TextStim(__class__=<class 'psychopy.visual.text.TextStim'>, alignHoriz=method-wrapper(...), alignText='center', alignVert=method-wrapper(...), anchorHoriz='center', anchorVert='center', antialias=True, autoDraw=False, autoLog=True, bold=False, color=array([1., 1., 1.]), colorSpace='rgb', contrast=1.0, depth=0.0, draggable=False, flipHoriz=False, flipVert=False, font='Arial', fontFiles=[], height=np.float64(0.05), italic=False, languageStyle='LTR', name='text_7', opacity=1, ori=0.0, pos=array([0., 0.]), rgb=UNKNOWN, text='Thanks', units='height', win=Window(...), wrapWidth=1)
0.0026 	EXP 	equation_practice_1: autoLog = True
0.0026 	EXP 	slider_3: autoLog = True
0.0026 	EXP 	slider_3: styleTweaks = []
0.0026 	EXP 	slider_3: styleTweaks = []
0.0026 	EXP 	slider_3: styleTweaks = []
0.0026 	EXP 	slider_3: styleTweaks = []
0.0026 	EXP 	slider_3: contrast = 1.0
0.0026 	EXP 	slider_3: markerPos = None
0.0026 	EXP 	slider_3: autoLog = True
0.0026 	EXP 	feedback_practice_1: autoLog = True
0.0026 	EXP 	prog_3: direction = 'horizontal'
0.0026 	EXP 	prog_3: progress = 0.0
0.0026 	EXP 	textbox_5: autoLog = True
0.0026 	EXP 	slider_4: autoLog = True
0.0026 	EXP 	slider_4: styleTweaks = []
0.0026 	EXP 	slider_4: styleTweaks = []
0.0026 	EXP 	slider_4: styleTweaks = []
0.0026 	EXP 	slider_4: styleTweaks = []
0.0026 	EXP 	slider_4: contrast = 1.0
0.0026 	EXP 	slider_4: markerPos = None
0.0026 	EXP 	slider_4: autoLog = True
0.0026 	EXP 	feedback_practice_1: autoLog = True
0.0026 	EXP 	textbox_3: autoLog = True
0.0026 	EXP 	slider_training: autoLog = True
0.0026 	EXP 	slider_training: styleTweaks = []
0.0026 	EXP 	slider_training: styleTweaks = []
0.0026 	EXP 	slider_training: styleTweaks = []
0.0026 	EXP 	slider_training: styleTweaks = []
0.0026 	EXP 	slider_training: contrast = 1.0
0.0026 	EXP 	slider_training: markerPos = None
0.0026 	EXP 	slider_training: autoLog = True
0.0026 	EXP 	feedback_practice_1: autoLog = True
0.0026 	EXP 	prog: direction = 'horizontal'
0.0026 	EXP 	prog: progress = 0.0
0.0026 	EXP 	textbox: autoLog = True
0.0026 	EXP 	slider: autoLog = True
0.0026 	EXP 	slider: styleTweaks = []
0.0026 	EXP 	slider: styleTweaks = []
0.0026 	EXP 	slider: styleTweaks = []
0.0026 	EXP 	slider: styleTweaks = []
0.0026 	EXP 	slider: contrast = 1.0
0.0026 	EXP 	slider: markerPos = None
0.0026 	EXP 	slider: autoLog = True
0.0026 	EXP 	feedback_practice_1: autoLog = True
0.0101 	INFO 	Keyboard events cleared
0.0100 	EXP 	text: autoDraw = True
1.7698 	EXP 	Device response: <KeyPress from None: t=1.6471554999998261, value=l, duration=None>
1.7735 	DATA 	Keypress: l
1.7758 	INFO 	Keyboard events cleared
1.7758 	EXP 	text: autoDraw = False
1.7758 	EXP 	intstructs: autoDraw = True
1.7803 	EXP 	Device response: <KeyPress from None: t=1.6471554999998261, value=l, duration=0.13194029100031912>
2.1897 	EXP 	Device response: <KeyPress from None: t=2.181151666000005, value=space, duration=None>
2.1914 	DATA 	Keypress: space
2.1996 	DEBUG 	Read excel file with openpyxl: practice_difficulty.xlsx
2.1997 	EXP 	Imported practice_difficulty.xlsx as conditions, 3 conditions, 1 params
2.2032 	EXP 	intstructs: autoDraw = False
2.2032 	EXP 	text_2: autoDraw = True
2.3230 	EXP 	Device response: <KeyPress from None: t=2.181151666000005, value=space, duration=0.12796979199993075>
4.1974 	DEBUG 	Read excel file with openpyxl: practice_difficulty.xlsx
4.1976 	EXP 	Imported practice_difficulty.xlsx as conditions, 3 conditions, 1 params
4.2026 	EXP 	text_2: autoDraw = False
4.2026 	EXP 	text_2: autoDraw = False
4.2026 	EXP 	text_3: autoDraw = True
6.2036 	DEBUG 	Read csv file with pandas: training.csv
6.2060 	DEBUG 	Clearing unnamed columns from training.csv
6.2065 	EXP 	Imported training.csv as conditions, 5 conditions, 2 params
6.2070 	EXP 	New trial (rep=0, index=0): <Trial 0 (0 in rep 0) data={'train_diff': 'easy2', 'train_time': np.int64(5), 'thisN': 0, 'thisTrialN': 0, 'thisRepN': 0}>
6.2117 	EXP 	New trial (rep=0, index=0): <Trial 0 (0 in rep 0) data={'thisN': 0, 'thisTrialN': 0, 'thisRepN': 0}>
6.2161 	EXP 	text_3: autoDraw = False
6.2161 	EXP 	text_3: autoDraw = False
6.2161 	EXP 	fix: autoDraw = True
6.7005 	DEBUG 	TextBox2 loaded 1 chars with 0 blanks and 1 valid
6.7021 	DEBUG 	TextBox2 loaded 1 chars with 0 blanks and 1 valid
6.7039 	DEBUG 	TextBox2 loaded 1 chars with 0 blanks and 1 valid
6.7048 	DEBUG 	TextBox2 loaded 1 chars with 0 blanks and 1 valid
6.7065 	DEBUG 	TextBox2 loaded 1 chars with 0 blanks and 1 valid
6.7074 	DEBUG 	TextBox2 loaded 1 chars with 0 blanks and 1 valid
6.7093 	DEBUG 	TextBox2 loaded 1 chars with 0 blanks and 1 valid
6.7097 	DEBUG 	Uploading Texture Font fontname to graphics card
6.7149 	DEBUG 	Upload of Texture Font fontname complete
6.7395 	INFO 	Keyboard events cleared
6.7394 	EXP 	fix: autoDraw = False
6.7394 	EXP 	slider_training: markerPos = None
6.7394 	EXP 	slider_training: markerPos = None
6.7394 	EXP 	textbox_3: autoDraw = True
6.7394 	EXP 	slider_training: autoDraw = True
7.1014 	DATA 	Keypress: d
7.1083 	EXP 	Device response: <KeyPress from None: t=7.098086541000157, value=d, duration=None>
7.2415 	EXP 	Device response: <KeyPress from None: t=7.098086541000157, value=d, duration=0.13903099999970436>
7.7414 	DATA 	Keypress: c
7.7480 	EXP 	Device response: <KeyPress from None: t=7.739083874999778, value=c, duration=None>
7.8952 	EXP 	Device response: <KeyPress from None: t=7.739083874999778, value=c, duration=0.15502525000010792>
8.1886 	EXP 	Device response: <KeyPress from None: t=8.187151332999747, value=f3, duration=None>
8.1886 	EXP 	Device response: <KeyPress from None: t=8.187151332999747, value=4, duration=None>
8.1896 	DEBUG 	TextBox2 loaded 1 chars with 0 blanks and 1 valid
8.1901 	DEBUG 	TextBox2 loaded 1 chars with 0 blanks and 1 valid
8.1907 	DEBUG 	TextBox2 loaded 1 chars with 0 blanks and 1 valid
8.1912 	DEBUG 	TextBox2 loaded 1 chars with 0 blanks and 1 valid
8.1916 	DEBUG 	TextBox2 loaded 1 chars with 0 blanks and 1 valid
8.1920 	DEBUG 	TextBox2 loaded 1 chars with 0 blanks and 1 valid
8.1921 	DEBUG 	Uploading Texture Font fontname to graphics card
8.1937 	DEBUG 	Upload of Texture Font fontname complete
8.1957 	DATA 	Keypress: 4
8.2143 	DATA 	Keypress: f3
8.2160 	EXP 	textbox_3: autoDraw = False
8.2160 	EXP 	slider_training: autoDraw = False
8.2160 	EXP 	feedback_practice_1: autoDraw = True
8.2956 	EXP 	Device response: <KeyPress from None: t=8.187151332999747, value=f3, duration=0.09602004200041847>
8.3089 	EXP 	Device response: <KeyPress from None: t=8.187151332999747, value=4, duration=0.10993637499996112>
9.1903 	EXP 	New trial (rep=1, index=0): <Trial 1 (0 in rep 1) data={'thisN': 1, 'thisTrialN': 0, 'thisRepN': 1}>
9.2023 	EXP 	feedback_practice_1: autoDraw = False
9.2023 	EXP 	fix: autoDraw = True
9.7014 	DEBUG 	TextBox2 loaded 1 chars with 0 blanks and 1 valid
9.7032 	DEBUG 	TextBox2 loaded 1 chars with 0 blanks and 1 valid
9.7036 	DEBUG 	Uploading Texture Font fontname to graphics card
9.7077 	DEBUG 	Upload of Texture Font fontname complete
9.7253 	INFO 	Keyboard events cleared
9.7253 	EXP 	fix: autoDraw = False
9.7253 	EXP 	slider_training: markerPos = None
9.7253 	EXP 	slider_training: markerPos = None
9.7253 	EXP 	textbox_3: autoDraw = True
9.7253 	EXP 	slider_training: autoDraw = True
10.0427 	EXP 	Device response: <KeyPress from None: t=10.036096374999943, value=6, duration=None>
10.0447 	DATA 	Keypress: 6
10.0549 	EXP 	textbox_3: autoDraw = False
10.0549 	EXP 	slider_training: autoDraw = False
10.0549 	EXP 	feedback_practice_1: autoDraw = True
10.1903 	EXP 	Device response: <KeyPress from None: t=10.036096374999943, value=6, duration=0.1419993749996138>
11.0442 	EXP 	New trial (rep=2, index=0): <Trial 2 (0 in rep 2) data={'thisN': 2, 'thisTrialN': 0, 'thisRepN': 2}>
11.0562 	EXP 	feedback_practice_1: autoDraw = False
11.0562 	EXP 	fix: autoDraw = True
11.5558 	DEBUG 	TextBox2 loaded 1 chars with 0 blanks and 1 valid
11.5563 	DEBUG 	Uploading Texture Font fontname to graphics card
11.5606 	DEBUG 	Upload of Texture Font fontname complete
11.5790 	INFO 	Keyboard events cleared
11.5789 	EXP 	fix: autoDraw = False
11.5789 	EXP 	slider_training: markerPos = None
11.5789 	EXP 	slider_training: markerPos = None
11.5789 	EXP 	textbox_3: autoDraw = True
11.5789 	EXP 	slider_training: autoDraw = True
11.7111 	DEBUG 	TextBox2 loaded 1 chars with 0 blanks and 1 valid
11.7118 	DEBUG 	TextBox2 loaded 1 chars with 0 blanks and 1 valid
11.7124 	DEBUG 	TextBox2 loaded 1 chars with 0 blanks and 1 valid
11.7130 	DEBUG 	TextBox2 loaded 1 chars with 0 blanks and 1 valid
11.7134 	DEBUG 	TextBox2 loaded 1 chars with 0 blanks and 1 valid
11.7140 	DEBUG 	TextBox2 loaded 1 chars with 0 blanks and 1 valid
11.7141 	DEBUG 	Uploading Texture Font fontname to graphics card
11.7159 	DEBUG 	Upload of Texture Font fontname complete
11.7222 	EXP 	textbox_3: autoDraw = False
11.7222 	EXP 	slider_training: autoDraw = False
11.7222 	EXP 	feedback_practice_1: autoDraw = True
11.8443 	EXP 	Device response: <KeyPress from None: t=11.839111790999596, value=6, duration=None>
11.8502 	DATA 	Keypress: 6
11.9916 	EXP 	Device response: <KeyPress from None: t=11.839111790999596, value=6, duration=0.1409742499999993>
12.7229 	INFO 	Keyboard events cleared
12.7228 	EXP 	feedback_practice_1: autoDraw = False
12.7228 	EXP 	text_4: autoDraw = True
13.5550 	EXP 	Device response: <KeyPress from None: t=13.545121875000405, value=space, duration=None>
13.5555 	EXP 	New trial (rep=0, index=1): <Trial 1 (1 in rep 0) data={'train_diff': 'hard', 'train_time': np.int64(5), 'thisN': 1, 'thisTrialN': 1, 'thisRepN': 0}>
13.5623 	EXP 	New trial (rep=0, index=0): <Trial 0 (0 in rep 0) data={'thisN': 0, 'thisTrialN': 0, 'thisRepN': 0}>
13.5661 	DATA 	Keypress: space
13.5687 	EXP 	text_4: autoDraw = False
13.5687 	EXP 	fix: autoDraw = True
13.7274 	EXP 	Device response: <KeyPress from None: t=13.545121875000405, value=space, duration=0.17802416599988646>
14.0672 	DEBUG 	TextBox2 loaded 1 chars with 0 blanks and 1 valid
14.0691 	DEBUG 	TextBox2 loaded 1 chars with 0 blanks and 1 valid
14.0708 	DEBUG 	TextBox2 loaded 1 chars with 0 blanks and 1 valid
14.0713 	DEBUG 	Uploading Texture Font fontname to graphics card
14.0755 	DEBUG 	Upload of Texture Font fontname complete
14.0908 	INFO 	Keyboard events cleared
14.0907 	EXP 	fix: autoDraw = False
14.0907 	EXP 	slider_training: markerPos = None
14.0907 	EXP 	slider_training: markerPos = None
14.0907 	EXP 	textbox_3: autoDraw = True
14.0907 	EXP 	slider_training: autoDraw = True
14.4176 	EXP 	Device response: <KeyPress from None: t=14.413107999999738, value=6, duration=None>
14.4196 	DATA 	Keypress: 6
14.4298 	EXP 	textbox_3: autoDraw = False
14.4298 	EXP 	slider_training: autoDraw = False
14.4298 	EXP 	feedback_practice_1: autoDraw = True
14.5249 	EXP 	Device response: <KeyPress from None: t=14.413107999999738, value=6, duration=0.10296691599978658>
15.4192 	EXP 	New trial (rep=1, index=0): <Trial 1 (0 in rep 1) data={'thisN': 1, 'thisTrialN': 0, 'thisRepN': 1}>
15.4303 	EXP 	feedback_practice_1: autoDraw = False
15.4303 	EXP 	fix: autoDraw = True
15.8494 	EXP 	Device response: <KeyPress from None: t=15.842117915999552, value=space, duration=None>
15.8529 	DATA 	Keypress: space
15.9302 	DEBUG 	TextBox2 loaded 1 chars with 0 blanks and 1 valid
15.9320 	DEBUG 	TextBox2 loaded 1 chars with 0 blanks and 1 valid
15.9324 	DEBUG 	Uploading Texture Font fontname to graphics card
15.9367 	DEBUG 	Upload of Texture Font fontname complete
15.9522 	INFO 	Keyboard events cleared
15.9521 	EXP 	fix: autoDraw = False
15.9521 	EXP 	slider_training: markerPos = None
15.9521 	EXP 	slider_training: markerPos = None
15.9521 	EXP 	textbox_3: autoDraw = True
15.9521 	EXP 	slider_training: autoDraw = True
15.9915 	EXP 	Device response: <KeyPress from None: t=15.842117915999552, value=space, duration=0.14595837500019115>
16.2113 	DATA 	Keypress: space
16.2181 	EXP 	Device response: <KeyPress from None: t=16.206067041000097, value=space, duration=None>
16.3249 	EXP 	Device response: <KeyPress from None: t=16.206067041000097, value=space, duration=0.11303104200032976>
16.4577 	EXP 	Device response: <KeyPress from None: t=16.452067291000276, value=6, duration=None>
16.4595 	DATA 	Keypress: 6
16.4706 	EXP 	textbox_3: autoDraw = False
16.4706 	EXP 	slider_training: autoDraw = False
16.4706 	EXP 	feedback_practice_1: autoDraw = True
16.5927 	EXP 	Device response: <KeyPress from None: t=16.452067291000276, value=6, duration=0.1340304589994048>
17.4599 	EXP 	New trial (rep=2, index=0): <Trial 2 (0 in rep 2) data={'thisN': 2, 'thisTrialN': 0, 'thisRepN': 2}>
17.4718 	EXP 	feedback_practice_1: autoDraw = False
17.4718 	EXP 	fix: autoDraw = True
17.9931 	INFO 	Keyboard events cleared
17.9931 	EXP 	fix: autoDraw = False
17.9931 	EXP 	slider_training: markerPos = None
17.9931 	EXP 	slider_training: markerPos = None
17.9931 	EXP 	textbox_3: autoDraw = True
17.9931 	EXP 	slider_training: autoDraw = True
18.4455 	EXP 	Device response: <KeyPress from None: t=18.44210020799983, value=6, duration=None>
18.4474 	DATA 	Keypress: 6
18.4579 	EXP 	textbox_3: autoDraw = False
18.4579 	EXP 	slider_training: autoDraw = False
18.4579 	EXP 	feedback_practice_1: autoDraw = True
18.6209 	EXP 	Device response: <KeyPress from None: t=18.44210020799983, value=6, duration=0.17096604200014553>
19.4491 	EXP 	New trial (rep=3, index=0): <Trial 3 (0 in rep 3) data={'thisN': 3, 'thisTrialN': 0, 'thisRepN': 3}>
19.4586 	EXP 	feedback_practice_1: autoDraw = False
19.4586 	EXP 	fix: autoDraw = True
19.9709 	INFO 	Keyboard events cleared
19.9708 	EXP 	fix: autoDraw = False
19.9708 	EXP 	slider_training: markerPos = None
19.9708 	EXP 	slider_training: markerPos = None
19.9708 	EXP 	textbox_3: autoDraw = True
19.9708 	EXP 	slider_training: autoDraw = True
19.9708 	EXP 	textbox_3: autoDraw = False
19.9708 	EXP 	slider_training: autoDraw = False
19.9708 	EXP 	feedback_practice_1: autoDraw = True
20.4079 	EXP 	Device response: <KeyPress from None: t=20.406075208000402, value=6, duration=None>
20.4105 	DATA 	Keypress: 6
20.5832 	EXP 	Device response: <KeyPress from None: t=20.406075208000402, value=6, duration=0.17399345799913135>
20.6630 	EXP 	Device response: <KeyPress from None: t=20.657055040999694, value=space, duration=None>
20.6656 	DATA 	Keypress: space
20.8232 	EXP 	Device response: <KeyPress from None: t=20.657055040999694, value=space, duration=0.15703837500041118>
20.9792 	INFO 	Keyboard events cleared
20.9792 	EXP 	feedback_practice_1: autoDraw = False
20.9792 	EXP 	text_4: autoDraw = True
21.3445 	EXP 	Device response: <KeyPress from None: t=21.332063165999898, value=space, duration=None>
21.3449 	EXP 	New trial (rep=0, index=2): <Trial 2 (2 in rep 0) data={'train_diff': 'med2', 'train_time': np.int64(5), 'thisN': 2, 'thisTrialN': 2, 'thisRepN': 0}>
21.3517 	EXP 	New trial (rep=0, index=0): <Trial 0 (0 in rep 0) data={'thisN': 0, 'thisTrialN': 0, 'thisRepN': 0}>
21.3554 	DATA 	Keypress: space
21.3580 	EXP 	text_4: autoDraw = False
21.3580 	EXP 	fix: autoDraw = True
21.5168 	EXP 	Device response: <KeyPress from None: t=21.332063165999898, value=space, duration=0.1830140840002059>
21.8693 	INFO 	Keyboard events cleared
21.8693 	EXP 	fix: autoDraw = False
21.8693 	EXP 	slider_training: markerPos = None
21.8693 	EXP 	slider_training: markerPos = None
21.8693 	EXP 	textbox_3: autoDraw = True
21.8693 	EXP 	slider_training: autoDraw = True
22.1000 	EXP 	Device response: <KeyPress from None: t=22.097078165999847, value=6, duration=None>
22.1019 	DATA 	Keypress: 6
22.1122 	EXP 	textbox_3: autoDraw = False
22.1122 	EXP 	slider_training: autoDraw = False
22.1122 	EXP 	feedback_practice_1: autoDraw = True
22.2477 	EXP 	Device response: <KeyPress from None: t=22.097078165999847, value=6, duration=0.1409807500003808>
23.1020 	EXP 	New trial (rep=1, index=0): <Trial 1 (0 in rep 1) data={'thisN': 1, 'thisTrialN': 0, 'thisRepN': 1}>
23.1140 	EXP 	feedback_practice_1: autoDraw = False
23.1140 	EXP 	fix: autoDraw = True
23.6308 	INFO 	Keyboard events cleared
23.6307 	EXP 	fix: autoDraw = False
23.6307 	EXP 	slider_training: markerPos = None
23.6307 	EXP 	slider_training: markerPos = None
23.6307 	EXP 	textbox_3: autoDraw = True
23.6307 	EXP 	slider_training: autoDraw = True
23.9209 	DATA 	Keypress: space
23.9277 	EXP 	Device response: <KeyPress from None: t=23.918050375000348, value=space, duration=None>
24.1010 	EXP 	Device response: <KeyPress from None: t=23.918050375000348, value=space, duration=0.16999262499939505>
24.3279 	EXP 	Device response: <KeyPress from None: t=24.3240799160003, value=6, duration=None>
24.3297 	DATA 	Keypress: 6
24.3401 	EXP 	textbox_3: autoDraw = False
24.3401 	EXP 	slider_training: autoDraw = False
24.3401 	EXP 	feedback_practice_1: autoDraw = True
24.5158 	EXP 	Device response: <KeyPress from None: t=24.3240799160003, value=6, duration=0.18499845899987122>
25.3294 	EXP 	New trial (rep=2, index=0): <Trial 2 (0 in rep 2) data={'thisN': 2, 'thisTrialN': 0, 'thisRepN': 2}>
25.3414 	EXP 	feedback_practice_1: autoDraw = False
25.3414 	EXP 	fix: autoDraw = True
25.8556 	INFO 	Keyboard events cleared
25.8556 	EXP 	fix: autoDraw = False
25.8556 	EXP 	slider_training: markerPos = None
25.8556 	EXP 	slider_training: markerPos = None
25.8556 	EXP 	textbox_3: autoDraw = True
25.8556 	EXP 	slider_training: autoDraw = True
26.1551 	EXP 	Device response: <KeyPress from None: t=26.153069166000023, value=6, duration=None>
26.1571 	DATA 	Keypress: 6
26.1674 	EXP 	textbox_3: autoDraw = False
26.1674 	EXP 	slider_training: autoDraw = False
26.1674 	EXP 	feedback_practice_1: autoDraw = True
26.3702 	EXP 	Device response: <KeyPress from None: t=26.153069166000023, value=6, duration=0.2149881670002287>
27.1580 	EXP 	New trial (rep=3, index=0): <Trial 3 (0 in rep 3) data={'thisN': 3, 'thisTrialN': 0, 'thisRepN': 3}>
27.1682 	EXP 	feedback_practice_1: autoDraw = False
27.1682 	EXP 	fix: autoDraw = True
27.6750 	INFO 	Keyboard events cleared
27.6749 	EXP 	fix: autoDraw = False
27.6749 	EXP 	slider_training: markerPos = None
27.6749 	EXP 	slider_training: markerPos = None
27.6749 	EXP 	textbox_3: autoDraw = True
27.6749 	EXP 	slider_training: autoDraw = True
27.6749 	EXP 	textbox_3: autoDraw = False
27.6749 	EXP 	slider_training: autoDraw = False
27.6749 	EXP 	feedback_practice_1: autoDraw = True
27.9709 	EXP 	Device response: <KeyPress from None: t=27.959053665999818, value=6, duration=None>
27.9736 	DATA 	Keypress: 6
28.1038 	EXP 	Device response: <KeyPress from None: t=27.959053665999818, value=6, duration=0.13700366700049926>
28.3843 	EXP 	Device response: <KeyPress from None: t=28.371071665999807, value=space, duration=None>
28.3870 	DATA 	Keypress: space
28.5308 	EXP 	Device response: <KeyPress from None: t=28.371071665999807, value=space, duration=0.1539889169998787>
28.6756 	INFO 	Keyboard events cleared
28.6754 	EXP 	feedback_practice_1: autoDraw = False
28.6754 	EXP 	feedback_practice_1: autoDraw = False
28.6754 	EXP 	text_4: autoDraw = True
29.1335 	EXP 	Device response: <KeyPress from None: t=29.119059790999927, value=space, duration=None>
29.1339 	EXP 	New trial (rep=0, index=3): <Trial 3 (3 in rep 0) data={'train_diff': 'med1', 'train_time': np.int64(5), 'thisN': 3, 'thisTrialN': 3, 'thisRepN': 0}>
29.1404 	EXP 	New trial (rep=0, index=0): <Trial 0 (0 in rep 0) data={'thisN': 0, 'thisTrialN': 0, 'thisRepN': 0}>
29.1437 	DATA 	Keypress: space
29.1462 	EXP 	text_4: autoDraw = False
29.1462 	EXP 	fix: autoDraw = True
29.2665 	EXP 	Device response: <KeyPress from None: t=29.119059790999927, value=space, duration=0.13901170900044235>
29.6605 	INFO 	Keyboard events cleared
29.6605 	EXP 	fix: autoDraw = False
29.6605 	EXP 	slider_training: markerPos = None
29.6605 	EXP 	slider_training: markerPos = None
29.6605 	EXP 	textbox_3: autoDraw = True
29.6605 	EXP 	slider_training: autoDraw = True
29.9431 	EXP 	Device response: <KeyPress from None: t=29.941055457999937, value=6, duration=None>
29.9450 	DATA 	Keypress: 6
29.9555 	EXP 	textbox_3: autoDraw = False
29.9555 	EXP 	slider_training: autoDraw = False
29.9555 	EXP 	feedback_practice_1: autoDraw = True
30.1182 	EXP 	Device response: <KeyPress from None: t=29.941055457999937, value=6, duration=0.16899066699988907>
30.9446 	EXP 	New trial (rep=1, index=0): <Trial 1 (0 in rep 1) data={'thisN': 1, 'thisTrialN': 0, 'thisRepN': 1}>
30.9568 	EXP 	feedback_practice_1: autoDraw = False
30.9568 	EXP 	fix: autoDraw = True
31.4708 	INFO 	Keyboard events cleared
31.4707 	EXP 	fix: autoDraw = False
31.4707 	EXP 	slider_training: markerPos = None
31.4707 	EXP 	slider_training: markerPos = None
31.4707 	EXP 	textbox_3: autoDraw = True
31.4707 	EXP 	slider_training: autoDraw = True
31.7706 	EXP 	Device response: <KeyPress from None: t=31.770021250000354, value=6, duration=None>
31.7726 	DATA 	Keypress: 6
31.7828 	EXP 	textbox_3: autoDraw = False
31.7828 	EXP 	slider_training: autoDraw = False
31.7828 	EXP 	feedback_practice_1: autoDraw = True
31.9184 	EXP 	Device response: <KeyPress from None: t=31.770021250000354, value=6, duration=0.13703683299991098>
32.7719 	EXP 	New trial (rep=2, index=0): <Trial 2 (0 in rep 2) data={'thisN': 2, 'thisTrialN': 0, 'thisRepN': 2}>
32.7834 	EXP 	feedback_practice_1: autoDraw = False
32.7834 	EXP 	fix: autoDraw = True
33.2930 	INFO 	Keyboard events cleared
33.2929 	EXP 	fix: autoDraw = False
33.2929 	EXP 	slider_training: markerPos = None
33.2929 	EXP 	slider_training: markerPos = None
33.2929 	EXP 	textbox_3: autoDraw = True
33.2929 	EXP 	slider_training: autoDraw = True
33.3916 	DATA 	Keypress: 6
33.3980 	EXP 	Device response: <KeyPress from None: t=33.387024415999804, value=6, duration=None>
33.4097 	EXP 	textbox_3: autoDraw = False
33.4097 	EXP 	slider_training: autoDraw = False
33.4097 	EXP 	feedback_practice_1: autoDraw = True
33.5456 	EXP 	Device response: <KeyPress from None: t=33.387024415999804, value=6, duration=0.1550228750002134>
34.3994 	EXP 	New trial (rep=3, index=0): <Trial 3 (0 in rep 3) data={'thisN': 3, 'thisTrialN': 0, 'thisRepN': 3}>
34.4112 	EXP 	feedback_practice_1: autoDraw = False
34.4112 	EXP 	fix: autoDraw = True
34.9186 	INFO 	Keyboard events cleared
34.9185 	EXP 	fix: autoDraw = False
34.9185 	EXP 	slider_training: markerPos = None
34.9185 	EXP 	slider_training: markerPos = None
34.9185 	EXP 	textbox_3: autoDraw = True
34.9185 	EXP 	slider_training: autoDraw = True
34.9185 	EXP 	textbox_3: autoDraw = False
34.9185 	EXP 	slider_training: autoDraw = False
34.9185 	EXP 	feedback_practice_1: autoDraw = True
35.2531 	EXP 	Device response: <KeyPress from None: t=35.24604308299968, value=6, duration=None>
35.2557 	DATA 	Keypress: 6
35.4136 	EXP 	Device response: <KeyPress from None: t=35.24604308299968, value=6, duration=0.16000595800051087>
35.6282 	EXP 	Device response: <KeyPress from None: t=35.62304708299962, value=space, duration=None>
35.6306 	DATA 	Keypress: space
35.7335 	EXP 	Device response: <KeyPress from None: t=35.62304708299962, value=space, duration=0.09800274999997782>
35.9175 	INFO 	Keyboard events cleared
35.9175 	EXP 	feedback_practice_1: autoDraw = False
35.9175 	EXP 	feedback_practice_1: autoDraw = False
35.9175 	EXP 	text_4: autoDraw = True
36.5361 	EXP 	Device response: <KeyPress from None: t=36.52303974999995, value=space, duration=None>
36.5365 	EXP 	New trial (rep=0, index=4): <Trial 4 (4 in rep 0) data={'train_diff': 'easy1', 'train_time': np.int64(5), 'thisN': 4, 'thisTrialN': 4, 'thisRepN': 0}>
36.5434 	EXP 	New trial (rep=0, index=0): <Trial 0 (0 in rep 0) data={'thisN': 0, 'thisTrialN': 0, 'thisRepN': 0}>
36.5470 	DATA 	Keypress: space
36.5497 	EXP 	text_4: autoDraw = False
36.5497 	EXP 	fix: autoDraw = True
36.6807 	EXP 	Device response: <KeyPress from None: t=36.52303974999995, value=space, duration=0.14901224999994156>
37.0632 	INFO 	Keyboard events cleared
37.0631 	EXP 	fix: autoDraw = False
37.0631 	EXP 	slider_training: markerPos = None
37.0631 	EXP 	slider_training: markerPos = None
37.0631 	EXP 	textbox_3: autoDraw = True
37.0631 	EXP 	slider_training: autoDraw = True
37.3592 	EXP 	Device response: <KeyPress from None: t=37.354044875, value=6, duration=None>
37.3611 	DATA 	Keypress: 6
37.3715 	EXP 	textbox_3: autoDraw = False
37.3715 	EXP 	slider_training: autoDraw = False
37.3715 	EXP 	feedback_practice_1: autoDraw = True
37.5070 	EXP 	Device response: <KeyPress from None: t=37.354044875, value=6, duration=0.14196433300003264>
38.3608 	EXP 	New trial (rep=1, index=0): <Trial 1 (0 in rep 1) data={'thisN': 1, 'thisTrialN': 0, 'thisRepN': 1}>
38.3727 	EXP 	feedback_practice_1: autoDraw = False
38.3727 	EXP 	fix: autoDraw = True
38.8871 	INFO 	Keyboard events cleared
38.8870 	EXP 	fix: autoDraw = False
38.8870 	EXP 	slider_training: markerPos = None
38.8870 	EXP 	slider_training: markerPos = None
38.8870 	EXP 	textbox_3: autoDraw = True
38.8870 	EXP 	slider_training: autoDraw = True
39.0398 	EXP 	Device response: <KeyPress from None: t=39.035038707999774, value=6, duration=None>
39.0418 	DATA 	Keypress: 6
39.0517 	EXP 	textbox_3: autoDraw = False
39.0517 	EXP 	slider_training: autoDraw = False
39.0517 	EXP 	feedback_practice_1: autoDraw = True
39.1874 	EXP 	Device response: <KeyPress from None: t=39.035038707999774, value=6, duration=0.14899312499983353>
40.0423 	EXP 	New trial (rep=2, index=0): <Trial 2 (0 in rep 2) data={'thisN': 2, 'thisTrialN': 0, 'thisRepN': 2}>
40.0529 	EXP 	feedback_practice_1: autoDraw = False
40.0529 	EXP 	fix: autoDraw = True
40.5721 	INFO 	Keyboard events cleared
40.5720 	EXP 	fix: autoDraw = False
40.5720 	EXP 	slider_training: markerPos = None
40.5720 	EXP 	slider_training: markerPos = None
40.5720 	EXP 	textbox_3: autoDraw = True
40.5720 	EXP 	slider_training: autoDraw = True
40.8470 	DATA 	Keypress: 6
40.8540 	EXP 	Device response: <KeyPress from None: t=40.841014958000414, value=6, duration=None>
40.8662 	EXP 	textbox_3: autoDraw = False
40.8662 	EXP 	slider_training: autoDraw = False
40.8662 	EXP 	feedback_practice_1: autoDraw = True
41.0156 	EXP 	Device response: <KeyPress from None: t=40.841014958000414, value=6, duration=0.16200458299954335>
41.8566 	EXP 	New trial (rep=3, index=0): <Trial 3 (0 in rep 3) data={'thisN': 3, 'thisTrialN': 0, 'thisRepN': 3}>
41.8667 	EXP 	feedback_practice_1: autoDraw = False
41.8667 	EXP 	fix: autoDraw = True
42.3737 	INFO 	Keyboard events cleared
42.3736 	EXP 	fix: autoDraw = False
42.3736 	EXP 	slider_training: markerPos = None
42.3736 	EXP 	slider_training: markerPos = None
42.3736 	EXP 	textbox_3: autoDraw = True
42.3736 	EXP 	slider_training: autoDraw = True
42.3736 	EXP 	textbox_3: autoDraw = False
42.3736 	EXP 	slider_training: autoDraw = False
42.3736 	EXP 	feedback_practice_1: autoDraw = True
43.3495 	EXP 	Device response: <KeyPress from None: t=43.34302379099972, value=space, duration=None>
43.3520 	DATA 	Keypress: space
43.3741 	INFO 	Keyboard events cleared
43.3741 	EXP 	feedback_practice_1: autoDraw = False
43.3741 	EXP 	feedback_practice_1: autoDraw = False
43.3741 	EXP 	text_4: autoDraw = True
43.5118 	EXP 	Device response: <KeyPress from None: t=43.34302379099972, value=space, duration=0.16296212500037655>
44.0857 	EXP 	Device response: <KeyPress from None: t=44.07902579100028, value=space, duration=None>
44.0906 	DATA 	Keypress: space
44.0936 	EXP 	text_4: autoDraw = False
44.0936 	EXP 	text_6: autoDraw = True
44.2318 	EXP 	Device response: <KeyPress from None: t=44.07902579100028, value=space, duration=0.14199020900014148>
45.0904 	DEBUG 	Read excel file with openpyxl: experiment_difficulty.xlsx
45.0908 	EXP 	Imported experiment_difficulty.xlsx as conditions, 5 conditions, 3 params
45.0912 	EXP 	New trial (rep=0, index=0): <Trial 0 (0 in rep 0) data={'exp_diff': 'easy1', 'exp_time': 5, 'diffbyt': 3.0, 'thisN': 0, 'thisTrialN': 0, 'thisRepN': 0}>
45.0913 	EXP 	New trial (rep=0, index=0): <Trial 0 (0 in rep 0) data={'thisN': 0, 'thisTrialN': 0, 'thisRepN': 0}>
45.0941 	EXP 	text_6: autoDraw = False
45.0941 	EXP 	text_6: autoDraw = False
45.0941 	EXP 	fix: autoDraw = True
45.6215 	INFO 	Keyboard events cleared
45.6214 	EXP 	fix: autoDraw = False
45.6214 	EXP 	slider: markerPos = None
45.6214 	EXP 	slider: markerPos = None
45.6214 	EXP 	prog: autoDraw = True
45.6214 	EXP 	greenbar: autoDraw = True
45.6214 	EXP 	yellowbar: autoDraw = True
45.6214 	EXP 	redbar: autoDraw = True
45.6214 	EXP 	arrow: autoDraw = True
45.6214 	EXP 	textbox: autoDraw = True
45.6214 	EXP 	slider: autoDraw = True
49.2036 	EXP 	Device response: <KeyPress from None: t=49.20098404100008, value=3, duration=None>
49.2050 	DEBUG 	TextBox2 loaded 1 chars with 0 blanks and 1 valid
49.2052 	DEBUG 	Uploading Texture Font fontname to graphics card
49.2069 	DEBUG 	Upload of Texture Font fontname complete
49.2085 	DATA 	Keypress: 3
49.2158 	EXP 	prog: autoDraw = False
49.2158 	EXP 	greenbar: autoDraw = False
49.2158 	EXP 	yellowbar: autoDraw = False
49.2158 	EXP 	redbar: autoDraw = False
49.2158 	EXP 	arrow: autoDraw = False
49.2158 	EXP 	textbox: autoDraw = False
49.2158 	EXP 	slider: autoDraw = False
49.2158 	EXP 	feedback_practice_1: autoDraw = True
49.3109 	EXP 	Device response: <KeyPress from None: t=49.20098404100008, value=3, duration=0.10201891699944099>
50.2052 	EXP 	New trial (rep=1, index=0): <Trial 1 (0 in rep 1) data={'thisN': 1, 'thisTrialN': 0, 'thisRepN': 1}>
50.2165 	EXP 	feedback_practice_1: autoDraw = False
50.2165 	EXP 	fix: autoDraw = True
50.7228 	INFO 	Keyboard events cleared
50.7228 	EXP 	fix: autoDraw = False
50.7228 	EXP 	slider: markerPos = None
50.7228 	EXP 	slider: markerPos = None
50.7228 	EXP 	prog: autoDraw = True
50.7228 	EXP 	greenbar: autoDraw = True
50.7228 	EXP 	yellowbar: autoDraw = True
50.7228 	EXP 	redbar: autoDraw = True
50.7228 	EXP 	arrow: autoDraw = True
50.7228 	EXP 	textbox: autoDraw = True
50.7228 	EXP 	slider: autoDraw = True
50.7228 	EXP 	prog: autoDraw = False
50.7228 	EXP 	greenbar: autoDraw = False
50.7228 	EXP 	yellowbar: autoDraw = False
50.7228 	EXP 	redbar: autoDraw = False
50.7228 	EXP 	arrow: autoDraw = False
50.7228 	EXP 	textbox: autoDraw = False
50.7228 	EXP 	slider: autoDraw = False
50.7228 	EXP 	feedback_practice_1: autoDraw = True
51.7235 	INFO 	Keyboard events cleared
51.7235 	EXP 	feedback_practice_1: autoDraw = False
51.7235 	EXP 	feedback_practice_1: autoDraw = False
51.7235 	EXP 	text_5: height = np.float64(0.05)
51.7235 	EXP 	text_5: height = np.float64(0.05)
51.7235 	EXP 	text_5: height = np.float64(0.05)
51.7235 	EXP 	text_5: text = 'You scored 1 out of 1 on this block \n\n Please press space to continue.'
51.7235 	EXP 	text_5: autoDraw = True
52.7240 	EXP 	text_5: autoDraw = False
55.6503 	EXP 	Device response: <KeyPress from None: t=55.64797125000041, value=space, duration=None>
55.6508 	EXP 	New trial (rep=0, index=1): <Trial 1 (1 in rep 0) data={'exp_diff': 'med2', 'exp_time': 5, 'diffbyt': 6.0, 'thisN': 1, 'thisTrialN': 1, 'thisRepN': 0}>
55.6513 	EXP 	New trial (rep=0, index=0): <Trial 0 (0 in rep 0) data={'thisN': 0, 'thisTrialN': 0, 'thisRepN': 0}>
55.6553 	DATA 	Keypress: space
55.6585 	EXP 	text_5: autoDraw = False
55.6585 	EXP 	fix: autoDraw = True
55.7969 	EXP 	Device response: <KeyPress from None: t=55.64797125000041, value=space, duration=0.14600770799916063>
56.1772 	INFO 	Keyboard events cleared
56.1771 	EXP 	fix: autoDraw = False
56.1771 	EXP 	slider: markerPos = None
56.1771 	EXP 	slider: markerPos = None
56.1771 	EXP 	prog: autoDraw = True
56.1771 	EXP 	greenbar: autoDraw = True
56.1771 	EXP 	yellowbar: autoDraw = True
56.1771 	EXP 	redbar: autoDraw = True
56.1771 	EXP 	arrow: autoDraw = True
56.1771 	EXP 	textbox: autoDraw = True
56.1771 	EXP 	slider: autoDraw = True
59.1806 	EXP 	Device response: <KeyPress from None: t=59.1729505000003, value=7, duration=None>
59.1806 	EXP 	Device response: <KeyPress from None: t=59.17595195800004, value=8, duration=None>
59.1827 	DATA 	Keypress: 7
59.1833 	DATA 	Keypress: 8
59.1928 	EXP 	prog: autoDraw = False
59.1928 	EXP 	greenbar: autoDraw = False
59.1928 	EXP 	yellowbar: autoDraw = False
59.1928 	EXP 	redbar: autoDraw = False
59.1928 	EXP 	arrow: autoDraw = False
59.1928 	EXP 	textbox: autoDraw = False
59.1928 	EXP 	slider: autoDraw = False
59.1928 	EXP 	feedback_practice_1: autoDraw = True
59.3148 	EXP 	Device response: <KeyPress from None: t=59.17595195800004, value=8, duration=0.13598212499982765>
59.3149 	EXP 	Device response: <KeyPress from None: t=59.1729505000003, value=7, duration=0.1409904579995782>
60.1838 	EXP 	New trial (rep=1, index=0): <Trial 1 (0 in rep 1) data={'thisN': 1, 'thisTrialN': 0, 'thisRepN': 1}>
60.1938 	EXP 	feedback_practice_1: autoDraw = False
60.1938 	EXP 	fix: autoDraw = True
60.7092 	INFO 	Keyboard events cleared
60.7091 	EXP 	fix: autoDraw = False
60.7091 	EXP 	slider: markerPos = None
60.7091 	EXP 	slider: markerPos = None
60.7091 	EXP 	prog: autoDraw = True
60.7091 	EXP 	greenbar: autoDraw = True
60.7091 	EXP 	yellowbar: autoDraw = True
60.7091 	EXP 	redbar: autoDraw = True
60.7091 	EXP 	arrow: autoDraw = True
60.7091 	EXP 	textbox: autoDraw = True
60.7091 	EXP 	slider: autoDraw = True
61.1802 	EXP 	prog: autoDraw = False
61.1802 	EXP 	greenbar: autoDraw = False
61.1802 	EXP 	yellowbar: autoDraw = False
61.1802 	EXP 	redbar: autoDraw = False
61.1802 	EXP 	arrow: autoDraw = False
61.1802 	EXP 	textbox: autoDraw = False
61.1802 	EXP 	slider: autoDraw = False
61.1802 	EXP 	feedback_practice_1: autoDraw = True
62.1809 	INFO 	Keyboard events cleared
62.1808 	EXP 	feedback_practice_1: autoDraw = False
62.1808 	EXP 	text_5: text = 'You scored 1 out of 1 on this block \n\n Please press space to continue.'
62.1808 	EXP 	text_5: autoDraw = True
63.1810 	EXP 	text_5: autoDraw = False
64.6794 	EXP 	Device response: <KeyPress from None: t=64.67593291600042, value=escape, duration=None>
64.6823 	DATA 	Keypress: escape
64.8259 	EXP 	Device response: <KeyPress from None: t=64.67593291600042, value=escape, duration=0.14402324999991833>
64.8260 	EXP 	misty_module: status = STOPPED
64.8375 	EXP 	misty_module: status = STOPPED
64.8512 	INFO 	saved data to '/Users/hackerman/misty_py/data/pilot_misty_module_2026-01-31_19h12.54.242.csv'
64.8522 	INFO 	saved data to /Users/hackerman/misty_py/data/pilot_misty_module_2026-01-31_19h12.54.242.psydat
64.9549 	DEBUG 	Saving data for misty_module ExperimentHandler
64.9559 	WARNING 	Stopping key buffers but this could be dangerous ifother keyboards rely on the same.
