4.4250 	DEBUG 	Fullscreen settings ignored as running in pilot mode.
4.4260 	INFO 	Loaded monitor calibration from ['2025_12_08 16:52']
4.9242 	INFO 	Using renderer 'NVIDIA GeForce GTX 1660/PCIe/SSE2' for graphics
4.9242 	INFO 	OpenGL version supported by driver is 4..
4.9338 	EXP 	Created window1 = Window(allowGUI=False, allowStencil=True, autoLog=True, backendConf=UNKNOWN, backgroundFit=<method-wrapper '__getattribute__' of attributeSetter object at 0x79ee9776e320>, backgroundImage=<method-wrapper '__getattribute__' of attributeSetter object at 0x79ee9776e2c0>, bitsMode=UNKNOWN, blendMode='avg', bpc=(8, 8, 8), color=array([0, 0, 0]), colorSpace='rgb', depthBits=8, fullscr=False, gamma=None, gammaErrorPolicy='raise', infoMsg=UNKNOWN, lms=UNKNOWN, monitor=<psychopy.monitors.calibTools.Monitor object at 0x79ee8e730520>, multiSample=False, name='window1', numSamples=2, pos=[np.float64(560.0), np.float64(240.0)], screen=0, size=array([800, 600]), stencilBits=8, stereo=False, title='PsychoPy', units='height', useFBO=True, useRetina=False, viewOri=0.0, viewPos=None, viewScale=None, waitBlanking=True, winType='pyglet')
4.9339 	EXP 	window1: backgroundImage = ''
4.9339 	EXP 	window1: backgroundFit = 'none'
4.9514 	DEBUG 	TextBox2 loaded 1 chars with 0 blanks and 1 valid
4.9542 	DEBUG 	TextBox2 loaded 1 chars with 0 blanks and 1 valid
4.9570 	DEBUG 	TextBox2 loaded 1 chars with 0 blanks and 1 valid
4.9602 	DEBUG 	TextBox2 loaded 1 chars with 0 blanks and 1 valid
4.9635 	DEBUG 	TextBox2 loaded 1 chars with 0 blanks and 1 valid
4.9657 	DEBUG 	TextBox2 loaded 1 chars with 0 blanks and 1 valid
4.9685 	DEBUG 	TextBox2 loaded 1 chars with 0 blanks and 1 valid
4.9717 	DEBUG 	TextBox2 loaded 1 chars with 0 blanks and 1 valid
4.9733 	DEBUG 	TextBox2 loaded 1 chars with 0 blanks and 1 valid
4.9750 	DEBUG 	TextBox2 loaded 1 chars with 0 blanks and 1 valid
4.9777 	DEBUG 	TextBox2 loaded 1 chars with 0 blanks and 1 valid
4.9804 	DEBUG 	TextBox2 loaded 1 chars with 0 blanks and 1 valid
4.9830 	DEBUG 	TextBox2 loaded 1 chars with 0 blanks and 1 valid
4.9857 	DEBUG 	TextBox2 loaded 1 chars with 0 blanks and 1 valid
4.9882 	DEBUG 	TextBox2 loaded 1 chars with 0 blanks and 1 valid
4.9911 	DEBUG 	TextBox2 loaded 1 chars with 0 blanks and 1 valid
4.9939 	DEBUG 	TextBox2 loaded 1 chars with 0 blanks and 1 valid
4.9958 	DEBUG 	TextBox2 loaded 1 chars with 0 blanks and 1 valid
4.9977 	DEBUG 	TextBox2 loaded 1 chars with 0 blanks and 1 valid
5.0011 	DEBUG 	TextBox2 loaded 1 chars with 0 blanks and 1 valid
5.0029 	DEBUG 	TextBox2 loaded 1 chars with 0 blanks and 1 valid
5.0035 	DEBUG 	Uploading Texture Font fontname to graphics card
5.0132 	DEBUG 	Upload of Texture Font fontname complete
5.0301 	DEBUG 	TextBox2 loaded 1 chars with 0 blanks and 1 valid
5.0335 	DEBUG 	TextBox2 loaded 1 chars with 0 blanks and 1 valid
5.0366 	DEBUG 	TextBox2 loaded 1 chars with 0 blanks and 1 valid
5.0372 	DEBUG 	Uploading Texture Font fontname to graphics card
5.0429 	DEBUG 	Upload of Texture Font fontname complete
5.0471 	EXP 	window1: Attempting to measure frame rate of screen (0) ...
5.0472 	EXP 	window1: recordFrameIntervals = False
5.2067 	EXP 	window1: recordFrameIntervals = True
5.3916 	EXP 	Screen (0) actual frame rate measured at 59.53Hz
5.3916 	EXP 	window1: recordFrameIntervals = False
5.4063 	DEBUG 	TextBox2 loaded 1 chars with 0 blanks and 1 valid
5.4089 	DEBUG 	TextBox2 loaded 1 chars with 0 blanks and 1 valid
5.4118 	DEBUG 	TextBox2 loaded 1 chars with 0 blanks and 1 valid
5.4153 	DEBUG 	TextBox2 loaded 1 chars with 0 blanks and 1 valid
5.4187 	DEBUG 	TextBox2 loaded 1 chars with 0 blanks and 1 valid
5.4222 	DEBUG 	TextBox2 loaded 1 chars with 0 blanks and 1 valid
5.4243 	DEBUG 	TextBox2 loaded 1 chars with 0 blanks and 1 valid
5.4274 	DEBUG 	TextBox2 loaded 1 chars with 0 blanks and 1 valid
5.4309 	DEBUG 	TextBox2 loaded 1 chars with 0 blanks and 1 valid
5.4341 	DEBUG 	TextBox2 loaded 1 chars with 0 blanks and 1 valid
5.4348 	DEBUG 	Uploading Texture Font fontname to graphics card
5.4364 	DEBUG 	Upload of Texture Font fontname complete
5.4742 	INFO 	keyboard.Keyboard is using ptb backend.
5.4744 	EXP 	misty_module: status = STARTED
5.5392 	EXP 	Created text = TextStim(__class__=<class 'psychopy.visual.text.TextStim'>, alignHoriz=method-wrapper(...), alignText='center', alignVert=method-wrapper(...), anchorHoriz='center', anchorVert='center', antialias=True, autoDraw=False, autoLog=True, bold=False, color=array([1., 1., 1.]), colorSpace='rgb', contrast=1.0, depth=0.0, draggable=False, flipHoriz=False, flipVert=False, font='Arial', fontFiles=[], height=np.float64(0.05), italic=False, languageStyle='LTR', name='text', opacity=1, ori=0.0, pos=array([0., 0.]), rgb=UNKNOWN, text=str(...), units='height', win=Window(...), wrapWidth=1)
5.6787 	EXP 	Created intstructs = TextStim(__class__=<class 'psychopy.visual.text.TextStim'>, alignHoriz=method-wrapper(...), alignText='center', alignVert=method-wrapper(...), anchorHoriz='center', anchorVert='center', antialias=True, autoDraw=False, autoLog=True, bold=False, color=array([1., 1., 1.]), colorSpace='rgb', contrast=1.0, depth=0.0, draggable=False, flipHoriz=False, flipVert=False, font='Arial', fontFiles=[], height=np.float64(0.05), italic=False, languageStyle='LTR', name='intstructs', opacity=1, ori=0.0, pos=array([0., 0.]), rgb=UNKNOWN, text=str(...), units='height', win=Window(...), wrapWidth=1)
5.6877 	EXP 	Created fix = TextStim(__class__=<class 'psychopy.visual.text.TextStim'>, alignHoriz=method-wrapper(...), alignText='center', alignVert=method-wrapper(...), anchorHoriz='center', anchorVert='center', antialias=True, autoDraw=False, autoLog=True, bold=False, color=array([1., 1., 1.]), colorSpace='rgb', contrast=1.0, depth=-1.0, draggable=False, flipHoriz=False, flipVert=False, font='Open Sans', fontFiles=[], height=np.float64(0.1), italic=False, languageStyle='LTR', name='fix', opacity=1, ori=0.0, pos=array([0., 0.]), rgb=UNKNOWN, text='+', units='height', win=Window(...), wrapWidth=1)
5.6906 	EXP 	Created greenbar_3 = Rect(__class__=<class 'psychopy.visual.rect.Rect'>, anchor=('left', 'center'), autoDraw=False, autoLog=True, closeShape=True, color=method-wrapper(...), colorSpace='rgb', contrast=None, depth=-1.0, draggable=False, fillColor=array([-1.    ,  0.0039, -1.    ]), fillColorSpace='rgb', fillRGB=array([-1.    ,  0.0039, -1.    ]), interpolate=True, lineColor=array([1., 1., 1.]), lineColorSpace='rgb', lineRGB=array([1, 1, 1]), lineWidth=1.0, name='greenbar_3', opacity=1, ori=0.0, pos=array([0.33333333, 0.7       ]), size=array([0.66666667, 0.1       ]), units='norm', vertices=ndarray(...), win=Window(...))
5.6933 	EXP 	Created yellowbar_3 = Rect(__class__=<class 'psychopy.visual.rect.Rect'>, anchor=('left', 'center'), autoDraw=False, autoLog=True, closeShape=True, color=method-wrapper(...), colorSpace='rgb', contrast=None, depth=-2.0, draggable=False, fillColor=array([ 1.,  1., -1.]), fillColorSpace='rgb', fillRGB=array([ 1.,  1., -1.]), interpolate=True, lineColor=array([1., 1., 1.]), lineColorSpace='rgb', lineRGB=array([1, 1, 1]), lineWidth=1.0, name='yellowbar_3', opacity=1, ori=0.0, pos=array([-0.33333333,  0.7       ]), size=array([0.66666667, 0.1       ]), units='norm', vertices=ndarray(...), win=Window(...))
5.6959 	EXP 	Created redbar_3 = Rect(__class__=<class 'psychopy.visual.rect.Rect'>, anchor=('left', 'center'), autoDraw=False, autoLog=True, closeShape=True, color=method-wrapper(...), colorSpace='rgb', contrast=None, depth=-3.0, draggable=False, fillColor=array([ 1., -1., -1.]), fillColorSpace='rgb', fillRGB=array([ 1., -1., -1.]), interpolate=True, lineColor=array([1., 1., 1.]), lineColorSpace='rgb', lineRGB=array([1, 1, 1]), lineWidth=1.0, name='redbar_3', opacity=1, ori=0.0, pos=array([-1. ,  0.7]), size=array([0.66666667, 0.1       ]), units='norm', vertices=ndarray(...), win=Window(...))
5.7002 	EXP 	Created arrow_3 = ShapeStim(__class__=<class 'psychopy.visual.shape.ShapeStim'>, anchor=('center', 'center'), autoDraw=False, autoLog=True, closeShape=True, color=method-wrapper(...), colorSpace='rgb', contrast=None, depth=-4.0, draggable=False, fillColor=array([1, 1, 1]), fillColorSpace='rgb', fillRGB=array([1, 1, 1]), interpolate=True, lineColor=array([1., 1., 1.]), lineColorSpace='rgb', lineRGB=array([1, 1, 1]), lineWidth=1.0, name='arrow_3', opacity=1, ori=0.0, pos=array([0., 0.]), size=array([0.05, 0.05]), units='norm', vertices=ndarray(...), win=Window(...), windingRule=None)
5.7045 	WARNING 	Font b'Arial' was requested. No similar font found.
5.7129 	WARNING 	Font b'Arial' was requested. No similar font found.
5.7160 	DEBUG 	TextBox2 loaded 1 chars with 0 blanks and 1 valid
5.7176 	DEBUG 	TextBox2 loaded 1 chars with 0 blanks and 1 valid
5.7190 	DEBUG 	TextBox2 loaded 1 chars with 0 blanks and 1 valid
5.7203 	DEBUG 	TextBox2 loaded 1 chars with 0 blanks and 1 valid
5.7209 	DEBUG 	TextBox2 loaded 1 chars with 0 blanks and 1 valid
5.7216 	DEBUG 	TextBox2 loaded 1 chars with 0 blanks and 1 valid
5.7229 	DEBUG 	TextBox2 loaded 1 chars with 0 blanks and 1 valid
5.7239 	DEBUG 	TextBox2 loaded 1 chars with 0 blanks and 1 valid
5.7246 	DEBUG 	TextBox2 loaded 1 chars with 0 blanks and 1 valid
5.7249 	DEBUG 	Uploading Texture Font fontname to graphics card
5.7304 	DEBUG 	Upload of Texture Font fontname complete
5.7539 	DEBUG 	TextBox2 loaded 1 chars with 0 blanks and 1 valid
5.7543 	DEBUG 	Uploading Texture Font fontname to graphics card
5.7562 	DEBUG 	Upload of Texture Font fontname complete
5.7669 	DEBUG 	TextBox2 loaded 1 chars with 0 blanks and 1 valid
5.7687 	DEBUG 	TextBox2 loaded 1 chars with 0 blanks and 1 valid
5.7704 	DEBUG 	TextBox2 loaded 1 chars with 0 blanks and 1 valid
5.7720 	DEBUG 	TextBox2 loaded 1 chars with 0 blanks and 1 valid
5.7733 	DEBUG 	TextBox2 loaded 1 chars with 0 blanks and 1 valid
5.7746 	DEBUG 	TextBox2 loaded 1 chars with 0 blanks and 1 valid
5.7762 	DEBUG 	TextBox2 loaded 1 chars with 0 blanks and 1 valid
5.7776 	DEBUG 	TextBox2 loaded 1 chars with 0 blanks and 1 valid
5.7791 	DEBUG 	TextBox2 loaded 1 chars with 0 blanks and 1 valid
5.7805 	DEBUG 	TextBox2 loaded 1 chars with 0 blanks and 1 valid
5.7810 	DEBUG 	Uploading Texture Font fontname to graphics card
5.7826 	DEBUG 	Upload of Texture Font fontname complete
5.7934 	DEBUG 	TextBox2 loaded 1 chars with 0 blanks and 1 valid
5.7938 	DEBUG 	Uploading Texture Font fontname to graphics card
5.7998 	DEBUG 	Upload of Texture Font fontname complete
5.8202 	DEBUG 	TextBox2 loaded 1 chars with 0 blanks and 1 valid
5.8206 	DEBUG 	Uploading Texture Font fontname to graphics card
5.8221 	DEBUG 	Upload of Texture Font fontname complete
5.8424 	DEBUG 	TextBox2 loaded 1 chars with 0 blanks and 1 valid
5.8427 	DEBUG 	Uploading Texture Font fontname to graphics card
5.8443 	DEBUG 	Upload of Texture Font fontname complete
5.8642 	DEBUG 	TextBox2 loaded 1 chars with 0 blanks and 1 valid
5.8646 	DEBUG 	Uploading Texture Font fontname to graphics card
5.8661 	DEBUG 	Upload of Texture Font fontname complete
5.8844 	DEBUG 	TextBox2 loaded 1 chars with 0 blanks and 1 valid
5.8846 	DEBUG 	Uploading Texture Font fontname to graphics card
5.8860 	DEBUG 	Upload of Texture Font fontname complete
5.8998 	DEBUG 	TextBox2 loaded 1 chars with 0 blanks and 1 valid
5.9001 	DEBUG 	Uploading Texture Font fontname to graphics card
5.9015 	DEBUG 	Upload of Texture Font fontname complete
5.9154 	DEBUG 	TextBox2 loaded 1 chars with 0 blanks and 1 valid
5.9157 	DEBUG 	Uploading Texture Font fontname to graphics card
5.9170 	DEBUG 	Upload of Texture Font fontname complete
5.9306 	DEBUG 	TextBox2 loaded 1 chars with 0 blanks and 1 valid
5.9309 	DEBUG 	Uploading Texture Font fontname to graphics card
5.9322 	DEBUG 	Upload of Texture Font fontname complete
5.9462 	DEBUG 	TextBox2 loaded 1 chars with 0 blanks and 1 valid
5.9465 	DEBUG 	Uploading Texture Font fontname to graphics card
5.9479 	DEBUG 	Upload of Texture Font fontname complete
6.0127 	EXP 	Created slider_3 = Slider(__class__=<class 'psychopy.visual.slider.Slider'>, autoDraw=False, autoLog=True, borderColor=None, color=None, colorSpace='rgb', depth=-6, fillColor=None, flip=False, font='Noto Sans', granularity=1, labelColor=None, labelHeight=np.float64(0.05), labelWrapWidth=None, labels=(0, 1, 2, 3, 4, 5, 6, 7, 8, 9), lineColor=None, markerColor=None, name='slider_3', opacity=None, ori=0.0, pos=array([ 0. , -0.4]), readOnly=False, self=UNKNOWN, size=array([1. , 0.1]), startValue=None, style='choice', styleTweaks=[], ticks=array([0, 1, 2, 3, 4, 5, 6, 7, 8, 9]), units='norm', win=Window(...))
6.0168 	EXP 	Created prog_3 = Progress(__class__=<class 'psychopy.visual.progress.Progress'>, anchor=('left', 'top'), autoDraw=False, autoLog=True, closeShape=True, color=method-wrapper(...), colorSpace='rgb', contrast=None, depth=-8, draggable=False, fillColor=array([-1.    ,  0.5373, -1.    ]), fillColorSpace='rgb', fillRGB=array([-1.    ,  0.5373, -1.    ]), interpolate=True, lineColor=array([1., 1., 1.]), lineColorSpace='rgb', lineRGB=array([1, 1, 1]), lineWidth=4.0, name='prog_3', opacity=1.0, ori=0.0, pos=array([-0.5,  0.5]), size=array([1. , 0.1]), units='norm', vertices=ndarray(...), win=Window(...), windingRule=None)
6.0192 	EXP 	Created prog_3Bar = ShapeStim(__class__=<class 'psychopy.visual.shape.ShapeStim'>, anchor=('left', 'top'), autoDraw=False, autoLog=True, closeShape=True, color=method-wrapper(...), colorSpace='rgb', contrast=None, depth=-8, draggable=False, fillColor=array([ 1., -1., -1.]), fillColorSpace='rgb', fillRGB=array([ 1., -1., -1.]), interpolate=True, lineColor=array([0., 0., 0.]), lineColorSpace='rgb', lineRGB=array([0, 0, 0]), lineWidth=1.5, name='prog_3Bar', opacity=1.0, ori=0.0, pos=array([-0.5,  0.5]), size=array([1. , 0.1]), units='norm', vertices=ndarray(...), win=Window(...), windingRule=None)
6.0224 	WARNING 	Font b'Arial' was requested. No similar font found.
6.0282 	WARNING 	Font b'Arial' was requested. No similar font found.
6.0338 	EXP 	Created fix = TextStim(__class__=<class 'psychopy.visual.text.TextStim'>, alignHoriz=method-wrapper(...), alignText='center', alignVert=method-wrapper(...), anchorHoriz='center', anchorVert='center', antialias=True, autoDraw=False, autoLog=True, bold=False, color=array([1., 1., 1.]), colorSpace='rgb', contrast=1.0, depth=-1.0, draggable=False, flipHoriz=False, flipVert=False, font='Open Sans', fontFiles=[], height=np.float64(0.1), italic=False, languageStyle='LTR', name='fix', opacity=1, ori=0.0, pos=array([0., 0.]), rgb=UNKNOWN, text='+', units='height', win=Window(...), wrapWidth=1)
6.0362 	EXP 	Created prog_2 = Progress(__class__=<class 'psychopy.visual.progress.Progress'>, anchor=('left', 'top'), autoDraw=False, autoLog=True, closeShape=True, color=method-wrapper(...), colorSpace='rgb', contrast=None, depth=-1, draggable=False, fillColor=array([-1.    ,  0.5373, -1.    ]), fillColorSpace='rgb', fillRGB=array([-1.    ,  0.5373, -1.    ]), interpolate=True, lineColor=array([1., 1., 1.]), lineColorSpace='rgb', lineRGB=array([1, 1, 1]), lineWidth=4.0, name='prog_2', opacity=1.0, ori=0.0, pos=array([-0.5,  0.5]), size=array([1. , 0.1]), units='norm', vertices=ndarray(...), win=Window(...), windingRule=None)
6.0385 	EXP 	Created prog_2Bar = ShapeStim(__class__=<class 'psychopy.visual.shape.ShapeStim'>, anchor=('left', 'top'), autoDraw=False, autoLog=True, closeShape=True, color=method-wrapper(...), colorSpace='rgb', contrast=None, depth=-1, draggable=False, fillColor=array([ 1., -1., -1.]), fillColorSpace='rgb', fillRGB=array([ 1., -1., -1.]), interpolate=True, lineColor=array([0., 0., 0.]), lineColorSpace='rgb', lineRGB=array([0, 0, 0]), lineWidth=1.5, name='prog_2Bar', opacity=1.0, ori=0.0, pos=array([-0.5,  0.5]), size=array([1. , 0.1]), units='norm', vertices=ndarray(...), win=Window(...), windingRule=None)
6.0408 	EXP 	Created greenbar_2 = Rect(__class__=<class 'psychopy.visual.rect.Rect'>, anchor=('left', 'center'), autoDraw=False, autoLog=True, closeShape=True, color=method-wrapper(...), colorSpace='rgb', contrast=None, depth=-2.0, draggable=False, fillColor=array([-1.    ,  0.0039, -1.    ]), fillColorSpace='rgb', fillRGB=array([-1.    ,  0.0039, -1.    ]), interpolate=True, lineColor=array([1., 1., 1.]), lineColorSpace='rgb', lineRGB=array([1, 1, 1]), lineWidth=1.0, name='greenbar_2', opacity=1, ori=0.0, pos=array([0.33333333, 0.7       ]), size=array([0.66666667, 0.1       ]), units='norm', vertices=ndarray(...), win=Window(...))
6.0427 	EXP 	Created yellowbar_2 = Rect(__class__=<class 'psychopy.visual.rect.Rect'>, anchor=('left', 'center'), autoDraw=False, autoLog=True, closeShape=True, color=method-wrapper(...), colorSpace='rgb', contrast=None, depth=-3.0, draggable=False, fillColor=array([ 1.,  1., -1.]), fillColorSpace='rgb', fillRGB=array([ 1.,  1., -1.]), interpolate=True, lineColor=array([1., 1., 1.]), lineColorSpace='rgb', lineRGB=array([1, 1, 1]), lineWidth=1.0, name='yellowbar_2', opacity=1, ori=0.0, pos=array([-0.33333333,  0.7       ]), size=array([0.66666667, 0.1       ]), units='norm', vertices=ndarray(...), win=Window(...))
6.0445 	EXP 	Created redbar_2 = Rect(__class__=<class 'psychopy.visual.rect.Rect'>, anchor=('left', 'center'), autoDraw=False, autoLog=True, closeShape=True, color=method-wrapper(...), colorSpace='rgb', contrast=None, depth=-4.0, draggable=False, fillColor=array([ 1., -1., -1.]), fillColorSpace='rgb', fillRGB=array([ 1., -1., -1.]), interpolate=True, lineColor=array([1., 1., 1.]), lineColorSpace='rgb', lineRGB=array([1, 1, 1]), lineWidth=1.0, name='redbar_2', opacity=1, ori=0.0, pos=array([-1. ,  0.7]), size=array([0.66666667, 0.1       ]), units='norm', vertices=ndarray(...), win=Window(...))
6.0469 	EXP 	Created arrow_2 = ShapeStim(__class__=<class 'psychopy.visual.shape.ShapeStim'>, anchor=('center', 'center'), autoDraw=False, autoLog=True, closeShape=True, color=method-wrapper(...), colorSpace='rgb', contrast=None, depth=-5.0, draggable=False, fillColor=array([1, 1, 1]), fillColorSpace='rgb', fillRGB=array([1, 1, 1]), interpolate=True, lineColor=array([1., 1., 1.]), lineColorSpace='rgb', lineRGB=array([1, 1, 1]), lineWidth=1.0, name='arrow_2', opacity=1, ori=0.0, pos=array([0., 0.]), size=array([0.05, 0.05]), units='norm', vertices=ndarray(...), win=Window(...), windingRule=None)
6.0498 	WARNING 	Font b'Arial' was requested. No similar font found.
6.0555 	WARNING 	Font b'Arial' was requested. No similar font found.
6.2486 	EXP 	Created slider_2 = Slider(__class__=<class 'psychopy.visual.slider.Slider'>, autoDraw=False, autoLog=True, borderColor=None, color=None, colorSpace='rgb', depth=-7, fillColor=None, flip=False, font='Noto Sans', granularity=1, labelColor=None, labelHeight=np.float64(0.05), labelWrapWidth=None, labels=(0, 1, 2, 3, 4, 5, 6, 7, 8, 9), lineColor=None, markerColor=None, name='slider_2', opacity=None, ori=0.0, pos=array([ 0. , -0.4]), readOnly=False, self=UNKNOWN, size=array([1. , 0.1]), startValue=None, style='choice', styleTweaks=[], ticks=array([0, 1, 2, 3, 4, 5, 6, 7, 8, 9]), units='norm', win=Window(...))
6.2519 	WARNING 	Font b'Arial' was requested. No similar font found.
6.2579 	WARNING 	Font b'Arial' was requested. No similar font found.
6.2636 	EXP 	Created fix = TextStim(__class__=<class 'psychopy.visual.text.TextStim'>, alignHoriz=method-wrapper(...), alignText='center', alignVert=method-wrapper(...), anchorHoriz='center', anchorVert='center', antialias=True, autoDraw=False, autoLog=True, bold=False, color=array([1., 1., 1.]), colorSpace='rgb', contrast=1.0, depth=-1.0, draggable=False, flipHoriz=False, flipVert=False, font='Open Sans', fontFiles=[], height=np.float64(0.1), italic=False, languageStyle='LTR', name='fix', opacity=1, ori=0.0, pos=array([0., 0.]), rgb=UNKNOWN, text='+', units='height', win=Window(...), wrapWidth=1)
6.2661 	EXP 	Created prog = Progress(__class__=<class 'psychopy.visual.progress.Progress'>, anchor=('left', 'top'), autoDraw=False, autoLog=True, closeShape=True, color=method-wrapper(...), colorSpace='rgb', contrast=None, depth=-1, draggable=False, fillColor=array([-1.    ,  0.5373, -1.    ]), fillColorSpace='rgb', fillRGB=array([-1.    ,  0.5373, -1.    ]), interpolate=True, lineColor=array([1., 1., 1.]), lineColorSpace='rgb', lineRGB=array([1, 1, 1]), lineWidth=4.0, name='prog', opacity=1.0, ori=0.0, pos=array([-0.5,  0.5]), size=array([1. , 0.1]), units='norm', vertices=ndarray(...), win=Window(...), windingRule=None)
6.2684 	EXP 	Created progBar = ShapeStim(__class__=<class 'psychopy.visual.shape.ShapeStim'>, anchor=('left', 'top'), autoDraw=False, autoLog=True, closeShape=True, color=method-wrapper(...), colorSpace='rgb', contrast=None, depth=-1, draggable=False, fillColor=array([ 1., -1., -1.]), fillColorSpace='rgb', fillRGB=array([ 1., -1., -1.]), interpolate=True, lineColor=array([0., 0., 0.]), lineColorSpace='rgb', lineRGB=array([0, 0, 0]), lineWidth=1.5, name='progBar', opacity=1.0, ori=0.0, pos=array([-0.5,  0.5]), size=array([1. , 0.1]), units='norm', vertices=ndarray(...), win=Window(...), windingRule=None)
6.2704 	EXP 	Created greenbar = Rect(__class__=<class 'psychopy.visual.rect.Rect'>, anchor=('left', 'center'), autoDraw=False, autoLog=True, closeShape=True, color=method-wrapper(...), colorSpace='rgb', contrast=None, depth=-2.0, draggable=False, fillColor=array([-1.    ,  0.0039, -1.    ]), fillColorSpace='rgb', fillRGB=array([-1.    ,  0.0039, -1.    ]), interpolate=True, lineColor=array([1., 1., 1.]), lineColorSpace='rgb', lineRGB=array([1, 1, 1]), lineWidth=1.0, name='greenbar', opacity=1, ori=0.0, pos=array([0.33333333, 0.7       ]), size=array([0.66666667, 0.1       ]), units='norm', vertices=ndarray(...), win=Window(...))
6.2722 	EXP 	Created yellowbar = Rect(__class__=<class 'psychopy.visual.rect.Rect'>, anchor=('left', 'center'), autoDraw=False, autoLog=True, closeShape=True, color=method-wrapper(...), colorSpace='rgb', contrast=None, depth=-3.0, draggable=False, fillColor=array([ 1.,  1., -1.]), fillColorSpace='rgb', fillRGB=array([ 1.,  1., -1.]), interpolate=True, lineColor=array([1., 1., 1.]), lineColorSpace='rgb', lineRGB=array([1, 1, 1]), lineWidth=1.0, name='yellowbar', opacity=1, ori=0.0, pos=array([-0.33333333,  0.7       ]), size=array([0.66666667, 0.1       ]), units='norm', vertices=ndarray(...), win=Window(...))
6.2741 	EXP 	Created redbar = Rect(__class__=<class 'psychopy.visual.rect.Rect'>, anchor=('left', 'center'), autoDraw=False, autoLog=True, closeShape=True, color=method-wrapper(...), colorSpace='rgb', contrast=None, depth=-4.0, draggable=False, fillColor=array([ 1., -1., -1.]), fillColorSpace='rgb', fillRGB=array([ 1., -1., -1.]), interpolate=True, lineColor=array([1., 1., 1.]), lineColorSpace='rgb', lineRGB=array([1, 1, 1]), lineWidth=1.0, name='redbar', opacity=1, ori=0.0, pos=array([-1. ,  0.7]), size=array([0.66666667, 0.1       ]), units='norm', vertices=ndarray(...), win=Window(...))
6.2763 	EXP 	Created arrow = ShapeStim(__class__=<class 'psychopy.visual.shape.ShapeStim'>, anchor=('center', 'center'), autoDraw=False, autoLog=True, closeShape=True, color=method-wrapper(...), colorSpace='rgb', contrast=None, depth=-5.0, draggable=False, fillColor=array([1, 1, 1]), fillColorSpace='rgb', fillRGB=array([1, 1, 1]), interpolate=True, lineColor=array([1., 1., 1.]), lineColorSpace='rgb', lineRGB=array([1, 1, 1]), lineWidth=1.0, name='arrow', opacity=1, ori=0.0, pos=array([0., 0.]), size=array([0.05, 0.05]), units='norm', vertices=ndarray(...), win=Window(...), windingRule=None)
6.2792 	WARNING 	Font b'Arial' was requested. No similar font found.
6.2848 	WARNING 	Font b'Arial' was requested. No similar font found.
6.4774 	EXP 	Created slider = Slider(__class__=<class 'psychopy.visual.slider.Slider'>, autoDraw=False, autoLog=True, borderColor=None, color=None, colorSpace='rgb', depth=-7, fillColor=None, flip=False, font='Noto Sans', granularity=1, labelColor=None, labelHeight=np.float64(0.05), labelWrapWidth=None, labels=(0, 1, 2, 3, 4, 5, 6, 7, 8, 9), lineColor=None, markerColor=None, name='slider', opacity=None, ori=0.0, pos=array([ 0. , -0.4]), readOnly=False, self=UNKNOWN, size=array([1. , 0.1]), startValue=None, style='choice', styleTweaks=[], ticks=array([0, 1, 2, 3, 4, 5, 6, 7, 8, 9]), units='norm', win=Window(...))
6.4805 	WARNING 	Font b'Arial' was requested. No similar font found.
6.4866 	WARNING 	Font b'Arial' was requested. No similar font found.
0.0172 	EXP 	textbox_4: autoLog = True
0.0172 	EXP 	slider_3: autoLog = True
0.0172 	EXP 	slider_3: styleTweaks = []
0.0172 	EXP 	slider_3: styleTweaks = []
0.0172 	EXP 	slider_3: styleTweaks = []
0.0172 	EXP 	slider_3: styleTweaks = []
0.0172 	EXP 	slider_3: contrast = 1.0
0.0172 	EXP 	slider_3: markerPos = None
0.0172 	EXP 	slider_3: autoLog = True
0.0172 	EXP 	prog_3: direction = 'horizontal'
0.0172 	EXP 	prog_3: progress = 0.0
0.0172 	EXP 	textbox_2: autoLog = True
0.0172 	EXP 	prog_2: direction = 'horizontal'
0.0172 	EXP 	prog_2: progress = 0.0
0.0172 	EXP 	textbox_3: autoLog = True
0.0172 	EXP 	slider_2: autoLog = True
0.0172 	EXP 	slider_2: styleTweaks = []
0.0172 	EXP 	slider_2: styleTweaks = []
0.0172 	EXP 	slider_2: styleTweaks = []
0.0172 	EXP 	slider_2: styleTweaks = []
0.0172 	EXP 	slider_2: contrast = 1.0
0.0172 	EXP 	slider_2: markerPos = None
0.0172 	EXP 	slider_2: autoLog = True
0.0172 	EXP 	textbox_2: autoLog = True
0.0172 	EXP 	prog: direction = 'horizontal'
0.0172 	EXP 	prog: progress = 0.0
0.0172 	EXP 	textbox: autoLog = True
0.0172 	EXP 	slider: autoLog = True
0.0172 	EXP 	slider: styleTweaks = []
0.0172 	EXP 	slider: styleTweaks = []
0.0172 	EXP 	slider: styleTweaks = []
0.0172 	EXP 	slider: styleTweaks = []
0.0172 	EXP 	slider: contrast = 1.0
0.0172 	EXP 	slider: markerPos = None
0.0172 	EXP 	slider: autoLog = True
0.0172 	EXP 	textbox_2: autoLog = True
0.0351 	INFO 	Keyboard events cleared
0.0350 	EXP 	text: autoDraw = True
1.9563 	EXP 	Device response: <KeyPress from None: t=1.9505441188812256, value=l, duration=None>
1.9574 	DATA 	Keypress: l
1.9684 	INFO 	Keyboard events cleared
1.9683 	EXP 	text: autoDraw = False
1.9683 	EXP 	intstructs: autoDraw = True
2.0247 	EXP 	Device response: <KeyPress from None: t=1.9505441188812256, value=l, duration=0.07382440567016602>
2.3217 	EXP 	Device response: <KeyPress from None: t=2.307718276977539, value=space, duration=None>
2.3220 	DATA 	Keypress: space
2.3229 	EXP 	New trial (rep=0, index=0): <Trial 0 (0 in rep 0) data={'thisN': 0, 'thisTrialN': 0, 'thisRepN': 0}>
2.3348 	EXP 	intstructs: autoDraw = False
2.3348 	EXP 	fix: autoDraw = True
2.3885 	EXP 	Device response: <KeyPress from None: t=2.307718276977539, value=space, duration=0.06662726402282715>
2.8252 	DEBUG 	TextBox2 loaded 1 chars with 0 blanks and 1 valid
2.8277 	DEBUG 	TextBox2 loaded 1 chars with 0 blanks and 1 valid
2.8293 	DEBUG 	TextBox2 loaded 1 chars with 0 blanks and 1 valid
2.8311 	DEBUG 	TextBox2 loaded 1 chars with 0 blanks and 1 valid
2.8316 	DEBUG 	Uploading Texture Font fontname to graphics card
2.8329 	DEBUG 	Upload of Texture Font fontname complete
2.8840 	INFO 	Keyboard events cleared
2.8838 	EXP 	fix: autoDraw = False
2.8838 	EXP 	fix: autoDraw = False
2.8838 	EXP 	slider_3: markerPos = None
2.8838 	EXP 	slider_3: markerPos = None
2.8838 	EXP 	textbox_4: autoDraw = True
2.8838 	EXP 	slider_3: autoDraw = True
5.5115 	DATA 	Keypress: 8
5.5204 	EXP 	Device response: <KeyPress from None: t=5.5108137130737305, value=8, duration=None>
5.5233 	DEBUG 	TextBox2 loaded 1 chars with 0 blanks and 1 valid
5.5252 	DEBUG 	TextBox2 loaded 1 chars with 0 blanks and 1 valid
5.5269 	DEBUG 	TextBox2 loaded 1 chars with 0 blanks and 1 valid
5.5288 	DEBUG 	TextBox2 loaded 1 chars with 0 blanks and 1 valid
5.5306 	DEBUG 	TextBox2 loaded 1 chars with 0 blanks and 1 valid
5.5320 	DEBUG 	TextBox2 loaded 1 chars with 0 blanks and 1 valid
5.5324 	DEBUG 	Uploading Texture Font fontname to graphics card
5.5337 	DEBUG 	Upload of Texture Font fontname complete
5.5505 	EXP 	greenbar_3: autoDraw = False
5.5505 	EXP 	yellowbar_3: autoDraw = False
5.5505 	EXP 	redbar_3: autoDraw = False
5.5505 	EXP 	arrow_3: autoDraw = False
5.5505 	EXP 	textbox_4: autoDraw = False
5.5505 	EXP 	slider_3: autoDraw = False
5.5505 	EXP 	prog_3: autoDraw = False
5.5505 	EXP 	textbox_2: autoDraw = True
5.6553 	EXP 	Device response: <KeyPress from None: t=5.5108137130737305, value=8, duration=0.13666629791259766>
6.5220 	EXP 	New trial (rep=1, index=0): <Trial 1 (0 in rep 1) data={'thisN': 1, 'thisTrialN': 0, 'thisRepN': 1}>
6.5350 	EXP 	textbox_2: autoDraw = False
6.5350 	EXP 	fix: autoDraw = True
7.0234 	DEBUG 	TextBox2 loaded 1 chars with 0 blanks and 1 valid
7.0242 	DEBUG 	TextBox2 loaded 1 chars with 0 blanks and 1 valid
7.0246 	DEBUG 	Uploading Texture Font fontname to graphics card
7.0257 	DEBUG 	Upload of Texture Font fontname complete
7.0674 	INFO 	Keyboard events cleared
7.0672 	EXP 	fix: autoDraw = False
7.0672 	EXP 	fix: autoDraw = False
7.0672 	EXP 	slider_3: markerPos = None
7.0672 	EXP 	slider_3: markerPos = None
7.0672 	EXP 	textbox_4: autoDraw = True
7.0672 	EXP 	slider_3: autoDraw = True
9.8284 	DATA 	Keypress: 2
9.8372 	EXP 	Device response: <KeyPress from None: t=9.816977262496948, value=2, duration=None>
9.8516 	EXP 	greenbar_3: autoDraw = False
9.8516 	EXP 	yellowbar_3: autoDraw = False
9.8516 	EXP 	redbar_3: autoDraw = False
9.8516 	EXP 	arrow_3: autoDraw = False
9.8516 	EXP 	textbox_4: autoDraw = False
9.8516 	EXP 	slider_3: autoDraw = False
9.8516 	EXP 	prog_3: autoDraw = False
9.8516 	EXP 	textbox_2: autoDraw = True
10.0218 	EXP 	Device response: <KeyPress from None: t=9.816977262496948, value=2, duration=0.191633939743042>
10.8386 	EXP 	New trial (rep=2, index=0): <Trial 2 (0 in rep 2) data={'thisN': 2, 'thisTrialN': 0, 'thisRepN': 2}>
10.8516 	EXP 	textbox_2: autoDraw = False
10.8516 	EXP 	textbox_2: autoDraw = False
10.8516 	EXP 	fix: autoDraw = True
11.3419 	DEBUG 	TextBox2 loaded 1 chars with 0 blanks and 1 valid
11.3442 	DEBUG 	TextBox2 loaded 1 chars with 0 blanks and 1 valid
11.3447 	DEBUG 	Uploading Texture Font fontname to graphics card
11.3460 	DEBUG 	Upload of Texture Font fontname complete
11.3840 	INFO 	Keyboard events cleared
11.3838 	EXP 	fix: autoDraw = False
11.3838 	EXP 	fix: autoDraw = False
11.3838 	EXP 	slider_3: markerPos = None
11.3838 	EXP 	slider_3: markerPos = None
11.3838 	EXP 	textbox_4: autoDraw = True
11.3838 	EXP 	slider_3: autoDraw = True
14.0102 	DATA 	Keypress: 5
14.0206 	EXP 	Device response: <KeyPress from None: t=14.003109693527222, value=5, duration=None>
14.0349 	EXP 	greenbar_3: autoDraw = False
14.0349 	EXP 	yellowbar_3: autoDraw = False
14.0349 	EXP 	redbar_3: autoDraw = False
14.0349 	EXP 	arrow_3: autoDraw = False
14.0349 	EXP 	textbox_4: autoDraw = False
14.0349 	EXP 	slider_3: autoDraw = False
14.0349 	EXP 	prog_3: autoDraw = False
14.0349 	EXP 	textbox_2: autoDraw = True
14.1542 	EXP 	Device response: <KeyPress from None: t=14.003109693527222, value=5, duration=0.14969229698181152>
15.0219 	EXP 	New trial (rep=3, index=0): <Trial 3 (0 in rep 3) data={'thisN': 3, 'thisTrialN': 0, 'thisRepN': 3}>
15.0349 	EXP 	textbox_2: autoDraw = False
15.0349 	EXP 	textbox_2: autoDraw = False
15.0349 	EXP 	fix: autoDraw = True
15.5673 	INFO 	Keyboard events cleared
15.5671 	EXP 	fix: autoDraw = False
15.5671 	EXP 	fix: autoDraw = False
15.5671 	EXP 	slider_3: markerPos = None
15.5671 	EXP 	slider_3: markerPos = None
15.5671 	EXP 	textbox_4: autoDraw = True
15.5671 	EXP 	slider_3: autoDraw = True
19.7704 	EXP 	Device response: <KeyPress from None: t=19.766409873962402, value=3, duration=None>
19.7764 	DATA 	Keypress: 3
19.7848 	EXP 	greenbar_3: autoDraw = False
19.7848 	EXP 	yellowbar_3: autoDraw = False
19.7848 	EXP 	redbar_3: autoDraw = False
19.7848 	EXP 	arrow_3: autoDraw = False
19.7848 	EXP 	textbox_4: autoDraw = False
19.7848 	EXP 	slider_3: autoDraw = False
19.7848 	EXP 	prog_3: autoDraw = False
19.7848 	EXP 	textbox_2: autoDraw = True
19.9216 	EXP 	Device response: <KeyPress from None: t=19.766409873962402, value=3, duration=0.14162635803222656>
20.7718 	EXP 	New trial (rep=4, index=0): <Trial 4 (0 in rep 4) data={'thisN': 4, 'thisTrialN': 0, 'thisRepN': 4}>
20.7848 	EXP 	textbox_2: autoDraw = False
20.7848 	EXP 	textbox_2: autoDraw = False
20.7848 	EXP 	fix: autoDraw = True
21.2731 	DEBUG 	TextBox2 loaded 1 chars with 0 blanks and 1 valid
21.2735 	DEBUG 	Uploading Texture Font fontname to graphics card
21.2747 	DEBUG 	Upload of Texture Font fontname complete
21.3172 	INFO 	Keyboard events cleared
21.3170 	EXP 	fix: autoDraw = False
21.3170 	EXP 	fix: autoDraw = False
21.3170 	EXP 	slider_3: markerPos = None
21.3170 	EXP 	slider_3: markerPos = None
21.3170 	EXP 	textbox_4: autoDraw = True
21.3170 	EXP 	slider_3: autoDraw = True
23.9896 	DATA 	Keypress: 7
24.0203 	EXP 	Device response: <KeyPress from None: t=23.986673593521118, value=7, duration=None>
24.0348 	EXP 	greenbar_3: autoDraw = False
24.0348 	EXP 	yellowbar_3: autoDraw = False
24.0348 	EXP 	redbar_3: autoDraw = False
24.0348 	EXP 	arrow_3: autoDraw = False
24.0348 	EXP 	textbox_4: autoDraw = False
24.0348 	EXP 	slider_3: autoDraw = False
24.0348 	EXP 	prog_3: autoDraw = False
24.0348 	EXP 	textbox_2: autoDraw = True
24.0883 	EXP 	Device response: <KeyPress from None: t=23.986673593521118, value=7, duration=0.09045577049255371>
25.0208 	EXP 	New trial (rep=5, index=0): <Trial 5 (0 in rep 5) data={'thisN': 5, 'thisTrialN': 0, 'thisRepN': 5}>
25.0348 	EXP 	textbox_2: autoDraw = False
25.0348 	EXP 	textbox_2: autoDraw = False
25.0348 	EXP 	fix: autoDraw = True
25.5671 	INFO 	Keyboard events cleared
25.5669 	EXP 	fix: autoDraw = False
25.5669 	EXP 	fix: autoDraw = False
25.5669 	EXP 	slider_3: markerPos = None
25.5669 	EXP 	slider_3: markerPos = None
25.5669 	EXP 	textbox_4: autoDraw = True
25.5669 	EXP 	slider_3: autoDraw = True
29.0229 	DATA 	Keypress: 3
29.0359 	EXP 	Device response: <KeyPress from None: t=29.008754014968872, value=3, duration=None>
29.0513 	EXP 	greenbar_3: autoDraw = False
29.0513 	EXP 	yellowbar_3: autoDraw = False
29.0513 	EXP 	redbar_3: autoDraw = False
29.0513 	EXP 	arrow_3: autoDraw = False
29.0513 	EXP 	textbox_4: autoDraw = False
29.0513 	EXP 	slider_3: autoDraw = False
29.0513 	EXP 	prog_3: autoDraw = False
29.0513 	EXP 	textbox_2: autoDraw = True
29.1382 	EXP 	Device response: <KeyPress from None: t=29.008754014968872, value=3, duration=0.12064290046691895>
30.0460 	EXP 	New trial (rep=0, index=0): <Trial 0 (0 in rep 0) data={'thisN': 0, 'thisTrialN': 0, 'thisRepN': 0}>
30.0513 	EXP 	textbox_2: autoDraw = False
30.0513 	EXP 	fix: autoDraw = True
30.5415 	DEBUG 	TextBox2 loaded 1 chars with 0 blanks and 1 valid
30.5421 	DEBUG 	Uploading Texture Font fontname to graphics card
30.5435 	DEBUG 	Upload of Texture Font fontname complete
30.5645 	DEBUG 	Saving data for misty_module ExperimentHandler
30.5677 	INFO 	saved data to /home/hackerman/misty_py/data/pilot_misty_module_2026-01-29_17h43.40.540.psydat
30.5695 	INFO 	saved data to '/home/hackerman/misty_py/data/pilot_misty_module_2026-01-29_17h43.40.540.csv'
30.5766 	WARNING 	Stopping key buffers but this could be dangerous ifother keyboards rely on the same.
