8.7395 	WARNING 	Font Manager failed to load file /System/Library/PrivateFrameworks/FontServices.framework/Resources/Reserved/PingFangUI.ttc
8.7789 	WARNING 	Font Manager failed to load file /System/Library/PrivateFrameworks/FontServices.framework/Resources/Reserved/PingFangUI.ttc
10.7077 	DEBUG 	Fullscreen settings ignored as running in pilot mode.
10.7087 	INFO 	Loaded monitor calibration from ['2026_01_27 16:28']
10.8021 	INFO 	Using renderer 'Apple M4' for graphics
10.8021 	INFO 	OpenGL version supported by driver is 2..
10.8212 	EXP 	Created window1 = Window(allowGUI=False, allowStencil=True, autoLog=True, backendConf=UNKNOWN, backgroundFit=<method-wrapper '__getattribute__' of attributeSetter object at 0x179ed40d0>, backgroundImage=<method-wrapper '__getattribute__' of attributeSetter object at 0x179ed4130>, bitsMode=UNKNOWN, blendMode='avg', bpc=(8, 8, 8), color=array([0, 0, 0]), colorSpace='rgb', depthBits=8, fullscr=False, gamma=None, gammaErrorPolicy='raise', infoMsg=UNKNOWN, lms=UNKNOWN, monitor=<psychopy.monitors.calibTools.Monitor object at 0x179f9d3f0>, multiSample=False, name='window1', numSamples=2, pos=[np.float64(560.0), np.float64(240.0)], screen=0, size=array([800, 600]), stencilBits=8, stereo=False, title='PsychoPy', units='height', useFBO=True, useRetina=False, viewOri=0.0, viewPos=None, viewScale=None, waitBlanking=True, winType='pyglet')
10.8213 	EXP 	window1: backgroundImage = ''
10.8213 	EXP 	window1: backgroundFit = 'none'
10.8355 	DEBUG 	TextBox2 loaded 1 chars with 0 blanks and 1 valid
10.8433 	DEBUG 	TextBox2 loaded 1 chars with 0 blanks and 1 valid
10.8511 	DEBUG 	TextBox2 loaded 1 chars with 0 blanks and 1 valid
10.8590 	DEBUG 	TextBox2 loaded 1 chars with 0 blanks and 1 valid
10.8669 	DEBUG 	TextBox2 loaded 1 chars with 0 blanks and 1 valid
10.8745 	DEBUG 	TextBox2 loaded 1 chars with 0 blanks and 1 valid
10.8822 	DEBUG 	TextBox2 loaded 1 chars with 0 blanks and 1 valid
10.8901 	DEBUG 	TextBox2 loaded 1 chars with 0 blanks and 1 valid
10.8976 	DEBUG 	TextBox2 loaded 1 chars with 0 blanks and 1 valid
10.9052 	DEBUG 	TextBox2 loaded 1 chars with 0 blanks and 1 valid
10.9129 	DEBUG 	TextBox2 loaded 1 chars with 0 blanks and 1 valid
10.9207 	DEBUG 	TextBox2 loaded 1 chars with 0 blanks and 1 valid
10.9284 	DEBUG 	TextBox2 loaded 1 chars with 0 blanks and 1 valid
10.9362 	DEBUG 	TextBox2 loaded 1 chars with 0 blanks and 1 valid
10.9439 	DEBUG 	TextBox2 loaded 1 chars with 0 blanks and 1 valid
10.9517 	DEBUG 	TextBox2 loaded 1 chars with 0 blanks and 1 valid
10.9595 	DEBUG 	TextBox2 loaded 1 chars with 0 blanks and 1 valid
10.9671 	DEBUG 	TextBox2 loaded 1 chars with 0 blanks and 1 valid
10.9747 	DEBUG 	TextBox2 loaded 1 chars with 0 blanks and 1 valid
10.9827 	DEBUG 	TextBox2 loaded 1 chars with 0 blanks and 1 valid
10.9903 	DEBUG 	TextBox2 loaded 1 chars with 0 blanks and 1 valid
10.9904 	DEBUG 	Uploading Texture Font fontname to graphics card
10.9931 	DEBUG 	Upload of Texture Font fontname complete
11.0035 	DEBUG 	TextBox2 loaded 1 chars with 0 blanks and 1 valid
11.0113 	DEBUG 	TextBox2 loaded 1 chars with 0 blanks and 1 valid
11.0190 	DEBUG 	TextBox2 loaded 1 chars with 0 blanks and 1 valid
11.0191 	DEBUG 	Uploading Texture Font fontname to graphics card
11.0206 	DEBUG 	Upload of Texture Font fontname complete
11.0215 	EXP 	window1: Attempting to measure frame rate of screen (0) ...
11.0215 	EXP 	window1: recordFrameIntervals = False
11.1640 	EXP 	window1: recordFrameIntervals = True
11.3113 	EXP 	Screen (0) actual frame rate measured at 74.83Hz
11.3113 	EXP 	window1: recordFrameIntervals = False
11.3326 	DEBUG 	TextBox2 loaded 1 chars with 0 blanks and 1 valid
11.3444 	DEBUG 	TextBox2 loaded 1 chars with 0 blanks and 1 valid
11.3548 	DEBUG 	TextBox2 loaded 1 chars with 0 blanks and 1 valid
11.3645 	DEBUG 	TextBox2 loaded 1 chars with 0 blanks and 1 valid
11.3734 	DEBUG 	TextBox2 loaded 1 chars with 0 blanks and 1 valid
11.3820 	DEBUG 	TextBox2 loaded 1 chars with 0 blanks and 1 valid
11.3899 	DEBUG 	TextBox2 loaded 1 chars with 0 blanks and 1 valid
11.3978 	DEBUG 	TextBox2 loaded 1 chars with 0 blanks and 1 valid
11.4055 	DEBUG 	TextBox2 loaded 1 chars with 0 blanks and 1 valid
11.4132 	DEBUG 	TextBox2 loaded 1 chars with 0 blanks and 1 valid
11.4134 	DEBUG 	Uploading Texture Font fontname to graphics card
11.4149 	DEBUG 	Upload of Texture Font fontname complete
12.3931 	INFO 	keyboard.Keyboard is using ptb backend.
12.3932 	EXP 	misty_module: status = STARTED
12.4255 	EXP 	Created text = TextStim(__class__=<class 'psychopy.visual.text.TextStim'>, alignHoriz=method-wrapper(...), alignText='center', alignVert=method-wrapper(...), anchorHoriz='center', anchorVert='center', antialias=True, autoDraw=False, autoLog=True, bold=False, color=array([1., 1., 1.]), colorSpace='rgb', contrast=1.0, depth=0.0, draggable=False, flipHoriz=False, flipVert=False, font='Arial', fontFiles=[], height=np.float64(0.05), italic=False, languageStyle='LTR', name='text', opacity=1, ori=0.0, pos=array([0., 0.]), rgb=UNKNOWN, text=str(...), units='height', win=Window(...), wrapWidth=1)
12.4332 	EXP 	Created intstructs = TextStim(__class__=<class 'psychopy.visual.text.TextStim'>, alignHoriz=method-wrapper(...), alignText='center', alignVert=method-wrapper(...), anchorHoriz='center', anchorVert='center', antialias=True, autoDraw=False, autoLog=True, bold=False, color=array([1., 1., 1.]), colorSpace='rgb', contrast=1.0, depth=0.0, draggable=False, flipHoriz=False, flipVert=False, font='Arial', fontFiles=[], height=np.float64(0.05), italic=False, languageStyle='LTR', name='intstructs', opacity=1, ori=0.0, pos=array([0., 0.]), rgb=UNKNOWN, text=str(...), units='height', win=Window(...), wrapWidth=1)
12.4354 	EXP 	Created fix = TextStim(__class__=<class 'psychopy.visual.text.TextStim'>, alignHoriz=method-wrapper(...), alignText='center', alignVert=method-wrapper(...), anchorHoriz='center', anchorVert='center', antialias=True, autoDraw=False, autoLog=True, bold=False, color=array([1., 1., 1.]), colorSpace='rgb', contrast=1.0, depth=-1.0, draggable=False, flipHoriz=False, flipVert=False, font='Open Sans', fontFiles=[], height=np.float64(0.1), italic=False, languageStyle='LTR', name='fix', opacity=1, ori=0.0, pos=array([0., 0.]), rgb=UNKNOWN, text='+', units='height', win=Window(...), wrapWidth=1)
12.4411 	DEBUG 	TextBox2 loaded 1 chars with 0 blanks and 1 valid
12.4418 	DEBUG 	TextBox2 loaded 1 chars with 0 blanks and 1 valid
12.4423 	DEBUG 	TextBox2 loaded 1 chars with 0 blanks and 1 valid
12.4428 	DEBUG 	TextBox2 loaded 1 chars with 0 blanks and 1 valid
12.4430 	DEBUG 	TextBox2 loaded 1 chars with 0 blanks and 1 valid
12.4432 	DEBUG 	TextBox2 loaded 1 chars with 0 blanks and 1 valid
12.4437 	DEBUG 	TextBox2 loaded 1 chars with 0 blanks and 1 valid
12.4441 	DEBUG 	TextBox2 loaded 1 chars with 0 blanks and 1 valid
12.4443 	DEBUG 	TextBox2 loaded 1 chars with 0 blanks and 1 valid
12.4444 	DEBUG 	Uploading Texture Font fontname to graphics card
12.4465 	DEBUG 	Upload of Texture Font fontname complete
12.4666 	DEBUG 	TextBox2 loaded 1 chars with 0 blanks and 1 valid
12.4667 	DEBUG 	Uploading Texture Font fontname to graphics card
12.4688 	DEBUG 	Upload of Texture Font fontname complete
12.4788 	DEBUG 	TextBox2 loaded 1 chars with 0 blanks and 1 valid
12.4862 	DEBUG 	TextBox2 loaded 1 chars with 0 blanks and 1 valid
12.4937 	DEBUG 	TextBox2 loaded 1 chars with 0 blanks and 1 valid
12.5011 	DEBUG 	TextBox2 loaded 1 chars with 0 blanks and 1 valid
12.5084 	DEBUG 	TextBox2 loaded 1 chars with 0 blanks and 1 valid
12.5158 	DEBUG 	TextBox2 loaded 1 chars with 0 blanks and 1 valid
12.5232 	DEBUG 	TextBox2 loaded 1 chars with 0 blanks and 1 valid
12.5306 	DEBUG 	TextBox2 loaded 1 chars with 0 blanks and 1 valid
12.5380 	DEBUG 	TextBox2 loaded 1 chars with 0 blanks and 1 valid
12.5453 	DEBUG 	TextBox2 loaded 1 chars with 0 blanks and 1 valid
12.5454 	DEBUG 	Uploading Texture Font fontname to graphics card
12.5472 	DEBUG 	Upload of Texture Font fontname complete
12.5570 	DEBUG 	TextBox2 loaded 1 chars with 0 blanks and 1 valid
12.5571 	DEBUG 	Uploading Texture Font fontname to graphics card
12.5585 	DEBUG 	Upload of Texture Font fontname complete
12.5708 	DEBUG 	TextBox2 loaded 1 chars with 0 blanks and 1 valid
12.5709 	DEBUG 	Uploading Texture Font fontname to graphics card
12.5723 	DEBUG 	Upload of Texture Font fontname complete
12.5845 	DEBUG 	TextBox2 loaded 1 chars with 0 blanks and 1 valid
12.5846 	DEBUG 	Uploading Texture Font fontname to graphics card
12.5860 	DEBUG 	Upload of Texture Font fontname complete
12.5982 	DEBUG 	TextBox2 loaded 1 chars with 0 blanks and 1 valid
12.5983 	DEBUG 	Uploading Texture Font fontname to graphics card
12.5997 	DEBUG 	Upload of Texture Font fontname complete
12.6119 	DEBUG 	TextBox2 loaded 1 chars with 0 blanks and 1 valid
12.6120 	DEBUG 	Uploading Texture Font fontname to graphics card
12.6134 	DEBUG 	Upload of Texture Font fontname complete
12.6256 	DEBUG 	TextBox2 loaded 1 chars with 0 blanks and 1 valid
12.6257 	DEBUG 	Uploading Texture Font fontname to graphics card
12.6271 	DEBUG 	Upload of Texture Font fontname complete
12.6393 	DEBUG 	TextBox2 loaded 1 chars with 0 blanks and 1 valid
12.6394 	DEBUG 	Uploading Texture Font fontname to graphics card
12.6408 	DEBUG 	Upload of Texture Font fontname complete
12.6530 	DEBUG 	TextBox2 loaded 1 chars with 0 blanks and 1 valid
12.6530 	DEBUG 	Uploading Texture Font fontname to graphics card
12.6545 	DEBUG 	Upload of Texture Font fontname complete
12.6667 	DEBUG 	TextBox2 loaded 1 chars with 0 blanks and 1 valid
12.6668 	DEBUG 	Uploading Texture Font fontname to graphics card
12.6682 	DEBUG 	Upload of Texture Font fontname complete
12.6905 	EXP 	Created slider_3 = Slider(__class__=<class 'psychopy.visual.slider.Slider'>, autoDraw=False, autoLog=True, borderColor=None, color=None, colorSpace='rgb', depth=-2, fillColor=None, flip=False, font='Noto Sans', granularity=1, labelColor=None, labelHeight=np.float64(0.05), labelWrapWidth=None, labels=(0, 1, 2, 3, 4, 5, 6, 7, 8, 9), lineColor=None, markerColor=None, name='slider_3', opacity=None, ori=0.0, pos=array([ 0. , -0.4]), readOnly=False, self=UNKNOWN, size=array([1. , 0.1]), startValue=None, style='choice', styleTweaks=[], ticks=array([0, 1, 2, 3, 4, 5, 6, 7, 8, 9]), units='norm', win=Window(...))
12.6971 	EXP 	Created text_2 = TextStim(__class__=<class 'psychopy.visual.text.TextStim'>, alignHoriz=method-wrapper(...), alignText='center', alignVert=method-wrapper(...), anchorHoriz='center', anchorVert='center', antialias=True, autoDraw=False, autoLog=True, bold=False, color=array([1., 1., 1.]), colorSpace='rgb', contrast=1.0, depth=0.0, draggable=False, flipHoriz=False, flipVert=False, font='Arial', fontFiles=[], height=np.float64(0.05), italic=False, languageStyle='LTR', name='text_2', opacity=1, ori=0.0, pos=array([0., 0.]), rgb=UNKNOWN, text=str(...), units='height', win=Window(...), wrapWidth=1)
12.6979 	EXP 	Created fix = TextStim(__class__=<class 'psychopy.visual.text.TextStim'>, alignHoriz=method-wrapper(...), alignText='center', alignVert=method-wrapper(...), anchorHoriz='center', anchorVert='center', antialias=True, autoDraw=False, autoLog=True, bold=False, color=array([1., 1., 1.]), colorSpace='rgb', contrast=1.0, depth=-1.0, draggable=False, flipHoriz=False, flipVert=False, font='Open Sans', fontFiles=[], height=np.float64(0.1), italic=False, languageStyle='LTR', name='fix', opacity=1, ori=0.0, pos=array([0., 0.]), rgb=UNKNOWN, text='+', units='height', win=Window(...), wrapWidth=1)
12.6997 	EXP 	Created prog_3 = Progress(__class__=<class 'psychopy.visual.progress.Progress'>, anchor=('left', 'top'), autoDraw=False, autoLog=True, closeShape=True, color=method-wrapper(...), colorSpace='rgb', contrast=None, depth=-1, draggable=False, fillColor=array([-1.    ,  0.5373, -1.    ]), fillColorSpace='rgb', fillRGB=array([-1.    ,  0.5373, -1.    ]), interpolate=True, lineColor=array([1., 1., 1.]), lineColorSpace='rgb', lineRGB=array([1, 1, 1]), lineWidth=4.0, name='prog_3', opacity=1.0, ori=0.0, pos=array([-0.5,  0.5]), size=array([1. , 0.1]), units='norm', vertices=ndarray(...), win=Window(...), windingRule=None)
12.7004 	EXP 	Created prog_3Bar = ShapeStim(__class__=<class 'psychopy.visual.shape.ShapeStim'>, anchor=('left', 'top'), autoDraw=False, autoLog=True, closeShape=True, color=method-wrapper(...), colorSpace='rgb', contrast=None, depth=-1, draggable=False, fillColor=array([ 1., -1., -1.]), fillColorSpace='rgb', fillRGB=array([ 1., -1., -1.]), interpolate=True, lineColor=array([0., 0., 0.]), lineColorSpace='rgb', lineRGB=array([0, 0, 0]), lineWidth=1.5, name='prog_3Bar', opacity=1.0, ori=0.0, pos=array([-0.5,  0.5]), size=array([1. , 0.1]), units='norm', vertices=ndarray(...), win=Window(...), windingRule=None)
12.7010 	EXP 	Created greenbar_3 = Rect(__class__=<class 'psychopy.visual.rect.Rect'>, anchor=('left', 'center'), autoDraw=False, autoLog=True, closeShape=True, color=method-wrapper(...), colorSpace='rgb', contrast=None, depth=-2.0, draggable=False, fillColor=array([-1.    ,  0.0039, -1.    ]), fillColorSpace='rgb', fillRGB=array([-1.    ,  0.0039, -1.    ]), interpolate=True, lineColor=array([1., 1., 1.]), lineColorSpace='rgb', lineRGB=array([1, 1, 1]), lineWidth=1.0, name='greenbar_3', opacity=1, ori=0.0, pos=array([0.33333333, 0.7       ]), size=array([0.66666667, 0.1       ]), units='norm', vertices=ndarray(...), win=Window(...))
12.7015 	EXP 	Created yellowbar_3 = Rect(__class__=<class 'psychopy.visual.rect.Rect'>, anchor=('left', 'center'), autoDraw=False, autoLog=True, closeShape=True, color=method-wrapper(...), colorSpace='rgb', contrast=None, depth=-3.0, draggable=False, fillColor=array([ 1.,  1., -1.]), fillColorSpace='rgb', fillRGB=array([ 1.,  1., -1.]), interpolate=True, lineColor=array([1., 1., 1.]), lineColorSpace='rgb', lineRGB=array([1, 1, 1]), lineWidth=1.0, name='yellowbar_3', opacity=1, ori=0.0, pos=array([-0.33333333,  0.7       ]), size=array([0.66666667, 0.1       ]), units='norm', vertices=ndarray(...), win=Window(...))
12.7020 	EXP 	Created redbar_3 = Rect(__class__=<class 'psychopy.visual.rect.Rect'>, anchor=('left', 'center'), autoDraw=False, autoLog=True, closeShape=True, color=method-wrapper(...), colorSpace='rgb', contrast=None, depth=-4.0, draggable=False, fillColor=array([ 1., -1., -1.]), fillColorSpace='rgb', fillRGB=array([ 1., -1., -1.]), interpolate=True, lineColor=array([1., 1., 1.]), lineColorSpace='rgb', lineRGB=array([1, 1, 1]), lineWidth=1.0, name='redbar_3', opacity=1, ori=0.0, pos=array([-1. ,  0.7]), size=array([0.66666667, 0.1       ]), units='norm', vertices=ndarray(...), win=Window(...))
12.7027 	EXP 	Created arrow_3 = ShapeStim(__class__=<class 'psychopy.visual.shape.ShapeStim'>, anchor=('center', 'center'), autoDraw=False, autoLog=True, closeShape=True, color=method-wrapper(...), colorSpace='rgb', contrast=None, depth=-5.0, draggable=False, fillColor=array([1, 1, 1]), fillColorSpace='rgb', fillRGB=array([1, 1, 1]), interpolate=True, lineColor=array([1., 1., 1.]), lineColorSpace='rgb', lineRGB=array([1, 1, 1]), lineWidth=1.0, name='arrow_3', opacity=1, ori=0.0, pos=array([0., 0.]), size=array([0.05, 0.05]), units='norm', vertices=ndarray(...), win=Window(...), windingRule=None)
12.7738 	EXP 	Created slider_4 = Slider(__class__=<class 'psychopy.visual.slider.Slider'>, autoDraw=False, autoLog=True, borderColor=None, color=None, colorSpace='rgb', depth=-7, fillColor=None, flip=False, font='Noto Sans', granularity=1, labelColor=None, labelHeight=np.float64(0.05), labelWrapWidth=None, labels=(0, 1, 2, 3, 4, 5, 6, 7, 8, 9), lineColor=None, markerColor=None, name='slider_4', opacity=None, ori=0.0, pos=array([ 0. , -0.4]), readOnly=False, self=UNKNOWN, size=array([1. , 0.1]), startValue=None, style='choice', styleTweaks=[], ticks=array([0, 1, 2, 3, 4, 5, 6, 7, 8, 9]), units='norm', win=Window(...))
12.7795 	EXP 	Created text_3 = TextStim(__class__=<class 'psychopy.visual.text.TextStim'>, alignHoriz=method-wrapper(...), alignText='center', alignVert=method-wrapper(...), anchorHoriz='center', anchorVert='center', antialias=True, autoDraw=False, autoLog=True, bold=False, color=array([1., 1., 1.]), colorSpace='rgb', contrast=1.0, depth=0.0, draggable=False, flipHoriz=False, flipVert=False, font='Arial', fontFiles=[], height=np.float64(0.05), italic=False, languageStyle='LTR', name='text_3', opacity=1, ori=0.0, pos=array([0., 0.]), rgb=UNKNOWN, text='Training instructions here', units='height', win=Window(...), wrapWidth=1)
12.7802 	EXP 	Created fix = TextStim(__class__=<class 'psychopy.visual.text.TextStim'>, alignHoriz=method-wrapper(...), alignText='center', alignVert=method-wrapper(...), anchorHoriz='center', anchorVert='center', antialias=True, autoDraw=False, autoLog=True, bold=False, color=array([1., 1., 1.]), colorSpace='rgb', contrast=1.0, depth=-1.0, draggable=False, flipHoriz=False, flipVert=False, font='Open Sans', fontFiles=[], height=np.float64(0.1), italic=False, languageStyle='LTR', name='fix', opacity=1, ori=0.0, pos=array([0., 0.]), rgb=UNKNOWN, text='+', units='height', win=Window(...), wrapWidth=1)
12.8507 	EXP 	Created slider_training = Slider(__class__=<class 'psychopy.visual.slider.Slider'>, autoDraw=False, autoLog=True, borderColor=None, color=None, colorSpace='rgb', depth=-2, fillColor=None, flip=False, font='Noto Sans', granularity=1, labelColor=None, labelHeight=np.float64(0.05), labelWrapWidth=None, labels=(0, 1, 2, 3, 4, 5, 6, 7, 8, 9), lineColor=None, markerColor=None, name='slider_training', opacity=None, ori=0.0, pos=array([ 0. , -0.4]), readOnly=False, self=UNKNOWN, size=array([1. , 0.1]), startValue=None, style='choice', styleTweaks=[], ticks=array([0, 1, 2, 3, 4, 5, 6, 7, 8, 9]), units='norm', win=Window(...))
12.8558 	EXP 	Created fix = TextStim(__class__=<class 'psychopy.visual.text.TextStim'>, alignHoriz=method-wrapper(...), alignText='center', alignVert=method-wrapper(...), anchorHoriz='center', anchorVert='center', antialias=True, autoDraw=False, autoLog=True, bold=False, color=array([1., 1., 1.]), colorSpace='rgb', contrast=1.0, depth=-1.0, draggable=False, flipHoriz=False, flipVert=False, font='Open Sans', fontFiles=[], height=np.float64(0.1), italic=False, languageStyle='LTR', name='fix', opacity=1, ori=0.0, pos=array([0., 0.]), rgb=UNKNOWN, text='+', units='height', win=Window(...), wrapWidth=1)
12.8566 	EXP 	Created prog = Progress(__class__=<class 'psychopy.visual.progress.Progress'>, anchor=('left', 'top'), autoDraw=False, autoLog=True, closeShape=True, color=method-wrapper(...), colorSpace='rgb', contrast=None, depth=-1, draggable=False, fillColor=array([-1.    ,  0.5373, -1.    ]), fillColorSpace='rgb', fillRGB=array([-1.    ,  0.5373, -1.    ]), interpolate=True, lineColor=array([1., 1., 1.]), lineColorSpace='rgb', lineRGB=array([1, 1, 1]), lineWidth=4.0, name='prog', opacity=1.0, ori=0.0, pos=array([-0.5,  0.5]), size=array([1. , 0.1]), units='norm', vertices=ndarray(...), win=Window(...), windingRule=None)
12.8577 	EXP 	Created progBar = ShapeStim(__class__=<class 'psychopy.visual.shape.ShapeStim'>, anchor=('left', 'top'), autoDraw=False, autoLog=True, closeShape=True, color=method-wrapper(...), colorSpace='rgb', contrast=None, depth=-1, draggable=False, fillColor=array([ 1., -1., -1.]), fillColorSpace='rgb', fillRGB=array([ 1., -1., -1.]), interpolate=True, lineColor=array([0., 0., 0.]), lineColorSpace='rgb', lineRGB=array([0, 0, 0]), lineWidth=1.5, name='progBar', opacity=1.0, ori=0.0, pos=array([-0.5,  0.5]), size=array([1. , 0.1]), units='norm', vertices=ndarray(...), win=Window(...), windingRule=None)
12.8582 	EXP 	Created greenbar = Rect(__class__=<class 'psychopy.visual.rect.Rect'>, anchor=('left', 'center'), autoDraw=False, autoLog=True, closeShape=True, color=method-wrapper(...), colorSpace='rgb', contrast=None, depth=-2.0, draggable=False, fillColor=array([-1.    ,  0.0039, -1.    ]), fillColorSpace='rgb', fillRGB=array([-1.    ,  0.0039, -1.    ]), interpolate=True, lineColor=array([1., 1., 1.]), lineColorSpace='rgb', lineRGB=array([1, 1, 1]), lineWidth=1.0, name='greenbar', opacity=1, ori=0.0, pos=array([0.33333333, 0.7       ]), size=array([0.66666667, 0.1       ]), units='norm', vertices=ndarray(...), win=Window(...))
12.8587 	EXP 	Created yellowbar = Rect(__class__=<class 'psychopy.visual.rect.Rect'>, anchor=('left', 'center'), autoDraw=False, autoLog=True, closeShape=True, color=method-wrapper(...), colorSpace='rgb', contrast=None, depth=-3.0, draggable=False, fillColor=array([ 1.,  1., -1.]), fillColorSpace='rgb', fillRGB=array([ 1.,  1., -1.]), interpolate=True, lineColor=array([1., 1., 1.]), lineColorSpace='rgb', lineRGB=array([1, 1, 1]), lineWidth=1.0, name='yellowbar', opacity=1, ori=0.0, pos=array([-0.33333333,  0.7       ]), size=array([0.66666667, 0.1       ]), units='norm', vertices=ndarray(...), win=Window(...))
12.8593 	EXP 	Created redbar = Rect(__class__=<class 'psychopy.visual.rect.Rect'>, anchor=('left', 'center'), autoDraw=False, autoLog=True, closeShape=True, color=method-wrapper(...), colorSpace='rgb', contrast=None, depth=-4.0, draggable=False, fillColor=array([ 1., -1., -1.]), fillColorSpace='rgb', fillRGB=array([ 1., -1., -1.]), interpolate=True, lineColor=array([1., 1., 1.]), lineColorSpace='rgb', lineRGB=array([1, 1, 1]), lineWidth=1.0, name='redbar', opacity=1, ori=0.0, pos=array([-1. ,  0.7]), size=array([0.66666667, 0.1       ]), units='norm', vertices=ndarray(...), win=Window(...))
12.8600 	EXP 	Created arrow = ShapeStim(__class__=<class 'psychopy.visual.shape.ShapeStim'>, anchor=('center', 'center'), autoDraw=False, autoLog=True, closeShape=True, color=method-wrapper(...), colorSpace='rgb', contrast=None, depth=-5.0, draggable=False, fillColor=array([1, 1, 1]), fillColorSpace='rgb', fillRGB=array([1, 1, 1]), interpolate=True, lineColor=array([1., 1., 1.]), lineColorSpace='rgb', lineRGB=array([1, 1, 1]), lineWidth=1.0, name='arrow', opacity=1, ori=0.0, pos=array([0., 0.]), size=array([0.05, 0.05]), units='norm', vertices=ndarray(...), win=Window(...), windingRule=None)
12.9306 	EXP 	Created slider = Slider(__class__=<class 'psychopy.visual.slider.Slider'>, autoDraw=False, autoLog=True, borderColor=None, color=None, colorSpace='rgb', depth=-7, fillColor=None, flip=False, font='Noto Sans', granularity=1, labelColor=None, labelHeight=np.float64(0.05), labelWrapWidth=None, labels=(0, 1, 2, 3, 4, 5, 6, 7, 8, 9), lineColor=None, markerColor=None, name='slider', opacity=None, ori=0.0, pos=array([ 0. , -0.4]), readOnly=False, self=UNKNOWN, size=array([1. , 0.1]), startValue=None, style='choice', styleTweaks=[], ticks=array([0, 1, 2, 3, 4, 5, 6, 7, 8, 9]), units='norm', win=Window(...))
0.0027 	EXP 	equation_practice_1: autoLog = True
0.0027 	EXP 	slider_3: autoLog = True
0.0027 	EXP 	slider_3: styleTweaks = []
0.0027 	EXP 	slider_3: styleTweaks = []
0.0027 	EXP 	slider_3: styleTweaks = []
0.0027 	EXP 	slider_3: styleTweaks = []
0.0027 	EXP 	slider_3: contrast = 1.0
0.0027 	EXP 	slider_3: markerPos = None
0.0027 	EXP 	slider_3: autoLog = True
0.0027 	EXP 	feedback_practice_1: autoLog = True
0.0027 	EXP 	prog_3: direction = 'horizontal'
0.0027 	EXP 	prog_3: progress = 0.0
0.0027 	EXP 	textbox_5: autoLog = True
0.0027 	EXP 	slider_4: autoLog = True
0.0027 	EXP 	slider_4: styleTweaks = []
0.0027 	EXP 	slider_4: styleTweaks = []
0.0027 	EXP 	slider_4: styleTweaks = []
0.0027 	EXP 	slider_4: styleTweaks = []
0.0027 	EXP 	slider_4: contrast = 1.0
0.0027 	EXP 	slider_4: markerPos = None
0.0027 	EXP 	slider_4: autoLog = True
0.0027 	EXP 	feedback_practice_1: autoLog = True
0.0027 	EXP 	textbox_3: autoLog = True
0.0027 	EXP 	slider_training: autoLog = True
0.0027 	EXP 	slider_training: styleTweaks = []
0.0027 	EXP 	slider_training: styleTweaks = []
0.0027 	EXP 	slider_training: styleTweaks = []
0.0027 	EXP 	slider_training: styleTweaks = []
0.0027 	EXP 	slider_training: contrast = 1.0
0.0027 	EXP 	slider_training: markerPos = None
0.0027 	EXP 	slider_training: autoLog = True
0.0027 	EXP 	feedback_practice_1: autoLog = True
0.0027 	EXP 	prog: direction = 'horizontal'
0.0027 	EXP 	prog: progress = 0.0
0.0027 	EXP 	textbox: autoLog = True
0.0027 	EXP 	slider: autoLog = True
0.0027 	EXP 	slider: styleTweaks = []
0.0027 	EXP 	slider: styleTweaks = []
0.0027 	EXP 	slider: styleTweaks = []
0.0027 	EXP 	slider: styleTweaks = []
0.0027 	EXP 	slider: contrast = 1.0
0.0027 	EXP 	slider: markerPos = None
0.0027 	EXP 	slider: autoLog = True
0.0027 	EXP 	feedback_practice_1: autoLog = True
0.0099 	INFO 	Keyboard events cleared
0.0099 	EXP 	text: autoDraw = True
2.4020 	EXP 	Device response: <KeyPress from None: t=2.2972272090000843, value=l, duration=None>
2.4057 	DATA 	Keypress: l
2.4081 	INFO 	Keyboard events cleared
2.4081 	EXP 	text: autoDraw = False
2.4081 	EXP 	intstructs: autoDraw = True
2.4170 	EXP 	Device response: <KeyPress from None: t=2.2972272090000843, value=l, duration=0.11687174999951822>
3.1428 	EXP 	Device response: <KeyPress from None: t=3.12812170899997, value=space, duration=None>
3.1456 	DATA 	Keypress: space
3.1555 	DEBUG 	Read excel file with openpyxl: practice_difficulty.xlsx
3.1557 	EXP 	Imported practice_difficulty.xlsx as conditions, 3 conditions, 1 params
3.1565 	EXP 	New trial (rep=0, index=0): <Trial 0 (0 in rep 0) data={'prac_diff': 'easy1', 'thisN': 0, 'thisTrialN': 0, 'thisRepN': 0}>
3.1610 	EXP 	intstructs: autoDraw = False
3.1610 	EXP 	fix: autoDraw = True
3.2486 	EXP 	Device response: <KeyPress from None: t=3.12812170899997, value=space, duration=0.11799458299992693>
3.6725 	DEBUG 	Saving data for misty_module ExperimentHandler
3.6735 	INFO 	saved data to /Users/hackerman/misty_py/data/pilot_misty_module_2026-01-31_18h24.17.633.psydat
3.6741 	INFO 	saved data to '/Users/hackerman/misty_py/data/pilot_misty_module_2026-01-31_18h24.17.633.csv'
3.6758 	WARNING 	Stopping key buffers but this could be dangerous ifother keyboards rely on the same.
