4.0115 	DEBUG 	Fullscreen settings ignored as running in pilot mode.
4.0127 	INFO 	Loaded monitor calibration from ['2025_12_08 16:52']
4.5185 	INFO 	Using renderer 'NVIDIA GeForce GTX 1660/PCIe/SSE2' for graphics
4.5186 	INFO 	OpenGL version supported by driver is 4..
4.5275 	EXP 	Created window1 = Window(allowGUI=False, allowStencil=True, autoLog=True, backendConf=UNKNOWN, backgroundFit=<method-wrapper '__getattribute__' of attributeSetter object at 0x7ccec696d8d0>, backgroundImage=<method-wrapper '__getattribute__' of attributeSetter object at 0x7ccec696d870>, bitsMode=UNKNOWN, blendMode='avg', bpc=(8, 8, 8), color=array([0, 0, 0]), colorSpace='rgb', depthBits=8, fullscr=False, gamma=None, gammaErrorPolicy='raise', infoMsg=UNKNOWN, lms=UNKNOWN, monitor=<psychopy.monitors.calibTools.Monitor object at 0x7ccec404fac0>, multiSample=False, name='window1', numSamples=2, pos=[np.float64(560.0), np.float64(240.0)], screen=0, size=array([800, 600]), stencilBits=8, stereo=False, title='PsychoPy', units='height', useFBO=True, useRetina=False, viewOri=0.0, viewPos=None, viewScale=None, waitBlanking=True, winType='pyglet')
4.5276 	EXP 	window1: backgroundImage = ''
4.5277 	EXP 	window1: backgroundFit = 'none'
4.5445 	DEBUG 	TextBox2 loaded 1 chars with 0 blanks and 1 valid
4.5471 	DEBUG 	TextBox2 loaded 1 chars with 0 blanks and 1 valid
4.5498 	DEBUG 	TextBox2 loaded 1 chars with 0 blanks and 1 valid
4.5530 	DEBUG 	TextBox2 loaded 1 chars with 0 blanks and 1 valid
4.5563 	DEBUG 	TextBox2 loaded 1 chars with 0 blanks and 1 valid
4.5582 	DEBUG 	TextBox2 loaded 1 chars with 0 blanks and 1 valid
4.5608 	DEBUG 	TextBox2 loaded 1 chars with 0 blanks and 1 valid
4.5640 	DEBUG 	TextBox2 loaded 1 chars with 0 blanks and 1 valid
4.5655 	DEBUG 	TextBox2 loaded 1 chars with 0 blanks and 1 valid
4.5671 	DEBUG 	TextBox2 loaded 1 chars with 0 blanks and 1 valid
4.5710 	DEBUG 	TextBox2 loaded 1 chars with 0 blanks and 1 valid
4.5750 	DEBUG 	TextBox2 loaded 1 chars with 0 blanks and 1 valid
4.5787 	DEBUG 	TextBox2 loaded 1 chars with 0 blanks and 1 valid
4.5812 	DEBUG 	TextBox2 loaded 1 chars with 0 blanks and 1 valid
4.5834 	DEBUG 	TextBox2 loaded 1 chars with 0 blanks and 1 valid
4.5859 	DEBUG 	TextBox2 loaded 1 chars with 0 blanks and 1 valid
4.5884 	DEBUG 	TextBox2 loaded 1 chars with 0 blanks and 1 valid
4.5900 	DEBUG 	TextBox2 loaded 1 chars with 0 blanks and 1 valid
4.5912 	DEBUG 	TextBox2 loaded 1 chars with 0 blanks and 1 valid
4.5932 	DEBUG 	TextBox2 loaded 1 chars with 0 blanks and 1 valid
4.5943 	DEBUG 	TextBox2 loaded 1 chars with 0 blanks and 1 valid
4.5947 	DEBUG 	Uploading Texture Font fontname to graphics card
4.6017 	DEBUG 	Upload of Texture Font fontname complete
4.6116 	DEBUG 	TextBox2 loaded 1 chars with 0 blanks and 1 valid
4.6133 	DEBUG 	TextBox2 loaded 1 chars with 0 blanks and 1 valid
4.6150 	DEBUG 	TextBox2 loaded 1 chars with 0 blanks and 1 valid
4.6153 	DEBUG 	Uploading Texture Font fontname to graphics card
4.6196 	DEBUG 	Upload of Texture Font fontname complete
4.6221 	EXP 	window1: Attempting to measure frame rate of screen (0) ...
4.6221 	EXP 	window1: recordFrameIntervals = False
4.7772 	EXP 	window1: recordFrameIntervals = True
4.9607 	EXP 	Screen (0) actual frame rate measured at 60.00Hz
4.9607 	EXP 	window1: recordFrameIntervals = False
4.9695 	DEBUG 	TextBox2 loaded 1 chars with 0 blanks and 1 valid
4.9710 	DEBUG 	TextBox2 loaded 1 chars with 0 blanks and 1 valid
4.9725 	DEBUG 	TextBox2 loaded 1 chars with 0 blanks and 1 valid
4.9744 	DEBUG 	TextBox2 loaded 1 chars with 0 blanks and 1 valid
4.9762 	DEBUG 	TextBox2 loaded 1 chars with 0 blanks and 1 valid
4.9780 	DEBUG 	TextBox2 loaded 1 chars with 0 blanks and 1 valid
4.9792 	DEBUG 	TextBox2 loaded 1 chars with 0 blanks and 1 valid
4.9809 	DEBUG 	TextBox2 loaded 1 chars with 0 blanks and 1 valid
4.9827 	DEBUG 	TextBox2 loaded 1 chars with 0 blanks and 1 valid
4.9844 	DEBUG 	TextBox2 loaded 1 chars with 0 blanks and 1 valid
4.9848 	DEBUG 	Uploading Texture Font fontname to graphics card
4.9862 	DEBUG 	Upload of Texture Font fontname complete
5.0120 	INFO 	keyboard.Keyboard is using ptb backend.
5.0120 	EXP 	misty_module: status = STARTED
5.0567 	EXP 	Created text = TextStim(__class__=<class 'psychopy.visual.text.TextStim'>, alignHoriz=method-wrapper(...), alignText='center', alignVert=method-wrapper(...), anchorHoriz='center', anchorVert='center', antialias=True, autoDraw=False, autoLog=True, bold=False, color=array([1., 1., 1.]), colorSpace='rgb', contrast=1.0, depth=0.0, draggable=False, flipHoriz=False, flipVert=False, font='Arial', fontFiles=[], height=np.float64(0.05), italic=False, languageStyle='LTR', name='text', opacity=1, ori=0.0, pos=array([0., 0.]), rgb=UNKNOWN, text=str(...), units='height', win=Window(...), wrapWidth=1)
5.1783 	EXP 	Created intstructs = TextStim(__class__=<class 'psychopy.visual.text.TextStim'>, alignHoriz=method-wrapper(...), alignText='center', alignVert=method-wrapper(...), anchorHoriz='center', anchorVert='center', antialias=True, autoDraw=False, autoLog=True, bold=False, color=array([1., 1., 1.]), colorSpace='rgb', contrast=1.0, depth=0.0, draggable=False, flipHoriz=False, flipVert=False, font='Arial', fontFiles=[], height=np.float64(0.05), italic=False, languageStyle='LTR', name='intstructs', opacity=1, ori=0.0, pos=array([0., 0.]), rgb=UNKNOWN, text=str(...), units='height', win=Window(...), wrapWidth=1)
5.1844 	EXP 	Created fix = TextStim(__class__=<class 'psychopy.visual.text.TextStim'>, alignHoriz=method-wrapper(...), alignText='center', alignVert=method-wrapper(...), anchorHoriz='center', anchorVert='center', antialias=True, autoDraw=False, autoLog=True, bold=False, color=array([1., 1., 1.]), colorSpace='rgb', contrast=1.0, depth=-1.0, draggable=False, flipHoriz=False, flipVert=False, font='Open Sans', fontFiles=[], height=np.float64(0.1), italic=False, languageStyle='LTR', name='fix', opacity=1, ori=0.0, pos=array([0., 0.]), rgb=UNKNOWN, text='+', units='height', win=Window(...), wrapWidth=1)
5.1873 	WARNING 	Font b'Arial' was requested. No similar font found.
5.1931 	WARNING 	Font b'Arial' was requested. No similar font found.
5.1959 	DEBUG 	TextBox2 loaded 1 chars with 0 blanks and 1 valid
5.1973 	DEBUG 	TextBox2 loaded 1 chars with 0 blanks and 1 valid
5.1986 	DEBUG 	TextBox2 loaded 1 chars with 0 blanks and 1 valid
5.1998 	DEBUG 	TextBox2 loaded 1 chars with 0 blanks and 1 valid
5.2005 	DEBUG 	TextBox2 loaded 1 chars with 0 blanks and 1 valid
5.2011 	DEBUG 	TextBox2 loaded 1 chars with 0 blanks and 1 valid
5.2024 	DEBUG 	TextBox2 loaded 1 chars with 0 blanks and 1 valid
5.2036 	DEBUG 	TextBox2 loaded 1 chars with 0 blanks and 1 valid
5.2043 	DEBUG 	TextBox2 loaded 1 chars with 0 blanks and 1 valid
5.2046 	DEBUG 	Uploading Texture Font fontname to graphics card
5.2094 	DEBUG 	Upload of Texture Font fontname complete
5.2276 	DEBUG 	TextBox2 loaded 1 chars with 0 blanks and 1 valid
5.2279 	DEBUG 	Uploading Texture Font fontname to graphics card
5.2292 	DEBUG 	Upload of Texture Font fontname complete
5.2361 	DEBUG 	TextBox2 loaded 1 chars with 0 blanks and 1 valid
5.2372 	DEBUG 	TextBox2 loaded 1 chars with 0 blanks and 1 valid
5.2384 	DEBUG 	TextBox2 loaded 1 chars with 0 blanks and 1 valid
5.2394 	DEBUG 	TextBox2 loaded 1 chars with 0 blanks and 1 valid
5.2403 	DEBUG 	TextBox2 loaded 1 chars with 0 blanks and 1 valid
5.2412 	DEBUG 	TextBox2 loaded 1 chars with 0 blanks and 1 valid
5.2423 	DEBUG 	TextBox2 loaded 1 chars with 0 blanks and 1 valid
5.2433 	DEBUG 	TextBox2 loaded 1 chars with 0 blanks and 1 valid
5.2443 	DEBUG 	TextBox2 loaded 1 chars with 0 blanks and 1 valid
5.2453 	DEBUG 	TextBox2 loaded 1 chars with 0 blanks and 1 valid
5.2456 	DEBUG 	Uploading Texture Font fontname to graphics card
5.2467 	DEBUG 	Upload of Texture Font fontname complete
5.2533 	DEBUG 	TextBox2 loaded 1 chars with 0 blanks and 1 valid
5.2536 	DEBUG 	Uploading Texture Font fontname to graphics card
5.2580 	DEBUG 	Upload of Texture Font fontname complete
5.2708 	DEBUG 	TextBox2 loaded 1 chars with 0 blanks and 1 valid
5.2711 	DEBUG 	Uploading Texture Font fontname to graphics card
5.2722 	DEBUG 	Upload of Texture Font fontname complete
5.2849 	DEBUG 	TextBox2 loaded 1 chars with 0 blanks and 1 valid
5.2851 	DEBUG 	Uploading Texture Font fontname to graphics card
5.2862 	DEBUG 	Upload of Texture Font fontname complete
5.2990 	DEBUG 	TextBox2 loaded 1 chars with 0 blanks and 1 valid
5.2992 	DEBUG 	Uploading Texture Font fontname to graphics card
5.3003 	DEBUG 	Upload of Texture Font fontname complete
5.3128 	DEBUG 	TextBox2 loaded 1 chars with 0 blanks and 1 valid
5.3131 	DEBUG 	Uploading Texture Font fontname to graphics card
5.3142 	DEBUG 	Upload of Texture Font fontname complete
5.3269 	DEBUG 	TextBox2 loaded 1 chars with 0 blanks and 1 valid
5.3271 	DEBUG 	Uploading Texture Font fontname to graphics card
5.3282 	DEBUG 	Upload of Texture Font fontname complete
5.3408 	DEBUG 	TextBox2 loaded 1 chars with 0 blanks and 1 valid
5.3411 	DEBUG 	Uploading Texture Font fontname to graphics card
5.3421 	DEBUG 	Upload of Texture Font fontname complete
5.3548 	DEBUG 	TextBox2 loaded 1 chars with 0 blanks and 1 valid
5.3551 	DEBUG 	Uploading Texture Font fontname to graphics card
5.3561 	DEBUG 	Upload of Texture Font fontname complete
5.3687 	DEBUG 	TextBox2 loaded 1 chars with 0 blanks and 1 valid
5.3690 	DEBUG 	Uploading Texture Font fontname to graphics card
5.3701 	DEBUG 	Upload of Texture Font fontname complete
5.4345 	EXP 	Created slider_3 = Slider(__class__=<class 'psychopy.visual.slider.Slider'>, autoDraw=False, autoLog=True, borderColor=None, color=None, colorSpace='rgb', depth=-2, fillColor=None, flip=False, font='Noto Sans', granularity=1, labelColor=None, labelHeight=np.float64(0.05), labelWrapWidth=None, labels=(0, 1, 2, 3, 4, 5, 6, 7, 8, 9), lineColor=None, markerColor=None, name='slider_3', opacity=None, ori=0.0, pos=array([ 0. , -0.4]), readOnly=False, self=UNKNOWN, size=array([1. , 0.1]), startValue=None, style='choice', styleTweaks=[], ticks=array([0, 1, 2, 3, 4, 5, 6, 7, 8, 9]), units='norm', win=Window(...))
5.4376 	WARNING 	Font b'Arial' was requested. No similar font found.
5.4436 	WARNING 	Font b'Arial' was requested. No similar font found.
5.4511 	EXP 	Created text_2 = TextStim(__class__=<class 'psychopy.visual.text.TextStim'>, alignHoriz=method-wrapper(...), alignText='center', alignVert=method-wrapper(...), anchorHoriz='center', anchorVert='center', antialias=True, autoDraw=False, autoLog=True, bold=False, color=array([1., 1., 1.]), colorSpace='rgb', contrast=1.0, depth=0.0, draggable=False, flipHoriz=False, flipVert=False, font='Arial', fontFiles=[], height=np.float64(0.05), italic=False, languageStyle='LTR', name='text_2', opacity=1, ori=0.0, pos=array([0., 0.]), rgb=UNKNOWN, text=str(...), units='height', win=Window(...), wrapWidth=1)
5.4533 	EXP 	Created fix = TextStim(__class__=<class 'psychopy.visual.text.TextStim'>, alignHoriz=method-wrapper(...), alignText='center', alignVert=method-wrapper(...), anchorHoriz='center', anchorVert='center', antialias=True, autoDraw=False, autoLog=True, bold=False, color=array([1., 1., 1.]), colorSpace='rgb', contrast=1.0, depth=-1.0, draggable=False, flipHoriz=False, flipVert=False, font='Open Sans', fontFiles=[], height=np.float64(0.1), italic=False, languageStyle='LTR', name='fix', opacity=1, ori=0.0, pos=array([0., 0.]), rgb=UNKNOWN, text='+', units='height', win=Window(...), wrapWidth=1)
5.4566 	EXP 	Created prog_3 = Progress(__class__=<class 'psychopy.visual.progress.Progress'>, anchor=('left', 'top'), autoDraw=False, autoLog=True, closeShape=True, color=method-wrapper(...), colorSpace='rgb', contrast=None, depth=-1, draggable=False, fillColor=array([-1.    ,  0.5373, -1.    ]), fillColorSpace='rgb', fillRGB=array([-1.    ,  0.5373, -1.    ]), interpolate=True, lineColor=array([1., 1., 1.]), lineColorSpace='rgb', lineRGB=array([1, 1, 1]), lineWidth=4.0, name='prog_3', opacity=1.0, ori=0.0, pos=array([-0.5,  0.5]), size=array([1. , 0.1]), units='norm', vertices=ndarray(...), win=Window(...), windingRule=None)
5.4589 	EXP 	Created prog_3Bar = ShapeStim(__class__=<class 'psychopy.visual.shape.ShapeStim'>, anchor=('left', 'top'), autoDraw=False, autoLog=True, closeShape=True, color=method-wrapper(...), colorSpace='rgb', contrast=None, depth=-1, draggable=False, fillColor=array([ 1., -1., -1.]), fillColorSpace='rgb', fillRGB=array([ 1., -1., -1.]), interpolate=True, lineColor=array([0., 0., 0.]), lineColorSpace='rgb', lineRGB=array([0, 0, 0]), lineWidth=1.5, name='prog_3Bar', opacity=1.0, ori=0.0, pos=array([-0.5,  0.5]), size=array([1. , 0.1]), units='norm', vertices=ndarray(...), win=Window(...), windingRule=None)
5.4609 	EXP 	Created greenbar_3 = Rect(__class__=<class 'psychopy.visual.rect.Rect'>, anchor=('left', 'center'), autoDraw=False, autoLog=True, closeShape=True, color=method-wrapper(...), colorSpace='rgb', contrast=None, depth=-2.0, draggable=False, fillColor=array([-1.    ,  0.0039, -1.    ]), fillColorSpace='rgb', fillRGB=array([-1.    ,  0.0039, -1.    ]), interpolate=True, lineColor=array([1., 1., 1.]), lineColorSpace='rgb', lineRGB=array([1, 1, 1]), lineWidth=1.0, name='greenbar_3', opacity=1, ori=0.0, pos=array([0.33333333, 0.7       ]), size=array([0.66666667, 0.1       ]), units='norm', vertices=ndarray(...), win=Window(...))
5.4627 	EXP 	Created yellowbar_3 = Rect(__class__=<class 'psychopy.visual.rect.Rect'>, anchor=('left', 'center'), autoDraw=False, autoLog=True, closeShape=True, color=method-wrapper(...), colorSpace='rgb', contrast=None, depth=-3.0, draggable=False, fillColor=array([ 1.,  1., -1.]), fillColorSpace='rgb', fillRGB=array([ 1.,  1., -1.]), interpolate=True, lineColor=array([1., 1., 1.]), lineColorSpace='rgb', lineRGB=array([1, 1, 1]), lineWidth=1.0, name='yellowbar_3', opacity=1, ori=0.0, pos=array([-0.33333333,  0.7       ]), size=array([0.66666667, 0.1       ]), units='norm', vertices=ndarray(...), win=Window(...))
5.4646 	EXP 	Created redbar_3 = Rect(__class__=<class 'psychopy.visual.rect.Rect'>, anchor=('left', 'center'), autoDraw=False, autoLog=True, closeShape=True, color=method-wrapper(...), colorSpace='rgb', contrast=None, depth=-4.0, draggable=False, fillColor=array([ 1., -1., -1.]), fillColorSpace='rgb', fillRGB=array([ 1., -1., -1.]), interpolate=True, lineColor=array([1., 1., 1.]), lineColorSpace='rgb', lineRGB=array([1, 1, 1]), lineWidth=1.0, name='redbar_3', opacity=1, ori=0.0, pos=array([-1. ,  0.7]), size=array([0.66666667, 0.1       ]), units='norm', vertices=ndarray(...), win=Window(...))
5.4670 	EXP 	Created arrow_3 = ShapeStim(__class__=<class 'psychopy.visual.shape.ShapeStim'>, anchor=('center', 'center'), autoDraw=False, autoLog=True, closeShape=True, color=method-wrapper(...), colorSpace='rgb', contrast=None, depth=-5.0, draggable=False, fillColor=array([1, 1, 1]), fillColorSpace='rgb', fillRGB=array([1, 1, 1]), interpolate=True, lineColor=array([1., 1., 1.]), lineColorSpace='rgb', lineRGB=array([1, 1, 1]), lineWidth=1.0, name='arrow_3', opacity=1, ori=0.0, pos=array([0., 0.]), size=array([0.05, 0.05]), units='norm', vertices=ndarray(...), win=Window(...), windingRule=None)
5.4697 	WARNING 	Font b'Arial' was requested. No similar font found.
5.4750 	WARNING 	Font b'Arial' was requested. No similar font found.
5.6559 	EXP 	Created slider_4 = Slider(__class__=<class 'psychopy.visual.slider.Slider'>, autoDraw=False, autoLog=True, borderColor=None, color=None, colorSpace='rgb', depth=-7, fillColor=None, flip=False, font='Noto Sans', granularity=1, labelColor=None, labelHeight=np.float64(0.05), labelWrapWidth=None, labels=(0, 1, 2, 3, 4, 5, 6, 7, 8, 9), lineColor=None, markerColor=None, name='slider_4', opacity=None, ori=0.0, pos=array([ 0. , -0.4]), readOnly=False, self=UNKNOWN, size=array([1. , 0.1]), startValue=None, style='choice', styleTweaks=[], ticks=array([0, 1, 2, 3, 4, 5, 6, 7, 8, 9]), units='norm', win=Window(...))
5.6590 	WARNING 	Font b'Arial' was requested. No similar font found.
5.6651 	WARNING 	Font b'Arial' was requested. No similar font found.
5.6715 	EXP 	Created text_3 = TextStim(__class__=<class 'psychopy.visual.text.TextStim'>, alignHoriz=method-wrapper(...), alignText='center', alignVert=method-wrapper(...), anchorHoriz='center', anchorVert='center', antialias=True, autoDraw=False, autoLog=True, bold=False, color=array([1., 1., 1.]), colorSpace='rgb', contrast=1.0, depth=0.0, draggable=False, flipHoriz=False, flipVert=False, font='Arial', fontFiles=[], height=np.float64(0.05), italic=False, languageStyle='LTR', name='text_3', opacity=1, ori=0.0, pos=array([0., 0.]), rgb=UNKNOWN, text='Training instructions here', units='height', win=Window(...), wrapWidth=1)
5.6737 	EXP 	Created fix = TextStim(__class__=<class 'psychopy.visual.text.TextStim'>, alignHoriz=method-wrapper(...), alignText='center', alignVert=method-wrapper(...), anchorHoriz='center', anchorVert='center', antialias=True, autoDraw=False, autoLog=True, bold=False, color=array([1., 1., 1.]), colorSpace='rgb', contrast=1.0, depth=-1.0, draggable=False, flipHoriz=False, flipVert=False, font='Open Sans', fontFiles=[], height=np.float64(0.1), italic=False, languageStyle='LTR', name='fix', opacity=1, ori=0.0, pos=array([0., 0.]), rgb=UNKNOWN, text='+', units='height', win=Window(...), wrapWidth=1)
5.6765 	WARNING 	Font b'Arial' was requested. No similar font found.
5.6817 	WARNING 	Font b'Arial' was requested. No similar font found.
5.8624 	EXP 	Created slider_training = Slider(__class__=<class 'psychopy.visual.slider.Slider'>, autoDraw=False, autoLog=True, borderColor=None, color=None, colorSpace='rgb', depth=-2, fillColor=None, flip=False, font='Noto Sans', granularity=1, labelColor=None, labelHeight=np.float64(0.05), labelWrapWidth=None, labels=(0, 1, 2, 3, 4, 5, 6, 7, 8, 9), lineColor=None, markerColor=None, name='slider_training', opacity=None, ori=0.0, pos=array([ 0. , -0.4]), readOnly=False, self=UNKNOWN, size=array([1. , 0.1]), startValue=None, style='choice', styleTweaks=[], ticks=array([0, 1, 2, 3, 4, 5, 6, 7, 8, 9]), units='norm', win=Window(...))
5.8652 	WARNING 	Font b'Arial' was requested. No similar font found.
5.8705 	WARNING 	Font b'Arial' was requested. No similar font found.
5.8756 	EXP 	Created fix = TextStim(__class__=<class 'psychopy.visual.text.TextStim'>, alignHoriz=method-wrapper(...), alignText='center', alignVert=method-wrapper(...), anchorHoriz='center', anchorVert='center', antialias=True, autoDraw=False, autoLog=True, bold=False, color=array([1., 1., 1.]), colorSpace='rgb', contrast=1.0, depth=-1.0, draggable=False, flipHoriz=False, flipVert=False, font='Open Sans', fontFiles=[], height=np.float64(0.1), italic=False, languageStyle='LTR', name='fix', opacity=1, ori=0.0, pos=array([0., 0.]), rgb=UNKNOWN, text='+', units='height', win=Window(...), wrapWidth=1)
5.8780 	EXP 	Created prog = Progress(__class__=<class 'psychopy.visual.progress.Progress'>, anchor=('left', 'top'), autoDraw=False, autoLog=True, closeShape=True, color=method-wrapper(...), colorSpace='rgb', contrast=None, depth=-1, draggable=False, fillColor=array([-1.    ,  0.5373, -1.    ]), fillColorSpace='rgb', fillRGB=array([-1.    ,  0.5373, -1.    ]), interpolate=True, lineColor=array([1., 1., 1.]), lineColorSpace='rgb', lineRGB=array([1, 1, 1]), lineWidth=4.0, name='prog', opacity=1.0, ori=0.0, pos=array([-0.5,  0.5]), size=array([1. , 0.1]), units='norm', vertices=ndarray(...), win=Window(...), windingRule=None)
5.8802 	EXP 	Created progBar = ShapeStim(__class__=<class 'psychopy.visual.shape.ShapeStim'>, anchor=('left', 'top'), autoDraw=False, autoLog=True, closeShape=True, color=method-wrapper(...), colorSpace='rgb', contrast=None, depth=-1, draggable=False, fillColor=array([ 1., -1., -1.]), fillColorSpace='rgb', fillRGB=array([ 1., -1., -1.]), interpolate=True, lineColor=array([0., 0., 0.]), lineColorSpace='rgb', lineRGB=array([0, 0, 0]), lineWidth=1.5, name='progBar', opacity=1.0, ori=0.0, pos=array([-0.5,  0.5]), size=array([1. , 0.1]), units='norm', vertices=ndarray(...), win=Window(...), windingRule=None)
5.8822 	EXP 	Created greenbar = Rect(__class__=<class 'psychopy.visual.rect.Rect'>, anchor=('left', 'center'), autoDraw=False, autoLog=True, closeShape=True, color=method-wrapper(...), colorSpace='rgb', contrast=None, depth=-2.0, draggable=False, fillColor=array([-1.    ,  0.0039, -1.    ]), fillColorSpace='rgb', fillRGB=array([-1.    ,  0.0039, -1.    ]), interpolate=True, lineColor=array([1., 1., 1.]), lineColorSpace='rgb', lineRGB=array([1, 1, 1]), lineWidth=1.0, name='greenbar', opacity=1, ori=0.0, pos=array([0.33333333, 0.7       ]), size=array([0.66666667, 0.1       ]), units='norm', vertices=ndarray(...), win=Window(...))
5.8841 	EXP 	Created yellowbar = Rect(__class__=<class 'psychopy.visual.rect.Rect'>, anchor=('left', 'center'), autoDraw=False, autoLog=True, closeShape=True, color=method-wrapper(...), colorSpace='rgb', contrast=None, depth=-3.0, draggable=False, fillColor=array([ 1.,  1., -1.]), fillColorSpace='rgb', fillRGB=array([ 1.,  1., -1.]), interpolate=True, lineColor=array([1., 1., 1.]), lineColorSpace='rgb', lineRGB=array([1, 1, 1]), lineWidth=1.0, name='yellowbar', opacity=1, ori=0.0, pos=array([-0.33333333,  0.7       ]), size=array([0.66666667, 0.1       ]), units='norm', vertices=ndarray(...), win=Window(...))
5.8859 	EXP 	Created redbar = Rect(__class__=<class 'psychopy.visual.rect.Rect'>, anchor=('left', 'center'), autoDraw=False, autoLog=True, closeShape=True, color=method-wrapper(...), colorSpace='rgb', contrast=None, depth=-4.0, draggable=False, fillColor=array([ 1., -1., -1.]), fillColorSpace='rgb', fillRGB=array([ 1., -1., -1.]), interpolate=True, lineColor=array([1., 1., 1.]), lineColorSpace='rgb', lineRGB=array([1, 1, 1]), lineWidth=1.0, name='redbar', opacity=1, ori=0.0, pos=array([-1. ,  0.7]), size=array([0.66666667, 0.1       ]), units='norm', vertices=ndarray(...), win=Window(...))
5.8882 	EXP 	Created arrow = ShapeStim(__class__=<class 'psychopy.visual.shape.ShapeStim'>, anchor=('center', 'center'), autoDraw=False, autoLog=True, closeShape=True, color=method-wrapper(...), colorSpace='rgb', contrast=None, depth=-5.0, draggable=False, fillColor=array([1, 1, 1]), fillColorSpace='rgb', fillRGB=array([1, 1, 1]), interpolate=True, lineColor=array([1., 1., 1.]), lineColorSpace='rgb', lineRGB=array([1, 1, 1]), lineWidth=1.0, name='arrow', opacity=1, ori=0.0, pos=array([0., 0.]), size=array([0.05, 0.05]), units='norm', vertices=ndarray(...), win=Window(...), windingRule=None)
5.8909 	WARNING 	Font b'Arial' was requested. No similar font found.
5.8960 	WARNING 	Font b'Arial' was requested. No similar font found.
6.0782 	EXP 	Created slider = Slider(__class__=<class 'psychopy.visual.slider.Slider'>, autoDraw=False, autoLog=True, borderColor=None, color=None, colorSpace='rgb', depth=-7, fillColor=None, flip=False, font='Noto Sans', granularity=1, labelColor=None, labelHeight=np.float64(0.05), labelWrapWidth=None, labels=(0, 1, 2, 3, 4, 5, 6, 7, 8, 9), lineColor=None, markerColor=None, name='slider', opacity=None, ori=0.0, pos=array([ 0. , -0.4]), readOnly=False, self=UNKNOWN, size=array([1. , 0.1]), startValue=None, style='choice', styleTweaks=[], ticks=array([0, 1, 2, 3, 4, 5, 6, 7, 8, 9]), units='norm', win=Window(...))
6.0810 	WARNING 	Font b'Arial' was requested. No similar font found.
6.0864 	WARNING 	Font b'Arial' was requested. No similar font found.
0.0071 	EXP 	textbox_4: autoLog = True
0.0071 	EXP 	slider_3: autoLog = True
0.0071 	EXP 	slider_3: styleTweaks = []
0.0071 	EXP 	slider_3: styleTweaks = []
0.0071 	EXP 	slider_3: styleTweaks = []
0.0071 	EXP 	slider_3: styleTweaks = []
0.0071 	EXP 	slider_3: contrast = 1.0
0.0071 	EXP 	slider_3: markerPos = None
0.0071 	EXP 	slider_3: autoLog = True
0.0071 	EXP 	textbox_2: autoLog = True
0.0071 	EXP 	prog_3: direction = 'horizontal'
0.0071 	EXP 	prog_3: progress = 0.0
0.0071 	EXP 	textbox_5: autoLog = True
0.0071 	EXP 	slider_4: autoLog = True
0.0071 	EXP 	slider_4: styleTweaks = []
0.0071 	EXP 	slider_4: styleTweaks = []
0.0071 	EXP 	slider_4: styleTweaks = []
0.0071 	EXP 	slider_4: styleTweaks = []
0.0071 	EXP 	slider_4: contrast = 1.0
0.0071 	EXP 	slider_4: markerPos = None
0.0071 	EXP 	slider_4: autoLog = True
0.0071 	EXP 	textbox_2: autoLog = True
0.0071 	EXP 	textbox_3: autoLog = True
0.0071 	EXP 	slider_training: autoLog = True
0.0071 	EXP 	slider_training: styleTweaks = []
0.0071 	EXP 	slider_training: styleTweaks = []
0.0071 	EXP 	slider_training: styleTweaks = []
0.0071 	EXP 	slider_training: styleTweaks = []
0.0071 	EXP 	slider_training: contrast = 1.0
0.0071 	EXP 	slider_training: markerPos = None
0.0071 	EXP 	slider_training: autoLog = True
0.0071 	EXP 	textbox_2: autoLog = True
0.0071 	EXP 	prog: direction = 'horizontal'
0.0071 	EXP 	prog: progress = 0.0
0.0071 	EXP 	textbox: autoLog = True
0.0071 	EXP 	slider: autoLog = True
0.0071 	EXP 	slider: styleTweaks = []
0.0071 	EXP 	slider: styleTweaks = []
0.0071 	EXP 	slider: styleTweaks = []
0.0071 	EXP 	slider: styleTweaks = []
0.0071 	EXP 	slider: contrast = 1.0
0.0071 	EXP 	slider: markerPos = None
0.0071 	EXP 	slider: autoLog = True
0.0071 	EXP 	textbox_2: autoLog = True
0.0227 	INFO 	Keyboard events cleared
0.0226 	EXP 	text: autoDraw = True
2.3418 	EXP 	Device response: <KeyPress from None: t=2.3301761150360107, value=l, duration=None>
2.3423 	DATA 	Keypress: l
2.3563 	INFO 	Keyboard events cleared
2.3562 	EXP 	text: autoDraw = False
2.3562 	EXP 	intstructs: autoDraw = True
2.4250 	EXP 	Device response: <KeyPress from None: t=2.3301761150360107, value=l, duration=0.09160280227661133>
2.9751 	EXP 	Device response: <KeyPress from None: t=2.9591033458709717, value=space, duration=None>
2.9752 	DATA 	Keypress: space
2.9894 	EXP 	intstructs: autoDraw = False
2.9894 	EXP 	text_2: autoDraw = True
3.0585 	EXP 	Device response: <KeyPress from None: t=2.9591033458709717, value=space, duration=0.0906980037689209>
4.9892 	EXP 	text_2: autoDraw = False
4.9892 	EXP 	text_2: autoDraw = False
4.9892 	EXP 	text_3: autoDraw = True
6.9801 	DEBUG 	Read csv file with pandas: training.csv
6.9816 	DEBUG 	Clearing unnamed columns from training.csv
6.9820 	EXP 	Imported training.csv as conditions, 5 conditions, 1 params
6.9823 	EXP 	New trial (rep=0, index=0): <Trial 0 (0 in rep 0) data={'train_diff': 'easy1', 'thisN': 0, 'thisTrialN': 0, 'thisRepN': 0}>
6.9876 	EXP 	New trial (rep=0, index=0): <Trial 0 (0 in rep 0) data={'thisN': 0, 'thisTrialN': 0, 'thisRepN': 0}>
7.0058 	EXP 	text_3: autoDraw = False
7.0058 	EXP 	text_3: autoDraw = False
7.0058 	EXP 	fix: autoDraw = True
7.4934 	DEBUG 	TextBox2 loaded 1 chars with 0 blanks and 1 valid
7.4949 	DEBUG 	TextBox2 loaded 1 chars with 0 blanks and 1 valid
7.4964 	DEBUG 	TextBox2 loaded 1 chars with 0 blanks and 1 valid
7.4975 	DEBUG 	TextBox2 loaded 1 chars with 0 blanks and 1 valid
7.4987 	DEBUG 	TextBox2 loaded 1 chars with 0 blanks and 1 valid
7.4990 	DEBUG 	Uploading Texture Font fontname to graphics card
7.5002 	DEBUG 	Upload of Texture Font fontname complete
7.5382 	INFO 	Keyboard events cleared
7.5380 	EXP 	fix: autoDraw = False
7.5380 	EXP 	slider_training: markerPos = None
7.5380 	EXP 	slider_training: markerPos = None
7.5380 	EXP 	textbox_3: autoDraw = True
7.5380 	EXP 	slider_training: autoDraw = True
9.9912 	DATA 	Keypress: 9
10.0070 	EXP 	Device response: <KeyPress from None: t=9.985478401184082, value=9, duration=None>
10.0098 	DEBUG 	TextBox2 loaded 1 chars with 0 blanks and 1 valid
10.0111 	DEBUG 	TextBox2 loaded 1 chars with 0 blanks and 1 valid
10.0123 	DEBUG 	TextBox2 loaded 1 chars with 0 blanks and 1 valid
10.0135 	DEBUG 	TextBox2 loaded 1 chars with 0 blanks and 1 valid
10.0144 	DEBUG 	TextBox2 loaded 1 chars with 0 blanks and 1 valid
10.0147 	DEBUG 	Uploading Texture Font fontname to graphics card
10.0158 	DEBUG 	Upload of Texture Font fontname complete
10.0226 	EXP 	textbox_3: autoDraw = False
10.0226 	EXP 	slider_training: autoDraw = False
10.0226 	EXP 	textbox_2: autoDraw = True
10.1248 	EXP 	Device response: <KeyPress from None: t=9.985478401184082, value=9, duration=0.13265419006347656>
11.0082 	EXP 	New trial (rep=1, index=0): <Trial 1 (0 in rep 1) data={'thisN': 1, 'thisTrialN': 0, 'thisRepN': 1}>
11.0226 	EXP 	textbox_2: autoDraw = False
11.0226 	EXP 	fix: autoDraw = True
11.5102 	DEBUG 	TextBox2 loaded 1 chars with 0 blanks and 1 valid
11.5110 	DEBUG 	TextBox2 loaded 1 chars with 0 blanks and 1 valid
11.5124 	DEBUG 	TextBox2 loaded 1 chars with 0 blanks and 1 valid
11.5127 	DEBUG 	Uploading Texture Font fontname to graphics card
11.5139 	DEBUG 	Upload of Texture Font fontname complete
11.5382 	INFO 	Keyboard events cleared
11.5380 	EXP 	fix: autoDraw = False
11.5380 	EXP 	slider_training: markerPos = None
11.5380 	EXP 	slider_training: markerPos = None
11.5380 	EXP 	textbox_3: autoDraw = True
11.5380 	EXP 	slider_training: autoDraw = True
13.8080 	DATA 	Keypress: 2
13.8237 	EXP 	Device response: <KeyPress from None: t=13.800526142120361, value=2, duration=None>
13.8392 	EXP 	textbox_3: autoDraw = False
13.8392 	EXP 	slider_training: autoDraw = False
13.8392 	EXP 	textbox_2: autoDraw = True
13.9748 	EXP 	Device response: <KeyPress from None: t=13.800526142120361, value=2, duration=0.15772294998168945>
14.8249 	EXP 	New trial (rep=2, index=0): <Trial 2 (0 in rep 2) data={'thisN': 2, 'thisTrialN': 0, 'thisRepN': 2}>
14.8392 	EXP 	textbox_2: autoDraw = False
14.8392 	EXP 	fix: autoDraw = True
15.3548 	INFO 	Keyboard events cleared
15.3546 	EXP 	fix: autoDraw = False
15.3546 	EXP 	slider_training: markerPos = None
15.3546 	EXP 	slider_training: markerPos = None
15.3546 	EXP 	textbox_3: autoDraw = True
15.3546 	EXP 	slider_training: autoDraw = True
18.8252 	DATA 	Keypress: 4
18.8407 	EXP 	Device response: <KeyPress from None: t=18.823781728744507, value=4, duration=None>
18.8558 	EXP 	textbox_3: autoDraw = False
18.8558 	EXP 	slider_training: autoDraw = False
18.8558 	EXP 	textbox_2: autoDraw = True
18.9247 	EXP 	Device response: <KeyPress from None: t=18.823781728744507, value=4, duration=0.09861898422241211>
19.6750 	EXP 	Device response: <KeyPress from None: t=19.67266297340393, value=escape, duration=None>
19.6775 	DATA 	Keypress: escape
19.8090 	EXP 	Device response: <KeyPress from None: t=19.67266297340393, value=escape, duration=0.12081599235534668>
19.8091 	EXP 	misty_module: status = STOPPED
19.8223 	EXP 	textbox_2: autoDraw = False
19.8253 	EXP 	misty_module: status = STOPPED
19.8339 	INFO 	saved data to '/home/hackerman/misty_py/data/pilot_misty_module_2026-01-29_18h34.47.497.csv'
19.8362 	INFO 	saved data to /home/hackerman/misty_py/data/pilot_misty_module_2026-01-29_18h34.47.497.psydat
19.9919 	DEBUG 	Saving data for misty_module ExperimentHandler
19.9990 	WARNING 	Stopping key buffers but this could be dangerous ifother keyboards rely on the same.
